Running: parse_pdf
Raw PDF conversion timings:
{
  "pipeline_total": {
    "scope": "document",
    "count": 1,
    "times": [
      0.8385346867144108
    ],
    "start_timestamps": [
      "2026-07-23 17:03:00.126474+00:00"
    ]
  },
  "page_parse": {
    "scope": "page",
    "count": 1,
    "times": [
      0.17004713509231806
    ],
    "start_timestamps": [
      "2026-07-23 17:03:00.130049+00:00"
    ]
  },
  "ocr": {
    "scope": "page",
    "count": 1,
    "times": [
      0.598110992461443
    ],
    "start_timestamps": [
      "2026-07-23 17:03:00.300206+00:00"
    ]
  },
  "layout": {
    "scope": "page",
    "count": 1,
    "times": [
      0.05270075332373381
    ],
    "start_timestamps": [
      "2026-07-23 17:03:00.898539+00:00"
    ]
  },
  "table_structure": {
    "scope": "page",
    "count": 1,
    "times": [
      1.759268343448639e-05
    ],
    "start_timestamps": [
      "2026-07-23 17:03:00.959986+00:00"
    ]
  },
  "page_assemble": {
    "scope": "page",
    "count": 1,
    "times": [
      0.00016813725233078003
    ],
    "start_timestamps": [
      "2026-07-23 17:03:00.960098+00:00"
    ]
  },
  "doc_assemble": {
    "scope": "document",
    "count": 1,
    "times": [
      0.004281786270439625
    ],
    "start_timestamps": [
      "2026-07-23 17:03:00.960445+00:00"
    ]
  },
  "reading_order": {
    "scope": "document",
    "count": 1,
    "times": [
      0.003956332802772522
    ],
    "start_timestamps": [
      "2026-07-23 17:03:00.960472+00:00"
    ]
  },
  "doc_enrich": {
    "scope": "document",
    "count": 1,
    "times": [
      0.0002555903047323227
    ],
    "start_timestamps": [
      "2026-07-23 17:03:00.964748+00:00"
    ]
  }
}
All hyperlinked elements redacted in-memory.
Clean PDF conversion timings:
{
  "pipeline_total": {
    "scope": "document",
    "count": 1,
    "times": [
      0.8485477063804865
    ],
    "start_timestamps": [
      "2026-07-23 17:03:00.988375+00:00"
    ]
  },
  "page_parse": {
    "scope": "page",
    "count": 1,
    "times": [
      0.17377410642802715
    ],
    "start_timestamps": [
      "2026-07-23 17:03:00.991151+00:00"
    ]
  },
  "ocr": {
    "scope": "page",
    "count": 1,
    "times": [
      0.6069919224828482
    ],
    "start_timestamps": [
      "2026-07-23 17:03:01.165038+00:00"
    ]
  },
  "layout": {
    "scope": "page",
    "count": 1,
    "times": [
      0.050952665507793427
    ],
    "start_timestamps": [
      "2026-07-23 17:03:01.772263+00:00"
    ]
  },
  "table_structure": {
    "scope": "page",
    "count": 1,
    "times": [
      1.4006160199642181e-05
    ],
    "start_timestamps": [
      "2026-07-23 17:03:01.832119+00:00"
    ]
  },
  "page_assemble": {
    "scope": "page",
    "count": 1,
    "times": [
      0.00016663316637277603
    ],
    "start_timestamps": [
      "2026-07-23 17:03:01.832229+00:00"
    ]
  },
  "doc_assemble": {
    "scope": "document",
    "count": 1,
    "times": [
      0.004077812656760216
    ],
    "start_timestamps": [
      "2026-07-23 17:03:01.832559+00:00"
    ]
  },
  "reading_order": {
    "scope": "document",
    "count": 1,
    "times": [
      0.0037399856373667717
    ],
    "start_timestamps": [
      "2026-07-23 17:03:01.832585+00:00"
    ]
  },
  "doc_enrich": {
    "scope": "document",
    "count": 1,
    "times": [
      0.00025785528123378754
    ],
    "start_timestamps": [
      "2026-07-23 17:03:01.836660+00:00"
    ]
  }
}
Function parse_pdf took 1.7722 seconds to execute.
Running: get_tables
Function get_tables took 0.0000 seconds to execute.
Running: get_surrounding_paragraphs
Function get_surrounding_paragraphs took 0.0000 seconds to execute.
