Running: parse_pdf
Raw PDF conversion timings:
{
  "pipeline_total": {
    "scope": "document",
    "count": 1,
    "times": [
      8.679676169529557
    ],
    "start_timestamps": [
      "2026-07-23 19:42:21.473864+00:00"
    ]
  },
  "page_parse": {
    "scope": "page",
    "count": 9,
    "times": [
      0.11104126833379269,
      0.09825095254927874,
      0.11720652971416712,
      0.17381855193525553,
      0.16415997873991728,
      0.12183724157512188,
      0.14041937701404095,
      0.1699026133865118,
      0.12681228388100863
    ],
    "start_timestamps": [
      "2026-07-23 19:42:21.481576+00:00",
      "2026-07-23 19:42:21.592660+00:00",
      "2026-07-23 19:42:21.690954+00:00",
      "2026-07-23 19:42:21.808210+00:00",
      "2026-07-23 19:42:21.982070+00:00",
      "2026-07-23 19:42:22.146273+00:00",
      "2026-07-23 19:42:22.268162+00:00",
      "2026-07-23 19:42:22.408629+00:00",
      "2026-07-23 19:42:22.578578+00:00"
    ]
  },
  "ocr": {
    "scope": "page",
    "count": 9,
    "times": [
      1.2666463470086455,
      0.1483070682734251,
      0.6934809125959873,
      0.12789814732968807,
      1.4361619930714369,
      1.5320849232375622,
      0.9349892111495137,
      0.1310106534510851,
      0.12794909346848726
    ],
    "start_timestamps": [
      "2026-07-23 19:42:21.592994+00:00",
      "2026-07-23 19:42:22.859698+00:00",
      "2026-07-23 19:42:23.008014+00:00",
      "2026-07-23 19:42:23.701512+00:00",
      "2026-07-23 19:42:23.829420+00:00",
      "2026-07-23 19:42:25.265600+00:00",
      "2026-07-23 19:42:26.797700+00:00",
      "2026-07-23 19:42:27.732704+00:00",
      "2026-07-23 19:42:27.863724+00:00"
    ]
  },
  "layout": {
    "scope": "page",
    "count": 2,
    "times": [
      0.07252177875488997,
      0.0978029491379857
    ],
    "start_timestamps": [
      "2026-07-23 19:42:22.859788+00:00",
      "2026-07-23 19:42:27.991905+00:00"
    ]
  },
  "table_structure": {
    "scope": "page",
    "count": 9,
    "times": [
      2.0468607544898987e-05,
      2.9996037483215332e-05,
      1.1070631444454193e-05,
      8.195638656616211e-06,
      6.42240047454834e-06,
      9.687617421150208e-06,
      8.566305041313171e-06,
      9.217299520969391e-06,
      9.498558938503265e-06
    ],
    "start_timestamps": [
      "2026-07-23 19:42:22.997351+00:00",
      "2026-07-23 19:42:28.690846+00:00",
      "2026-07-23 19:42:28.690882+00:00",
      "2026-07-23 19:42:28.690897+00:00",
      "2026-07-23 19:42:28.690909+00:00",
      "2026-07-23 19:42:28.690951+00:00",
      "2026-07-23 19:42:28.690965+00:00",
      "2026-07-23 19:42:28.690977+00:00",
      "2026-07-23 19:42:28.690992+00:00"
    ]
  },
  "page_assemble": {
    "scope": "page",
    "count": 9,
    "times": [
      0.0033555347472429276,
      0.0005368199199438095,
      0.001577458344399929,
      0.0007004262879490852,
      0.0012335004284977913,
      0.0013553397729992867,
      0.0015326039865612984,
      0.011837061494588852,
      0.014359899796545506
    ],
    "start_timestamps": [
      "2026-07-23 19:42:22.997438+00:00",
      "2026-07-23 19:42:28.691063+00:00",
      "2026-07-23 19:42:28.691629+00:00",
      "2026-07-23 19:42:28.693229+00:00",
      "2026-07-23 19:42:28.693950+00:00",
      "2026-07-23 19:42:28.695205+00:00",
      "2026-07-23 19:42:28.696579+00:00",
      "2026-07-23 19:42:28.698136+00:00",
      "2026-07-23 19:42:28.709998+00:00"
    ]
  },
  "doc_assemble": {
    "scope": "document",
    "count": 1,
    "times": [
      0.04530243203043938
    ],
    "start_timestamps": [
      "2026-07-23 19:42:28.724548+00:00"
    ]
  },
  "reading_order": {
    "scope": "document",
    "count": 1,
    "times": [
      0.0447859913110733
    ],
    "start_timestamps": [
      "2026-07-23 19:42:28.724662+00:00"
    ]
  },
  "doc_enrich": {
    "scope": "document",
    "count": 1,
    "times": [
      1.3836524588987231
    ],
    "start_timestamps": [
      "2026-07-23 19:42:28.769875+00:00"
    ]
  }
}
All hyperlinked elements redacted in-memory.
--- Logging error ---
Traceback (most recent call last):
  File "/mnt/iusers01/fatpou01/chem02/b07755hv/.local/lib/python3.12/site-packages/rapidocr/main.py", line 130, in run_ocr_steps
    cropped_img_list, det_res = self.detect_and_crop(img, op_record)
                                ^^^^^^^^^^^^^^^^^^^^^^^^^^^^^^^^^^^^
  File "/mnt/iusers01/fatpou01/chem02/b07755hv/.local/lib/python3.12/site-packages/rapidocr/main.py", line 298, in detect_and_crop
    raise RapidOCRError("The text detection result is empty")
rapidocr.main.RapidOCRError: The text detection result is empty

During handling of the above exception, another exception occurred:

Traceback (most recent call last):
  File "/mnt/iusers01/fatpou01/chem02/b07755hv/.conda/envs/env/lib/python3.12/logging/__init__.py", line 1163, in emit
    stream.write(msg + self.terminator)
  File "/mnt/iusers01/fatpou01/chem02/b07755hv/ChemistryExtract/src/chemstractor/lib/extractor.py", line 298, in write
    self.file.write(data)
ValueError: I/O operation on closed file.
Call stack:
  File "/mnt/iusers01/fatpou01/chem02/b07755hv/.conda/envs/env/lib/python3.12/threading.py", line 1030, in _bootstrap
    self._bootstrap_inner()
  File "/mnt/iusers01/fatpou01/chem02/b07755hv/.conda/envs/env/lib/python3.12/threading.py", line 1073, in _bootstrap_inner
    self.run()
  File "/mnt/iusers01/fatpou01/chem02/b07755hv/.conda/envs/env/lib/python3.12/threading.py", line 1010, in run
    self._target(*self._args, **self._kwargs)
  File "/mnt/iusers01/fatpou01/chem02/b07755hv/.local/lib/python3.12/site-packages/docling/pipeline/standard_pdf_pipeline.py", line 279, in _run
    processed = self._process_batch(batch)
  File "/mnt/iusers01/fatpou01/chem02/b07755hv/.local/lib/python3.12/site-packages/docling/pipeline/standard_pdf_pipeline.py", line 344, in _process_batch
    processed_pages = list(self.model(good[0].conv_res, pages))  # type: ignore[arg-type]
  File "/mnt/iusers01/fatpou01/chem02/b07755hv/.local/lib/python3.12/site-packages/docling/models/stages/ocr/rapid_ocr_model.py", line 491, in __call__
    result = self.reader(
  File "/mnt/iusers01/fatpou01/chem02/b07755hv/.local/lib/python3.12/site-packages/rapidocr/main.py", line 120, in __call__
    det_res, cls_res, rec_res, cropped_img_list = self.run_ocr_steps(img, op_record)
  File "/mnt/iusers01/fatpou01/chem02/b07755hv/.local/lib/python3.12/site-packages/rapidocr/main.py", line 132, in run_ocr_steps
    logger.warning(e)
Message: RapidOCRError('The text detection result is empty')
Arguments: ()
RapidOCR returned empty result!
Clean PDF conversion timings:
{
  "pipeline_total": {
    "scope": "document",
    "count": 1,
    "times": [
      8.665450452826917
    ],
    "start_timestamps": [
      "2026-07-23 19:42:30.692082+00:00"
    ]
  },
  "page_parse": {
    "scope": "page",
    "count": 9,
    "times": [
      0.1044972250238061,
      0.09550094697624445,
      0.10910826083272696,
      0.14067203272134066,
      0.2253751214593649,
      0.12122017238289118,
      0.10368683002889156,
      0.46265045553445816,
      0.08035729173570871
    ],
    "start_timestamps": [
      "2026-07-23 19:42:30.698821+00:00",
      "2026-07-23 19:42:30.803364+00:00",
      "2026-07-23 19:42:30.898904+00:00",
      "2026-07-23 19:42:31.008052+00:00",
      "2026-07-23 19:42:31.148773+00:00",
      "2026-07-23 19:42:31.374192+00:00",
      "2026-07-23 19:42:31.495455+00:00",
      "2026-07-23 19:42:31.599186+00:00",
      "2026-07-23 19:42:32.061876+00:00"
    ]
  },
  "ocr": {
    "scope": "page",
    "count": 9,
    "times": [
      1.5253343926742673,
      0.14294154290109873,
      0.6748971343040466,
      0.12817489821463823,
      1.3128178343176842,
      1.4538934966549277,
      0.9025513455271721,
      0.12630807515233755,
      0.12650861218571663
    ],
    "start_timestamps": [
      "2026-07-23 19:42:30.803675+00:00",
      "2026-07-23 19:42:32.329079+00:00",
      "2026-07-23 19:42:32.472029+00:00",
      "2026-07-23 19:42:33.146943+00:00",
      "2026-07-23 19:42:33.275127+00:00",
      "2026-07-23 19:42:34.587962+00:00",
      "2026-07-23 19:42:36.041874+00:00",
      "2026-07-23 19:42:36.944440+00:00",
      "2026-07-23 19:42:37.070758+00:00"
    ]
  },
  "layout": {
    "scope": "page",
    "count": 2,
    "times": [
      0.066273451782763,
      0.10791525710374117
    ],
    "start_timestamps": [
      "2026-07-23 19:42:32.329152+00:00",
      "2026-07-23 19:42:37.197466+00:00"
    ]
  },
  "table_structure": {
    "scope": "page",
    "count": 9,
    "times": [
      1.828465610742569e-05,
      2.497714012861252e-05,
      1.045968383550644e-05,
      1.2192875146865845e-05,
      6.41215592622757e-06,
      9.268522262573242e-06,
      7.82497227191925e-06,
      1.1270865797996521e-05,
      7.624737918376923e-06
    ],
    "start_timestamps": [
      "2026-07-23 19:42:32.439258+00:00",
      "2026-07-23 19:42:37.924486+00:00",
      "2026-07-23 19:42:37.924516+00:00",
      "2026-07-23 19:42:37.924541+00:00",
      "2026-07-23 19:42:37.924554+00:00",
      "2026-07-23 19:42:37.924600+00:00",
      "2026-07-23 19:42:37.924614+00:00",
      "2026-07-23 19:42:37.924626+00:00",
      "2026-07-23 19:42:37.924640+00:00"
    ]
  },
  "page_assemble": {
    "scope": "page",
    "count": 9,
    "times": [
      0.0005443338304758072,
      0.0003523826599121094,
      0.0010873964056372643,
      0.00032603275030851364,
      0.0005828170105814934,
      0.0006581991910934448,
      0.000708884559571743,
      0.004036454483866692,
      0.0002441098913550377
    ],
    "start_timestamps": [
      "2026-07-23 19:42:32.439329+00:00",
      "2026-07-23 19:42:37.924741+00:00",
      "2026-07-23 19:42:37.925126+00:00",
      "2026-07-23 19:42:37.926235+00:00",
      "2026-07-23 19:42:37.926580+00:00",
      "2026-07-23 19:42:37.927182+00:00",
      "2026-07-23 19:42:37.927858+00:00",
      "2026-07-23 19:42:37.928585+00:00",
      "2026-07-23 19:42:37.932643+00:00"
    ]
  },
  "doc_assemble": {
    "scope": "document",
    "count": 1,
    "times": [
      0.05181645881384611
    ],
    "start_timestamps": [
      "2026-07-23 19:42:37.933071+00:00"
    ]
  },
  "reading_order": {
    "scope": "document",
    "count": 1,
    "times": [
      0.05131626781076193
    ],
    "start_timestamps": [
      "2026-07-23 19:42:37.933180+00:00"
    ]
  },
  "doc_enrich": {
    "scope": "document",
    "count": 1,
    "times": [
      1.372607447206974
    ],
    "start_timestamps": [
      "2026-07-23 19:42:37.984911+00:00"
    ]
  }
}
Function parse_pdf took 17.9448 seconds to execute.
Running: get_tables
Function get_tables took 0.0001 seconds to execute.
Running: get_surrounding_paragraphs
Function get_surrounding_paragraphs took 0.0001 seconds to execute.
