Running: parse_pdf
Raw PDF conversion timings:
{
  "pipeline_total": {
    "scope": "document",
    "count": 1,
    "times": [
      45.11882020253688
    ],
    "start_timestamps": [
      "2026-07-23 18:49:21.208280+00:00"
    ]
  },
  "page_parse": {
    "scope": "page",
    "count": 8,
    "times": [
      0.09571823943406343,
      0.09470290783792734,
      0.09102224186062813,
      0.22194197215139866,
      0.25621093809604645,
      0.23245867434889078,
      0.12411537487059832,
      0.18429742194712162
    ],
    "start_timestamps": [
      "2026-07-23 18:49:21.213441+00:00",
      "2026-07-23 18:49:21.309198+00:00",
      "2026-07-23 18:49:21.403940+00:00",
      "2026-07-23 18:49:21.495001+00:00",
      "2026-07-23 18:49:21.716981+00:00",
      "2026-07-23 18:49:21.973236+00:00",
      "2026-07-23 18:49:22.205737+00:00",
      "2026-07-23 18:49:22.329893+00:00"
    ]
  },
  "ocr": {
    "scope": "page",
    "count": 8,
    "times": [
      0.1901747640222311,
      1.5203365702182055,
      0.12651062197983265,
      1.318255789577961,
      1.3222659658640623,
      1.2898344872519374,
      0.12255845405161381,
      0.12348278425633907
    ],
    "start_timestamps": [
      "2026-07-23 18:49:21.309474+00:00",
      "2026-07-23 18:49:21.499686+00:00",
      "2026-07-23 18:49:23.020039+00:00",
      "2026-07-23 18:49:23.146603+00:00",
      "2026-07-23 18:49:24.464875+00:00",
      "2026-07-23 18:49:25.787156+00:00",
      "2026-07-23 18:49:27.077007+00:00",
      "2026-07-23 18:49:27.199575+00:00"
    ]
  },
  "layout": {
    "scope": "page",
    "count": 3,
    "times": [
      0.05289153661578894,
      0.057178594172000885,
      0.07210305333137512
    ],
    "start_timestamps": [
      "2026-07-23 18:49:21.499785+00:00",
      "2026-07-23 18:49:23.146660+00:00",
      "2026-07-23 18:49:27.323212+00:00"
    ]
  },
  "table_structure": {
    "scope": "page",
    "count": 8,
    "times": [
      1.9045546650886536e-05,
      2.572871744632721e-05,
      0.6611501444131136,
      0.46792957931756973,
      2.1780841052532196e-05,
      1.0300427675247192e-05,
      1.4376826584339142e-05,
      1.6430392861366272e-05
    ],
    "start_timestamps": [
      "2026-07-23 18:49:21.595350+00:00",
      "2026-07-23 18:49:23.302771+00:00",
      "2026-07-23 18:49:23.302801+00:00",
      "2026-07-23 18:49:27.616617+00:00",
      "2026-07-23 18:49:28.084561+00:00",
      "2026-07-23 18:49:28.084586+00:00",
      "2026-07-23 18:49:28.084599+00:00",
      "2026-07-23 18:49:28.084758+00:00"
    ]
  },
  "page_assemble": {
    "scope": "page",
    "count": 8,
    "times": [
      0.0013625351712107658,
      0.00046417396515607834,
      0.0003231484442949295,
      0.0002796463668346405,
      0.00027341488748788834,
      0.00021477509289979935,
      0.006613265722990036,
      0.008049851283431053
    ],
    "start_timestamps": [
      "2026-07-23 18:49:21.595435+00:00",
      "2026-07-23 18:49:23.964144+00:00",
      "2026-07-23 18:49:23.964646+00:00",
      "2026-07-23 18:49:28.084853+00:00",
      "2026-07-23 18:49:28.085175+00:00",
      "2026-07-23 18:49:28.085469+00:00",
      "2026-07-23 18:49:28.085703+00:00",
      "2026-07-23 18:49:28.092345+00:00"
    ]
  },
  "doc_assemble": {
    "scope": "document",
    "count": 1,
    "times": [
      0.03291268367320299
    ],
    "start_timestamps": [
      "2026-07-23 18:49:28.100581+00:00"
    ]
  },
  "reading_order": {
    "scope": "document",
    "count": 1,
    "times": [
      0.03242089878767729
    ],
    "start_timestamps": [
      "2026-07-23 18:49:28.100692+00:00"
    ]
  },
  "doc_enrich": {
    "scope": "document",
    "count": 1,
    "times": [
      38.193548620678484
    ],
    "start_timestamps": [
      "2026-07-23 18:49:28.133517+00:00"
    ]
  }
}
PROCESSOR ERROR: Error in extract: code=4: only Gray, RGB, and CMYK colorspaces supported
PROCESSOR ERROR: Error in save_all: a bytes-like object is required, not 'NoneType'
