Running: parse_pdf
Raw PDF conversion timings:
{
  "pipeline_total": {
    "scope": "document",
    "count": 1,
    "times": [
      112.06424247380346
    ],
    "start_timestamps": [
      "2026-07-23 17:19:45.357369+00:00"
    ]
  },
  "page_parse": {
    "scope": "page",
    "count": 12,
    "times": [
      0.11707831732928753,
      0.12311108037829399,
      0.10914938524365425,
      0.30368004739284515,
      0.1624437803402543,
      0.17092788685113192,
      0.1639660643413663,
      0.1689805705100298,
      0.16916562896221876,
      0.15147930569946766,
      0.2004182329401374,
      0.1570839835330844
    ],
    "start_timestamps": [
      "2026-07-23 17:19:45.362700+00:00",
      "2026-07-23 17:19:45.479819+00:00",
      "2026-07-23 17:19:45.602971+00:00",
      "2026-07-23 17:19:45.712173+00:00",
      "2026-07-23 17:19:46.015897+00:00",
      "2026-07-23 17:19:46.178381+00:00",
      "2026-07-23 17:19:46.349357+00:00",
      "2026-07-23 17:19:46.513363+00:00",
      "2026-07-23 17:19:46.682417+00:00",
      "2026-07-23 17:19:46.851628+00:00",
      "2026-07-23 17:19:47.003152+00:00",
      "2026-07-23 17:19:47.203620+00:00"
    ]
  },
  "ocr": {
    "scope": "page",
    "count": 12,
    "times": [
      1.8896720223128796,
      0.1599031277000904,
      0.13937631994485855,
      1.0143856797367334,
      1.9236063128337264,
      0.9254755927249789,
      1.764315627515316,
      0.5004888586699963,
      0.8629485443234444,
      1.2619526628404856,
      0.13599839434027672,
      0.13172414992004633
    ],
    "start_timestamps": [
      "2026-07-23 17:19:45.480164+00:00",
      "2026-07-23 17:19:47.369917+00:00",
      "2026-07-23 17:19:47.529828+00:00",
      "2026-07-23 17:19:47.669214+00:00",
      "2026-07-23 17:19:48.683617+00:00",
      "2026-07-23 17:19:50.607238+00:00",
      "2026-07-23 17:19:51.532729+00:00",
      "2026-07-23 17:19:53.297064+00:00",
      "2026-07-23 17:19:53.797569+00:00",
      "2026-07-23 17:19:54.660533+00:00",
      "2026-07-23 17:19:55.922502+00:00",
      "2026-07-23 17:19:56.058509+00:00"
    ]
  },
  "layout": {
    "scope": "page",
    "count": 2,
    "times": [
      0.05475741717964411,
      0.12904719170182943
    ],
    "start_timestamps": [
      "2026-07-23 17:19:47.370003+00:00",
      "2026-07-23 17:19:56.190415+00:00"
    ]
  },
  "table_structure": {
    "scope": "page",
    "count": 12,
    "times": [
      2.4615786969661713e-05,
      3.914348781108856e-05,
      1.2292526662349701e-05,
      7.393769919872284e-06,
      7.203780114650726e-06,
      0.46111129876226187,
      1.900549978017807e-05,
      6.272457540035248e-06,
      5.589798092842102e-06,
      8.82614403963089e-06,
      9.026378393173218e-06,
      8.556060492992401e-06
    ],
    "start_timestamps": [
      "2026-07-23 17:19:47.515927+00:00",
      "2026-07-23 17:19:57.403372+00:00",
      "2026-07-23 17:19:57.403417+00:00",
      "2026-07-23 17:19:57.403434+00:00",
      "2026-07-23 17:19:57.403445+00:00",
      "2026-07-23 17:19:57.403491+00:00",
      "2026-07-23 17:19:57.864618+00:00",
      "2026-07-23 17:19:57.864640+00:00",
      "2026-07-23 17:19:57.864649+00:00",
      "2026-07-23 17:19:57.864820+00:00",
      "2026-07-23 17:19:57.864832+00:00",
      "2026-07-23 17:19:57.864845+00:00"
    ]
  },
  "page_assemble": {
    "scope": "page",
    "count": 12,
    "times": [
      0.0008139815181493759,
      0.001078018918633461,
      0.0008616503328084946,
      0.000673636794090271,
      0.00039303023368120193,
      0.00045863259583711624,
      0.00039867963641881943,
      0.0004312414675951004,
      0.0005423510447144508,
      0.0004736315459012985,
      0.001078188419342041,
      0.0006804903969168663
    ],
    "start_timestamps": [
      "2026-07-23 17:19:47.516018+00:00",
      "2026-07-23 17:19:57.406112+00:00",
      "2026-07-23 17:19:57.407222+00:00",
      "2026-07-23 17:19:57.408106+00:00",
      "2026-07-23 17:19:57.408802+00:00",
      "2026-07-23 17:19:57.864924+00:00",
      "2026-07-23 17:19:57.865452+00:00",
      "2026-07-23 17:19:57.865872+00:00",
      "2026-07-23 17:19:57.866324+00:00",
      "2026-07-23 17:19:57.866886+00:00",
      "2026-07-23 17:19:57.867379+00:00",
      "2026-07-23 17:19:57.868479+00:00"
    ]
  },
  "doc_assemble": {
    "scope": "document",
    "count": 1,
    "times": [
      0.08072540629655123
    ],
    "start_timestamps": [
      "2026-07-23 17:19:57.869365+00:00"
    ]
  },
  "reading_order": {
    "scope": "document",
    "count": 1,
    "times": [
      0.08014083560556173
    ],
    "start_timestamps": [
      "2026-07-23 17:19:57.869519+00:00"
    ]
  },
  "doc_enrich": {
    "scope": "document",
    "count": 1,
    "times": [
      99.47142856754363
    ],
    "start_timestamps": [
      "2026-07-23 17:19:57.950114+00:00"
    ]
  }
}
All hyperlinked elements redacted in-memory.
Clean PDF conversion timings:
{
  "pipeline_total": {
    "scope": "document",
    "count": 1,
    "times": [
      112.98169758543372
    ],
    "start_timestamps": [
      "2026-07-23 17:21:37.983422+00:00"
    ]
  },
  "page_parse": {
    "scope": "page",
    "count": 12,
    "times": [
      0.12131851818412542,
      0.12187622860074043,
      0.1059676893055439,
      0.18834823090583086,
      0.2135515995323658,
      0.14434804767370224,
      0.1818535989150405,
      0.1543124783784151,
      0.18410211987793446,
      0.1629412481561303,
      0.13760445546358824,
      0.08537213131785393
    ],
    "start_timestamps": [
      "2026-07-23 17:21:37.988787+00:00",
      "2026-07-23 17:21:38.110156+00:00",
      "2026-07-23 17:21:38.232074+00:00",
      "2026-07-23 17:21:38.338083+00:00",
      "2026-07-23 17:21:38.526483+00:00",
      "2026-07-23 17:21:38.740077+00:00",
      "2026-07-23 17:21:38.884467+00:00",
      "2026-07-23 17:21:39.066368+00:00",
      "2026-07-23 17:21:39.220722+00:00",
      "2026-07-23 17:21:39.404866+00:00",
      "2026-07-23 17:21:39.567854+00:00",
      "2026-07-23 17:21:39.705504+00:00"
    ]
  },
  "ocr": {
    "scope": "page",
    "count": 12,
    "times": [
      1.8565819021314383,
      0.1482949946075678,
      0.14407499320805073,
      0.6793191023170948,
      1.8970218347385526,
      1.3588386327028275,
      1.7575285639613867,
      0.5040950309485197,
      0.8629970047622919,
      1.2765638120472431,
      0.13427276629954576,
      0.1319687506183982
    ],
    "start_timestamps": [
      "2026-07-23 17:21:38.110241+00:00",
      "2026-07-23 17:21:39.966918+00:00",
      "2026-07-23 17:21:40.115221+00:00",
      "2026-07-23 17:21:40.259306+00:00",
      "2026-07-23 17:21:40.938647+00:00",
      "2026-07-23 17:21:42.835684+00:00",
      "2026-07-23 17:21:44.194537+00:00",
      "2026-07-23 17:21:45.952083+00:00",
      "2026-07-23 17:21:46.456194+00:00",
      "2026-07-23 17:21:47.319208+00:00",
      "2026-07-23 17:21:48.595787+00:00",
      "2026-07-23 17:21:48.730069+00:00"
    ]
  },
  "layout": {
    "scope": "page",
    "count": 2,
    "times": [
      0.06473686825484037,
      0.12769894488155842
    ],
    "start_timestamps": [
      "2026-07-23 17:21:39.967005+00:00",
      "2026-07-23 17:21:48.862276+00:00"
    ]
  },
  "table_structure": {
    "scope": "page",
    "count": 12,
    "times": [
      2.417527139186859e-05,
      3.107823431491852e-05,
      1.420639455318451e-05,
      1.8154270946979523e-05,
      9.127892553806305e-06,
      0.7357727736234665,
      2.508796751499176e-05,
      1.2123025953769684e-05,
      1.158192753791809e-05,
      1.4737248420715332e-05,
      2.3383647203445435e-05,
      2.1871179342269897e-05
    ],
    "start_timestamps": [
      "2026-07-23 17:21:40.095343+00:00",
      "2026-07-23 17:21:50.050509+00:00",
      "2026-07-23 17:21:50.050545+00:00",
      "2026-07-23 17:21:50.050566+00:00",
      "2026-07-23 17:21:50.050587+00:00",
      "2026-07-23 17:21:50.050635+00:00",
      "2026-07-23 17:21:50.786427+00:00",
      "2026-07-23 17:21:50.786454+00:00",
      "2026-07-23 17:21:50.786470+00:00",
      "2026-07-23 17:21:50.786721+00:00",
      "2026-07-23 17:21:50.786741+00:00",
      "2026-07-23 17:21:50.786768+00:00"
    ]
  },
  "page_assemble": {
    "scope": "page",
    "count": 12,
    "times": [
      0.0003696158528327942,
      0.0008901255205273628,
      0.0005443133413791656,
      0.0004960643127560616,
      0.00028133951127529144,
      0.00035361573100090027,
      0.0003543570637702942,
      0.0003861263394355774,
      0.0006200671195983887,
      0.0003722701221704483,
      0.0004979874938726425,
      0.00038378220051527023
    ],
    "start_timestamps": [
      "2026-07-23 17:21:40.095430+00:00",
      "2026-07-23 17:21:50.051629+00:00",
      "2026-07-23 17:21:50.052554+00:00",
      "2026-07-23 17:21:50.053119+00:00",
      "2026-07-23 17:21:50.053637+00:00",
      "2026-07-23 17:21:50.786867+00:00",
      "2026-07-23 17:21:50.787255+00:00",
      "2026-07-23 17:21:50.787632+00:00",
      "2026-07-23 17:21:50.788035+00:00",
      "2026-07-23 17:21:50.788673+00:00",
      "2026-07-23 17:21:50.789063+00:00",
      "2026-07-23 17:21:50.789646+00:00"
    ]
  },
  "doc_assemble": {
    "scope": "document",
    "count": 1,
    "times": [
      0.0912778452038765
    ],
    "start_timestamps": [
      "2026-07-23 17:21:50.790212+00:00"
    ]
  },
  "reading_order": {
    "scope": "document",
    "count": 1,
    "times": [
      0.09069978725165129
    ],
    "start_timestamps": [
      "2026-07-23 17:21:50.790327+00:00"
    ]
  },
  "doc_enrich": {
    "scope": "document",
    "count": 1,
    "times": [
      100.08357124682516
    ],
    "start_timestamps": [
      "2026-07-23 17:21:50.881515+00:00"
    ]
  }
}
Function parse_pdf took 225.8688 seconds to execute.
Running: get_tables
Function get_tables took 0.0001 seconds to execute.
Running: get_surrounding_paragraphs
Function get_surrounding_paragraphs took 0.0001 seconds to execute.
