Running: parse_pdf
--- Logging error ---
Traceback (most recent call last):
  File "/mnt/iusers01/fatpou01/chem02/b07755hv/.local/lib/python3.12/site-packages/rapidocr/main.py", line 130, in run_ocr_steps
    cropped_img_list, det_res = self.detect_and_crop(img, op_record)
                                ^^^^^^^^^^^^^^^^^^^^^^^^^^^^^^^^^^^^
  File "/mnt/iusers01/fatpou01/chem02/b07755hv/.local/lib/python3.12/site-packages/rapidocr/main.py", line 298, in detect_and_crop
    raise RapidOCRError("The text detection result is empty")
rapidocr.main.RapidOCRError: The text detection result is empty

During handling of the above exception, another exception occurred:

Traceback (most recent call last):
  File "/mnt/iusers01/fatpou01/chem02/b07755hv/.conda/envs/env/lib/python3.12/logging/__init__.py", line 1163, in emit
    stream.write(msg + self.terminator)
  File "/mnt/iusers01/fatpou01/chem02/b07755hv/ChemistryExtract/src/chemstractor/lib/extractor.py", line 298, in write
    self.file.write(data)
ValueError: I/O operation on closed file.
Call stack:
  File "/mnt/iusers01/fatpou01/chem02/b07755hv/.conda/envs/env/lib/python3.12/threading.py", line 1030, in _bootstrap
    self._bootstrap_inner()
  File "/mnt/iusers01/fatpou01/chem02/b07755hv/.conda/envs/env/lib/python3.12/threading.py", line 1073, in _bootstrap_inner
    self.run()
  File "/mnt/iusers01/fatpou01/chem02/b07755hv/.conda/envs/env/lib/python3.12/threading.py", line 1010, in run
    self._target(*self._args, **self._kwargs)
  File "/mnt/iusers01/fatpou01/chem02/b07755hv/.local/lib/python3.12/site-packages/docling/pipeline/standard_pdf_pipeline.py", line 279, in _run
    processed = self._process_batch(batch)
  File "/mnt/iusers01/fatpou01/chem02/b07755hv/.local/lib/python3.12/site-packages/docling/pipeline/standard_pdf_pipeline.py", line 344, in _process_batch
    processed_pages = list(self.model(good[0].conv_res, pages))  # type: ignore[arg-type]
  File "/mnt/iusers01/fatpou01/chem02/b07755hv/.local/lib/python3.12/site-packages/docling/models/stages/ocr/rapid_ocr_model.py", line 491, in __call__
    result = self.reader(
  File "/mnt/iusers01/fatpou01/chem02/b07755hv/.local/lib/python3.12/site-packages/rapidocr/main.py", line 120, in __call__
    det_res, cls_res, rec_res, cropped_img_list = self.run_ocr_steps(img, op_record)
  File "/mnt/iusers01/fatpou01/chem02/b07755hv/.local/lib/python3.12/site-packages/rapidocr/main.py", line 132, in run_ocr_steps
    logger.warning(e)
Message: RapidOCRError('The text detection result is empty')
Arguments: ()
RapidOCR returned empty result!
Raw PDF conversion timings:
{
  "pipeline_total": {
    "scope": "document",
    "count": 1,
    "times": [
      221.09669875446707
    ],
    "start_timestamps": [
      "2026-07-17 17:48:03.572589+00:00"
    ]
  },
  "page_parse": {
    "scope": "page",
    "count": 114,
    "times": [
      0.07352381478995085,
      0.07687912601977587,
      0.02923222165554762,
      0.04066109284758568,
      0.062030422501266,
      0.04065483156591654,
      0.07912514265626669,
      0.048310864716768265,
      0.04465778078883886,
      0.03980318829417229,
      0.08392617478966713,
      0.05894685257226229,
      0.04307278897613287,
      0.07915225252509117,
      0.12123689334839582,
      0.07290413789451122,
      0.07940091099590063,
      0.062278649769723415,
      0.06638594716787338,
      0.09412907715886831,
      0.03732931334525347,
      0.1316068321466446,
      0.06269768811762333,
      0.036268909461796284,
      0.07593674398958683,
      0.05098474398255348,
      0.07582379039376974,
      0.06311599537730217,
      0.05546924937516451,
      0.06581397168338299,
      0.42865293100476265,
      0.0570896677672863,
      0.05171900428831577,
      0.08790169283747673,
      0.06710782460868359,
      0.046625702641904354,
      0.04573434591293335,
      0.043936303816735744,
      0.04380989633500576,
      0.0480976328253746,
      0.05190638732165098,
      0.03768949303776026,
      0.09278581943362951,
      0.07390098366886377,
      0.07947393786162138,
      0.09954098891466856,
      0.126008789986372,
      0.14235108345746994,
      0.08345670998096466,
      0.09639869630336761,
      0.12678164429962635,
      0.0697818947955966,
      0.04743505548685789,
      0.0682490011677146,
      0.16109334118664265,
      0.10002845618873835,
      0.060227290727198124,
      0.10727159213274717,
      0.14086643140763044,
      0.09847996290773153,
      0.0615139314904809,
      0.05943255499005318,
      0.04417181666940451,
      0.06161018181592226,
      0.047938963398337364,
      0.04982541222125292,
      0.034243800677359104,
      0.044587770476937294,
      0.06503960397094488,
      0.05756086390465498,
      0.0405174121260643,
      0.03873175382614136,
      0.049012092873454094,
      0.11517786514014006,
      0.5139635289087892,
      0.09899322781711817,
      0.06625858694314957,
      0.11793213617056608,
      0.10356712341308594,
      0.1050365874543786,
      0.12815362494438887,
      0.10957129765301943,
      0.04818568751215935,
      0.0507027842104435,
      0.04350158479064703,
      0.027975957840681076,
      0.042132871225476265,
      0.05476232059299946,
      0.05229783430695534,
      0.041498688980937004,
      0.04132835753262043,
      0.042001363821327686,
      0.04139736760407686,
      0.03852980304509401,
      0.10972779337316751,
      0.05550684127956629,
      0.11043105460703373,
      0.1266783382743597,
      0.06822757050395012,
      0.11486674007028341,
      0.05063183978199959,
      0.03460443951189518,
      0.04191781673580408,
      0.04096509423106909,
      0.052609460428357124,
      0.044163110665977,
      0.045933702029287815,
      0.0547448368743062,
      0.08835059683769941,
      0.055608742870390415,
      0.03610105346888304,
      0.0373527891933918,
      0.029782075434923172,
      0.009655032306909561
    ],
    "start_timestamps": [
      "2026-07-17 17:48:03.578268+00:00",
      "2026-07-17 17:48:03.651827+00:00",
      "2026-07-17 17:48:03.728746+00:00",
      "2026-07-17 17:48:03.758011+00:00",
      "2026-07-17 17:48:03.798717+00:00",
      "2026-07-17 17:48:03.860785+00:00",
      "2026-07-17 17:48:03.901477+00:00",
      "2026-07-17 17:48:03.980642+00:00",
      "2026-07-17 17:48:04.028987+00:00",
      "2026-07-17 17:48:04.073699+00:00",
      "2026-07-17 17:48:04.113549+00:00",
      "2026-07-17 17:48:04.197547+00:00",
      "2026-07-17 17:48:04.256543+00:00",
      "2026-07-17 17:48:04.299655+00:00",
      "2026-07-17 17:48:04.378861+00:00",
      "2026-07-17 17:48:04.500163+00:00",
      "2026-07-17 17:48:04.573122+00:00",
      "2026-07-17 17:48:04.652574+00:00",
      "2026-07-17 17:48:04.714919+00:00",
      "2026-07-17 17:48:04.781353+00:00",
      "2026-07-17 17:48:04.875526+00:00",
      "2026-07-17 17:48:04.912895+00:00",
      "2026-07-17 17:48:05.044550+00:00",
      "2026-07-17 17:48:05.107293+00:00",
      "2026-07-17 17:48:05.143602+00:00",
      "2026-07-17 17:48:05.219584+00:00",
      "2026-07-17 17:48:05.270622+00:00",
      "2026-07-17 17:48:05.346491+00:00",
      "2026-07-17 17:48:05.409647+00:00",
      "2026-07-17 17:48:05.465159+00:00",
      "2026-07-17 17:48:05.531020+00:00",
      "2026-07-17 17:48:05.959718+00:00",
      "2026-07-17 17:48:06.016847+00:00",
      "2026-07-17 17:48:06.068611+00:00",
      "2026-07-17 17:48:06.156563+00:00",
      "2026-07-17 17:48:06.223715+00:00",
      "2026-07-17 17:48:06.270378+00:00",
      "2026-07-17 17:48:06.316149+00:00",
      "2026-07-17 17:48:06.360121+00:00",
      "2026-07-17 17:48:06.403966+00:00",
      "2026-07-17 17:48:06.452103+00:00",
      "2026-07-17 17:48:06.504049+00:00",
      "2026-07-17 17:48:06.541774+00:00",
      "2026-07-17 17:48:06.634611+00:00",
      "2026-07-17 17:48:06.708556+00:00",
      "2026-07-17 17:48:06.788080+00:00",
      "2026-07-17 17:48:06.887660+00:00",
      "2026-07-17 17:48:07.013886+00:00",
      "2026-07-17 17:48:07.156561+00:00",
      "2026-07-17 17:48:07.240298+00:00",
      "2026-07-17 17:48:07.336915+00:00",
      "2026-07-17 17:48:07.463740+00:00",
      "2026-07-17 17:48:07.533568+00:00",
      "2026-07-17 17:48:07.581040+00:00",
      "2026-07-17 17:48:07.649331+00:00",
      "2026-07-17 17:48:07.810487+00:00",
      "2026-07-17 17:48:07.910561+00:00",
      "2026-07-17 17:48:07.970832+00:00",
      "2026-07-17 17:48:08.078149+00:00",
      "2026-07-17 17:48:08.219062+00:00",
      "2026-07-17 17:48:08.317588+00:00",
      "2026-07-17 17:48:08.379148+00:00",
      "2026-07-17 17:48:08.438619+00:00",
      "2026-07-17 17:48:08.482832+00:00",
      "2026-07-17 17:48:08.544483+00:00",
      "2026-07-17 17:48:08.592462+00:00",
      "2026-07-17 17:48:08.642324+00:00",
      "2026-07-17 17:48:08.676603+00:00",
      "2026-07-17 17:48:08.721228+00:00",
      "2026-07-17 17:48:08.786306+00:00",
      "2026-07-17 17:48:08.843903+00:00",
      "2026-07-17 17:48:08.884456+00:00",
      "2026-07-17 17:48:08.923223+00:00",
      "2026-07-17 17:48:08.972280+00:00",
      "2026-07-17 17:48:09.087503+00:00",
      "2026-07-17 17:48:09.601519+00:00",
      "2026-07-17 17:48:09.700669+00:00",
      "2026-07-17 17:48:09.818117+00:00",
      "2026-07-17 17:48:09.936096+00:00",
      "2026-07-17 17:48:10.039709+00:00",
      "2026-07-17 17:48:10.144790+00:00",
      "2026-07-17 17:48:10.272986+00:00",
      "2026-07-17 17:48:10.382600+00:00",
      "2026-07-17 17:48:10.430821+00:00",
      "2026-07-17 17:48:10.481559+00:00",
      "2026-07-17 17:48:10.525096+00:00",
      "2026-07-17 17:48:10.553106+00:00",
      "2026-07-17 17:48:10.595274+00:00",
      "2026-07-17 17:48:10.650070+00:00",
      "2026-07-17 17:48:10.702411+00:00",
      "2026-07-17 17:48:10.743943+00:00",
      "2026-07-17 17:48:10.785305+00:00",
      "2026-07-17 17:48:10.827341+00:00",
      "2026-07-17 17:48:10.868773+00:00",
      "2026-07-17 17:48:10.907336+00:00",
      "2026-07-17 17:48:11.017107+00:00",
      "2026-07-17 17:48:11.072658+00:00",
      "2026-07-17 17:48:11.183139+00:00",
      "2026-07-17 17:48:11.320536+00:00",
      "2026-07-17 17:48:11.388809+00:00",
      "2026-07-17 17:48:11.503723+00:00",
      "2026-07-17 17:48:11.554394+00:00",
      "2026-07-17 17:48:11.589030+00:00",
      "2026-07-17 17:48:11.630978+00:00",
      "2026-07-17 17:48:11.671973+00:00",
      "2026-07-17 17:48:11.724615+00:00",
      "2026-07-17 17:48:11.768811+00:00",
      "2026-07-17 17:48:11.814790+00:00",
      "2026-07-17 17:48:11.869576+00:00",
      "2026-07-17 17:48:11.957969+00:00",
      "2026-07-17 17:48:12.013618+00:00",
      "2026-07-17 17:48:12.049758+00:00",
      "2026-07-17 17:48:12.087148+00:00",
      "2026-07-17 17:48:12.116970+00:00"
    ]
  },
  "ocr": {
    "scope": "page",
    "count": 114,
    "times": [
      0.11223982740193605,
      0.14007932040840387,
      0.08354889322072268,
      0.08675038535147905,
      2.150537515990436,
      0.09323038719594479,
      2.112196668982506,
      0.07887262664735317,
      0.08820272795855999,
      0.08358313795179129,
      0.10775586310774088,
      1.5217347387224436,
      0.07625793758779764,
      0.09617955517023802,
      0.07981012016534805,
      0.08944208081811666,
      0.09446023032069206,
      0.7578981732949615,
      0.08620718494057655,
      0.6541819907724857,
      0.07603952661156654,
      0.0795957874506712,
      0.08158170338720083,
      0.3284437246620655,
      0.07555856183171272,
      0.07662309426814318,
      0.07628250401467085,
      0.07581793051213026,
      0.07395846303552389,
      0.07469294406473637,
      0.3476959727704525,
      0.07986892201006413,
      0.07586011849343777,
      0.3313393024727702,
      0.07581671793013811,
      0.07341826613992453,
      0.07368065975606441,
      0.07626100443303585,
      0.08383785746991634,
      0.07775870244950056,
      0.07945900037884712,
      0.3092968761920929,
      0.07693734671920538,
      0.07504354324191809,
      0.07651726622134447,
      0.07754427753388882,
      0.07686757482588291,
      0.07575632352381945,
      0.4157800944522023,
      0.3943929197266698,
      0.08134943712502718,
      0.07800773996859789,
      0.7061249474063516,
      0.08120948355644941,
      0.07987705525010824,
      0.07761613372713327,
      0.07556345127522945,
      0.07708232942968607,
      1.3131629982963204,
      1.1931929793208838,
      0.07849887385964394,
      1.5843078326433897,
      0.09062497597187757,
      1.670117650181055,
      0.08058739267289639,
      0.3977496949955821,
      1.6560912542045116,
      0.0789214689284563,
      0.9405150264501572,
      0.07818637602031231,
      0.07727835699915886,
      0.4533317368477583,
      0.4528180016204715,
      0.8550277044996619,
      0.26978838071227074,
      0.4618680961430073,
      0.4053402142599225,
      1.0079018454998732,
      0.07770592253655195,
      0.9553692098706961,
      1.0192139763385057,
      2.190886091440916,
      0.07918336056172848,
      0.5705386800691485,
      0.6810624888166785,
      1.057354087010026,
      0.07525275740772486,
      0.768478287383914,
      0.6521021286025643,
      0.8324609231203794,
      0.08150030020624399,
      0.07630112953484058,
      0.07518299575895071,
      0.5142301898449659,
      0.2668283423408866,
      0.07456701714545488,
      0.07915855385363102,
      0.44622858334332705,
      0.07562445569783449,
      0.461376640945673,
      0.07382728438824415,
      0.2271868595853448,
      0.5110438680276275,
      0.07468843087553978,
      0.9413467757403851,
      0.5779935587197542,
      0.5128821255639195,
      0.07405935786664486,
      0.07303413935005665,
      0.07410013489425182,
      0.0742768170312047,
      0.07322344463318586,
      0.07383383437991142,
      0.0765673266723752
    ],
    "start_timestamps": [
      "2026-07-17 17:48:03.651951+00:00",
      "2026-07-17 17:48:03.764237+00:00",
      "2026-07-17 17:48:03.904335+00:00",
      "2026-07-17 17:48:03.987924+00:00",
      "2026-07-17 17:48:04.074695+00:00",
      "2026-07-17 17:48:06.225251+00:00",
      "2026-07-17 17:48:06.318492+00:00",
      "2026-07-17 17:48:08.430794+00:00",
      "2026-07-17 17:48:08.509678+00:00",
      "2026-07-17 17:48:08.597894+00:00",
      "2026-07-17 17:48:08.681489+00:00",
      "2026-07-17 17:48:08.789257+00:00",
      "2026-07-17 17:48:10.311010+00:00",
      "2026-07-17 17:48:10.387281+00:00",
      "2026-07-17 17:48:10.483473+00:00",
      "2026-07-17 17:48:10.563296+00:00",
      "2026-07-17 17:48:10.652750+00:00",
      "2026-07-17 17:48:10.747223+00:00",
      "2026-07-17 17:48:11.505142+00:00",
      "2026-07-17 17:48:11.591360+00:00",
      "2026-07-17 17:48:12.245560+00:00",
      "2026-07-17 17:48:12.321608+00:00",
      "2026-07-17 17:48:12.401213+00:00",
      "2026-07-17 17:48:12.482804+00:00",
      "2026-07-17 17:48:12.811268+00:00",
      "2026-07-17 17:48:12.886836+00:00",
      "2026-07-17 17:48:12.963469+00:00",
      "2026-07-17 17:48:13.039761+00:00",
      "2026-07-17 17:48:13.115588+00:00",
      "2026-07-17 17:48:13.189556+00:00",
      "2026-07-17 17:48:13.264258+00:00",
      "2026-07-17 17:48:13.611973+00:00",
      "2026-07-17 17:48:13.691853+00:00",
      "2026-07-17 17:48:13.767722+00:00",
      "2026-07-17 17:48:14.099082+00:00",
      "2026-07-17 17:48:14.174907+00:00",
      "2026-07-17 17:48:14.248334+00:00",
      "2026-07-17 17:48:14.322024+00:00",
      "2026-07-17 17:48:14.398294+00:00",
      "2026-07-17 17:48:14.482141+00:00",
      "2026-07-17 17:48:14.559910+00:00",
      "2026-07-17 17:48:14.639379+00:00",
      "2026-07-17 17:48:14.948695+00:00",
      "2026-07-17 17:48:15.025641+00:00",
      "2026-07-17 17:48:15.100693+00:00",
      "2026-07-17 17:48:15.177220+00:00",
      "2026-07-17 17:48:15.254774+00:00",
      "2026-07-17 17:48:15.331651+00:00",
      "2026-07-17 17:48:15.407417+00:00",
      "2026-07-17 17:48:15.823216+00:00",
      "2026-07-17 17:48:16.217629+00:00",
      "2026-07-17 17:48:16.298989+00:00",
      "2026-07-17 17:48:16.377006+00:00",
      "2026-07-17 17:48:17.083150+00:00",
      "2026-07-17 17:48:17.164368+00:00",
      "2026-07-17 17:48:17.244253+00:00",
      "2026-07-17 17:48:17.321879+00:00",
      "2026-07-17 17:48:17.397451+00:00",
      "2026-07-17 17:48:17.474542+00:00",
      "2026-07-17 17:48:18.787726+00:00",
      "2026-07-17 17:48:19.980937+00:00",
      "2026-07-17 17:48:20.059640+00:00",
      "2026-07-17 17:48:21.643960+00:00",
      "2026-07-17 17:48:21.734600+00:00",
      "2026-07-17 17:48:23.404734+00:00",
      "2026-07-17 17:48:23.485331+00:00",
      "2026-07-17 17:48:23.883154+00:00",
      "2026-07-17 17:48:25.539264+00:00",
      "2026-07-17 17:48:25.618208+00:00",
      "2026-07-17 17:48:26.558754+00:00",
      "2026-07-17 17:48:26.636959+00:00",
      "2026-07-17 17:48:26.714247+00:00",
      "2026-07-17 17:48:27.167597+00:00",
      "2026-07-17 17:48:27.620432+00:00",
      "2026-07-17 17:48:28.475480+00:00",
      "2026-07-17 17:48:28.745286+00:00",
      "2026-07-17 17:48:29.207171+00:00",
      "2026-07-17 17:48:29.612530+00:00",
      "2026-07-17 17:48:30.620451+00:00",
      "2026-07-17 17:48:30.698167+00:00",
      "2026-07-17 17:48:31.653555+00:00",
      "2026-07-17 17:48:32.672786+00:00",
      "2026-07-17 17:48:34.863689+00:00",
      "2026-07-17 17:48:34.942881+00:00",
      "2026-07-17 17:48:35.513438+00:00",
      "2026-07-17 17:48:36.194517+00:00",
      "2026-07-17 17:48:37.251889+00:00",
      "2026-07-17 17:48:37.327150+00:00",
      "2026-07-17 17:48:38.095648+00:00",
      "2026-07-17 17:48:38.747767+00:00",
      "2026-07-17 17:48:39.580246+00:00",
      "2026-07-17 17:48:39.661754+00:00",
      "2026-07-17 17:48:39.738065+00:00",
      "2026-07-17 17:48:39.813257+00:00",
      "2026-07-17 17:48:40.327507+00:00",
      "2026-07-17 17:48:40.594353+00:00",
      "2026-07-17 17:48:40.668928+00:00",
      "2026-07-17 17:48:40.748096+00:00",
      "2026-07-17 17:48:41.194344+00:00",
      "2026-07-17 17:48:41.269976+00:00",
      "2026-07-17 17:48:41.731372+00:00",
      "2026-07-17 17:48:41.805208+00:00",
      "2026-07-17 17:48:42.032425+00:00",
      "2026-07-17 17:48:42.543485+00:00",
      "2026-07-17 17:48:42.618182+00:00",
      "2026-07-17 17:48:43.559547+00:00",
      "2026-07-17 17:48:44.137559+00:00",
      "2026-07-17 17:48:44.650457+00:00",
      "2026-07-17 17:48:44.724526+00:00",
      "2026-07-17 17:48:44.797576+00:00",
      "2026-07-17 17:48:44.871685+00:00",
      "2026-07-17 17:48:44.945970+00:00",
      "2026-07-17 17:48:45.019203+00:00",
      "2026-07-17 17:48:45.093045+00:00"
    ]
  },
  "layout": {
    "scope": "page",
    "count": 5,
    "times": [
      0.14910335652530193,
      0.35289519373327494,
      0.2979676127433777,
      0.6683135256171227,
      0.48112853337079287
    ],
    "start_timestamps": [
      "2026-07-17 17:48:03.764380+00:00",
      "2026-07-17 17:48:04.028852+00:00",
      "2026-07-17 17:48:08.437486+00:00",
      "2026-07-17 17:48:20.060313+00:00",
      "2026-07-17 17:48:45.170503+00:00"
    ]
  },
  "table_structure": {
    "scope": "page",
    "count": 114,
    "times": [
      3.4682575780898333,
      2.450721848756075,
      1.3844911139458418,
      1.9717030227184296e-05,
      1.015886664390564e-05,
      9.457580745220184e-06,
      8.996576070785522e-06,
      2.3774802684783936e-05,
      1.3285316526889801e-05,
      1.0489486157894135e-05,
      6.5229833126068115e-06,
      1.0300427675247192e-05,
      9.718351066112518e-06,
      5.5516138672828674e-06,
      7.704831659793854e-06,
      7.573515176773071e-06,
      6.6319480538368225e-06,
      6.621703505516052e-06,
      5.4407864809036255e-06,
      7.12275505065918e-06,
      6.07222318649292e-06,
      8.606351912021637e-06,
      8.376315236091614e-06,
      5.630776286125183e-06,
      8.47596675157547e-06,
      8.285976946353912e-06,
      8.695758879184723e-06,
      9.658746421337128e-06,
      5.300156772136688e-06,
      5.650334060192108e-06,
      6.192363798618317e-06,
      0.2903960384428501,
      3.6378391087055206e-05,
      1.0959804058074951e-05,
      1.1371448636054993e-05,
      1.0579824447631836e-05,
      9.78820025920868e-06,
      1.253373920917511e-05,
      1.3695098459720612e-05,
      1.5027821063995361e-05,
      1.0790303349494934e-05,
      6.562098860740662e-06,
      9.85804945230484e-06,
      8.657574653625488e-06,
      1.0680407285690308e-05,
      9.979121387004852e-06,
      1.0399147868156433e-05,
      1.4437362551689148e-05,
      1.158192753791809e-05,
      8.896924555301666e-06,
      0.28594218008220196,
      3.0477531254291534e-05,
      1.791398972272873e-05,
      0.2513146372511983,
      2.5317072868347168e-05,
      1.526903361082077e-05,
      7.944181561470032e-06,
      7.5837597250938416e-06,
      5.769543349742889e-06,
      8.425675332546234e-06,
      7.81472772359848e-06,
      7.077306509017944e-05,
      3.152899444103241e-05,
      1.3045035302639008e-05,
      1.4818273484706879e-05,
      1.6621313989162445e-05,
      1.3294629752635956e-05,
      0.35554733127355576,
      2.004764974117279e-05,
      1.1321157217025757e-05,
      7.053837180137634e-06,
      7.424503564834595e-06,
      8.215196430683136e-06,
      7.203780114650726e-06,
      6.291083991527557e-06,
      5.589798092842102e-06,
      6.191432476043701e-06,
      6.6729262471199036e-06,
      5.890615284442902e-06,
      4.920177161693573e-06,
      3.6973506212234497e-06,
      5.279667675495148e-06,
      6.671994924545288e-06,
      4.9406662583351135e-06,
      4.258006811141968e-06,
      4.398636519908905e-06,
      5.200505256652832e-06,
      5.198642611503601e-06,
      6.130896508693695e-06,
      5.8710575103759766e-06,
      6.923452019691467e-06,
      6.562098860740662e-06,
      4.909001290798187e-06,
      6.5015628933906555e-06,
      5.389563739299774e-06,
      5.260109901428223e-06,
      1.2664124369621277e-05,
      6.562098860740662e-06,
      4.628673195838928e-06,
      4.799105226993561e-06,
      4.588626325130463e-06,
      5.970709025859833e-06,
      6.2212347984313965e-06,
      5.890615284442902e-06,
      4.327856004238129e-06,
      5.09992241859436e-06,
      4.077330231666565e-06,
      4.277564585208893e-06,
      6.38328492641449e-06,
      8.386559784412384e-06,
      8.014962077140808e-06,
      1.1000782251358032e-05,
      5.930662155151367e-06,
      3.666616976261139e-06
    ],
    "start_timestamps": [
      "2026-07-17 17:48:04.029172+00:00",
      "2026-07-17 17:48:07.498940+00:00",
      "2026-07-17 17:48:09.949673+00:00",
      "2026-07-17 17:48:11.334440+00:00",
      "2026-07-17 17:48:11.334464+00:00",
      "2026-07-17 17:48:11.334478+00:00",
      "2026-07-17 17:48:11.334490+00:00",
      "2026-07-17 17:48:21.694601+00:00",
      "2026-07-17 17:48:21.694628+00:00",
      "2026-07-17 17:48:21.694645+00:00",
      "2026-07-17 17:48:21.694658+00:00",
      "2026-07-17 17:48:21.694693+00:00",
      "2026-07-17 17:48:21.694707+00:00",
      "2026-07-17 17:48:21.694720+00:00",
      "2026-07-17 17:48:21.694729+00:00",
      "2026-07-17 17:48:21.694754+00:00",
      "2026-07-17 17:48:21.694764+00:00",
      "2026-07-17 17:48:21.694774+00:00",
      "2026-07-17 17:48:21.694783+00:00",
      "2026-07-17 17:48:21.694804+00:00",
      "2026-07-17 17:48:21.694814+00:00",
      "2026-07-17 17:48:21.694823+00:00",
      "2026-07-17 17:48:21.694835+00:00",
      "2026-07-17 17:48:21.694858+00:00",
      "2026-07-17 17:48:21.694867+00:00",
      "2026-07-17 17:48:21.694878+00:00",
      "2026-07-17 17:48:21.694889+00:00",
      "2026-07-17 17:48:21.694912+00:00",
      "2026-07-17 17:48:21.694925+00:00",
      "2026-07-17 17:48:21.694933+00:00",
      "2026-07-17 17:48:21.694941+00:00",
      "2026-07-17 17:48:21.694962+00:00",
      "2026-07-17 17:48:21.985381+00:00",
      "2026-07-17 17:48:21.985421+00:00",
      "2026-07-17 17:48:21.985436+00:00",
      "2026-07-17 17:48:21.985789+00:00",
      "2026-07-17 17:48:21.985803+00:00",
      "2026-07-17 17:48:21.985817+00:00",
      "2026-07-17 17:48:21.985832+00:00",
      "2026-07-17 17:48:21.985868+00:00",
      "2026-07-17 17:48:21.985886+00:00",
      "2026-07-17 17:48:21.985901+00:00",
      "2026-07-17 17:48:21.985910+00:00",
      "2026-07-17 17:48:21.985939+00:00",
      "2026-07-17 17:48:21.985952+00:00",
      "2026-07-17 17:48:21.985966+00:00",
      "2026-07-17 17:48:21.985979+00:00",
      "2026-07-17 17:48:21.986007+00:00",
      "2026-07-17 17:48:21.986025+00:00",
      "2026-07-17 17:48:21.986040+00:00",
      "2026-07-17 17:48:21.986052+00:00",
      "2026-07-17 17:48:22.272358+00:00",
      "2026-07-17 17:48:22.272392+00:00",
      "2026-07-17 17:48:22.272414+00:00",
      "2026-07-17 17:48:22.523746+00:00",
      "2026-07-17 17:48:22.524012+00:00",
      "2026-07-17 17:48:22.524032+00:00",
      "2026-07-17 17:48:22.524044+00:00",
      "2026-07-17 17:48:22.524055+00:00",
      "2026-07-17 17:48:22.524081+00:00",
      "2026-07-17 17:48:22.524094+00:00",
      "2026-07-17 17:48:46.104919+00:00",
      "2026-07-17 17:48:46.104999+00:00",
      "2026-07-17 17:48:46.105040+00:00",
      "2026-07-17 17:48:46.105059+00:00",
      "2026-07-17 17:48:46.105141+00:00",
      "2026-07-17 17:48:46.105167+00:00",
      "2026-07-17 17:48:46.105187+00:00",
      "2026-07-17 17:48:46.460751+00:00",
      "2026-07-17 17:48:46.461050+00:00",
      "2026-07-17 17:48:46.461065+00:00",
      "2026-07-17 17:48:46.461076+00:00",
      "2026-07-17 17:48:46.461087+00:00",
      "2026-07-17 17:48:46.461117+00:00",
      "2026-07-17 17:48:46.461128+00:00",
      "2026-07-17 17:48:46.461138+00:00",
      "2026-07-17 17:48:46.461146+00:00",
      "2026-07-17 17:48:46.461171+00:00",
      "2026-07-17 17:48:46.461181+00:00",
      "2026-07-17 17:48:46.461190+00:00",
      "2026-07-17 17:48:46.461198+00:00",
      "2026-07-17 17:48:46.461220+00:00",
      "2026-07-17 17:48:46.461228+00:00",
      "2026-07-17 17:48:46.461238+00:00",
      "2026-07-17 17:48:46.461246+00:00",
      "2026-07-17 17:48:46.461268+00:00",
      "2026-07-17 17:48:46.461276+00:00",
      "2026-07-17 17:48:46.461284+00:00",
      "2026-07-17 17:48:46.461292+00:00",
      "2026-07-17 17:48:46.461316+00:00",
      "2026-07-17 17:48:46.461325+00:00",
      "2026-07-17 17:48:46.461335+00:00",
      "2026-07-17 17:48:46.461344+00:00",
      "2026-07-17 17:48:46.461368+00:00",
      "2026-07-17 17:48:46.461378+00:00",
      "2026-07-17 17:48:46.461386+00:00",
      "2026-07-17 17:48:46.461395+00:00",
      "2026-07-17 17:48:46.461425+00:00",
      "2026-07-17 17:48:46.461435+00:00",
      "2026-07-17 17:48:46.461443+00:00",
      "2026-07-17 17:48:46.461451+00:00",
      "2026-07-17 17:48:46.461472+00:00",
      "2026-07-17 17:48:46.461481+00:00",
      "2026-07-17 17:48:46.461490+00:00",
      "2026-07-17 17:48:46.461498+00:00",
      "2026-07-17 17:48:46.461519+00:00",
      "2026-07-17 17:48:46.461527+00:00",
      "2026-07-17 17:48:46.461534+00:00",
      "2026-07-17 17:48:46.461541+00:00",
      "2026-07-17 17:48:46.461565+00:00",
      "2026-07-17 17:48:46.461577+00:00",
      "2026-07-17 17:48:46.461588+00:00",
      "2026-07-17 17:48:46.461602+00:00",
      "2026-07-17 17:48:46.461624+00:00"
    ]
  },
  "page_assemble": {
    "scope": "page",
    "count": 114,
    "times": [
      5.540437996387482e-05,
      0.00016135349869728088,
      9.557977318763733e-05,
      0.00013818033039569855,
      0.00015738699585199356,
      0.00015879888087511063,
      0.00019287317991256714,
      0.0003283880650997162,
      0.00022753886878490448,
      0.0002158861607313156,
      0.00013972260057926178,
      0.00013814028352499008,
      0.00018556974828243256,
      0.00015131384134292603,
      0.00017877575010061264,
      0.00014845933765172958,
      0.00012721028178930283,
      0.00022377073764801025,
      0.0001317281275987625,
      0.0001124916598200798,
      0.00012582726776599884,
      0.00017403718084096909,
      0.0001799287274479866,
      9.112153202295303e-05,
      0.00017884653061628342,
      0.00020933430641889572,
      0.00023157522082328796,
      0.00021697767078876495,
      0.00014613475650548935,
      0.00015053432434797287,
      0.00017996877431869507,
      0.00019918382167816162,
      0.0001542605459690094,
      0.00018427707254886627,
      0.0002274680882692337,
      0.000158749520778656,
      0.00015129521489143372,
      0.00023924000561237335,
      0.0002528754994273186,
      0.00029910169541835785,
      0.0002649780362844467,
      0.00011603813618421555,
      0.00022748857736587524,
      0.0003055548295378685,
      0.0002060774713754654,
      0.0002105357125401497,
      0.00022174697369337082,
      0.00027903541922569275,
      0.0001934729516506195,
      0.00016240589320659637,
      0.0001230817288160324,
      0.0002811383455991745,
      8.229538798332214e-05,
      0.00015555322170257568,
      0.00018015876412391663,
      0.00019869394600391388,
      0.00012195948511362076,
      0.00014978181570768356,
      9.027030318975449e-05,
      8.301716297864914e-05,
      0.00016225501894950867,
      0.00029968470335006714,
      0.000246233306825161,
      0.00011523719877004623,
      0.0002093333750963211,
      0.000281759537756443,
      6.970204412937164e-05,
      0.00010431651026010513,
      9.457860141992569e-05,
      0.00019432604312896729,
      0.0001725452020764351,
      0.00014027394354343414,
      0.00013698823750019073,
      0.0001330394297838211,
      0.00011459551751613617,
      0.00011731032282114029,
      0.0001288028433918953,
      0.00010119937360286713,
      0.00014903023838996887,
      8.414871990680695e-05,
      9.02293249964714e-05,
      5.623605102300644e-05,
      0.00021972320973873138,
      0.00013190880417823792,
      8.274521678686142e-05,
      6.630551069974899e-05,
      0.00015924964100122452,
      0.0002733338624238968,
      0.00014351960271596909,
      0.0001069922000169754,
      0.0002154950052499771,
      0.00016417913138866425,
      0.00015732552856206894,
      9.931717067956924e-05,
      0.00016469042748212814,
      0.00014600344002246857,
      0.00013593584299087524,
      0.00010032951831817627,
      0.00017562974244356155,
      0.0002574445679783821,
      0.00016240496188402176,
      0.00011528655886650085,
      0.00011524651199579239,
      0.00017218384891748428,
      0.00010261312127113342,
      0.00011471565812826157,
      0.00011909473687410355,
      0.00018984731286764145,
      0.00019740033894777298,
      0.00024723634123802185,
      0.00025255512446165085,
      0.0002493392676115036,
      0.00018655136227607727,
      4.1583552956581116e-06
    ],
    "start_timestamps": [
      "2026-07-17 17:48:07.499050+00:00",
      "2026-07-17 17:48:11.334566+00:00",
      "2026-07-17 17:48:11.334767+00:00",
      "2026-07-17 17:48:11.334884+00:00",
      "2026-07-17 17:48:11.335041+00:00",
      "2026-07-17 17:48:11.335219+00:00",
      "2026-07-17 17:48:11.335396+00:00",
      "2026-07-17 17:48:21.695516+00:00",
      "2026-07-17 17:48:21.695875+00:00",
      "2026-07-17 17:48:21.696121+00:00",
      "2026-07-17 17:48:21.696355+00:00",
      "2026-07-17 17:48:21.696511+00:00",
      "2026-07-17 17:48:21.696667+00:00",
      "2026-07-17 17:48:21.696869+00:00",
      "2026-07-17 17:48:21.697037+00:00",
      "2026-07-17 17:48:21.697237+00:00",
      "2026-07-17 17:48:21.697411+00:00",
      "2026-07-17 17:48:21.697554+00:00",
      "2026-07-17 17:48:21.697795+00:00",
      "2026-07-17 17:48:21.697943+00:00",
      "2026-07-17 17:48:21.698071+00:00",
      "2026-07-17 17:48:21.698212+00:00",
      "2026-07-17 17:48:21.698411+00:00",
      "2026-07-17 17:48:21.698607+00:00",
      "2026-07-17 17:48:21.698714+00:00",
      "2026-07-17 17:48:21.698909+00:00",
      "2026-07-17 17:48:21.699133+00:00",
      "2026-07-17 17:48:21.699382+00:00",
      "2026-07-17 17:48:21.699616+00:00",
      "2026-07-17 17:48:21.699778+00:00",
      "2026-07-17 17:48:21.699944+00:00",
      "2026-07-17 17:48:21.986681+00:00",
      "2026-07-17 17:48:21.986933+00:00",
      "2026-07-17 17:48:21.987109+00:00",
      "2026-07-17 17:48:21.987314+00:00",
      "2026-07-17 17:48:21.987562+00:00",
      "2026-07-17 17:48:21.987739+00:00",
      "2026-07-17 17:48:21.987907+00:00",
      "2026-07-17 17:48:21.988164+00:00",
      "2026-07-17 17:48:21.988436+00:00",
      "2026-07-17 17:48:21.988754+00:00",
      "2026-07-17 17:48:21.989037+00:00",
      "2026-07-17 17:48:21.989170+00:00",
      "2026-07-17 17:48:21.989425+00:00",
      "2026-07-17 17:48:21.989749+00:00",
      "2026-07-17 17:48:21.989972+00:00",
      "2026-07-17 17:48:21.990199+00:00",
      "2026-07-17 17:48:22.272478+00:00",
      "2026-07-17 17:48:22.272797+00:00",
      "2026-07-17 17:48:22.273011+00:00",
      "2026-07-17 17:48:22.273192+00:00",
      "2026-07-17 17:48:22.524142+00:00",
      "2026-07-17 17:48:22.524451+00:00",
      "2026-07-17 17:48:22.524553+00:00",
      "2026-07-17 17:48:22.524728+00:00",
      "2026-07-17 17:48:22.524926+00:00",
      "2026-07-17 17:48:22.525142+00:00",
      "2026-07-17 17:48:22.525280+00:00",
      "2026-07-17 17:48:22.525447+00:00",
      "2026-07-17 17:48:22.525554+00:00",
      "2026-07-17 17:48:22.525653+00:00",
      "2026-07-17 17:48:46.105268+00:00",
      "2026-07-17 17:48:46.105605+00:00",
      "2026-07-17 17:48:46.105874+00:00",
      "2026-07-17 17:48:46.106011+00:00",
      "2026-07-17 17:48:46.461742+00:00",
      "2026-07-17 17:48:46.462057+00:00",
      "2026-07-17 17:48:46.462145+00:00",
      "2026-07-17 17:48:46.462269+00:00",
      "2026-07-17 17:48:46.462382+00:00",
      "2026-07-17 17:48:46.462595+00:00",
      "2026-07-17 17:48:46.462787+00:00",
      "2026-07-17 17:48:46.462946+00:00",
      "2026-07-17 17:48:46.463100+00:00",
      "2026-07-17 17:48:46.463251+00:00",
      "2026-07-17 17:48:46.463383+00:00",
      "2026-07-17 17:48:46.463518+00:00",
      "2026-07-17 17:48:46.463665+00:00",
      "2026-07-17 17:48:46.463783+00:00",
      "2026-07-17 17:48:46.463949+00:00",
      "2026-07-17 17:48:46.464050+00:00",
      "2026-07-17 17:48:46.464157+00:00",
      "2026-07-17 17:48:46.464231+00:00",
      "2026-07-17 17:48:46.464468+00:00",
      "2026-07-17 17:48:46.464617+00:00",
      "2026-07-17 17:48:46.464717+00:00",
      "2026-07-17 17:48:46.464800+00:00",
      "2026-07-17 17:48:46.464976+00:00",
      "2026-07-17 17:48:46.465268+00:00",
      "2026-07-17 17:48:46.465430+00:00",
      "2026-07-17 17:48:46.465553+00:00",
      "2026-07-17 17:48:46.465787+00:00",
      "2026-07-17 17:48:46.465967+00:00",
      "2026-07-17 17:48:46.466141+00:00",
      "2026-07-17 17:48:46.466256+00:00",
      "2026-07-17 17:48:46.466438+00:00",
      "2026-07-17 17:48:46.466601+00:00",
      "2026-07-17 17:48:46.466753+00:00",
      "2026-07-17 17:48:46.466869+00:00",
      "2026-07-17 17:48:46.467061+00:00",
      "2026-07-17 17:48:46.467344+00:00",
      "2026-07-17 17:48:46.467524+00:00",
      "2026-07-17 17:48:46.467656+00:00",
      "2026-07-17 17:48:46.467788+00:00",
      "2026-07-17 17:48:46.467977+00:00",
      "2026-07-17 17:48:46.468096+00:00",
      "2026-07-17 17:48:46.468226+00:00",
      "2026-07-17 17:48:46.468362+00:00",
      "2026-07-17 17:48:46.468568+00:00",
      "2026-07-17 17:48:46.468839+00:00",
      "2026-07-17 17:48:46.469105+00:00",
      "2026-07-17 17:48:46.469375+00:00",
      "2026-07-17 17:48:46.469641+00:00",
      "2026-07-17 17:48:46.469846+00:00"
    ]
  },
  "doc_assemble": {
    "scope": "document",
    "count": 1,
    "times": [
      0.3603702140972018
    ],
    "start_timestamps": [
      "2026-07-17 17:48:46.470386+00:00"
    ]
  },
  "reading_order": {
    "scope": "document",
    "count": 1,
    "times": [
      0.3585193920880556
    ],
    "start_timestamps": [
      "2026-07-17 17:48:46.470785+00:00"
    ]
  },
  "doc_enrich": {
    "scope": "document",
    "count": 1,
    "times": [
      177.8384707029909
    ],
    "start_timestamps": [
      "2026-07-17 17:48:46.830796+00:00"
    ]
  }
}
All hyperlinked elements redacted in-memory.
--- Logging error ---
Traceback (most recent call last):
  File "/mnt/iusers01/fatpou01/chem02/b07755hv/.local/lib/python3.12/site-packages/rapidocr/main.py", line 130, in run_ocr_steps
    cropped_img_list, det_res = self.detect_and_crop(img, op_record)
                                ^^^^^^^^^^^^^^^^^^^^^^^^^^^^^^^^^^^^
  File "/mnt/iusers01/fatpou01/chem02/b07755hv/.local/lib/python3.12/site-packages/rapidocr/main.py", line 298, in detect_and_crop
    raise RapidOCRError("The text detection result is empty")
rapidocr.main.RapidOCRError: The text detection result is empty

During handling of the above exception, another exception occurred:

Traceback (most recent call last):
  File "/mnt/iusers01/fatpou01/chem02/b07755hv/.conda/envs/env/lib/python3.12/logging/__init__.py", line 1163, in emit
    stream.write(msg + self.terminator)
  File "/mnt/iusers01/fatpou01/chem02/b07755hv/ChemistryExtract/src/chemstractor/lib/extractor.py", line 298, in write
    self.file.write(data)
ValueError: I/O operation on closed file.
Call stack:
  File "/mnt/iusers01/fatpou01/chem02/b07755hv/.conda/envs/env/lib/python3.12/threading.py", line 1030, in _bootstrap
    self._bootstrap_inner()
  File "/mnt/iusers01/fatpou01/chem02/b07755hv/.conda/envs/env/lib/python3.12/threading.py", line 1073, in _bootstrap_inner
    self.run()
  File "/mnt/iusers01/fatpou01/chem02/b07755hv/.conda/envs/env/lib/python3.12/threading.py", line 1010, in run
    self._target(*self._args, **self._kwargs)
  File "/mnt/iusers01/fatpou01/chem02/b07755hv/.local/lib/python3.12/site-packages/docling/pipeline/standard_pdf_pipeline.py", line 279, in _run
    processed = self._process_batch(batch)
  File "/mnt/iusers01/fatpou01/chem02/b07755hv/.local/lib/python3.12/site-packages/docling/pipeline/standard_pdf_pipeline.py", line 344, in _process_batch
    processed_pages = list(self.model(good[0].conv_res, pages))  # type: ignore[arg-type]
  File "/mnt/iusers01/fatpou01/chem02/b07755hv/.local/lib/python3.12/site-packages/docling/models/stages/ocr/rapid_ocr_model.py", line 491, in __call__
    result = self.reader(
  File "/mnt/iusers01/fatpou01/chem02/b07755hv/.local/lib/python3.12/site-packages/rapidocr/main.py", line 120, in __call__
    det_res, cls_res, rec_res, cropped_img_list = self.run_ocr_steps(img, op_record)
  File "/mnt/iusers01/fatpou01/chem02/b07755hv/.local/lib/python3.12/site-packages/rapidocr/main.py", line 132, in run_ocr_steps
    logger.warning(e)
Message: RapidOCRError('The text detection result is empty')
Arguments: ()
RapidOCR returned empty result!
Clean PDF conversion timings:
{
  "pipeline_total": {
    "scope": "document",
    "count": 1,
    "times": [
      222.46758613269776
    ],
    "start_timestamps": [
      "2026-07-17 17:51:45.043072+00:00"
    ]
  },
  "page_parse": {
    "scope": "page",
    "count": 114,
    "times": [
      0.4227530714124441,
      0.06057132873684168,
      0.028354555368423462,
      0.0367776732891798,
      0.04301965609192848,
      0.047662561759352684,
      0.0556319747120142,
      0.047869821079075336,
      0.04216546006500721,
      0.06684383936226368,
      0.047165947034955025,
      0.04946803767234087,
      0.057920360006392,
      0.08008656464517117,
      0.09990089200437069,
      0.10152939520776272,
      0.10200251638889313,
      0.10779165849089622,
      0.07134946621954441,
      0.04345223121345043,
      0.05455202329903841,
      0.08894145302474499,
      0.054009062238037586,
      0.046723123639822006,
      0.09398006275296211,
      0.0770259965211153,
      0.07346641924232244,
      0.03878222405910492,
      0.045736768282949924,
      0.0912329750135541,
      0.0984406154602766,
      0.08163974620401859,
      0.07711034547537565,
      0.041410909965634346,
      0.043311676010489464,
      0.04329107701778412,
      0.043828198686242104,
      0.04175974614918232,
      0.04378101974725723,
      0.047535041347146034,
      0.08156270068138838,
      0.5256914291530848,
      0.045534648932516575,
      0.04529954586178064,
      0.04459610302001238,
      0.043319680728018284,
      0.0383553309366107,
      0.07612890843302011,
      0.08331411611288786,
      0.08137906529009342,
      0.100747624412179,
      0.06946808658540249,
      0.10209374781697989,
      0.08340012840926647,
      0.12507987301796675,
      0.1007606303319335,
      0.07515944354236126,
      0.06757372245192528,
      0.10480541829019785,
      0.08703562710434198,
      0.0911729522049427,
      0.09670073259621859,
      0.09682931378483772,
      0.07358953170478344,
      0.04672847408801317,
      0.08073956333100796,
      0.0303591163828969,
      0.04210629779845476,
      0.050636546686291695,
      0.04847933817654848,
      0.039525543339550495,
      0.040961213409900665,
      0.04573153890669346,
      0.05390965472906828,
      0.041545373387634754,
      0.09646985679864883,
      0.12899437732994556,
      0.07896041497588158,
      0.047546643763780594,
      0.045502208173274994,
      0.08008178509771824,
      0.09484004136174917,
      0.07456745952367783,
      0.08471567276865244,
      0.0433582728728652,
      0.03784967865794897,
      0.07813261728733778,
      0.13096603844314814,
      0.05292043276131153,
      0.04187309090048075,
      0.0850007701665163,
      0.16354459151625633,
      0.0607575885951519,
      0.03870484884828329,
      0.04763112310320139,
      0.04016487579792738,
      0.040177068673074245,
      0.04846764635294676,
      0.04428649973124266,
      0.04823817498981953,
      0.042779164388775826,
      0.03547162655740976,
      0.043464683927595615,
      0.04194038640707731,
      0.05349936429411173,
      0.08480589278042316,
      0.10137295257300138,
      0.06456969026476145,
      0.039925345219671726,
      0.03872935380786657,
      0.035939755849540234,
      0.10978121124207973,
      0.5783890932798386,
      0.010071037337183952
    ],
    "start_timestamps": [
      "2026-07-17 17:51:45.048172+00:00",
      "2026-07-17 17:51:45.470968+00:00",
      "2026-07-17 17:51:45.531577+00:00",
      "2026-07-17 17:51:45.559964+00:00",
      "2026-07-17 17:51:45.596775+00:00",
      "2026-07-17 17:51:45.639846+00:00",
      "2026-07-17 17:51:45.687552+00:00",
      "2026-07-17 17:51:45.743234+00:00",
      "2026-07-17 17:51:45.791160+00:00",
      "2026-07-17 17:51:45.833376+00:00",
      "2026-07-17 17:51:45.900274+00:00",
      "2026-07-17 17:51:45.947483+00:00",
      "2026-07-17 17:51:45.997005+00:00",
      "2026-07-17 17:51:46.054972+00:00",
      "2026-07-17 17:51:46.135097+00:00",
      "2026-07-17 17:51:46.235057+00:00",
      "2026-07-17 17:51:46.336654+00:00",
      "2026-07-17 17:51:46.438710+00:00",
      "2026-07-17 17:51:46.546564+00:00",
      "2026-07-17 17:51:46.617968+00:00",
      "2026-07-17 17:51:46.661453+00:00",
      "2026-07-17 17:51:46.716050+00:00",
      "2026-07-17 17:51:46.805040+00:00",
      "2026-07-17 17:51:46.859102+00:00",
      "2026-07-17 17:51:46.905874+00:00",
      "2026-07-17 17:51:46.999901+00:00",
      "2026-07-17 17:51:47.076974+00:00",
      "2026-07-17 17:51:47.150483+00:00",
      "2026-07-17 17:51:47.189310+00:00",
      "2026-07-17 17:51:47.235097+00:00",
      "2026-07-17 17:51:47.326381+00:00",
      "2026-07-17 17:51:47.424869+00:00",
      "2026-07-17 17:51:47.506561+00:00",
      "2026-07-17 17:51:47.583751+00:00",
      "2026-07-17 17:51:47.625202+00:00",
      "2026-07-17 17:51:47.668560+00:00",
      "2026-07-17 17:51:47.711891+00:00",
      "2026-07-17 17:51:47.755757+00:00",
      "2026-07-17 17:51:47.797553+00:00",
      "2026-07-17 17:51:47.841373+00:00",
      "2026-07-17 17:51:47.888950+00:00",
      "2026-07-17 17:51:47.970564+00:00",
      "2026-07-17 17:51:48.496299+00:00",
      "2026-07-17 17:51:48.541878+00:00",
      "2026-07-17 17:51:48.587217+00:00",
      "2026-07-17 17:51:48.631848+00:00",
      "2026-07-17 17:51:48.675209+00:00",
      "2026-07-17 17:51:48.713600+00:00",
      "2026-07-17 17:51:48.789776+00:00",
      "2026-07-17 17:51:48.873143+00:00",
      "2026-07-17 17:51:48.954571+00:00",
      "2026-07-17 17:51:49.055368+00:00",
      "2026-07-17 17:51:49.124884+00:00",
      "2026-07-17 17:51:49.227019+00:00",
      "2026-07-17 17:51:49.310465+00:00",
      "2026-07-17 17:51:49.435615+00:00",
      "2026-07-17 17:51:49.536427+00:00",
      "2026-07-17 17:51:49.625553+00:00",
      "2026-07-17 17:51:49.693230+00:00",
      "2026-07-17 17:51:49.798148+00:00",
      "2026-07-17 17:51:49.885292+00:00",
      "2026-07-17 17:51:49.976648+00:00",
      "2026-07-17 17:51:50.073501+00:00",
      "2026-07-17 17:51:50.170378+00:00",
      "2026-07-17 17:51:50.244005+00:00",
      "2026-07-17 17:51:50.290773+00:00",
      "2026-07-17 17:51:50.371550+00:00",
      "2026-07-17 17:51:50.401947+00:00",
      "2026-07-17 17:51:50.444088+00:00",
      "2026-07-17 17:51:50.494762+00:00",
      "2026-07-17 17:51:50.543283+00:00",
      "2026-07-17 17:51:50.582847+00:00",
      "2026-07-17 17:51:50.623847+00:00",
      "2026-07-17 17:51:50.669617+00:00",
      "2026-07-17 17:51:50.723566+00:00",
      "2026-07-17 17:51:50.765157+00:00",
      "2026-07-17 17:51:50.861671+00:00",
      "2026-07-17 17:51:50.990714+00:00",
      "2026-07-17 17:51:51.069719+00:00",
      "2026-07-17 17:51:51.117299+00:00",
      "2026-07-17 17:51:51.162845+00:00",
      "2026-07-17 17:51:51.242971+00:00",
      "2026-07-17 17:51:51.337858+00:00",
      "2026-07-17 17:51:51.412466+00:00",
      "2026-07-17 17:51:51.497223+00:00",
      "2026-07-17 17:51:51.540620+00:00",
      "2026-07-17 17:51:51.578509+00:00",
      "2026-07-17 17:51:51.656684+00:00",
      "2026-07-17 17:51:51.787700+00:00",
      "2026-07-17 17:51:51.840657+00:00",
      "2026-07-17 17:51:51.882564+00:00",
      "2026-07-17 17:51:51.967636+00:00",
      "2026-07-17 17:51:52.131294+00:00",
      "2026-07-17 17:51:52.192093+00:00",
      "2026-07-17 17:51:52.230829+00:00",
      "2026-07-17 17:51:52.278494+00:00",
      "2026-07-17 17:51:52.318700+00:00",
      "2026-07-17 17:51:52.358910+00:00",
      "2026-07-17 17:51:52.407422+00:00",
      "2026-07-17 17:51:52.451742+00:00",
      "2026-07-17 17:51:52.500013+00:00",
      "2026-07-17 17:51:52.542827+00:00",
      "2026-07-17 17:51:52.578330+00:00",
      "2026-07-17 17:51:52.621827+00:00",
      "2026-07-17 17:51:52.663800+00:00",
      "2026-07-17 17:51:52.717336+00:00",
      "2026-07-17 17:51:52.802189+00:00",
      "2026-07-17 17:51:52.903609+00:00",
      "2026-07-17 17:51:52.968222+00:00",
      "2026-07-17 17:51:53.008186+00:00",
      "2026-07-17 17:51:53.046959+00:00",
      "2026-07-17 17:51:53.082936+00:00",
      "2026-07-17 17:51:53.192762+00:00",
      "2026-07-17 17:51:53.771193+00:00"
    ]
  },
  "ocr": {
    "scope": "page",
    "count": 114,
    "times": [
      0.13527522515505552,
      0.0930555434897542,
      0.09398299735039473,
      0.11858152691274881,
      1.6470310417935252,
      0.11210627481341362,
      2.0667214524000883,
      0.4350311020389199,
      0.20089207589626312,
      0.07601793017238379,
      0.09595527872443199,
      1.2480042995885015,
      0.36293219588696957,
      0.07666286174207926,
      0.08942547347396612,
      0.0868800850585103,
      0.09314034320414066,
      1.4629687797278166,
      0.07381663750857115,
      0.40375884622335434,
      0.07370745204389095,
      0.07551882043480873,
      0.07347007468342781,
      0.35457034409046173,
      0.0747504336759448,
      0.07582560740411282,
      0.0761135183274746,
      0.07534996327012777,
      0.07448585610836744,
      0.07715034857392311,
      0.3723536916077137,
      0.07569932844489813,
      0.0732735563069582,
      0.2195284068584442,
      0.07905347924679518,
      0.0794508783146739,
      0.07380390260368586,
      0.07639689650386572,
      0.07700181566178799,
      0.07818818930536509,
      0.07831021770834923,
      0.3087975522503257,
      0.07714144885540009,
      0.07492889650166035,
      0.07557825837284327,
      0.07563931215554476,
      0.07565770763903856,
      0.07545872312039137,
      0.40341055300086737,
      0.4005786646157503,
      0.07795592211186886,
      0.07519900519400835,
      0.6911430526524782,
      0.08033725246787071,
      0.07566132489591837,
      0.0780810872092843,
      0.07346756663173437,
      0.07357697188854218,
      1.3024303279817104,
      1.180820663459599,
      0.07633031252771616,
      0.7236451636999846,
      0.07576237339526415,
      1.2684321105480194,
      0.07402435410767794,
      0.32911996729671955,
      1.683383647352457,
      0.07594070862978697,
      1.827401403337717,
      0.10793778114020824,
      0.07489939033985138,
      0.6916808737441897,
      0.8798621296882629,
      1.7353456541895866,
      0.2809009663760662,
      0.4474013401195407,
      0.4161438699811697,
      0.9633516734465957,
      0.0737942922860384,
      1.0802543302997947,
      0.9740149667486548,
      2.115787531249225,
      0.07655423507094383,
      0.5739398282021284,
      0.6752038029953837,
      1.1224255952984095,
      0.0737864263355732,
      0.7847862895578146,
      0.6207062778994441,
      0.7534405030310154,
      0.07735501043498516,
      0.07562655955553055,
      0.07369731925427914,
      0.43851761519908905,
      0.28153863549232483,
      0.07951609697192907,
      0.07395426370203495,
      0.4554244661703706,
      0.07415744476020336,
      0.4891866473481059,
      0.07442719209939241,
      0.27634495310485363,
      0.5025181509554386,
      0.07691443152725697,
      0.9222982721403241,
      0.5669496860355139,
      0.5000125858932734,
      0.07456801645457745,
      0.07309842202812433,
      0.07407589070498943,
      0.07403880264610052,
      0.073067975230515,
      0.07292268145829439,
      0.07359238062053919
    ],
    "start_timestamps": [
      "2026-07-17 17:51:45.471057+00:00",
      "2026-07-17 17:51:45.606394+00:00",
      "2026-07-17 17:51:45.699468+00:00",
      "2026-07-17 17:51:45.793469+00:00",
      "2026-07-17 17:51:45.912100+00:00",
      "2026-07-17 17:51:47.559150+00:00",
      "2026-07-17 17:51:47.671268+00:00",
      "2026-07-17 17:51:49.738005+00:00",
      "2026-07-17 17:51:50.173050+00:00",
      "2026-07-17 17:51:50.373962+00:00",
      "2026-07-17 17:51:50.450096+00:00",
      "2026-07-17 17:51:50.546074+00:00",
      "2026-07-17 17:51:51.794096+00:00",
      "2026-07-17 17:51:52.157039+00:00",
      "2026-07-17 17:51:52.233722+00:00",
      "2026-07-17 17:51:52.323166+00:00",
      "2026-07-17 17:51:52.410057+00:00",
      "2026-07-17 17:51:52.503210+00:00",
      "2026-07-17 17:51:53.966196+00:00",
      "2026-07-17 17:51:54.040021+00:00",
      "2026-07-17 17:51:54.443798+00:00",
      "2026-07-17 17:51:54.517515+00:00",
      "2026-07-17 17:51:54.593043+00:00",
      "2026-07-17 17:51:54.666522+00:00",
      "2026-07-17 17:51:55.021112+00:00",
      "2026-07-17 17:51:55.095873+00:00",
      "2026-07-17 17:51:55.171708+00:00",
      "2026-07-17 17:51:55.247831+00:00",
      "2026-07-17 17:51:55.323190+00:00",
      "2026-07-17 17:51:55.397686+00:00",
      "2026-07-17 17:51:55.474846+00:00",
      "2026-07-17 17:51:55.847220+00:00",
      "2026-07-17 17:51:55.922929+00:00",
      "2026-07-17 17:51:55.996211+00:00",
      "2026-07-17 17:51:56.215763+00:00",
      "2026-07-17 17:51:56.294827+00:00",
      "2026-07-17 17:51:56.374287+00:00",
      "2026-07-17 17:51:56.448100+00:00",
      "2026-07-17 17:51:56.524508+00:00",
      "2026-07-17 17:51:56.601519+00:00",
      "2026-07-17 17:51:56.679717+00:00",
      "2026-07-17 17:51:56.758037+00:00",
      "2026-07-17 17:51:57.066854+00:00",
      "2026-07-17 17:51:57.144004+00:00",
      "2026-07-17 17:51:57.218942+00:00",
      "2026-07-17 17:51:57.294530+00:00",
      "2026-07-17 17:51:57.370178+00:00",
      "2026-07-17 17:51:57.445845+00:00",
      "2026-07-17 17:51:57.521313+00:00",
      "2026-07-17 17:51:57.924743+00:00",
      "2026-07-17 17:51:58.325340+00:00",
      "2026-07-17 17:51:58.403305+00:00",
      "2026-07-17 17:51:58.478513+00:00",
      "2026-07-17 17:51:59.169676+00:00",
      "2026-07-17 17:51:59.250022+00:00",
      "2026-07-17 17:51:59.325692+00:00",
      "2026-07-17 17:51:59.403782+00:00",
      "2026-07-17 17:51:59.477258+00:00",
      "2026-07-17 17:51:59.550844+00:00",
      "2026-07-17 17:52:00.853294+00:00",
      "2026-07-17 17:52:02.034136+00:00",
      "2026-07-17 17:52:02.110476+00:00",
      "2026-07-17 17:52:02.834140+00:00",
      "2026-07-17 17:52:02.909913+00:00",
      "2026-07-17 17:52:04.178366+00:00",
      "2026-07-17 17:52:04.252407+00:00",
      "2026-07-17 17:52:04.581541+00:00",
      "2026-07-17 17:52:06.264974+00:00",
      "2026-07-17 17:52:06.341262+00:00",
      "2026-07-17 17:52:08.168677+00:00",
      "2026-07-17 17:52:08.276629+00:00",
      "2026-07-17 17:52:08.351549+00:00",
      "2026-07-17 17:52:09.043247+00:00",
      "2026-07-17 17:52:09.923126+00:00",
      "2026-07-17 17:52:11.658490+00:00",
      "2026-07-17 17:52:11.939419+00:00",
      "2026-07-17 17:52:12.386839+00:00",
      "2026-07-17 17:52:12.803001+00:00",
      "2026-07-17 17:52:13.766378+00:00",
      "2026-07-17 17:52:13.840187+00:00",
      "2026-07-17 17:52:14.920472+00:00",
      "2026-07-17 17:52:15.894506+00:00",
      "2026-07-17 17:52:18.010320+00:00",
      "2026-07-17 17:52:18.086883+00:00",
      "2026-07-17 17:52:18.660841+00:00",
      "2026-07-17 17:52:19.336061+00:00",
      "2026-07-17 17:52:20.458504+00:00",
      "2026-07-17 17:52:20.532298+00:00",
      "2026-07-17 17:52:21.317109+00:00",
      "2026-07-17 17:52:21.937840+00:00",
      "2026-07-17 17:52:22.691299+00:00",
      "2026-07-17 17:52:22.768663+00:00",
      "2026-07-17 17:52:22.844299+00:00",
      "2026-07-17 17:52:22.918007+00:00",
      "2026-07-17 17:52:23.356542+00:00",
      "2026-07-17 17:52:23.638098+00:00",
      "2026-07-17 17:52:23.717627+00:00",
      "2026-07-17 17:52:23.791598+00:00",
      "2026-07-17 17:52:24.247040+00:00",
      "2026-07-17 17:52:24.321206+00:00",
      "2026-07-17 17:52:24.810419+00:00",
      "2026-07-17 17:52:24.884862+00:00",
      "2026-07-17 17:52:25.161244+00:00",
      "2026-07-17 17:52:25.663779+00:00",
      "2026-07-17 17:52:25.740701+00:00",
      "2026-07-17 17:52:26.663018+00:00",
      "2026-07-17 17:52:27.229988+00:00",
      "2026-07-17 17:52:27.730016+00:00",
      "2026-07-17 17:52:27.804626+00:00",
      "2026-07-17 17:52:27.877750+00:00",
      "2026-07-17 17:52:27.951845+00:00",
      "2026-07-17 17:52:28.025892+00:00",
      "2026-07-17 17:52:28.098969+00:00",
      "2026-07-17 17:52:28.171900+00:00"
    ]
  },
  "layout": {
    "scope": "page",
    "count": 5,
    "times": [
      0.23243113327771425,
      0.494878938421607,
      0.3347101090475917,
      0.6808056924492121,
      0.4185101315379143
    ],
    "start_timestamps": [
      "2026-07-17 17:51:45.606574+00:00",
      "2026-07-17 17:51:45.954022+00:00",
      "2026-07-17 17:51:50.450275+00:00",
      "2026-07-17 17:52:06.341796+00:00",
      "2026-07-17 17:52:28.246444+00:00"
    ]
  },
  "table_structure": {
    "scope": "page",
    "count": 114,
    "times": [
      4.246733759529889,
      1.9526874208822846,
      1.753385896794498,
      2.1039508283138275e-05,
      1.3445504009723663e-05,
      1.018960028886795e-05,
      8.244998753070831e-06,
      1.1983327567577362e-05,
      1.4036893844604492e-05,
      1.1420808732509613e-05,
      2.2281892597675323e-05,
      1.2042932212352753e-05,
      1.1742115020751953e-05,
      6.411224603652954e-06,
      1.1651776731014252e-05,
      7.715076208114624e-06,
      7.053837180137634e-06,
      7.533468306064606e-06,
      6.661750376224518e-06,
      6.693415343761444e-06,
      6.261281669139862e-06,
      9.649433195590973e-06,
      9.237788617610931e-06,
      5.961395800113678e-06,
      8.625909686088562e-06,
      1.015886664390564e-05,
      1.157168298959732e-05,
      1.0370276868343353e-05,
      5.4603442549705505e-06,
      5.110166966915131e-06,
      8.014962077140808e-06,
      0.34705145563930273,
      2.5807879865169525e-05,
      1.0880641639232635e-05,
      1.318473368883133e-05,
      6.9336965680122375e-06,
      7.963739335536957e-06,
      1.0710209608078003e-05,
      1.0389834642410278e-05,
      1.1620111763477325e-05,
      9.56747680902481e-06,
      6.031244993209839e-06,
      9.337440133094788e-06,
      7.124617695808411e-06,
      9.097158908843994e-06,
      7.813796401023865e-06,
      9.717419743537903e-06,
      1.0719522833824158e-05,
      9.437091648578644e-06,
      8.82614403963089e-06,
      0.3383599827066064,
      3.0376948416233063e-05,
      1.1832453310489655e-05,
      0.268865330144763,
      2.467632293701172e-05,
      1.0608695447444916e-05,
      5.9818848967552185e-06,
      6.692484021186829e-06,
      7.074326276779175e-06,
      6.712041795253754e-06,
      7.905066013336182e-06,
      5.831010639667511e-06,
      1.05295330286026e-05,
      4.7888606786727905e-06,
      6.462447345256805e-06,
      5.651265382766724e-06,
      5.991198122501373e-06,
      0.557413904927671,
      2.60891392827034e-05,
      9.7593292593956e-06,
      5.43985515832901e-06,
      5.790963768959045e-06,
      8.947215974330902e-06,
      5.490146577358246e-06,
      5.380250513553619e-06,
      5.150213837623596e-06,
      1.0981224477291107e-05,
      5.600042641162872e-06,
      9.017065167427063e-06,
      5.230307579040527e-06,
      5.880370736122131e-06,
      5.019828677177429e-06,
      5.471520125865936e-06,
      6.7930668592453e-06,
      6.080605089664459e-06,
      4.137866199016571e-06,
      4.4889748096466064e-06,
      4.7283247113227844e-06,
      6.031244993209839e-06,
      4.9192458391189575e-06,
      5.510635673999786e-06,
      5.630776286125183e-06,
      7.294118404388428e-06,
      4.197470843791962e-06,
      3.787688910961151e-06,
      3.797002136707306e-06,
      4.5280903577804565e-06,
      3.6852434277534485e-06,
      3.727152943611145e-06,
      8.686445653438568e-06,
      4.668720066547394e-06,
      3.4868717193603516e-06,
      3.546476364135742e-06,
      3.766268491744995e-06,
      4.05777245759964e-06,
      3.596767783164978e-06,
      3.5865232348442078e-06,
      3.857538104057312e-06,
      1.3154931366443634e-05,
      7.604248821735382e-06,
      7.513910531997681e-06,
      7.484108209609985e-06,
      6.4820051193237305e-06,
      3.186054527759552e-06
    ],
    "start_timestamps": [
      "2026-07-17 17:51:45.954113+00:00",
      "2026-07-17 17:51:50.202931+00:00",
      "2026-07-17 17:51:52.155635+00:00",
      "2026-07-17 17:51:53.909037+00:00",
      "2026-07-17 17:51:53.909268+00:00",
      "2026-07-17 17:51:53.909286+00:00",
      "2026-07-17 17:51:53.909300+00:00",
      "2026-07-17 17:51:53.909312+00:00",
      "2026-07-17 17:51:53.909345+00:00",
      "2026-07-17 17:51:53.909363+00:00",
      "2026-07-17 17:52:08.311329+00:00",
      "2026-07-17 17:52:08.311358+00:00",
      "2026-07-17 17:52:08.311374+00:00",
      "2026-07-17 17:52:08.311389+00:00",
      "2026-07-17 17:52:08.311430+00:00",
      "2026-07-17 17:52:08.311445+00:00",
      "2026-07-17 17:52:08.311456+00:00",
      "2026-07-17 17:52:08.311469+00:00",
      "2026-07-17 17:52:08.311494+00:00",
      "2026-07-17 17:52:08.311503+00:00",
      "2026-07-17 17:52:08.311513+00:00",
      "2026-07-17 17:52:08.311522+00:00",
      "2026-07-17 17:52:08.311547+00:00",
      "2026-07-17 17:52:08.311559+00:00",
      "2026-07-17 17:52:08.311568+00:00",
      "2026-07-17 17:52:08.311580+00:00",
      "2026-07-17 17:52:08.311609+00:00",
      "2026-07-17 17:52:08.311623+00:00",
      "2026-07-17 17:52:08.311637+00:00",
      "2026-07-17 17:52:08.311645+00:00",
      "2026-07-17 17:52:08.311664+00:00",
      "2026-07-17 17:52:08.311675+00:00",
      "2026-07-17 17:52:08.658746+00:00",
      "2026-07-17 17:52:08.658775+00:00",
      "2026-07-17 17:52:08.659086+00:00",
      "2026-07-17 17:52:08.659103+00:00",
      "2026-07-17 17:52:08.659114+00:00",
      "2026-07-17 17:52:08.659125+00:00",
      "2026-07-17 17:52:08.659156+00:00",
      "2026-07-17 17:52:08.659170+00:00",
      "2026-07-17 17:52:08.659185+00:00",
      "2026-07-17 17:52:08.659197+00:00",
      "2026-07-17 17:52:08.659220+00:00",
      "2026-07-17 17:52:08.659233+00:00",
      "2026-07-17 17:52:08.659243+00:00",
      "2026-07-17 17:52:08.659255+00:00",
      "2026-07-17 17:52:08.659279+00:00",
      "2026-07-17 17:52:08.659292+00:00",
      "2026-07-17 17:52:08.659306+00:00",
      "2026-07-17 17:52:08.659318+00:00",
      "2026-07-17 17:52:08.659342+00:00",
      "2026-07-17 17:52:08.997722+00:00",
      "2026-07-17 17:52:08.997756+00:00",
      "2026-07-17 17:52:08.997771+00:00",
      "2026-07-17 17:52:09.267108+00:00",
      "2026-07-17 17:52:09.267136+00:00",
      "2026-07-17 17:52:09.267150+00:00",
      "2026-07-17 17:52:09.267159+00:00",
      "2026-07-17 17:52:09.267188+00:00",
      "2026-07-17 17:52:09.267198+00:00",
      "2026-07-17 17:52:09.267208+00:00",
      "2026-07-17 17:52:09.267219+00:00",
      "2026-07-17 17:52:09.267244+00:00",
      "2026-07-17 17:52:09.267258+00:00",
      "2026-07-17 17:52:09.267266+00:00",
      "2026-07-17 17:52:09.267276+00:00",
      "2026-07-17 17:52:09.267298+00:00",
      "2026-07-17 17:52:09.267307+00:00",
      "2026-07-17 17:52:29.061550+00:00",
      "2026-07-17 17:52:29.061580+00:00",
      "2026-07-17 17:52:29.061594+00:00",
      "2026-07-17 17:52:29.061603+00:00",
      "2026-07-17 17:52:29.061644+00:00",
      "2026-07-17 17:52:29.061658+00:00",
      "2026-07-17 17:52:29.061666+00:00",
      "2026-07-17 17:52:29.061675+00:00",
      "2026-07-17 17:52:29.061703+00:00",
      "2026-07-17 17:52:29.061718+00:00",
      "2026-07-17 17:52:29.061732+00:00",
      "2026-07-17 17:52:29.061745+00:00",
      "2026-07-17 17:52:29.061773+00:00",
      "2026-07-17 17:52:29.061783+00:00",
      "2026-07-17 17:52:29.061791+00:00",
      "2026-07-17 17:52:29.061800+00:00",
      "2026-07-17 17:52:29.061828+00:00",
      "2026-07-17 17:52:29.061838+00:00",
      "2026-07-17 17:52:29.061846+00:00",
      "2026-07-17 17:52:29.061854+00:00",
      "2026-07-17 17:52:29.061877+00:00",
      "2026-07-17 17:52:29.061887+00:00",
      "2026-07-17 17:52:29.061895+00:00",
      "2026-07-17 17:52:29.061904+00:00",
      "2026-07-17 17:52:29.061929+00:00",
      "2026-07-17 17:52:29.061941+00:00",
      "2026-07-17 17:52:29.061947+00:00",
      "2026-07-17 17:52:29.061954+00:00",
      "2026-07-17 17:52:29.061973+00:00",
      "2026-07-17 17:52:29.061981+00:00",
      "2026-07-17 17:52:29.061987+00:00",
      "2026-07-17 17:52:29.061993+00:00",
      "2026-07-17 17:52:29.062018+00:00",
      "2026-07-17 17:52:29.062025+00:00",
      "2026-07-17 17:52:29.062032+00:00",
      "2026-07-17 17:52:29.062038+00:00",
      "2026-07-17 17:52:29.062056+00:00",
      "2026-07-17 17:52:29.062063+00:00",
      "2026-07-17 17:52:29.062069+00:00",
      "2026-07-17 17:52:29.062075+00:00",
      "2026-07-17 17:52:29.062094+00:00",
      "2026-07-17 17:52:29.062110+00:00",
      "2026-07-17 17:52:29.062121+00:00",
      "2026-07-17 17:52:29.062131+00:00",
      "2026-07-17 17:52:29.062153+00:00",
      "2026-07-17 17:52:29.062163+00:00"
    ]
  },
  "page_assemble": {
    "scope": "page",
    "count": 114,
    "times": [
      0.00013259053230285645,
      0.00013441313058137894,
      9.445846080780029e-05,
      0.00013194791972637177,
      0.00014943070709705353,
      0.000141095370054245,
      0.00017936713993549347,
      0.00024735555052757263,
      0.00021988432854413986,
      0.00021767988801002502,
      0.0003895927220582962,
      0.0003972873091697693,
      0.00023936107754707336,
      0.0001650610938668251,
      0.00020819157361984253,
      0.00016613304615020752,
      0.00014420226216316223,
      0.00013718754053115845,
      0.00014162715524435043,
      0.0001156385987997055,
      0.0001314263790845871,
      0.00018332432955503464,
      0.00018664170056581497,
      9.258370846509933e-05,
      0.00034659169614315033,
      0.00021874159574508667,
      0.00024091266095638275,
      0.00022659637033939362,
      0.00014381017535924911,
      0.000149470753967762,
      0.00026293471455574036,
      0.00012492481619119644,
      0.00013490300625562668,
      0.00018027890473604202,
      0.00023436080664396286,
      0.00015609432011842728,
      0.0001420276239514351,
      0.0002420051023364067,
      0.00023437011986970901,
      0.0003032609820365906,
      0.00026257336139678955,
      0.00011980533599853516,
      0.00034377723932266235,
      0.00018529780209064484,
      0.00020656920969486237,
      0.00020715873688459396,
      0.00020764116197824478,
      0.00026909634470939636,
      0.00018668081611394882,
      0.00016665272414684296,
      0.0002464139834046364,
      0.0002472158521413803,
      8.725374937057495e-05,
      0.00015504192560911179,
      0.00020412355661392212,
      0.00020566768944263458,
      0.00011647958308458328,
      0.00014976225793361664,
      8.728541433811188e-05,
      8.398853242397308e-05,
      0.00016696378588676453,
      0.00013185851275920868,
      0.00016657263040542603,
      8.519180119037628e-05,
      0.00016535073518753052,
      0.00014161597937345505,
      0.0001062098890542984,
      0.0001062396913766861,
      0.00023274775594472885,
      0.0002118488773703575,
      0.00015728548169136047,
      0.00014730729162693024,
      0.00014151539653539658,
      0.0001527676358819008,
      0.00012133922427892685,
      0.00011269189417362213,
      0.0001401444897055626,
      0.00011576805263757706,
      0.00014750659465789795,
      8.475873619318008e-05,
      0.00010307319462299347,
      5.771871656179428e-05,
      0.0002108970656991005,
      0.00012940261512994766,
      8.994899690151215e-05,
      6.474088877439499e-05,
      0.00016199517995119095,
      0.00016312673687934875,
      0.0002942429855465889,
      0.00012174900621175766,
      0.00022782757878303528,
      0.00018275342881679535,
      0.0001588687300682068,
      0.00011009722948074341,
      0.00016796495765447617,
      0.00015021301805973053,
      0.00015286635607481003,
      9.481795132160187e-05,
      0.00025728438049554825,
      0.00013798940926790237,
      0.0001857895404100418,
      0.00011389423161745071,
      0.00011963490396738052,
      0.00018404610455036163,
      0.00010760314762592316,
      0.00011751055717468262,
      0.00011663883924484253,
      0.00018030963838100433,
      0.00020310189574956894,
      0.0003284895792603493,
      0.0002589477226138115,
      0.0002496987581253052,
      0.00019706133753061295,
      4.41819429397583e-06
    ],
    "start_timestamps": [
      "2026-07-17 17:51:50.203166+00:00",
      "2026-07-17 17:51:53.909422+00:00",
      "2026-07-17 17:51:53.909666+00:00",
      "2026-07-17 17:51:53.909782+00:00",
      "2026-07-17 17:51:53.909932+00:00",
      "2026-07-17 17:51:53.910101+00:00",
      "2026-07-17 17:51:53.910260+00:00",
      "2026-07-17 17:51:53.910457+00:00",
      "2026-07-17 17:51:53.910721+00:00",
      "2026-07-17 17:51:53.910959+00:00",
      "2026-07-17 17:52:08.312384+00:00",
      "2026-07-17 17:52:08.312799+00:00",
      "2026-07-17 17:52:08.313219+00:00",
      "2026-07-17 17:52:08.313479+00:00",
      "2026-07-17 17:52:08.313666+00:00",
      "2026-07-17 17:52:08.313899+00:00",
      "2026-07-17 17:52:08.314088+00:00",
      "2026-07-17 17:52:08.314251+00:00",
      "2026-07-17 17:52:08.314425+00:00",
      "2026-07-17 17:52:08.314584+00:00",
      "2026-07-17 17:52:08.314720+00:00",
      "2026-07-17 17:52:08.314867+00:00",
      "2026-07-17 17:52:08.315067+00:00",
      "2026-07-17 17:52:08.315274+00:00",
      "2026-07-17 17:52:08.315383+00:00",
      "2026-07-17 17:52:08.315748+00:00",
      "2026-07-17 17:52:08.315984+00:00",
      "2026-07-17 17:52:08.316242+00:00",
      "2026-07-17 17:52:08.316486+00:00",
      "2026-07-17 17:52:08.316645+00:00",
      "2026-07-17 17:52:08.659450+00:00",
      "2026-07-17 17:52:08.659757+00:00",
      "2026-07-17 17:52:08.659902+00:00",
      "2026-07-17 17:52:08.660055+00:00",
      "2026-07-17 17:52:08.660255+00:00",
      "2026-07-17 17:52:08.660508+00:00",
      "2026-07-17 17:52:08.660681+00:00",
      "2026-07-17 17:52:08.660840+00:00",
      "2026-07-17 17:52:08.661099+00:00",
      "2026-07-17 17:52:08.661355+00:00",
      "2026-07-17 17:52:08.661676+00:00",
      "2026-07-17 17:52:08.661956+00:00",
      "2026-07-17 17:52:08.662091+00:00",
      "2026-07-17 17:52:08.662455+00:00",
      "2026-07-17 17:52:08.662657+00:00",
      "2026-07-17 17:52:08.662879+00:00",
      "2026-07-17 17:52:08.663103+00:00",
      "2026-07-17 17:52:08.663328+00:00",
      "2026-07-17 17:52:08.663615+00:00",
      "2026-07-17 17:52:08.663822+00:00",
      "2026-07-17 17:52:09.267407+00:00",
      "2026-07-17 17:52:09.267685+00:00",
      "2026-07-17 17:52:09.267963+00:00",
      "2026-07-17 17:52:09.268070+00:00",
      "2026-07-17 17:52:09.268254+00:00",
      "2026-07-17 17:52:09.268484+00:00",
      "2026-07-17 17:52:09.268707+00:00",
      "2026-07-17 17:52:09.268845+00:00",
      "2026-07-17 17:52:09.269016+00:00",
      "2026-07-17 17:52:09.269127+00:00",
      "2026-07-17 17:52:09.269227+00:00",
      "2026-07-17 17:52:09.269422+00:00",
      "2026-07-17 17:52:09.269576+00:00",
      "2026-07-17 17:52:09.269768+00:00",
      "2026-07-17 17:52:09.269874+00:00",
      "2026-07-17 17:52:09.270059+00:00",
      "2026-07-17 17:52:09.825168+00:00",
      "2026-07-17 17:52:09.825304+00:00",
      "2026-07-17 17:52:29.062267+00:00",
      "2026-07-17 17:52:29.062537+00:00",
      "2026-07-17 17:52:29.062819+00:00",
      "2026-07-17 17:52:29.062997+00:00",
      "2026-07-17 17:52:29.063164+00:00",
      "2026-07-17 17:52:29.063335+00:00",
      "2026-07-17 17:52:29.063519+00:00",
      "2026-07-17 17:52:29.063660+00:00",
      "2026-07-17 17:52:29.063804+00:00",
      "2026-07-17 17:52:29.063971+00:00",
      "2026-07-17 17:52:29.064117+00:00",
      "2026-07-17 17:52:29.064283+00:00",
      "2026-07-17 17:52:29.064385+00:00",
      "2026-07-17 17:52:29.064506+00:00",
      "2026-07-17 17:52:29.064581+00:00",
      "2026-07-17 17:52:29.064818+00:00",
      "2026-07-17 17:52:29.064965+00:00",
      "2026-07-17 17:52:29.065073+00:00",
      "2026-07-17 17:52:29.065164+00:00",
      "2026-07-17 17:52:29.065343+00:00",
      "2026-07-17 17:52:29.065524+00:00",
      "2026-07-17 17:52:29.065846+00:00",
      "2026-07-17 17:52:29.065986+00:00",
      "2026-07-17 17:52:29.066240+00:00",
      "2026-07-17 17:52:29.066450+00:00",
      "2026-07-17 17:52:29.066629+00:00",
      "2026-07-17 17:52:29.066756+00:00",
      "2026-07-17 17:52:29.066948+00:00",
      "2026-07-17 17:52:29.067116+00:00",
      "2026-07-17 17:52:29.067287+00:00",
      "2026-07-17 17:52:29.067398+00:00",
      "2026-07-17 17:52:29.067679+00:00",
      "2026-07-17 17:52:29.067835+00:00",
      "2026-07-17 17:52:29.068038+00:00",
      "2026-07-17 17:52:29.068169+00:00",
      "2026-07-17 17:52:29.068306+00:00",
      "2026-07-17 17:52:29.068508+00:00",
      "2026-07-17 17:52:29.068633+00:00",
      "2026-07-17 17:52:29.068767+00:00",
      "2026-07-17 17:52:29.068915+00:00",
      "2026-07-17 17:52:29.069113+00:00",
      "2026-07-17 17:52:29.069335+00:00",
      "2026-07-17 17:52:29.069683+00:00",
      "2026-07-17 17:52:29.069960+00:00",
      "2026-07-17 17:52:29.070226+00:00",
      "2026-07-17 17:52:29.070443+00:00"
    ]
  },
  "doc_assemble": {
    "scope": "document",
    "count": 1,
    "times": [
      0.363814284093678
    ],
    "start_timestamps": [
      "2026-07-17 17:52:29.071060+00:00"
    ]
  },
  "reading_order": {
    "scope": "document",
    "count": 1,
    "times": [
      0.36189162731170654
    ],
    "start_timestamps": [
      "2026-07-17 17:52:29.071452+00:00"
    ]
  },
  "doc_enrich": {
    "scope": "document",
    "count": 1,
    "times": [
      178.0756972040981
    ],
    "start_timestamps": [
      "2026-07-17 17:52:29.434911+00:00"
    ]
  }
}
Function parse_pdf took 444.5283 seconds to execute.
Running: get_tables
Function get_tables took 0.0005 seconds to execute.
Running: get_surrounding_paragraphs
Function get_surrounding_paragraphs took 0.0005 seconds to execute.
