Running: parse_pdf
Raw PDF conversion timings:
{
  "pipeline_total": {
    "scope": "document",
    "count": 1,
    "times": [
      98.79878904204816
    ],
    "start_timestamps": [
      "2026-07-23 19:45:40.720731+00:00"
    ]
  },
  "page_parse": {
    "scope": "page",
    "count": 14,
    "times": [
      0.09025119617581367,
      0.13264493457973003,
      0.17098100576549768,
      0.12410885095596313,
      0.15685306955128908,
      0.1378346811980009,
      0.10939758643507957,
      0.10133607592433691,
      0.1424135472625494,
      0.11264968663454056,
      0.11641009338200092,
      0.2224363749846816,
      0.15422264859080315,
      0.10191802121698856
    ],
    "start_timestamps": [
      "2026-07-23 19:45:40.724721+00:00",
      "2026-07-23 19:45:40.815009+00:00",
      "2026-07-23 19:45:40.947696+00:00",
      "2026-07-23 19:45:41.118722+00:00",
      "2026-07-23 19:45:41.242872+00:00",
      "2026-07-23 19:45:41.399766+00:00",
      "2026-07-23 19:45:41.537643+00:00",
      "2026-07-23 19:45:41.647082+00:00",
      "2026-07-23 19:45:41.748457+00:00",
      "2026-07-23 19:45:41.890911+00:00",
      "2026-07-23 19:45:42.003605+00:00",
      "2026-07-23 19:45:42.120059+00:00",
      "2026-07-23 19:45:42.342538+00:00",
      "2026-07-23 19:45:42.496801+00:00"
    ]
  },
  "ocr": {
    "scope": "page",
    "count": 14,
    "times": [
      0.1433186000213027,
      0.16535756457597017,
      0.12527004536241293,
      0.1602896461263299,
      0.13773166574537754,
      0.11855920869857073,
      0.23017492797225714,
      0.12709377706050873,
      0.11829017102718353,
      0.38329554349184036,
      0.19257461093366146,
      0.1448357254266739,
      0.12075816560536623,
      0.11983933579176664
    ],
    "start_timestamps": [
      "2026-07-23 19:45:40.815160+00:00",
      "2026-07-23 19:45:40.958514+00:00",
      "2026-07-23 19:45:41.123900+00:00",
      "2026-07-23 19:45:41.249201+00:00",
      "2026-07-23 19:45:41.409522+00:00",
      "2026-07-23 19:45:41.547286+00:00",
      "2026-07-23 19:45:41.665883+00:00",
      "2026-07-23 19:45:41.896085+00:00",
      "2026-07-23 19:45:42.023195+00:00",
      "2026-07-23 19:45:42.141524+00:00",
      "2026-07-23 19:45:42.524838+00:00",
      "2026-07-23 19:45:42.717451+00:00",
      "2026-07-23 19:45:42.862302+00:00",
      "2026-07-23 19:45:42.983074+00:00"
    ]
  },
  "layout": {
    "scope": "page",
    "count": 6,
    "times": [
      0.30452835839241743,
      0.2647931231185794,
      0.25084674917161465,
      0.11149165872484446,
      0.037656121887266636,
      0.07252053078263998
    ],
    "start_timestamps": [
      "2026-07-23 19:45:40.958594+00:00",
      "2026-07-23 19:45:41.404047+00:00",
      "2026-07-23 19:45:41.891420+00:00",
      "2026-07-23 19:45:42.517042+00:00",
      "2026-07-23 19:45:42.723110+00:00",
      "2026-07-23 19:45:43.103084+00:00"
    ]
  },
  "table_structure": {
    "scope": "page",
    "count": 14,
    "times": [
      1.6080215573310852e-05,
      2.9214657843112946e-05,
      9.687617421150208e-06,
      2.542790025472641e-05,
      9.587965905666351e-06,
      6.40377402305603e-06,
      0.3547793310135603,
      1.0342321200296283,
      0.6596517767757177,
      0.6230421541258693,
      2.350378781557083e-05,
      1.0711140930652618e-05,
      0.3690831484273076,
      3.0918046832084656e-05
    ],
    "start_timestamps": [
      "2026-07-23 19:45:41.404216+00:00",
      "2026-07-23 19:45:41.891512+00:00",
      "2026-07-23 19:45:41.891549+00:00",
      "2026-07-23 19:45:42.517786+00:00",
      "2026-07-23 19:45:42.517818+00:00",
      "2026-07-23 19:45:42.517832+00:00",
      "2026-07-23 19:45:42.723171+00:00",
      "2026-07-23 19:45:43.077961+00:00",
      "2026-07-23 19:45:44.112207+00:00",
      "2026-07-23 19:45:44.772032+00:00",
      "2026-07-23 19:45:45.395089+00:00",
      "2026-07-23 19:45:45.395115+00:00",
      "2026-07-23 19:45:45.395129+00:00",
      "2026-07-23 19:45:45.764346+00:00"
    ]
  },
  "page_assemble": {
    "scope": "page",
    "count": 14,
    "times": [
      0.0007790261879563332,
      0.0007098251953721046,
      0.0004580225795507431,
      0.000769278034567833,
      0.0007152063772082329,
      0.0003877393901348114,
      0.0006271004676818848,
      0.00040936097502708435,
      0.0003600567579269409,
      0.0007505733519792557,
      0.0004957839846611023,
      0.000407426618039608,
      0.000677044503390789,
      0.0011217715218663216
    ],
    "start_timestamps": [
      "2026-07-23 19:45:41.404300+00:00",
      "2026-07-23 19:45:41.891618+00:00",
      "2026-07-23 19:45:41.892356+00:00",
      "2026-07-23 19:45:42.517992+00:00",
      "2026-07-23 19:45:42.518790+00:00",
      "2026-07-23 19:45:42.519526+00:00",
      "2026-07-23 19:45:44.772904+00:00",
      "2026-07-23 19:45:44.773565+00:00",
      "2026-07-23 19:45:44.773996+00:00",
      "2026-07-23 19:45:45.764458+00:00",
      "2026-07-23 19:45:45.765417+00:00",
      "2026-07-23 19:45:45.765934+00:00",
      "2026-07-23 19:45:45.766361+00:00",
      "2026-07-23 19:45:45.767060+00:00"
    ]
  },
  "doc_assemble": {
    "scope": "document",
    "count": 1,
    "times": [
      0.0559788029640913
    ],
    "start_timestamps": [
      "2026-07-23 19:45:45.768363+00:00"
    ]
  },
  "reading_order": {
    "scope": "document",
    "count": 1,
    "times": [
      0.0553774805739522
    ],
    "start_timestamps": [
      "2026-07-23 19:45:45.768526+00:00"
    ]
  },
  "doc_enrich": {
    "scope": "document",
    "count": 1,
    "times": [
      93.69511154480278
    ],
    "start_timestamps": [
      "2026-07-23 19:45:45.824365+00:00"
    ]
  }
}
All hyperlinked elements redacted in-memory.
Clean PDF conversion timings:
{
  "pipeline_total": {
    "scope": "document",
    "count": 1,
    "times": [
      98.29064498189837
    ],
    "start_timestamps": [
      "2026-07-23 19:47:20.014942+00:00"
    ]
  },
  "page_parse": {
    "scope": "page",
    "count": 14,
    "times": [
      0.08167020417749882,
      0.11929354071617126,
      0.17066330648958683,
      0.12295895908027887,
      0.145491068251431,
      0.13356156088411808,
      0.10935088153928518,
      0.10047750361263752,
      0.14250481873750687,
      0.11044690385460854,
      0.11399791575968266,
      0.21982760168612003,
      0.16167075373232365,
      0.09985635615885258
    ],
    "start_timestamps": [
      "2026-07-23 19:47:20.019274+00:00",
      "2026-07-23 19:47:20.100985+00:00",
      "2026-07-23 19:47:20.220318+00:00",
      "2026-07-23 19:47:20.391023+00:00",
      "2026-07-23 19:47:20.514029+00:00",
      "2026-07-23 19:47:20.659560+00:00",
      "2026-07-23 19:47:20.793163+00:00",
      "2026-07-23 19:47:20.902557+00:00",
      "2026-07-23 19:47:21.003075+00:00",
      "2026-07-23 19:47:21.145624+00:00",
      "2026-07-23 19:47:21.256115+00:00",
      "2026-07-23 19:47:21.370155+00:00",
      "2026-07-23 19:47:21.590041+00:00",
      "2026-07-23 19:47:21.751758+00:00"
    ]
  },
  "ocr": {
    "scope": "page",
    "count": 14,
    "times": [
      0.12370473239570856,
      0.16988137643784285,
      0.1270366022363305,
      0.14854276087135077,
      0.13219524919986725,
      0.12094053067266941,
      0.2271130308508873,
      0.12903796881437302,
      0.49495465494692326,
      0.12598475348204374,
      0.14355805050581694,
      0.11767341289669275,
      0.11838064435869455,
      0.1241862578317523
    ],
    "start_timestamps": [
      "2026-07-23 19:47:20.101096+00:00",
      "2026-07-23 19:47:20.224832+00:00",
      "2026-07-23 19:47:20.394743+00:00",
      "2026-07-23 19:47:20.521811+00:00",
      "2026-07-23 19:47:20.670384+00:00",
      "2026-07-23 19:47:20.802613+00:00",
      "2026-07-23 19:47:20.923593+00:00",
      "2026-07-23 19:47:21.150733+00:00",
      "2026-07-23 19:47:21.279790+00:00",
      "2026-07-23 19:47:21.774776+00:00",
      "2026-07-23 19:47:21.900788+00:00",
      "2026-07-23 19:47:22.044362+00:00",
      "2026-07-23 19:47:22.162054+00:00",
      "2026-07-23 19:47:22.280498+00:00"
    ]
  },
  "layout": {
    "scope": "page",
    "count": 7,
    "times": [
      0.30192064214497805,
      0.3387635610997677,
      0.25550591945648193,
      0.10092163924127817,
      0.04156814143061638,
      0.13604103587567806,
      0.0467729652300477
    ],
    "start_timestamps": [
      "2026-07-23 19:47:20.224920+00:00",
      "2026-07-23 19:47:20.666366+00:00",
      "2026-07-23 19:47:21.147005+00:00",
      "2026-07-23 19:47:21.770444+00:00",
      "2026-07-23 19:47:21.892879+00:00",
      "2026-07-23 19:47:22.281995+00:00",
      "2026-07-23 19:47:22.537853+00:00"
    ]
  },
  "table_structure": {
    "scope": "page",
    "count": 14,
    "times": [
      2.2953376173973083e-05,
      2.1871179342269897e-05,
      6.402842700481415e-06,
      2.5608576834201813e-05,
      8.014962077140808e-06,
      5.189329385757446e-06,
      0.35996497608721256,
      1.1405100729316473,
      0.6631850330159068,
      0.6280408892780542,
      4.544667899608612e-05,
      1.7141923308372498e-05,
      0.37063277047127485,
      3.790203481912613e-05
    ],
    "start_timestamps": [
      "2026-07-23 19:47:20.666507+00:00",
      "2026-07-23 19:47:21.147096+00:00",
      "2026-07-23 19:47:21.147123+00:00",
      "2026-07-23 19:47:21.770603+00:00",
      "2026-07-23 19:47:21.770634+00:00",
      "2026-07-23 19:47:21.770646+00:00",
      "2026-07-23 19:47:21.892979+00:00",
      "2026-07-23 19:47:22.253230+00:00",
      "2026-07-23 19:47:23.393753+00:00",
      "2026-07-23 19:47:24.057096+00:00",
      "2026-07-23 19:47:24.685170+00:00",
      "2026-07-23 19:47:24.685220+00:00",
      "2026-07-23 19:47:24.685242+00:00",
      "2026-07-23 19:47:25.056027+00:00"
    ]
  },
  "page_assemble": {
    "scope": "page",
    "count": 14,
    "times": [
      0.00033835694193840027,
      0.00042485911399126053,
      0.0002445802092552185,
      0.0004520704969763756,
      0.000435730442404747,
      0.00023883860558271408,
      0.00031238794326782227,
      0.00027358531951904297,
      0.00023540295660495758,
      0.0006195660680532455,
      0.0003307834267616272,
      0.0002655591815710068,
      0.0003620721399784088,
      0.0004263622686266899
    ],
    "start_timestamps": [
      "2026-07-23 19:47:20.666601+00:00",
      "2026-07-23 19:47:21.147175+00:00",
      "2026-07-23 19:47:21.147628+00:00",
      "2026-07-23 19:47:21.770736+00:00",
      "2026-07-23 19:47:21.771219+00:00",
      "2026-07-23 19:47:21.771675+00:00",
      "2026-07-23 19:47:22.253298+00:00",
      "2026-07-23 19:47:24.058015+00:00",
      "2026-07-23 19:47:24.058322+00:00",
      "2026-07-23 19:47:25.056160+00:00",
      "2026-07-23 19:47:25.056823+00:00",
      "2026-07-23 19:47:25.057179+00:00",
      "2026-07-23 19:47:25.057466+00:00",
      "2026-07-23 19:47:25.057849+00:00"
    ]
  },
  "doc_assemble": {
    "scope": "document",
    "count": 1,
    "times": [
      0.0540308328345418
    ],
    "start_timestamps": [
      "2026-07-23 19:47:25.058525+00:00"
    ]
  },
  "reading_order": {
    "scope": "document",
    "count": 1,
    "times": [
      0.05328248534351587
    ],
    "start_timestamps": [
      "2026-07-23 19:47:25.058727+00:00"
    ]
  },
  "doc_enrich": {
    "scope": "document",
    "count": 1,
    "times": [
      93.19295604061335
    ],
    "start_timestamps": [
      "2026-07-23 19:47:25.112591+00:00"
    ]
  }
}
Function parse_pdf took 197.6894 seconds to execute.
Running: get_tables
Function get_tables took 0.0001 seconds to execute.
Running: get_surrounding_paragraphs
Function get_surrounding_paragraphs took 0.0002 seconds to execute.
