Running: parse_pdf
Raw PDF conversion timings:
{
  "pipeline_total": {
    "scope": "document",
    "count": 1,
    "times": [
      3.080233576707542
    ],
    "start_timestamps": [
      "2026-07-17 19:40:51.850105+00:00"
    ]
  },
  "page_parse": {
    "scope": "page",
    "count": 5,
    "times": [
      0.09762457199394703,
      0.11029337625950575,
      0.11803978960961103,
      0.09602671582251787,
      0.07747741974890232
    ],
    "start_timestamps": [
      "2026-07-17 19:40:51.855423+00:00",
      "2026-07-17 19:40:51.953088+00:00",
      "2026-07-17 19:40:52.063432+00:00",
      "2026-07-17 19:40:52.181514+00:00",
      "2026-07-17 19:40:52.277585+00:00"
    ]
  },
  "ocr": {
    "scope": "page",
    "count": 5,
    "times": [
      0.1191355912014842,
      0.1291957264766097,
      1.1872914275154471,
      1.2594537483528256,
      0.11815282236784697
    ],
    "start_timestamps": [
      "2026-07-17 19:40:51.953340+00:00",
      "2026-07-17 19:40:52.072519+00:00",
      "2026-07-17 19:40:52.201757+00:00",
      "2026-07-17 19:40:53.389158+00:00",
      "2026-07-17 19:40:54.648629+00:00"
    ]
  },
  "layout": {
    "scope": "page",
    "count": 4,
    "times": [
      0.2853039763867855,
      0.026963986456394196,
      0.02839494962245226,
      0.0600481191650033
    ],
    "start_timestamps": [
      "2026-07-17 19:40:52.072595+00:00",
      "2026-07-17 19:40:52.401047+00:00",
      "2026-07-17 19:40:53.389221+00:00",
      "2026-07-17 19:40:54.766950+00:00"
    ]
  },
  "table_structure": {
    "scope": "page",
    "count": 5,
    "times": [
      3.3902935683727264e-05,
      4.552491009235382e-05,
      1.9506551325321198e-05,
      5.6696124374866486e-05,
      3.6519020795822144e-05
    ],
    "start_timestamps": [
      "2026-07-17 19:40:52.401166+00:00",
      "2026-07-17 19:40:52.487837+00:00",
      "2026-07-17 19:40:53.441993+00:00",
      "2026-07-17 19:40:54.906126+00:00",
      "2026-07-17 19:40:54.906192+00:00"
    ]
  },
  "page_assemble": {
    "scope": "page",
    "count": 5,
    "times": [
      0.0010861428454518318,
      0.00042680278420448303,
      0.00022637564688920975,
      0.0005220323801040649,
      0.00038990285247564316
    ],
    "start_timestamps": [
      "2026-07-17 19:40:52.401648+00:00",
      "2026-07-17 19:40:52.487940+00:00",
      "2026-07-17 19:40:53.442043+00:00",
      "2026-07-17 19:40:54.906371+00:00",
      "2026-07-17 19:40:54.906948+00:00"
    ]
  },
  "doc_assemble": {
    "scope": "document",
    "count": 1,
    "times": [
      0.021398606710135937
    ],
    "start_timestamps": [
      "2026-07-17 19:40:54.907521+00:00"
    ]
  },
  "reading_order": {
    "scope": "document",
    "count": 1,
    "times": [
      0.020928283222019672
    ],
    "start_timestamps": [
      "2026-07-17 19:40:54.907613+00:00"
    ]
  },
  "doc_enrich": {
    "scope": "document",
    "count": 1,
    "times": [
      0.0013889726251363754
    ],
    "start_timestamps": [
      "2026-07-17 19:40:54.928944+00:00"
    ]
  }
}
All hyperlinked elements redacted in-memory.
Clean PDF conversion timings:
{
  "pipeline_total": {
    "scope": "document",
    "count": 1,
    "times": [
      3.0545062562450767
    ],
    "start_timestamps": [
      "2026-07-17 19:40:54.993504+00:00"
    ]
  },
  "page_parse": {
    "scope": "page",
    "count": 5,
    "times": [
      0.09413500688970089,
      0.10907670762389898,
      0.1157713932916522,
      0.09651578590273857,
      0.07606014143675566
    ],
    "start_timestamps": [
      "2026-07-17 19:40:54.998179+00:00",
      "2026-07-17 19:40:55.092358+00:00",
      "2026-07-17 19:40:55.201481+00:00",
      "2026-07-17 19:40:55.317298+00:00",
      "2026-07-17 19:40:55.413855+00:00"
    ]
  },
  "ocr": {
    "scope": "page",
    "count": 5,
    "times": [
      0.11940481886267662,
      0.12810157891362906,
      1.118088275194168,
      1.3114505298435688,
      0.12091080192476511
    ],
    "start_timestamps": [
      "2026-07-17 19:40:55.092652+00:00",
      "2026-07-17 19:40:55.212114+00:00",
      "2026-07-17 19:40:55.340255+00:00",
      "2026-07-17 19:40:56.458431+00:00",
      "2026-07-17 19:40:57.769898+00:00"
    ]
  },
  "layout": {
    "scope": "page",
    "count": 4,
    "times": [
      0.28885617945343256,
      0.07082480378448963,
      0.02999482024461031,
      0.059728858061134815
    ],
    "start_timestamps": [
      "2026-07-17 19:40:55.212188+00:00",
      "2026-07-17 19:40:55.538672+00:00",
      "2026-07-17 19:40:56.458493+00:00",
      "2026-07-17 19:40:57.890957+00:00"
    ]
  },
  "table_structure": {
    "scope": "page",
    "count": 5,
    "times": [
      3.410410135984421e-05,
      2.4195760488510132e-05,
      2.1159648895263672e-05,
      2.2792257368564606e-05,
      9.577721357345581e-06
    ],
    "start_timestamps": [
      "2026-07-17 19:40:55.538806+00:00",
      "2026-07-17 19:40:55.653367+00:00",
      "2026-07-17 19:40:56.509915+00:00",
      "2026-07-17 19:40:58.025780+00:00",
      "2026-07-17 19:40:58.025807+00:00"
    ]
  },
  "page_assemble": {
    "scope": "page",
    "count": 5,
    "times": [
      0.0003777705132961273,
      0.0003177886828780174,
      0.0002218782901763916,
      0.00021234992891550064,
      0.00023751705884933472
    ],
    "start_timestamps": [
      "2026-07-17 19:40:55.538909+00:00",
      "2026-07-17 19:40:55.653441+00:00",
      "2026-07-17 19:40:56.509973+00:00",
      "2026-07-17 19:40:58.025915+00:00",
      "2026-07-17 19:40:58.026155+00:00"
    ]
  },
  "doc_assemble": {
    "scope": "document",
    "count": 1,
    "times": [
      0.020043659023940563
    ],
    "start_timestamps": [
      "2026-07-17 19:40:58.026604+00:00"
    ]
  },
  "reading_order": {
    "scope": "document",
    "count": 1,
    "times": [
      0.019658383913338184
    ],
    "start_timestamps": [
      "2026-07-17 19:40:58.026647+00:00"
    ]
  },
  "doc_enrich": {
    "scope": "document",
    "count": 1,
    "times": [
      0.0013338793069124222
    ],
    "start_timestamps": [
      "2026-07-17 19:40:58.046671+00:00"
    ]
  }
}
Function parse_pdf took 6.2973 seconds to execute.
Running: get_tables
Function get_tables took 0.0000 seconds to execute.
Running: get_surrounding_paragraphs
Function get_surrounding_paragraphs took 0.0000 seconds to execute.
