Running: parse_pdf
Raw PDF conversion timings:
{
  "pipeline_total": {
    "scope": "document",
    "count": 1,
    "times": [
      14.253999029286206
    ],
    "start_timestamps": [
      "2026-07-23 18:24:13.568775+00:00"
    ]
  },
  "page_parse": {
    "scope": "page",
    "count": 14,
    "times": [
      0.27214060444384813,
      0.10404363460838795,
      0.11393419094383717,
      0.2561528142541647,
      0.22709781024605036,
      0.2397354757413268,
      0.32886766642332077,
      0.2126359734684229,
      0.20061432663351297,
      0.10924205929040909,
      0.16974622197449207,
      0.10561076551675797,
      0.10878480970859528,
      0.055116401985287666
    ],
    "start_timestamps": [
      "2026-07-23 18:24:13.571234+00:00",
      "2026-07-23 18:24:13.843431+00:00",
      "2026-07-23 18:24:13.947512+00:00",
      "2026-07-23 18:24:14.061491+00:00",
      "2026-07-23 18:24:14.317695+00:00",
      "2026-07-23 18:24:14.544842+00:00",
      "2026-07-23 18:24:14.784637+00:00",
      "2026-07-23 18:24:15.113553+00:00",
      "2026-07-23 18:24:15.326229+00:00",
      "2026-07-23 18:24:15.526883+00:00",
      "2026-07-23 18:24:15.636165+00:00",
      "2026-07-23 18:24:15.805953+00:00",
      "2026-07-23 18:24:15.911615+00:00",
      "2026-07-23 18:24:16.020458+00:00"
    ]
  },
  "ocr": {
    "scope": "page",
    "count": 14,
    "times": [
      1.482890922576189,
      0.2057053977623582,
      0.12314890138804913,
      1.1516641462221742,
      0.895305834710598,
      0.11899673752486706,
      1.227720477618277,
      1.4543069060891867,
      1.9516824036836624,
      0.12025509588420391,
      1.5458220718428493,
      0.7420874489471316,
      0.12694269232451916,
      0.11871977709233761
    ],
    "start_timestamps": [
      "2026-07-23 18:24:13.843933+00:00",
      "2026-07-23 18:24:15.326866+00:00",
      "2026-07-23 18:24:15.532582+00:00",
      "2026-07-23 18:24:15.655745+00:00",
      "2026-07-23 18:24:16.807425+00:00",
      "2026-07-23 18:24:17.702746+00:00",
      "2026-07-23 18:24:17.821752+00:00",
      "2026-07-23 18:24:19.049489+00:00",
      "2026-07-23 18:24:20.503892+00:00",
      "2026-07-23 18:24:22.455591+00:00",
      "2026-07-23 18:24:22.575855+00:00",
      "2026-07-23 18:24:24.121694+00:00",
      "2026-07-23 18:24:24.863797+00:00",
      "2026-07-23 18:24:24.990750+00:00"
    ]
  },
  "layout": {
    "scope": "page",
    "count": 3,
    "times": [
      0.05199636984616518,
      0.10182904731482267,
      0.08082385547459126
    ],
    "start_timestamps": [
      "2026-07-23 18:24:15.326954+00:00",
      "2026-07-23 18:24:20.503991+00:00",
      "2026-07-23 18:24:25.109634+00:00"
    ]
  },
  "table_structure": {
    "scope": "page",
    "count": 14,
    "times": [
      1.799408346414566e-05,
      3.906339406967163e-05,
      1.224316656589508e-05,
      0.6287730252370238,
      2.43261456489563e-05,
      1.7793849110603333e-05,
      8.647330105304718e-06,
      7.333233952522278e-06,
      3.293156623840332e-05,
      1.1461786925792694e-05,
      6.281770765781403e-06,
      6.532296538352966e-06,
      1.252349466085434e-05,
      8.256174623966217e-06
    ],
    "start_timestamps": [
      "2026-07-23 18:24:15.381357+00:00",
      "2026-07-23 18:24:20.824510+00:00",
      "2026-07-23 18:24:20.824554+00:00",
      "2026-07-23 18:24:20.824571+00:00",
      "2026-07-23 18:24:21.453362+00:00",
      "2026-07-23 18:24:21.453575+00:00",
      "2026-07-23 18:24:21.453596+00:00",
      "2026-07-23 18:24:21.453609+00:00",
      "2026-07-23 18:24:25.463890+00:00",
      "2026-07-23 18:24:25.463933+00:00",
      "2026-07-23 18:24:25.463950+00:00",
      "2026-07-23 18:24:25.463959+00:00",
      "2026-07-23 18:24:25.464004+00:00",
      "2026-07-23 18:24:25.464021+00:00"
    ]
  },
  "page_assemble": {
    "scope": "page",
    "count": 14,
    "times": [
      9.87248495221138e-05,
      0.0006617456674575806,
      0.00039819907397031784,
      0.0002104761078953743,
      0.00021808966994285583,
      0.0003804964944720268,
      0.00021129660308361053,
      0.0002406332641839981,
      0.00015334784984588623,
      0.00037167035043239594,
      0.00012032594531774521,
      0.00027954578399658203,
      0.0003917776048183441,
      0.0002275882288813591
    ],
    "start_timestamps": [
      "2026-07-23 18:24:15.381453+00:00",
      "2026-07-23 18:24:21.453660+00:00",
      "2026-07-23 18:24:21.454353+00:00",
      "2026-07-23 18:24:21.454773+00:00",
      "2026-07-23 18:24:21.455003+00:00",
      "2026-07-23 18:24:21.455240+00:00",
      "2026-07-23 18:24:21.455639+00:00",
      "2026-07-23 18:24:21.455867+00:00",
      "2026-07-23 18:24:25.464085+00:00",
      "2026-07-23 18:24:25.464271+00:00",
      "2026-07-23 18:24:25.464666+00:00",
      "2026-07-23 18:24:25.464806+00:00",
      "2026-07-23 18:24:25.465104+00:00",
      "2026-07-23 18:24:25.465517+00:00"
    ]
  },
  "doc_assemble": {
    "scope": "document",
    "count": 1,
    "times": [
      0.04113285429775715
    ],
    "start_timestamps": [
      "2026-07-23 18:24:25.465969+00:00"
    ]
  },
  "reading_order": {
    "scope": "document",
    "count": 1,
    "times": [
      0.04058051481842995
    ],
    "start_timestamps": [
      "2026-07-23 18:24:25.466076+00:00"
    ]
  },
  "doc_enrich": {
    "scope": "document",
    "count": 1,
    "times": [
      2.315618932247162
    ],
    "start_timestamps": [
      "2026-07-23 18:24:25.507134+00:00"
    ]
  }
}
All hyperlinked elements redacted in-memory.
Clean PDF conversion timings:
{
  "pipeline_total": {
    "scope": "document",
    "count": 1,
    "times": [
      12.408704292960465
    ],
    "start_timestamps": [
      "2026-07-23 18:24:27.991053+00:00"
    ]
  },
  "page_parse": {
    "scope": "page",
    "count": 14,
    "times": [
      0.269631702452898,
      0.10227431636303663,
      0.11702588945627213,
      0.24917982053011656,
      0.21059266664087772,
      0.2501021958887577,
      0.322541831061244,
      0.19247814547270536,
      0.5110664647072554,
      0.11020178534090519,
      0.16789184138178825,
      0.1032530078664422,
      0.10034314170479774,
      0.05608779937028885
    ],
    "start_timestamps": [
      "2026-07-23 18:24:27.993617+00:00",
      "2026-07-23 18:24:28.263301+00:00",
      "2026-07-23 18:24:28.365615+00:00",
      "2026-07-23 18:24:28.482684+00:00",
      "2026-07-23 18:24:28.731911+00:00",
      "2026-07-23 18:24:28.942555+00:00",
      "2026-07-23 18:24:29.192711+00:00",
      "2026-07-23 18:24:29.515295+00:00",
      "2026-07-23 18:24:29.707811+00:00",
      "2026-07-23 18:24:30.218917+00:00",
      "2026-07-23 18:24:30.329157+00:00",
      "2026-07-23 18:24:30.497090+00:00",
      "2026-07-23 18:24:30.600393+00:00",
      "2026-07-23 18:24:30.700786+00:00"
    ]
  },
  "ocr": {
    "scope": "page",
    "count": 14,
    "times": [
      1.4454149398952723,
      0.5150821916759014,
      0.12282136548310518,
      0.8436833694577217,
      0.5949009163305163,
      0.12100078165531158,
      0.9315874287858605,
      1.1960816215723753,
      1.608135649934411,
      0.12120040599256754,
      1.2733664056286216,
      0.4289138987660408,
      0.12131078355014324,
      0.11775955930352211
    ],
    "start_timestamps": [
      "2026-07-23 18:24:28.263669+00:00",
      "2026-07-23 18:24:29.709129+00:00",
      "2026-07-23 18:24:30.224225+00:00",
      "2026-07-23 18:24:30.347059+00:00",
      "2026-07-23 18:24:31.190759+00:00",
      "2026-07-23 18:24:31.785676+00:00",
      "2026-07-23 18:24:31.906685+00:00",
      "2026-07-23 18:24:32.838297+00:00",
      "2026-07-23 18:24:34.034504+00:00",
      "2026-07-23 18:24:35.642656+00:00",
      "2026-07-23 18:24:35.763867+00:00",
      "2026-07-23 18:24:37.037249+00:00",
      "2026-07-23 18:24:37.466179+00:00",
      "2026-07-23 18:24:37.587501+00:00"
    ]
  },
  "layout": {
    "scope": "page",
    "count": 3,
    "times": [
      0.051245526410639286,
      0.09572594240307808,
      0.07886370550841093
    ],
    "start_timestamps": [
      "2026-07-23 18:24:29.709237+00:00",
      "2026-07-23 18:24:34.034604+00:00",
      "2026-07-23 18:24:37.705430+00:00"
    ]
  },
  "table_structure": {
    "scope": "page",
    "count": 14,
    "times": [
      1.6991980373859406e-05,
      3.528594970703125e-05,
      1.1772848665714264e-05,
      0.713296121917665,
      2.770218998193741e-05,
      1.2614764273166656e-05,
      7.915310561656952e-06,
      7.363967597484589e-06,
      2.1530315279960632e-05,
      7.914379239082336e-06,
      4.529021680355072e-06,
      5.239620804786682e-06,
      9.87853854894638e-06,
      6.372109055519104e-06
    ],
    "start_timestamps": [
      "2026-07-23 18:24:29.763870+00:00",
      "2026-07-23 18:24:34.325981+00:00",
      "2026-07-23 18:24:34.326022+00:00",
      "2026-07-23 18:24:34.326039+00:00",
      "2026-07-23 18:24:35.039356+00:00",
      "2026-07-23 18:24:35.039604+00:00",
      "2026-07-23 18:24:35.039621+00:00",
      "2026-07-23 18:24:35.039632+00:00",
      "2026-07-23 18:24:38.041474+00:00",
      "2026-07-23 18:24:38.041500+00:00",
      "2026-07-23 18:24:38.041511+00:00",
      "2026-07-23 18:24:38.041519+00:00",
      "2026-07-23 18:24:38.041555+00:00",
      "2026-07-23 18:24:38.041568+00:00"
    ]
  },
  "page_assemble": {
    "scope": "page",
    "count": 14,
    "times": [
      8.622277528047562e-05,
      0.00041420944035053253,
      0.0003769798204302788,
      0.00019287411123514175,
      0.00021260976791381836,
      0.00036858394742012024,
      0.00019924528896808624,
      0.00023369956761598587,
      0.00014374032616615295,
      0.0003202129155397415,
      0.000109146349132061,
      0.0002816803753376007,
      0.0003554588183760643,
      0.00020076800137758255
    ],
    "start_timestamps": [
      "2026-07-23 18:24:29.763946+00:00",
      "2026-07-23 18:24:35.040034+00:00",
      "2026-07-23 18:24:35.040485+00:00",
      "2026-07-23 18:24:35.040883+00:00",
      "2026-07-23 18:24:35.041096+00:00",
      "2026-07-23 18:24:35.041327+00:00",
      "2026-07-23 18:24:35.041713+00:00",
      "2026-07-23 18:24:35.041930+00:00",
      "2026-07-23 18:24:38.041631+00:00",
      "2026-07-23 18:24:38.041805+00:00",
      "2026-07-23 18:24:38.042151+00:00",
      "2026-07-23 18:24:38.042278+00:00",
      "2026-07-23 18:24:38.042580+00:00",
      "2026-07-23 18:24:38.042952+00:00"
    ]
  },
  "doc_assemble": {
    "scope": "document",
    "count": 1,
    "times": [
      0.03932305797934532
    ],
    "start_timestamps": [
      "2026-07-23 18:24:38.043377+00:00"
    ]
  },
  "reading_order": {
    "scope": "document",
    "count": 1,
    "times": [
      0.03872479218989611
    ],
    "start_timestamps": [
      "2026-07-23 18:24:38.043508+00:00"
    ]
  },
  "doc_enrich": {
    "scope": "document",
    "count": 1,
    "times": [
      2.317004358395934
    ],
    "start_timestamps": [
      "2026-07-23 18:24:38.082731+00:00"
    ]
  }
}
Function parse_pdf took 26.9758 seconds to execute.
Running: get_tables
Function get_tables took 0.0001 seconds to execute.
Running: get_surrounding_paragraphs
Function get_surrounding_paragraphs took 0.0001 seconds to execute.
