Running: parse_pdf
Raw PDF conversion timings:
{
  "pipeline_total": {
    "scope": "document",
    "count": 1,
    "times": [
      6.618882456794381
    ],
    "start_timestamps": [
      "2026-07-23 17:04:33.371315+00:00"
    ]
  },
  "page_parse": {
    "scope": "page",
    "count": 7,
    "times": [
      0.07778813131153584,
      0.09152288176119328,
      0.045352326706051826,
      0.07610300090163946,
      0.07883948925882578,
      0.11059188935905695,
      0.07996294368058443
    ],
    "start_timestamps": [
      "2026-07-23 17:04:33.375693+00:00",
      "2026-07-23 17:04:33.453520+00:00",
      "2026-07-23 17:04:33.545078+00:00",
      "2026-07-23 17:04:33.590469+00:00",
      "2026-07-23 17:04:33.666612+00:00",
      "2026-07-23 17:04:33.745494+00:00",
      "2026-07-23 17:04:33.856125+00:00"
    ]
  },
  "ocr": {
    "scope": "page",
    "count": 7,
    "times": [
      0.13949732203036547,
      0.48593131825327873,
      0.8306651851162314,
      1.4230031175538898,
      0.8798937946557999,
      0.12138129863888025,
      0.12017175275832415
    ],
    "start_timestamps": [
      "2026-07-23 17:04:33.453766+00:00",
      "2026-07-23 17:04:33.593295+00:00",
      "2026-07-23 17:04:34.079242+00:00",
      "2026-07-23 17:04:34.909966+00:00",
      "2026-07-23 17:04:36.332985+00:00",
      "2026-07-23 17:04:37.212894+00:00",
      "2026-07-23 17:04:37.334285+00:00"
    ]
  },
  "layout": {
    "scope": "page",
    "count": 3,
    "times": [
      0.15428791847079992,
      0.06835180800408125,
      0.06781045906245708
    ],
    "start_timestamps": [
      "2026-07-23 17:04:33.593378+00:00",
      "2026-07-23 17:04:34.910036+00:00",
      "2026-07-23 17:04:37.454600+00:00"
    ]
  },
  "table_structure": {
    "scope": "page",
    "count": 7,
    "times": [
      2.025812864303589e-05,
      2.3174099624156952e-05,
      6.882473826408386e-06,
      2.9855407774448395e-05,
      9.357929229736328e-06,
      0.20525076054036617,
      3.2641924917697906e-05
    ],
    "start_timestamps": [
      "2026-07-23 17:04:33.776423+00:00",
      "2026-07-23 17:04:35.017784+00:00",
      "2026-07-23 17:04:35.017810+00:00",
      "2026-07-23 17:04:37.604082+00:00",
      "2026-07-23 17:04:37.604118+00:00",
      "2026-07-23 17:04:37.604131+00:00",
      "2026-07-23 17:04:37.809398+00:00"
    ]
  },
  "page_assemble": {
    "scope": "page",
    "count": 7,
    "times": [
      0.0012295441702008247,
      0.0002921195700764656,
      5.8430247008800507e-05,
      0.00027481745928525925,
      0.00016182474792003632,
      0.0005575791001319885,
      0.00020761042833328247
    ],
    "start_timestamps": [
      "2026-07-23 17:04:33.776499+00:00",
      "2026-07-23 17:04:35.017853+00:00",
      "2026-07-23 17:04:35.018180+00:00",
      "2026-07-23 17:04:37.809576+00:00",
      "2026-07-23 17:04:37.809887+00:00",
      "2026-07-23 17:04:37.810072+00:00",
      "2026-07-23 17:04:37.810655+00:00"
    ]
  },
  "doc_assemble": {
    "scope": "document",
    "count": 1,
    "times": [
      0.02827823255211115
    ],
    "start_timestamps": [
      "2026-07-23 17:04:37.811020+00:00"
    ]
  },
  "reading_order": {
    "scope": "document",
    "count": 1,
    "times": [
      0.02786379400640726
    ],
    "start_timestamps": [
      "2026-07-23 17:04:37.811077+00:00"
    ]
  },
  "doc_enrich": {
    "scope": "document",
    "count": 1,
    "times": [
      2.150846781209111
    ],
    "start_timestamps": [
      "2026-07-23 17:04:37.839322+00:00"
    ]
  }
}
All hyperlinked elements redacted in-memory.
Clean PDF conversion timings:
{
  "pipeline_total": {
    "scope": "document",
    "count": 1,
    "times": [
      6.607072036713362
    ],
    "start_timestamps": [
      "2026-07-23 17:04:40.109904+00:00"
    ]
  },
  "page_parse": {
    "scope": "page",
    "count": 7,
    "times": [
      0.07319138385355473,
      0.09062073472887278,
      0.043994330801069736,
      0.07679913099855185,
      0.07636075560003519,
      0.10519091784954071,
      0.08268754929304123
    ],
    "start_timestamps": [
      "2026-07-23 17:04:40.113545+00:00",
      "2026-07-23 17:04:40.186776+00:00",
      "2026-07-23 17:04:40.277443+00:00",
      "2026-07-23 17:04:40.321477+00:00",
      "2026-07-23 17:04:40.398318+00:00",
      "2026-07-23 17:04:40.474722+00:00",
      "2026-07-23 17:04:40.579953+00:00"
    ]
  },
  "ocr": {
    "scope": "page",
    "count": 7,
    "times": [
      0.1378123927861452,
      0.47351433616131544,
      0.8281651623547077,
      1.4129478400573134,
      0.8978730207309127,
      0.12212703097611666,
      0.1201219791546464
    ],
    "start_timestamps": [
      "2026-07-23 17:04:40.187033+00:00",
      "2026-07-23 17:04:40.324879+00:00",
      "2026-07-23 17:04:40.798419+00:00",
      "2026-07-23 17:04:41.626670+00:00",
      "2026-07-23 17:04:43.039633+00:00",
      "2026-07-23 17:04:43.937520+00:00",
      "2026-07-23 17:04:44.059656+00:00"
    ]
  },
  "layout": {
    "scope": "page",
    "count": 3,
    "times": [
      0.1568778119981289,
      0.057232107035815716,
      0.06822416838258505
    ],
    "start_timestamps": [
      "2026-07-23 17:04:40.324962+00:00",
      "2026-07-23 17:04:41.626739+00:00",
      "2026-07-23 17:04:44.179929+00:00"
    ]
  },
  "table_structure": {
    "scope": "page",
    "count": 7,
    "times": [
      2.8683803975582123e-05,
      3.361329436302185e-05,
      8.294358849525452e-06,
      2.4145469069480896e-05,
      1.1651776731014252e-05,
      0.20481568295508623,
      2.4335458874702454e-05
    ],
    "start_timestamps": [
      "2026-07-23 17:04:40.588343+00:00",
      "2026-07-23 17:04:41.726378+00:00",
      "2026-07-23 17:04:41.726417+00:00",
      "2026-07-23 17:04:44.333901+00:00",
      "2026-07-23 17:04:44.333930+00:00",
      "2026-07-23 17:04:44.333950+00:00",
      "2026-07-23 17:04:44.538783+00:00"
    ]
  },
  "page_assemble": {
    "scope": "page",
    "count": 7,
    "times": [
      0.0002629449591040611,
      0.00036824215203523636,
      7.550232112407684e-05,
      0.0002777315676212311,
      0.0001730155199766159,
      0.00026055052876472473,
      0.0001728646457195282
    ],
    "start_timestamps": [
      "2026-07-23 17:04:40.588437+00:00",
      "2026-07-23 17:04:41.726482+00:00",
      "2026-07-23 17:04:41.726886+00:00",
      "2026-07-23 17:04:44.538951+00:00",
      "2026-07-23 17:04:44.539266+00:00",
      "2026-07-23 17:04:44.539464+00:00",
      "2026-07-23 17:04:44.539746+00:00"
    ]
  },
  "doc_assemble": {
    "scope": "document",
    "count": 1,
    "times": [
      0.028546547517180443
    ],
    "start_timestamps": [
      "2026-07-23 17:04:44.540102+00:00"
    ]
  },
  "reading_order": {
    "scope": "document",
    "count": 1,
    "times": [
      0.028106991201639175
    ],
    "start_timestamps": [
      "2026-07-23 17:04:44.540163+00:00"
    ]
  },
  "doc_enrich": {
    "scope": "document",
    "count": 1,
    "times": [
      2.148284552618861
    ],
    "start_timestamps": [
      "2026-07-23 17:04:44.568678+00:00"
    ]
  }
}
Function parse_pdf took 13.4794 seconds to execute.
Running: get_tables
Function get_tables took 0.0000 seconds to execute.
Running: get_surrounding_paragraphs
Function get_surrounding_paragraphs took 0.0001 seconds to execute.
