Running: parse_pdf
Raw PDF conversion timings:
{
  "pipeline_total": {
    "scope": "document",
    "count": 1,
    "times": [
      55.25121907424182
    ],
    "start_timestamps": [
      "2026-07-23 18:03:09.850596+00:00"
    ]
  },
  "page_parse": {
    "scope": "page",
    "count": 13,
    "times": [
      0.13541390094906092,
      0.1721964655444026,
      0.14390891697257757,
      0.1639046734198928,
      0.18968790024518967,
      0.1640128456056118,
      0.2275057528167963,
      0.19315494317561388,
      0.1251438958570361,
      0.22241716645658016,
      0.2338913381099701,
      0.1834296528249979,
      0.1249767504632473
    ],
    "start_timestamps": [
      "2026-07-23 18:03:09.856903+00:00",
      "2026-07-23 18:03:09.992359+00:00",
      "2026-07-23 18:03:10.164592+00:00",
      "2026-07-23 18:03:10.308546+00:00",
      "2026-07-23 18:03:10.472507+00:00",
      "2026-07-23 18:03:10.662241+00:00",
      "2026-07-23 18:03:10.826294+00:00",
      "2026-07-23 18:03:11.053847+00:00",
      "2026-07-23 18:03:11.247046+00:00",
      "2026-07-23 18:03:11.372231+00:00",
      "2026-07-23 18:03:11.594699+00:00",
      "2026-07-23 18:03:11.828633+00:00",
      "2026-07-23 18:03:12.012107+00:00"
    ]
  },
  "ocr": {
    "scope": "page",
    "count": 13,
    "times": [
      0.1763800773769617,
      2.030181046575308,
      0.13557121809571981,
      1.4713492905721068,
      1.23762031737715,
      1.2605945682153106,
      1.6274361135438085,
      1.4042329359799623,
      0.11891146842390299,
      0.43432707339525223,
      1.8973007928580046,
      0.12225531972944736,
      0.12152246199548244
    ],
    "start_timestamps": [
      "2026-07-23 18:03:09.992528+00:00",
      "2026-07-23 18:03:10.168940+00:00",
      "2026-07-23 18:03:12.199235+00:00",
      "2026-07-23 18:03:12.334815+00:00",
      "2026-07-23 18:03:13.806182+00:00",
      "2026-07-23 18:03:15.043819+00:00",
      "2026-07-23 18:03:16.304430+00:00",
      "2026-07-23 18:03:17.931881+00:00",
      "2026-07-23 18:03:19.336130+00:00",
      "2026-07-23 18:03:19.455051+00:00",
      "2026-07-23 18:03:19.889395+00:00",
      "2026-07-23 18:03:21.786712+00:00",
      "2026-07-23 18:03:21.908979+00:00"
    ]
  },
  "layout": {
    "scope": "page",
    "count": 3,
    "times": [
      0.17800067737698555,
      0.029002164490520954,
      0.12954708095639944
    ],
    "start_timestamps": [
      "2026-07-23 18:03:10.169014+00:00",
      "2026-07-23 18:03:12.199312+00:00",
      "2026-07-23 18:03:22.030737+00:00"
    ]
  },
  "table_structure": {
    "scope": "page",
    "count": 13,
    "times": [
      6.843917071819305e-05,
      2.7552247047424316e-05,
      0.5356447650119662,
      2.3934990167617798e-05,
      1.2492761015892029e-05,
      0.2758375098928809,
      2.2753141820430756e-05,
      1.1531636118888855e-05,
      0.9595363596454263,
      2.4215318262577057e-05,
      1.3505108654499054e-05,
      0.2261324180290103,
      3.4525059163570404e-05
    ],
    "start_timestamps": [
      "2026-07-23 18:03:10.477998+00:00",
      "2026-07-23 18:03:12.256290+00:00",
      "2026-07-23 18:03:22.504275+00:00",
      "2026-07-23 18:03:23.039933+00:00",
      "2026-07-23 18:03:23.039960+00:00",
      "2026-07-23 18:03:23.039976+00:00",
      "2026-07-23 18:03:23.315966+00:00",
      "2026-07-23 18:03:23.315992+00:00",
      "2026-07-23 18:03:23.316007+00:00",
      "2026-07-23 18:03:24.275559+00:00",
      "2026-07-23 18:03:24.275755+00:00",
      "2026-07-23 18:03:24.275772+00:00",
      "2026-07-23 18:03:24.501920+00:00"
    ]
  },
  "page_assemble": {
    "scope": "page",
    "count": 13,
    "times": [
      0.00026880670338869095,
      0.0004309406504034996,
      0.0003838520497083664,
      0.00023818761110305786,
      0.0002493094652891159,
      0.00017536990344524384,
      0.00018015876412391663,
      0.00019396468997001648,
      0.00023155659437179565,
      0.0002424865961074829,
      0.00023286882787942886,
      0.0003114156424999237,
      0.0003317156806588173
    ],
    "start_timestamps": [
      "2026-07-23 18:03:10.478124+00:00",
      "2026-07-23 18:03:12.256365+00:00",
      "2026-07-23 18:03:23.316816+00:00",
      "2026-07-23 18:03:23.317235+00:00",
      "2026-07-23 18:03:23.317495+00:00",
      "2026-07-23 18:03:23.317763+00:00",
      "2026-07-23 18:03:24.275829+00:00",
      "2026-07-23 18:03:24.276042+00:00",
      "2026-07-23 18:03:24.276260+00:00",
      "2026-07-23 18:03:24.276511+00:00",
      "2026-07-23 18:03:24.502151+00:00",
      "2026-07-23 18:03:24.502428+00:00",
      "2026-07-23 18:03:24.502761+00:00"
    ]
  },
  "doc_assemble": {
    "scope": "document",
    "count": 1,
    "times": [
      0.061780232936143875
    ],
    "start_timestamps": [
      "2026-07-23 18:03:24.503309+00:00"
    ]
  },
  "reading_order": {
    "scope": "document",
    "count": 1,
    "times": [
      0.06114639062434435
    ],
    "start_timestamps": [
      "2026-07-23 18:03:24.503486+00:00"
    ]
  },
  "doc_enrich": {
    "scope": "document",
    "count": 1,
    "times": [
      40.53667413070798
    ],
    "start_timestamps": [
      "2026-07-23 18:03:24.565121+00:00"
    ]
  }
}
All hyperlinked elements redacted in-memory.
Clean PDF conversion timings:
{
  "pipeline_total": {
    "scope": "document",
    "count": 1,
    "times": [
      54.780401970259845
    ],
    "start_timestamps": [
      "2026-07-23 18:04:05.197450+00:00"
    ]
  },
  "page_parse": {
    "scope": "page",
    "count": 13,
    "times": [
      0.136926026083529,
      0.17252919171005487,
      0.14509631972759962,
      0.16722783632576466,
      0.2583305761218071,
      0.5591251282021403,
      0.22176252491772175,
      0.21418629866093397,
      0.1667861845344305,
      0.22251084353774786,
      0.2866058927029371,
      0.17317761201411486,
      0.13081811275333166
    ],
    "start_timestamps": [
      "2026-07-23 18:04:05.203994+00:00",
      "2026-07-23 18:04:05.340967+00:00",
      "2026-07-23 18:04:05.513535+00:00",
      "2026-07-23 18:04:05.658675+00:00",
      "2026-07-23 18:04:05.825948+00:00",
      "2026-07-23 18:04:06.084322+00:00",
      "2026-07-23 18:04:06.643485+00:00",
      "2026-07-23 18:04:06.865291+00:00",
      "2026-07-23 18:04:07.079524+00:00",
      "2026-07-23 18:04:07.246355+00:00",
      "2026-07-23 18:04:07.468916+00:00",
      "2026-07-23 18:04:07.755566+00:00",
      "2026-07-23 18:04:07.928786+00:00"
    ]
  },
  "ocr": {
    "scope": "page",
    "count": 13,
    "times": [
      0.17617764696478844,
      2.242232128046453,
      0.17688528914004564,
      1.4734464958310127,
      1.2047575963661075,
      1.2232447611168027,
      1.550463531166315,
      1.3548117792233825,
      0.11909199319779873,
      0.42850776202976704,
      1.8858191519975662,
      0.18220638018101454,
      0.18457424640655518
    ],
    "start_timestamps": [
      "2026-07-23 18:04:05.341071+00:00",
      "2026-07-23 18:04:05.517281+00:00",
      "2026-07-23 18:04:07.759570+00:00",
      "2026-07-23 18:04:07.936470+00:00",
      "2026-07-23 18:04:09.409937+00:00",
      "2026-07-23 18:04:10.614716+00:00",
      "2026-07-23 18:04:11.837970+00:00",
      "2026-07-23 18:04:13.388451+00:00",
      "2026-07-23 18:04:14.743277+00:00",
      "2026-07-23 18:04:14.862379+00:00",
      "2026-07-23 18:04:15.290904+00:00",
      "2026-07-23 18:04:17.176865+00:00",
      "2026-07-23 18:04:17.359083+00:00"
    ]
  },
  "layout": {
    "scope": "page",
    "count": 4,
    "times": [
      0.17991593200713396,
      0.18491552956402302,
      0.10814803931862116,
      0.05947296414524317
    ],
    "start_timestamps": [
      "2026-07-23 18:04:05.517370+00:00",
      "2026-07-23 18:04:07.759626+00:00",
      "2026-07-23 18:04:17.176977+00:00",
      "2026-07-23 18:04:17.543767+00:00"
    ]
  },
  "table_structure": {
    "scope": "page",
    "count": 13,
    "times": [
      2.3354776203632355e-05,
      3.5227276384830475e-05,
      0.621417723596096,
      2.5467947125434875e-05,
      1.1912547051906586e-05,
      0.2755776233971119,
      2.2592023015022278e-05,
      1.1290423572063446e-05,
      0.9595902254804969,
      2.4585984647274017e-05,
      1.3665296137332916e-05,
      0.2252796534448862,
      3.345310688018799e-05
    ],
    "start_timestamps": [
      "2026-07-23 18:04:05.827810+00:00",
      "2026-07-23 18:04:08.062047+00:00",
      "2026-07-23 18:04:17.541805+00:00",
      "2026-07-23 18:04:18.163237+00:00",
      "2026-07-23 18:04:18.163266+00:00",
      "2026-07-23 18:04:18.163281+00:00",
      "2026-07-23 18:04:18.439011+00:00",
      "2026-07-23 18:04:18.439037+00:00",
      "2026-07-23 18:04:18.439052+00:00",
      "2026-07-23 18:04:19.398659+00:00",
      "2026-07-23 18:04:19.398901+00:00",
      "2026-07-23 18:04:19.398919+00:00",
      "2026-07-23 18:04:19.624214+00:00"
    ]
  },
  "page_assemble": {
    "scope": "page",
    "count": 13,
    "times": [
      0.0002993438392877579,
      0.0003285277634859085,
      0.00048481300473213196,
      0.00023440085351467133,
      0.0002470454201102257,
      0.00017333589494228363,
      0.00015585310757160187,
      0.0001644892618060112,
      0.00023846887052059174,
      0.0002408428117632866,
      0.00024027284234762192,
      0.00029700901359319687,
      0.00032333750277757645
    ],
    "start_timestamps": [
      "2026-07-23 18:04:05.827929+00:00",
      "2026-07-23 18:04:08.062125+00:00",
      "2026-07-23 18:04:18.439119+00:00",
      "2026-07-23 18:04:18.439645+00:00",
      "2026-07-23 18:04:18.439900+00:00",
      "2026-07-23 18:04:18.440165+00:00",
      "2026-07-23 18:04:19.398974+00:00",
      "2026-07-23 18:04:19.399157+00:00",
      "2026-07-23 18:04:19.399341+00:00",
      "2026-07-23 18:04:19.399601+00:00",
      "2026-07-23 18:04:19.624457+00:00",
      "2026-07-23 18:04:19.624731+00:00",
      "2026-07-23 18:04:19.625051+00:00"
    ]
  },
  "doc_assemble": {
    "scope": "document",
    "count": 1,
    "times": [
      0.06069466285407543
    ],
    "start_timestamps": [
      "2026-07-23 18:04:19.625623+00:00"
    ]
  },
  "reading_order": {
    "scope": "document",
    "count": 1,
    "times": [
      0.060093061067163944
    ],
    "start_timestamps": [
      "2026-07-23 18:04:19.625772+00:00"
    ]
  },
  "doc_enrich": {
    "scope": "document",
    "count": 1,
    "times": [
      40.29146207496524
    ],
    "start_timestamps": [
      "2026-07-23 18:04:19.686350+00:00"
    ]
  }
}
Function parse_pdf took 110.5600 seconds to execute.
Running: get_tables
Function get_tables took 0.0001 seconds to execute.
Running: get_surrounding_paragraphs
Function get_surrounding_paragraphs took 0.0001 seconds to execute.
