Running: parse_pdf
Raw PDF conversion timings:
{
  "pipeline_total": {
    "scope": "document",
    "count": 1,
    "times": [
      9.792460106313229
    ],
    "start_timestamps": [
      "2026-07-17 20:59:05.056594+00:00"
    ]
  },
  "page_parse": {
    "scope": "page",
    "count": 7,
    "times": [
      0.1710326224565506,
      0.09271947667002678,
      0.13597025349736214,
      0.1855922592803836,
      0.16926806140691042,
      0.0921249371021986,
      0.05664951168000698
    ],
    "start_timestamps": [
      "2026-07-17 20:59:05.067430+00:00",
      "2026-07-17 20:59:05.238505+00:00",
      "2026-07-17 20:59:05.331264+00:00",
      "2026-07-17 20:59:05.467278+00:00",
      "2026-07-17 20:59:05.652911+00:00",
      "2026-07-17 20:59:05.822221+00:00",
      "2026-07-17 20:59:05.914389+00:00"
    ]
  },
  "ocr": {
    "scope": "page",
    "count": 7,
    "times": [
      0.12466965802013874,
      0.1236395500600338,
      0.9396432209759951,
      1.6325921332463622,
      0.7289811354130507,
      0.1271165832877159,
      0.11863585468381643
    ],
    "start_timestamps": [
      "2026-07-17 20:59:05.238787+00:00",
      "2026-07-17 20:59:05.363501+00:00",
      "2026-07-17 20:59:05.487175+00:00",
      "2026-07-17 20:59:06.426906+00:00",
      "2026-07-17 20:59:08.059515+00:00",
      "2026-07-17 20:59:08.788520+00:00",
      "2026-07-17 20:59:08.915658+00:00"
    ]
  },
  "layout": {
    "scope": "page",
    "count": 4,
    "times": [
      0.14190967939794064,
      0.12321437895298004,
      0.02760368399322033,
      0.07611595187336206
    ],
    "start_timestamps": [
      "2026-07-17 20:59:05.363576+00:00",
      "2026-07-17 20:59:05.556497+00:00",
      "2026-07-17 20:59:06.426965+00:00",
      "2026-07-17 20:59:09.034475+00:00"
    ]
  },
  "table_structure": {
    "scope": "page",
    "count": 7,
    "times": [
      2.8753653168678284e-05,
      2.201087772846222e-05,
      0.33960916195064783,
      0.26510574389249086,
      0.49010798521339893,
      3.358256071805954e-05,
      1.016911119222641e-05
    ],
    "start_timestamps": [
      "2026-07-17 20:59:05.556592+00:00",
      "2026-07-17 20:59:05.733767+00:00",
      "2026-07-17 20:59:06.513767+00:00",
      "2026-07-17 20:59:09.354621+00:00",
      "2026-07-17 20:59:09.619739+00:00",
      "2026-07-17 20:59:10.109862+00:00",
      "2026-07-17 20:59:10.109898+00:00"
    ]
  },
  "page_assemble": {
    "scope": "page",
    "count": 7,
    "times": [
      0.0006629675626754761,
      0.0003127278760075569,
      0.0003817295655608177,
      0.000431060791015625,
      0.0003988109529018402,
      0.00045482534915208817,
      0.00013473257422447205
    ],
    "start_timestamps": [
      "2026-07-17 20:59:05.556679+00:00",
      "2026-07-17 20:59:05.733827+00:00",
      "2026-07-17 20:59:06.853531+00:00",
      "2026-07-17 20:59:10.110063+00:00",
      "2026-07-17 20:59:10.110536+00:00",
      "2026-07-17 20:59:10.110962+00:00",
      "2026-07-17 20:59:10.111436+00:00"
    ]
  },
  "doc_assemble": {
    "scope": "document",
    "count": 1,
    "times": [
      0.031114771030843258
    ],
    "start_timestamps": [
      "2026-07-17 20:59:10.111767+00:00"
    ]
  },
  "reading_order": {
    "scope": "document",
    "count": 1,
    "times": [
      0.030645267106592655
    ],
    "start_timestamps": [
      "2026-07-17 20:59:10.111836+00:00"
    ]
  },
  "doc_enrich": {
    "scope": "document",
    "count": 1,
    "times": [
      4.706130196340382
    ],
    "start_timestamps": [
      "2026-07-17 20:59:10.142905+00:00"
    ]
  }
}
All hyperlinked elements redacted in-memory.
Clean PDF conversion timings:
{
  "pipeline_total": {
    "scope": "document",
    "count": 1,
    "times": [
      10.03168735280633
    ],
    "start_timestamps": [
      "2026-07-17 20:59:14.955112+00:00"
    ]
  },
  "page_parse": {
    "scope": "page",
    "count": 7,
    "times": [
      0.09492337331175804,
      0.09219451807439327,
      0.13800059352070093,
      0.1907123439013958,
      0.16527066938579082,
      0.10438387468457222,
      0.1060252245515585
    ],
    "start_timestamps": [
      "2026-07-17 20:59:14.965225+00:00",
      "2026-07-17 20:59:15.060196+00:00",
      "2026-07-17 20:59:15.152436+00:00",
      "2026-07-17 20:59:15.290487+00:00",
      "2026-07-17 20:59:15.481247+00:00",
      "2026-07-17 20:59:15.646564+00:00",
      "2026-07-17 20:59:15.751000+00:00"
    ]
  },
  "ocr": {
    "scope": "page",
    "count": 7,
    "times": [
      0.12750575505197048,
      0.12599611468613148,
      0.9440380008891225,
      1.88988424744457,
      0.9179509971290827,
      0.12162804044783115,
      0.11650870740413666
    ],
    "start_timestamps": [
      "2026-07-17 20:59:15.060552+00:00",
      "2026-07-17 20:59:15.188102+00:00",
      "2026-07-17 20:59:15.314144+00:00",
      "2026-07-17 20:59:16.258271+00:00",
      "2026-07-17 20:59:18.148174+00:00",
      "2026-07-17 20:59:19.066143+00:00",
      "2026-07-17 20:59:19.187781+00:00"
    ]
  },
  "layout": {
    "scope": "page",
    "count": 4,
    "times": [
      0.14994663279503584,
      0.11993442755192518,
      0.027575340121984482,
      0.07212295196950436
    ],
    "start_timestamps": [
      "2026-07-17 20:59:15.188176+00:00",
      "2026-07-17 20:59:15.383158+00:00",
      "2026-07-17 20:59:16.258335+00:00",
      "2026-07-17 20:59:19.304492+00:00"
    ]
  },
  "table_structure": {
    "scope": "page",
    "count": 7,
    "times": [
      1.2573786079883575e-05,
      1.9706785678863525e-05,
      0.3401547782123089,
      0.2650228226557374,
      0.4889556998386979,
      3.3622607588768005e-05,
      9.728595614433289e-06
    ],
    "start_timestamps": [
      "2026-07-17 20:59:15.383226+00:00",
      "2026-07-17 20:59:15.552630+00:00",
      "2026-07-17 20:59:16.343947+00:00",
      "2026-07-17 20:59:19.612634+00:00",
      "2026-07-17 20:59:19.877671+00:00",
      "2026-07-17 20:59:20.366639+00:00",
      "2026-07-17 20:59:20.366676+00:00"
    ]
  },
  "page_assemble": {
    "scope": "page",
    "count": 7,
    "times": [
      0.0003052549436688423,
      0.00028815213590860367,
      0.00034386664628982544,
      0.0003809873014688492,
      0.00035188160836696625,
      0.0003947727382183075,
      0.00012919306755065918
    ],
    "start_timestamps": [
      "2026-07-17 20:59:15.383282+00:00",
      "2026-07-17 20:59:15.552681+00:00",
      "2026-07-17 20:59:16.684234+00:00",
      "2026-07-17 20:59:20.366842+00:00",
      "2026-07-17 20:59:20.367263+00:00",
      "2026-07-17 20:59:20.367636+00:00",
      "2026-07-17 20:59:20.368049+00:00"
    ]
  },
  "doc_assemble": {
    "scope": "document",
    "count": 1,
    "times": [
      0.02966114692389965
    ],
    "start_timestamps": [
      "2026-07-17 20:59:20.368350+00:00"
    ]
  },
  "reading_order": {
    "scope": "document",
    "count": 1,
    "times": [
      0.029219466261565685
    ],
    "start_timestamps": [
      "2026-07-17 20:59:20.368426+00:00"
    ]
  },
  "doc_enrich": {
    "scope": "document",
    "count": 1,
    "times": [
      4.588747055269778
    ],
    "start_timestamps": [
      "2026-07-17 20:59:20.398034+00:00"
    ]
  }
}
Function parse_pdf took 20.1693 seconds to execute.
Running: get_tables
Function get_tables took 0.0001 seconds to execute.
Running: get_surrounding_paragraphs
Function get_surrounding_paragraphs took 0.0001 seconds to execute.
