Running: parse_pdf
Raw PDF conversion timings:
{
  "pipeline_total": {
    "scope": "document",
    "count": 1,
    "times": [
      37.819648308097385
    ],
    "start_timestamps": [
      "2026-07-23 10:00:06.945767+00:00"
    ]
  },
  "page_parse": {
    "scope": "page",
    "count": 22,
    "times": [
      0.043967240024358034,
      0.03163432900328189,
      0.03233117295894772,
      0.0807429919950664,
      0.05746350297704339,
      0.07884611596819013,
      0.08116863400209695,
      0.1195383919402957,
      0.07416262594051659,
      0.11830607801675797,
      0.06259063992183656,
      0.0898974200244993,
      0.03032731602434069,
      0.0874731499934569,
      0.0396557510830462,
      0.07810115197207779,
      0.1403385360026732,
      0.14419239095877856,
      0.16071645310148597,
      0.13844196998979896,
      0.14575038792099804,
      0.07271186099387705
    ],
    "start_timestamps": [
      "2026-07-23 10:00:06.950202+00:00",
      "2026-07-23 10:00:06.994206+00:00",
      "2026-07-23 10:00:07.025869+00:00",
      "2026-07-23 10:00:07.058230+00:00",
      "2026-07-23 10:00:07.139010+00:00",
      "2026-07-23 10:00:07.196515+00:00",
      "2026-07-23 10:00:07.275403+00:00",
      "2026-07-23 10:00:07.356609+00:00",
      "2026-07-23 10:00:07.476188+00:00",
      "2026-07-23 10:00:07.550390+00:00",
      "2026-07-23 10:00:07.668737+00:00",
      "2026-07-23 10:00:07.731368+00:00",
      "2026-07-23 10:00:07.821307+00:00",
      "2026-07-23 10:00:07.851674+00:00",
      "2026-07-23 10:00:07.939193+00:00",
      "2026-07-23 10:00:07.978895+00:00",
      "2026-07-23 10:00:08.057042+00:00",
      "2026-07-23 10:00:08.197430+00:00",
      "2026-07-23 10:00:08.341879+00:00",
      "2026-07-23 10:00:08.502633+00:00",
      "2026-07-23 10:00:08.641127+00:00",
      "2026-07-23 10:00:08.786927+00:00"
    ]
  },
  "ocr": {
    "scope": "page",
    "count": 22,
    "times": [
      0.1468451819382608,
      0.13694825395941734,
      0.20205659104976803,
      0.19174354698043317,
      0.15275614603888243,
      3.645053297979757,
      2.0627669059904292,
      2.766673828009516,
      2.593860197928734,
      2.1936503269243985,
      0.12815427500754595,
      2.233219004003331,
      0.12878960196394473,
      2.183589290943928,
      0.12801029800903052,
      0.12475130497477949,
      2.478266665013507,
      1.9931738149607554,
      3.1946063470095396,
      1.9036059989593923,
      2.3531300539616495,
      0.1256657880730927
    ],
    "start_timestamps": [
      "2026-07-23 10:00:06.994416+00:00",
      "2026-07-23 10:00:07.141293+00:00",
      "2026-07-23 10:00:07.278254+00:00",
      "2026-07-23 10:00:07.480323+00:00",
      "2026-07-23 10:00:07.672110+00:00",
      "2026-07-23 10:00:07.824882+00:00",
      "2026-07-23 10:00:11.469952+00:00",
      "2026-07-23 10:00:13.532737+00:00",
      "2026-07-23 10:00:16.299430+00:00",
      "2026-07-23 10:00:18.893322+00:00",
      "2026-07-23 10:00:21.087067+00:00",
      "2026-07-23 10:00:21.215232+00:00",
      "2026-07-23 10:00:23.448471+00:00",
      "2026-07-23 10:00:23.577272+00:00",
      "2026-07-23 10:00:25.760880+00:00",
      "2026-07-23 10:00:25.888900+00:00",
      "2026-07-23 10:00:26.013660+00:00",
      "2026-07-23 10:00:28.491951+00:00",
      "2026-07-23 10:00:30.485142+00:00",
      "2026-07-23 10:00:33.679776+00:00",
      "2026-07-23 10:00:35.583401+00:00",
      "2026-07-23 10:00:37.936548+00:00"
    ]
  },
  "layout": {
    "scope": "page",
    "count": 4,
    "times": [
      0.14524648897349834,
      0.1828720630146563,
      0.0785517820622772,
      0.14333562995307148
    ],
    "start_timestamps": [
      "2026-07-23 10:00:07.141360+00:00",
      "2026-07-23 10:00:07.672183+00:00",
      "2026-07-23 10:00:21.087177+00:00",
      "2026-07-23 10:00:38.062509+00:00"
    ]
  },
  "table_structure": {
    "scope": "page",
    "count": 22,
    "times": [
      1.6771024093031883e-05,
      0.36050514795351774,
      0.7930749980732799,
      2.0097941160202026e-05,
      2.3724976927042007e-05,
      7.724040187895298e-06,
      5.140085704624653e-06,
      4.508998245000839e-06,
      7.573980838060379e-06,
      5.489913746714592e-06,
      1.082115032011643,
      1.8024002201855183e-05,
      0.4909218690590933,
      2.3423926904797554e-05,
      1.3474957086145878e-05,
      7.072929292917252e-06,
      6.002024747431278e-06,
      4.879082553088665e-06,
      7.254071533679962e-06,
      6.050919182598591e-06,
      5.3300755098462105e-06,
      1.2474018149077892e-05
    ],
    "start_timestamps": [
      "2026-07-23 10:00:07.288629+00:00",
      "2026-07-23 10:00:07.865406+00:00",
      "2026-07-23 10:00:08.225929+00:00",
      "2026-07-23 10:00:09.019022+00:00",
      "2026-07-23 10:00:21.180138+00:00",
      "2026-07-23 10:00:21.180166+00:00",
      "2026-07-23 10:00:21.180178+00:00",
      "2026-07-23 10:00:21.180187+00:00",
      "2026-07-23 10:00:21.180230+00:00",
      "2026-07-23 10:00:21.180242+00:00",
      "2026-07-23 10:00:38.287247+00:00",
      "2026-07-23 10:00:39.369380+00:00",
      "2026-07-23 10:00:39.369401+00:00",
      "2026-07-23 10:00:39.860343+00:00",
      "2026-07-23 10:00:39.860537+00:00",
      "2026-07-23 10:00:39.860555+00:00",
      "2026-07-23 10:00:39.860565+00:00",
      "2026-07-23 10:00:39.860575+00:00",
      "2026-07-23 10:00:39.860601+00:00",
      "2026-07-23 10:00:39.860613+00:00",
      "2026-07-23 10:00:39.860622+00:00",
      "2026-07-23 10:00:39.860631+00:00"
    ]
  },
  "page_assemble": {
    "scope": "page",
    "count": 22,
    "times": [
      7.53119820728898e-05,
      5.722697824239731e-05,
      7.172510959208012e-05,
      0.00011030805762857199,
      0.00010428694076836109,
      4.9613998271524906e-05,
      2.8223032131791115e-05,
      3.2451003789901733e-05,
      2.2583059035241604e-05,
      2.3434986360371113e-05,
      0.00010101101361215115,
      0.00010243302676826715,
      3.3142976462841034e-05,
      0.00018825498409569263,
      0.00018149195238947868,
      7.426994852721691e-05,
      3.991497214883566e-05,
      4.2599975131452084e-05,
      3.361399285495281e-05,
      2.8664013370871544e-05,
      2.666108775883913e-05,
      0.00016825797501951456
    ],
    "start_timestamps": [
      "2026-07-23 10:00:07.288703+00:00",
      "2026-07-23 10:00:09.019202+00:00",
      "2026-07-23 10:00:09.019293+00:00",
      "2026-07-23 10:00:09.019387+00:00",
      "2026-07-23 10:00:21.180284+00:00",
      "2026-07-23 10:00:21.180422+00:00",
      "2026-07-23 10:00:21.180491+00:00",
      "2026-07-23 10:00:21.180536+00:00",
      "2026-07-23 10:00:21.180585+00:00",
      "2026-07-23 10:00:21.180633+00:00",
      "2026-07-23 10:00:39.860824+00:00",
      "2026-07-23 10:00:39.860972+00:00",
      "2026-07-23 10:00:39.861105+00:00",
      "2026-07-23 10:00:39.861172+00:00",
      "2026-07-23 10:00:39.861388+00:00",
      "2026-07-23 10:00:39.861594+00:00",
      "2026-07-23 10:00:39.861689+00:00",
      "2026-07-23 10:00:39.861753+00:00",
      "2026-07-23 10:00:39.861817+00:00",
      "2026-07-23 10:00:39.861872+00:00",
      "2026-07-23 10:00:39.861918+00:00",
      "2026-07-23 10:00:39.861964+00:00"
    ]
  },
  "doc_assemble": {
    "scope": "document",
    "count": 1,
    "times": [
      0.03269832406658679
    ],
    "start_timestamps": [
      "2026-07-23 10:00:39.862452+00:00"
    ]
  },
  "reading_order": {
    "scope": "document",
    "count": 1,
    "times": [
      0.03189606103114784
    ],
    "start_timestamps": [
      "2026-07-23 10:00:39.862791+00:00"
    ]
  },
  "doc_enrich": {
    "scope": "document",
    "count": 1,
    "times": [
      4.870214008027688
    ],
    "start_timestamps": [
      "2026-07-23 10:00:39.895180+00:00"
    ]
  }
}
All hyperlinked elements redacted in-memory.
Clean PDF conversion timings:
{
  "pipeline_total": {
    "scope": "document",
    "count": 1,
    "times": [
      37.575067974976264
    ],
    "start_timestamps": [
      "2026-07-23 10:00:44.954576+00:00"
    ]
  },
  "page_parse": {
    "scope": "page",
    "count": 22,
    "times": [
      0.03593472496140748,
      0.031869241036474705,
      0.0342855560593307,
      0.08281235001049936,
      0.05868418293539435,
      0.08165774296503514,
      0.08383585000410676,
      0.12593205994926393,
      0.07722402503713965,
      0.1282107160659507,
      0.04623482294846326,
      0.08978588704485446,
      0.039800091995857656,
      0.12309466092847288,
      0.045542026986368,
      0.05840191093739122,
      0.14666909503284842,
      0.15151639294344932,
      0.14813470700755715,
      0.14875308296177536,
      0.1470809510210529,
      0.07583774102386087
    ],
    "start_timestamps": [
      "2026-07-23 10:00:44.957806+00:00",
      "2026-07-23 10:00:44.993786+00:00",
      "2026-07-23 10:00:45.025685+00:00",
      "2026-07-23 10:00:45.060001+00:00",
      "2026-07-23 10:00:45.142850+00:00",
      "2026-07-23 10:00:45.201577+00:00",
      "2026-07-23 10:00:45.283278+00:00",
      "2026-07-23 10:00:45.367150+00:00",
      "2026-07-23 10:00:45.493123+00:00",
      "2026-07-23 10:00:45.570391+00:00",
      "2026-07-23 10:00:45.698649+00:00",
      "2026-07-23 10:00:45.744923+00:00",
      "2026-07-23 10:00:45.834752+00:00",
      "2026-07-23 10:00:45.874594+00:00",
      "2026-07-23 10:00:45.997739+00:00",
      "2026-07-23 10:00:46.043327+00:00",
      "2026-07-23 10:00:46.101782+00:00",
      "2026-07-23 10:00:46.248699+00:00",
      "2026-07-23 10:00:46.400264+00:00",
      "2026-07-23 10:00:46.548443+00:00",
      "2026-07-23 10:00:46.697244+00:00",
      "2026-07-23 10:00:46.844373+00:00"
    ]
  },
  "ocr": {
    "scope": "page",
    "count": 22,
    "times": [
      0.15047946793492883,
      0.14189189893659204,
      0.12493582291062921,
      0.16236830095294863,
      0.12871473701670766,
      3.6784709111088887,
      2.0694874429609627,
      2.7897270279936492,
      2.5809695230564103,
      2.20828070002608,
      0.12648297799751163,
      2.240224761888385,
      0.12589223601389676,
      2.1777927930234,
      0.12597151496447623,
      0.12703663296997547,
      2.4333938088966534,
      1.9947695030132309,
      3.191084597958252,
      1.88449100300204,
      2.3494143090210855,
      0.12553781701717526
    ],
    "start_timestamps": [
      "2026-07-23 10:00:44.993996+00:00",
      "2026-07-23 10:00:45.144510+00:00",
      "2026-07-23 10:00:45.286415+00:00",
      "2026-07-23 10:00:45.411368+00:00",
      "2026-07-23 10:00:45.573791+00:00",
      "2026-07-23 10:00:45.702521+00:00",
      "2026-07-23 10:00:49.381019+00:00",
      "2026-07-23 10:00:51.450526+00:00",
      "2026-07-23 10:00:54.240272+00:00",
      "2026-07-23 10:00:56.821339+00:00",
      "2026-07-23 10:00:59.029636+00:00",
      "2026-07-23 10:00:59.156129+00:00",
      "2026-07-23 10:01:01.396371+00:00",
      "2026-07-23 10:01:01.522273+00:00",
      "2026-07-23 10:01:03.700086+00:00",
      "2026-07-23 10:01:03.826068+00:00",
      "2026-07-23 10:01:03.953114+00:00",
      "2026-07-23 10:01:06.386528+00:00",
      "2026-07-23 10:01:08.381317+00:00",
      "2026-07-23 10:01:11.572423+00:00",
      "2026-07-23 10:01:13.456932+00:00",
      "2026-07-23 10:01:15.806366+00:00"
    ]
  },
  "layout": {
    "scope": "page",
    "count": 4,
    "times": [
      0.1520390680525452,
      0.18445073103066534,
      0.10100109898485243,
      0.15136563905980438
    ],
    "start_timestamps": [
      "2026-07-23 10:00:45.144590+00:00",
      "2026-07-23 10:00:45.573875+00:00",
      "2026-07-23 10:00:56.821450+00:00",
      "2026-07-23 10:01:15.932176+00:00"
    ]
  },
  "table_structure": {
    "scope": "page",
    "count": 22,
    "times": [
      1.5319092199206352e-05,
      0.3630799580132589,
      0.8554398780688643,
      1.8815044313669205e-05,
      2.258201129734516e-05,
      6.351969204843044e-06,
      4.789093509316444e-06,
      3.927038051187992e-06,
      6.501912139356136e-06,
      2.3604952730238438e-05,
      1.044745552004315,
      1.905602402985096e-05,
      0.4830218059942126,
      2.2863037884235382e-05,
      1.0168994776904583e-05,
      5.6800199672579765e-06,
      1.3745971955358982e-05,
      7.243943400681019e-06,
      5.059991963207722e-06,
      5.441019311547279e-06,
      5.158944986760616e-06,
      1.189298927783966e-05
    ],
    "start_timestamps": [
      "2026-07-23 10:00:45.298630+00:00",
      "2026-07-23 10:00:45.768517+00:00",
      "2026-07-23 10:00:46.131614+00:00",
      "2026-07-23 10:00:46.987070+00:00",
      "2026-07-23 10:00:56.934855+00:00",
      "2026-07-23 10:00:56.934886+00:00",
      "2026-07-23 10:00:56.934896+00:00",
      "2026-07-23 10:00:56.934904+00:00",
      "2026-07-23 10:00:56.934942+00:00",
      "2026-07-23 10:01:16.164670+00:00",
      "2026-07-23 10:01:16.164699+00:00",
      "2026-07-23 10:01:17.209464+00:00",
      "2026-07-23 10:01:17.209486+00:00",
      "2026-07-23 10:01:17.692704+00:00",
      "2026-07-23 10:01:17.692731+00:00",
      "2026-07-23 10:01:17.692745+00:00",
      "2026-07-23 10:01:17.692754+00:00",
      "2026-07-23 10:01:17.692791+00:00",
      "2026-07-23 10:01:17.692802+00:00",
      "2026-07-23 10:01:17.692810+00:00",
      "2026-07-23 10:01:17.692819+00:00",
      "2026-07-23 10:01:17.692843+00:00"
    ]
  },
  "page_assemble": {
    "scope": "page",
    "count": 22,
    "times": [
      6.589503027498722e-05,
      5.122600123286247e-05,
      6.666500121355057e-05,
      0.00011021806858479977,
      0.00012813194189220667,
      6.087496876716614e-05,
      3.929401282221079e-05,
      3.679899964481592e-05,
      2.6540015824139118e-05,
      8.992990478873253e-05,
      4.254002124071121e-05,
      7.063301745802164e-05,
      2.911500632762909e-05,
      0.00015742704272270203,
      0.0001594700152054429,
      7.466098759323359e-05,
      3.1248899176716805e-05,
      2.862501423805952e-05,
      3.156997263431549e-05,
      3.346300218254328e-05,
      2.6909983716905117e-05,
      0.000158880022354424
    ],
    "start_timestamps": [
      "2026-07-23 10:00:45.298702+00:00",
      "2026-07-23 10:00:46.987261+00:00",
      "2026-07-23 10:00:46.987346+00:00",
      "2026-07-23 10:00:46.987433+00:00",
      "2026-07-23 10:00:56.935014+00:00",
      "2026-07-23 10:00:56.935179+00:00",
      "2026-07-23 10:00:56.935263+00:00",
      "2026-07-23 10:00:56.935326+00:00",
      "2026-07-23 10:00:56.935382+00:00",
      "2026-07-23 10:01:17.692969+00:00",
      "2026-07-23 10:01:17.693123+00:00",
      "2026-07-23 10:01:17.693198+00:00",
      "2026-07-23 10:01:17.693294+00:00",
      "2026-07-23 10:01:17.693352+00:00",
      "2026-07-23 10:01:17.693532+00:00",
      "2026-07-23 10:01:17.693719+00:00",
      "2026-07-23 10:01:17.693818+00:00",
      "2026-07-23 10:01:17.693867+00:00",
      "2026-07-23 10:01:17.693912+00:00",
      "2026-07-23 10:01:17.693960+00:00",
      "2026-07-23 10:01:17.694009+00:00",
      "2026-07-23 10:01:17.694052+00:00"
    ]
  },
  "doc_assemble": {
    "scope": "document",
    "count": 1,
    "times": [
      0.032938596908934414
    ],
    "start_timestamps": [
      "2026-07-23 10:01:17.694562+00:00"
    ]
  },
  "reading_order": {
    "scope": "document",
    "count": 1,
    "times": [
      0.032265678979456425
    ],
    "start_timestamps": [
      "2026-07-23 10:01:17.694784+00:00"
    ]
  },
  "doc_enrich": {
    "scope": "document",
    "count": 1,
    "times": [
      4.802090018987656
    ],
    "start_timestamps": [
      "2026-07-23 10:01:17.727533+00:00"
    ]
  }
}
Function parse_pdf took 75.6423 seconds to execute.
Running: get_tables
Function get_tables took 0.0001 seconds to execute.
Running: get_surrounding_paragraphs
Function get_surrounding_paragraphs took 0.0001 seconds to execute.
