Running: parse_pdf
RapidOCR returned empty result!
Raw PDF conversion timings:
{
  "pipeline_total": {
    "scope": "document",
    "count": 1,
    "times": [
      8.338437055237591
    ],
    "start_timestamps": [
      "2026-07-23 17:16:01.311844+00:00"
    ]
  },
  "page_parse": {
    "scope": "page",
    "count": 8,
    "times": [
      0.12346082180738449,
      0.12302945740520954,
      0.1629869667813182,
      0.23547363094985485,
      0.1276725586503744,
      0.12318626418709755,
      0.14192409720271826,
      0.12928227987140417
    ],
    "start_timestamps": [
      "2026-07-23 17:16:01.317852+00:00",
      "2026-07-23 17:16:01.441356+00:00",
      "2026-07-23 17:16:01.564436+00:00",
      "2026-07-23 17:16:01.727476+00:00",
      "2026-07-23 17:16:01.962991+00:00",
      "2026-07-23 17:16:02.090709+00:00",
      "2026-07-23 17:16:02.213940+00:00",
      "2026-07-23 17:16:02.355907+00:00"
    ]
  },
  "ocr": {
    "scope": "page",
    "count": 8,
    "times": [
      1.047508648596704,
      0.5175627237185836,
      0.1339509477838874,
      0.8342349780723453,
      0.5160909527912736,
      0.7503538746386766,
      0.49614576715976,
      0.1397590423002839
    ],
    "start_timestamps": [
      "2026-07-23 17:16:01.441699+00:00",
      "2026-07-23 17:16:02.489255+00:00",
      "2026-07-23 17:16:03.006833+00:00",
      "2026-07-23 17:16:03.140795+00:00",
      "2026-07-23 17:16:03.975046+00:00",
      "2026-07-23 17:16:04.491153+00:00",
      "2026-07-23 17:16:05.241522+00:00",
      "2026-07-23 17:16:05.737684+00:00"
    ]
  },
  "layout": {
    "scope": "page",
    "count": 2,
    "times": [
      0.05269814282655716,
      0.08669619914144278
    ],
    "start_timestamps": [
      "2026-07-23 17:16:02.489347+00:00",
      "2026-07-23 17:16:05.877619+00:00"
    ]
  },
  "table_structure": {
    "scope": "page",
    "count": 8,
    "times": [
      1.9798055291175842e-05,
      2.584792673587799e-05,
      0.3369788182899356,
      0.2596317967399955,
      2.4687498807907104e-05,
      0.31979972030967474,
      0.1981772305443883,
      3.311224281787872e-05
    ],
    "start_timestamps": [
      "2026-07-23 17:16:02.601544+00:00",
      "2026-07-23 17:16:06.391137+00:00",
      "2026-07-23 17:16:06.391167+00:00",
      "2026-07-23 17:16:06.728163+00:00",
      "2026-07-23 17:16:06.987810+00:00",
      "2026-07-23 17:16:06.987940+00:00",
      "2026-07-23 17:16:07.307755+00:00",
      "2026-07-23 17:16:07.505948+00:00"
    ]
  },
  "page_assemble": {
    "scope": "page",
    "count": 8,
    "times": [
      0.0005759252235293388,
      0.00046518631279468536,
      0.0004272032529115677,
      0.0002151941880583763,
      0.00037067756056785583,
      0.00035361573100090027,
      0.0003395192325115204,
      0.0005505159497261047
    ],
    "start_timestamps": [
      "2026-07-23 17:16:02.601647+00:00",
      "2026-07-23 17:16:06.988003+00:00",
      "2026-07-23 17:16:06.988506+00:00",
      "2026-07-23 17:16:06.988954+00:00",
      "2026-07-23 17:16:06.989190+00:00",
      "2026-07-23 17:16:07.506120+00:00",
      "2026-07-23 17:16:07.506511+00:00",
      "2026-07-23 17:16:07.506871+00:00"
    ]
  },
  "doc_assemble": {
    "scope": "document",
    "count": 1,
    "times": [
      0.029858428053557873
    ],
    "start_timestamps": [
      "2026-07-23 17:16:07.507608+00:00"
    ]
  },
  "reading_order": {
    "scope": "document",
    "count": 1,
    "times": [
      0.02937511820346117
    ],
    "start_timestamps": [
      "2026-07-23 17:16:07.507684+00:00"
    ]
  },
  "doc_enrich": {
    "scope": "document",
    "count": 1,
    "times": [
      2.112770790234208
    ],
    "start_timestamps": [
      "2026-07-23 17:16:07.537490+00:00"
    ]
  }
}
All hyperlinked elements redacted in-memory.
--- Logging error ---
Traceback (most recent call last):
  File "/mnt/iusers01/fatpou01/chem02/b07755hv/.local/lib/python3.12/site-packages/rapidocr/main.py", line 130, in run_ocr_steps
    cropped_img_list, det_res = self.detect_and_crop(img, op_record)
                                ^^^^^^^^^^^^^^^^^^^^^^^^^^^^^^^^^^^^
  File "/mnt/iusers01/fatpou01/chem02/b07755hv/.local/lib/python3.12/site-packages/rapidocr/main.py", line 298, in detect_and_crop
    raise RapidOCRError("The text detection result is empty")
rapidocr.main.RapidOCRError: The text detection result is empty

During handling of the above exception, another exception occurred:

Traceback (most recent call last):
  File "/mnt/iusers01/fatpou01/chem02/b07755hv/.conda/envs/env/lib/python3.12/logging/__init__.py", line 1163, in emit
    stream.write(msg + self.terminator)
  File "/mnt/iusers01/fatpou01/chem02/b07755hv/ChemistryExtract/src/chemstractor/lib/extractor.py", line 298, in write
    self.file.write(data)
ValueError: I/O operation on closed file.
Call stack:
  File "/mnt/iusers01/fatpou01/chem02/b07755hv/.conda/envs/env/lib/python3.12/threading.py", line 1030, in _bootstrap
    self._bootstrap_inner()
  File "/mnt/iusers01/fatpou01/chem02/b07755hv/.conda/envs/env/lib/python3.12/threading.py", line 1073, in _bootstrap_inner
    self.run()
  File "/mnt/iusers01/fatpou01/chem02/b07755hv/.conda/envs/env/lib/python3.12/threading.py", line 1010, in run
    self._target(*self._args, **self._kwargs)
  File "/mnt/iusers01/fatpou01/chem02/b07755hv/.local/lib/python3.12/site-packages/docling/pipeline/standard_pdf_pipeline.py", line 279, in _run
    processed = self._process_batch(batch)
  File "/mnt/iusers01/fatpou01/chem02/b07755hv/.local/lib/python3.12/site-packages/docling/pipeline/standard_pdf_pipeline.py", line 344, in _process_batch
    processed_pages = list(self.model(good[0].conv_res, pages))  # type: ignore[arg-type]
  File "/mnt/iusers01/fatpou01/chem02/b07755hv/.local/lib/python3.12/site-packages/docling/models/stages/ocr/rapid_ocr_model.py", line 491, in __call__
    result = self.reader(
  File "/mnt/iusers01/fatpou01/chem02/b07755hv/.local/lib/python3.12/site-packages/rapidocr/main.py", line 120, in __call__
    det_res, cls_res, rec_res, cropped_img_list = self.run_ocr_steps(img, op_record)
  File "/mnt/iusers01/fatpou01/chem02/b07755hv/.local/lib/python3.12/site-packages/rapidocr/main.py", line 132, in run_ocr_steps
    logger.warning(e)
Message: RapidOCRError('The text detection result is empty')
Arguments: ()
RapidOCR returned empty result!
Clean PDF conversion timings:
{
  "pipeline_total": {
    "scope": "document",
    "count": 1,
    "times": [
      8.296185270883143
    ],
    "start_timestamps": [
      "2026-07-23 17:16:09.832585+00:00"
    ]
  },
  "page_parse": {
    "scope": "page",
    "count": 8,
    "times": [
      0.12194925360381603,
      0.1219185059890151,
      0.12060650903731585,
      0.20766994450241327,
      0.24385641980916262,
      0.122753637842834,
      0.4050650540739298,
      0.18867170251905918
    ],
    "start_timestamps": [
      "2026-07-23 17:16:09.838464+00:00",
      "2026-07-23 17:16:09.960458+00:00",
      "2026-07-23 17:16:10.082429+00:00",
      "2026-07-23 17:16:10.203082+00:00",
      "2026-07-23 17:16:10.410794+00:00",
      "2026-07-23 17:16:10.654695+00:00",
      "2026-07-23 17:16:10.777489+00:00",
      "2026-07-23 17:16:11.182596+00:00"
    ]
  },
  "ocr": {
    "scope": "page",
    "count": 8,
    "times": [
      0.7091408651322126,
      1.0276267733424902,
      0.13624668028205633,
      0.8136710403487086,
      0.5222236523404717,
      1.3347740340977907,
      0.49841107334941626,
      0.13538629096001387
    ],
    "start_timestamps": [
      "2026-07-23 17:16:09.960842+00:00",
      "2026-07-23 17:16:10.670032+00:00",
      "2026-07-23 17:16:11.697675+00:00",
      "2026-07-23 17:16:11.833941+00:00",
      "2026-07-23 17:16:12.647629+00:00",
      "2026-07-23 17:16:13.169946+00:00",
      "2026-07-23 17:16:14.504729+00:00",
      "2026-07-23 17:16:15.003158+00:00"
    ]
  },
  "layout": {
    "scope": "page",
    "count": 3,
    "times": [
      0.5334449093788862,
      0.06909948214888573,
      0.06499337498098612
    ],
    "start_timestamps": [
      "2026-07-23 17:16:10.670182+00:00",
      "2026-07-23 17:16:13.170036+00:00",
      "2026-07-23 17:16:15.138692+00:00"
    ]
  },
  "table_structure": {
    "scope": "page",
    "count": 8,
    "times": [
      2.038944512605667e-05,
      3.887340426445007e-05,
      0.572702624835074,
      0.5239156568422914,
      2.6259571313858032e-05,
      0.3188303764909506,
      0.1986500909551978,
      2.820231020450592e-05
    ],
    "start_timestamps": [
      "2026-07-23 17:16:11.362878+00:00",
      "2026-07-23 17:16:13.400077+00:00",
      "2026-07-23 17:16:13.400121+00:00",
      "2026-07-23 17:16:13.972844+00:00",
      "2026-07-23 17:16:14.496776+00:00",
      "2026-07-23 17:16:15.471760+00:00",
      "2026-07-23 17:16:15.790606+00:00",
      "2026-07-23 17:16:15.989271+00:00"
    ]
  },
  "page_assemble": {
    "scope": "page",
    "count": 8,
    "times": [
      0.00030052661895751953,
      0.000394502654671669,
      0.0004139188677072525,
      0.00020382367074489594,
      0.0003353813663125038,
      0.00034737400710582733,
      0.0003802357241511345,
      0.0006011603400111198
    ],
    "start_timestamps": [
      "2026-07-23 17:16:11.362986+00:00",
      "2026-07-23 17:16:14.496965+00:00",
      "2026-07-23 17:16:14.497394+00:00",
      "2026-07-23 17:16:14.497830+00:00",
      "2026-07-23 17:16:14.498054+00:00",
      "2026-07-23 17:16:15.989471+00:00",
      "2026-07-23 17:16:15.989857+00:00",
      "2026-07-23 17:16:15.990262+00:00"
    ]
  },
  "doc_assemble": {
    "scope": "document",
    "count": 1,
    "times": [
      0.030874408781528473
    ],
    "start_timestamps": [
      "2026-07-23 17:16:15.991059+00:00"
    ]
  },
  "reading_order": {
    "scope": "document",
    "count": 1,
    "times": [
      0.030312633141875267
    ],
    "start_timestamps": [
      "2026-07-23 17:16:15.991137+00:00"
    ]
  },
  "doc_enrich": {
    "scope": "document",
    "count": 1,
    "times": [
      2.106783495284617
    ],
    "start_timestamps": [
      "2026-07-23 17:16:16.021967+00:00"
    ]
  }
}
Function parse_pdf took 17.3722 seconds to execute.
Running: get_tables
Function get_tables took 0.0001 seconds to execute.
Running: get_surrounding_paragraphs
Function get_surrounding_paragraphs took 0.0001 seconds to execute.
