Running: parse_pdf
Raw PDF conversion timings:
{
  "pipeline_total": {
    "scope": "document",
    "count": 1,
    "times": [
      30.837364706210792
    ],
    "start_timestamps": [
      "2026-07-17 23:07:26.301009+00:00"
    ]
  },
  "page_parse": {
    "scope": "page",
    "count": 19,
    "times": [
      0.025286294519901276,
      0.037721664644777775,
      0.04820570442825556,
      0.0497841639444232,
      0.045651827938854694,
      0.07167962659150362,
      0.07041361462324858,
      0.07006841525435448,
      0.07089697476476431,
      0.07071665488183498,
      0.07220607809722424,
      0.08685020543634892,
      0.08035724516957998,
      0.07221861090511084,
      0.13740802556276321,
      0.0714011425152421,
      0.11095535568892956,
      0.12172894924879074,
      0.10590133536607027
    ],
    "start_timestamps": [
      "2026-07-17 23:07:26.303184+00:00",
      "2026-07-17 23:07:26.328505+00:00",
      "2026-07-17 23:07:26.366261+00:00",
      "2026-07-17 23:07:26.414501+00:00",
      "2026-07-17 23:07:26.464322+00:00",
      "2026-07-17 23:07:26.510018+00:00",
      "2026-07-17 23:07:26.581737+00:00",
      "2026-07-17 23:07:26.652190+00:00",
      "2026-07-17 23:07:26.722298+00:00",
      "2026-07-17 23:07:26.793233+00:00",
      "2026-07-17 23:07:26.863993+00:00",
      "2026-07-17 23:07:26.936250+00:00",
      "2026-07-17 23:07:27.023135+00:00",
      "2026-07-17 23:07:27.103528+00:00",
      "2026-07-17 23:07:27.175792+00:00",
      "2026-07-17 23:07:27.313246+00:00",
      "2026-07-17 23:07:27.384694+00:00",
      "2026-07-17 23:07:27.495710+00:00",
      "2026-07-17 23:07:27.617485+00:00"
    ]
  },
  "ocr": {
    "scope": "page",
    "count": 19,
    "times": [
      0.13742742035537958,
      0.13335444778203964,
      0.13073752168565989,
      0.13960265554487705,
      0.17611324973404408,
      2.425490351393819,
      1.6087832301855087,
      1.2224131673574448,
      1.3591517424210906,
      0.9487357623875141,
      1.027719602920115,
      1.0695362444967031,
      1.0995273580774665,
      1.1546302093192935,
      1.633279507048428,
      1.5765969222411513,
      1.1232345197349787,
      1.0603128746151924,
      0.9563366826623678
    ],
    "start_timestamps": [
      "2026-07-17 23:07:26.328736+00:00",
      "2026-07-17 23:07:26.466213+00:00",
      "2026-07-17 23:07:26.599586+00:00",
      "2026-07-17 23:07:26.730342+00:00",
      "2026-07-17 23:07:26.870011+00:00",
      "2026-07-17 23:07:27.046144+00:00",
      "2026-07-17 23:07:29.471653+00:00",
      "2026-07-17 23:07:31.080454+00:00",
      "2026-07-17 23:07:32.302885+00:00",
      "2026-07-17 23:07:33.662053+00:00",
      "2026-07-17 23:07:34.610879+00:00",
      "2026-07-17 23:07:35.638614+00:00",
      "2026-07-17 23:07:36.708167+00:00",
      "2026-07-17 23:07:37.807712+00:00",
      "2026-07-17 23:07:38.962359+00:00",
      "2026-07-17 23:07:40.595657+00:00",
      "2026-07-17 23:07:42.172272+00:00",
      "2026-07-17 23:07:43.295525+00:00",
      "2026-07-17 23:07:44.355854+00:00"
    ]
  },
  "layout": {
    "scope": "page",
    "count": 4,
    "times": [
      0.11776419822126627,
      0.09958566073328257,
      0.07828826364129782,
      0.099983518011868
    ],
    "start_timestamps": [
      "2026-07-17 23:07:26.466280+00:00",
      "2026-07-17 23:07:26.870099+00:00",
      "2026-07-17 23:07:34.611029+00:00",
      "2026-07-17 23:07:45.312388+00:00"
    ]
  },
  "table_structure": {
    "scope": "page",
    "count": 19,
    "times": [
      1.1641532182693481e-05,
      1.671072095632553e-05,
      1.1710482900962234,
      2.8669180888682604,
      0.2661379175260663,
      1.9135884940624237e-05,
      6.421469151973724e-06,
      5.8105215430259705e-06,
      8.977018296718597e-06,
      6.102025508880615e-06,
      5.987193435430527e-05,
      1.6791746020317078e-05,
      1.1621974408626556e-05,
      1.0028481483459473e-05,
      1.4006160199642181e-05,
      1.1662021279335022e-05,
      1.0338611900806427e-05,
      9.50787216424942e-06,
      1.248437911272049e-05
    ],
    "start_timestamps": [
      "2026-07-17 23:07:26.586121+00:00",
      "2026-07-17 23:07:27.103862+00:00",
      "2026-07-17 23:07:27.103883+00:00",
      "2026-07-17 23:07:28.274952+00:00",
      "2026-07-17 23:07:34.707318+00:00",
      "2026-07-17 23:07:34.973470+00:00",
      "2026-07-17 23:07:34.973493+00:00",
      "2026-07-17 23:07:34.973503+00:00",
      "2026-07-17 23:07:34.973626+00:00",
      "2026-07-17 23:07:34.973640+00:00",
      "2026-07-17 23:07:45.432671+00:00",
      "2026-07-17 23:07:45.432742+00:00",
      "2026-07-17 23:07:45.432766+00:00",
      "2026-07-17 23:07:45.432785+00:00",
      "2026-07-17 23:07:45.432860+00:00",
      "2026-07-17 23:07:45.432882+00:00",
      "2026-07-17 23:07:45.432899+00:00",
      "2026-07-17 23:07:45.432916+00:00",
      "2026-07-17 23:07:45.432964+00:00"
    ]
  },
  "page_assemble": {
    "scope": "page",
    "count": 19,
    "times": [
      9.62214544415474e-05,
      0.0002867290750145912,
      0.00019502639770507812,
      3.462471067905426e-05,
      0.0001230211928486824,
      3.8351863622665405e-05,
      2.433639019727707e-05,
      2.4485401809215546e-05,
      2.249237149953842e-05,
      2.12695449590683e-05,
      0.00011572800576686859,
      3.9643608033657074e-05,
      3.045797348022461e-05,
      3.457535058259964e-05,
      2.601929008960724e-05,
      2.5457702577114105e-05,
      2.369377762079239e-05,
      2.2962689399719238e-05,
      2.37245112657547e-05
    ],
    "start_timestamps": [
      "2026-07-17 23:07:26.586175+00:00",
      "2026-07-17 23:07:31.142020+00:00",
      "2026-07-17 23:07:31.142347+00:00",
      "2026-07-17 23:07:31.142570+00:00",
      "2026-07-17 23:07:34.973684+00:00",
      "2026-07-17 23:07:34.973847+00:00",
      "2026-07-17 23:07:34.973903+00:00",
      "2026-07-17 23:07:34.973944+00:00",
      "2026-07-17 23:07:34.973984+00:00",
      "2026-07-17 23:07:34.974022+00:00",
      "2026-07-17 23:07:45.433102+00:00",
      "2026-07-17 23:07:45.433274+00:00",
      "2026-07-17 23:07:45.433332+00:00",
      "2026-07-17 23:07:45.433381+00:00",
      "2026-07-17 23:07:45.433432+00:00",
      "2026-07-17 23:07:45.433473+00:00",
      "2026-07-17 23:07:45.433514+00:00",
      "2026-07-17 23:07:45.433552+00:00",
      "2026-07-17 23:07:45.433589+00:00"
    ]
  },
  "doc_assemble": {
    "scope": "document",
    "count": 1,
    "times": [
      0.02814144641160965
    ],
    "start_timestamps": [
      "2026-07-17 23:07:45.433978+00:00"
    ]
  },
  "reading_order": {
    "scope": "document",
    "count": 1,
    "times": [
      0.02768063824623823
    ],
    "start_timestamps": [
      "2026-07-17 23:07:45.434067+00:00"
    ]
  },
  "doc_enrich": {
    "scope": "document",
    "count": 1,
    "times": [
      11.67621158529073
    ],
    "start_timestamps": [
      "2026-07-17 23:07:45.462142+00:00"
    ]
  }
}
All hyperlinked elements redacted in-memory.
Clean PDF conversion timings:
{
  "pipeline_total": {
    "scope": "document",
    "count": 1,
    "times": [
      29.90419977903366
    ],
    "start_timestamps": [
      "2026-07-17 23:07:57.182187+00:00"
    ]
  },
  "page_parse": {
    "scope": "page",
    "count": 19,
    "times": [
      0.025376242585480213,
      0.0384157607331872,
      0.04784682672470808,
      0.05048113502562046,
      0.043732235208153725,
      0.07312518637627363,
      0.06972801312804222,
      0.07032490614801645,
      0.07005990855395794,
      0.07220114674419165,
      0.0718135479837656,
      0.08580228220671415,
      0.08453663997352123,
      0.07313977275043726,
      0.14602356497198343,
      0.07075790129601955,
      0.0711534759029746,
      0.13186744786798954,
      0.1307578794658184
    ],
    "start_timestamps": [
      "2026-07-17 23:07:57.184288+00:00",
      "2026-07-17 23:07:57.209701+00:00",
      "2026-07-17 23:07:57.248153+00:00",
      "2026-07-17 23:07:57.296030+00:00",
      "2026-07-17 23:07:57.346548+00:00",
      "2026-07-17 23:07:57.390319+00:00",
      "2026-07-17 23:07:57.463490+00:00",
      "2026-07-17 23:07:57.533261+00:00",
      "2026-07-17 23:07:57.603632+00:00",
      "2026-07-17 23:07:57.673928+00:00",
      "2026-07-17 23:07:57.746173+00:00",
      "2026-07-17 23:07:57.818029+00:00",
      "2026-07-17 23:07:57.903883+00:00",
      "2026-07-17 23:07:57.988458+00:00",
      "2026-07-17 23:07:58.061641+00:00",
      "2026-07-17 23:07:58.207715+00:00",
      "2026-07-17 23:07:58.278522+00:00",
      "2026-07-17 23:07:58.349726+00:00",
      "2026-07-17 23:07:58.481638+00:00"
    ]
  },
  "ocr": {
    "scope": "page",
    "count": 19,
    "times": [
      0.13845400139689445,
      0.13304119650274515,
      0.12769122794270515,
      0.14340568892657757,
      0.17742064781486988,
      2.250657392665744,
      1.6593567999079823,
      1.3320253007113934,
      1.0819818219169974,
      0.9543205397203565,
      1.0578214675188065,
      1.0962875513359904,
      1.1102443160489202,
      1.1674995981156826,
      1.3428630651906133,
      1.2558236354961991,
      1.0789511278271675,
      1.0714371781796217,
      0.9727897644042969
    ],
    "start_timestamps": [
      "2026-07-17 23:07:57.209917+00:00",
      "2026-07-17 23:07:57.348423+00:00",
      "2026-07-17 23:07:57.481474+00:00",
      "2026-07-17 23:07:57.609179+00:00",
      "2026-07-17 23:07:57.752635+00:00",
      "2026-07-17 23:07:57.930072+00:00",
      "2026-07-17 23:08:00.180749+00:00",
      "2026-07-17 23:08:01.840123+00:00",
      "2026-07-17 23:08:03.172163+00:00",
      "2026-07-17 23:08:04.254161+00:00",
      "2026-07-17 23:08:05.208566+00:00",
      "2026-07-17 23:08:06.266415+00:00",
      "2026-07-17 23:08:07.362719+00:00",
      "2026-07-17 23:08:08.472980+00:00",
      "2026-07-17 23:08:09.640498+00:00",
      "2026-07-17 23:08:10.983378+00:00",
      "2026-07-17 23:08:12.239218+00:00",
      "2026-07-17 23:08:13.318186+00:00",
      "2026-07-17 23:08:14.389641+00:00"
    ]
  },
  "layout": {
    "scope": "page",
    "count": 4,
    "times": [
      0.12600771989673376,
      0.0997453099116683,
      0.07883614301681519,
      0.09868858102709055
    ],
    "start_timestamps": [
      "2026-07-17 23:07:57.348491+00:00",
      "2026-07-17 23:07:57.752759+00:00",
      "2026-07-17 23:08:05.208660+00:00",
      "2026-07-17 23:08:15.362619+00:00"
    ]
  },
  "table_structure": {
    "scope": "page",
    "count": 19,
    "times": [
      2.0478852093219757e-05,
      3.6889687180519104e-05,
      1.3224740074947476,
      3.1420883666723967,
      0.2662275545299053,
      2.2543594241142273e-05,
      7.233582437038422e-06,
      5.970709025859833e-06,
      9.076669812202454e-06,
      6.452202796936035e-06,
      2.162158489227295e-05,
      7.0035457611083984e-06,
      4.708766937255859e-06,
      4.338100552558899e-06,
      7.163733243942261e-06,
      5.3104013204574585e-06,
      4.176981747150421e-06,
      4.2282044887542725e-06,
      5.710870027542114e-06
    ],
    "start_timestamps": [
      "2026-07-17 23:07:57.476733+00:00",
      "2026-07-17 23:07:57.989224+00:00",
      "2026-07-17 23:07:57.989266+00:00",
      "2026-07-17 23:07:59.311760+00:00",
      "2026-07-17 23:08:05.305428+00:00",
      "2026-07-17 23:08:05.571675+00:00",
      "2026-07-17 23:08:05.571700+00:00",
      "2026-07-17 23:08:05.571711+00:00",
      "2026-07-17 23:08:05.571848+00:00",
      "2026-07-17 23:08:05.571861+00:00",
      "2026-07-17 23:08:15.481425+00:00",
      "2026-07-17 23:08:15.481452+00:00",
      "2026-07-17 23:08:15.481463+00:00",
      "2026-07-17 23:08:15.481471+00:00",
      "2026-07-17 23:08:15.481515+00:00",
      "2026-07-17 23:08:15.481526+00:00",
      "2026-07-17 23:08:15.481535+00:00",
      "2026-07-17 23:08:15.481543+00:00",
      "2026-07-17 23:08:15.481570+00:00"
    ]
  },
  "page_assemble": {
    "scope": "page",
    "count": 19,
    "times": [
      9.79844480752945e-05,
      0.00022444222122430801,
      0.0001603923738002777,
      2.7742236852645874e-05,
      0.00012602750211954117,
      6.019230931997299e-05,
      2.4566426873207092e-05,
      2.4215318262577057e-05,
      2.2292137145996094e-05,
      2.1449290215969086e-05,
      6.06440007686615e-05,
      3.516580909490585e-05,
      2.579856663942337e-05,
      2.5498680770397186e-05,
      2.412591129541397e-05,
      2.3544766008853912e-05,
      2.338457852602005e-05,
      2.3224391043186188e-05,
      1.944601535797119e-05
    ],
    "start_timestamps": [
      "2026-07-17 23:07:57.476813+00:00",
      "2026-07-17 23:08:02.454029+00:00",
      "2026-07-17 23:08:02.454283+00:00",
      "2026-07-17 23:08:02.454466+00:00",
      "2026-07-17 23:08:05.571908+00:00",
      "2026-07-17 23:08:05.572069+00:00",
      "2026-07-17 23:08:05.572148+00:00",
      "2026-07-17 23:08:05.572188+00:00",
      "2026-07-17 23:08:05.572227+00:00",
      "2026-07-17 23:08:05.572264+00:00",
      "2026-07-17 23:08:15.481678+00:00",
      "2026-07-17 23:08:15.481768+00:00",
      "2026-07-17 23:08:15.481824+00:00",
      "2026-07-17 23:08:15.481872+00:00",
      "2026-07-17 23:08:15.481916+00:00",
      "2026-07-17 23:08:15.481957+00:00",
      "2026-07-17 23:08:15.481997+00:00",
      "2026-07-17 23:08:15.482039+00:00",
      "2026-07-17 23:08:15.482079+00:00"
    ]
  },
  "doc_assemble": {
    "scope": "document",
    "count": 1,
    "times": [
      0.02690053079277277
    ],
    "start_timestamps": [
      "2026-07-17 23:08:15.482310+00:00"
    ]
  },
  "reading_order": {
    "scope": "document",
    "count": 1,
    "times": [
      0.026456264778971672
    ],
    "start_timestamps": [
      "2026-07-17 23:08:15.482386+00:00"
    ]
  },
  "doc_enrich": {
    "scope": "document",
    "count": 1,
    "times": [
      11.577130113728344
    ],
    "start_timestamps": [
      "2026-07-17 23:08:15.509234+00:00"
    ]
  }
}
Function parse_pdf took 61.3354 seconds to execute.
Running: get_tables
Function get_tables took 0.0000 seconds to execute.
Running: get_surrounding_paragraphs
Function get_surrounding_paragraphs took 0.0000 seconds to execute.
