Running: parse_pdf
Raw PDF conversion timings:
{
  "pipeline_total": {
    "scope": "document",
    "count": 1,
    "times": [
      6.942439820966683
    ],
    "start_timestamps": [
      "2026-07-23 09:47:15.509291+00:00"
    ]
  },
  "page_parse": {
    "scope": "page",
    "count": 7,
    "times": [
      0.07359538797754794,
      0.1158282330725342,
      0.08708760305307806,
      0.15349224593956023,
      0.08786084107123315,
      0.09363985504023731,
      0.058431491954252124
    ],
    "start_timestamps": [
      "2026-07-23 09:47:15.513718+00:00",
      "2026-07-23 09:47:15.587358+00:00",
      "2026-07-23 09:47:15.703221+00:00",
      "2026-07-23 09:47:15.790348+00:00",
      "2026-07-23 09:47:15.943882+00:00",
      "2026-07-23 09:47:16.031792+00:00",
      "2026-07-23 09:47:16.125477+00:00"
    ]
  },
  "ocr": {
    "scope": "page",
    "count": 7,
    "times": [
      0.1233867519767955,
      0.23644749901723117,
      0.1825460570398718,
      0.12236095906700939,
      3.022477629943751,
      0.12031584396027029,
      0.12189542001578957
    ],
    "start_timestamps": [
      "2026-07-23 09:47:15.587552+00:00",
      "2026-07-23 09:47:15.710976+00:00",
      "2026-07-23 09:47:15.947455+00:00",
      "2026-07-23 09:47:16.130015+00:00",
      "2026-07-23 09:47:16.252412+00:00",
      "2026-07-23 09:47:19.274908+00:00",
      "2026-07-23 09:47:19.395235+00:00"
    ]
  },
  "layout": {
    "scope": "page",
    "count": 4,
    "times": [
      0.32815254607703537,
      0.1318566600093618,
      0.062083275988698006,
      0.0664596960414201
    ],
    "start_timestamps": [
      "2026-07-23 09:47:15.711057+00:00",
      "2026-07-23 09:47:16.060579+00:00",
      "2026-07-23 09:47:16.252470+00:00",
      "2026-07-23 09:47:19.517277+00:00"
    ]
  },
  "table_structure": {
    "scope": "page",
    "count": 7,
    "times": [
      1.673202496021986e-05,
      2.640893217176199e-05,
      0.5110059019643813,
      0.4060246270382777,
      0.3722916749538854,
      0.4232860270421952,
      2.5477958843111992e-05
    ],
    "start_timestamps": [
      "2026-07-23 09:47:16.060668+00:00",
      "2026-07-23 09:47:16.206570+00:00",
      "2026-07-23 09:47:16.364325+00:00",
      "2026-07-23 09:47:16.875347+00:00",
      "2026-07-23 09:47:19.675676+00:00",
      "2026-07-23 09:47:20.047984+00:00",
      "2026-07-23 09:47:20.471289+00:00"
    ]
  },
  "page_assemble": {
    "scope": "page",
    "count": 7,
    "times": [
      0.0001917920308187604,
      0.00017261493485420942,
      0.000277662998996675,
      0.00018777407240122557,
      0.0002735760062932968,
      0.00022245896980166435,
      0.00020657002460211515
    ],
    "start_timestamps": [
      "2026-07-23 09:47:16.060745+00:00",
      "2026-07-23 09:47:16.206650+00:00",
      "2026-07-23 09:47:17.281546+00:00",
      "2026-07-23 09:47:17.281859+00:00",
      "2026-07-23 09:47:20.471558+00:00",
      "2026-07-23 09:47:20.471877+00:00",
      "2026-07-23 09:47:20.473907+00:00"
    ]
  },
  "doc_assemble": {
    "scope": "document",
    "count": 1,
    "times": [
      0.021303841029293835
    ],
    "start_timestamps": [
      "2026-07-23 09:47:20.474292+00:00"
    ]
  },
  "reading_order": {
    "scope": "document",
    "count": 1,
    "times": [
      0.0208635909948498
    ],
    "start_timestamps": [
      "2026-07-23 09:47:20.474348+00:00"
    ]
  },
  "doc_enrich": {
    "scope": "document",
    "count": 1,
    "times": [
      1.956094017950818
    ],
    "start_timestamps": [
      "2026-07-23 09:47:20.495619+00:00"
    ]
  }
}
All hyperlinked elements redacted in-memory.
Clean PDF conversion timings:
{
  "pipeline_total": {
    "scope": "document",
    "count": 1,
    "times": [
      7.240041835932061
    ],
    "start_timestamps": [
      "2026-07-23 09:47:22.495581+00:00"
    ]
  },
  "page_parse": {
    "scope": "page",
    "count": 7,
    "times": [
      0.07318506494630128,
      0.11709163594059646,
      0.08898899692576379,
      0.07883886306080967,
      0.08630558906588703,
      0.09161511692218482,
      0.058006942039355636
    ],
    "start_timestamps": [
      "2026-07-23 09:47:22.499401+00:00",
      "2026-07-23 09:47:22.572623+00:00",
      "2026-07-23 09:47:22.689750+00:00",
      "2026-07-23 09:47:22.778791+00:00",
      "2026-07-23 09:47:22.857671+00:00",
      "2026-07-23 09:47:22.944017+00:00",
      "2026-07-23 09:47:23.035677+00:00"
    ]
  },
  "ocr": {
    "scope": "page",
    "count": 7,
    "times": [
      0.12275444995611906,
      0.16547810100018978,
      0.18109411001205444,
      0.12202671892009676,
      3.416877412935719,
      0.11942905199248344,
      0.12378755793906748
    ],
    "start_timestamps": [
      "2026-07-23 09:47:22.572815+00:00",
      "2026-07-23 09:47:22.695604+00:00",
      "2026-07-23 09:47:22.861115+00:00",
      "2026-07-23 09:47:23.042223+00:00",
      "2026-07-23 09:47:23.164285+00:00",
      "2026-07-23 09:47:26.581185+00:00",
      "2026-07-23 09:47:26.700633+00:00"
    ]
  },
  "layout": {
    "scope": "page",
    "count": 4,
    "times": [
      0.2540754299843684,
      0.13251925900112838,
      0.061862189089879394,
      0.06727470306213945
    ],
    "start_timestamps": [
      "2026-07-23 09:47:22.695675+00:00",
      "2026-07-23 09:47:22.970312+00:00",
      "2026-07-23 09:47:23.164348+00:00",
      "2026-07-23 09:47:26.824595+00:00"
    ]
  },
  "table_structure": {
    "scope": "page",
    "count": 7,
    "times": [
      1.6339938156306744e-05,
      2.1549989469349384e-05,
      0.4867359900381416,
      0.3948912179330364,
      0.37174187903292477,
      0.4088619960239157,
      1.806393265724182e-05
    ],
    "start_timestamps": [
      "2026-07-23 09:47:22.970436+00:00",
      "2026-07-23 09:47:23.116486+00:00",
      "2026-07-23 09:47:23.277781+00:00",
      "2026-07-23 09:47:23.764533+00:00",
      "2026-07-23 09:47:26.983217+00:00",
      "2026-07-23 09:47:27.354976+00:00",
      "2026-07-23 09:47:27.763854+00:00"
    ]
  },
  "page_assemble": {
    "scope": "page",
    "count": 7,
    "times": [
      0.00018421700224280357,
      0.0001589599996805191,
      0.00030877208337187767,
      0.00018350593745708466,
      0.00027436704840511084,
      0.0001867420505732298,
      0.0001905900426208973
    ],
    "start_timestamps": [
      "2026-07-23 09:47:22.970526+00:00",
      "2026-07-23 09:47:23.116548+00:00",
      "2026-07-23 09:47:24.159600+00:00",
      "2026-07-23 09:47:24.159947+00:00",
      "2026-07-23 09:47:27.764095+00:00",
      "2026-07-23 09:47:27.764409+00:00",
      "2026-07-23 09:47:27.764617+00:00"
    ]
  },
  "doc_assemble": {
    "scope": "document",
    "count": 1,
    "times": [
      0.02203926700167358
    ],
    "start_timestamps": [
      "2026-07-23 09:47:27.765031+00:00"
    ]
  },
  "reading_order": {
    "scope": "document",
    "count": 1,
    "times": [
      0.021534616011194885
    ],
    "start_timestamps": [
      "2026-07-23 09:47:27.765111+00:00"
    ]
  },
  "doc_enrich": {
    "scope": "document",
    "count": 1,
    "times": [
      1.9485060940496624
    ],
    "start_timestamps": [
      "2026-07-23 09:47:27.787099+00:00"
    ]
  }
}
Function parse_pdf took 14.3000 seconds to execute.
Running: get_tables
Function get_tables took 0.0001 seconds to execute.
Running: get_surrounding_paragraphs
Function get_surrounding_paragraphs took 0.0001 seconds to execute.
