Running: parse_pdf
Raw PDF conversion timings:
{
  "pipeline_total": {
    "scope": "document",
    "count": 1,
    "times": [
      12.967996542342007
    ],
    "start_timestamps": [
      "2026-07-23 17:05:10.102610+00:00"
    ]
  },
  "page_parse": {
    "scope": "page",
    "count": 9,
    "times": [
      0.11139718815684319,
      0.10901057813316584,
      0.15783040132373571,
      0.262200809083879,
      0.19239810854196548,
      0.1424550637602806,
      0.15527457185089588,
      0.11892622336745262,
      0.10710045415908098
    ],
    "start_timestamps": [
      "2026-07-23 17:05:10.108364+00:00",
      "2026-07-23 17:05:10.219804+00:00",
      "2026-07-23 17:05:10.328854+00:00",
      "2026-07-23 17:05:10.486739+00:00",
      "2026-07-23 17:05:10.748995+00:00",
      "2026-07-23 17:05:10.941464+00:00",
      "2026-07-23 17:05:11.083960+00:00",
      "2026-07-23 17:05:11.239277+00:00",
      "2026-07-23 17:05:11.358244+00:00"
    ]
  },
  "ocr": {
    "scope": "page",
    "count": 9,
    "times": [
      0.8702356060966849,
      0.1624204758554697,
      0.9723437177017331,
      0.7516520963981748,
      0.7567983288317919,
      1.4582064151763916,
      2.458591782487929,
      0.13516205083578825,
      0.1346296388655901
    ],
    "start_timestamps": [
      "2026-07-23 17:05:10.220163+00:00",
      "2026-07-23 17:05:11.090454+00:00",
      "2026-07-23 17:05:11.252890+00:00",
      "2026-07-23 17:05:12.225251+00:00",
      "2026-07-23 17:05:12.976921+00:00",
      "2026-07-23 17:05:13.733734+00:00",
      "2026-07-23 17:05:15.192005+00:00",
      "2026-07-23 17:05:17.650612+00:00",
      "2026-07-23 17:05:17.785783+00:00"
    ]
  },
  "layout": {
    "scope": "page",
    "count": 3,
    "times": [
      0.269529796205461,
      0.07477203011512756,
      0.06379367504268885
    ],
    "start_timestamps": [
      "2026-07-23 17:05:11.090541+00:00",
      "2026-07-23 17:05:15.192086+00:00",
      "2026-07-23 17:05:17.920557+00:00"
    ]
  },
  "table_structure": {
    "scope": "page",
    "count": 9,
    "times": [
      1.76234170794487e-05,
      4.2489729821681976e-05,
      1.3847262561321259,
      0.31008882634341717,
      2.2903084754943848e-05,
      1.5579164028167725e-05,
      2.439599484205246e-05,
      1.2944452464580536e-05,
      9.338371455669403e-06
    ],
    "start_timestamps": [
      "2026-07-23 17:05:11.473576+00:00",
      "2026-07-23 17:05:15.549026+00:00",
      "2026-07-23 17:05:15.549073+00:00",
      "2026-07-23 17:05:16.933819+00:00",
      "2026-07-23 17:05:17.243924+00:00",
      "2026-07-23 17:05:17.244117+00:00",
      "2026-07-23 17:05:18.186955+00:00",
      "2026-07-23 17:05:18.186984+00:00",
      "2026-07-23 17:05:18.187001+00:00"
    ]
  },
  "page_assemble": {
    "scope": "page",
    "count": 9,
    "times": [
      0.0004972359165549278,
      0.0005361177027225494,
      0.0003072284162044525,
      0.00020415335893630981,
      0.00021436437964439392,
      0.0001920219510793686,
      0.00011191144585609436,
      0.001395445317029953,
      0.00024048332124948502
    ],
    "start_timestamps": [
      "2026-07-23 17:05:11.473643+00:00",
      "2026-07-23 17:05:17.244185+00:00",
      "2026-07-23 17:05:17.244753+00:00",
      "2026-07-23 17:05:17.245081+00:00",
      "2026-07-23 17:05:17.245305+00:00",
      "2026-07-23 17:05:17.245538+00:00",
      "2026-07-23 17:05:18.187103+00:00",
      "2026-07-23 17:05:18.187256+00:00",
      "2026-07-23 17:05:18.188674+00:00"
    ]
  },
  "doc_assemble": {
    "scope": "document",
    "count": 1,
    "times": [
      0.04767474811524153
    ],
    "start_timestamps": [
      "2026-07-23 17:05:18.189082+00:00"
    ]
  },
  "reading_order": {
    "scope": "document",
    "count": 1,
    "times": [
      0.04721715673804283
    ],
    "start_timestamps": [
      "2026-07-23 17:05:18.189157+00:00"
    ]
  },
  "doc_enrich": {
    "scope": "document",
    "count": 1,
    "times": [
      4.833803789690137
    ],
    "start_timestamps": [
      "2026-07-23 17:05:18.236781+00:00"
    ]
  }
}
All hyperlinked elements redacted in-memory.
Clean PDF conversion timings:
{
  "pipeline_total": {
    "scope": "document",
    "count": 1,
    "times": [
      13.651993148960173
    ],
    "start_timestamps": [
      "2026-07-23 17:05:23.278797+00:00"
    ]
  },
  "page_parse": {
    "scope": "page",
    "count": 9,
    "times": [
      0.11126485001295805,
      0.10736083332449198,
      0.15726376418024302,
      0.2510696956887841,
      0.16940450575202703,
      0.1781485378742218,
      0.16550012025982141,
      0.1210753982886672,
      0.06290576327592134
    ],
    "start_timestamps": [
      "2026-07-23 17:05:23.284593+00:00",
      "2026-07-23 17:05:23.395899+00:00",
      "2026-07-23 17:05:23.503302+00:00",
      "2026-07-23 17:05:23.660624+00:00",
      "2026-07-23 17:05:23.911746+00:00",
      "2026-07-23 17:05:24.081193+00:00",
      "2026-07-23 17:05:24.259391+00:00",
      "2026-07-23 17:05:24.424932+00:00",
      "2026-07-23 17:05:24.546050+00:00"
    ]
  },
  "ocr": {
    "scope": "page",
    "count": 9,
    "times": [
      1.0330796902999282,
      0.18643041048198938,
      0.908514947630465,
      1.028598248027265,
      0.7566380072385073,
      1.4716353313997388,
      1.5141482185572386,
      0.33272809255868196,
      0.13348163943737745
    ],
    "start_timestamps": [
      "2026-07-23 17:05:23.396250+00:00",
      "2026-07-23 17:05:24.429381+00:00",
      "2026-07-23 17:05:24.615828+00:00",
      "2026-07-23 17:05:25.524358+00:00",
      "2026-07-23 17:05:26.552972+00:00",
      "2026-07-23 17:05:27.309626+00:00",
      "2026-07-23 17:05:28.781277+00:00",
      "2026-07-23 17:05:30.295524+00:00",
      "2026-07-23 17:05:30.628264+00:00"
    ]
  },
  "layout": {
    "scope": "page",
    "count": 3,
    "times": [
      0.20109892915934324,
      0.0784146636724472,
      0.08225805405527353
    ],
    "start_timestamps": [
      "2026-07-23 17:05:24.429507+00:00",
      "2026-07-23 17:05:30.295615+00:00",
      "2026-07-23 17:05:30.761879+00:00"
    ]
  },
  "table_structure": {
    "scope": "page",
    "count": 9,
    "times": [
      2.3233704268932343e-05,
      2.823304384946823e-05,
      1.093245167285204,
      0.29868317767977715,
      2.2532418370246887e-05,
      1.3475306332111359e-05,
      7.634982466697693e-06,
      1.760292798280716e-05,
      2.1850690245628357e-05
    ],
    "start_timestamps": [
      "2026-07-23 17:05:24.680461+00:00",
      "2026-07-23 17:05:30.625222+00:00",
      "2026-07-23 17:05:30.625255+00:00",
      "2026-07-23 17:05:31.718518+00:00",
      "2026-07-23 17:05:32.017215+00:00",
      "2026-07-23 17:05:32.017340+00:00",
      "2026-07-23 17:05:32.017357+00:00",
      "2026-07-23 17:05:32.017369+00:00",
      "2026-07-23 17:05:32.017389+00:00"
    ]
  },
  "page_assemble": {
    "scope": "page",
    "count": 9,
    "times": [
      0.0002604098990559578,
      0.0006362367421388626,
      0.0003819577395915985,
      0.000205356627702713,
      0.00020585674792528152,
      0.00019932538270950317,
      5.542486906051636e-05,
      0.0004889201372861862,
      0.00029381271451711655
    ],
    "start_timestamps": [
      "2026-07-23 17:05:24.680542+00:00",
      "2026-07-23 17:05:32.017516+00:00",
      "2026-07-23 17:05:32.018190+00:00",
      "2026-07-23 17:05:32.018599+00:00",
      "2026-07-23 17:05:32.018824+00:00",
      "2026-07-23 17:05:32.019048+00:00",
      "2026-07-23 17:05:32.019266+00:00",
      "2026-07-23 17:05:32.019338+00:00",
      "2026-07-23 17:05:32.019846+00:00"
    ]
  },
  "doc_assemble": {
    "scope": "document",
    "count": 1,
    "times": [
      0.04722140543162823
    ],
    "start_timestamps": [
      "2026-07-23 17:05:32.020320+00:00"
    ]
  },
  "reading_order": {
    "scope": "document",
    "count": 1,
    "times": [
      0.046708328649401665
    ],
    "start_timestamps": [
      "2026-07-23 17:05:32.020434+00:00"
    ]
  },
  "doc_enrich": {
    "scope": "document",
    "count": 1,
    "times": [
      4.863205437548459
    ],
    "start_timestamps": [
      "2026-07-23 17:05:32.067566+00:00"
    ]
  }
}
Function parse_pdf took 27.1107 seconds to execute.
Running: get_tables
Function get_tables took 0.0001 seconds to execute.
Running: get_surrounding_paragraphs
Function get_surrounding_paragraphs took 0.0001 seconds to execute.
