Running: parse_pdf
Raw PDF conversion timings:
{
  "pipeline_total": {
    "scope": "document",
    "count": 1,
    "times": [
      36.94040009903256
    ],
    "start_timestamps": [
      "2026-07-23 11:29:36.609713+00:00"
    ]
  },
  "page_parse": {
    "scope": "page",
    "count": 22,
    "times": [
      0.08215629309415817,
      0.03220562299247831,
      0.03250823309645057,
      0.08100641495548189,
      0.05691464093979448,
      0.0803847030038014,
      0.07960350008215755,
      0.1206462950212881,
      0.07628167700022459,
      0.1244848120259121,
      0.10221851896494627,
      0.09408599603921175,
      0.0353312959196046,
      0.09267197991721332,
      0.042706542066298425,
      0.054222415084950626,
      0.143214545911178,
      0.14509340899530798,
      0.1422188290162012,
      0.1416884500067681,
      0.14095513697247952,
      0.07160378701519221
    ],
    "start_timestamps": [
      "2026-07-23 11:29:36.613345+00:00",
      "2026-07-23 11:29:36.695541+00:00",
      "2026-07-23 11:29:36.727787+00:00",
      "2026-07-23 11:29:36.760326+00:00",
      "2026-07-23 11:29:36.841370+00:00",
      "2026-07-23 11:29:36.898327+00:00",
      "2026-07-23 11:29:36.978772+00:00",
      "2026-07-23 11:29:37.058412+00:00",
      "2026-07-23 11:29:37.179103+00:00",
      "2026-07-23 11:29:37.255425+00:00",
      "2026-07-23 11:29:37.379953+00:00",
      "2026-07-23 11:29:37.482212+00:00",
      "2026-07-23 11:29:37.576342+00:00",
      "2026-07-23 11:29:37.611712+00:00",
      "2026-07-23 11:29:37.704432+00:00",
      "2026-07-23 11:29:37.747183+00:00",
      "2026-07-23 11:29:37.801458+00:00",
      "2026-07-23 11:29:37.944720+00:00",
      "2026-07-23 11:29:38.089865+00:00",
      "2026-07-23 11:29:38.232132+00:00",
      "2026-07-23 11:29:38.373870+00:00",
      "2026-07-23 11:29:38.514874+00:00"
    ]
  },
  "ocr": {
    "scope": "page",
    "count": 22,
    "times": [
      0.14731400599703193,
      0.13864680496044457,
      0.20084989699535072,
      0.20090940897352993,
      0.12672024697531015,
      3.4625404860125855,
      2.0527186900144443,
      2.6879557200009003,
      2.557666063075885,
      2.19144924194552,
      0.12696317490190268,
      2.22644693905022,
      0.12978026689961553,
      2.1719109929399565,
      0.1265896710101515,
      0.12483188603073359,
      2.408144084038213,
      1.9466723219957203,
      3.1009317750576884,
      1.8663216839777306,
      2.274060443043709,
      0.1268947860226035
    ],
    "start_timestamps": [
      "2026-07-23 11:29:36.695722+00:00",
      "2026-07-23 11:29:36.843068+00:00",
      "2026-07-23 11:29:36.981728+00:00",
      "2026-07-23 11:29:37.182590+00:00",
      "2026-07-23 11:29:37.383547+00:00",
      "2026-07-23 11:29:37.510285+00:00",
      "2026-07-23 11:29:40.972842+00:00",
      "2026-07-23 11:29:43.025579+00:00",
      "2026-07-23 11:29:45.713555+00:00",
      "2026-07-23 11:29:48.271240+00:00",
      "2026-07-23 11:29:50.462775+00:00",
      "2026-07-23 11:29:50.589746+00:00",
      "2026-07-23 11:29:52.816215+00:00",
      "2026-07-23 11:29:52.946002+00:00",
      "2026-07-23 11:29:55.117934+00:00",
      "2026-07-23 11:29:55.244532+00:00",
      "2026-07-23 11:29:55.369373+00:00",
      "2026-07-23 11:29:57.777538+00:00",
      "2026-07-23 11:29:59.724228+00:00",
      "2026-07-23 11:30:02.825188+00:00",
      "2026-07-23 11:30:04.691534+00:00",
      "2026-07-23 11:30:06.965614+00:00"
    ]
  },
  "layout": {
    "scope": "page",
    "count": 4,
    "times": [
      0.14846469601616263,
      0.20821527298539877,
      0.07890926103573292,
      0.13124616001732647
    ],
    "start_timestamps": [
      "2026-07-23 11:29:36.843147+00:00",
      "2026-07-23 11:29:37.383621+00:00",
      "2026-07-23 11:29:50.462874+00:00",
      "2026-07-23 11:30:07.092777+00:00"
    ]
  },
  "table_structure": {
    "scope": "page",
    "count": 22,
    "times": [
      1.5498953871428967e-05,
      0.351990686962381,
      0.7523898179642856,
      2.0930077880620956e-05,
      1.935602631419897e-05,
      6.261980161070824e-06,
      4.5889755710959435e-06,
      4.197936505079269e-06,
      6.131012924015522e-06,
      4.459056071937084e-06,
      1.038477728026919,
      1.8685939721763134e-05,
      0.4820848760427907,
      2.2663036361336708e-05,
      1.3204989954829216e-05,
      6.041023880243301e-06,
      5.451031029224396e-06,
      4.9300724640488625e-06,
      6.671994924545288e-06,
      5.090027116239071e-06,
      4.778965376317501e-06,
      1.088995486497879e-05
    ],
    "start_timestamps": [
      "2026-07-23 11:29:36.993660+00:00",
      "2026-07-23 11:29:37.617106+00:00",
      "2026-07-23 11:29:37.969114+00:00",
      "2026-07-23 11:29:38.721519+00:00",
      "2026-07-23 11:29:50.555653+00:00",
      "2026-07-23 11:29:50.555676+00:00",
      "2026-07-23 11:29:50.555686+00:00",
      "2026-07-23 11:29:50.555694+00:00",
      "2026-07-23 11:29:50.555727+00:00",
      "2026-07-23 11:29:50.555737+00:00",
      "2026-07-23 11:30:07.304194+00:00",
      "2026-07-23 11:30:08.342687+00:00",
      "2026-07-23 11:30:08.342709+00:00",
      "2026-07-23 11:30:08.824813+00:00",
      "2026-07-23 11:30:08.825008+00:00",
      "2026-07-23 11:30:08.825026+00:00",
      "2026-07-23 11:30:08.825036+00:00",
      "2026-07-23 11:30:08.825045+00:00",
      "2026-07-23 11:30:08.825071+00:00",
      "2026-07-23 11:30:08.825081+00:00",
      "2026-07-23 11:30:08.825090+00:00",
      "2026-07-23 11:30:08.825098+00:00"
    ]
  },
  "page_assemble": {
    "scope": "page",
    "count": 22,
    "times": [
      6.764708086848259e-05,
      5.5965036153793335e-05,
      7.892900612205267e-05,
      0.00012598792091012,
      9.275495540350676e-05,
      5.3922063671052456e-05,
      3.275205381214619e-05,
      3.716000355780125e-05,
      2.7240952476859093e-05,
      2.824293915182352e-05,
      0.00010706193279474974,
      8.642289321869612e-05,
      2.737098839133978e-05,
      0.00015708606224507093,
      0.0001654219813644886,
      6.292900070548058e-05,
      3.240094520151615e-05,
      3.087799996137619e-05,
      3.293203189969063e-05,
      2.8052949346601963e-05,
      2.7070986106991768e-05,
      0.00015810795594006777
    ],
    "start_timestamps": [
      "2026-07-23 11:29:36.993728+00:00",
      "2026-07-23 11:29:38.721693+00:00",
      "2026-07-23 11:29:38.721796+00:00",
      "2026-07-23 11:29:38.721899+00:00",
      "2026-07-23 11:29:50.555788+00:00",
      "2026-07-23 11:29:50.555916+00:00",
      "2026-07-23 11:29:50.555994+00:00",
      "2026-07-23 11:29:50.556047+00:00",
      "2026-07-23 11:29:50.556103+00:00",
      "2026-07-23 11:29:50.556149+00:00",
      "2026-07-23 11:30:08.825247+00:00",
      "2026-07-23 11:30:08.825402+00:00",
      "2026-07-23 11:30:08.825511+00:00",
      "2026-07-23 11:30:08.825557+00:00",
      "2026-07-23 11:30:08.825733+00:00",
      "2026-07-23 11:30:08.825918+00:00",
      "2026-07-23 11:30:08.825998+00:00",
      "2026-07-23 11:30:08.826052+00:00",
      "2026-07-23 11:30:08.826099+00:00",
      "2026-07-23 11:30:08.826148+00:00",
      "2026-07-23 11:30:08.826195+00:00",
      "2026-07-23 11:30:08.826238+00:00"
    ]
  },
  "doc_assemble": {
    "scope": "document",
    "count": 1,
    "times": [
      0.03260310203768313
    ],
    "start_timestamps": [
      "2026-07-23 11:30:08.826651+00:00"
    ]
  },
  "reading_order": {
    "scope": "document",
    "count": 1,
    "times": [
      0.0319485180079937
    ],
    "start_timestamps": [
      "2026-07-23 11:30:08.826820+00:00"
    ]
  },
  "doc_enrich": {
    "scope": "document",
    "count": 1,
    "times": [
      4.690671179909259
    ],
    "start_timestamps": [
      "2026-07-23 11:30:08.859285+00:00"
    ]
  }
}
All hyperlinked elements redacted in-memory.
Clean PDF conversion timings:
{
  "pipeline_total": {
    "scope": "document",
    "count": 1,
    "times": [
      37.05552956298925
    ],
    "start_timestamps": [
      "2026-07-23 11:30:13.730575+00:00"
    ]
  },
  "page_parse": {
    "scope": "page",
    "count": 22,
    "times": [
      0.03315325896255672,
      0.03160795499570668,
      0.033663370995782316,
      0.080487126018852,
      0.05700021202210337,
      0.0804054019972682,
      0.07939117995556444,
      0.11883140308782458,
      0.07419580302666873,
      0.12265215697698295,
      0.045687442063353956,
      0.08707357500679791,
      0.03726451098918915,
      0.08413900097366422,
      0.042574562947265804,
      0.07766435400117189,
      0.1485090790083632,
      0.14992180303670466,
      0.14127398806158453,
      0.13998448697384447,
      0.13948102691210806,
      0.07173396297730505
    ],
    "start_timestamps": [
      "2026-07-23 11:30:13.734206+00:00",
      "2026-07-23 11:30:13.767398+00:00",
      "2026-07-23 11:30:13.799040+00:00",
      "2026-07-23 11:30:13.832736+00:00",
      "2026-07-23 11:30:13.913261+00:00",
      "2026-07-23 11:30:13.970304+00:00",
      "2026-07-23 11:30:14.050753+00:00",
      "2026-07-23 11:30:14.130180+00:00",
      "2026-07-23 11:30:14.249058+00:00",
      "2026-07-23 11:30:14.323295+00:00",
      "2026-07-23 11:30:14.445990+00:00",
      "2026-07-23 11:30:14.491723+00:00",
      "2026-07-23 11:30:14.578841+00:00",
      "2026-07-23 11:30:14.616139+00:00",
      "2026-07-23 11:30:14.700326+00:00",
      "2026-07-23 11:30:14.742944+00:00",
      "2026-07-23 11:30:14.820657+00:00",
      "2026-07-23 11:30:14.969218+00:00",
      "2026-07-23 11:30:15.119181+00:00",
      "2026-07-23 11:30:15.260506+00:00",
      "2026-07-23 11:30:15.400535+00:00",
      "2026-07-23 11:30:15.540061+00:00"
    ]
  },
  "ocr": {
    "scope": "page",
    "count": 22,
    "times": [
      0.14723847399000078,
      0.1391522870399058,
      0.19817156600765884,
      0.1969108689809218,
      0.132849965011701,
      3.5466669539455324,
      2.0602843649685383,
      2.688317822990939,
      2.5630990359932184,
      2.19378248101566,
      0.12928257801104337,
      2.2475667890394107,
      0.12529706407804042,
      2.176480147987604,
      0.12618692102842033,
      0.12452763295732439,
      2.4046281550545245,
      1.955848434008658,
      3.1086304099299014,
      1.8630158009473234,
      2.276188866002485,
      0.12979790999088436
    ],
    "start_timestamps": [
      "2026-07-23 11:30:13.767617+00:00",
      "2026-07-23 11:30:13.914891+00:00",
      "2026-07-23 11:30:14.054056+00:00",
      "2026-07-23 11:30:14.252240+00:00",
      "2026-07-23 11:30:14.449196+00:00",
      "2026-07-23 11:30:14.582059+00:00",
      "2026-07-23 11:30:18.128745+00:00",
      "2026-07-23 11:30:20.189058+00:00",
      "2026-07-23 11:30:22.877394+00:00",
      "2026-07-23 11:30:25.440514+00:00",
      "2026-07-23 11:30:27.634391+00:00",
      "2026-07-23 11:30:27.763684+00:00",
      "2026-07-23 11:30:30.011270+00:00",
      "2026-07-23 11:30:30.136579+00:00",
      "2026-07-23 11:30:32.313082+00:00",
      "2026-07-23 11:30:32.439278+00:00",
      "2026-07-23 11:30:32.563815+00:00",
      "2026-07-23 11:30:34.968463+00:00",
      "2026-07-23 11:30:36.924330+00:00",
      "2026-07-23 11:30:40.032978+00:00",
      "2026-07-23 11:30:41.896012+00:00",
      "2026-07-23 11:30:44.172219+00:00"
    ]
  },
  "layout": {
    "scope": "page",
    "count": 4,
    "times": [
      0.14867661497555673,
      0.14082216599490494,
      0.07615017890930176,
      0.12953795003704727
    ],
    "start_timestamps": [
      "2026-07-23 11:30:13.914963+00:00",
      "2026-07-23 11:30:14.449272+00:00",
      "2026-07-23 11:30:27.634503+00:00",
      "2026-07-23 11:30:44.302267+00:00"
    ]
  },
  "table_structure": {
    "scope": "page",
    "count": 22,
    "times": [
      1.648103352636099e-05,
      0.2531824470497668,
      0.8550665229558945,
      2.1810992620885372e-05,
      3.038696013391018e-05,
      8.165021426975727e-06,
      5.270005203783512e-06,
      4.948931746184826e-06,
      7.243943400681019e-06,
      5.069072358310223e-06,
      1.0434937860118225,
      2.126989420503378e-05,
      0.48089083505328745,
      2.3383996449410915e-05,
      1.2823962606489658e-05,
      6.8730441853404045e-06,
      5.411100573837757e-06,
      5.63089270144701e-06,
      6.803078576922417e-06,
      5.7710567489266396e-06,
      5.0800153985619545e-06,
      1.082010567188263e-05
    ],
    "start_timestamps": [
      "2026-07-23 11:30:14.065688+00:00",
      "2026-07-23 11:30:14.616351+00:00",
      "2026-07-23 11:30:14.869551+00:00",
      "2026-07-23 11:30:15.724633+00:00",
      "2026-07-23 11:30:27.723917+00:00",
      "2026-07-23 11:30:27.723955+00:00",
      "2026-07-23 11:30:27.723968+00:00",
      "2026-07-23 11:30:27.723977+00:00",
      "2026-07-23 11:30:27.724019+00:00",
      "2026-07-23 11:30:27.724031+00:00",
      "2026-07-23 11:30:44.511393+00:00",
      "2026-07-23 11:30:45.554902+00:00",
      "2026-07-23 11:30:45.554926+00:00",
      "2026-07-23 11:30:46.035837+00:00",
      "2026-07-23 11:30:46.036035+00:00",
      "2026-07-23 11:30:46.036053+00:00",
      "2026-07-23 11:30:46.036064+00:00",
      "2026-07-23 11:30:46.036073+00:00",
      "2026-07-23 11:30:46.036101+00:00",
      "2026-07-23 11:30:46.036112+00:00",
      "2026-07-23 11:30:46.036121+00:00",
      "2026-07-23 11:30:46.036129+00:00"
    ]
  },
  "page_assemble": {
    "scope": "page",
    "count": 22,
    "times": [
      6.525393109768629e-05,
      6.970204412937164e-05,
      7.996102795004845e-05,
      0.00013816100545227528,
      0.00010588893201202154,
      5.503394640982151e-05,
      2.6409979909658432e-05,
      3.054691478610039e-05,
      2.2792024537920952e-05,
      2.4145934730768204e-05,
      7.530197035521269e-05,
      8.960010018199682e-05,
      3.051792737096548e-05,
      0.00017472892068326473,
      0.00018699304200708866,
      7.118401117622852e-05,
      3.124901559203863e-05,
      3.13690397888422e-05,
      3.151898272335529e-05,
      2.8042937628924847e-05,
      2.606899943202734e-05,
      0.0001621259143576026
    ],
    "start_timestamps": [
      "2026-07-23 11:30:14.065773+00:00",
      "2026-07-23 11:30:15.724792+00:00",
      "2026-07-23 11:30:15.724900+00:00",
      "2026-07-23 11:30:15.725005+00:00",
      "2026-07-23 11:30:27.724074+00:00",
      "2026-07-23 11:30:27.724213+00:00",
      "2026-07-23 11:30:27.724287+00:00",
      "2026-07-23 11:30:27.724330+00:00",
      "2026-07-23 11:30:27.724376+00:00",
      "2026-07-23 11:30:27.724418+00:00",
      "2026-07-23 11:30:46.036230+00:00",
      "2026-07-23 11:30:46.036351+00:00",
      "2026-07-23 11:30:46.036467+00:00",
      "2026-07-23 11:30:46.036519+00:00",
      "2026-07-23 11:30:46.036716+00:00",
      "2026-07-23 11:30:46.036927+00:00",
      "2026-07-23 11:30:46.037020+00:00",
      "2026-07-23 11:30:46.037078+00:00",
      "2026-07-23 11:30:46.037126+00:00",
      "2026-07-23 11:30:46.037179+00:00",
      "2026-07-23 11:30:46.037224+00:00",
      "2026-07-23 11:30:46.037265+00:00"
    ]
  },
  "doc_assemble": {
    "scope": "document",
    "count": 1,
    "times": [
      0.03285974601749331
    ],
    "start_timestamps": [
      "2026-07-23 11:30:46.037717+00:00"
    ]
  },
  "reading_order": {
    "scope": "document",
    "count": 1,
    "times": [
      0.03230070194695145
    ],
    "start_timestamps": [
      "2026-07-23 11:30:46.037804+00:00"
    ]
  },
  "doc_enrich": {
    "scope": "document",
    "count": 1,
    "times": [
      4.715477101039141
    ],
    "start_timestamps": [
      "2026-07-23 11:30:46.070608+00:00"
    ]
  }
}
Function parse_pdf took 74.4010 seconds to execute.
Running: get_tables
Function get_tables took 0.0000 seconds to execute.
Running: get_surrounding_paragraphs
Function get_surrounding_paragraphs took 0.0001 seconds to execute.
PROCESSOR ERROR: Error in save_all: '/mnt/iusers01/fatpou01/chem02/b07755hv/ChemistryExtract/tests/runs/2026-07-23_14-48-00/SI/extract/SI.pdf' and '/mnt/iusers01/fatpou01/chem02/b07755hv/ChemistryExtract/tests/runs/2026-07-23_14-48-00/SI/extract/SI.pdf' are the same file
