Running: parse_pdf
Raw PDF conversion timings:
{
  "pipeline_total": {
    "scope": "document",
    "count": 1,
    "times": [
      98.38625609315932
    ],
    "start_timestamps": [
      "2026-07-23 17:29:25.141328+00:00"
    ]
  },
  "page_parse": {
    "scope": "page",
    "count": 21,
    "times": [
      0.0455678952857852,
      0.05282586347311735,
      0.04528013430535793,
      0.04317643400281668,
      0.04860211629420519,
      0.1051443237811327,
      0.13920948095619678,
      0.11191562656313181,
      0.0865932609885931,
      0.06857973150908947,
      0.05072803609073162,
      0.04915259126573801,
      0.04416432324796915,
      0.05311781354248524,
      0.0567206721752882,
      0.045616877265274525,
      0.04642450716346502,
      0.04128331132233143,
      0.08114566933363676,
      0.07516532577574253,
      0.035175868310034275
    ],
    "start_timestamps": [
      "2026-07-23 17:29:25.143550+00:00",
      "2026-07-23 17:29:25.189156+00:00",
      "2026-07-23 17:29:25.242015+00:00",
      "2026-07-23 17:29:25.287328+00:00",
      "2026-07-23 17:29:25.330542+00:00",
      "2026-07-23 17:29:25.379189+00:00",
      "2026-07-23 17:29:25.484381+00:00",
      "2026-07-23 17:29:25.623636+00:00",
      "2026-07-23 17:29:25.735603+00:00",
      "2026-07-23 17:29:25.822241+00:00",
      "2026-07-23 17:29:25.890864+00:00",
      "2026-07-23 17:29:25.941632+00:00",
      "2026-07-23 17:29:25.990825+00:00",
      "2026-07-23 17:29:26.035030+00:00",
      "2026-07-23 17:29:26.088181+00:00",
      "2026-07-23 17:29:26.144940+00:00",
      "2026-07-23 17:29:26.190592+00:00",
      "2026-07-23 17:29:26.237053+00:00",
      "2026-07-23 17:29:26.278369+00:00",
      "2026-07-23 17:29:26.359552+00:00",
      "2026-07-23 17:29:26.434755+00:00"
    ]
  },
  "ocr": {
    "scope": "page",
    "count": 21,
    "times": [
      0.6718486621975899,
      0.13327675499022007,
      0.15361771546304226,
      0.13375714886933565,
      0.15716193430125713,
      0.38166498113423586,
      0.12294622510671616,
      0.1268098447471857,
      0.12061033956706524,
      0.7774326521903276,
      0.1208889028057456,
      0.12232939340174198,
      0.4226340614259243,
      0.12187217269092798,
      0.528053242713213,
      0.47975884564220905,
      0.12383678089827299,
      0.1202129814773798,
      0.12240090779960155,
      0.12134280614554882,
      0.7506259847432375
    ],
    "start_timestamps": [
      "2026-07-23 17:29:25.189249+00:00",
      "2026-07-23 17:29:25.861165+00:00",
      "2026-07-23 17:29:25.994452+00:00",
      "2026-07-23 17:29:26.148080+00:00",
      "2026-07-23 17:29:26.281847+00:00",
      "2026-07-23 17:29:26.439020+00:00",
      "2026-07-23 17:29:26.820703+00:00",
      "2026-07-23 17:29:26.943659+00:00",
      "2026-07-23 17:29:27.070478+00:00",
      "2026-07-23 17:29:27.191148+00:00",
      "2026-07-23 17:29:27.968597+00:00",
      "2026-07-23 17:29:28.089496+00:00",
      "2026-07-23 17:29:28.211834+00:00",
      "2026-07-23 17:29:28.634485+00:00",
      "2026-07-23 17:29:28.756364+00:00",
      "2026-07-23 17:29:29.284434+00:00",
      "2026-07-23 17:29:29.764209+00:00",
      "2026-07-23 17:29:29.888055+00:00",
      "2026-07-23 17:29:30.008278+00:00",
      "2026-07-23 17:29:30.130687+00:00",
      "2026-07-23 17:29:30.252038+00:00"
    ]
  },
  "layout": {
    "scope": "page",
    "count": 3,
    "times": [
      0.17452261690050364,
      0.08748350664973259,
      0.13083567190915346
    ],
    "start_timestamps": [
      "2026-07-23 17:29:25.861246+00:00",
      "2026-07-23 17:29:27.191246+00:00",
      "2026-07-23 17:29:31.002870+00:00"
    ]
  },
  "table_structure": {
    "scope": "page",
    "count": 21,
    "times": [
      1.2093223631381989e-05,
      2.6338733732700348e-05,
      8.596107363700867e-06,
      6.773509085178375e-06,
      5.48921525478363e-06,
      7.974915206432343e-06,
      5.589798092842102e-06,
      5.499459803104401e-06,
      4.539266228675842e-06,
      2.092961221933365e-05,
      6.5015628933906555e-06,
      0.3127826005220413,
      1.8855556845664978e-05,
      9.968876838684082e-06,
      7.404014468193054e-06,
      6.8517401814460754e-06,
      4.709698259830475e-06,
      7.403083145618439e-06,
      9.758397936820984e-06,
      9.678304195404053e-06,
      4.849396646022797e-06
    ],
    "start_timestamps": [
      "2026-07-23 17:29:26.041957+00:00",
      "2026-07-23 17:29:27.366093+00:00",
      "2026-07-23 17:29:27.366125+00:00",
      "2026-07-23 17:29:27.366138+00:00",
      "2026-07-23 17:29:27.366149+00:00",
      "2026-07-23 17:29:27.366191+00:00",
      "2026-07-23 17:29:27.366204+00:00",
      "2026-07-23 17:29:27.366213+00:00",
      "2026-07-23 17:29:27.366223+00:00",
      "2026-07-23 17:29:31.205840+00:00",
      "2026-07-23 17:29:31.205864+00:00",
      "2026-07-23 17:29:31.205874+00:00",
      "2026-07-23 17:29:31.518673+00:00",
      "2026-07-23 17:29:31.518790+00:00",
      "2026-07-23 17:29:31.518804+00:00",
      "2026-07-23 17:29:31.518814+00:00",
      "2026-07-23 17:29:31.518825+00:00",
      "2026-07-23 17:29:31.518851+00:00",
      "2026-07-23 17:29:31.518862+00:00",
      "2026-07-23 17:29:31.518875+00:00",
      "2026-07-23 17:29:31.518887+00:00"
    ]
  },
  "page_assemble": {
    "scope": "page",
    "count": 21,
    "times": [
      0.00019753165543079376,
      0.00010972563177347183,
      8.691474795341492e-05,
      6.672646850347519e-05,
      0.00010943599045276642,
      0.0002999836578965187,
      0.0001443810760974884,
      0.00014840904623270035,
      5.345046520233154e-05,
      9.898655116558075e-05,
      0.00010312441736459732,
      9.279511868953705e-05,
      0.00010182242840528488,
      7.633399218320847e-05,
      9.923707693815231e-05,
      9.111128747463226e-05,
      6.026308983564377e-05,
      5.812942981719971e-05,
      0.00014106649905443192,
      0.0001338515430688858,
      5.062483251094818e-05
    ],
    "start_timestamps": [
      "2026-07-23 17:29:26.042067+00:00",
      "2026-07-23 17:29:27.366268+00:00",
      "2026-07-23 17:29:27.366414+00:00",
      "2026-07-23 17:29:27.366520+00:00",
      "2026-07-23 17:29:27.366604+00:00",
      "2026-07-23 17:29:27.366730+00:00",
      "2026-07-23 17:29:27.367050+00:00",
      "2026-07-23 17:29:27.367212+00:00",
      "2026-07-23 17:29:27.367377+00:00",
      "2026-07-23 17:29:31.518968+00:00",
      "2026-07-23 17:29:31.519103+00:00",
      "2026-07-23 17:29:31.519230+00:00",
      "2026-07-23 17:29:31.519348+00:00",
      "2026-07-23 17:29:31.519471+00:00",
      "2026-07-23 17:29:31.519565+00:00",
      "2026-07-23 17:29:31.519682+00:00",
      "2026-07-23 17:29:31.519789+00:00",
      "2026-07-23 17:29:31.519866+00:00",
      "2026-07-23 17:29:31.519941+00:00",
      "2026-07-23 17:29:31.520098+00:00",
      "2026-07-23 17:29:31.520248+00:00"
    ]
  },
  "doc_assemble": {
    "scope": "document",
    "count": 1,
    "times": [
      0.02904913853853941
    ],
    "start_timestamps": [
      "2026-07-23 17:29:31.520505+00:00"
    ]
  },
  "reading_order": {
    "scope": "document",
    "count": 1,
    "times": [
      0.028564685955643654
    ],
    "start_timestamps": [
      "2026-07-23 17:29:31.520586+00:00"
    ]
  },
  "doc_enrich": {
    "scope": "document",
    "count": 1,
    "times": [
      91.97797505091876
    ],
    "start_timestamps": [
      "2026-07-23 17:29:31.549580+00:00"
    ]
  }
}
All hyperlinked elements redacted in-memory.
Clean PDF conversion timings:
{
  "pipeline_total": {
    "scope": "document",
    "count": 1,
    "times": [
      97.99126325640827
    ],
    "start_timestamps": [
      "2026-07-23 17:31:03.600175+00:00"
    ]
  },
  "page_parse": {
    "scope": "page",
    "count": 21,
    "times": [
      0.04303870629519224,
      0.05206576455384493,
      0.04625733569264412,
      0.043270173482596874,
      0.04995504301041365,
      0.10529945883899927,
      0.08962325658649206,
      0.1465632962062955,
      0.10271823219954967,
      0.05238675978034735,
      0.05084548890590668,
      0.0501887034624815,
      0.04461383167654276,
      0.0528261074796319,
      0.05689253006130457,
      0.04480330739170313,
      0.046304263174533844,
      0.0408060560002923,
      0.08234652318060398,
      0.07476605754345655,
      0.035167413763701916
    ],
    "start_timestamps": [
      "2026-07-23 17:31:03.602584+00:00",
      "2026-07-23 17:31:03.645665+00:00",
      "2026-07-23 17:31:03.697763+00:00",
      "2026-07-23 17:31:03.744050+00:00",
      "2026-07-23 17:31:03.787358+00:00",
      "2026-07-23 17:31:03.837540+00:00",
      "2026-07-23 17:31:03.942887+00:00",
      "2026-07-23 17:31:04.032551+00:00",
      "2026-07-23 17:31:04.179161+00:00",
      "2026-07-23 17:31:04.281922+00:00",
      "2026-07-23 17:31:04.334349+00:00",
      "2026-07-23 17:31:04.385233+00:00",
      "2026-07-23 17:31:04.435460+00:00",
      "2026-07-23 17:31:04.480112+00:00",
      "2026-07-23 17:31:04.532970+00:00",
      "2026-07-23 17:31:04.589900+00:00",
      "2026-07-23 17:31:04.634739+00:00",
      "2026-07-23 17:31:04.681079+00:00",
      "2026-07-23 17:31:04.721919+00:00",
      "2026-07-23 17:31:04.804302+00:00",
      "2026-07-23 17:31:04.879105+00:00"
    ]
  },
  "ocr": {
    "scope": "page",
    "count": 21,
    "times": [
      0.6680276785045862,
      0.13939310237765312,
      0.13948132935911417,
      0.13225702196359634,
      0.15694446209818125,
      0.3954396201297641,
      0.1222279779613018,
      0.1291416585445404,
      0.12180534284561872,
      0.7720616674050689,
      0.12056672107428312,
      0.12250498868525028,
      0.431414183229208,
      0.1252265814691782,
      0.5366266276687384,
      0.48583546094596386,
      0.12423165794461966,
      0.12287324201315641,
      0.1268170541152358,
      0.12269462551921606,
      0.7323532067239285
    ],
    "start_timestamps": [
      "2026-07-23 17:31:03.645762+00:00",
      "2026-07-23 17:31:04.313855+00:00",
      "2026-07-23 17:31:04.453263+00:00",
      "2026-07-23 17:31:04.592754+00:00",
      "2026-07-23 17:31:04.725021+00:00",
      "2026-07-23 17:31:04.881977+00:00",
      "2026-07-23 17:31:05.277434+00:00",
      "2026-07-23 17:31:05.399671+00:00",
      "2026-07-23 17:31:05.528822+00:00",
      "2026-07-23 17:31:05.650682+00:00",
      "2026-07-23 17:31:06.422763+00:00",
      "2026-07-23 17:31:06.543341+00:00",
      "2026-07-23 17:31:06.665855+00:00",
      "2026-07-23 17:31:07.097294+00:00",
      "2026-07-23 17:31:07.222528+00:00",
      "2026-07-23 17:31:07.759172+00:00",
      "2026-07-23 17:31:08.245022+00:00",
      "2026-07-23 17:31:08.369262+00:00",
      "2026-07-23 17:31:08.492144+00:00",
      "2026-07-23 17:31:08.618970+00:00",
      "2026-07-23 17:31:08.741674+00:00"
    ]
  },
  "layout": {
    "scope": "page",
    "count": 3,
    "times": [
      0.16905453335493803,
      0.09296483639627695,
      0.13954942673444748
    ],
    "start_timestamps": [
      "2026-07-23 17:31:04.313949+00:00",
      "2026-07-23 17:31:05.650778+00:00",
      "2026-07-23 17:31:09.474325+00:00"
    ]
  },
  "table_structure": {
    "scope": "page",
    "count": 21,
    "times": [
      1.874566078186035e-05,
      2.3484230041503906e-05,
      7.594004273414612e-06,
      5.951151251792908e-06,
      5.43985515832901e-06,
      1.704227179288864e-05,
      5.661509931087494e-06,
      5.5497512221336365e-06,
      4.298985004425049e-06,
      2.5457702577114105e-05,
      7.353723049163818e-06,
      0.31576366443187,
      1.7943792045116425e-05,
      8.325092494487762e-06,
      4.818663001060486e-06,
      4.6389177441596985e-06,
      4.338100552558899e-06,
      5.600042641162872e-06,
      5.5497512221336365e-06,
      4.7693029046058655e-06,
      4.237517714500427e-06
    ],
    "start_timestamps": [
      "2026-07-23 17:31:04.488616+00:00",
      "2026-07-23 17:31:05.832300+00:00",
      "2026-07-23 17:31:05.832329+00:00",
      "2026-07-23 17:31:05.832340+00:00",
      "2026-07-23 17:31:05.832350+00:00",
      "2026-07-23 17:31:05.832393+00:00",
      "2026-07-23 17:31:05.832415+00:00",
      "2026-07-23 17:31:05.832424+00:00",
      "2026-07-23 17:31:05.832434+00:00",
      "2026-07-23 17:31:09.685558+00:00",
      "2026-07-23 17:31:09.685589+00:00",
      "2026-07-23 17:31:09.685600+00:00",
      "2026-07-23 17:31:10.001380+00:00",
      "2026-07-23 17:31:10.001497+00:00",
      "2026-07-23 17:31:10.001510+00:00",
      "2026-07-23 17:31:10.001518+00:00",
      "2026-07-23 17:31:10.001526+00:00",
      "2026-07-23 17:31:10.001552+00:00",
      "2026-07-23 17:31:10.001561+00:00",
      "2026-07-23 17:31:10.001570+00:00",
      "2026-07-23 17:31:10.001577+00:00"
    ]
  },
  "page_assemble": {
    "scope": "page",
    "count": 21,
    "times": [
      0.00016813725233078003,
      0.00011122878640890121,
      0.00010042823851108551,
      8.651241660118103e-05,
      0.00012471526861190796,
      0.0002880822867155075,
      0.00013823993504047394,
      0.00014532450586557388,
      4.656706005334854e-05,
      0.000123622827231884,
      8.777529001235962e-05,
      6.915070116519928e-05,
      7.078330963850021e-05,
      6.074458360671997e-05,
      8.584093302488327e-05,
      8.140318095684052e-05,
      8.697342127561569e-05,
      5.511380732059479e-05,
      0.00012919306755065918,
      0.00013037584722042084,
      4.9632973968982697e-05
    ],
    "start_timestamps": [
      "2026-07-23 17:31:04.488694+00:00",
      "2026-07-23 17:31:05.832493+00:00",
      "2026-07-23 17:31:05.832638+00:00",
      "2026-07-23 17:31:05.832762+00:00",
      "2026-07-23 17:31:05.832870+00:00",
      "2026-07-23 17:31:05.833017+00:00",
      "2026-07-23 17:31:05.833324+00:00",
      "2026-07-23 17:31:05.833485+00:00",
      "2026-07-23 17:31:05.833647+00:00",
      "2026-07-23 17:31:10.001668+00:00",
      "2026-07-23 17:31:10.001829+00:00",
      "2026-07-23 17:31:10.001938+00:00",
      "2026-07-23 17:31:10.002033+00:00",
      "2026-07-23 17:31:10.002121+00:00",
      "2026-07-23 17:31:10.002198+00:00",
      "2026-07-23 17:31:10.002300+00:00",
      "2026-07-23 17:31:10.002399+00:00",
      "2026-07-23 17:31:10.002503+00:00",
      "2026-07-23 17:31:10.002573+00:00",
      "2026-07-23 17:31:10.002717+00:00",
      "2026-07-23 17:31:10.002863+00:00"
    ]
  },
  "doc_assemble": {
    "scope": "document",
    "count": 1,
    "times": [
      0.02936344128102064
    ],
    "start_timestamps": [
      "2026-07-23 17:31:10.003181+00:00"
    ]
  },
  "reading_order": {
    "scope": "document",
    "count": 1,
    "times": [
      0.028797034174203873
    ],
    "start_timestamps": [
      "2026-07-23 17:31:10.003267+00:00"
    ]
  },
  "doc_enrich": {
    "scope": "document",
    "count": 1,
    "times": [
      91.55883776955307
    ],
    "start_timestamps": [
      "2026-07-23 17:31:10.032583+00:00"
    ]
  }
}
Function parse_pdf took 196.7360 seconds to execute.
Running: get_tables
Function get_tables took 0.0001 seconds to execute.
Running: get_surrounding_paragraphs
Function get_surrounding_paragraphs took 0.0001 seconds to execute.
