Running: parse_pdf
Raw PDF conversion timings:
{
  "pipeline_total": {
    "scope": "document",
    "count": 1,
    "times": [
      3.672750884667039
    ],
    "start_timestamps": [
      "2026-07-23 18:08:25.510692+00:00"
    ]
  },
  "page_parse": {
    "scope": "page",
    "count": 5,
    "times": [
      0.15267512295395136,
      0.09923018142580986,
      0.17588662169873714,
      0.16108426731079817,
      0.09979298058897257
    ],
    "start_timestamps": [
      "2026-07-23 18:08:25.516593+00:00",
      "2026-07-23 18:08:25.669313+00:00",
      "2026-07-23 18:08:25.768585+00:00",
      "2026-07-23 18:08:25.944516+00:00",
      "2026-07-23 18:08:26.105658+00:00"
    ]
  },
  "ocr": {
    "scope": "page",
    "count": 5,
    "times": [
      1.57274769525975,
      0.14803530275821686,
      0.9334446098655462,
      0.126640310510993,
      0.1297525279223919
    ],
    "start_timestamps": [
      "2026-07-23 18:08:25.669683+00:00",
      "2026-07-23 18:08:27.242507+00:00",
      "2026-07-23 18:08:27.390551+00:00",
      "2026-07-23 18:08:28.324017+00:00",
      "2026-07-23 18:08:28.450666+00:00"
    ]
  },
  "layout": {
    "scope": "page",
    "count": 2,
    "times": [
      0.07479747291654348,
      0.07097606360912323
    ],
    "start_timestamps": [
      "2026-07-23 18:08:27.242653+00:00",
      "2026-07-23 18:08:28.580576+00:00"
    ]
  },
  "table_structure": {
    "scope": "page",
    "count": 5,
    "times": [
      2.5548040866851807e-05,
      2.748146653175354e-05,
      1.6410835087299347e-05,
      1.2673437595367432e-05,
      1.1771917343139648e-05
    ],
    "start_timestamps": [
      "2026-07-23 18:08:27.375167+00:00",
      "2026-07-23 18:08:28.901710+00:00",
      "2026-07-23 18:08:28.901741+00:00",
      "2026-07-23 18:08:28.901763+00:00",
      "2026-07-23 18:08:28.901778+00:00"
    ]
  },
  "page_assemble": {
    "scope": "page",
    "count": 5,
    "times": [
      0.0017514461651444435,
      0.0011629993095993996,
      0.0008816588670015335,
      0.007687204517424107,
      0.01817848812788725
    ],
    "start_timestamps": [
      "2026-07-23 18:08:27.375255+00:00",
      "2026-07-23 18:08:28.901882+00:00",
      "2026-07-23 18:08:28.903075+00:00",
      "2026-07-23 18:08:28.903979+00:00",
      "2026-07-23 18:08:28.911692+00:00"
    ]
  },
  "doc_assemble": {
    "scope": "document",
    "count": 1,
    "times": [
      0.24936422239989042
    ],
    "start_timestamps": [
      "2026-07-23 18:08:28.930054+00:00"
    ]
  },
  "reading_order": {
    "scope": "document",
    "count": 1,
    "times": [
      0.2486660685390234
    ],
    "start_timestamps": [
      "2026-07-23 18:08:28.930222+00:00"
    ]
  },
  "doc_enrich": {
    "scope": "document",
    "count": 1,
    "times": [
      0.003990628756582737
    ],
    "start_timestamps": [
      "2026-07-23 18:08:29.179447+00:00"
    ]
  }
}
All hyperlinked elements redacted in-memory.
Clean PDF conversion timings:
{
  "pipeline_total": {
    "scope": "document",
    "count": 1,
    "times": [
      3.560622353106737
    ],
    "start_timestamps": [
      "2026-07-23 18:08:29.337593+00:00"
    ]
  },
  "page_parse": {
    "scope": "page",
    "count": 5,
    "times": [
      0.15136378537863493,
      0.09980866871774197,
      0.17725711036473513,
      0.11855762079358101,
      0.06974307168275118
    ],
    "start_timestamps": [
      "2026-07-23 18:08:29.342983+00:00",
      "2026-07-23 18:08:29.494390+00:00",
      "2026-07-23 18:08:29.594243+00:00",
      "2026-07-23 18:08:29.771546+00:00",
      "2026-07-23 18:08:29.890153+00:00"
    ]
  },
  "ocr": {
    "scope": "page",
    "count": 5,
    "times": [
      1.5593123668804765,
      0.14051685109734535,
      0.9041936527937651,
      0.12438635714352131,
      0.12748743500560522
    ],
    "start_timestamps": [
      "2026-07-23 18:08:29.494745+00:00",
      "2026-07-23 18:08:31.054139+00:00",
      "2026-07-23 18:08:31.194664+00:00",
      "2026-07-23 18:08:32.098874+00:00",
      "2026-07-23 18:08:32.223270+00:00"
    ]
  },
  "layout": {
    "scope": "page",
    "count": 2,
    "times": [
      0.06736527383327484,
      0.06863776035606861
    ],
    "start_timestamps": [
      "2026-07-23 18:08:31.054234+00:00",
      "2026-07-23 18:08:32.350902+00:00"
    ]
  },
  "table_structure": {
    "scope": "page",
    "count": 5,
    "times": [
      2.96151265501976e-05,
      3.193039447069168e-05,
      1.979619264602661e-05,
      1.538824290037155e-05,
      1.5839003026485443e-05
    ],
    "start_timestamps": [
      "2026-07-23 18:08:31.182586+00:00",
      "2026-07-23 18:08:32.628589+00:00",
      "2026-07-23 18:08:32.628626+00:00",
      "2026-07-23 18:08:32.628654+00:00",
      "2026-07-23 18:08:32.628673+00:00"
    ]
  },
  "page_assemble": {
    "scope": "page",
    "count": 5,
    "times": [
      0.0004725288599729538,
      0.00046304240822792053,
      0.0004012463614344597,
      0.0004135090857744217,
      0.0009579034522175789
    ],
    "start_timestamps": [
      "2026-07-23 18:08:31.182679+00:00",
      "2026-07-23 18:08:32.628764+00:00",
      "2026-07-23 18:08:32.629257+00:00",
      "2026-07-23 18:08:32.629678+00:00",
      "2026-07-23 18:08:32.630111+00:00"
    ]
  },
  "doc_assemble": {
    "scope": "document",
    "count": 1,
    "times": [
      0.262531285174191
    ],
    "start_timestamps": [
      "2026-07-23 18:08:32.631243+00:00"
    ]
  },
  "reading_order": {
    "scope": "document",
    "count": 1,
    "times": [
      0.26189166959375143
    ],
    "start_timestamps": [
      "2026-07-23 18:08:32.631369+00:00"
    ]
  },
  "doc_enrich": {
    "scope": "document",
    "count": 1,
    "times": [
      0.004404530860483646
    ],
    "start_timestamps": [
      "2026-07-23 18:08:32.893804+00:00"
    ]
  }
}
Function parse_pdf took 7.5820 seconds to execute.
Running: get_tables
Function get_tables took 0.0001 seconds to execute.
Running: get_surrounding_paragraphs
Function get_surrounding_paragraphs took 0.0001 seconds to execute.
