Running: parse_pdf
Raw PDF conversion timings:
{
  "pipeline_total": {
    "scope": "document",
    "count": 1,
    "times": [
      8.762103640474379
    ],
    "start_timestamps": [
      "2026-07-23 19:55:11.651050+00:00"
    ]
  },
  "page_parse": {
    "scope": "page",
    "count": 22,
    "times": [
      0.06761137396097183,
      0.06461389269679785,
      0.06030257046222687,
      0.1794786024838686,
      0.06197286397218704,
      0.16511433478444815,
      0.056092158891260624,
      0.15128741692751646,
      0.0658939927816391,
      0.05860099941492081,
      0.06645387597382069,
      0.5427837735041976,
      0.0592315960675478,
      0.061146099120378494,
      0.1251622773706913,
      0.12240368593484163,
      0.07855373341590166,
      0.07308505289256573,
      0.11079987231642008,
      0.16375938523560762,
      0.0884883077815175,
      0.03179065138101578
    ],
    "start_timestamps": [
      "2026-07-23 19:55:11.654916+00:00",
      "2026-07-23 19:55:11.722566+00:00",
      "2026-07-23 19:55:11.787213+00:00",
      "2026-07-23 19:55:11.847553+00:00",
      "2026-07-23 19:55:12.027075+00:00",
      "2026-07-23 19:55:12.089089+00:00",
      "2026-07-23 19:55:12.254243+00:00",
      "2026-07-23 19:55:12.310380+00:00",
      "2026-07-23 19:55:12.461709+00:00",
      "2026-07-23 19:55:12.527645+00:00",
      "2026-07-23 19:55:12.586312+00:00",
      "2026-07-23 19:55:12.652817+00:00",
      "2026-07-23 19:55:13.195644+00:00",
      "2026-07-23 19:55:13.254923+00:00",
      "2026-07-23 19:55:13.316112+00:00",
      "2026-07-23 19:55:13.441320+00:00",
      "2026-07-23 19:55:13.563783+00:00",
      "2026-07-23 19:55:13.642382+00:00",
      "2026-07-23 19:55:13.715513+00:00",
      "2026-07-23 19:55:13.826362+00:00",
      "2026-07-23 19:55:13.990163+00:00",
      "2026-07-23 19:55:14.078694+00:00"
    ]
  },
  "ocr": {
    "scope": "page",
    "count": 22,
    "times": [
      0.12872200645506382,
      0.1778425443917513,
      0.22827655728906393,
      1.7081888588145375,
      0.148113994859159,
      1.000308183953166,
      0.1432223804295063,
      0.7084952909499407,
      0.1250236462801695,
      0.12472167797386646,
      0.1257768338546157,
      1.223269859328866,
      0.125487950630486,
      0.12739886064082384,
      0.12579633574932814,
      0.12839447613805532,
      0.12493896204978228,
      0.1267188424244523,
      0.13158149365335703,
      0.13070016261190176,
      0.12665343936532736,
      0.12509876303374767
    ],
    "start_timestamps": [
      "2026-07-23 19:55:11.722633+00:00",
      "2026-07-23 19:55:11.851389+00:00",
      "2026-07-23 19:55:12.029242+00:00",
      "2026-07-23 19:55:12.257556+00:00",
      "2026-07-23 19:55:13.965762+00:00",
      "2026-07-23 19:55:14.113889+00:00",
      "2026-07-23 19:55:15.114320+00:00",
      "2026-07-23 19:55:15.257550+00:00",
      "2026-07-23 19:55:15.966063+00:00",
      "2026-07-23 19:55:16.091096+00:00",
      "2026-07-23 19:55:16.215826+00:00",
      "2026-07-23 19:55:16.341611+00:00",
      "2026-07-23 19:55:17.564897+00:00",
      "2026-07-23 19:55:17.690395+00:00",
      "2026-07-23 19:55:17.817802+00:00",
      "2026-07-23 19:55:17.943607+00:00",
      "2026-07-23 19:55:18.072010+00:00",
      "2026-07-23 19:55:18.196957+00:00",
      "2026-07-23 19:55:18.323685+00:00",
      "2026-07-23 19:55:18.455276+00:00",
      "2026-07-23 19:55:18.585985+00:00",
      "2026-07-23 19:55:18.712648+00:00"
    ]
  },
  "layout": {
    "scope": "page",
    "count": 4,
    "times": [
      0.25229031313210726,
      0.21280351094901562,
      0.0603590477257967,
      0.15989600494503975
    ],
    "start_timestamps": [
      "2026-07-23 19:55:11.851476+00:00",
      "2026-07-23 19:55:12.257621+00:00",
      "2026-07-23 19:55:15.114390+00:00",
      "2026-07-23 19:55:18.838019+00:00"
    ]
  },
  "table_structure": {
    "scope": "page",
    "count": 22,
    "times": [
      7.387902587652206e-05,
      0.9469900261610746,
      0.3944368390366435,
      2.5035813450813293e-05,
      8.596107363700867e-06,
      7.273629307746887e-06,
      2.4747103452682495e-05,
      8.755363523960114e-06,
      5.790963768959045e-06,
      0.19899497274309397,
      2.168118953704834e-05,
      0.16405279655009508,
      0.17814559768885374,
      2.2190622985363007e-05,
      1.1331401765346527e-05,
      0.2458451557904482,
      2.448633313179016e-05,
      0.3365310411900282,
      2.6300549507141113e-05,
      1.3014301657676697e-05,
      1.1450611054897308e-05,
      5.289912223815918e-06
    ],
    "start_timestamps": [
      "2026-07-23 19:55:12.120431+00:00",
      "2026-07-23 19:55:12.528225+00:00",
      "2026-07-23 19:55:13.475233+00:00",
      "2026-07-23 19:55:15.205966+00:00",
      "2026-07-23 19:55:15.205996+00:00",
      "2026-07-23 19:55:15.206009+00:00",
      "2026-07-23 19:55:19.211004+00:00",
      "2026-07-23 19:55:19.211033+00:00",
      "2026-07-23 19:55:19.211046+00:00",
      "2026-07-23 19:55:19.211056+00:00",
      "2026-07-23 19:55:19.410230+00:00",
      "2026-07-23 19:55:19.410255+00:00",
      "2026-07-23 19:55:19.574323+00:00",
      "2026-07-23 19:55:19.752485+00:00",
      "2026-07-23 19:55:19.752622+00:00",
      "2026-07-23 19:55:19.752637+00:00",
      "2026-07-23 19:55:19.998499+00:00",
      "2026-07-23 19:55:19.998526+00:00",
      "2026-07-23 19:55:20.335144+00:00",
      "2026-07-23 19:55:20.335173+00:00",
      "2026-07-23 19:55:20.335190+00:00",
      "2026-07-23 19:55:20.335205+00:00"
    ]
  },
  "page_assemble": {
    "scope": "page",
    "count": 22,
    "times": [
      0.0007462343201041222,
      0.0001658014953136444,
      0.00014069490134716034,
      0.00036046747118234634,
      0.00011550728231668472,
      0.00022127665579319,
      0.00018913578242063522,
      0.00023050326853990555,
      0.00014948192983865738,
      0.00011747237294912338,
      0.00018365588039159775,
      0.00013528484851121902,
      0.0003057960420846939,
      0.00011406373232603073,
      0.00022637564688920975,
      0.0001361556351184845,
      0.00015245750546455383,
      0.0007349327206611633,
      0.0038859816268086433,
      0.004318307153880596,
      0.004154677502810955,
      0.0001091156154870987
    ],
    "start_timestamps": [
      "2026-07-23 19:55:12.120561+00:00",
      "2026-07-23 19:55:13.871572+00:00",
      "2026-07-23 19:55:13.871771+00:00",
      "2026-07-23 19:55:15.206074+00:00",
      "2026-07-23 19:55:15.206483+00:00",
      "2026-07-23 19:55:15.206620+00:00",
      "2026-07-23 19:55:19.410317+00:00",
      "2026-07-23 19:55:19.410544+00:00",
      "2026-07-23 19:55:19.410798+00:00",
      "2026-07-23 19:55:19.410970+00:00",
      "2026-07-23 19:55:19.753754+00:00",
      "2026-07-23 19:55:19.753968+00:00",
      "2026-07-23 19:55:19.754123+00:00",
      "2026-07-23 19:55:19.754449+00:00",
      "2026-07-23 19:55:20.335301+00:00",
      "2026-07-23 19:55:20.335560+00:00",
      "2026-07-23 19:55:20.335722+00:00",
      "2026-07-23 19:55:20.335895+00:00",
      "2026-07-23 19:55:20.336651+00:00",
      "2026-07-23 19:55:20.340558+00:00",
      "2026-07-23 19:55:20.344901+00:00",
      "2026-07-23 19:55:20.349075+00:00"
    ]
  },
  "doc_assemble": {
    "scope": "document",
    "count": 1,
    "times": [
      0.06032068282365799
    ],
    "start_timestamps": [
      "2026-07-23 19:55:20.349417+00:00"
    ]
  },
  "reading_order": {
    "scope": "document",
    "count": 1,
    "times": [
      0.05973544158041477
    ],
    "start_timestamps": [
      "2026-07-23 19:55:20.349529+00:00"
    ]
  },
  "doc_enrich": {
    "scope": "document",
    "count": 1,
    "times": [
      0.003383246250450611
    ],
    "start_timestamps": [
      "2026-07-23 19:55:20.409764+00:00"
    ]
  }
}
All hyperlinked elements redacted in-memory.
Clean PDF conversion timings:
{
  "pipeline_total": {
    "scope": "document",
    "count": 1,
    "times": [
      8.984988643787801
    ],
    "start_timestamps": [
      "2026-07-23 19:55:20.824126+00:00"
    ]
  },
  "page_parse": {
    "scope": "page",
    "count": 22,
    "times": [
      0.0656616436317563,
      0.0639331704005599,
      0.06042175367474556,
      0.1796747948974371,
      0.06285836733877659,
      0.43861417192965746,
      0.05780982878059149,
      0.15075752791017294,
      0.06820860598236322,
      0.08290403988212347,
      0.13638048339635134,
      0.4383680494502187,
      0.08574065752327442,
      0.1259979046881199,
      0.10975968651473522,
      0.07362338621169329,
      0.08387265354394913,
      0.10808152984827757,
      0.12417957279831171,
      0.08061765786260366,
      0.08497002813965082,
      0.03155212476849556
    ],
    "start_timestamps": [
      "2026-07-23 19:55:20.827926+00:00",
      "2026-07-23 19:55:20.893629+00:00",
      "2026-07-23 19:55:20.957595+00:00",
      "2026-07-23 19:55:21.018057+00:00",
      "2026-07-23 19:55:21.197775+00:00",
      "2026-07-23 19:55:21.260673+00:00",
      "2026-07-23 19:55:21.699328+00:00",
      "2026-07-23 19:55:21.757183+00:00",
      "2026-07-23 19:55:21.907985+00:00",
      "2026-07-23 19:55:21.976241+00:00",
      "2026-07-23 19:55:22.059197+00:00",
      "2026-07-23 19:55:22.195645+00:00",
      "2026-07-23 19:55:22.634067+00:00",
      "2026-07-23 19:55:22.719852+00:00",
      "2026-07-23 19:55:22.845902+00:00",
      "2026-07-23 19:55:22.955707+00:00",
      "2026-07-23 19:55:23.029375+00:00",
      "2026-07-23 19:55:23.113299+00:00",
      "2026-07-23 19:55:23.221438+00:00",
      "2026-07-23 19:55:23.345661+00:00",
      "2026-07-23 19:55:23.426319+00:00",
      "2026-07-23 19:55:23.511329+00:00"
    ]
  },
  "ocr": {
    "scope": "page",
    "count": 22,
    "times": [
      0.1279177786782384,
      0.17831761110574007,
      0.5009161634370685,
      1.6482530934736133,
      0.1643499368801713,
      1.0075791515409946,
      0.14431307185441256,
      0.7155191069468856,
      0.12629661802202463,
      0.1311470651999116,
      0.12592556048184633,
      1.2144831465557218,
      0.1274838224053383,
      0.12571594398468733,
      0.12781262956559658,
      0.12556621246039867,
      0.1285619903355837,
      0.12560773082077503,
      0.12736421637237072,
      0.1284181298688054,
      0.12727405689656734,
      0.12582413852214813
    ],
    "start_timestamps": [
      "2026-07-23 19:55:20.893722+00:00",
      "2026-07-23 19:55:21.021672+00:00",
      "2026-07-23 19:55:21.200001+00:00",
      "2026-07-23 19:55:21.700958+00:00",
      "2026-07-23 19:55:23.349221+00:00",
      "2026-07-23 19:55:23.513584+00:00",
      "2026-07-23 19:55:24.521276+00:00",
      "2026-07-23 19:55:24.665597+00:00",
      "2026-07-23 19:55:25.381132+00:00",
      "2026-07-23 19:55:25.507438+00:00",
      "2026-07-23 19:55:25.638594+00:00",
      "2026-07-23 19:55:25.764529+00:00",
      "2026-07-23 19:55:26.979029+00:00",
      "2026-07-23 19:55:27.106523+00:00",
      "2026-07-23 19:55:27.232248+00:00",
      "2026-07-23 19:55:27.360069+00:00",
      "2026-07-23 19:55:27.485644+00:00",
      "2026-07-23 19:55:27.614217+00:00",
      "2026-07-23 19:55:27.739834+00:00",
      "2026-07-23 19:55:27.867207+00:00",
      "2026-07-23 19:55:27.995634+00:00",
      "2026-07-23 19:55:28.122917+00:00"
    ]
  },
  "layout": {
    "scope": "page",
    "count": 4,
    "times": [
      0.24708380736410618,
      0.21267024707049131,
      0.060492876917123795,
      0.1588305812329054
    ],
    "start_timestamps": [
      "2026-07-23 19:55:21.021758+00:00",
      "2026-07-23 19:55:21.701027+00:00",
      "2026-07-23 19:55:24.521348+00:00",
      "2026-07-23 19:55:28.249016+00:00"
    ]
  },
  "table_structure": {
    "scope": "page",
    "count": 22,
    "times": [
      1.7331913113594055e-05,
      0.8150844909250736,
      0.45612776931375265,
      2.6230700314044952e-05,
      8.385628461837769e-06,
      6.913207471370697e-06,
      2.4566426873207092e-05,
      7.604248821735382e-06,
      4.7497451305389404e-06,
      0.19910937827080488,
      2.4545937776565552e-05,
      0.16337536182254553,
      0.17715134751051664,
      2.984609454870224e-05,
      1.2263655662536621e-05,
      0.245631854981184,
      2.047792077064514e-05,
      0.33631339110434055,
      2.5537796318531036e-05,
      1.3045035302639008e-05,
      1.1621974408626556e-05,
      4.589557647705078e-06
    ],
    "start_timestamps": [
      "2026-07-23 19:55:21.285016+00:00",
      "2026-07-23 19:55:21.928392+00:00",
      "2026-07-23 19:55:22.743491+00:00",
      "2026-07-23 19:55:24.614704+00:00",
      "2026-07-23 19:55:24.614734+00:00",
      "2026-07-23 19:55:24.614746+00:00",
      "2026-07-23 19:55:28.623468+00:00",
      "2026-07-23 19:55:28.623497+00:00",
      "2026-07-23 19:55:28.623508+00:00",
      "2026-07-23 19:55:28.623516+00:00",
      "2026-07-23 19:55:28.822813+00:00",
      "2026-07-23 19:55:28.822840+00:00",
      "2026-07-23 19:55:28.986232+00:00",
      "2026-07-23 19:55:29.163398+00:00",
      "2026-07-23 19:55:29.163546+00:00",
      "2026-07-23 19:55:29.163562+00:00",
      "2026-07-23 19:55:29.409211+00:00",
      "2026-07-23 19:55:29.409235+00:00",
      "2026-07-23 19:55:29.745637+00:00",
      "2026-07-23 19:55:29.745666+00:00",
      "2026-07-23 19:55:29.745682+00:00",
      "2026-07-23 19:55:29.745697+00:00"
    ]
  },
  "page_assemble": {
    "scope": "page",
    "count": 22,
    "times": [
      0.0003335569053888321,
      0.00017393659800291061,
      0.00014454033225774765,
      0.0003557298332452774,
      0.00011301320046186447,
      0.00022711791098117828,
      0.0003761984407901764,
      0.0001975521445274353,
      0.00012295041233301163,
      9.695347398519516e-05,
      0.00017144251614809036,
      0.00013620685786008835,
      0.00011570751667022705,
      0.00012404471635818481,
      0.00019135978072881699,
      0.00012819096446037292,
      0.00014272890985012054,
      0.00011989567428827286,
      0.00028211064636707306,
      0.00022047478705644608,
      0.00023718737065792084,
      4.080589860677719e-05
    ],
    "start_timestamps": [
      "2026-07-23 19:55:21.285095+00:00",
      "2026-07-23 19:55:23.199788+00:00",
      "2026-07-23 19:55:23.200011+00:00",
      "2026-07-23 19:55:24.614814+00:00",
      "2026-07-23 19:55:24.615205+00:00",
      "2026-07-23 19:55:24.615341+00:00",
      "2026-07-23 19:55:28.824268+00:00",
      "2026-07-23 19:55:28.824677+00:00",
      "2026-07-23 19:55:28.824896+00:00",
      "2026-07-23 19:55:28.825037+00:00",
      "2026-07-23 19:55:29.163618+00:00",
      "2026-07-23 19:55:29.163823+00:00",
      "2026-07-23 19:55:29.163982+00:00",
      "2026-07-23 19:55:29.164120+00:00",
      "2026-07-23 19:55:29.745799+00:00",
      "2026-07-23 19:55:29.746022+00:00",
      "2026-07-23 19:55:29.746176+00:00",
      "2026-07-23 19:55:29.746339+00:00",
      "2026-07-23 19:55:29.746482+00:00",
      "2026-07-23 19:55:29.746785+00:00",
      "2026-07-23 19:55:29.747023+00:00",
      "2026-07-23 19:55:29.747277+00:00"
    ]
  },
  "doc_assemble": {
    "scope": "document",
    "count": 1,
    "times": [
      0.0582236060872674
    ],
    "start_timestamps": [
      "2026-07-23 19:55:29.747527+00:00"
    ]
  },
  "reading_order": {
    "scope": "document",
    "count": 1,
    "times": [
      0.057670735754072666
    ],
    "start_timestamps": [
      "2026-07-23 19:55:29.747618+00:00"
    ]
  },
  "doc_enrich": {
    "scope": "document",
    "count": 1,
    "times": [
      0.003333183005452156
    ],
    "start_timestamps": [
      "2026-07-23 19:55:29.805776+00:00"
    ]
  }
}
Function parse_pdf took 18.2394 seconds to execute.
Running: get_tables
Function get_tables took 0.0002 seconds to execute.
Running: get_surrounding_paragraphs
Function get_surrounding_paragraphs took 0.0002 seconds to execute.
