Running: parse_pdf
Raw PDF conversion timings:
{
  "pipeline_total": {
    "scope": "document",
    "count": 1,
    "times": [
      5.842802120372653
    ],
    "start_timestamps": [
      "2026-07-17 17:59:42.444212+00:00"
    ]
  },
  "page_parse": {
    "scope": "page",
    "count": 7,
    "times": [
      0.11798701900988817,
      0.12063422054052353,
      0.12497835233807564,
      0.1381572987884283,
      0.16542986128479242,
      0.12983456999063492,
      0.024476210586726665
    ],
    "start_timestamps": [
      "2026-07-17 17:59:42.450297+00:00",
      "2026-07-17 17:59:42.568326+00:00",
      "2026-07-17 17:59:42.689002+00:00",
      "2026-07-17 17:59:42.814021+00:00",
      "2026-07-17 17:59:42.952217+00:00",
      "2026-07-17 17:59:43.117679+00:00",
      "2026-07-17 17:59:43.247560+00:00"
    ]
  },
  "ocr": {
    "scope": "page",
    "count": 7,
    "times": [
      0.126192606985569,
      0.12961619812995195,
      0.1348496051505208,
      2.3260282864794135,
      1.0955634471029043,
      0.5044897114858031,
      0.12184323370456696
    ],
    "start_timestamps": [
      "2026-07-17 17:59:42.568631+00:00",
      "2026-07-17 17:59:42.694868+00:00",
      "2026-07-17 17:59:42.824517+00:00",
      "2026-07-17 17:59:42.959397+00:00",
      "2026-07-17 17:59:45.285522+00:00",
      "2026-07-17 17:59:46.381102+00:00",
      "2026-07-17 17:59:46.885609+00:00"
    ]
  },
  "layout": {
    "scope": "page",
    "count": 4,
    "times": [
      0.2709959400817752,
      0.17949426267296076,
      0.029478742741048336,
      0.06688767578452826
    ],
    "start_timestamps": [
      "2026-07-17 17:59:42.694931+00:00",
      "2026-07-17 17:59:43.112931+00:00",
      "2026-07-17 17:59:45.285590+00:00",
      "2026-07-17 17:59:47.007626+00:00"
    ]
  },
  "table_structure": {
    "scope": "page",
    "count": 7,
    "times": [
      2.6239082217216492e-05,
      0.38529895804822445,
      2.7662143111228943e-05,
      1.8584541976451874e-05,
      2.650916576385498e-05,
      9.057112038135529e-06,
      5.41098415851593e-06
    ],
    "start_timestamps": [
      "2026-07-17 17:59:43.116864+00:00",
      "2026-07-17 17:59:43.482604+00:00",
      "2026-07-17 17:59:43.867921+00:00",
      "2026-07-17 17:59:45.336640+00:00",
      "2026-07-17 17:59:47.124859+00:00",
      "2026-07-17 17:59:47.124890+00:00",
      "2026-07-17 17:59:47.124903+00:00"
    ]
  },
  "page_assemble": {
    "scope": "page",
    "count": 7,
    "times": [
      0.00044166017323732376,
      0.0005102893337607384,
      0.00033906660974025726,
      0.00043825432658195496,
      0.0004956228658556938,
      0.00021835975348949432,
      3.4685246646404266e-05
    ],
    "start_timestamps": [
      "2026-07-17 17:59:43.117025+00:00",
      "2026-07-17 17:59:43.868189+00:00",
      "2026-07-17 17:59:43.868755+00:00",
      "2026-07-17 17:59:45.336755+00:00",
      "2026-07-17 17:59:47.125103+00:00",
      "2026-07-17 17:59:47.125638+00:00",
      "2026-07-17 17:59:47.125877+00:00"
    ]
  },
  "doc_assemble": {
    "scope": "document",
    "count": 1,
    "times": [
      0.02278038114309311
    ],
    "start_timestamps": [
      "2026-07-17 17:59:47.126394+00:00"
    ]
  },
  "reading_order": {
    "scope": "document",
    "count": 1,
    "times": [
      0.022255903109908104
    ],
    "start_timestamps": [
      "2026-07-17 17:59:47.126505+00:00"
    ]
  },
  "doc_enrich": {
    "scope": "document",
    "count": 1,
    "times": [
      1.1378017757087946
    ],
    "start_timestamps": [
      "2026-07-17 17:59:47.149199+00:00"
    ]
  }
}
All hyperlinked elements redacted in-memory.
Clean PDF conversion timings:
{
  "pipeline_total": {
    "scope": "document",
    "count": 1,
    "times": [
      6.47729576844722
    ],
    "start_timestamps": [
      "2026-07-17 17:59:48.326379+00:00"
    ]
  },
  "page_parse": {
    "scope": "page",
    "count": 7,
    "times": [
      0.11813543736934662,
      0.11792624462395906,
      0.12473099678754807,
      0.13829670008271933,
      0.16284952592104673,
      0.12917555030435324,
      0.02572799753397703
    ],
    "start_timestamps": [
      "2026-07-17 17:59:48.331562+00:00",
      "2026-07-17 17:59:48.449737+00:00",
      "2026-07-17 17:59:48.567703+00:00",
      "2026-07-17 17:59:48.692475+00:00",
      "2026-07-17 17:59:48.830813+00:00",
      "2026-07-17 17:59:48.993709+00:00",
      "2026-07-17 17:59:49.122936+00:00"
    ]
  },
  "ocr": {
    "scope": "page",
    "count": 7,
    "times": [
      0.12601803801953793,
      0.1289194282144308,
      0.13364488817751408,
      2.860574937425554,
      1.1344181299209595,
      0.5661428784951568,
      0.12405595742166042
    ],
    "start_timestamps": [
      "2026-07-17 17:59:48.450060+00:00",
      "2026-07-17 17:59:48.576129+00:00",
      "2026-07-17 17:59:48.705083+00:00",
      "2026-07-17 17:59:48.838762+00:00",
      "2026-07-17 17:59:51.699398+00:00",
      "2026-07-17 17:59:52.833840+00:00",
      "2026-07-17 17:59:53.400001+00:00"
    ]
  },
  "layout": {
    "scope": "page",
    "count": 4,
    "times": [
      0.265915771946311,
      0.27051171846687794,
      0.02688619587570429,
      0.0632081525400281
    ],
    "start_timestamps": [
      "2026-07-17 17:59:48.576194+00:00",
      "2026-07-17 17:59:48.894213+00:00",
      "2026-07-17 17:59:51.699478+00:00",
      "2026-07-17 17:59:53.524216+00:00"
    ]
  },
  "table_structure": {
    "scope": "page",
    "count": 7,
    "times": [
      1.8816441297531128e-05,
      0.4994275663048029,
      2.6619993150234222e-05,
      6.564240902662277e-05,
      2.6931054890155792e-05,
      8.637085556983948e-06,
      5.470588803291321e-06
    ],
    "start_timestamps": [
      "2026-07-17 17:59:48.894298+00:00",
      "2026-07-17 17:59:49.406528+00:00",
      "2026-07-17 17:59:49.905974+00:00",
      "2026-07-17 17:59:51.748253+00:00",
      "2026-07-17 17:59:53.638925+00:00",
      "2026-07-17 17:59:53.638956+00:00",
      "2026-07-17 17:59:53.638969+00:00"
    ]
  },
  "page_assemble": {
    "scope": "page",
    "count": 7,
    "times": [
      0.0003462722525000572,
      0.0005019241943955421,
      0.00031375978142023087,
      0.00021129846572875977,
      0.0006420472636818886,
      0.0002853674814105034,
      4.805997014045715e-05
    ],
    "start_timestamps": [
      "2026-07-17 17:59:48.894376+00:00",
      "2026-07-17 17:59:49.906258+00:00",
      "2026-07-17 17:59:49.906809+00:00",
      "2026-07-17 17:59:51.748417+00:00",
      "2026-07-17 17:59:53.639163+00:00",
      "2026-07-17 17:59:53.639843+00:00",
      "2026-07-17 17:59:53.640149+00:00"
    ]
  },
  "doc_assemble": {
    "scope": "document",
    "count": 1,
    "times": [
      0.022707552649080753
    ],
    "start_timestamps": [
      "2026-07-17 17:59:53.640514+00:00"
    ]
  },
  "reading_order": {
    "scope": "document",
    "count": 1,
    "times": [
      0.02223560493439436
    ],
    "start_timestamps": [
      "2026-07-17 17:59:53.640607+00:00"
    ]
  },
  "doc_enrich": {
    "scope": "document",
    "count": 1,
    "times": [
      1.1404151236638427
    ],
    "start_timestamps": [
      "2026-07-17 17:59:53.663245+00:00"
    ]
  }
}
Function parse_pdf took 12.5156 seconds to execute.
Running: get_tables
Function get_tables took 0.0001 seconds to execute.
Running: get_surrounding_paragraphs
Function get_surrounding_paragraphs took 0.0001 seconds to execute.
