Running: parse_pdf
Raw PDF conversion timings:
{
  "pipeline_total": {
    "scope": "document",
    "count": 1,
    "times": [
      130.57457728683949
    ],
    "start_timestamps": [
      "2026-07-18 00:46:18.200522+00:00"
    ]
  },
  "page_parse": {
    "scope": "page",
    "count": 33,
    "times": [
      0.13883750326931477,
      0.14736626017838717,
      0.2643370795994997,
      0.15155809931457043,
      0.16084310039877892,
      0.21160838194191456,
      0.21631457656621933,
      0.21455855388194323,
      0.1495703086256981,
      0.15119670890271664,
      0.15508128888905048,
      0.17623418103903532,
      0.23168186377733946,
      0.1557820262387395,
      0.16759842075407505,
      0.18139894865453243,
      0.15165554359555244,
      0.1542827459052205,
      0.16345656849443913,
      0.15233479999005795,
      0.16068265959620476,
      0.16103234607726336,
      0.1624351656064391,
      0.15984284784644842,
      0.1644865060225129,
      0.2069487450644374,
      0.21427427791059017,
      0.3228310737758875,
      0.1737166838720441,
      0.16857854556292295,
      0.17991108912974596,
      0.18507440481334925,
      0.1385469874367118
    ],
    "start_timestamps": [
      "2026-07-18 00:46:18.203703+00:00",
      "2026-07-18 00:46:18.342580+00:00",
      "2026-07-18 00:46:18.489978+00:00",
      "2026-07-18 00:46:18.754357+00:00",
      "2026-07-18 00:46:18.905956+00:00",
      "2026-07-18 00:46:19.066849+00:00",
      "2026-07-18 00:46:19.278500+00:00",
      "2026-07-18 00:46:19.494856+00:00",
      "2026-07-18 00:46:19.709459+00:00",
      "2026-07-18 00:46:19.859067+00:00",
      "2026-07-18 00:46:20.010303+00:00",
      "2026-07-18 00:46:20.165432+00:00",
      "2026-07-18 00:46:20.341705+00:00",
      "2026-07-18 00:46:20.573440+00:00",
      "2026-07-18 00:46:20.729262+00:00",
      "2026-07-18 00:46:20.896902+00:00",
      "2026-07-18 00:46:21.078344+00:00",
      "2026-07-18 00:46:21.230043+00:00",
      "2026-07-18 00:46:21.384368+00:00",
      "2026-07-18 00:46:21.547866+00:00",
      "2026-07-18 00:46:21.700243+00:00",
      "2026-07-18 00:46:21.860967+00:00",
      "2026-07-18 00:46:22.022044+00:00",
      "2026-07-18 00:46:22.184523+00:00",
      "2026-07-18 00:46:22.344420+00:00",
      "2026-07-18 00:46:22.508948+00:00",
      "2026-07-18 00:46:22.715937+00:00",
      "2026-07-18 00:46:22.930249+00:00",
      "2026-07-18 00:46:23.253130+00:00",
      "2026-07-18 00:46:23.426895+00:00",
      "2026-07-18 00:46:23.595520+00:00",
      "2026-07-18 00:46:23.775474+00:00",
      "2026-07-18 00:46:23.960590+00:00"
    ]
  },
  "ocr": {
    "scope": "page",
    "count": 33,
    "times": [
      5.974436514079571,
      3.9802557975053787,
      2.8018687488511205,
      3.033049820922315,
      3.2629602709785104,
      3.0366688007488847,
      2.477582166902721,
      2.558708757162094,
      1.4915746385231614,
      2.8030324252322316,
      3.106287290342152,
      2.91799808293581,
      2.5606143632903695,
      1.5201215194538236,
      2.504159382544458,
      1.7249484425410628,
      2.1522268801927567,
      2.746916581876576,
      2.909520823508501,
      2.8224434163421392,
      3.055915686301887,
      3.045739489607513,
      2.7004111921414733,
      2.8206432899460196,
      2.8660119911655784,
      2.763183919712901,
      2.4929222697392106,
      2.5494200214743614,
      1.804359714500606,
      1.7558696707710624,
      2.034042383544147,
      2.1368871880695224,
      1.224794952198863
    ],
    "start_timestamps": [
      "2026-07-18 00:46:18.342651+00:00",
      "2026-07-18 00:46:24.317255+00:00",
      "2026-07-18 00:46:28.297525+00:00",
      "2026-07-18 00:46:31.099417+00:00",
      "2026-07-18 00:46:34.132481+00:00",
      "2026-07-18 00:46:37.395457+00:00",
      "2026-07-18 00:46:40.432141+00:00",
      "2026-07-18 00:46:42.909739+00:00",
      "2026-07-18 00:46:45.468463+00:00",
      "2026-07-18 00:46:46.960054+00:00",
      "2026-07-18 00:46:49.763104+00:00",
      "2026-07-18 00:46:52.869415+00:00",
      "2026-07-18 00:46:55.787429+00:00",
      "2026-07-18 00:46:58.348063+00:00",
      "2026-07-18 00:46:59.868200+00:00",
      "2026-07-18 00:47:02.372374+00:00",
      "2026-07-18 00:47:04.097339+00:00",
      "2026-07-18 00:47:06.249582+00:00",
      "2026-07-18 00:47:08.996513+00:00",
      "2026-07-18 00:47:11.906050+00:00",
      "2026-07-18 00:47:14.728509+00:00",
      "2026-07-18 00:47:17.784440+00:00",
      "2026-07-18 00:47:20.830196+00:00",
      "2026-07-18 00:47:23.530622+00:00",
      "2026-07-18 00:47:26.351281+00:00",
      "2026-07-18 00:47:29.217310+00:00",
      "2026-07-18 00:47:31.980510+00:00",
      "2026-07-18 00:47:34.473449+00:00",
      "2026-07-18 00:47:37.022885+00:00",
      "2026-07-18 00:47:38.827261+00:00",
      "2026-07-18 00:47:40.583147+00:00",
      "2026-07-18 00:47:42.617205+00:00",
      "2026-07-18 00:47:44.754108+00:00"
    ]
  },
  "layout": {
    "scope": "page",
    "count": 2,
    "times": [
      0.06357575673609972,
      0.30850971583276987
    ],
    "start_timestamps": [
      "2026-07-18 00:46:24.317389+00:00",
      "2026-07-18 00:47:45.979226+00:00"
    ]
  },
  "table_structure": {
    "scope": "page",
    "count": 33,
    "times": [
      2.3268572045490146,
      2.1350858192890882,
      2.0855733435600996,
      2.0514309406280518,
      2.1436891900375485,
      0.7016305094584823,
      3.512576222419739e-05,
      2.208258956670761e-05,
      1.2012198567390442e-05,
      1.6703537721186876,
      2.1232340605929494,
      1.2461902489885688,
      4.6798959374427795e-05,
      1.9266270101070404e-05,
      1.5201416285708547,
      2.3525208234786987e-05,
      1.3675162475556135,
      1.647488777525723,
      1.84894138853997,
      1.919663735665381,
      1.8379330039024353,
      1.7362906346097589,
      1.38709606975317,
      1.7417449485510588,
      1.7498714188113809,
      0.7338908929377794,
      2.9255636036396027e-05,
      1.8875114619731903e-05,
      1.2423843145370483e-05,
      0.3818811411038041,
      8.647878635674715,
      0.8941870192065835,
      3.297347575426102e-05
    ],
    "start_timestamps": [
      "2026-07-18 00:46:24.388133+00:00",
      "2026-07-18 00:47:47.029946+00:00",
      "2026-07-18 00:47:49.165047+00:00",
      "2026-07-18 00:47:51.250636+00:00",
      "2026-07-18 00:47:53.302082+00:00",
      "2026-07-18 00:47:55.446129+00:00",
      "2026-07-18 00:47:56.147772+00:00",
      "2026-07-18 00:47:56.147811+00:00",
      "2026-07-18 00:47:56.147836+00:00",
      "2026-07-18 00:47:56.148014+00:00",
      "2026-07-18 00:47:57.818384+00:00",
      "2026-07-18 00:47:59.941632+00:00",
      "2026-07-18 00:48:01.187837+00:00",
      "2026-07-18 00:48:01.188152+00:00",
      "2026-07-18 00:48:01.188175+00:00",
      "2026-07-18 00:48:02.708333+00:00",
      "2026-07-18 00:48:02.708359+00:00",
      "2026-07-18 00:48:04.076088+00:00",
      "2026-07-18 00:48:05.723591+00:00",
      "2026-07-18 00:48:07.572563+00:00",
      "2026-07-18 00:48:09.492257+00:00",
      "2026-07-18 00:48:11.330595+00:00",
      "2026-07-18 00:48:13.066901+00:00",
      "2026-07-18 00:48:14.454012+00:00",
      "2026-07-18 00:48:16.195772+00:00",
      "2026-07-18 00:48:17.946027+00:00",
      "2026-07-18 00:48:18.679933+00:00",
      "2026-07-18 00:48:18.679965+00:00",
      "2026-07-18 00:48:18.679988+00:00",
      "2026-07-18 00:48:18.680280+00:00",
      "2026-07-18 00:48:19.062178+00:00",
      "2026-07-18 00:48:27.710075+00:00",
      "2026-07-18 00:48:28.604277+00:00"
    ]
  },
  "page_assemble": {
    "scope": "page",
    "count": 33,
    "times": [
      7.172487676143646e-05,
      6.926152855157852e-05,
      2.547726035118103e-05,
      2.1140091121196747e-05,
      2.1891668438911438e-05,
      0.0006385920569300652,
      0.00027394574135541916,
      0.00020051747560501099,
      8.920766413211823e-05,
      4.6337954699993134e-05,
      2.1389685571193695e-05,
      0.00011980533599853516,
      0.0003237389028072357,
      0.0001794779673218727,
      3.110896795988083e-05,
      0.0002221791073679924,
      2.442672848701477e-05,
      9.900704026222229e-05,
      2.2963620722293854e-05,
      5.837995558977127e-05,
      1.8524937331676483e-05,
      5.1165930926799774e-05,
      2.19615176320076e-05,
      1.8334947526454926e-05,
      1.6740523278713226e-05,
      0.00017051119357347488,
      0.00019253231585025787,
      0.000179218128323555,
      0.00012174993753433228,
      4.279986023902893e-05,
      3.542657941579819e-05,
      2.474617213010788e-05,
      0.00020850170403718948
    ],
    "start_timestamps": [
      "2026-07-18 00:46:26.715246+00:00",
      "2026-07-18 00:47:55.446194+00:00",
      "2026-07-18 00:47:55.446303+00:00",
      "2026-07-18 00:47:55.446364+00:00",
      "2026-07-18 00:47:55.446446+00:00",
      "2026-07-18 00:47:56.148102+00:00",
      "2026-07-18 00:47:56.148771+00:00",
      "2026-07-18 00:47:56.149063+00:00",
      "2026-07-18 00:47:56.149280+00:00",
      "2026-07-18 00:48:01.188818+00:00",
      "2026-07-18 00:48:01.188902+00:00",
      "2026-07-18 00:48:01.188989+00:00",
      "2026-07-18 00:48:01.189128+00:00",
      "2026-07-18 00:48:04.076510+00:00",
      "2026-07-18 00:48:04.076722+00:00",
      "2026-07-18 00:48:04.076776+00:00",
      "2026-07-18 00:48:04.077019+00:00",
      "2026-07-18 00:48:11.331204+00:00",
      "2026-07-18 00:48:11.331345+00:00",
      "2026-07-18 00:48:11.331387+00:00",
      "2026-07-18 00:48:11.331464+00:00",
      "2026-07-18 00:48:17.946563+00:00",
      "2026-07-18 00:48:17.946648+00:00",
      "2026-07-18 00:48:17.946688+00:00",
      "2026-07-18 00:48:17.946724+00:00",
      "2026-07-18 00:48:18.680326+00:00",
      "2026-07-18 00:48:18.680525+00:00",
      "2026-07-18 00:48:18.680743+00:00",
      "2026-07-18 00:48:18.680941+00:00",
      "2026-07-18 00:48:28.604840+00:00",
      "2026-07-18 00:48:28.605139+00:00",
      "2026-07-18 00:48:28.605217+00:00",
      "2026-07-18 00:48:28.605318+00:00"
    ]
  },
  "doc_assemble": {
    "scope": "document",
    "count": 1,
    "times": [
      0.16541441809386015
    ],
    "start_timestamps": [
      "2026-07-18 00:48:28.605899+00:00"
    ]
  },
  "reading_order": {
    "scope": "document",
    "count": 1,
    "times": [
      0.16474815364927053
    ],
    "start_timestamps": [
      "2026-07-18 00:48:28.606026+00:00"
    ]
  },
  "doc_enrich": {
    "scope": "document",
    "count": 1,
    "times": [
      0.0037533333525061607
    ],
    "start_timestamps": [
      "2026-07-18 00:48:28.771341+00:00"
    ]
  }
}
All hyperlinked elements redacted in-memory.
Clean PDF conversion timings:
{
  "pipeline_total": {
    "scope": "document",
    "count": 1,
    "times": [
      130.7944041993469
    ],
    "start_timestamps": [
      "2026-07-18 00:48:28.969318+00:00"
    ]
  },
  "page_parse": {
    "scope": "page",
    "count": 33,
    "times": [
      0.14236419554799795,
      0.1487748073413968,
      0.2628705706447363,
      0.30429769214242697,
      0.23560838121920824,
      0.2886796537786722,
      0.21530018839985132,
      0.25318465381860733,
      0.17586191650480032,
      0.1567698521539569,
      0.1588150905445218,
      0.17912076879292727,
      0.23298892192542553,
      0.15581747982650995,
      0.16522905882447958,
      0.6355469599366188,
      0.15153107419610023,
      0.16108999028801918,
      0.19115877151489258,
      0.1514071812853217,
      0.157475127838552,
      0.1714655850082636,
      0.2536201933398843,
      0.17271354235708714,
      0.19044167082756758,
      0.20587966032326221,
      0.21694097481667995,
      0.21955517400056124,
      0.1757842507213354,
      0.1676018452271819,
      0.18114204239100218,
      0.1847279705107212,
      0.14323529414832592
    ],
    "start_timestamps": [
      "2026-07-18 00:48:28.972452+00:00",
      "2026-07-18 00:48:29.114858+00:00",
      "2026-07-18 00:48:29.263671+00:00",
      "2026-07-18 00:48:29.526588+00:00",
      "2026-07-18 00:48:29.830926+00:00",
      "2026-07-18 00:48:30.066598+00:00",
      "2026-07-18 00:48:30.355317+00:00",
      "2026-07-18 00:48:30.570658+00:00",
      "2026-07-18 00:48:30.823888+00:00",
      "2026-07-18 00:48:30.999794+00:00",
      "2026-07-18 00:48:31.156606+00:00",
      "2026-07-18 00:48:31.315465+00:00",
      "2026-07-18 00:48:31.494628+00:00",
      "2026-07-18 00:48:31.727660+00:00",
      "2026-07-18 00:48:31.883519+00:00",
      "2026-07-18 00:48:32.048790+00:00",
      "2026-07-18 00:48:32.684385+00:00",
      "2026-07-18 00:48:32.835963+00:00",
      "2026-07-18 00:48:32.997098+00:00",
      "2026-07-18 00:48:33.188297+00:00",
      "2026-07-18 00:48:33.339747+00:00",
      "2026-07-18 00:48:33.497264+00:00",
      "2026-07-18 00:48:33.668773+00:00",
      "2026-07-18 00:48:33.922445+00:00",
      "2026-07-18 00:48:34.095200+00:00",
      "2026-07-18 00:48:34.285690+00:00",
      "2026-07-18 00:48:34.491618+00:00",
      "2026-07-18 00:48:34.708602+00:00",
      "2026-07-18 00:48:34.928200+00:00",
      "2026-07-18 00:48:35.104026+00:00",
      "2026-07-18 00:48:35.271671+00:00",
      "2026-07-18 00:48:35.452855+00:00",
      "2026-07-18 00:48:35.637625+00:00"
    ]
  },
  "ocr": {
    "scope": "page",
    "count": 33,
    "times": [
      6.720721519552171,
      4.109320872463286,
      2.7169067254289985,
      2.9295688094571233,
      3.1768016833812,
      2.9656305527314544,
      2.4535669339820743,
      2.509751887060702,
      1.4545918302610517,
      2.728363011032343,
      2.9728223774582148,
      2.8332186453044415,
      2.5162013340741396,
      1.5207894556224346,
      2.434121251106262,
      1.7052267575636506,
      2.0981518160551786,
      2.647034293040633,
      2.902689218521118,
      2.7374329892918468,
      2.9559639832004905,
      2.9166658390313387,
      2.594336362555623,
      2.678620722144842,
      2.7893914375454187,
      2.689449120312929,
      2.4437151858583093,
      2.496897836215794,
      1.7987151890993118,
      2.620947791263461,
      2.088276200927794,
      2.0777875632047653,
      1.1732715060934424
    ],
    "start_timestamps": [
      "2026-07-18 00:48:29.114925+00:00",
      "2026-07-18 00:48:35.835823+00:00",
      "2026-07-18 00:48:39.945159+00:00",
      "2026-07-18 00:48:42.662082+00:00",
      "2026-07-18 00:48:45.591668+00:00",
      "2026-07-18 00:48:48.768487+00:00",
      "2026-07-18 00:48:51.734135+00:00",
      "2026-07-18 00:48:54.187720+00:00",
      "2026-07-18 00:48:56.697489+00:00",
      "2026-07-18 00:48:58.152098+00:00",
      "2026-07-18 00:49:00.880479+00:00",
      "2026-07-18 00:49:03.853318+00:00",
      "2026-07-18 00:49:06.686554+00:00",
      "2026-07-18 00:49:09.202773+00:00",
      "2026-07-18 00:49:10.723581+00:00",
      "2026-07-18 00:49:13.157719+00:00",
      "2026-07-18 00:49:14.862963+00:00",
      "2026-07-18 00:49:16.961132+00:00",
      "2026-07-18 00:49:19.608183+00:00",
      "2026-07-18 00:49:22.510889+00:00",
      "2026-07-18 00:49:25.248338+00:00",
      "2026-07-18 00:49:28.204319+00:00",
      "2026-07-18 00:49:31.121001+00:00",
      "2026-07-18 00:49:33.715355+00:00",
      "2026-07-18 00:49:36.393992+00:00",
      "2026-07-18 00:49:39.183411+00:00",
      "2026-07-18 00:49:41.872877+00:00",
      "2026-07-18 00:49:44.316609+00:00",
      "2026-07-18 00:49:46.813523+00:00",
      "2026-07-18 00:49:48.612256+00:00",
      "2026-07-18 00:49:51.233221+00:00",
      "2026-07-18 00:49:53.321514+00:00",
      "2026-07-18 00:49:55.399320+00:00"
    ]
  },
  "layout": {
    "scope": "page",
    "count": 2,
    "times": [
      0.06496930215507746,
      0.3389530647546053
    ],
    "start_timestamps": [
      "2026-07-18 00:48:35.836109+00:00",
      "2026-07-18 00:49:56.573033+00:00"
    ]
  },
  "table_structure": {
    "scope": "page",
    "count": 33,
    "times": [
      2.3499482544139028,
      2.1282170554623008,
      2.08764074370265,
      2.052933474071324,
      2.1532857352867723,
      0.7002107230946422,
      3.933347761631012e-05,
      2.5006942451000214e-05,
      1.318473368883133e-05,
      1.6697179088369012,
      2.128723098896444,
      1.2483898336067796,
      3.2551586627960205e-05,
      1.8605031073093414e-05,
      1.5271040545776486,
      2.649892121553421e-05,
      1.3698549922555685,
      1.6487223897129297,
      1.857580472715199,
      1.922650272026658,
      1.8608725871890783,
      1.7613624185323715,
      1.4054626794531941,
      1.7664182120934129,
      2.2026375457644463,
      0.7595788966864347,
      7.063336670398712e-05,
      2.7480535209178925e-05,
      2.2662803530693054e-05,
      0.38523251563310623,
      8.699561413377523,
      0.8840280063450336,
      3.0837953090667725e-05
    ],
    "start_timestamps": [
      "2026-07-18 00:48:35.909009+00:00",
      "2026-07-18 00:49:57.363882+00:00",
      "2026-07-18 00:49:59.492115+00:00",
      "2026-07-18 00:50:01.579772+00:00",
      "2026-07-18 00:50:03.632721+00:00",
      "2026-07-18 00:50:05.786672+00:00",
      "2026-07-18 00:50:06.486902+00:00",
      "2026-07-18 00:50:06.486943+00:00",
      "2026-07-18 00:50:06.486972+00:00",
      "2026-07-18 00:50:06.487294+00:00",
      "2026-07-18 00:50:08.157031+00:00",
      "2026-07-18 00:50:10.285772+00:00",
      "2026-07-18 00:50:11.534184+00:00",
      "2026-07-18 00:50:11.534482+00:00",
      "2026-07-18 00:50:11.534505+00:00",
      "2026-07-18 00:50:13.061630+00:00",
      "2026-07-18 00:50:13.061659+00:00",
      "2026-07-18 00:50:14.431741+00:00",
      "2026-07-18 00:50:16.080480+00:00",
      "2026-07-18 00:50:17.938088+00:00",
      "2026-07-18 00:50:19.860938+00:00",
      "2026-07-18 00:50:21.722243+00:00",
      "2026-07-18 00:50:23.483627+00:00",
      "2026-07-18 00:50:24.889118+00:00",
      "2026-07-18 00:50:26.655552+00:00",
      "2026-07-18 00:50:28.858758+00:00",
      "2026-07-18 00:50:29.618380+00:00",
      "2026-07-18 00:50:29.618454+00:00",
      "2026-07-18 00:50:29.618485+00:00",
      "2026-07-18 00:50:29.618922+00:00",
      "2026-07-18 00:50:30.004174+00:00",
      "2026-07-18 00:50:38.703755+00:00",
      "2026-07-18 00:50:39.587800+00:00"
    ]
  },
  "page_assemble": {
    "scope": "page",
    "count": 33,
    "times": [
      6.30989670753479e-05,
      0.0002138931304216385,
      4.287064075469971e-05,
      3.02167609333992e-05,
      2.279318869113922e-05,
      0.0003156736493110657,
      0.0003479747101664543,
      0.0002513239160180092,
      0.00011245254427194595,
      9.979773312807083e-05,
      2.816319465637207e-05,
      0.0001409454271197319,
      0.0003498196601867676,
      0.0003218259662389755,
      5.51445409655571e-05,
      0.0002532554790377617,
      2.37245112657547e-05,
      0.00011936482042074203,
      3.334321081638336e-05,
      2.110004425048828e-05,
      2.0759180188179016e-05,
      0.00033088214695453644,
      2.8283335268497467e-05,
      2.3624859750270844e-05,
      2.4677254259586334e-05,
      0.0002184901386499405,
      0.0002459818497300148,
      0.00023230724036693573,
      0.00014616549015045166,
      7.044244557619095e-05,
      2.9095448553562164e-05,
      2.4556182324886322e-05,
      0.000400664284825325
    ],
    "start_timestamps": [
      "2026-07-18 00:48:38.259425+00:00",
      "2026-07-18 00:50:05.787326+00:00",
      "2026-07-18 00:50:05.787620+00:00",
      "2026-07-18 00:50:05.787693+00:00",
      "2026-07-18 00:50:05.787744+00:00",
      "2026-07-18 00:50:06.488007+00:00",
      "2026-07-18 00:50:06.488364+00:00",
      "2026-07-18 00:50:06.488736+00:00",
      "2026-07-18 00:50:06.489006+00:00",
      "2026-07-18 00:50:11.535185+00:00",
      "2026-07-18 00:50:11.535601+00:00",
      "2026-07-18 00:50:11.535658+00:00",
      "2026-07-18 00:50:11.535836+00:00",
      "2026-07-18 00:50:14.432334+00:00",
      "2026-07-18 00:50:14.432772+00:00",
      "2026-07-18 00:50:14.432885+00:00",
      "2026-07-18 00:50:14.433155+00:00",
      "2026-07-18 00:50:21.722854+00:00",
      "2026-07-18 00:50:21.722992+00:00",
      "2026-07-18 00:50:21.723048+00:00",
      "2026-07-18 00:50:21.723089+00:00",
      "2026-07-18 00:50:28.859380+00:00",
      "2026-07-18 00:50:28.859769+00:00",
      "2026-07-18 00:50:28.859821+00:00",
      "2026-07-18 00:50:28.859871+00:00",
      "2026-07-18 00:50:29.619928+00:00",
      "2026-07-18 00:50:29.620182+00:00",
      "2026-07-18 00:50:29.620461+00:00",
      "2026-07-18 00:50:29.620719+00:00",
      "2026-07-18 00:50:39.588638+00:00",
      "2026-07-18 00:50:39.588759+00:00",
      "2026-07-18 00:50:39.588818+00:00",
      "2026-07-18 00:50:39.588881+00:00"
    ]
  },
  "doc_assemble": {
    "scope": "document",
    "count": 1,
    "times": [
      0.16914530005306005
    ],
    "start_timestamps": [
      "2026-07-18 00:50:39.590736+00:00"
    ]
  },
  "reading_order": {
    "scope": "document",
    "count": 1,
    "times": [
      0.1679186224937439
    ],
    "start_timestamps": [
      "2026-07-18 00:50:39.591014+00:00"
    ]
  },
  "doc_enrich": {
    "scope": "document",
    "count": 1,
    "times": [
      0.00379364937543869
    ],
    "start_timestamps": [
      "2026-07-18 00:50:39.759921+00:00"
    ]
  }
}
Function parse_pdf took 261.9220 seconds to execute.
Running: get_tables
Function get_tables took 0.0003 seconds to execute.
Running: get_surrounding_paragraphs
Function get_surrounding_paragraphs took 0.0003 seconds to execute.
