Running: parse_pdf
Raw PDF conversion timings:
{
  "pipeline_total": {
    "scope": "document",
    "count": 1,
    "times": [
      68.98256695177406
    ],
    "start_timestamps": [
      "2026-07-23 16:46:51.283989+00:00"
    ]
  },
  "page_parse": {
    "scope": "page",
    "count": 9,
    "times": [
      0.06155961286276579,
      0.08543134946376085,
      0.08926104381680489,
      0.0689705153927207,
      0.128006630577147,
      0.225798973813653,
      0.15317296236753464,
      0.19065195508301258,
      0.09748074691742659
    ],
    "start_timestamps": [
      "2026-07-23 16:46:51.288796+00:00",
      "2026-07-23 16:46:51.350396+00:00",
      "2026-07-23 16:46:51.435863+00:00",
      "2026-07-23 16:46:51.525162+00:00",
      "2026-07-23 16:46:51.594192+00:00",
      "2026-07-23 16:46:51.722246+00:00",
      "2026-07-23 16:46:51.948093+00:00",
      "2026-07-23 16:46:52.101313+00:00",
      "2026-07-23 16:46:52.292009+00:00"
    ]
  },
  "ocr": {
    "scope": "page",
    "count": 9,
    "times": [
      1.2551684975624084,
      1.339728556573391,
      1.6376731172204018,
      3.396827328018844,
      1.982108173891902,
      1.5197574198246002,
      1.4771167067810893,
      1.0167323620989919,
      1.0227255849167705
    ],
    "start_timestamps": [
      "2026-07-23 16:46:51.350647+00:00",
      "2026-07-23 16:46:52.605922+00:00",
      "2026-07-23 16:46:53.945667+00:00",
      "2026-07-23 16:46:55.583357+00:00",
      "2026-07-23 16:46:58.980200+00:00",
      "2026-07-23 16:47:00.962325+00:00",
      "2026-07-23 16:47:02.482101+00:00",
      "2026-07-23 16:47:03.959234+00:00",
      "2026-07-23 16:47:04.975983+00:00"
    ]
  },
  "layout": {
    "scope": "page",
    "count": 2,
    "times": [
      0.07094481773674488,
      0.10000133793801069
    ],
    "start_timestamps": [
      "2026-07-23 16:46:52.606006+00:00",
      "2026-07-23 16:47:05.998946+00:00"
    ]
  },
  "table_structure": {
    "scope": "page",
    "count": 9,
    "times": [
      5.1548704504966736e-05,
      3.301165997982025e-05,
      1.4698132872581482e-05,
      1.0089017450809479e-05,
      7.043592631816864e-06,
      9.927898645401001e-06,
      0.5632911678403616,
      2.5879591703414917e-05,
      9.81893390417099e-06
    ],
    "start_timestamps": [
      "2026-07-23 16:46:52.704884+00:00",
      "2026-07-23 16:47:06.591088+00:00",
      "2026-07-23 16:47:06.591134+00:00",
      "2026-07-23 16:47:06.591153+00:00",
      "2026-07-23 16:47:06.591167+00:00",
      "2026-07-23 16:47:06.591212+00:00",
      "2026-07-23 16:47:06.591226+00:00",
      "2026-07-23 16:47:07.154534+00:00",
      "2026-07-23 16:47:07.154563+00:00"
    ]
  },
  "page_assemble": {
    "scope": "page",
    "count": 9,
    "times": [
      0.0002175094559788704,
      0.00044543761759996414,
      0.0005487212911248207,
      0.00023501180112361908,
      0.00019355397671461105,
      0.0004041297361254692,
      0.00024048332124948502,
      0.0004026982933282852,
      0.0002271784469485283
    ],
    "start_timestamps": [
      "2026-07-23 16:46:52.704986+00:00",
      "2026-07-23 16:47:06.592039+00:00",
      "2026-07-23 16:47:06.592520+00:00",
      "2026-07-23 16:47:06.593088+00:00",
      "2026-07-23 16:47:06.593342+00:00",
      "2026-07-23 16:47:07.154798+00:00",
      "2026-07-23 16:47:07.155240+00:00",
      "2026-07-23 16:47:07.155506+00:00",
      "2026-07-23 16:47:07.155928+00:00"
    ]
  },
  "doc_assemble": {
    "scope": "document",
    "count": 1,
    "times": [
      0.051942553371191025
    ],
    "start_timestamps": [
      "2026-07-23 16:47:07.156376+00:00"
    ]
  },
  "reading_order": {
    "scope": "document",
    "count": 1,
    "times": [
      0.05132138263434172
    ],
    "start_timestamps": [
      "2026-07-23 16:47:07.156510+00:00"
    ]
  },
  "doc_enrich": {
    "scope": "document",
    "count": 1,
    "times": [
      53.05818580184132
    ],
    "start_timestamps": [
      "2026-07-23 16:47:07.208350+00:00"
    ]
  }
}
All hyperlinked elements redacted in-memory.
Clean PDF conversion timings:
{
  "pipeline_total": {
    "scope": "document",
    "count": 1,
    "times": [
      69.25778623949736
    ],
    "start_timestamps": [
      "2026-07-23 16:48:00.334738+00:00"
    ]
  },
  "page_parse": {
    "scope": "page",
    "count": 9,
    "times": [
      0.06315647903829813,
      0.0869766278192401,
      0.09005890600383282,
      0.0691619860008359,
      0.11547345574945211,
      0.13623154535889626,
      0.14844015147536993,
      0.172761014662683,
      0.1157898111268878
    ],
    "start_timestamps": [
      "2026-07-23 16:48:00.339153+00:00",
      "2026-07-23 16:48:00.402349+00:00",
      "2026-07-23 16:48:00.489363+00:00",
      "2026-07-23 16:48:00.579463+00:00",
      "2026-07-23 16:48:00.648666+00:00",
      "2026-07-23 16:48:00.764187+00:00",
      "2026-07-23 16:48:00.900469+00:00",
      "2026-07-23 16:48:01.048961+00:00",
      "2026-07-23 16:48:01.221770+00:00"
    ]
  },
  "ocr": {
    "scope": "page",
    "count": 9,
    "times": [
      1.2261817948892713,
      1.288682489655912,
      1.5927750319242477,
      3.387641222216189,
      2.01316368766129,
      1.5207742266356945,
      1.4758021840825677,
      0.9948707474395633,
      1.0274886479601264
    ],
    "start_timestamps": [
      "2026-07-23 16:48:00.402458+00:00",
      "2026-07-23 16:48:01.628745+00:00",
      "2026-07-23 16:48:02.917442+00:00",
      "2026-07-23 16:48:04.510236+00:00",
      "2026-07-23 16:48:07.897895+00:00",
      "2026-07-23 16:48:09.911075+00:00",
      "2026-07-23 16:48:11.431866+00:00",
      "2026-07-23 16:48:12.907685+00:00",
      "2026-07-23 16:48:13.902573+00:00"
    ]
  },
  "layout": {
    "scope": "page",
    "count": 2,
    "times": [
      0.0719517134130001,
      0.1030696714296937
    ],
    "start_timestamps": [
      "2026-07-23 16:48:01.629050+00:00",
      "2026-07-23 16:48:14.930294+00:00"
    ]
  },
  "table_structure": {
    "scope": "page",
    "count": 9,
    "times": [
      2.4747103452682495e-05,
      3.215111792087555e-05,
      1.969747245311737e-05,
      8.995644748210907e-06,
      6.602145731449127e-06,
      9.648501873016357e-06,
      0.5644083116203547,
      2.8283335268497467e-05,
      1.3235025107860565e-05
    ],
    "start_timestamps": [
      "2026-07-23 16:48:01.729177+00:00",
      "2026-07-23 16:48:15.525225+00:00",
      "2026-07-23 16:48:15.525263+00:00",
      "2026-07-23 16:48:15.525288+00:00",
      "2026-07-23 16:48:15.525301+00:00",
      "2026-07-23 16:48:15.525349+00:00",
      "2026-07-23 16:48:15.525364+00:00",
      "2026-07-23 16:48:16.089788+00:00",
      "2026-07-23 16:48:16.089819+00:00"
    ]
  },
  "page_assemble": {
    "scope": "page",
    "count": 9,
    "times": [
      0.00025530997663736343,
      0.00036597903817892075,
      0.0003316737711429596,
      0.00022182799875736237,
      0.00017354637384414673,
      0.0005449950695037842,
      0.00019195117056369781,
      0.00038093701004981995,
      0.00022251810878515244
    ],
    "start_timestamps": [
      "2026-07-23 16:48:01.729291+00:00",
      "2026-07-23 16:48:15.525430+00:00",
      "2026-07-23 16:48:15.525826+00:00",
      "2026-07-23 16:48:15.526177+00:00",
      "2026-07-23 16:48:15.526425+00:00",
      "2026-07-23 16:48:16.090056+00:00",
      "2026-07-23 16:48:16.090631+00:00",
      "2026-07-23 16:48:16.090844+00:00",
      "2026-07-23 16:48:16.091244+00:00"
    ]
  },
  "doc_assemble": {
    "scope": "document",
    "count": 1,
    "times": [
      0.38915830571204424
    ],
    "start_timestamps": [
      "2026-07-23 16:48:16.091693+00:00"
    ]
  },
  "reading_order": {
    "scope": "document",
    "count": 1,
    "times": [
      0.388357519172132
    ],
    "start_timestamps": [
      "2026-07-23 16:48:16.091861+00:00"
    ]
  },
  "doc_enrich": {
    "scope": "document",
    "count": 1,
    "times": [
      53.11159707419574
    ],
    "start_timestamps": [
      "2026-07-23 16:48:16.480884+00:00"
    ]
  }
}
Function parse_pdf took 138.4497 seconds to execute.
Running: get_tables
Function get_tables took 0.0001 seconds to execute.
Running: get_surrounding_paragraphs
Function get_surrounding_paragraphs took 0.0001 seconds to execute.
