Running: parse_pdf
Raw PDF conversion timings:
{
  "pipeline_total": {
    "scope": "document",
    "count": 1,
    "times": [
      5.55921184271574
    ],
    "start_timestamps": [
      "2026-07-23 16:17:47.213124+00:00"
    ]
  },
  "page_parse": {
    "scope": "page",
    "count": 7,
    "times": [
      0.11764877010136843,
      0.12134247925132513,
      0.12522230856120586,
      0.13964130822569132,
      0.15706714428961277,
      0.13105416111648083,
      0.03979435097426176
    ],
    "start_timestamps": [
      "2026-07-23 16:17:47.218365+00:00",
      "2026-07-23 16:17:47.336057+00:00",
      "2026-07-23 16:17:47.457451+00:00",
      "2026-07-23 16:17:47.582715+00:00",
      "2026-07-23 16:17:47.722396+00:00",
      "2026-07-23 16:17:47.879501+00:00",
      "2026-07-23 16:17:48.010600+00:00"
    ]
  },
  "ocr": {
    "scope": "page",
    "count": 7,
    "times": [
      0.12692268937826157,
      0.12861277908086777,
      0.2896398324519396,
      2.1042239433154464,
      0.9980877032503486,
      0.5055417418479919,
      0.12184968404471874
    ],
    "start_timestamps": [
      "2026-07-23 16:17:47.336442+00:00",
      "2026-07-23 16:17:47.463409+00:00",
      "2026-07-23 16:17:47.592047+00:00",
      "2026-07-23 16:17:47.881720+00:00",
      "2026-07-23 16:17:49.985960+00:00",
      "2026-07-23 16:17:50.984139+00:00",
      "2026-07-23 16:17:51.489697+00:00"
    ]
  },
  "layout": {
    "scope": "page",
    "count": 5,
    "times": [
      0.26300122402608395,
      0.2343279467895627,
      0.10045619308948517,
      0.05940720159560442,
      0.02916944120079279
    ],
    "start_timestamps": [
      "2026-07-23 16:17:47.463483+00:00",
      "2026-07-23 16:17:47.778351+00:00",
      "2026-07-23 16:17:48.129685+00:00",
      "2026-07-23 16:17:50.984204+00:00",
      "2026-07-23 16:17:51.611646+00:00"
    ]
  },
  "table_structure": {
    "scope": "page",
    "count": 7,
    "times": [
      1.8835999071598053e-05,
      0.32950481679290533,
      2.0417384803295135e-05,
      2.5457702577114105e-05,
      9.077601134777069e-06,
      3.1218864023685455e-05,
      8.53557139635086e-06
    ],
    "start_timestamps": [
      "2026-07-23 16:17:47.778448+00:00",
      "2026-07-23 16:17:48.129780+00:00",
      "2026-07-23 16:17:48.459447+00:00",
      "2026-07-23 16:17:51.089316+00:00",
      "2026-07-23 16:17:51.089346+00:00",
      "2026-07-23 16:17:51.667072+00:00",
      "2026-07-23 16:17:51.667108+00:00"
    ]
  },
  "page_assemble": {
    "scope": "page",
    "count": 7,
    "times": [
      0.000391506589949131,
      0.0004383353516459465,
      0.00030468404293060303,
      0.00023911986500024796,
      0.00025461986660957336,
      0.00031262822449207306,
      4.77498397231102e-05
    ],
    "start_timestamps": [
      "2026-07-23 16:17:47.778531+00:00",
      "2026-07-23 16:17:48.459509+00:00",
      "2026-07-23 16:17:48.459987+00:00",
      "2026-07-23 16:17:51.089414+00:00",
      "2026-07-23 16:17:51.089689+00:00",
      "2026-07-23 16:17:51.667202+00:00",
      "2026-07-23 16:17:51.667550+00:00"
    ]
  },
  "doc_assemble": {
    "scope": "document",
    "count": 1,
    "times": [
      0.022339890711009502
    ],
    "start_timestamps": [
      "2026-07-23 16:17:51.667753+00:00"
    ]
  },
  "reading_order": {
    "scope": "document",
    "count": 1,
    "times": [
      0.02189013548195362
    ],
    "start_timestamps": [
      "2026-07-23 16:17:51.667812+00:00"
    ]
  },
  "doc_enrich": {
    "scope": "document",
    "count": 1,
    "times": [
      1.082202771678567
    ],
    "start_timestamps": [
      "2026-07-23 16:17:51.690117+00:00"
    ]
  }
}
All hyperlinked elements redacted in-memory.
Clean PDF conversion timings:
{
  "pipeline_total": {
    "scope": "document",
    "count": 1,
    "times": [
      5.600727622397244
    ],
    "start_timestamps": [
      "2026-07-23 16:17:52.815577+00:00"
    ]
  },
  "page_parse": {
    "scope": "page",
    "count": 7,
    "times": [
      0.12029321491718292,
      0.11864384263753891,
      0.12618313822895288,
      0.1426084516569972,
      0.15485758613795042,
      0.13277111388742924,
      0.023868126794695854
    ],
    "start_timestamps": [
      "2026-07-23 16:17:52.820626+00:00",
      "2026-07-23 16:17:52.940962+00:00",
      "2026-07-23 16:17:53.059646+00:00",
      "2026-07-23 16:17:53.185873+00:00",
      "2026-07-23 16:17:53.328522+00:00",
      "2026-07-23 16:17:53.483429+00:00",
      "2026-07-23 16:17:53.616242+00:00"
    ]
  },
  "ocr": {
    "scope": "page",
    "count": 7,
    "times": [
      0.1272270418703556,
      0.1270671198144555,
      0.28860466461628675,
      2.1660065138712525,
      0.9961900934576988,
      0.4988721739500761,
      0.12107806280255318
    ],
    "start_timestamps": [
      "2026-07-23 16:17:52.941344+00:00",
      "2026-07-23 16:17:53.068610+00:00",
      "2026-07-23 16:17:53.195711+00:00",
      "2026-07-23 16:17:53.484352+00:00",
      "2026-07-23 16:17:55.650378+00:00",
      "2026-07-23 16:17:56.646642+00:00",
      "2026-07-23 16:17:57.145529+00:00"
    ]
  },
  "layout": {
    "scope": "page",
    "count": 4,
    "times": [
      0.26490928418934345,
      0.17596599087119102,
      0.0298459529876709,
      0.028051286935806274
    ],
    "start_timestamps": [
      "2026-07-23 16:17:53.068688+00:00",
      "2026-07-23 16:17:53.485848+00:00",
      "2026-07-23 16:17:56.646711+00:00",
      "2026-07-23 16:17:57.266728+00:00"
    ]
  },
  "table_structure": {
    "scope": "page",
    "count": 7,
    "times": [
      2.298317849636078e-05,
      0.42843747418373823,
      2.9696151614189148e-05,
      2.400483936071396e-05,
      8.906237781047821e-06,
      2.908427268266678e-05,
      7.294118404388428e-06
    ],
    "start_timestamps": [
      "2026-07-23 16:17:53.485941+00:00",
      "2026-07-23 16:17:53.895431+00:00",
      "2026-07-23 16:17:54.323894+00:00",
      "2026-07-23 16:17:56.723541+00:00",
      "2026-07-23 16:17:56.723570+00:00",
      "2026-07-23 16:17:57.320906+00:00",
      "2026-07-23 16:17:57.320939+00:00"
    ]
  },
  "page_assemble": {
    "scope": "page",
    "count": 7,
    "times": [
      0.0003375653177499771,
      0.0005196165293455124,
      0.00037974584847688675,
      0.00023688562214374542,
      0.00024698488414287567,
      0.00029771123081445694,
      4.8531219363212585e-05
    ],
    "start_timestamps": [
      "2026-07-23 16:17:53.486038+00:00",
      "2026-07-23 16:17:54.324189+00:00",
      "2026-07-23 16:17:54.324756+00:00",
      "2026-07-23 16:17:56.723628+00:00",
      "2026-07-23 16:17:56.723899+00:00",
      "2026-07-23 16:17:57.321073+00:00",
      "2026-07-23 16:17:57.321418+00:00"
    ]
  },
  "doc_assemble": {
    "scope": "document",
    "count": 1,
    "times": [
      0.022166123613715172
    ],
    "start_timestamps": [
      "2026-07-23 16:17:57.321666+00:00"
    ]
  },
  "reading_order": {
    "scope": "document",
    "count": 1,
    "times": [
      0.021705226972699165
    ],
    "start_timestamps": [
      "2026-07-23 16:17:57.321749+00:00"
    ]
  },
  "doc_enrich": {
    "scope": "document",
    "count": 1,
    "times": [
      1.0724350530654192
    ],
    "start_timestamps": [
      "2026-07-23 16:17:57.343855+00:00"
    ]
  }
}
Function parse_pdf took 11.2710 seconds to execute.
Running: get_tables
Function get_tables took 0.0001 seconds to execute.
Running: get_surrounding_paragraphs
Function get_surrounding_paragraphs took 0.0001 seconds to execute.
