Running: parse_pdf
Raw PDF conversion timings:
{
  "pipeline_total": {
    "scope": "document",
    "count": 1,
    "times": [
      105.31528836302459
    ],
    "start_timestamps": [
      "2026-07-17 19:24:07.090990+00:00"
    ]
  },
  "page_parse": {
    "scope": "page",
    "count": 7,
    "times": [
      0.12060209643095732,
      0.10096276178956032,
      0.09050157852470875,
      0.17645840346813202,
      0.12385389301925898,
      0.11364355217665434,
      0.12307461723685265
    ],
    "start_timestamps": [
      "2026-07-17 19:24:07.097378+00:00",
      "2026-07-17 19:24:07.218025+00:00",
      "2026-07-17 19:24:07.319026+00:00",
      "2026-07-17 19:24:07.409566+00:00",
      "2026-07-17 19:24:07.586071+00:00",
      "2026-07-17 19:24:07.709966+00:00",
      "2026-07-17 19:24:07.823645+00:00"
    ]
  },
  "ocr": {
    "scope": "page",
    "count": 7,
    "times": [
      0.8238950334489346,
      0.129795603454113,
      0.1256549134850502,
      0.5686292750760913,
      0.11966781783849001,
      0.12667593359947205,
      0.12593165319412947
    ],
    "start_timestamps": [
      "2026-07-17 19:24:07.218355+00:00",
      "2026-07-17 19:24:08.042352+00:00",
      "2026-07-17 19:24:08.172168+00:00",
      "2026-07-17 19:24:08.297832+00:00",
      "2026-07-17 19:24:08.866482+00:00",
      "2026-07-17 19:24:08.986160+00:00",
      "2026-07-17 19:24:09.112846+00:00"
    ]
  },
  "layout": {
    "scope": "page",
    "count": 2,
    "times": [
      0.07076187618076801,
      0.08804807253181934
    ],
    "start_timestamps": [
      "2026-07-17 19:24:08.042440+00:00",
      "2026-07-17 19:24:09.239037+00:00"
    ]
  },
  "table_structure": {
    "scope": "page",
    "count": 7,
    "times": [
      2.5186687707901e-05,
      2.9816292226314545e-05,
      0.4910898953676224,
      3.2852403819561005e-05,
      0.6462195497006178,
      2.5267712771892548e-05,
      1.936592161655426e-05
    ],
    "start_timestamps": [
      "2026-07-17 19:24:08.143599+00:00",
      "2026-07-17 19:24:09.807042+00:00",
      "2026-07-17 19:24:09.807078+00:00",
      "2026-07-17 19:24:10.298188+00:00",
      "2026-07-17 19:24:10.298224+00:00",
      "2026-07-17 19:24:10.944674+00:00",
      "2026-07-17 19:24:10.944702+00:00"
    ]
  },
  "page_assemble": {
    "scope": "page",
    "count": 7,
    "times": [
      0.0003190496936440468,
      0.0005120430141687393,
      0.0004969248548150063,
      0.0005862526595592499,
      0.00033522024750709534,
      0.00039665587246418,
      0.00045980513095855713
    ],
    "start_timestamps": [
      "2026-07-17 19:24:08.143715+00:00",
      "2026-07-17 19:24:10.944811+00:00",
      "2026-07-17 19:24:10.945355+00:00",
      "2026-07-17 19:24:10.945879+00:00",
      "2026-07-17 19:24:10.946487+00:00",
      "2026-07-17 19:24:10.946846+00:00",
      "2026-07-17 19:24:10.947261+00:00"
    ]
  },
  "doc_assemble": {
    "scope": "document",
    "count": 1,
    "times": [
      0.04430399276316166
    ],
    "start_timestamps": [
      "2026-07-17 19:24:10.947918+00:00"
    ]
  },
  "reading_order": {
    "scope": "document",
    "count": 1,
    "times": [
      0.043780467472970486
    ],
    "start_timestamps": [
      "2026-07-17 19:24:10.948017+00:00"
    ]
  },
  "doc_enrich": {
    "scope": "document",
    "count": 1,
    "times": [
      101.41400901507586
    ],
    "start_timestamps": [
      "2026-07-17 19:24:10.992247+00:00"
    ]
  }
}
All hyperlinked elements redacted in-memory.
Clean PDF conversion timings:
{
  "pipeline_total": {
    "scope": "document",
    "count": 1,
    "times": [
      104.83575846813619
    ],
    "start_timestamps": [
      "2026-07-17 19:25:52.470450+00:00"
    ]
  },
  "page_parse": {
    "scope": "page",
    "count": 7,
    "times": [
      0.11834587063640356,
      0.10155880730599165,
      0.09115281887352467,
      0.14059904962778091,
      0.2084492463618517,
      0.16005786135792732,
      0.097517604008317
    ],
    "start_timestamps": [
      "2026-07-17 19:25:52.476861+00:00",
      "2026-07-17 19:25:52.595250+00:00",
      "2026-07-17 19:25:52.696846+00:00",
      "2026-07-17 19:25:52.788040+00:00",
      "2026-07-17 19:25:52.928683+00:00",
      "2026-07-17 19:25:53.137173+00:00",
      "2026-07-17 19:25:53.297273+00:00"
    ]
  },
  "ocr": {
    "scope": "page",
    "count": 7,
    "times": [
      0.8419797187671065,
      0.1298986878246069,
      0.12537292204797268,
      0.5858159810304642,
      0.12154250591993332,
      0.12752971053123474,
      0.12790743075311184
    ],
    "start_timestamps": [
      "2026-07-17 19:25:52.595558+00:00",
      "2026-07-17 19:25:53.437629+00:00",
      "2026-07-17 19:25:53.567549+00:00",
      "2026-07-17 19:25:53.692930+00:00",
      "2026-07-17 19:25:54.278772+00:00",
      "2026-07-17 19:25:54.400334+00:00",
      "2026-07-17 19:25:54.527872+00:00"
    ]
  },
  "layout": {
    "scope": "page",
    "count": 2,
    "times": [
      0.06924191489815712,
      0.08859802223742008
    ],
    "start_timestamps": [
      "2026-07-17 19:25:53.437929+00:00",
      "2026-07-17 19:25:54.655954+00:00"
    ]
  },
  "table_structure": {
    "scope": "page",
    "count": 7,
    "times": [
      2.4114735424518585e-05,
      3.231968730688095e-05,
      0.47417687717825174,
      3.131851553916931e-05,
      0.6341685028746724,
      2.4616718292236328e-05,
      1.841410994529724e-05
    ],
    "start_timestamps": [
      "2026-07-17 19:25:53.536433+00:00",
      "2026-07-17 19:25:55.534569+00:00",
      "2026-07-17 19:25:55.534606+00:00",
      "2026-07-17 19:25:56.008803+00:00",
      "2026-07-17 19:25:56.008837+00:00",
      "2026-07-17 19:25:56.643198+00:00",
      "2026-07-17 19:25:56.643225+00:00"
    ]
  },
  "page_assemble": {
    "scope": "page",
    "count": 7,
    "times": [
      0.0003832811489701271,
      0.0005866643041372299,
      0.0003900444135069847,
      0.0005130050703883171,
      0.00029965396970510483,
      0.0003881007432937622,
      0.0004084082320332527
    ],
    "start_timestamps": [
      "2026-07-17 19:25:53.536502+00:00",
      "2026-07-17 19:25:56.643334+00:00",
      "2026-07-17 19:25:56.643960+00:00",
      "2026-07-17 19:25:56.644376+00:00",
      "2026-07-17 19:25:56.644911+00:00",
      "2026-07-17 19:25:56.645231+00:00",
      "2026-07-17 19:25:56.645637+00:00"
    ]
  },
  "doc_assemble": {
    "scope": "document",
    "count": 1,
    "times": [
      0.04485479090362787
    ],
    "start_timestamps": [
      "2026-07-17 19:25:56.646245+00:00"
    ]
  },
  "reading_order": {
    "scope": "document",
    "count": 1,
    "times": [
      0.04431344289332628
    ],
    "start_timestamps": [
      "2026-07-17 19:25:56.646371+00:00"
    ]
  },
  "doc_enrich": {
    "scope": "document",
    "count": 1,
    "times": [
      100.61506106797606
    ],
    "start_timestamps": [
      "2026-07-17 19:25:56.691124+00:00"
    ]
  }
}
Function parse_pdf took 210.3959 seconds to execute.
Running: get_tables
Function get_tables took 0.0001 seconds to execute.
Running: get_surrounding_paragraphs
Function get_surrounding_paragraphs took 0.0001 seconds to execute.
