Running: parse_pdf
Raw PDF conversion timings:
{
  "pipeline_total": {
    "scope": "document",
    "count": 1,
    "times": [
      118.45229055918753
    ],
    "start_timestamps": [
      "2026-07-17 20:08:07.168994+00:00"
    ]
  },
  "page_parse": {
    "scope": "page",
    "count": 12,
    "times": [
      0.11447918880730867,
      0.12146030645817518,
      0.1171405166387558,
      0.27497798204421997,
      0.14577679801732302,
      0.1180292796343565,
      0.13595702778548002,
      0.1901324111968279,
      0.17653576377779245,
      0.1323455013334751,
      0.11024353746324778,
      0.13215921074151993
    ],
    "start_timestamps": [
      "2026-07-17 20:08:07.174504+00:00",
      "2026-07-17 20:08:07.289027+00:00",
      "2026-07-17 20:08:07.410528+00:00",
      "2026-07-17 20:08:07.527720+00:00",
      "2026-07-17 20:08:07.802743+00:00",
      "2026-07-17 20:08:07.948565+00:00",
      "2026-07-17 20:08:08.066638+00:00",
      "2026-07-17 20:08:08.202638+00:00",
      "2026-07-17 20:08:08.392815+00:00",
      "2026-07-17 20:08:08.569395+00:00",
      "2026-07-17 20:08:08.701783+00:00",
      "2026-07-17 20:08:08.812069+00:00"
    ]
  },
  "ocr": {
    "scope": "page",
    "count": 12,
    "times": [
      1.8979970617219806,
      0.16904647927731276,
      0.138837318867445,
      1.0252253776416183,
      2.069657038897276,
      0.9900537179782987,
      1.943371832370758,
      0.5299083273857832,
      0.9093957152217627,
      1.3855056399479508,
      0.13526930380612612,
      0.133342819288373
    ],
    "start_timestamps": [
      "2026-07-17 20:08:07.289378+00:00",
      "2026-07-17 20:08:09.187467+00:00",
      "2026-07-17 20:08:09.356531+00:00",
      "2026-07-17 20:08:09.495384+00:00",
      "2026-07-17 20:08:10.520630+00:00",
      "2026-07-17 20:08:12.590305+00:00",
      "2026-07-17 20:08:13.580376+00:00",
      "2026-07-17 20:08:15.523763+00:00",
      "2026-07-17 20:08:16.053688+00:00",
      "2026-07-17 20:08:16.963101+00:00",
      "2026-07-17 20:08:18.348625+00:00",
      "2026-07-17 20:08:18.483907+00:00"
    ]
  },
  "layout": {
    "scope": "page",
    "count": 2,
    "times": [
      0.06539423484355211,
      0.13208148535341024
    ],
    "start_timestamps": [
      "2026-07-17 20:08:09.187578+00:00",
      "2026-07-17 20:08:18.617584+00:00"
    ]
  },
  "table_structure": {
    "scope": "page",
    "count": 12,
    "times": [
      3.332365304231644e-05,
      3.24910506606102e-05,
      1.5890225768089294e-05,
      1.050066202878952e-05,
      7.393769919872284e-06,
      0.462261782027781,
      1.774262636899948e-05,
      6.2016770243644714e-06,
      5.09992241859436e-06,
      9.077601134777069e-06,
      9.799376130104065e-06,
      8.896924555301666e-06
    ],
    "start_timestamps": [
      "2026-07-17 20:08:09.343266+00:00",
      "2026-07-17 20:08:19.813593+00:00",
      "2026-07-17 20:08:19.813632+00:00",
      "2026-07-17 20:08:19.813652+00:00",
      "2026-07-17 20:08:19.813666+00:00",
      "2026-07-17 20:08:19.813711+00:00",
      "2026-07-17 20:08:20.275988+00:00",
      "2026-07-17 20:08:20.276009+00:00",
      "2026-07-17 20:08:20.276019+00:00",
      "2026-07-17 20:08:20.276218+00:00",
      "2026-07-17 20:08:20.276231+00:00",
      "2026-07-17 20:08:20.276244+00:00"
    ]
  },
  "page_assemble": {
    "scope": "page",
    "count": 12,
    "times": [
      0.0008167065680027008,
      0.0012187426909804344,
      0.0009195907041430473,
      0.0007065907120704651,
      0.0004147198051214218,
      0.00040232762694358826,
      0.0003941124305129051,
      0.0004522809758782387,
      0.0004768064245581627,
      0.00046306103467941284,
      0.0010473914444446564,
      0.0006815129891037941
    ],
    "start_timestamps": [
      "2026-07-17 20:08:09.343445+00:00",
      "2026-07-17 20:08:19.814861+00:00",
      "2026-07-17 20:08:19.816122+00:00",
      "2026-07-17 20:08:19.817063+00:00",
      "2026-07-17 20:08:19.817791+00:00",
      "2026-07-17 20:08:20.276315+00:00",
      "2026-07-17 20:08:20.276751+00:00",
      "2026-07-17 20:08:20.277165+00:00",
      "2026-07-17 20:08:20.277636+00:00",
      "2026-07-17 20:08:20.278132+00:00",
      "2026-07-17 20:08:20.278614+00:00",
      "2026-07-17 20:08:20.279681+00:00"
    ]
  },
  "doc_assemble": {
    "scope": "document",
    "count": 1,
    "times": [
      0.08029209170490503
    ],
    "start_timestamps": [
      "2026-07-17 20:08:20.280561+00:00"
    ]
  },
  "reading_order": {
    "scope": "document",
    "count": 1,
    "times": [
      0.07972721848636866
    ],
    "start_timestamps": [
      "2026-07-17 20:08:20.280662+00:00"
    ]
  },
  "doc_enrich": {
    "scope": "document",
    "count": 1,
    "times": [
      105.2603412270546
    ],
    "start_timestamps": [
      "2026-07-17 20:08:20.360877+00:00"
    ]
  }
}
All hyperlinked elements redacted in-memory.
Clean PDF conversion timings:
{
  "pipeline_total": {
    "scope": "document",
    "count": 1,
    "times": [
      119.8569443821907
    ],
    "start_timestamps": [
      "2026-07-17 20:10:06.168527+00:00"
    ]
  },
  "page_parse": {
    "scope": "page",
    "count": 12,
    "times": [
      0.11536473874002695,
      0.1188984289765358,
      0.10593011323362589,
      0.16157564148306847,
      0.1472119390964508,
      0.11711167637258768,
      0.1352555090561509,
      0.12108244933187962,
      0.1342160440981388,
      0.19010412693023682,
      0.10962299257516861,
      0.08390225097537041
    ],
    "start_timestamps": [
      "2026-07-17 20:10:06.174529+00:00",
      "2026-07-17 20:10:06.289939+00:00",
      "2026-07-17 20:10:06.408878+00:00",
      "2026-07-17 20:10:06.514860+00:00",
      "2026-07-17 20:10:06.676487+00:00",
      "2026-07-17 20:10:06.823749+00:00",
      "2026-07-17 20:10:06.940901+00:00",
      "2026-07-17 20:10:07.076198+00:00",
      "2026-07-17 20:10:07.197328+00:00",
      "2026-07-17 20:10:07.331586+00:00",
      "2026-07-17 20:10:07.521736+00:00",
      "2026-07-17 20:10:07.631411+00:00"
    ]
  },
  "ocr": {
    "scope": "page",
    "count": 12,
    "times": [
      1.8125731507316232,
      0.1506765391677618,
      0.13778113294392824,
      0.7802377063781023,
      2.0603759670630097,
      1.3440959686413407,
      1.9614765550941229,
      0.5346332574263215,
      0.9152398891746998,
      1.505641202442348,
      0.13957523833960295,
      0.13128757197409868
    ],
    "start_timestamps": [
      "2026-07-17 20:10:06.290311+00:00",
      "2026-07-17 20:10:08.102979+00:00",
      "2026-07-17 20:10:08.253671+00:00",
      "2026-07-17 20:10:08.391469+00:00",
      "2026-07-17 20:10:09.171728+00:00",
      "2026-07-17 20:10:11.232121+00:00",
      "2026-07-17 20:10:12.576232+00:00",
      "2026-07-17 20:10:14.537730+00:00",
      "2026-07-17 20:10:15.072381+00:00",
      "2026-07-17 20:10:15.987638+00:00",
      "2026-07-17 20:10:17.493298+00:00",
      "2026-07-17 20:10:17.632885+00:00"
    ]
  },
  "layout": {
    "scope": "page",
    "count": 2,
    "times": [
      0.06763724330812693,
      0.1320506390184164
    ],
    "start_timestamps": [
      "2026-07-17 20:10:08.103086+00:00",
      "2026-07-17 20:10:17.764350+00:00"
    ]
  },
  "table_structure": {
    "scope": "page",
    "count": 12,
    "times": [
      6.207730621099472e-05,
      7.143430411815643e-05,
      2.581905573606491e-05,
      1.3675540685653687e-05,
      7.353723049163818e-06,
      0.7523128660395741,
      2.34236940741539e-05,
      1.019984483718872e-05,
      1.0069459676742554e-05,
      1.4427118003368378e-05,
      1.8443912267684937e-05,
      1.9515864551067352e-05
    ],
    "start_timestamps": [
      "2026-07-17 20:10:08.232483+00:00",
      "2026-07-17 20:10:18.942989+00:00",
      "2026-07-17 20:10:18.943072+00:00",
      "2026-07-17 20:10:18.943103+00:00",
      "2026-07-17 20:10:18.943120+00:00",
      "2026-07-17 20:10:18.943172+00:00",
      "2026-07-17 20:10:19.695504+00:00",
      "2026-07-17 20:10:19.695530+00:00",
      "2026-07-17 20:10:19.695543+00:00",
      "2026-07-17 20:10:19.695801+00:00",
      "2026-07-17 20:10:19.695819+00:00",
      "2026-07-17 20:10:19.695841+00:00"
    ]
  },
  "page_assemble": {
    "scope": "page",
    "count": 12,
    "times": [
      0.0008009364828467369,
      0.0011700009927153587,
      0.0006328104063868523,
      0.0006091566756367683,
      0.00034921709448099136,
      0.00039553456008434296,
      0.0003013070672750473,
      0.00034954771399497986,
      0.00044795311987400055,
      0.00038553494960069656,
      0.000522182323038578,
      0.000433286651968956
    ],
    "start_timestamps": [
      "2026-07-17 20:10:08.232715+00:00",
      "2026-07-17 20:10:18.944284+00:00",
      "2026-07-17 20:10:18.945488+00:00",
      "2026-07-17 20:10:18.946142+00:00",
      "2026-07-17 20:10:18.946773+00:00",
      "2026-07-17 20:10:19.695982+00:00",
      "2026-07-17 20:10:19.696424+00:00",
      "2026-07-17 20:10:19.696746+00:00",
      "2026-07-17 20:10:19.697116+00:00",
      "2026-07-17 20:10:19.697583+00:00",
      "2026-07-17 20:10:19.697987+00:00",
      "2026-07-17 20:10:19.698529+00:00"
    ]
  },
  "doc_assemble": {
    "scope": "document",
    "count": 1,
    "times": [
      0.09249315783381462
    ],
    "start_timestamps": [
      "2026-07-17 20:10:19.699192+00:00"
    ]
  },
  "reading_order": {
    "scope": "document",
    "count": 1,
    "times": [
      0.09182294737547636
    ],
    "start_timestamps": [
      "2026-07-17 20:10:19.699361+00:00"
    ]
  },
  "doc_enrich": {
    "scope": "document",
    "count": 1,
    "times": [
      106.23373898956925
    ],
    "start_timestamps": [
      "2026-07-17 20:10:19.791711+00:00"
    ]
  }
}
Function parse_pdf took 239.1073 seconds to execute.
Running: get_tables
Function get_tables took 0.0001 seconds to execute.
Running: get_surrounding_paragraphs
Function get_surrounding_paragraphs took 0.0001 seconds to execute.
