Running: parse_pdf
Raw PDF conversion timings:
{
  "pipeline_total": {
    "scope": "document",
    "count": 1,
    "times": [
      51.249318704009056
    ],
    "start_timestamps": [
      "2026-07-23 19:01:25.664501+00:00"
    ]
  },
  "page_parse": {
    "scope": "page",
    "count": 8,
    "times": [
      0.14137427229434252,
      0.17568110208958387,
      0.10824926663190126,
      0.17858592979609966,
      0.1710155112668872,
      0.20029326528310776,
      0.22631740663200617,
      0.2673990363255143
    ],
    "start_timestamps": [
      "2026-07-23 19:01:25.669486+00:00",
      "2026-07-23 19:01:25.810902+00:00",
      "2026-07-23 19:01:25.986622+00:00",
      "2026-07-23 19:01:26.094915+00:00",
      "2026-07-23 19:01:26.273543+00:00",
      "2026-07-23 19:01:26.444607+00:00",
      "2026-07-23 19:01:26.644943+00:00",
      "2026-07-23 19:01:26.871466+00:00"
    ]
  },
  "ocr": {
    "scope": "page",
    "count": 8,
    "times": [
      0.17820122558623552,
      0.13998485822230577,
      1.131850203499198,
      1.2072633504867554,
      1.1378287067636847,
      1.4028952522203326,
      0.1291895005851984,
      0.12974267173558474
    ],
    "start_timestamps": [
      "2026-07-23 19:01:25.811253+00:00",
      "2026-07-23 19:01:25.989486+00:00",
      "2026-07-23 19:01:26.129503+00:00",
      "2026-07-23 19:01:27.261464+00:00",
      "2026-07-23 19:01:28.468744+00:00",
      "2026-07-23 19:01:29.606588+00:00",
      "2026-07-23 19:01:31.009500+00:00",
      "2026-07-23 19:01:31.138702+00:00"
    ]
  },
  "layout": {
    "scope": "page",
    "count": 4,
    "times": [
      0.12056117132306099,
      0.1608625426888466,
      0.03556020837277174,
      0.07212826237082481
    ],
    "start_timestamps": [
      "2026-07-23 19:01:25.989564+00:00",
      "2026-07-23 19:01:26.129553+00:00",
      "2026-07-23 19:01:27.261548+00:00",
      "2026-07-23 19:01:31.268629+00:00"
    ]
  },
  "table_structure": {
    "scope": "page",
    "count": 8,
    "times": [
      2.3203901946544647e-05,
      2.314336597919464e-05,
      2.6579946279525757e-05,
      2.9665417969226837e-05,
      8.916482329368591e-06,
      6.030313670635223e-06,
      0.24115041457116604,
      2.0339153707027435e-05
    ],
    "start_timestamps": [
      "2026-07-23 19:01:26.125293+00:00",
      "2026-07-23 19:01:26.445811+00:00",
      "2026-07-23 19:01:27.303446+00:00",
      "2026-07-23 19:01:31.473326+00:00",
      "2026-07-23 19:01:31.473361+00:00",
      "2026-07-23 19:01:31.473374+00:00",
      "2026-07-23 19:01:31.473384+00:00",
      "2026-07-23 19:01:31.714690+00:00"
    ]
  },
  "page_assemble": {
    "scope": "page",
    "count": 8,
    "times": [
      0.00019671954214572906,
      0.000279255211353302,
      0.0001885741949081421,
      0.00030804984271526337,
      0.00021739862859249115,
      9.244401007890701e-05,
      0.0002957964316010475,
      0.00029670819640159607
    ],
    "start_timestamps": [
      "2026-07-23 19:01:26.125434+00:00",
      "2026-07-23 19:01:26.445873+00:00",
      "2026-07-23 19:01:27.303525+00:00",
      "2026-07-23 19:01:31.714784+00:00",
      "2026-07-23 19:01:31.715129+00:00",
      "2026-07-23 19:01:31.715371+00:00",
      "2026-07-23 19:01:31.715485+00:00",
      "2026-07-23 19:01:31.715806+00:00"
    ]
  },
  "doc_assemble": {
    "scope": "document",
    "count": 1,
    "times": [
      0.02154732495546341
    ],
    "start_timestamps": [
      "2026-07-23 19:01:31.716297+00:00"
    ]
  },
  "reading_order": {
    "scope": "document",
    "count": 1,
    "times": [
      0.021094231866300106
    ],
    "start_timestamps": [
      "2026-07-23 19:01:31.716349+00:00"
    ]
  },
  "doc_enrich": {
    "scope": "document",
    "count": 1,
    "times": [
      45.17592453490943
    ],
    "start_timestamps": [
      "2026-07-23 19:01:31.737876+00:00"
    ]
  }
}
All hyperlinked elements redacted in-memory.
Clean PDF conversion timings:
{
  "pipeline_total": {
    "scope": "document",
    "count": 1,
    "times": [
      50.95220835879445
    ],
    "start_timestamps": [
      "2026-07-23 19:02:16.972310+00:00"
    ]
  },
  "page_parse": {
    "scope": "page",
    "count": 8,
    "times": [
      0.1446011271327734,
      0.17620335519313812,
      0.10762635618448257,
      0.18058348912745714,
      0.1755856117233634,
      0.19734016712754965,
      0.20326377637684345,
      0.1349538192152977
    ],
    "start_timestamps": [
      "2026-07-23 19:02:16.977365+00:00",
      "2026-07-23 19:02:17.122005+00:00",
      "2026-07-23 19:02:17.298250+00:00",
      "2026-07-23 19:02:17.405920+00:00",
      "2026-07-23 19:02:17.586547+00:00",
      "2026-07-23 19:02:17.762182+00:00",
      "2026-07-23 19:02:17.959564+00:00",
      "2026-07-23 19:02:18.163012+00:00"
    ]
  },
  "ocr": {
    "scope": "page",
    "count": 8,
    "times": [
      0.17822173424065113,
      0.14006844628602266,
      1.0482189003378153,
      1.1595119377598166,
      1.1674683820456266,
      1.3359669363126159,
      0.1296302992850542,
      0.1280995886772871
    ],
    "start_timestamps": [
      "2026-07-23 19:02:17.122389+00:00",
      "2026-07-23 19:02:17.300643+00:00",
      "2026-07-23 19:02:17.440744+00:00",
      "2026-07-23 19:02:18.489070+00:00",
      "2026-07-23 19:02:19.648597+00:00",
      "2026-07-23 19:02:20.816081+00:00",
      "2026-07-23 19:02:22.152063+00:00",
      "2026-07-23 19:02:22.281708+00:00"
    ]
  },
  "layout": {
    "scope": "page",
    "count": 4,
    "times": [
      0.12054598145186901,
      0.16246364451944828,
      0.027916843071579933,
      0.07227692287415266
    ],
    "start_timestamps": [
      "2026-07-23 19:02:17.300729+00:00",
      "2026-07-23 19:02:17.440792+00:00",
      "2026-07-23 19:02:18.489152+00:00",
      "2026-07-23 19:02:22.410005+00:00"
    ]
  },
  "table_structure": {
    "scope": "page",
    "count": 8,
    "times": [
      2.038758248090744e-05,
      2.0217150449752808e-05,
      2.8514303267002106e-05,
      2.8293579816818237e-05,
      8.256174623966217e-06,
      6.2622129917144775e-06,
      0.2414869572967291,
      1.76234170794487e-05
    ],
    "start_timestamps": [
      "2026-07-23 19:02:17.436904+00:00",
      "2026-07-23 19:02:17.762735+00:00",
      "2026-07-23 19:02:18.523944+00:00",
      "2026-07-23 19:02:22.613333+00:00",
      "2026-07-23 19:02:22.613366+00:00",
      "2026-07-23 19:02:22.613379+00:00",
      "2026-07-23 19:02:22.613390+00:00",
      "2026-07-23 19:02:22.854999+00:00"
    ]
  },
  "page_assemble": {
    "scope": "page",
    "count": 8,
    "times": [
      0.00024357903748750687,
      0.00028465595096349716,
      0.00018349569290876389,
      0.00028394442051649094,
      0.00021498370915651321,
      7.397867739200592e-05,
      0.0003147721290588379,
      0.0003270460292696953
    ],
    "start_timestamps": [
      "2026-07-23 19:02:17.436993+00:00",
      "2026-07-23 19:02:17.762795+00:00",
      "2026-07-23 19:02:18.524021+00:00",
      "2026-07-23 19:02:22.855099+00:00",
      "2026-07-23 19:02:22.855452+00:00",
      "2026-07-23 19:02:22.855691+00:00",
      "2026-07-23 19:02:22.855786+00:00",
      "2026-07-23 19:02:22.856127+00:00"
    ]
  },
  "doc_assemble": {
    "scope": "document",
    "count": 1,
    "times": [
      0.0208769328892231
    ],
    "start_timestamps": [
      "2026-07-23 19:02:22.856662+00:00"
    ]
  },
  "reading_order": {
    "scope": "document",
    "count": 1,
    "times": [
      0.020424441434442997
    ],
    "start_timestamps": [
      "2026-07-23 19:02:22.856714+00:00"
    ]
  },
  "doc_enrich": {
    "scope": "document",
    "count": 1,
    "times": [
      45.0469287019223
    ],
    "start_timestamps": [
      "2026-07-23 19:02:22.877570+00:00"
    ]
  }
}
Function parse_pdf took 102.5638 seconds to execute.
Running: get_tables
Function get_tables took 0.0001 seconds to execute.
Running: get_surrounding_paragraphs
Function get_surrounding_paragraphs took 0.0001 seconds to execute.
