Running: parse_pdf
Raw PDF conversion timings:
{
  "pipeline_total": {
    "scope": "document",
    "count": 1,
    "times": [
      56.478761062026024
    ],
    "start_timestamps": [
      "2026-07-23 18:08:35.577597+00:00"
    ]
  },
  "page_parse": {
    "scope": "page",
    "count": 15,
    "times": [
      0.0852975295856595,
      0.09679687395691872,
      0.09125532396137714,
      0.07180221658200026,
      0.22372769191861153,
      0.07532480731606483,
      0.2621661266312003,
      0.16073089186102152,
      0.12480210047215223,
      0.08041713293641806,
      0.3908939165994525,
      0.09803648944944143,
      0.12604049127548933,
      0.13507638033479452,
      0.04273773729801178
    ],
    "start_timestamps": [
      "2026-07-23 18:08:35.580922+00:00",
      "2026-07-23 18:08:35.666263+00:00",
      "2026-07-23 18:08:35.763100+00:00",
      "2026-07-23 18:08:35.854396+00:00",
      "2026-07-23 18:08:35.926242+00:00",
      "2026-07-23 18:08:36.150012+00:00",
      "2026-07-23 18:08:36.225367+00:00",
      "2026-07-23 18:08:36.487583+00:00",
      "2026-07-23 18:08:36.648361+00:00",
      "2026-07-23 18:08:36.773207+00:00",
      "2026-07-23 18:08:36.853667+00:00",
      "2026-07-23 18:08:37.244604+00:00",
      "2026-07-23 18:08:37.342682+00:00",
      "2026-07-23 18:08:37.468769+00:00",
      "2026-07-23 18:08:37.603891+00:00"
    ]
  },
  "ocr": {
    "scope": "page",
    "count": 15,
    "times": [
      0.1894235908985138,
      0.3722838759422302,
      0.2650716146454215,
      0.1599382385611534,
      1.131030728109181,
      0.1253150561824441,
      1.137674762867391,
      1.3117055501788855,
      1.0259845154359937,
      0.12375876680016518,
      3.16125460434705,
      0.5396087085828185,
      0.11971241980791092,
      0.12144303787499666,
      0.11603847425431013
    ],
    "start_timestamps": [
      "2026-07-23 18:08:35.666589+00:00",
      "2026-07-23 18:08:35.856045+00:00",
      "2026-07-23 18:08:36.228342+00:00",
      "2026-07-23 18:08:36.493462+00:00",
      "2026-07-23 18:08:36.653422+00:00",
      "2026-07-23 18:08:37.784469+00:00",
      "2026-07-23 18:08:37.909795+00:00",
      "2026-07-23 18:08:39.047571+00:00",
      "2026-07-23 18:08:40.359293+00:00",
      "2026-07-23 18:08:41.385294+00:00",
      "2026-07-23 18:08:41.509064+00:00",
      "2026-07-23 18:08:44.670335+00:00",
      "2026-07-23 18:08:45.209959+00:00",
      "2026-07-23 18:08:45.329680+00:00",
      "2026-07-23 18:08:45.451133+00:00"
    ]
  },
  "layout": {
    "scope": "page",
    "count": 4,
    "times": [
      0.29443842452019453,
      0.19148789532482624,
      0.06828810181468725,
      0.08655947353690863
    ],
    "start_timestamps": [
      "2026-07-23 18:08:35.856124+00:00",
      "2026-07-23 18:08:36.493534+00:00",
      "2026-07-23 18:08:39.047644+00:00",
      "2026-07-23 18:08:45.567359+00:00"
    ]
  },
  "table_structure": {
    "scope": "page",
    "count": 15,
    "times": [
      2.287141978740692e-05,
      2.26534903049469e-05,
      8.41636210680008e-06,
      1.3351577753201127,
      4.193838685750961e-05,
      2.5079883448779583,
      1.0420551151037216,
      2.7070753276348114e-05,
      1.697242259979248e-05,
      1.7261905828490853,
      2.1580606698989868e-05,
      9.678304195404053e-06,
      4.287703979760408,
      4.151836037635803e-05,
      7.12275505065918e-06
    ],
    "start_timestamps": [
      "2026-07-23 18:08:36.184391+00:00",
      "2026-07-23 18:08:36.854089+00:00",
      "2026-07-23 18:08:36.854117+00:00",
      "2026-07-23 18:08:39.238500+00:00",
      "2026-07-23 18:08:40.573683+00:00",
      "2026-07-23 18:08:40.573728+00:00",
      "2026-07-23 18:08:43.081737+00:00",
      "2026-07-23 18:08:45.881882+00:00",
      "2026-07-23 18:08:45.881914+00:00",
      "2026-07-23 18:08:45.881937+00:00",
      "2026-07-23 18:08:47.608146+00:00",
      "2026-07-23 18:08:47.608564+00:00",
      "2026-07-23 18:08:47.608577+00:00",
      "2026-07-23 18:08:51.896304+00:00",
      "2026-07-23 18:08:51.896349+00:00"
    ]
  },
  "page_assemble": {
    "scope": "page",
    "count": 15,
    "times": [
      0.0013667624443769455,
      0.00040184613317251205,
      0.00026213377714157104,
      0.0004960624501109123,
      0.0002466132864356041,
      8.636247366666794e-05,
      0.00011399388313293457,
      0.0003019794821739197,
      0.00020425394177436829,
      8.22748988866806e-05,
      0.00010064896196126938,
      0.00039721839129924774,
      0.00016980990767478943,
      0.0016361093148589134,
      0.00014651566743850708
    ],
    "start_timestamps": [
      "2026-07-23 18:08:36.184462+00:00",
      "2026-07-23 18:08:36.854167+00:00",
      "2026-07-23 18:08:36.854597+00:00",
      "2026-07-23 18:08:44.124088+00:00",
      "2026-07-23 18:08:44.124621+00:00",
      "2026-07-23 18:08:44.124890+00:00",
      "2026-07-23 18:08:44.124998+00:00",
      "2026-07-23 18:08:47.608627+00:00",
      "2026-07-23 18:08:47.608961+00:00",
      "2026-07-23 18:08:47.609184+00:00",
      "2026-07-23 18:08:47.609284+00:00",
      "2026-07-23 18:08:51.896623+00:00",
      "2026-07-23 18:08:51.897059+00:00",
      "2026-07-23 18:08:51.897248+00:00",
      "2026-07-23 18:08:51.898906+00:00"
    ]
  },
  "doc_assemble": {
    "scope": "document",
    "count": 1,
    "times": [
      0.046681078150868416
    ],
    "start_timestamps": [
      "2026-07-23 18:08:51.899826+00:00"
    ]
  },
  "reading_order": {
    "scope": "document",
    "count": 1,
    "times": [
      0.0459971921518445
    ],
    "start_timestamps": [
      "2026-07-23 18:08:51.900015+00:00"
    ]
  },
  "doc_enrich": {
    "scope": "document",
    "count": 1,
    "times": [
      40.10979939624667
    ],
    "start_timestamps": [
      "2026-07-23 18:08:51.946539+00:00"
    ]
  }
}
All hyperlinked elements redacted in-memory.
Clean PDF conversion timings:
{
  "pipeline_total": {
    "scope": "document",
    "count": 1,
    "times": [
      57.25151562131941
    ],
    "start_timestamps": [
      "2026-07-23 18:09:32.180374+00:00"
    ]
  },
  "page_parse": {
    "scope": "page",
    "count": 15,
    "times": [
      0.08276012539863586,
      0.09812886826694012,
      0.09372445940971375,
      0.3862873809412122,
      0.22507467586547136,
      0.07182261254638433,
      0.2672777269035578,
      0.19995128735899925,
      0.11228992696851492,
      0.05816123355180025,
      0.385496131144464,
      0.09733593463897705,
      0.061373879201710224,
      0.09712267480790615,
      0.03726939670741558
    ],
    "start_timestamps": [
      "2026-07-23 18:09:32.183829+00:00",
      "2026-07-23 18:09:32.266635+00:00",
      "2026-07-23 18:09:32.364801+00:00",
      "2026-07-23 18:09:32.458567+00:00",
      "2026-07-23 18:09:32.844896+00:00",
      "2026-07-23 18:09:33.070017+00:00",
      "2026-07-23 18:09:33.141875+00:00",
      "2026-07-23 18:09:33.409206+00:00",
      "2026-07-23 18:09:33.609203+00:00",
      "2026-07-23 18:09:33.721539+00:00",
      "2026-07-23 18:09:33.779750+00:00",
      "2026-07-23 18:09:34.165287+00:00",
      "2026-07-23 18:09:34.262663+00:00",
      "2026-07-23 18:09:34.324078+00:00",
      "2026-07-23 18:09:34.421259+00:00"
    ]
  },
  "ocr": {
    "scope": "page",
    "count": 15,
    "times": [
      0.19405432883650064,
      0.39050851482897997,
      0.2252244083210826,
      0.12409619521349669,
      1.4768649488687515,
      0.1402918342500925,
      1.6036129025742412,
      0.7302816929295659,
      0.6067998316138983,
      0.12041551247239113,
      1.9556694086641073,
      0.5272968392819166,
      0.12071712035685778,
      0.12135167326778173,
      0.11721545085310936
    ],
    "start_timestamps": [
      "2026-07-23 18:09:32.267167+00:00",
      "2026-07-23 18:09:32.461254+00:00",
      "2026-07-23 18:09:32.851777+00:00",
      "2026-07-23 18:09:33.077041+00:00",
      "2026-07-23 18:09:33.201155+00:00",
      "2026-07-23 18:09:34.678105+00:00",
      "2026-07-23 18:09:34.818423+00:00",
      "2026-07-23 18:09:36.422051+00:00",
      "2026-07-23 18:09:37.152350+00:00",
      "2026-07-23 18:09:37.759165+00:00",
      "2026-07-23 18:09:37.879590+00:00",
      "2026-07-23 18:09:39.835277+00:00",
      "2026-07-23 18:09:40.362589+00:00",
      "2026-07-23 18:09:40.483316+00:00",
      "2026-07-23 18:09:40.604677+00:00"
    ]
  },
  "layout": {
    "scope": "page",
    "count": 4,
    "times": [
      0.6160136302933097,
      0.26606409437954426,
      0.03292336780577898,
      0.11143246851861477
    ],
    "start_timestamps": [
      "2026-07-23 18:09:32.461340+00:00",
      "2026-07-23 18:09:33.147703+00:00",
      "2026-07-23 18:09:34.678181+00:00",
      "2026-07-23 18:09:40.722112+00:00"
    ]
  },
  "table_structure": {
    "scope": "page",
    "count": 15,
    "times": [
      2.7591362595558167e-05,
      2.2221356630325317e-05,
      8.686445653438568e-06,
      1.2363853808492422,
      2.8013251721858978e-05,
      1.53199374768883,
      0.5966881019994617,
      2.384372055530548e-05,
      8.265487849712372e-06,
      1.7261598780751228,
      2.279318869113922e-05,
      1.0579824447631836e-05,
      4.280606009066105,
      3.335345536470413e-05,
      7.383525371551514e-06
    ],
    "start_timestamps": [
      "2026-07-23 18:09:33.147835+00:00",
      "2026-07-23 18:09:33.609436+00:00",
      "2026-07-23 18:09:33.609464+00:00",
      "2026-07-23 18:09:34.783396+00:00",
      "2026-07-23 18:09:36.019799+00:00",
      "2026-07-23 18:09:41.110154+00:00",
      "2026-07-23 18:09:42.642163+00:00",
      "2026-07-23 18:09:43.238867+00:00",
      "2026-07-23 18:09:43.238894+00:00",
      "2026-07-23 18:09:43.239039+00:00",
      "2026-07-23 18:09:44.965217+00:00",
      "2026-07-23 18:09:44.965242+00:00",
      "2026-07-23 18:09:44.965257+00:00",
      "2026-07-23 18:09:49.246051+00:00",
      "2026-07-23 18:09:49.246088+00:00"
    ]
  },
  "page_assemble": {
    "scope": "page",
    "count": 15,
    "times": [
      0.0005080867558717728,
      0.00047203805297613144,
      0.0002621132880449295,
      0.0003659389913082123,
      0.00021833181381225586,
      0.00015961099416017532,
      0.00014762766659259796,
      0.00025445781648159027,
      0.00022363103926181793,
      0.00015160441398620605,
      0.00015561189502477646,
      0.00024061277508735657,
      0.00016064196825027466,
      0.00043373648077249527,
      5.77680766582489e-05
    ],
    "start_timestamps": [
      "2026-07-23 18:09:33.147957+00:00",
      "2026-07-23 18:09:33.609523+00:00",
      "2026-07-23 18:09:33.610031+00:00",
      "2026-07-23 18:09:36.020005+00:00",
      "2026-07-23 18:09:36.020420+00:00",
      "2026-07-23 18:09:43.239098+00:00",
      "2026-07-23 18:09:43.239301+00:00",
      "2026-07-23 18:09:43.239475+00:00",
      "2026-07-23 18:09:43.239752+00:00",
      "2026-07-23 18:09:49.246175+00:00",
      "2026-07-23 18:09:49.246363+00:00",
      "2026-07-23 18:09:49.246542+00:00",
      "2026-07-23 18:09:49.246801+00:00",
      "2026-07-23 18:09:49.246980+00:00",
      "2026-07-23 18:09:49.247433+00:00"
    ]
  },
  "doc_assemble": {
    "scope": "document",
    "count": 1,
    "times": [
      0.046845716424286366
    ],
    "start_timestamps": [
      "2026-07-23 18:09:49.247734+00:00"
    ]
  },
  "reading_order": {
    "scope": "document",
    "count": 1,
    "times": [
      0.04622405581176281
    ],
    "start_timestamps": [
      "2026-07-23 18:09:49.247891+00:00"
    ]
  },
  "doc_enrich": {
    "scope": "document",
    "count": 1,
    "times": [
      40.1372488560155
    ],
    "start_timestamps": [
      "2026-07-23 18:09:49.294612+00:00"
    ]
  }
}
Function parse_pdf took 114.1512 seconds to execute.
Running: get_tables
Function get_tables took 0.0001 seconds to execute.
Running: get_surrounding_paragraphs
Function get_surrounding_paragraphs took 0.0001 seconds to execute.
