Running: parse_pdf
Raw PDF conversion timings:
{
  "pipeline_total": {
    "scope": "document",
    "count": 1,
    "times": [
      3.464638913050294
    ],
    "start_timestamps": [
      "2026-07-17 18:01:06.057058+00:00"
    ]
  },
  "page_parse": {
    "scope": "page",
    "count": 6,
    "times": [
      0.0703183114528656,
      0.09044035337865353,
      0.09493483789265156,
      0.10414576902985573,
      0.08580849692225456,
      0.10732102300971746
    ],
    "start_timestamps": [
      "2026-07-17 18:01:06.060180+00:00",
      "2026-07-17 18:01:06.130536+00:00",
      "2026-07-17 18:01:06.221009+00:00",
      "2026-07-17 18:01:06.315982+00:00",
      "2026-07-17 18:01:06.420168+00:00",
      "2026-07-17 18:01:06.506016+00:00"
    ]
  },
  "ocr": {
    "scope": "page",
    "count": 6,
    "times": [
      0.18820097763091326,
      0.6493211267516017,
      0.7551287328824401,
      1.019112785346806,
      0.4751234967261553,
      0.12153445556759834
    ],
    "start_timestamps": [
      "2026-07-17 18:01:06.130780+00:00",
      "2026-07-17 18:01:06.319026+00:00",
      "2026-07-17 18:01:06.968365+00:00",
      "2026-07-17 18:01:07.723584+00:00",
      "2026-07-17 18:01:08.742714+00:00",
      "2026-07-17 18:01:09.217859+00:00"
    ]
  },
  "layout": {
    "scope": "page",
    "count": 3,
    "times": [
      0.2644313042983413,
      0.06495004333555698,
      0.06934298854321241
    ],
    "start_timestamps": [
      "2026-07-17 18:01:06.319131+00:00",
      "2026-07-17 18:01:07.723651+00:00",
      "2026-07-17 18:01:09.339542+00:00"
    ]
  },
  "table_structure": {
    "scope": "page",
    "count": 6,
    "times": [
      1.9727274775505066e-05,
      5.713663995265961e-05,
      1.8184073269367218e-05,
      2.512708306312561e-05,
      9.818002581596375e-06,
      8.49645584821701e-06
    ],
    "start_timestamps": [
      "2026-07-17 18:01:06.614952+00:00",
      "2026-07-17 18:01:07.813158+00:00",
      "2026-07-17 18:01:07.813225+00:00",
      "2026-07-17 18:01:09.498964+00:00",
      "2026-07-17 18:01:09.498994+00:00",
      "2026-07-17 18:01:09.499008+00:00"
    ]
  },
  "page_assemble": {
    "scope": "page",
    "count": 6,
    "times": [
      0.0003855656832456589,
      0.000533033162355423,
      0.0002511627972126007,
      0.00016363710165023804,
      0.00026380736380815506,
      0.0007158275693655014
    ],
    "start_timestamps": [
      "2026-07-17 18:01:06.615030+00:00",
      "2026-07-17 18:01:07.813332+00:00",
      "2026-07-17 18:01:07.813923+00:00",
      "2026-07-17 18:01:09.499135+00:00",
      "2026-07-17 18:01:09.499330+00:00",
      "2026-07-17 18:01:09.499618+00:00"
    ]
  },
  "doc_assemble": {
    "scope": "document",
    "count": 1,
    "times": [
      0.01986168883740902
    ],
    "start_timestamps": [
      "2026-07-17 18:01:09.500685+00:00"
    ]
  },
  "reading_order": {
    "scope": "document",
    "count": 1,
    "times": [
      0.01944915298372507
    ],
    "start_timestamps": [
      "2026-07-17 18:01:09.500755+00:00"
    ]
  },
  "doc_enrich": {
    "scope": "document",
    "count": 1,
    "times": [
      0.0011219214648008347
    ],
    "start_timestamps": [
      "2026-07-17 18:01:09.520569+00:00"
    ]
  }
}
All hyperlinked elements redacted in-memory.
Clean PDF conversion timings:
{
  "pipeline_total": {
    "scope": "document",
    "count": 1,
    "times": [
      3.4848210345953703
    ],
    "start_timestamps": [
      "2026-07-17 18:01:09.603299+00:00"
    ]
  },
  "page_parse": {
    "scope": "page",
    "count": 6,
    "times": [
      0.07047170028090477,
      0.09168926160782576,
      0.09535773377865553,
      0.12181676551699638,
      0.09827825892716646,
      0.0793573996052146
    ],
    "start_timestamps": [
      "2026-07-17 18:01:09.606310+00:00",
      "2026-07-17 18:01:09.676821+00:00",
      "2026-07-17 18:01:09.768549+00:00",
      "2026-07-17 18:01:09.863945+00:00",
      "2026-07-17 18:01:09.985806+00:00",
      "2026-07-17 18:01:10.084128+00:00"
    ]
  },
  "ocr": {
    "scope": "page",
    "count": 6,
    "times": [
      0.18998361099511385,
      0.6651686141267419,
      0.7319923620671034,
      1.0687756249681115,
      0.45339825097471476,
      0.1220540115609765
    ],
    "start_timestamps": [
      "2026-07-17 18:01:09.677111+00:00",
      "2026-07-17 18:01:09.867139+00:00",
      "2026-07-17 18:01:10.532326+00:00",
      "2026-07-17 18:01:11.264408+00:00",
      "2026-07-17 18:01:12.333202+00:00",
      "2026-07-17 18:01:12.786620+00:00"
    ]
  },
  "layout": {
    "scope": "page",
    "count": 3,
    "times": [
      0.12504099123179913,
      0.06316859181970358,
      0.06542535591870546
    ],
    "start_timestamps": [
      "2026-07-17 18:01:09.867207+00:00",
      "2026-07-17 18:01:11.264477+00:00",
      "2026-07-17 18:01:12.908877+00:00"
    ]
  },
  "table_structure": {
    "scope": "page",
    "count": 6,
    "times": [
      2.440623939037323e-05,
      2.3694708943367004e-05,
      8.867122232913971e-06,
      2.9404647648334503e-05,
      9.689480066299438e-06,
      8.114613592624664e-06
    ],
    "start_timestamps": [
      "2026-07-17 18:01:10.014672+00:00",
      "2026-07-17 18:01:11.357956+00:00",
      "2026-07-17 18:01:11.357985+00:00",
      "2026-07-17 18:01:13.065332+00:00",
      "2026-07-17 18:01:13.065366+00:00",
      "2026-07-17 18:01:13.065381+00:00"
    ]
  },
  "page_assemble": {
    "scope": "page",
    "count": 6,
    "times": [
      0.00035023968666791916,
      0.00023577269166707993,
      0.00016551092267036438,
      0.00016492046415805817,
      0.00021881144493818283,
      0.00027038808912038803
    ],
    "start_timestamps": [
      "2026-07-17 18:01:10.014774+00:00",
      "2026-07-17 18:01:11.358033+00:00",
      "2026-07-17 18:01:11.358299+00:00",
      "2026-07-17 18:01:13.065501+00:00",
      "2026-07-17 18:01:13.065695+00:00",
      "2026-07-17 18:01:13.065934+00:00"
    ]
  },
  "doc_assemble": {
    "scope": "document",
    "count": 1,
    "times": [
      0.02045090775936842
    ],
    "start_timestamps": [
      "2026-07-17 18:01:13.066443+00:00"
    ]
  },
  "reading_order": {
    "scope": "document",
    "count": 1,
    "times": [
      0.020008476451039314
    ],
    "start_timestamps": [
      "2026-07-17 18:01:13.066521+00:00"
    ]
  },
  "doc_enrich": {
    "scope": "document",
    "count": 1,
    "times": [
      0.0011980542913079262
    ],
    "start_timestamps": [
      "2026-07-17 18:01:13.086917+00:00"
    ]
  }
}
Function parse_pdf took 7.1096 seconds to execute.
Running: get_tables
Function get_tables took 0.0000 seconds to execute.
Running: get_surrounding_paragraphs
Function get_surrounding_paragraphs took 0.0000 seconds to execute.
