Running: parse_pdf
Raw PDF conversion timings:
{
  "pipeline_total": {
    "scope": "document",
    "count": 1,
    "times": [
      5.347223527729511
    ],
    "start_timestamps": [
      "2026-07-23 17:59:53.183175+00:00"
    ]
  },
  "page_parse": {
    "scope": "page",
    "count": 5,
    "times": [
      0.1308325957506895,
      0.17992158886045218,
      0.20789708849042654,
      0.1479616304859519,
      0.07066262420266867
    ],
    "start_timestamps": [
      "2026-07-23 17:59:53.187306+00:00",
      "2026-07-23 17:59:53.318179+00:00",
      "2026-07-23 17:59:53.498140+00:00",
      "2026-07-23 17:59:53.706079+00:00",
      "2026-07-23 17:59:53.854083+00:00"
    ]
  },
  "ocr": {
    "scope": "page",
    "count": 5,
    "times": [
      0.1815595319494605,
      1.1130518233403563,
      0.16235894709825516,
      0.7249301867559552,
      0.16346927639096975
    ],
    "start_timestamps": [
      "2026-07-23 17:59:53.318474+00:00",
      "2026-07-23 17:59:53.500064+00:00",
      "2026-07-23 17:59:54.613207+00:00",
      "2026-07-23 17:59:54.775577+00:00",
      "2026-07-23 17:59:55.500525+00:00"
    ]
  },
  "layout": {
    "scope": "page",
    "count": 3,
    "times": [
      0.4250165829434991,
      0.029549180530011654,
      0.08366474509239197
    ],
    "start_timestamps": [
      "2026-07-23 17:59:53.500142+00:00",
      "2026-07-23 17:59:54.613268+00:00",
      "2026-07-23 17:59:55.664140+00:00"
    ]
  },
  "table_structure": {
    "scope": "page",
    "count": 5,
    "times": [
      1.9135884940624237e-05,
      1.2422143844887614,
      0.5288555072620511,
      2.8332695364952087e-05,
      9.347684681415558e-06
    ],
    "start_timestamps": [
      "2026-07-23 17:59:53.942342+00:00",
      "2026-07-23 17:59:54.773865+00:00",
      "2026-07-23 17:59:56.016219+00:00",
      "2026-07-23 17:59:56.545090+00:00",
      "2026-07-23 17:59:56.545121+00:00"
    ]
  },
  "page_assemble": {
    "scope": "page",
    "count": 5,
    "times": [
      0.0002354821190237999,
      0.0005298173055052757,
      0.0003635948523879051,
      0.0003069872036576271,
      0.00017677247524261475
    ],
    "start_timestamps": [
      "2026-07-23 17:59:53.942425+00:00",
      "2026-07-23 17:59:56.017237+00:00",
      "2026-07-23 17:59:56.545487+00:00",
      "2026-07-23 17:59:56.545888+00:00",
      "2026-07-23 17:59:56.546218+00:00"
    ]
  },
  "doc_assemble": {
    "scope": "document",
    "count": 1,
    "times": [
      0.025374645367264748
    ],
    "start_timestamps": [
      "2026-07-23 17:59:56.546763+00:00"
    ]
  },
  "reading_order": {
    "scope": "document",
    "count": 1,
    "times": [
      0.024975272826850414
    ],
    "start_timestamps": [
      "2026-07-23 17:59:56.546810+00:00"
    ]
  },
  "doc_enrich": {
    "scope": "document",
    "count": 1,
    "times": [
      1.958219693042338
    ],
    "start_timestamps": [
      "2026-07-23 17:59:56.572161+00:00"
    ]
  }
}
All hyperlinked elements redacted in-memory.
Clean PDF conversion timings:
{
  "pipeline_total": {
    "scope": "document",
    "count": 1,
    "times": [
      5.347816985100508
    ],
    "start_timestamps": [
      "2026-07-23 17:59:58.667001+00:00"
    ]
  },
  "page_parse": {
    "scope": "page",
    "count": 5,
    "times": [
      0.13197766989469528,
      0.17713130731135607,
      0.2027436699718237,
      0.14934637770056725,
      0.12737401574850082
    ],
    "start_timestamps": [
      "2026-07-23 17:59:58.670929+00:00",
      "2026-07-23 17:59:58.802948+00:00",
      "2026-07-23 17:59:58.980122+00:00",
      "2026-07-23 17:59:59.182911+00:00",
      "2026-07-23 17:59:59.332303+00:00"
    ]
  },
  "ocr": {
    "scope": "page",
    "count": 5,
    "times": [
      0.17861282639205456,
      1.1101749585941434,
      0.1638565957546234,
      0.7279093721881509,
      0.1430330751463771
    ],
    "start_timestamps": [
      "2026-07-23 17:59:58.803261+00:00",
      "2026-07-23 17:59:58.981912+00:00",
      "2026-07-23 18:00:00.092195+00:00",
      "2026-07-23 18:00:00.256062+00:00",
      "2026-07-23 18:00:00.983990+00:00"
    ]
  },
  "layout": {
    "scope": "page",
    "count": 3,
    "times": [
      0.4478176850825548,
      0.02959191147238016,
      0.0844464972615242
    ],
    "start_timestamps": [
      "2026-07-23 17:59:58.982001+00:00",
      "2026-07-23 18:00:00.092255+00:00",
      "2026-07-23 18:00:01.127178+00:00"
    ]
  },
  "table_structure": {
    "scope": "page",
    "count": 5,
    "times": [
      1.8775463104248047e-05,
      1.2454332020133734,
      0.5298969466239214,
      3.113970160484314e-05,
      1.149158924818039e-05
    ],
    "start_timestamps": [
      "2026-07-23 17:59:59.461790+00:00",
      "2026-07-23 18:00:00.251849+00:00",
      "2026-07-23 18:00:01.497433+00:00",
      "2026-07-23 18:00:02.027347+00:00",
      "2026-07-23 18:00:02.027381+00:00"
    ]
  },
  "page_assemble": {
    "scope": "page",
    "count": 5,
    "times": [
      0.00022285990417003632,
      0.0003311941400170326,
      0.0003185207024216652,
      0.00025410857051610947,
      0.00018276460468769073
    ],
    "start_timestamps": [
      "2026-07-23 17:59:59.461870+00:00",
      "2026-07-23 18:00:01.498498+00:00",
      "2026-07-23 18:00:02.027683+00:00",
      "2026-07-23 18:00:02.028035+00:00",
      "2026-07-23 18:00:02.028309+00:00"
    ]
  },
  "doc_assemble": {
    "scope": "document",
    "count": 1,
    "times": [
      0.02824654057621956
    ],
    "start_timestamps": [
      "2026-07-23 18:00:02.028675+00:00"
    ]
  },
  "reading_order": {
    "scope": "document",
    "count": 1,
    "times": [
      0.0278371786698699
    ],
    "start_timestamps": [
      "2026-07-23 18:00:02.028731+00:00"
    ]
  },
  "doc_enrich": {
    "scope": "document",
    "count": 1,
    "times": [
      1.9578537261113524
    ],
    "start_timestamps": [
      "2026-07-23 18:00:02.056946+00:00"
    ]
  }
}
Function parse_pdf took 10.9034 seconds to execute.
Running: get_tables
Function get_tables took 0.0001 seconds to execute.
Running: get_surrounding_paragraphs
Function get_surrounding_paragraphs took 0.0001 seconds to execute.
