Running: parse_pdf
Raw PDF conversion timings:
{
  "pipeline_total": {
    "scope": "document",
    "count": 1,
    "times": [
      8.098652661778033
    ],
    "start_timestamps": [
      "2026-07-17 20:26:26.522746+00:00"
    ]
  },
  "page_parse": {
    "scope": "page",
    "count": 8,
    "times": [
      0.08898140117526054,
      0.13931328896433115,
      0.16828674357384443,
      0.1250770278275013,
      0.15347775537520647,
      0.18220618646591902,
      0.21132678911089897,
      0.07977055851370096
    ],
    "start_timestamps": [
      "2026-07-17 20:26:26.526925+00:00",
      "2026-07-17 20:26:26.615948+00:00",
      "2026-07-17 20:26:26.755298+00:00",
      "2026-07-17 20:26:26.923636+00:00",
      "2026-07-17 20:26:27.048761+00:00",
      "2026-07-17 20:26:27.202285+00:00",
      "2026-07-17 20:26:27.384535+00:00",
      "2026-07-17 20:26:27.595911+00:00"
    ]
  },
  "ocr": {
    "scope": "page",
    "count": 8,
    "times": [
      1.2812682762742043,
      0.9227470559999347,
      0.12007259111851454,
      0.11665474809706211,
      1.6010691188275814,
      0.8724991269409657,
      0.12329244054853916,
      0.11781278811395168
    ],
    "start_timestamps": [
      "2026-07-17 20:26:26.616182+00:00",
      "2026-07-17 20:26:27.897537+00:00",
      "2026-07-17 20:26:28.820301+00:00",
      "2026-07-17 20:26:28.940391+00:00",
      "2026-07-17 20:26:29.057063+00:00",
      "2026-07-17 20:26:30.658150+00:00",
      "2026-07-17 20:26:31.530667+00:00",
      "2026-07-17 20:26:31.653977+00:00"
    ]
  },
  "layout": {
    "scope": "page",
    "count": 2,
    "times": [
      0.07186567224562168,
      0.09673091489821672
    ],
    "start_timestamps": [
      "2026-07-17 20:26:27.897611+00:00",
      "2026-07-17 20:26:31.771964+00:00"
    ]
  },
  "table_structure": {
    "scope": "page",
    "count": 8,
    "times": [
      2.0197592675685883e-05,
      2.915412187576294e-05,
      1.3355165719985962e-05,
      0.45139023568481207,
      1.8495135009288788e-05,
      0.2287464402616024,
      3.8392841815948486e-05,
      1.3916753232479095e-05
    ],
    "start_timestamps": [
      "2026-07-17 20:26:27.988630+00:00",
      "2026-07-17 20:26:32.249570+00:00",
      "2026-07-17 20:26:32.249603+00:00",
      "2026-07-17 20:26:32.249620+00:00",
      "2026-07-17 20:26:32.701028+00:00",
      "2026-07-17 20:26:32.701172+00:00",
      "2026-07-17 20:26:32.929937+00:00",
      "2026-07-17 20:26:32.929978+00:00"
    ]
  },
  "page_assemble": {
    "scope": "page",
    "count": 8,
    "times": [
      0.0002259453758597374,
      0.00047810934484004974,
      0.00035855453461408615,
      0.0003424752503633499,
      0.00039137713611125946,
      0.0005449950695037842,
      0.0005243867635726929,
      0.00023235660046339035
    ],
    "start_timestamps": [
      "2026-07-17 20:26:27.988703+00:00",
      "2026-07-17 20:26:32.702051+00:00",
      "2026-07-17 20:26:32.702563+00:00",
      "2026-07-17 20:26:32.702943+00:00",
      "2026-07-17 20:26:32.703307+00:00",
      "2026-07-17 20:26:32.930238+00:00",
      "2026-07-17 20:26:32.930838+00:00",
      "2026-07-17 20:26:32.931383+00:00"
    ]
  },
  "doc_assemble": {
    "scope": "document",
    "count": 1,
    "times": [
      0.04394914675503969
    ],
    "start_timestamps": [
      "2026-07-17 20:26:32.931818+00:00"
    ]
  },
  "reading_order": {
    "scope": "document",
    "count": 1,
    "times": [
      0.04337669815868139
    ],
    "start_timestamps": [
      "2026-07-17 20:26:32.931971+00:00"
    ]
  },
  "doc_enrich": {
    "scope": "document",
    "count": 1,
    "times": [
      1.6455861423164606
    ],
    "start_timestamps": [
      "2026-07-17 20:26:32.975790+00:00"
    ]
  }
}
All hyperlinked elements redacted in-memory.
Clean PDF conversion timings:
{
  "pipeline_total": {
    "scope": "document",
    "count": 1,
    "times": [
      8.232140777632594
    ],
    "start_timestamps": [
      "2026-07-17 20:26:34.676847+00:00"
    ]
  },
  "page_parse": {
    "scope": "page",
    "count": 8,
    "times": [
      0.08971262816339731,
      0.14141771011054516,
      0.15297208447009325,
      0.1267636325210333,
      0.1378940176218748,
      0.16072572395205498,
      0.2523594368249178,
      0.09404522087424994
    ],
    "start_timestamps": [
      "2026-07-17 20:26:34.681110+00:00",
      "2026-07-17 20:26:34.770863+00:00",
      "2026-07-17 20:26:34.912327+00:00",
      "2026-07-17 20:26:35.065352+00:00",
      "2026-07-17 20:26:35.192165+00:00",
      "2026-07-17 20:26:35.330105+00:00",
      "2026-07-17 20:26:35.490877+00:00",
      "2026-07-17 20:26:35.743284+00:00"
    ]
  },
  "ocr": {
    "scope": "page",
    "count": 8,
    "times": [
      1.3059267085045576,
      0.9503378998488188,
      0.12411047983914614,
      0.12318865489214659,
      1.6667221980169415,
      0.8875659303739667,
      0.12973961234092712,
      0.12509566266089678
    ],
    "start_timestamps": [
      "2026-07-17 20:26:34.771115+00:00",
      "2026-07-17 20:26:36.077111+00:00",
      "2026-07-17 20:26:37.027465+00:00",
      "2026-07-17 20:26:37.151589+00:00",
      "2026-07-17 20:26:37.274792+00:00",
      "2026-07-17 20:26:38.941533+00:00",
      "2026-07-17 20:26:39.829115+00:00",
      "2026-07-17 20:26:39.958870+00:00"
    ]
  },
  "layout": {
    "scope": "page",
    "count": 2,
    "times": [
      0.07539365068078041,
      0.09786824509501457
    ],
    "start_timestamps": [
      "2026-07-17 20:26:36.077215+00:00",
      "2026-07-17 20:26:40.084123+00:00"
    ]
  },
  "table_structure": {
    "scope": "page",
    "count": 8,
    "times": [
      1.552049070596695e-05,
      3.0477531254291534e-05,
      1.31949782371521e-05,
      0.44904857873916626,
      2.5998800992965698e-05,
      0.23082432057708502,
      3.405380994081497e-05,
      1.1982396245002747e-05
    ],
    "start_timestamps": [
      "2026-07-17 20:26:36.170923+00:00",
      "2026-07-17 20:26:40.561899+00:00",
      "2026-07-17 20:26:40.561935+00:00",
      "2026-07-17 20:26:40.561953+00:00",
      "2026-07-17 20:26:41.011019+00:00",
      "2026-07-17 20:26:41.011213+00:00",
      "2026-07-17 20:26:41.242055+00:00",
      "2026-07-17 20:26:41.242092+00:00"
    ]
  },
  "page_assemble": {
    "scope": "page",
    "count": 8,
    "times": [
      0.00022797845304012299,
      0.00046718958765268326,
      0.0003272863104939461,
      0.00031777843832969666,
      0.0003374554216861725,
      0.0004454590380191803,
      0.0005352161824703217,
      0.00020378362387418747
    ],
    "start_timestamps": [
      "2026-07-17 20:26:36.170980+00:00",
      "2026-07-17 20:26:41.011279+00:00",
      "2026-07-17 20:26:41.011783+00:00",
      "2026-07-17 20:26:41.012130+00:00",
      "2026-07-17 20:26:41.012474+00:00",
      "2026-07-17 20:26:41.242303+00:00",
      "2026-07-17 20:26:41.242787+00:00",
      "2026-07-17 20:26:41.243342+00:00"
    ]
  },
  "doc_assemble": {
    "scope": "document",
    "count": 1,
    "times": [
      0.042469942942261696
    ],
    "start_timestamps": [
      "2026-07-17 20:26:41.243718+00:00"
    ]
  },
  "reading_order": {
    "scope": "document",
    "count": 1,
    "times": [
      0.04193552676588297
    ],
    "start_timestamps": [
      "2026-07-17 20:26:41.243807+00:00"
    ]
  },
  "doc_enrich": {
    "scope": "document",
    "count": 1,
    "times": [
      1.6227518124505877
    ],
    "start_timestamps": [
      "2026-07-17 20:26:41.286213+00:00"
    ]
  }
}
Function parse_pdf took 16.4971 seconds to execute.
Running: get_tables
Function get_tables took 0.0001 seconds to execute.
Running: get_surrounding_paragraphs
Function get_surrounding_paragraphs took 0.0001 seconds to execute.
