Running: parse_pdf
Raw PDF conversion timings:
{
  "pipeline_total": {
    "scope": "document",
    "count": 1,
    "times": [
      52.3598199384287
    ],
    "start_timestamps": [
      "2026-07-23 17:56:02.803423+00:00"
    ]
  },
  "page_parse": {
    "scope": "page",
    "count": 7,
    "times": [
      0.12426710315048695,
      0.13464740570634604,
      0.13458188250660896,
      0.14309831894934177,
      0.18855000846087933,
      0.15179946180433035,
      0.060570199973881245
    ],
    "start_timestamps": [
      "2026-07-23 17:56:02.810174+00:00",
      "2026-07-23 17:56:02.934484+00:00",
      "2026-07-23 17:56:03.069173+00:00",
      "2026-07-23 17:56:03.203798+00:00",
      "2026-07-23 17:56:03.346942+00:00",
      "2026-07-23 17:56:03.535540+00:00",
      "2026-07-23 17:56:03.687381+00:00"
    ]
  },
  "ocr": {
    "scope": "page",
    "count": 7,
    "times": [
      0.14086295198649168,
      0.9425823874771595,
      0.764502951875329,
      0.8296106196939945,
      0.7817085487768054,
      0.13533233478665352,
      0.13392429519444704
    ],
    "start_timestamps": [
      "2026-07-23 17:56:02.934896+00:00",
      "2026-07-23 17:56:03.075796+00:00",
      "2026-07-23 17:56:04.018466+00:00",
      "2026-07-23 17:56:04.782985+00:00",
      "2026-07-23 17:56:05.612613+00:00",
      "2026-07-23 17:56:06.394336+00:00",
      "2026-07-23 17:56:06.529679+00:00"
    ]
  },
  "layout": {
    "scope": "page",
    "count": 3,
    "times": [
      0.286658707074821,
      0.0271068187430501,
      0.07746350858360529
    ],
    "start_timestamps": [
      "2026-07-23 17:56:03.075906+00:00",
      "2026-07-23 17:56:04.018534+00:00",
      "2026-07-23 17:56:06.663771+00:00"
    ]
  },
  "table_structure": {
    "scope": "page",
    "count": 7,
    "times": [
      4.543643444776535e-05,
      2.576969563961029e-05,
      2.5939196348190308e-05,
      1.423712819814682e-05,
      7.81472772359848e-06,
      9.687617421150208e-06,
      8.566305041313171e-06
    ],
    "start_timestamps": [
      "2026-07-23 17:56:03.542939+00:00",
      "2026-07-23 17:56:04.123463+00:00",
      "2026-07-23 17:56:07.095270+00:00",
      "2026-07-23 17:56:07.095300+00:00",
      "2026-07-23 17:56:07.095319+00:00",
      "2026-07-23 17:56:07.095331+00:00",
      "2026-07-23 17:56:07.095380+00:00"
    ]
  },
  "page_assemble": {
    "scope": "page",
    "count": 7,
    "times": [
      0.0007889149710536003,
      0.001238510012626648,
      0.0004939502105116844,
      0.0005648629739880562,
      0.0004428531974554062,
      0.002173731103539467,
      0.0002793464809656143
    ],
    "start_timestamps": [
      "2026-07-23 17:56:03.543091+00:00",
      "2026-07-23 17:56:04.123530+00:00",
      "2026-07-23 17:56:07.095454+00:00",
      "2026-07-23 17:56:07.095978+00:00",
      "2026-07-23 17:56:07.096568+00:00",
      "2026-07-23 17:56:07.097031+00:00",
      "2026-07-23 17:56:07.099226+00:00"
    ]
  },
  "doc_assemble": {
    "scope": "document",
    "count": 1,
    "times": [
      0.03340074326843023
    ],
    "start_timestamps": [
      "2026-07-23 17:56:07.099665+00:00"
    ]
  },
  "reading_order": {
    "scope": "document",
    "count": 1,
    "times": [
      0.032934535294771194
    ],
    "start_timestamps": [
      "2026-07-23 17:56:07.099754+00:00"
    ]
  },
  "doc_enrich": {
    "scope": "document",
    "count": 1,
    "times": [
      48.030128667131066
    ],
    "start_timestamps": [
      "2026-07-23 17:56:07.133089+00:00"
    ]
  }
}
All hyperlinked elements redacted in-memory.
Clean PDF conversion timings:
{
  "pipeline_total": {
    "scope": "document",
    "count": 1,
    "times": [
      52.071269480511546
    ],
    "start_timestamps": [
      "2026-07-23 17:56:55.363223+00:00"
    ]
  },
  "page_parse": {
    "scope": "page",
    "count": 7,
    "times": [
      0.12246688827872276,
      0.1321952436119318,
      0.13302272092550993,
      0.1389933368191123,
      0.20315670408308506,
      0.15729207918047905,
      0.05996044911444187
    ],
    "start_timestamps": [
      "2026-07-23 17:56:55.369344+00:00",
      "2026-07-23 17:56:55.491855+00:00",
      "2026-07-23 17:56:55.624090+00:00",
      "2026-07-23 17:56:55.757156+00:00",
      "2026-07-23 17:56:55.896193+00:00",
      "2026-07-23 17:56:56.099422+00:00",
      "2026-07-23 17:56:56.256753+00:00"
    ]
  },
  "ocr": {
    "scope": "page",
    "count": 7,
    "times": [
      0.13808623887598515,
      0.9652834897860885,
      0.770391458645463,
      0.8232283229008317,
      0.7785226907581091,
      0.1362627074122429,
      0.131146639585495
    ],
    "start_timestamps": [
      "2026-07-23 17:56:55.492161+00:00",
      "2026-07-23 17:56:55.630285+00:00",
      "2026-07-23 17:56:56.595685+00:00",
      "2026-07-23 17:56:57.366093+00:00",
      "2026-07-23 17:56:58.189336+00:00",
      "2026-07-23 17:56:58.967875+00:00",
      "2026-07-23 17:56:59.104148+00:00"
    ]
  },
  "layout": {
    "scope": "page",
    "count": 3,
    "times": [
      0.2796183731406927,
      0.030974604189395905,
      0.07639057654887438
    ],
    "start_timestamps": [
      "2026-07-23 17:56:55.630397+00:00",
      "2026-07-23 17:56:56.595759+00:00",
      "2026-07-23 17:56:59.235514+00:00"
    ]
  },
  "table_structure": {
    "scope": "page",
    "count": 7,
    "times": [
      3.947410732507706e-05,
      2.542790025472641e-05,
      2.6590190827846527e-05,
      9.587965905666351e-06,
      7.703900337219238e-06,
      1.5319325029850006e-05,
      8.695758879184723e-06
    ],
    "start_timestamps": [
      "2026-07-23 17:56:56.119381+00:00",
      "2026-07-23 17:56:56.710503+00:00",
      "2026-07-23 17:56:59.633240+00:00",
      "2026-07-23 17:56:59.633272+00:00",
      "2026-07-23 17:56:59.633286+00:00",
      "2026-07-23 17:56:59.633298+00:00",
      "2026-07-23 17:56:59.633351+00:00"
    ]
  },
  "page_assemble": {
    "scope": "page",
    "count": 7,
    "times": [
      0.00040002353489398956,
      0.0004999609664082527,
      0.0003423541784286499,
      0.00035861507058143616,
      0.00028296373784542084,
      0.0004038093611598015,
      0.00015318766236305237
    ],
    "start_timestamps": [
      "2026-07-23 17:56:56.119514+00:00",
      "2026-07-23 17:56:56.710571+00:00",
      "2026-07-23 17:56:59.633460+00:00",
      "2026-07-23 17:56:59.633831+00:00",
      "2026-07-23 17:56:59.634210+00:00",
      "2026-07-23 17:56:59.634514+00:00",
      "2026-07-23 17:56:59.634937+00:00"
    ]
  },
  "doc_assemble": {
    "scope": "document",
    "count": 1,
    "times": [
      0.03400821425020695
    ],
    "start_timestamps": [
      "2026-07-23 17:56:59.635255+00:00"
    ]
  },
  "reading_order": {
    "scope": "document",
    "count": 1,
    "times": [
      0.033505598083138466
    ],
    "start_timestamps": [
      "2026-07-23 17:56:59.635357+00:00"
    ]
  },
  "doc_enrich": {
    "scope": "document",
    "count": 1,
    "times": [
      47.76517883501947
    ],
    "start_timestamps": [
      "2026-07-23 17:56:59.669292+00:00"
    ]
  }
}
Function parse_pdf took 104.8180 seconds to execute.
Running: get_tables
Function get_tables took 0.0001 seconds to execute.
Running: get_surrounding_paragraphs
Function get_surrounding_paragraphs took 0.0001 seconds to execute.
