Running: parse_pdf
Raw PDF conversion timings:
{
  "pipeline_total": {
    "scope": "document",
    "count": 1,
    "times": [
      4.287779149599373
    ],
    "start_timestamps": [
      "2026-07-17 19:20:46.516357+00:00"
    ]
  },
  "page_parse": {
    "scope": "page",
    "count": 8,
    "times": [
      0.4397554947063327,
      0.145539328455925,
      0.35992647986859083,
      0.22094384767115116,
      0.2303061094135046,
      0.16516760177910328,
      0.1812223931774497,
      0.20096759777516127
    ],
    "start_timestamps": [
      "2026-07-17 19:20:46.558080+00:00",
      "2026-07-17 19:20:46.997874+00:00",
      "2026-07-17 19:20:47.143461+00:00",
      "2026-07-17 19:20:47.503442+00:00",
      "2026-07-17 19:20:47.724440+00:00",
      "2026-07-17 19:20:47.954792+00:00",
      "2026-07-17 19:20:48.120006+00:00",
      "2026-07-17 19:20:48.301273+00:00"
    ]
  },
  "ocr": {
    "scope": "page",
    "count": 8,
    "times": [
      0.12871429603546858,
      0.3627178920432925,
      0.2219723230227828,
      0.24745774548500776,
      0.2168973945081234,
      1.6748850382864475,
      0.650064374320209,
      0.12672635726630688
    ],
    "start_timestamps": [
      "2026-07-17 19:20:46.997954+00:00",
      "2026-07-17 19:20:47.143566+00:00",
      "2026-07-17 19:20:47.506343+00:00",
      "2026-07-17 19:20:47.728354+00:00",
      "2026-07-17 19:20:47.975847+00:00",
      "2026-07-17 19:20:48.192778+00:00",
      "2026-07-17 19:20:49.867780+00:00",
      "2026-07-17 19:20:50.517862+00:00"
    ]
  },
  "layout": {
    "scope": "page",
    "count": 5,
    "times": [
      0.8303955523297191,
      0.07117963302880526,
      0.1271985350176692,
      0.02836171444505453,
      0.06047998461872339
    ],
    "start_timestamps": [
      "2026-07-17 19:20:47.126780+00:00",
      "2026-07-17 19:20:47.990053+00:00",
      "2026-07-17 19:20:48.192859+00:00",
      "2026-07-17 19:20:49.867841+00:00",
      "2026-07-17 19:20:50.644782+00:00"
    ]
  },
  "table_structure": {
    "scope": "page",
    "count": 8,
    "times": [
      1.2983568012714386e-05,
      3.049708902835846e-05,
      1.4367513358592987e-05,
      1.3325363397598267e-05,
      3.800075501203537e-05,
      2.4587847292423248e-05,
      2.6219524443149567e-05,
      1.0890886187553406e-05
    ],
    "start_timestamps": [
      "2026-07-17 19:20:47.990165+00:00",
      "2026-07-17 19:20:48.187863+00:00",
      "2026-07-17 19:20:48.187898+00:00",
      "2026-07-17 19:20:48.187916+00:00",
      "2026-07-17 19:20:48.510811+00:00",
      "2026-07-17 19:20:49.904474+00:00",
      "2026-07-17 19:20:50.766451+00:00",
      "2026-07-17 19:20:50.766482+00:00"
    ]
  },
  "page_assemble": {
    "scope": "page",
    "count": 8,
    "times": [
      0.0002919090911746025,
      0.0002893451601266861,
      0.00022727716714143753,
      0.00032357778400182724,
      0.0005159098654985428,
      9.844545274972916e-05,
      0.0002347910776734352,
      0.0003282269462943077
    ],
    "start_timestamps": [
      "2026-07-17 19:20:47.990236+00:00",
      "2026-07-17 19:20:48.187979+00:00",
      "2026-07-17 19:20:48.188299+00:00",
      "2026-07-17 19:20:48.188547+00:00",
      "2026-07-17 19:20:48.510906+00:00",
      "2026-07-17 19:20:49.904540+00:00",
      "2026-07-17 19:20:50.766605+00:00",
      "2026-07-17 19:20:50.766874+00:00"
    ]
  },
  "doc_assemble": {
    "scope": "document",
    "count": 1,
    "times": [
      0.034068258479237556
    ],
    "start_timestamps": [
      "2026-07-17 19:20:50.767397+00:00"
    ]
  },
  "reading_order": {
    "scope": "document",
    "count": 1,
    "times": [
      0.03358355723321438
    ],
    "start_timestamps": [
      "2026-07-17 19:20:50.767508+00:00"
    ]
  },
  "doc_enrich": {
    "scope": "document",
    "count": 1,
    "times": [
      0.0026423102244734764
    ],
    "start_timestamps": [
      "2026-07-17 19:20:50.801488+00:00"
    ]
  }
}
All hyperlinked elements redacted in-memory.
Clean PDF conversion timings:
{
  "pipeline_total": {
    "scope": "document",
    "count": 1,
    "times": [
      4.017264478839934
    ],
    "start_timestamps": [
      "2026-07-17 19:20:50.864484+00:00"
    ]
  },
  "page_parse": {
    "scope": "page",
    "count": 8,
    "times": [
      0.14508096501231194,
      0.14304272085428238,
      0.378032841719687,
      0.22413221560418606,
      0.242887026630342,
      0.16087496653199196,
      0.16735616885125637,
      0.16305882576853037
    ],
    "start_timestamps": [
      "2026-07-17 19:20:50.872200+00:00",
      "2026-07-17 19:20:51.017369+00:00",
      "2026-07-17 19:20:51.160456+00:00",
      "2026-07-17 19:20:51.538531+00:00",
      "2026-07-17 19:20:51.762708+00:00",
      "2026-07-17 19:20:52.005638+00:00",
      "2026-07-17 19:20:52.166554+00:00",
      "2026-07-17 19:20:52.333946+00:00"
    ]
  },
  "ocr": {
    "scope": "page",
    "count": 8,
    "times": [
      0.14486662112176418,
      0.39310677722096443,
      0.21279834397137165,
      0.242377788759768,
      0.32671671733260155,
      1.6164955757558346,
      0.6685697780922055,
      0.14436455722898245
    ],
    "start_timestamps": [
      "2026-07-17 19:20:51.017437+00:00",
      "2026-07-17 19:20:51.162349+00:00",
      "2026-07-17 19:20:51.555499+00:00",
      "2026-07-17 19:20:51.768344+00:00",
      "2026-07-17 19:20:52.010756+00:00",
      "2026-07-17 19:20:52.337516+00:00",
      "2026-07-17 19:20:53.954030+00:00",
      "2026-07-17 19:20:54.622704+00:00"
    ]
  },
  "layout": {
    "scope": "page",
    "count": 6,
    "times": [
      0.6155568901449442,
      0.06644187960773706,
      0.06821252964437008,
      0.17284361273050308,
      0.03310980647802353,
      0.029977133497595787
    ],
    "start_timestamps": [
      "2026-07-17 19:20:51.162428+00:00",
      "2026-07-17 19:20:52.008236+00:00",
      "2026-07-17 19:20:52.120542+00:00",
      "2026-07-17 19:20:52.337577+00:00",
      "2026-07-17 19:20:54.622771+00:00",
      "2026-07-17 19:20:54.767218+00:00"
    ]
  },
  "table_structure": {
    "scope": "page",
    "count": 8,
    "times": [
      1.3696029782295227e-05,
      5.371123552322388e-05,
      1.7452985048294067e-05,
      2.1049752831459045e-05,
      2.1200627088546753e-05,
      2.4566426873207092e-05,
      8.996576070785522e-06,
      2.104882150888443e-05
    ],
    "start_timestamps": [
      "2026-07-17 19:20:52.008373+00:00",
      "2026-07-17 19:20:52.120638+00:00",
      "2026-07-17 19:20:52.120697+00:00",
      "2026-07-17 19:20:52.225759+00:00",
      "2026-07-17 19:20:52.549657+00:00",
      "2026-07-17 19:20:54.678701+00:00",
      "2026-07-17 19:20:54.678731+00:00",
      "2026-07-17 19:20:54.844202+00:00"
    ]
  },
  "page_assemble": {
    "scope": "page",
    "count": 8,
    "times": [
      0.0003101741895079613,
      0.0003774398937821388,
      0.00023651495575904846,
      0.000306437723338604,
      0.0003339173272252083,
      0.00010556913912296295,
      0.00015743635594844818,
      0.0007136529311537743
    ],
    "start_timestamps": [
      "2026-07-17 19:20:52.008908+00:00",
      "2026-07-17 19:20:52.120775+00:00",
      "2026-07-17 19:20:52.121185+00:00",
      "2026-07-17 19:20:52.225817+00:00",
      "2026-07-17 19:20:52.549721+00:00",
      "2026-07-17 19:20:54.678782+00:00",
      "2026-07-17 19:20:54.678917+00:00",
      "2026-07-17 19:20:54.844464+00:00"
    ]
  },
  "doc_assemble": {
    "scope": "document",
    "count": 1,
    "times": [
      0.033629643730819225
    ],
    "start_timestamps": [
      "2026-07-17 19:20:54.845448+00:00"
    ]
  },
  "reading_order": {
    "scope": "document",
    "count": 1,
    "times": [
      0.033159869723021984
    ],
    "start_timestamps": [
      "2026-07-17 19:20:54.845529+00:00"
    ]
  },
  "doc_enrich": {
    "scope": "document",
    "count": 1,
    "times": [
      0.0026363590732216835
    ],
    "start_timestamps": [
      "2026-07-17 19:20:54.879106+00:00"
    ]
  }
}
Function parse_pdf took 8.5102 seconds to execute.
Running: get_tables
Function get_tables took 0.0001 seconds to execute.
Running: get_surrounding_paragraphs
Function get_surrounding_paragraphs took 0.0001 seconds to execute.
