Running: parse_pdf
Raw PDF conversion timings:
{
  "pipeline_total": {
    "scope": "document",
    "count": 1,
    "times": [
      98.83500573411584
    ],
    "start_timestamps": [
      "2026-07-23 16:53:54.086955+00:00"
    ]
  },
  "page_parse": {
    "scope": "page",
    "count": 7,
    "times": [
      0.11977483052760363,
      0.1020167488604784,
      0.09188991598784924,
      0.20741778519004583,
      0.13955005537718534,
      0.15035618655383587,
      0.0964352274313569
    ],
    "start_timestamps": [
      "2026-07-23 16:53:54.093414+00:00",
      "2026-07-23 16:53:54.213233+00:00",
      "2026-07-23 16:53:54.315287+00:00",
      "2026-07-23 16:53:54.407215+00:00",
      "2026-07-23 16:53:54.614672+00:00",
      "2026-07-23 16:53:54.754267+00:00",
      "2026-07-23 16:53:54.904663+00:00"
    ]
  },
  "ocr": {
    "scope": "page",
    "count": 7,
    "times": [
      0.6934625301510096,
      0.13068553712219,
      0.1285897232592106,
      0.5324107715860009,
      0.12239225395023823,
      0.12689959444105625,
      0.46055275388062
    ],
    "start_timestamps": [
      "2026-07-23 16:53:54.213596+00:00",
      "2026-07-23 16:53:54.907098+00:00",
      "2026-07-23 16:53:55.037800+00:00",
      "2026-07-23 16:53:55.166398+00:00",
      "2026-07-23 16:53:55.698836+00:00",
      "2026-07-23 16:53:55.821239+00:00",
      "2026-07-23 16:53:55.948193+00:00"
    ]
  },
  "layout": {
    "scope": "page",
    "count": 3,
    "times": [
      0.13692283257842064,
      0.07832947373390198,
      0.02859907876700163
    ],
    "start_timestamps": [
      "2026-07-23 16:53:54.907198+00:00",
      "2026-07-23 16:53:55.948286+00:00",
      "2026-07-23 16:53:56.408854+00:00"
    ]
  },
  "table_structure": {
    "scope": "page",
    "count": 7,
    "times": [
      1.9866973161697388e-05,
      2.9696151614189148e-05,
      0.5399398058652878,
      2.8854236006736755e-05,
      0.6284991344437003,
      2.478715032339096e-05,
      1.79242342710495e-05
    ],
    "start_timestamps": [
      "2026-07-23 16:53:55.074151+00:00",
      "2026-07-23 16:53:56.403924+00:00",
      "2026-07-23 16:53:56.403958+00:00",
      "2026-07-23 16:53:56.943913+00:00",
      "2026-07-23 16:53:56.943945+00:00",
      "2026-07-23 16:53:57.572648+00:00",
      "2026-07-23 16:53:57.572676+00:00"
    ]
  },
  "page_assemble": {
    "scope": "page",
    "count": 7,
    "times": [
      0.00033779535442590714,
      0.0005263499915599823,
      0.0004115244373679161,
      0.000500882975757122,
      0.00028860289603471756,
      0.0003460608422756195,
      0.00039035454392433167
    ],
    "start_timestamps": [
      "2026-07-23 16:53:55.074223+00:00",
      "2026-07-23 16:53:57.572787+00:00",
      "2026-07-23 16:53:57.573349+00:00",
      "2026-07-23 16:53:57.573796+00:00",
      "2026-07-23 16:53:57.574317+00:00",
      "2026-07-23 16:53:57.574626+00:00",
      "2026-07-23 16:53:57.574990+00:00"
    ]
  },
  "doc_assemble": {
    "scope": "document",
    "count": 1,
    "times": [
      0.044674222357571125
    ],
    "start_timestamps": [
      "2026-07-23 16:53:57.575567+00:00"
    ]
  },
  "reading_order": {
    "scope": "document",
    "count": 1,
    "times": [
      0.04414653871208429
    ],
    "start_timestamps": [
      "2026-07-23 16:53:57.575651+00:00"
    ]
  },
  "doc_enrich": {
    "scope": "document",
    "count": 1,
    "times": [
      95.30165654886514
    ],
    "start_timestamps": [
      "2026-07-23 16:53:57.620272+00:00"
    ]
  }
}
All hyperlinked elements redacted in-memory.
Clean PDF conversion timings:
{
  "pipeline_total": {
    "scope": "document",
    "count": 1,
    "times": [
      99.65871986281127
    ],
    "start_timestamps": [
      "2026-07-23 16:55:32.994755+00:00"
    ]
  },
  "page_parse": {
    "scope": "page",
    "count": 7,
    "times": [
      0.12292759120464325,
      0.10246880911290646,
      0.09208108391612768,
      0.13612309005111456,
      0.17267097439616919,
      0.2243624646216631,
      0.09744440484791994
    ],
    "start_timestamps": [
      "2026-07-23 16:55:33.001296+00:00",
      "2026-07-23 16:55:33.124266+00:00",
      "2026-07-23 16:55:33.226775+00:00",
      "2026-07-23 16:55:33.318895+00:00",
      "2026-07-23 16:55:33.455058+00:00",
      "2026-07-23 16:55:33.627772+00:00",
      "2026-07-23 16:55:33.852174+00:00"
    ]
  },
  "ocr": {
    "scope": "page",
    "count": 7,
    "times": [
      0.7033005114644766,
      0.1335841128602624,
      0.1249749343842268,
      0.5346421152353287,
      0.1311242040246725,
      0.7157400455325842,
      0.13193643186241388
    ],
    "start_timestamps": [
      "2026-07-23 16:55:33.124658+00:00",
      "2026-07-23 16:55:33.828020+00:00",
      "2026-07-23 16:55:33.961618+00:00",
      "2026-07-23 16:55:34.086601+00:00",
      "2026-07-23 16:55:34.621272+00:00",
      "2026-07-23 16:55:34.752458+00:00",
      "2026-07-23 16:55:35.468210+00:00"
    ]
  },
  "layout": {
    "scope": "page",
    "count": 3,
    "times": [
      0.15626099985092878,
      0.07270588725805283,
      0.08100775815546513
    ],
    "start_timestamps": [
      "2026-07-23 16:55:33.828121+00:00",
      "2026-07-23 16:55:34.752548+00:00",
      "2026-07-23 16:55:35.600303+00:00"
    ]
  },
  "table_structure": {
    "scope": "page",
    "count": 7,
    "times": [
      2.2212043404579163e-05,
      3.074668347835541e-05,
      0.6753186024725437,
      3.1167641282081604e-05,
      0.6313132448121905,
      2.4425797164440155e-05,
      1.7753802239894867e-05
    ],
    "start_timestamps": [
      "2026-07-23 16:55:34.014600+00:00",
      "2026-07-23 16:55:35.464367+00:00",
      "2026-07-23 16:55:35.464449+00:00",
      "2026-07-23 16:55:36.139781+00:00",
      "2026-07-23 16:55:36.139815+00:00",
      "2026-07-23 16:55:36.771310+00:00",
      "2026-07-23 16:55:36.771338+00:00"
    ]
  },
  "page_assemble": {
    "scope": "page",
    "count": 7,
    "times": [
      0.00046459492295980453,
      0.000523085705935955,
      0.0004211617633700371,
      0.0004985276609659195,
      0.00028492603451013565,
      0.0003762878477573395,
      0.0003974083811044693
    ],
    "start_timestamps": [
      "2026-07-23 16:55:34.014717+00:00",
      "2026-07-23 16:55:36.771453+00:00",
      "2026-07-23 16:55:36.772013+00:00",
      "2026-07-23 16:55:36.772466+00:00",
      "2026-07-23 16:55:36.772985+00:00",
      "2026-07-23 16:55:36.773290+00:00",
      "2026-07-23 16:55:36.773685+00:00"
    ]
  },
  "doc_assemble": {
    "scope": "document",
    "count": 1,
    "times": [
      0.04468414466828108
    ],
    "start_timestamps": [
      "2026-07-23 16:55:36.774251+00:00"
    ]
  },
  "reading_order": {
    "scope": "document",
    "count": 1,
    "times": [
      0.04415236413478851
    ],
    "start_timestamps": [
      "2026-07-23 16:55:36.774374+00:00"
    ]
  },
  "doc_enrich": {
    "scope": "document",
    "count": 1,
    "times": [
      95.8344777179882
    ],
    "start_timestamps": [
      "2026-07-23 16:55:36.818962+00:00"
    ]
  }
}
Function parse_pdf took 198.7552 seconds to execute.
Running: get_tables
Function get_tables took 0.0001 seconds to execute.
Running: get_surrounding_paragraphs
Function get_surrounding_paragraphs took 0.0001 seconds to execute.
