Running: parse_pdf
Raw PDF conversion timings:
{
  "pipeline_total": {
    "scope": "document",
    "count": 1,
    "times": [
      238.45239906664938
    ],
    "start_timestamps": [
      "2026-07-23 15:59:20.501840+00:00"
    ]
  },
  "page_parse": {
    "scope": "page",
    "count": 8,
    "times": [
      0.17506082821637392,
      0.12731854990124702,
      0.2020131079480052,
      0.1685262117534876,
      0.13683082722127438,
      0.19205749686807394,
      0.17726012598723173,
      0.07836765982210636
    ],
    "start_timestamps": [
      "2026-07-23 15:59:20.506486+00:00",
      "2026-07-23 15:59:20.681583+00:00",
      "2026-07-23 15:59:20.808943+00:00",
      "2026-07-23 15:59:21.010996+00:00",
      "2026-07-23 15:59:21.179571+00:00",
      "2026-07-23 15:59:21.316458+00:00",
      "2026-07-23 15:59:21.508559+00:00",
      "2026-07-23 15:59:21.685886+00:00"
    ]
  },
  "ocr": {
    "scope": "page",
    "count": 8,
    "times": [
      4.114925137721002,
      2.67363631632179,
      2.8319994285702705,
      3.274400948546827,
      2.9155869176611304,
      3.4399929717183113,
      3.272624734789133,
      1.1254842961207032
    ],
    "start_timestamps": [
      "2026-07-23 15:59:20.681855+00:00",
      "2026-07-23 15:59:24.796933+00:00",
      "2026-07-23 15:59:27.470585+00:00",
      "2026-07-23 15:59:30.302599+00:00",
      "2026-07-23 15:59:33.577015+00:00",
      "2026-07-23 15:59:36.492618+00:00",
      "2026-07-23 15:59:39.932627+00:00",
      "2026-07-23 15:59:43.205267+00:00"
    ]
  },
  "layout": {
    "scope": "page",
    "count": 2,
    "times": [
      0.06068134214729071,
      0.09226539172232151
    ],
    "start_timestamps": [
      "2026-07-23 15:59:24.797033+00:00",
      "2026-07-23 15:59:44.330981+00:00"
    ]
  },
  "table_structure": {
    "scope": "page",
    "count": 8,
    "times": [
      2.9285438358783722e-05,
      3.444403409957886e-05,
      1.1952593922615051e-05,
      9.156763553619385e-06,
      6.932765245437622e-06,
      8.536502718925476e-06,
      1.0260380804538727e-05,
      6.321817636489868e-06
    ],
    "start_timestamps": [
      "2026-07-23 15:59:24.924065+00:00",
      "2026-07-23 15:59:44.662167+00:00",
      "2026-07-23 15:59:44.662208+00:00",
      "2026-07-23 15:59:44.662225+00:00",
      "2026-07-23 15:59:44.662237+00:00",
      "2026-07-23 15:59:44.662282+00:00",
      "2026-07-23 15:59:44.662295+00:00",
      "2026-07-23 15:59:44.662310+00:00"
    ]
  },
  "page_assemble": {
    "scope": "page",
    "count": 8,
    "times": [
      0.0004612281918525696,
      0.00035436637699604034,
      0.0002637961879372597,
      0.0002624746412038803,
      0.00019817333668470383,
      0.00018576905131340027,
      0.0002290811389684677,
      7.568206638097763e-05
    ],
    "start_timestamps": [
      "2026-07-23 15:59:24.924169+00:00",
      "2026-07-23 15:59:44.662387+00:00",
      "2026-07-23 15:59:44.662782+00:00",
      "2026-07-23 15:59:44.663066+00:00",
      "2026-07-23 15:59:44.663346+00:00",
      "2026-07-23 15:59:44.663563+00:00",
      "2026-07-23 15:59:44.663767+00:00",
      "2026-07-23 15:59:44.664014+00:00"
    ]
  },
  "doc_assemble": {
    "scope": "document",
    "count": 1,
    "times": [
      0.05541767366230488
    ],
    "start_timestamps": [
      "2026-07-23 15:59:44.664295+00:00"
    ]
  },
  "reading_order": {
    "scope": "document",
    "count": 1,
    "times": [
      0.05484612751752138
    ],
    "start_timestamps": [
      "2026-07-23 15:59:44.664439+00:00"
    ]
  },
  "doc_enrich": {
    "scope": "document",
    "count": 1,
    "times": [
      214.23445683624595
    ],
    "start_timestamps": [
      "2026-07-23 15:59:44.719746+00:00"
    ]
  }
}
All hyperlinked elements redacted in-memory.
Clean PDF conversion timings:
{
  "pipeline_total": {
    "scope": "document",
    "count": 1,
    "times": [
      237.85802298784256
    ],
    "start_timestamps": [
      "2026-07-23 16:03:19.041956+00:00"
    ]
  },
  "page_parse": {
    "scope": "page",
    "count": 8,
    "times": [
      0.1760704992339015,
      0.12807413935661316,
      0.2131799254566431,
      0.16975317243486643,
      0.25172245781868696,
      0.3968003708869219,
      0.20329233072698116,
      0.07891327515244484
    ],
    "start_timestamps": [
      "2026-07-23 16:03:19.046745+00:00",
      "2026-07-23 16:03:19.222855+00:00",
      "2026-07-23 16:03:19.350967+00:00",
      "2026-07-23 16:03:19.564188+00:00",
      "2026-07-23 16:03:19.733993+00:00",
      "2026-07-23 16:03:19.985763+00:00",
      "2026-07-23 16:03:20.382613+00:00",
      "2026-07-23 16:03:20.585945+00:00"
    ]
  },
  "ocr": {
    "scope": "page",
    "count": 8,
    "times": [
      4.1563258385285735,
      2.6414380380883813,
      2.8197912871837616,
      3.27337543759495,
      2.861894618719816,
      3.4025798942893744,
      3.2083234572783113,
      1.1283121025189757
    ],
    "start_timestamps": [
      "2026-07-23 16:03:19.223159+00:00",
      "2026-07-23 16:03:23.379617+00:00",
      "2026-07-23 16:03:26.021070+00:00",
      "2026-07-23 16:03:28.840876+00:00",
      "2026-07-23 16:03:32.114287+00:00",
      "2026-07-23 16:03:34.976197+00:00",
      "2026-07-23 16:03:38.378792+00:00",
      "2026-07-23 16:03:41.587132+00:00"
    ]
  },
  "layout": {
    "scope": "page",
    "count": 2,
    "times": [
      0.05940747261047363,
      0.08843837212771177
    ],
    "start_timestamps": [
      "2026-07-23 16:03:23.379699+00:00",
      "2026-07-23 16:03:42.715646+00:00"
    ]
  },
  "table_structure": {
    "scope": "page",
    "count": 8,
    "times": [
      2.8984621167182922e-05,
      3.255251795053482e-05,
      1.1000782251358032e-05,
      1.3825483620166779e-05,
      7.594935595989227e-06,
      9.12696123123169e-06,
      8.757226169109344e-06,
      6.812624633312225e-06
    ],
    "start_timestamps": [
      "2026-07-23 16:03:23.505315+00:00",
      "2026-07-23 16:03:43.041784+00:00",
      "2026-07-23 16:03:43.041822+00:00",
      "2026-07-23 16:03:43.041838+00:00",
      "2026-07-23 16:03:43.041856+00:00",
      "2026-07-23 16:03:43.041904+00:00",
      "2026-07-23 16:03:43.041917+00:00",
      "2026-07-23 16:03:43.041936+00:00"
    ]
  },
  "page_assemble": {
    "scope": "page",
    "count": 8,
    "times": [
      0.00045869313180446625,
      0.0004272637888789177,
      0.00028225127607584,
      0.00028726086020469666,
      0.00019356515258550644,
      0.00019840244203805923,
      0.0002278583124279976,
      7.479079067707062e-05
    ],
    "start_timestamps": [
      "2026-07-23 16:03:23.505428+00:00",
      "2026-07-23 16:03:43.042023+00:00",
      "2026-07-23 16:03:43.042493+00:00",
      "2026-07-23 16:03:43.042800+00:00",
      "2026-07-23 16:03:43.043105+00:00",
      "2026-07-23 16:03:43.043317+00:00",
      "2026-07-23 16:03:43.043535+00:00",
      "2026-07-23 16:03:43.043779+00:00"
    ]
  },
  "doc_assemble": {
    "scope": "document",
    "count": 1,
    "times": [
      0.05508831702172756
    ],
    "start_timestamps": [
      "2026-07-23 16:03:43.044076+00:00"
    ]
  },
  "reading_order": {
    "scope": "document",
    "count": 1,
    "times": [
      0.054377260617911816
    ],
    "start_timestamps": [
      "2026-07-23 16:03:43.044269+00:00"
    ]
  },
  "doc_enrich": {
    "scope": "document",
    "count": 1,
    "times": [
      213.80072902143002
    ],
    "start_timestamps": [
      "2026-07-23 16:03:43.099201+00:00"
    ]
  }
}
Function parse_pdf took 476.5442 seconds to execute.
Running: get_tables
Function get_tables took 0.0001 seconds to execute.
Running: get_surrounding_paragraphs
Function get_surrounding_paragraphs took 0.0001 seconds to execute.
