Running: parse_pdf
Raw PDF conversion timings:
{
  "pipeline_total": {
    "scope": "document",
    "count": 1,
    "times": [
      4.423311076126993
    ],
    "start_timestamps": [
      "2026-07-23 16:51:54.140008+00:00"
    ]
  },
  "page_parse": {
    "scope": "page",
    "count": 8,
    "times": [
      0.6275079809129238,
      0.14053737465292215,
      0.36027450300753117,
      0.21988518722355366,
      0.24550087470561266,
      0.1558995172381401,
      0.16637841425836086,
      0.16897823568433523
    ],
    "start_timestamps": [
      "2026-07-23 16:51:54.149039+00:00",
      "2026-07-23 16:51:54.776584+00:00",
      "2026-07-23 16:51:54.917162+00:00",
      "2026-07-23 16:51:55.277478+00:00",
      "2026-07-23 16:51:55.497414+00:00",
      "2026-07-23 16:51:55.742957+00:00",
      "2026-07-23 16:51:55.898898+00:00",
      "2026-07-23 16:51:56.065314+00:00"
    ]
  },
  "ocr": {
    "scope": "page",
    "count": 8,
    "times": [
      0.14324774406850338,
      0.3611834021285176,
      0.22066255006939173,
      0.24640035536140203,
      0.3205139534547925,
      1.5807217536494136,
      0.6712363315746188,
      0.1307157939299941
    ],
    "start_timestamps": [
      "2026-07-23 16:51:54.776676+00:00",
      "2026-07-23 16:51:54.919955+00:00",
      "2026-07-23 16:51:55.281168+00:00",
      "2026-07-23 16:51:55.501861+00:00",
      "2026-07-23 16:51:55.748287+00:00",
      "2026-07-23 16:51:56.068838+00:00",
      "2026-07-23 16:51:57.649577+00:00",
      "2026-07-23 16:51:58.320923+00:00"
    ]
  },
  "layout": {
    "scope": "page",
    "count": 6,
    "times": [
      0.5928062135353684,
      0.056895759887993336,
      0.06799209769815207,
      0.17693533655256033,
      0.030204550363123417,
      0.026333156041800976
    ],
    "start_timestamps": [
      "2026-07-23 16:51:54.920035+00:00",
      "2026-07-23 16:51:55.745644+00:00",
      "2026-07-23 16:51:55.850056+00:00",
      "2026-07-23 16:51:56.068898+00:00",
      "2026-07-23 16:51:58.320991+00:00",
      "2026-07-23 16:51:58.451752+00:00"
    ]
  },
  "table_structure": {
    "scope": "page",
    "count": 8,
    "times": [
      2.1330080926418304e-05,
      2.068839967250824e-05,
      8.176080882549286e-06,
      2.3012980818748474e-05,
      2.335384488105774e-05,
      2.3595057427883148e-05,
      8.926726877689362e-06,
      2.4575740098953247e-05
    ],
    "start_timestamps": [
      "2026-07-23 16:51:55.745762+00:00",
      "2026-07-23 16:51:55.850118+00:00",
      "2026-07-23 16:51:55.850144+00:00",
      "2026-07-23 16:51:55.956720+00:00",
      "2026-07-23 16:51:56.285424+00:00",
      "2026-07-23 16:51:58.373761+00:00",
      "2026-07-23 16:51:58.373789+00:00",
      "2026-07-23 16:51:58.525667+00:00"
    ]
  },
  "page_assemble": {
    "scope": "page",
    "count": 8,
    "times": [
      0.00029875244945287704,
      0.00032884813845157623,
      0.00017636269330978394,
      0.00029803067445755005,
      0.00033800583332777023,
      9.716302156448364e-05,
      0.0001494409516453743,
      0.0003772992640733719
    ],
    "start_timestamps": [
      "2026-07-23 16:51:55.745891+00:00",
      "2026-07-23 16:51:55.850202+00:00",
      "2026-07-23 16:51:55.850570+00:00",
      "2026-07-23 16:51:55.956782+00:00",
      "2026-07-23 16:51:56.285487+00:00",
      "2026-07-23 16:51:58.373842+00:00",
      "2026-07-23 16:51:58.373965+00:00",
      "2026-07-23 16:51:58.525782+00:00"
    ]
  },
  "doc_assemble": {
    "scope": "document",
    "count": 1,
    "times": [
      0.03419807367026806
    ],
    "start_timestamps": [
      "2026-07-23 16:51:58.526339+00:00"
    ]
  },
  "reading_order": {
    "scope": "document",
    "count": 1,
    "times": [
      0.033664049580693245
    ],
    "start_timestamps": [
      "2026-07-23 16:51:58.526434+00:00"
    ]
  },
  "doc_enrich": {
    "scope": "document",
    "count": 1,
    "times": [
      0.002747129648923874
    ],
    "start_timestamps": [
      "2026-07-23 16:51:58.560566+00:00"
    ]
  }
}
All hyperlinked elements redacted in-memory.
Clean PDF conversion timings:
{
  "pipeline_total": {
    "scope": "document",
    "count": 1,
    "times": [
      3.9180325837805867
    ],
    "start_timestamps": [
      "2026-07-23 16:51:58.632262+00:00"
    ]
  },
  "page_parse": {
    "scope": "page",
    "count": 8,
    "times": [
      0.15835823398083448,
      0.13496467750519514,
      0.35986593272536993,
      0.22048278246074915,
      0.24688068963587284,
      0.15517815109342337,
      0.16570439469069242,
      0.16528522595763206
    ],
    "start_timestamps": [
      "2026-07-23 16:51:58.639986+00:00",
      "2026-07-23 16:51:58.798392+00:00",
      "2026-07-23 16:51:58.933398+00:00",
      "2026-07-23 16:51:59.293307+00:00",
      "2026-07-23 16:51:59.513835+00:00",
      "2026-07-23 16:51:59.760765+00:00",
      "2026-07-23 16:51:59.915987+00:00",
      "2026-07-23 16:52:00.081728+00:00"
    ]
  },
  "ocr": {
    "scope": "page",
    "count": 8,
    "times": [
      0.1389802834019065,
      0.35940541699528694,
      0.22073134873062372,
      0.2484382102265954,
      0.31914927437901497,
      1.5422224570065737,
      0.6660141665488482,
      0.1452750964090228
    ],
    "start_timestamps": [
      "2026-07-23 16:51:58.798698+00:00",
      "2026-07-23 16:51:58.937711+00:00",
      "2026-07-23 16:51:59.297148+00:00",
      "2026-07-23 16:51:59.517915+00:00",
      "2026-07-23 16:51:59.766378+00:00",
      "2026-07-23 16:52:00.085561+00:00",
      "2026-07-23 16:52:01.627800+00:00",
      "2026-07-23 16:52:02.293899+00:00"
    ]
  },
  "layout": {
    "scope": "page",
    "count": 6,
    "times": [
      0.5919159296900034,
      0.0575044946745038,
      0.06662335246801376,
      0.17344637215137482,
      0.032411372289061546,
      0.026132327504456043
    ],
    "start_timestamps": [
      "2026-07-23 16:51:58.937792+00:00",
      "2026-07-23 16:51:59.763580+00:00",
      "2026-07-23 16:51:59.868505+00:00",
      "2026-07-23 16:52:00.085617+00:00",
      "2026-07-23 16:52:02.293962+00:00",
      "2026-07-23 16:52:02.439282+00:00"
    ]
  },
  "table_structure": {
    "scope": "page",
    "count": 8,
    "times": [
      2.167094498872757e-05,
      2.199225127696991e-05,
      8.354894816875458e-06,
      1.896638423204422e-05,
      2.1861866116523743e-05,
      2.336408942937851e-05,
      8.84663313627243e-06,
      2.005789428949356e-05
    ],
    "start_timestamps": [
      "2026-07-23 16:51:59.763832+00:00",
      "2026-07-23 16:51:59.868573+00:00",
      "2026-07-23 16:51:59.868602+00:00",
      "2026-07-23 16:51:59.972158+00:00",
      "2026-07-23 16:52:00.299693+00:00",
      "2026-07-23 16:52:02.348700+00:00",
      "2026-07-23 16:52:02.348728+00:00",
      "2026-07-23 16:52:02.513242+00:00"
    ]
  },
  "page_assemble": {
    "scope": "page",
    "count": 8,
    "times": [
      0.00030853040516376495,
      0.0003116363659501076,
      0.00020506605505943298,
      0.0003018965944647789,
      0.0003364831209182739,
      0.00011950545012950897,
      0.00015075411647558212,
      0.00038390234112739563
    ],
    "start_timestamps": [
      "2026-07-23 16:51:59.763919+00:00",
      "2026-07-23 16:51:59.868659+00:00",
      "2026-07-23 16:51:59.869002+00:00",
      "2026-07-23 16:51:59.972215+00:00",
      "2026-07-23 16:52:00.299752+00:00",
      "2026-07-23 16:52:02.348781+00:00",
      "2026-07-23 16:52:02.348929+00:00",
      "2026-07-23 16:52:02.513384+00:00"
    ]
  },
  "doc_assemble": {
    "scope": "document",
    "count": 1,
    "times": [
      0.03358994051814079
    ],
    "start_timestamps": [
      "2026-07-23 16:52:02.513971+00:00"
    ]
  },
  "reading_order": {
    "scope": "document",
    "count": 1,
    "times": [
      0.033100458793342113
    ],
    "start_timestamps": [
      "2026-07-23 16:52:02.514077+00:00"
    ]
  },
  "doc_enrich": {
    "scope": "document",
    "count": 1,
    "times": [
      0.002699337899684906
    ],
    "start_timestamps": [
      "2026-07-23 16:52:02.547589+00:00"
    ]
  }
}
Function parse_pdf took 8.7470 seconds to execute.
Running: get_tables
Function get_tables took 0.0001 seconds to execute.
Running: get_surrounding_paragraphs
Function get_surrounding_paragraphs took 0.0001 seconds to execute.
