Running: parse_pdf
Raw PDF conversion timings:
{
  "pipeline_total": {
    "scope": "document",
    "count": 1,
    "times": [
      250.72341637592763
    ],
    "start_timestamps": [
      "2026-07-17 17:35:26.922773+00:00"
    ]
  },
  "page_parse": {
    "scope": "page",
    "count": 8,
    "times": [
      0.17531747091561556,
      0.127623631618917,
      0.2029688972979784,
      0.1684512523934245,
      0.17774477787315845,
      0.19647009018808603,
      0.19462937768548727,
      0.13060278724879026
    ],
    "start_timestamps": [
      "2026-07-17 17:35:26.951287+00:00",
      "2026-07-17 17:35:27.126646+00:00",
      "2026-07-17 17:35:27.254311+00:00",
      "2026-07-17 17:35:27.457322+00:00",
      "2026-07-17 17:35:27.625825+00:00",
      "2026-07-17 17:35:27.803626+00:00",
      "2026-07-17 17:35:28.000148+00:00",
      "2026-07-17 17:35:28.194836+00:00"
    ]
  },
  "ocr": {
    "scope": "page",
    "count": 8,
    "times": [
      3.997492164373398,
      2.634925820864737,
      2.835883024148643,
      3.3013212457299232,
      2.9253783049061894,
      3.3985084891319275,
      3.229168082587421,
      1.0632761577144265
    ],
    "start_timestamps": [
      "2026-07-17 17:35:27.126836+00:00",
      "2026-07-17 17:35:31.124494+00:00",
      "2026-07-17 17:35:33.759437+00:00",
      "2026-07-17 17:35:36.595342+00:00",
      "2026-07-17 17:35:39.896685+00:00",
      "2026-07-17 17:35:42.822081+00:00",
      "2026-07-17 17:35:46.220647+00:00",
      "2026-07-17 17:35:49.449832+00:00"
    ]
  },
  "layout": {
    "scope": "page",
    "count": 2,
    "times": [
      0.0627583134919405,
      0.09877845458686352
    ],
    "start_timestamps": [
      "2026-07-17 17:35:31.124574+00:00",
      "2026-07-17 17:35:50.513377+00:00"
    ]
  },
  "table_structure": {
    "scope": "page",
    "count": 8,
    "times": [
      6.804801523685455e-05,
      6.886851042509079e-05,
      1.1311843991279602e-05,
      7.875263690948486e-06,
      7.08363950252533e-06,
      9.618699550628662e-06,
      1.0549090802669525e-05,
      6.130896508693695e-06
    ],
    "start_timestamps": [
      "2026-07-17 17:35:31.253371+00:00",
      "2026-07-17 17:35:50.848752+00:00",
      "2026-07-17 17:35:50.848826+00:00",
      "2026-07-17 17:35:50.848841+00:00",
      "2026-07-17 17:35:50.848853+00:00",
      "2026-07-17 17:35:50.848909+00:00",
      "2026-07-17 17:35:50.848924+00:00",
      "2026-07-17 17:35:50.848939+00:00"
    ]
  },
  "page_assemble": {
    "scope": "page",
    "count": 8,
    "times": [
      0.0006531383842229843,
      0.000830572098493576,
      0.00039188750088214874,
      0.00042048096656799316,
      0.00029997434467077255,
      0.0003015473484992981,
      0.000344347208738327,
      0.00011690892279148102
    ],
    "start_timestamps": [
      "2026-07-17 17:35:31.253553+00:00",
      "2026-07-17 17:35:50.849089+00:00",
      "2026-07-17 17:35:50.849994+00:00",
      "2026-07-17 17:35:50.850420+00:00",
      "2026-07-17 17:35:50.850860+00:00",
      "2026-07-17 17:35:50.851181+00:00",
      "2026-07-17 17:35:50.851504+00:00",
      "2026-07-17 17:35:50.851867+00:00"
    ]
  },
  "doc_assemble": {
    "scope": "document",
    "count": 1,
    "times": [
      0.05740353651344776
    ],
    "start_timestamps": [
      "2026-07-17 17:35:50.852354+00:00"
    ]
  },
  "reading_order": {
    "scope": "document",
    "count": 1,
    "times": [
      0.05637562461197376
    ],
    "start_timestamps": [
      "2026-07-17 17:35:50.852708+00:00"
    ]
  },
  "doc_enrich": {
    "scope": "document",
    "count": 1,
    "times": [
      226.7363268462941
    ],
    "start_timestamps": [
      "2026-07-17 17:35:50.909802+00:00"
    ]
  }
}
All hyperlinked elements redacted in-memory.
Clean PDF conversion timings:
{
  "pipeline_total": {
    "scope": "document",
    "count": 1,
    "times": [
      250.3671079557389
    ],
    "start_timestamps": [
      "2026-07-17 17:39:37.724002+00:00"
    ]
  },
  "page_parse": {
    "scope": "page",
    "count": 8,
    "times": [
      0.1776469685137272,
      0.12997151259332895,
      0.20020096004009247,
      0.16819086764007807,
      0.2473820149898529,
      0.3564836345613003,
      0.1718021621927619,
      0.0761719373986125
    ],
    "start_timestamps": [
      "2026-07-17 17:39:37.728879+00:00",
      "2026-07-17 17:39:37.906574+00:00",
      "2026-07-17 17:39:38.036586+00:00",
      "2026-07-17 17:39:38.236828+00:00",
      "2026-07-17 17:39:38.405071+00:00",
      "2026-07-17 17:39:38.652505+00:00",
      "2026-07-17 17:39:39.009041+00:00",
      "2026-07-17 17:39:39.180894+00:00"
    ]
  },
  "ocr": {
    "scope": "page",
    "count": 8,
    "times": [
      4.098465212620795,
      2.8046929389238358,
      2.918812799267471,
      3.273124447092414,
      2.956297792494297,
      3.3982786182314157,
      3.1955972211435437,
      1.0668654590845108
    ],
    "start_timestamps": [
      "2026-07-17 17:39:37.906647+00:00",
      "2026-07-17 17:39:42.005257+00:00",
      "2026-07-17 17:39:44.809967+00:00",
      "2026-07-17 17:39:47.728797+00:00",
      "2026-07-17 17:39:51.001971+00:00",
      "2026-07-17 17:39:53.958288+00:00",
      "2026-07-17 17:39:57.356584+00:00",
      "2026-07-17 17:40:00.552199+00:00"
    ]
  },
  "layout": {
    "scope": "page",
    "count": 2,
    "times": [
      0.0640709213912487,
      0.10041143000125885
    ],
    "start_timestamps": [
      "2026-07-17 17:39:42.005461+00:00",
      "2026-07-17 17:40:01.619326+00:00"
    ]
  },
  "table_structure": {
    "scope": "page",
    "count": 8,
    "times": [
      6.118509918451309e-05,
      0.00011084787547588348,
      3.1288713216781616e-05,
      2.8192996978759766e-05,
      2.8003007173538208e-05,
      2.3324042558670044e-05,
      2.7671456336975098e-05,
      1.4266930520534515e-05
    ],
    "start_timestamps": [
      "2026-07-17 17:39:42.134580+00:00",
      "2026-07-17 17:40:01.956481+00:00",
      "2026-07-17 17:40:01.956603+00:00",
      "2026-07-17 17:40:01.956641+00:00",
      "2026-07-17 17:40:01.956676+00:00",
      "2026-07-17 17:40:01.956783+00:00",
      "2026-07-17 17:40:01.956815+00:00",
      "2026-07-17 17:40:01.956850+00:00"
    ]
  },
  "page_assemble": {
    "scope": "page",
    "count": 8,
    "times": [
      0.0007930407300591469,
      0.0005053598433732986,
      0.00035843439400196075,
      0.000588076189160347,
      0.0002863183617591858,
      0.00027894508093595505,
      0.00032107438892126083,
      0.0001161377876996994
    ],
    "start_timestamps": [
      "2026-07-17 17:39:42.134784+00:00",
      "2026-07-17 17:40:01.956982+00:00",
      "2026-07-17 17:40:01.957531+00:00",
      "2026-07-17 17:40:01.957911+00:00",
      "2026-07-17 17:40:01.958519+00:00",
      "2026-07-17 17:40:01.958826+00:00",
      "2026-07-17 17:40:01.959124+00:00",
      "2026-07-17 17:40:01.959463+00:00"
    ]
  },
  "doc_assemble": {
    "scope": "document",
    "count": 1,
    "times": [
      0.05719846021384001
    ],
    "start_timestamps": [
      "2026-07-17 17:40:01.959952+00:00"
    ]
  },
  "reading_order": {
    "scope": "document",
    "count": 1,
    "times": [
      0.05646330863237381
    ],
    "start_timestamps": [
      "2026-07-17 17:40:01.960101+00:00"
    ]
  },
  "doc_enrich": {
    "scope": "document",
    "count": 1,
    "times": [
      226.07386085391045
    ],
    "start_timestamps": [
      "2026-07-17 17:40:02.017190+00:00"
    ]
  }
}
Function parse_pdf took 501.3116 seconds to execute.
Running: get_tables
Function get_tables took 0.0001 seconds to execute.
Running: get_surrounding_paragraphs
Function get_surrounding_paragraphs took 0.0001 seconds to execute.
