Running: parse_pdf
--- Logging error ---
Traceback (most recent call last):
  File "/mnt/iusers01/fatpou01/chem02/b07755hv/.local/lib/python3.12/site-packages/rapidocr/main.py", line 130, in run_ocr_steps
    cropped_img_list, det_res = self.detect_and_crop(img, op_record)
                                ^^^^^^^^^^^^^^^^^^^^^^^^^^^^^^^^^^^^
  File "/mnt/iusers01/fatpou01/chem02/b07755hv/.local/lib/python3.12/site-packages/rapidocr/main.py", line 298, in detect_and_crop
    raise RapidOCRError("The text detection result is empty")
rapidocr.main.RapidOCRError: The text detection result is empty

During handling of the above exception, another exception occurred:

Traceback (most recent call last):
  File "/mnt/iusers01/fatpou01/chem02/b07755hv/.conda/envs/env/lib/python3.12/logging/__init__.py", line 1163, in emit
    stream.write(msg + self.terminator)
  File "/mnt/iusers01/fatpou01/chem02/b07755hv/ChemistryExtract/src/chemstractor/lib/extractor.py", line 298, in write
    self.file.write(data)
ValueError: I/O operation on closed file.
Call stack:
  File "/mnt/iusers01/fatpou01/chem02/b07755hv/.conda/envs/env/lib/python3.12/threading.py", line 1030, in _bootstrap
    self._bootstrap_inner()
  File "/mnt/iusers01/fatpou01/chem02/b07755hv/.conda/envs/env/lib/python3.12/threading.py", line 1073, in _bootstrap_inner
    self.run()
  File "/mnt/iusers01/fatpou01/chem02/b07755hv/.conda/envs/env/lib/python3.12/threading.py", line 1010, in run
    self._target(*self._args, **self._kwargs)
  File "/mnt/iusers01/fatpou01/chem02/b07755hv/.local/lib/python3.12/site-packages/docling/pipeline/standard_pdf_pipeline.py", line 279, in _run
    processed = self._process_batch(batch)
  File "/mnt/iusers01/fatpou01/chem02/b07755hv/.local/lib/python3.12/site-packages/docling/pipeline/standard_pdf_pipeline.py", line 344, in _process_batch
    processed_pages = list(self.model(good[0].conv_res, pages))  # type: ignore[arg-type]
  File "/mnt/iusers01/fatpou01/chem02/b07755hv/.local/lib/python3.12/site-packages/docling/models/stages/ocr/rapid_ocr_model.py", line 491, in __call__
    result = self.reader(
  File "/mnt/iusers01/fatpou01/chem02/b07755hv/.local/lib/python3.12/site-packages/rapidocr/main.py", line 120, in __call__
    det_res, cls_res, rec_res, cropped_img_list = self.run_ocr_steps(img, op_record)
  File "/mnt/iusers01/fatpou01/chem02/b07755hv/.local/lib/python3.12/site-packages/rapidocr/main.py", line 132, in run_ocr_steps
    logger.warning(e)
Message: RapidOCRError('The text detection result is empty')
Arguments: ()
RapidOCR returned empty result!
Raw PDF conversion timings:
{
  "pipeline_total": {
    "scope": "document",
    "count": 1,
    "times": [
      209.2115345466882
    ],
    "start_timestamps": [
      "2026-07-23 16:08:40.724336+00:00"
    ]
  },
  "page_parse": {
    "scope": "page",
    "count": 114,
    "times": [
      0.07494124583899975,
      0.061680085957050323,
      0.02905032504349947,
      0.038522726856172085,
      0.03987418953329325,
      0.03858125675469637,
      0.051910845562815666,
      0.04119024518877268,
      0.04147106409072876,
      0.0693619679659605,
      0.04264603462070227,
      0.04975128173828125,
      0.044967361725866795,
      0.07793046999722719,
      0.11694768629968166,
      0.08446870092302561,
      0.11231407895684242,
      0.08462775032967329,
      0.07923444267362356,
      0.07583057880401611,
      0.08661472704261541,
      0.040252030827105045,
      0.06284375488758087,
      0.03604534640908241,
      0.061162310652434826,
      0.10327857080847025,
      0.07753624860197306,
      0.09491641726344824,
      0.09744031447917223,
      0.3916373308748007,
      0.07095887325704098,
      0.07962954603135586,
      0.06488275062292814,
      0.04140056204050779,
      0.04347855132073164,
      0.04347685631364584,
      0.04454648960381746,
      0.04292031191289425,
      0.04485824704170227,
      0.0487636448815465,
      0.10110742505639791,
      0.05361854936927557,
      0.04886395297944546,
      0.07707484066486359,
      0.0584628926590085,
      0.09649473614990711,
      0.06352562736719847,
      0.050487968139350414,
      0.09531423356384039,
      0.0696381963789463,
      0.13685509841889143,
      0.08859743643552065,
      0.09697795379906893,
      0.10438242368400097,
      0.09330146759748459,
      0.1279627187177539,
      0.09497758001089096,
      0.09002634510397911,
      0.11077703442424536,
      0.08919355738908052,
      0.09030607249587774,
      0.054246408864855766,
      0.04117702040821314,
      0.08309995383024216,
      0.048115573823451996,
      0.04727823846042156,
      0.030878505669534206,
      0.04279706720262766,
      0.0514289578422904,
      0.04701082594692707,
      0.04220833070576191,
      0.04000156931579113,
      0.04655688256025314,
      0.41497305780649185,
      0.05828172154724598,
      0.09589697979390621,
      0.10347916465252638,
      0.10077267326414585,
      0.10817420855164528,
      0.09837840870022774,
      0.12170964293181896,
      0.08097702916711569,
      0.09141148068010807,
      0.08611322287470102,
      0.08179119136184454,
      0.08876670524477959,
      0.0715553043410182,
      0.10553935170173645,
      0.05748941097408533,
      0.052952845580875874,
      0.04155481047928333,
      0.04324012156575918,
      0.043830872513353825,
      0.0386183662340045,
      0.04162131529301405,
      0.04084682930260897,
      0.03994675446301699,
      0.048674967139959335,
      0.04218549747020006,
      0.04974847659468651,
      0.04199327528476715,
      0.03740777913480997,
      0.1058462206274271,
      0.08749399334192276,
      0.06090689171105623,
      0.046135179698467255,
      0.11139391083270311,
      0.0887394780293107,
      0.06869134772568941,
      0.04835548624396324,
      0.06269035767763853,
      0.055350037291646004,
      0.05443064775317907,
      0.012208959087729454
    ],
    "start_timestamps": [
      "2026-07-23 16:08:40.729960+00:00",
      "2026-07-23 16:08:40.804935+00:00",
      "2026-07-23 16:08:40.866647+00:00",
      "2026-07-23 16:08:40.895729+00:00",
      "2026-07-23 16:08:40.934283+00:00",
      "2026-07-23 16:08:40.974196+00:00",
      "2026-07-23 16:08:41.012810+00:00",
      "2026-07-23 16:08:41.064757+00:00",
      "2026-07-23 16:08:41.105987+00:00",
      "2026-07-23 16:08:41.147495+00:00",
      "2026-07-23 16:08:41.216895+00:00",
      "2026-07-23 16:08:41.259574+00:00",
      "2026-07-23 16:08:41.309373+00:00",
      "2026-07-23 16:08:41.354388+00:00",
      "2026-07-23 16:08:41.432385+00:00",
      "2026-07-23 16:08:41.549379+00:00",
      "2026-07-23 16:08:41.633921+00:00",
      "2026-07-23 16:08:41.746291+00:00",
      "2026-07-23 16:08:41.830967+00:00",
      "2026-07-23 16:08:41.910246+00:00",
      "2026-07-23 16:08:41.986121+00:00",
      "2026-07-23 16:08:42.072778+00:00",
      "2026-07-23 16:08:42.113066+00:00",
      "2026-07-23 16:08:42.175949+00:00",
      "2026-07-23 16:08:42.212035+00:00",
      "2026-07-23 16:08:42.273239+00:00",
      "2026-07-23 16:08:42.376564+00:00",
      "2026-07-23 16:08:42.454147+00:00",
      "2026-07-23 16:08:42.549107+00:00",
      "2026-07-23 16:08:42.646599+00:00",
      "2026-07-23 16:08:43.038275+00:00",
      "2026-07-23 16:08:43.109282+00:00",
      "2026-07-23 16:08:43.188959+00:00",
      "2026-07-23 16:08:43.253885+00:00",
      "2026-07-23 16:08:43.295323+00:00",
      "2026-07-23 16:08:43.338838+00:00",
      "2026-07-23 16:08:43.382349+00:00",
      "2026-07-23 16:08:43.426932+00:00",
      "2026-07-23 16:08:43.469896+00:00",
      "2026-07-23 16:08:43.514796+00:00",
      "2026-07-23 16:08:43.588511+00:00",
      "2026-07-23 16:08:43.689665+00:00",
      "2026-07-23 16:08:43.743329+00:00",
      "2026-07-23 16:08:43.792232+00:00",
      "2026-07-23 16:08:43.869346+00:00",
      "2026-07-23 16:08:43.927852+00:00",
      "2026-07-23 16:08:44.024391+00:00",
      "2026-07-23 16:08:44.087963+00:00",
      "2026-07-23 16:08:44.138494+00:00",
      "2026-07-23 16:08:44.233857+00:00",
      "2026-07-23 16:08:44.303546+00:00",
      "2026-07-23 16:08:44.440465+00:00",
      "2026-07-23 16:08:44.529111+00:00",
      "2026-07-23 16:08:44.626179+00:00",
      "2026-07-23 16:08:44.730606+00:00",
      "2026-07-23 16:08:44.823954+00:00",
      "2026-07-23 16:08:44.952182+00:00",
      "2026-07-23 16:08:45.047263+00:00",
      "2026-07-23 16:08:45.137413+00:00",
      "2026-07-23 16:08:45.248364+00:00",
      "2026-07-23 16:08:45.337662+00:00",
      "2026-07-23 16:08:45.428001+00:00",
      "2026-07-23 16:08:45.482289+00:00",
      "2026-07-23 16:08:45.523506+00:00",
      "2026-07-23 16:08:45.606644+00:00",
      "2026-07-23 16:08:45.654804+00:00",
      "2026-07-23 16:08:45.702117+00:00",
      "2026-07-23 16:08:45.733027+00:00",
      "2026-07-23 16:08:45.775857+00:00",
      "2026-07-23 16:08:45.827330+00:00",
      "2026-07-23 16:08:45.874381+00:00",
      "2026-07-23 16:08:45.916628+00:00",
      "2026-07-23 16:08:45.956666+00:00",
      "2026-07-23 16:08:46.003263+00:00",
      "2026-07-23 16:08:46.418283+00:00",
      "2026-07-23 16:08:46.476609+00:00",
      "2026-07-23 16:08:46.572550+00:00",
      "2026-07-23 16:08:46.676072+00:00",
      "2026-07-23 16:08:46.776888+00:00",
      "2026-07-23 16:08:46.885104+00:00",
      "2026-07-23 16:08:46.983523+00:00",
      "2026-07-23 16:08:47.105276+00:00",
      "2026-07-23 16:08:47.186294+00:00",
      "2026-07-23 16:08:47.277757+00:00",
      "2026-07-23 16:08:47.363910+00:00",
      "2026-07-23 16:08:47.445752+00:00",
      "2026-07-23 16:08:47.534708+00:00",
      "2026-07-23 16:08:47.606449+00:00",
      "2026-07-23 16:08:47.712024+00:00",
      "2026-07-23 16:08:47.769556+00:00",
      "2026-07-23 16:08:47.822545+00:00",
      "2026-07-23 16:08:47.864135+00:00",
      "2026-07-23 16:08:47.907421+00:00",
      "2026-07-23 16:08:47.951287+00:00",
      "2026-07-23 16:08:47.989938+00:00",
      "2026-07-23 16:08:48.031591+00:00",
      "2026-07-23 16:08:48.072469+00:00",
      "2026-07-23 16:08:48.112449+00:00",
      "2026-07-23 16:08:48.161156+00:00",
      "2026-07-23 16:08:48.203374+00:00",
      "2026-07-23 16:08:48.253154+00:00",
      "2026-07-23 16:08:48.295185+00:00",
      "2026-07-23 16:08:48.332647+00:00",
      "2026-07-23 16:08:48.438534+00:00",
      "2026-07-23 16:08:48.526068+00:00",
      "2026-07-23 16:08:48.587011+00:00",
      "2026-07-23 16:08:48.633184+00:00",
      "2026-07-23 16:08:48.744621+00:00",
      "2026-07-23 16:08:48.833413+00:00",
      "2026-07-23 16:08:48.902145+00:00",
      "2026-07-23 16:08:48.950548+00:00",
      "2026-07-23 16:08:49.013278+00:00",
      "2026-07-23 16:08:49.068670+00:00",
      "2026-07-23 16:08:49.123132+00:00"
    ]
  },
  "ocr": {
    "scope": "page",
    "count": 114,
    "times": [
      0.13487565703690052,
      0.08532405924052,
      0.08320646453648806,
      0.1096781101077795,
      2.03705670312047,
      0.08605523500591516,
      2.10139930061996,
      0.16519102919846773,
      0.09930560365319252,
      0.07750742230564356,
      0.09188334923237562,
      1.850013393908739,
      0.0991065176203847,
      0.08469466399401426,
      0.08370919059962034,
      0.08150724694132805,
      0.0881287744268775,
      0.9630214832723141,
      0.07387856673449278,
      0.40151148848235607,
      0.07334463391453028,
      0.08164392784237862,
      0.07972123008221388,
      0.29784205090254545,
      0.07869878690689802,
      0.07952976040542126,
      0.0774381747469306,
      0.07839845214039087,
      0.0765489125624299,
      0.0777910491451621,
      0.34553217701613903,
      0.07594722043722868,
      0.0738575579598546,
      0.29448411334306,
      0.07643753197044134,
      0.07330049015581608,
      0.07364814355969429,
      0.07761901617050171,
      0.07608996797353029,
      0.07823096681386232,
      0.07878629118204117,
      0.29275750555098057,
      0.08260019682347775,
      0.08212088514119387,
      0.0808342145755887,
      0.07734486926347017,
      0.07807690650224686,
      0.07669288292527199,
      0.4014704208821058,
      0.3658270509913564,
      0.08136509358882904,
      0.07554258778691292,
      0.6603153925389051,
      0.08103271760046482,
      0.07495749741792679,
      0.07908388134092093,
      0.07322049047797918,
      0.07467920426279306,
      1.2245137952268124,
      1.0847715390846133,
      0.07524827495217323,
      0.6705212639644742,
      0.07702604029327631,
      1.153367248363793,
      0.07491821330040693,
      0.31926276348531246,
      1.5593196218833327,
      0.08012513071298599,
      1.7975868955254555,
      0.0983635950833559,
      0.07650294620543718,
      0.6532295793294907,
      0.6423308057710528,
      0.8755728034302592,
      0.26550627313554287,
      0.41466340236365795,
      0.3834727592766285,
      0.9082282232120633,
      0.07646372262388468,
      0.8639522911980748,
      0.9075727500021458,
      1.997587364166975,
      0.0758403092622757,
      0.5164831196889281,
      0.5944919092580676,
      1.012600913643837,
      0.07366693019866943,
      0.7090111803263426,
      0.581688180565834,
      0.7312663309276104,
      0.08045359887182713,
      0.07504803780466318,
      0.07693197298794985,
      0.4481544252485037,
      0.23867907002568245,
      0.07524635083973408,
      0.0788258258253336,
      0.4249840909615159,
      0.07384014595299959,
      0.42009803652763367,
      0.07636909373104572,
      0.22516523394733667,
      0.47330421209335327,
      0.07699814718216658,
      0.8600003561004996,
      0.5562603594735265,
      0.46583034098148346,
      0.07891746796667576,
      0.0795243801549077,
      0.07781028468161821,
      0.0757757369428873,
      0.08373572304844856,
      0.07814329117536545,
      0.07280133105814457
    ],
    "start_timestamps": [
      "2026-07-23 16:08:40.805024+00:00",
      "2026-07-23 16:08:40.939932+00:00",
      "2026-07-23 16:08:41.025273+00:00",
      "2026-07-23 16:08:41.108490+00:00",
      "2026-07-23 16:08:41.218203+00:00",
      "2026-07-23 16:08:43.255271+00:00",
      "2026-07-23 16:08:43.341337+00:00",
      "2026-07-23 16:08:45.442750+00:00",
      "2026-07-23 16:08:45.607951+00:00",
      "2026-07-23 16:08:45.707269+00:00",
      "2026-07-23 16:08:45.784877+00:00",
      "2026-07-23 16:08:45.876771+00:00",
      "2026-07-23 16:08:47.726798+00:00",
      "2026-07-23 16:08:47.825916+00:00",
      "2026-07-23 16:08:47.910622+00:00",
      "2026-07-23 16:08:47.994342+00:00",
      "2026-07-23 16:08:48.075862+00:00",
      "2026-07-23 16:08:48.164002+00:00",
      "2026-07-23 16:08:49.127034+00:00",
      "2026-07-23 16:08:49.200923+00:00",
      "2026-07-23 16:08:49.602451+00:00",
      "2026-07-23 16:08:49.675804+00:00",
      "2026-07-23 16:08:49.757457+00:00",
      "2026-07-23 16:08:49.837187+00:00",
      "2026-07-23 16:08:50.135046+00:00",
      "2026-07-23 16:08:50.213753+00:00",
      "2026-07-23 16:08:50.293292+00:00",
      "2026-07-23 16:08:50.370739+00:00",
      "2026-07-23 16:08:50.449147+00:00",
      "2026-07-23 16:08:50.525704+00:00",
      "2026-07-23 16:08:50.603504+00:00",
      "2026-07-23 16:08:50.949058+00:00",
      "2026-07-23 16:08:51.025014+00:00",
      "2026-07-23 16:08:51.098880+00:00",
      "2026-07-23 16:08:51.393381+00:00",
      "2026-07-23 16:08:51.469827+00:00",
      "2026-07-23 16:08:51.543136+00:00",
      "2026-07-23 16:08:51.616794+00:00",
      "2026-07-23 16:08:51.694423+00:00",
      "2026-07-23 16:08:51.770522+00:00",
      "2026-07-23 16:08:51.848763+00:00",
      "2026-07-23 16:08:51.927559+00:00",
      "2026-07-23 16:08:52.220333+00:00",
      "2026-07-23 16:08:52.302941+00:00",
      "2026-07-23 16:08:52.385072+00:00",
      "2026-07-23 16:08:52.465915+00:00",
      "2026-07-23 16:08:52.543269+00:00",
      "2026-07-23 16:08:52.621355+00:00",
      "2026-07-23 16:08:52.698056+00:00",
      "2026-07-23 16:08:53.099544+00:00",
      "2026-07-23 16:08:53.465388+00:00",
      "2026-07-23 16:08:53.546768+00:00",
      "2026-07-23 16:08:53.622319+00:00",
      "2026-07-23 16:08:54.282654+00:00",
      "2026-07-23 16:08:54.363695+00:00",
      "2026-07-23 16:08:54.438661+00:00",
      "2026-07-23 16:08:54.517754+00:00",
      "2026-07-23 16:08:54.590983+00:00",
      "2026-07-23 16:08:54.665671+00:00",
      "2026-07-23 16:08:55.890201+00:00",
      "2026-07-23 16:08:56.974990+00:00",
      "2026-07-23 16:08:57.050247+00:00",
      "2026-07-23 16:08:57.720785+00:00",
      "2026-07-23 16:08:57.797820+00:00",
      "2026-07-23 16:08:58.951204+00:00",
      "2026-07-23 16:08:59.026132+00:00",
      "2026-07-23 16:08:59.345420+00:00",
      "2026-07-23 16:09:00.904755+00:00",
      "2026-07-23 16:09:00.985086+00:00",
      "2026-07-23 16:09:02.782689+00:00",
      "2026-07-23 16:09:02.881066+00:00",
      "2026-07-23 16:09:02.957582+00:00",
      "2026-07-23 16:09:03.610830+00:00",
      "2026-07-23 16:09:04.253178+00:00",
      "2026-07-23 16:09:05.128766+00:00",
      "2026-07-23 16:09:05.394289+00:00",
      "2026-07-23 16:09:05.808969+00:00",
      "2026-07-23 16:09:06.192459+00:00",
      "2026-07-23 16:09:07.100702+00:00",
      "2026-07-23 16:09:07.177175+00:00",
      "2026-07-23 16:09:08.041144+00:00",
      "2026-07-23 16:09:08.948733+00:00",
      "2026-07-23 16:09:10.946336+00:00",
      "2026-07-23 16:09:11.022184+00:00",
      "2026-07-23 16:09:11.538685+00:00",
      "2026-07-23 16:09:12.133193+00:00",
      "2026-07-23 16:09:13.145809+00:00",
      "2026-07-23 16:09:13.219484+00:00",
      "2026-07-23 16:09:13.928523+00:00",
      "2026-07-23 16:09:14.510216+00:00",
      "2026-07-23 16:09:15.241498+00:00",
      "2026-07-23 16:09:15.321960+00:00",
      "2026-07-23 16:09:15.397017+00:00",
      "2026-07-23 16:09:15.473959+00:00",
      "2026-07-23 16:09:15.922131+00:00",
      "2026-07-23 16:09:16.160825+00:00",
      "2026-07-23 16:09:16.236080+00:00",
      "2026-07-23 16:09:16.314915+00:00",
      "2026-07-23 16:09:16.739916+00:00",
      "2026-07-23 16:09:16.813765+00:00",
      "2026-07-23 16:09:17.233881+00:00",
      "2026-07-23 16:09:17.310258+00:00",
      "2026-07-23 16:09:17.535442+00:00",
      "2026-07-23 16:09:18.008762+00:00",
      "2026-07-23 16:09:18.085769+00:00",
      "2026-07-23 16:09:18.945787+00:00",
      "2026-07-23 16:09:19.502064+00:00",
      "2026-07-23 16:09:19.967909+00:00",
      "2026-07-23 16:09:20.046834+00:00",
      "2026-07-23 16:09:20.126376+00:00",
      "2026-07-23 16:09:20.204194+00:00",
      "2026-07-23 16:09:20.279979+00:00",
      "2026-07-23 16:09:20.363724+00:00",
      "2026-07-23 16:09:20.441876+00:00"
    ]
  },
  "layout": {
    "scope": "page",
    "count": 5,
    "times": [
      0.21298420149832964,
      0.3842841377481818,
      0.6948239766061306,
      0.651492222212255,
      0.40979785844683647
    ],
    "start_timestamps": [
      "2026-07-23 16:08:40.940074+00:00",
      "2026-07-23 16:08:41.264721+00:00",
      "2026-07-23 16:08:45.785059+00:00",
      "2026-07-23 16:09:00.985507+00:00",
      "2026-07-23 16:09:20.515172+00:00"
    ]
  },
  "table_structure": {
    "scope": "page",
    "count": 114,
    "times": [
      4.17561109829694,
      2.2848095474764705,
      1.3960187416523695,
      2.2201798856258392e-05,
      1.2683682143688202e-05,
      9.888783097267151e-06,
      8.945353329181671e-06,
      1.1262483894824982e-05,
      1.3355165719985962e-05,
      1.0198913514614105e-05,
      2.88449227809906e-05,
      1.4227814972400665e-05,
      1.2172386050224304e-05,
      7.573515176773071e-06,
      1.2203119695186615e-05,
      9.226612746715546e-06,
      7.704831659793854e-06,
      7.955357432365417e-06,
      7.584691047668457e-06,
      7.644295692443848e-06,
      6.07222318649292e-06,
      9.107403457164764e-06,
      9.83942300081253e-06,
      6.723217666149139e-06,
      1.0328367352485657e-05,
      1.630093902349472e-05,
      1.3476237654685974e-05,
      1.2122094631195068e-05,
      6.491318345069885e-06,
      6.381422281265259e-06,
      9.558163583278656e-06,
      0.2577705094590783,
      6.328895688056946e-05,
      2.22623348236084e-05,
      1.961737871170044e-05,
      8.907169103622437e-06,
      1.0600313544273376e-05,
      1.3295561075210571e-05,
      2.505723387002945e-05,
      1.4205463230609894e-05,
      1.1110678315162659e-05,
      6.161630153656006e-06,
      1.2123025953769684e-05,
      1.0088086128234863e-05,
      1.151207834482193e-05,
      1.145247370004654e-05,
      1.4507211744785309e-05,
      1.487787812948227e-05,
      1.3626180589199066e-05,
      1.1541880667209625e-05,
      0.4069597888737917,
      3.0085444450378418e-05,
      8.1649050116539e-06,
      0.4083765549585223,
      2.4636276066303253e-05,
      1.1942349374294281e-05,
      7.273629307746887e-06,
      6.972812116146088e-06,
      6.972812116146088e-06,
      6.211921572685242e-06,
      8.677132427692413e-06,
      6.381422281265259e-06,
      1.0209158062934875e-05,
      5.240552127361298e-06,
      6.021000444889069e-06,
      5.490146577358246e-06,
      5.8105215430259705e-06,
      0.5725188376381993,
      2.4355947971343994e-05,
      1.5288591384887695e-05,
      6.922520697116852e-06,
      5.880370736122131e-06,
      8.215196430683136e-06,
      5.339272320270538e-06,
      4.748813807964325e-06,
      4.789792001247406e-06,
      6.983056664466858e-06,
      5.048699676990509e-06,
      4.437752068042755e-06,
      4.168599843978882e-06,
      6.11133873462677e-06,
      4.928559064865112e-06,
      5.0086528062820435e-06,
      4.387460649013519e-06,
      5.470588803291321e-06,
      4.3371692299842834e-06,
      4.828907549381256e-06,
      4.699453711509705e-06,
      6.272457540035248e-06,
      5.058944225311279e-06,
      5.519948899745941e-06,
      1.4057382941246033e-05,
      5.931593477725983e-06,
      4.9388036131858826e-06,
      3.756023943424225e-06,
      3.546476364135742e-06,
      4.569068551063538e-06,
      3.577210009098053e-06,
      3.6973506212234497e-06,
      3.5567209124565125e-06,
      4.437752068042755e-06,
      3.5474076867103577e-06,
      3.39653342962265e-06,
      3.797002136707306e-06,
      4.147179424762726e-06,
      3.38628888130188e-06,
      3.4961849451065063e-06,
      3.6973506212234497e-06,
      1.2223608791828156e-05,
      1.1652708053588867e-05,
      7.664784789085388e-06,
      7.333233952522278e-06,
      6.6729262471199036e-06,
      3.2372772693634033e-06
    ],
    "start_timestamps": [
      "2026-07-23 16:08:41.264808+00:00",
      "2026-07-23 16:08:45.441846+00:00",
      "2026-07-23 16:08:47.726666+00:00",
      "2026-07-23 16:08:49.122700+00:00",
      "2026-07-23 16:08:49.122906+00:00",
      "2026-07-23 16:08:49.122922+00:00",
      "2026-07-23 16:08:49.122936+00:00",
      "2026-07-23 16:08:49.122948+00:00",
      "2026-07-23 16:08:49.122981+00:00",
      "2026-07-23 16:08:49.122998+00:00",
      "2026-07-23 16:09:02.819257+00:00",
      "2026-07-23 16:09:02.819292+00:00",
      "2026-07-23 16:09:02.819310+00:00",
      "2026-07-23 16:09:02.819327+00:00",
      "2026-07-23 16:09:02.819372+00:00",
      "2026-07-23 16:09:02.819389+00:00",
      "2026-07-23 16:09:02.819411+00:00",
      "2026-07-23 16:09:02.819422+00:00",
      "2026-07-23 16:09:02.819455+00:00",
      "2026-07-23 16:09:02.819466+00:00",
      "2026-07-23 16:09:02.819477+00:00",
      "2026-07-23 16:09:02.819487+00:00",
      "2026-07-23 16:09:02.819516+00:00",
      "2026-07-23 16:09:02.819530+00:00",
      "2026-07-23 16:09:02.819540+00:00",
      "2026-07-23 16:09:02.819554+00:00",
      "2026-07-23 16:09:02.819592+00:00",
      "2026-07-23 16:09:02.819610+00:00",
      "2026-07-23 16:09:02.819625+00:00",
      "2026-07-23 16:09:02.819636+00:00",
      "2026-07-23 16:09:02.819664+00:00",
      "2026-07-23 16:09:02.819678+00:00",
      "2026-07-23 16:09:03.077494+00:00",
      "2026-07-23 16:09:03.077556+00:00",
      "2026-07-23 16:09:03.078314+00:00",
      "2026-07-23 16:09:03.078338+00:00",
      "2026-07-23 16:09:03.078351+00:00",
      "2026-07-23 16:09:03.078365+00:00",
      "2026-07-23 16:09:03.078399+00:00",
      "2026-07-23 16:09:03.078428+00:00",
      "2026-07-23 16:09:03.078445+00:00",
      "2026-07-23 16:09:03.078460+00:00",
      "2026-07-23 16:09:03.078486+00:00",
      "2026-07-23 16:09:03.078501+00:00",
      "2026-07-23 16:09:03.078514+00:00",
      "2026-07-23 16:09:03.078529+00:00",
      "2026-07-23 16:09:03.078559+00:00",
      "2026-07-23 16:09:03.078577+00:00",
      "2026-07-23 16:09:03.078597+00:00",
      "2026-07-23 16:09:03.078614+00:00",
      "2026-07-23 16:09:03.078643+00:00",
      "2026-07-23 16:09:03.485623+00:00",
      "2026-07-23 16:09:03.485656+00:00",
      "2026-07-23 16:09:03.485671+00:00",
      "2026-07-23 16:09:03.894414+00:00",
      "2026-07-23 16:09:03.894442+00:00",
      "2026-07-23 16:09:03.894457+00:00",
      "2026-07-23 16:09:03.894468+00:00",
      "2026-07-23 16:09:03.894498+00:00",
      "2026-07-23 16:09:03.894509+00:00",
      "2026-07-23 16:09:03.894518+00:00",
      "2026-07-23 16:09:03.894530+00:00",
      "2026-07-23 16:09:03.894556+00:00",
      "2026-07-23 16:09:03.894569+00:00",
      "2026-07-23 16:09:03.894577+00:00",
      "2026-07-23 16:09:03.894587+00:00",
      "2026-07-23 16:09:03.894610+00:00",
      "2026-07-23 16:09:03.894619+00:00",
      "2026-07-23 16:09:21.330373+00:00",
      "2026-07-23 16:09:21.330437+00:00",
      "2026-07-23 16:09:21.330457+00:00",
      "2026-07-23 16:09:21.330469+00:00",
      "2026-07-23 16:09:21.330513+00:00",
      "2026-07-23 16:09:21.330525+00:00",
      "2026-07-23 16:09:21.330534+00:00",
      "2026-07-23 16:09:21.330543+00:00",
      "2026-07-23 16:09:21.330571+00:00",
      "2026-07-23 16:09:21.330588+00:00",
      "2026-07-23 16:09:21.330596+00:00",
      "2026-07-23 16:09:21.330604+00:00",
      "2026-07-23 16:09:21.330630+00:00",
      "2026-07-23 16:09:21.330640+00:00",
      "2026-07-23 16:09:21.330648+00:00",
      "2026-07-23 16:09:21.330656+00:00",
      "2026-07-23 16:09:21.330682+00:00",
      "2026-07-23 16:09:21.330691+00:00",
      "2026-07-23 16:09:21.330699+00:00",
      "2026-07-23 16:09:21.330707+00:00",
      "2026-07-23 16:09:21.330732+00:00",
      "2026-07-23 16:09:21.330742+00:00",
      "2026-07-23 16:09:21.330750+00:00",
      "2026-07-23 16:09:21.330759+00:00",
      "2026-07-23 16:09:21.330794+00:00",
      "2026-07-23 16:09:21.330803+00:00",
      "2026-07-23 16:09:21.330811+00:00",
      "2026-07-23 16:09:21.330818+00:00",
      "2026-07-23 16:09:21.330837+00:00",
      "2026-07-23 16:09:21.330844+00:00",
      "2026-07-23 16:09:21.330851+00:00",
      "2026-07-23 16:09:21.330857+00:00",
      "2026-07-23 16:09:21.330877+00:00",
      "2026-07-23 16:09:21.330884+00:00",
      "2026-07-23 16:09:21.330890+00:00",
      "2026-07-23 16:09:21.330896+00:00",
      "2026-07-23 16:09:21.330915+00:00",
      "2026-07-23 16:09:21.330922+00:00",
      "2026-07-23 16:09:21.330928+00:00",
      "2026-07-23 16:09:21.330934+00:00",
      "2026-07-23 16:09:21.330952+00:00",
      "2026-07-23 16:09:21.330968+00:00",
      "2026-07-23 16:09:21.330983+00:00",
      "2026-07-23 16:09:21.330994+00:00",
      "2026-07-23 16:09:21.331017+00:00",
      "2026-07-23 16:09:21.331027+00:00"
    ]
  },
  "page_assemble": {
    "scope": "page",
    "count": 114,
    "times": [
      5.628541111946106e-05,
      0.0001275995746254921,
      8.451845496892929e-05,
      0.00012563541531562805,
      0.0001420769840478897,
      0.00013931188732385635,
      0.00017240457236766815,
      0.00026381760835647583,
      0.00021598674356937408,
      0.00020671915262937546,
      0.00023836735635995865,
      0.0001589590683579445,
      0.0002012578770518303,
      0.0001478279009461403,
      0.00019384361803531647,
      0.0001667039468884468,
      0.000134333036839962,
      0.00012569688260555267,
      0.00013714749366044998,
      0.0003018472343683243,
      0.0001339418813586235,
      0.00017736386507749557,
      0.00018661096692085266,
      8.868612349033356e-05,
      0.00026984699070453644,
      0.00019611883908510208,
      0.00021515507251024246,
      0.0001959390938282013,
      0.00014190655201673508,
      0.0001411857083439827,
      0.00032445043325424194,
      0.00014184694737195969,
      0.000149410218000412,
      0.00022901035845279694,
      0.0002491092309355736,
      0.0001652296632528305,
      0.00016438867896795273,
      0.00026264507323503494,
      0.00025742407888174057,
      0.00032555218786001205,
      0.0002719014883041382,
      0.00012436509132385254,
      0.0003942204639315605,
      0.0001893565058708191,
      0.00023514311760663986,
      0.00023211538791656494,
      0.0002345610409975052,
      0.0002517234534025192,
      0.00017988868057727814,
      0.0001672450453042984,
      0.00023061316460371017,
      0.0002537081018090248,
      8.384790271520615e-05,
      0.00013669859617948532,
      0.0001994958147406578,
      0.00020397361367940903,
      0.00012467429041862488,
      0.00014274939894676208,
      8.966866880655289e-05,
      8.423812687397003e-05,
      0.0001653609797358513,
      0.0001429487019777298,
      0.00016443897038698196,
      7.811654359102249e-05,
      0.00015160534530878067,
      0.00014457199722528458,
      0.00012593716382980347,
      0.00011235196143388748,
      0.00013386178761720657,
      0.00016800686717033386,
      0.00013366062194108963,
      0.00012301094830036163,
      0.0001057283952832222,
      0.00010979734361171722,
      0.00028091762214899063,
      8.361786603927612e-05,
      0.0001203557476401329,
      8.079223334789276e-05,
      0.00012662913650274277,
      6.984174251556396e-05,
      6.186682730913162e-05,
      4.1167251765728e-05,
      0.00015864893794059753,
      0.00011151004582643509,
      6.380956619977951e-05,
      5.809962749481201e-05,
      0.00013736821711063385,
      0.00011504720896482468,
      0.0001856992021203041,
      9.385589510202408e-05,
      0.000170169398188591,
      0.0001435503363609314,
      0.0001480085775256157,
      8.459854871034622e-05,
      0.00014013424515724182,
      0.0001284414902329445,
      0.00011719949543476105,
      8.149445056915283e-05,
      0.00014226790517568588,
      0.0001194654032588005,
      0.00012649782001972198,
      0.00010227318853139877,
      9.397696703672409e-05,
      0.00014333892613649368,
      8.304603397846222e-05,
      9.731296449899673e-05,
      9.837467223405838e-05,
      0.0001704096794128418,
      0.00016372743993997574,
      0.00023216567933559418,
      0.00018476787954568863,
      0.0001893751323223114,
      0.00016632303595542908,
      3.9674341678619385e-06
    ],
    "start_timestamps": [
      "2026-07-23 16:08:45.441976+00:00",
      "2026-07-23 16:08:49.123313+00:00",
      "2026-07-23 16:08:49.123470+00:00",
      "2026-07-23 16:08:49.123575+00:00",
      "2026-07-23 16:08:49.123718+00:00",
      "2026-07-23 16:08:49.123878+00:00",
      "2026-07-23 16:08:49.124036+00:00",
      "2026-07-23 16:08:49.124226+00:00",
      "2026-07-23 16:08:49.124508+00:00",
      "2026-07-23 16:08:49.124742+00:00",
      "2026-07-23 16:09:02.820261+00:00",
      "2026-07-23 16:09:02.820528+00:00",
      "2026-07-23 16:09:02.820707+00:00",
      "2026-07-23 16:09:02.820927+00:00",
      "2026-07-23 16:09:02.821092+00:00",
      "2026-07-23 16:09:02.821304+00:00",
      "2026-07-23 16:09:02.821490+00:00",
      "2026-07-23 16:09:02.821642+00:00",
      "2026-07-23 16:09:02.821784+00:00",
      "2026-07-23 16:09:02.821938+00:00",
      "2026-07-23 16:09:02.822256+00:00",
      "2026-07-23 16:09:02.822411+00:00",
      "2026-07-23 16:09:02.822604+00:00",
      "2026-07-23 16:09:02.822808+00:00",
      "2026-07-23 16:09:02.822911+00:00",
      "2026-07-23 16:09:02.823198+00:00",
      "2026-07-23 16:09:02.823419+00:00",
      "2026-07-23 16:09:02.823651+00:00",
      "2026-07-23 16:09:02.823863+00:00",
      "2026-07-23 16:09:02.824020+00:00",
      "2026-07-23 16:09:03.092566+00:00",
      "2026-07-23 16:09:03.092939+00:00",
      "2026-07-23 16:09:03.093105+00:00",
      "2026-07-23 16:09:03.093276+00:00",
      "2026-07-23 16:09:03.093526+00:00",
      "2026-07-23 16:09:03.093795+00:00",
      "2026-07-23 16:09:03.093978+00:00",
      "2026-07-23 16:09:03.094160+00:00",
      "2026-07-23 16:09:03.094441+00:00",
      "2026-07-23 16:09:03.094716+00:00",
      "2026-07-23 16:09:03.095059+00:00",
      "2026-07-23 16:09:03.095349+00:00",
      "2026-07-23 16:09:03.095491+00:00",
      "2026-07-23 16:09:03.095905+00:00",
      "2026-07-23 16:09:03.096113+00:00",
      "2026-07-23 16:09:03.096365+00:00",
      "2026-07-23 16:09:03.096617+00:00",
      "2026-07-23 16:09:03.096870+00:00",
      "2026-07-23 16:09:03.097138+00:00",
      "2026-07-23 16:09:03.097336+00:00",
      "2026-07-23 16:09:03.903448+00:00",
      "2026-07-23 16:09:03.903724+00:00",
      "2026-07-23 16:09:03.903999+00:00",
      "2026-07-23 16:09:03.904103+00:00",
      "2026-07-23 16:09:03.904260+00:00",
      "2026-07-23 16:09:03.904480+00:00",
      "2026-07-23 16:09:03.904703+00:00",
      "2026-07-23 16:09:03.904845+00:00",
      "2026-07-23 16:09:03.905004+00:00",
      "2026-07-23 16:09:03.905112+00:00",
      "2026-07-23 16:09:03.905212+00:00",
      "2026-07-23 16:09:03.905394+00:00",
      "2026-07-23 16:09:03.905554+00:00",
      "2026-07-23 16:09:03.905736+00:00",
      "2026-07-23 16:09:03.905831+00:00",
      "2026-07-23 16:09:03.906000+00:00",
      "2026-07-23 16:09:04.468010+00:00",
      "2026-07-23 16:09:04.468166+00:00",
      "2026-07-23 16:09:21.331087+00:00",
      "2026-07-23 16:09:21.331251+00:00",
      "2026-07-23 16:09:21.331439+00:00",
      "2026-07-23 16:09:21.331591+00:00",
      "2026-07-23 16:09:21.331732+00:00",
      "2026-07-23 16:09:21.331855+00:00",
      "2026-07-23 16:09:21.331981+00:00",
      "2026-07-23 16:09:21.332278+00:00",
      "2026-07-23 16:09:21.332376+00:00",
      "2026-07-23 16:09:21.332514+00:00",
      "2026-07-23 16:09:21.332610+00:00",
      "2026-07-23 16:09:21.332752+00:00",
      "2026-07-23 16:09:21.332838+00:00",
      "2026-07-23 16:09:21.332914+00:00",
      "2026-07-23 16:09:21.332970+00:00",
      "2026-07-23 16:09:21.333145+00:00",
      "2026-07-23 16:09:21.333273+00:00",
      "2026-07-23 16:09:21.333351+00:00",
      "2026-07-23 16:09:21.333425+00:00",
      "2026-07-23 16:09:21.333579+00:00",
      "2026-07-23 16:09:21.333711+00:00",
      "2026-07-23 16:09:21.333914+00:00",
      "2026-07-23 16:09:21.334024+00:00",
      "2026-07-23 16:09:21.334210+00:00",
      "2026-07-23 16:09:21.334370+00:00",
      "2026-07-23 16:09:21.334534+00:00",
      "2026-07-23 16:09:21.334635+00:00",
      "2026-07-23 16:09:21.334790+00:00",
      "2026-07-23 16:09:21.334934+00:00",
      "2026-07-23 16:09:21.335066+00:00",
      "2026-07-23 16:09:21.335163+00:00",
      "2026-07-23 16:09:21.335321+00:00",
      "2026-07-23 16:09:21.335457+00:00",
      "2026-07-23 16:09:21.335598+00:00",
      "2026-07-23 16:09:21.335716+00:00",
      "2026-07-23 16:09:21.335826+00:00",
      "2026-07-23 16:09:21.335987+00:00",
      "2026-07-23 16:09:21.336086+00:00",
      "2026-07-23 16:09:21.336198+00:00",
      "2026-07-23 16:09:21.336357+00:00",
      "2026-07-23 16:09:21.336546+00:00",
      "2026-07-23 16:09:21.336726+00:00",
      "2026-07-23 16:09:21.336975+00:00",
      "2026-07-23 16:09:21.337174+00:00",
      "2026-07-23 16:09:21.337380+00:00",
      "2026-07-23 16:09:21.337563+00:00"
    ]
  },
  "doc_assemble": {
    "scope": "document",
    "count": 1,
    "times": [
      0.36249850783497095
    ],
    "start_timestamps": [
      "2026-07-23 16:09:21.338072+00:00"
    ]
  },
  "reading_order": {
    "scope": "document",
    "count": 1,
    "times": [
      0.3606445901095867
    ],
    "start_timestamps": [
      "2026-07-23 16:09:21.338468+00:00"
    ]
  },
  "doc_enrich": {
    "scope": "document",
    "count": 1,
    "times": [
      168.23523300886154
    ],
    "start_timestamps": [
      "2026-07-23 16:09:21.700612+00:00"
    ]
  }
}
All hyperlinked elements redacted in-memory.
--- Logging error ---
Traceback (most recent call last):
  File "/mnt/iusers01/fatpou01/chem02/b07755hv/.local/lib/python3.12/site-packages/rapidocr/main.py", line 130, in run_ocr_steps
    cropped_img_list, det_res = self.detect_and_crop(img, op_record)
                                ^^^^^^^^^^^^^^^^^^^^^^^^^^^^^^^^^^^^
  File "/mnt/iusers01/fatpou01/chem02/b07755hv/.local/lib/python3.12/site-packages/rapidocr/main.py", line 298, in detect_and_crop
    raise RapidOCRError("The text detection result is empty")
rapidocr.main.RapidOCRError: The text detection result is empty

During handling of the above exception, another exception occurred:

Traceback (most recent call last):
  File "/mnt/iusers01/fatpou01/chem02/b07755hv/.conda/envs/env/lib/python3.12/logging/__init__.py", line 1163, in emit
    stream.write(msg + self.terminator)
  File "/mnt/iusers01/fatpou01/chem02/b07755hv/ChemistryExtract/src/chemstractor/lib/extractor.py", line 298, in write
    self.file.write(data)
ValueError: I/O operation on closed file.
Call stack:
  File "/mnt/iusers01/fatpou01/chem02/b07755hv/.conda/envs/env/lib/python3.12/threading.py", line 1030, in _bootstrap
    self._bootstrap_inner()
  File "/mnt/iusers01/fatpou01/chem02/b07755hv/.conda/envs/env/lib/python3.12/threading.py", line 1073, in _bootstrap_inner
    self.run()
  File "/mnt/iusers01/fatpou01/chem02/b07755hv/.conda/envs/env/lib/python3.12/threading.py", line 1010, in run
    self._target(*self._args, **self._kwargs)
  File "/mnt/iusers01/fatpou01/chem02/b07755hv/.local/lib/python3.12/site-packages/docling/pipeline/standard_pdf_pipeline.py", line 279, in _run
    processed = self._process_batch(batch)
  File "/mnt/iusers01/fatpou01/chem02/b07755hv/.local/lib/python3.12/site-packages/docling/pipeline/standard_pdf_pipeline.py", line 344, in _process_batch
    processed_pages = list(self.model(good[0].conv_res, pages))  # type: ignore[arg-type]
  File "/mnt/iusers01/fatpou01/chem02/b07755hv/.local/lib/python3.12/site-packages/docling/models/stages/ocr/rapid_ocr_model.py", line 491, in __call__
    result = self.reader(
  File "/mnt/iusers01/fatpou01/chem02/b07755hv/.local/lib/python3.12/site-packages/rapidocr/main.py", line 120, in __call__
    det_res, cls_res, rec_res, cropped_img_list = self.run_ocr_steps(img, op_record)
  File "/mnt/iusers01/fatpou01/chem02/b07755hv/.local/lib/python3.12/site-packages/rapidocr/main.py", line 132, in run_ocr_steps
    logger.warning(e)
Message: RapidOCRError('The text detection result is empty')
Arguments: ()
RapidOCR returned empty result!
Clean PDF conversion timings:
{
  "pipeline_total": {
    "scope": "document",
    "count": 1,
    "times": [
      208.83068370167166
    ],
    "start_timestamps": [
      "2026-07-23 16:12:10.631135+00:00"
    ]
  },
  "page_parse": {
    "scope": "page",
    "count": 114,
    "times": [
      0.07501001469790936,
      0.06142206769436598,
      0.029454669915139675,
      0.03711981326341629,
      0.040590391494333744,
      0.038364363834261894,
      0.051156824454665184,
      0.04221159312874079,
      0.04246587213128805,
      0.06584561057388783,
      0.052825563587248325,
      0.06879155430942774,
      0.08634474128484726,
      0.049154496751725674,
      0.04549891781061888,
      0.039737106300890446,
      0.09720337204635143,
      0.10008399188518524,
      0.09431599918752909,
      0.0741201899945736,
      0.0871999217197299,
      0.0961766904219985,
      0.09358285926282406,
      0.06387106608599424,
      0.08383132144808769,
      0.06684400979429483,
      0.06105745304375887,
      0.06314600259065628,
      0.05588292609900236,
      0.08802083414047956,
      0.09423025790601969,
      0.04741836991161108,
      0.06061113253235817,
      0.08187835849821568,
      0.08218351192772388,
      0.044225662015378475,
      0.0425269054248929,
      0.04126216657459736,
      0.04094339534640312,
      0.045410752296447754,
      0.48248960450291634,
      0.039074210450053215,
      0.09521180484443903,
      0.09574791323393583,
      0.047413730062544346,
      0.04278751648962498,
      0.09471127297729254,
      0.09085552766919136,
      0.07649654150009155,
      0.06114816293120384,
      0.14863666612654924,
      0.105527114123106,
      0.09493525419384241,
      0.16632974613457918,
      0.12136752903461456,
      0.08847229555249214,
      0.11164417397230864,
      0.08556648716330528,
      0.07500986382365227,
      0.06471813004463911,
      0.06978749856352806,
      0.04627141263335943,
      0.03858677297830582,
      0.06073005683720112,
      0.04492311459034681,
      0.046860761009156704,
      0.03215549048036337,
      0.04281311482191086,
      0.049489205703139305,
      0.06339618191123009,
      0.041536832228302956,
      0.06788768339902163,
      0.08541336935013533,
      0.06856398656964302,
      0.06800491455942392,
      0.07566943485289812,
      0.03850474767386913,
      0.055993543937802315,
      0.0908723110333085,
      0.09842351730912924,
      0.13945140410214663,
      0.12404751125723124,
      0.07227839529514313,
      0.0759857902303338,
      0.04299607779830694,
      0.07562907878309488,
      0.08059588447213173,
      0.10636414773762226,
      0.07479033060371876,
      0.04330553114414215,
      0.05055427923798561,
      0.04235588479787111,
      0.0403816606849432,
      0.03833627235144377,
      0.04031334072351456,
      0.04016678500920534,
      0.03975159488618374,
      0.046298351138830185,
      0.04280815552920103,
      0.04984313156455755,
      0.04259434249252081,
      0.036687059327960014,
      0.04497698601335287,
      0.04251288902014494,
      0.055758051574230194,
      0.044409649446606636,
      0.0854930691421032,
      0.06779685337096453,
      0.06712183263152838,
      0.08989358879625797,
      0.6011452600359917,
      0.0599125474691391,
      0.029281605035066605,
      0.009210780262947083
    ],
    "start_timestamps": [
      "2026-07-23 16:12:10.636498+00:00",
      "2026-07-23 16:12:10.711546+00:00",
      "2026-07-23 16:12:10.773003+00:00",
      "2026-07-23 16:12:10.802491+00:00",
      "2026-07-23 16:12:10.839643+00:00",
      "2026-07-23 16:12:10.880271+00:00",
      "2026-07-23 16:12:10.918671+00:00",
      "2026-07-23 16:12:10.969866+00:00",
      "2026-07-23 16:12:11.012118+00:00",
      "2026-07-23 16:12:11.054623+00:00",
      "2026-07-23 16:12:11.120507+00:00",
      "2026-07-23 16:12:11.173376+00:00",
      "2026-07-23 16:12:11.242222+00:00",
      "2026-07-23 16:12:11.328613+00:00",
      "2026-07-23 16:12:11.377815+00:00",
      "2026-07-23 16:12:11.423370+00:00",
      "2026-07-23 16:12:11.463163+00:00",
      "2026-07-23 16:12:11.560427+00:00",
      "2026-07-23 16:12:11.660581+00:00",
      "2026-07-23 16:12:11.754964+00:00",
      "2026-07-23 16:12:11.829127+00:00",
      "2026-07-23 16:12:11.916373+00:00",
      "2026-07-23 16:12:12.012619+00:00",
      "2026-07-23 16:12:12.106241+00:00",
      "2026-07-23 16:12:12.170154+00:00",
      "2026-07-23 16:12:12.254031+00:00",
      "2026-07-23 16:12:12.320919+00:00",
      "2026-07-23 16:12:12.382020+00:00",
      "2026-07-23 16:12:12.445210+00:00",
      "2026-07-23 16:12:12.501144+00:00",
      "2026-07-23 16:12:12.589207+00:00",
      "2026-07-23 16:12:12.683484+00:00",
      "2026-07-23 16:12:12.730945+00:00",
      "2026-07-23 16:12:12.791625+00:00",
      "2026-07-23 16:12:12.873548+00:00",
      "2026-07-23 16:12:12.955768+00:00",
      "2026-07-23 16:12:13.000032+00:00",
      "2026-07-23 16:12:13.042597+00:00",
      "2026-07-23 16:12:13.083895+00:00",
      "2026-07-23 16:12:13.124874+00:00",
      "2026-07-23 16:12:13.170330+00:00",
      "2026-07-23 16:12:13.652862+00:00",
      "2026-07-23 16:12:13.691994+00:00",
      "2026-07-23 16:12:13.787264+00:00",
      "2026-07-23 16:12:13.883219+00:00",
      "2026-07-23 16:12:13.930668+00:00",
      "2026-07-23 16:12:13.973497+00:00",
      "2026-07-23 16:12:14.068289+00:00",
      "2026-07-23 16:12:14.159191+00:00",
      "2026-07-23 16:12:14.235730+00:00",
      "2026-07-23 16:12:14.296921+00:00",
      "2026-07-23 16:12:14.445605+00:00",
      "2026-07-23 16:12:14.551178+00:00",
      "2026-07-23 16:12:14.646289+00:00",
      "2026-07-23 16:12:14.812732+00:00",
      "2026-07-23 16:12:14.934226+00:00",
      "2026-07-23 16:12:15.022790+00:00",
      "2026-07-23 16:12:15.134543+00:00",
      "2026-07-23 16:12:15.220144+00:00",
      "2026-07-23 16:12:15.295196+00:00",
      "2026-07-23 16:12:15.359951+00:00",
      "2026-07-23 16:12:15.429777+00:00",
      "2026-07-23 16:12:15.476089+00:00",
      "2026-07-23 16:12:15.514712+00:00",
      "2026-07-23 16:12:15.575476+00:00",
      "2026-07-23 16:12:15.620443+00:00",
      "2026-07-23 16:12:15.667353+00:00",
      "2026-07-23 16:12:15.699549+00:00",
      "2026-07-23 16:12:15.742396+00:00",
      "2026-07-23 16:12:15.791920+00:00",
      "2026-07-23 16:12:15.855361+00:00",
      "2026-07-23 16:12:15.896942+00:00",
      "2026-07-23 16:12:15.964878+00:00",
      "2026-07-23 16:12:16.050334+00:00",
      "2026-07-23 16:12:16.118952+00:00",
      "2026-07-23 16:12:16.186992+00:00",
      "2026-07-23 16:12:16.262694+00:00",
      "2026-07-23 16:12:16.301234+00:00",
      "2026-07-23 16:12:16.357261+00:00",
      "2026-07-23 16:12:16.448178+00:00",
      "2026-07-23 16:12:16.546648+00:00",
      "2026-07-23 16:12:16.686142+00:00",
      "2026-07-23 16:12:16.810234+00:00",
      "2026-07-23 16:12:16.882557+00:00",
      "2026-07-23 16:12:16.958580+00:00",
      "2026-07-23 16:12:17.001613+00:00",
      "2026-07-23 16:12:17.077276+00:00",
      "2026-07-23 16:12:17.157965+00:00",
      "2026-07-23 16:12:17.264566+00:00",
      "2026-07-23 16:12:17.339407+00:00",
      "2026-07-23 16:12:17.382743+00:00",
      "2026-07-23 16:12:17.433333+00:00",
      "2026-07-23 16:12:17.475727+00:00",
      "2026-07-23 16:12:17.516149+00:00",
      "2026-07-23 16:12:17.554517+00:00",
      "2026-07-23 16:12:17.594862+00:00",
      "2026-07-23 16:12:17.635059+00:00",
      "2026-07-23 16:12:17.674844+00:00",
      "2026-07-23 16:12:17.721176+00:00",
      "2026-07-23 16:12:17.764023+00:00",
      "2026-07-23 16:12:17.813906+00:00",
      "2026-07-23 16:12:17.856546+00:00",
      "2026-07-23 16:12:17.893275+00:00",
      "2026-07-23 16:12:17.938293+00:00",
      "2026-07-23 16:12:17.980851+00:00",
      "2026-07-23 16:12:18.036670+00:00",
      "2026-07-23 16:12:18.081114+00:00",
      "2026-07-23 16:12:18.166647+00:00",
      "2026-07-23 16:12:18.234488+00:00",
      "2026-07-23 16:12:18.301654+00:00",
      "2026-07-23 16:12:18.391599+00:00",
      "2026-07-23 16:12:18.992786+00:00",
      "2026-07-23 16:12:19.052735+00:00",
      "2026-07-23 16:12:19.082050+00:00"
    ]
  },
  "ocr": {
    "scope": "page",
    "count": 114,
    "times": [
      0.13311830814927816,
      0.08706038817763329,
      0.08307057153433561,
      0.11652265209704638,
      1.8163680117577314,
      0.09727182146161795,
      2.197168384678662,
      0.15680676884949207,
      0.12079415004700422,
      0.10521896369755268,
      0.07852293364703655,
      1.247353246435523,
      0.3553752927109599,
      0.0792204774916172,
      0.09402352012693882,
      0.07791635300964117,
      0.08061420917510986,
      1.3941367464140058,
      0.07390071731060743,
      0.38704171497374773,
      0.07362719159573317,
      0.07558624912053347,
      0.07429105136543512,
      0.30788755416870117,
      0.07519609481096268,
      0.07622179482132196,
      0.08241762220859528,
      0.07739986013621092,
      0.07385452929884195,
      0.07581677194684744,
      0.3593769036233425,
      0.07662081625312567,
      0.07510158699005842,
      0.17367910500615835,
      0.07589161302894354,
      0.07357753906399012,
      0.0738263176754117,
      0.07673014048486948,
      0.07865659613162279,
      0.07831975165754557,
      0.08364811819046736,
      0.30084255803376436,
      0.07754622679203749,
      0.07564374711364508,
      0.07606432773172855,
      0.07540622912347317,
      0.07763142697513103,
      0.07667914498597383,
      0.3955505443736911,
      0.3772636381909251,
      0.08193331118673086,
      0.0754381800070405,
      0.6785863991826773,
      0.07905751001089811,
      0.07942696567624807,
      0.07587766740471125,
      0.07358343061059713,
      0.07551291026175022,
      1.1738736424595118,
      1.0485638761892915,
      0.07465427462011576,
      0.6522225337103009,
      0.0748278209939599,
      1.124550729058683,
      0.0764855407178402,
      0.5278364261612296,
      2.935197946615517,
      0.07530632149428129,
      0.8249562904238701,
      0.07525271084159613,
      0.07584469579160213,
      0.37882719933986664,
      0.426672862842679,
      0.780906667932868,
      0.2661280510947108,
      0.4071582546457648,
      0.3790538851171732,
      0.8787521477788687,
      0.0738819520920515,
      0.8367241816595197,
      0.8783894870430231,
      1.902398712001741,
      0.07506051287055016,
      0.5088335871696472,
      0.5891363229602575,
      0.977118362672627,
      0.07726482953876257,
      0.6748203942552209,
      0.5823653945699334,
      0.7154898112639785,
      0.0755535401403904,
      0.07657132484018803,
      0.07439770642668009,
      0.42457186337560415,
      0.2409845106303692,
      0.07340937573462725,
      0.07546637579798698,
      0.4109310572966933,
      0.07510071899741888,
      0.4093253072351217,
      0.07713298127055168,
      0.21991976909339428,
      0.4693876411765814,
      0.07437813840806484,
      0.8431867463514209,
      0.5318730138242245,
      0.46429759357124567,
      0.07469185069203377,
      0.07353203650563955,
      0.07311295811086893,
      0.07702679373323917,
      0.07332072965800762,
      0.0732408594340086,
      0.07578593771904707
    ],
    "start_timestamps": [
      "2026-07-23 16:12:10.711601+00:00",
      "2026-07-23 16:12:10.844753+00:00",
      "2026-07-23 16:12:10.931827+00:00",
      "2026-07-23 16:12:11.014910+00:00",
      "2026-07-23 16:12:11.131470+00:00",
      "2026-07-23 16:12:12.947855+00:00",
      "2026-07-23 16:12:13.045137+00:00",
      "2026-07-23 16:12:15.242315+00:00",
      "2026-07-23 16:12:15.399135+00:00",
      "2026-07-23 16:12:15.519941+00:00",
      "2026-07-23 16:12:15.625257+00:00",
      "2026-07-23 16:12:15.703792+00:00",
      "2026-07-23 16:12:16.951163+00:00",
      "2026-07-23 16:12:17.306549+00:00",
      "2026-07-23 16:12:17.385782+00:00",
      "2026-07-23 16:12:17.479819+00:00",
      "2026-07-23 16:12:17.557746+00:00",
      "2026-07-23 16:12:17.638372+00:00",
      "2026-07-23 16:12:19.032526+00:00",
      "2026-07-23 16:12:19.106437+00:00",
      "2026-07-23 16:12:19.493496+00:00",
      "2026-07-23 16:12:19.567133+00:00",
      "2026-07-23 16:12:19.642727+00:00",
      "2026-07-23 16:12:19.717028+00:00",
      "2026-07-23 16:12:20.024933+00:00",
      "2026-07-23 16:12:20.100138+00:00",
      "2026-07-23 16:12:20.176369+00:00",
      "2026-07-23 16:12:20.258796+00:00",
      "2026-07-23 16:12:20.336205+00:00",
      "2026-07-23 16:12:20.410069+00:00",
      "2026-07-23 16:12:20.485895+00:00",
      "2026-07-23 16:12:20.845289+00:00",
      "2026-07-23 16:12:20.921918+00:00",
      "2026-07-23 16:12:20.997029+00:00",
      "2026-07-23 16:12:21.170725+00:00",
      "2026-07-23 16:12:21.246626+00:00",
      "2026-07-23 16:12:21.320212+00:00",
      "2026-07-23 16:12:21.394047+00:00",
      "2026-07-23 16:12:21.470786+00:00",
      "2026-07-23 16:12:21.549452+00:00",
      "2026-07-23 16:12:21.627781+00:00",
      "2026-07-23 16:12:21.711440+00:00",
      "2026-07-23 16:12:22.012299+00:00",
      "2026-07-23 16:12:22.089854+00:00",
      "2026-07-23 16:12:22.165507+00:00",
      "2026-07-23 16:12:22.241581+00:00",
      "2026-07-23 16:12:22.316996+00:00",
      "2026-07-23 16:12:22.394636+00:00",
      "2026-07-23 16:12:22.471324+00:00",
      "2026-07-23 16:12:22.866892+00:00",
      "2026-07-23 16:12:23.244172+00:00",
      "2026-07-23 16:12:23.326115+00:00",
      "2026-07-23 16:12:23.401563+00:00",
      "2026-07-23 16:12:24.080167+00:00",
      "2026-07-23 16:12:24.159234+00:00",
      "2026-07-23 16:12:24.238670+00:00",
      "2026-07-23 16:12:24.314557+00:00",
      "2026-07-23 16:12:24.388148+00:00",
      "2026-07-23 16:12:24.463670+00:00",
      "2026-07-23 16:12:25.637561+00:00",
      "2026-07-23 16:12:26.686139+00:00",
      "2026-07-23 16:12:26.760803+00:00",
      "2026-07-23 16:12:27.413043+00:00",
      "2026-07-23 16:12:27.487881+00:00",
      "2026-07-23 16:12:28.612449+00:00",
      "2026-07-23 16:12:28.689118+00:00",
      "2026-07-23 16:12:29.216973+00:00",
      "2026-07-23 16:12:32.152186+00:00",
      "2026-07-23 16:12:32.227502+00:00",
      "2026-07-23 16:12:33.052476+00:00",
      "2026-07-23 16:12:33.127738+00:00",
      "2026-07-23 16:12:33.203592+00:00",
      "2026-07-23 16:12:33.582437+00:00",
      "2026-07-23 16:12:34.009126+00:00",
      "2026-07-23 16:12:34.790050+00:00",
      "2026-07-23 16:12:35.056195+00:00",
      "2026-07-23 16:12:35.463370+00:00",
      "2026-07-23 16:12:35.842440+00:00",
      "2026-07-23 16:12:36.721208+00:00",
      "2026-07-23 16:12:36.795100+00:00",
      "2026-07-23 16:12:37.631841+00:00",
      "2026-07-23 16:12:38.510247+00:00",
      "2026-07-23 16:12:40.412662+00:00",
      "2026-07-23 16:12:40.487730+00:00",
      "2026-07-23 16:12:40.996582+00:00",
      "2026-07-23 16:12:41.585734+00:00",
      "2026-07-23 16:12:42.562870+00:00",
      "2026-07-23 16:12:42.640142+00:00",
      "2026-07-23 16:12:43.314980+00:00",
      "2026-07-23 16:12:43.897361+00:00",
      "2026-07-23 16:12:44.612869+00:00",
      "2026-07-23 16:12:44.688431+00:00",
      "2026-07-23 16:12:44.765011+00:00",
      "2026-07-23 16:12:44.839419+00:00",
      "2026-07-23 16:12:45.264008+00:00",
      "2026-07-23 16:12:45.505010+00:00",
      "2026-07-23 16:12:45.578428+00:00",
      "2026-07-23 16:12:45.653903+00:00",
      "2026-07-23 16:12:46.064852+00:00",
      "2026-07-23 16:12:46.139961+00:00",
      "2026-07-23 16:12:46.549304+00:00",
      "2026-07-23 16:12:46.626444+00:00",
      "2026-07-23 16:12:46.846382+00:00",
      "2026-07-23 16:12:47.315784+00:00",
      "2026-07-23 16:12:47.390171+00:00",
      "2026-07-23 16:12:48.233375+00:00",
      "2026-07-23 16:12:48.765265+00:00",
      "2026-07-23 16:12:49.229579+00:00",
      "2026-07-23 16:12:49.304279+00:00",
      "2026-07-23 16:12:49.377821+00:00",
      "2026-07-23 16:12:49.450943+00:00",
      "2026-07-23 16:12:49.527979+00:00",
      "2026-07-23 16:12:49.601308+00:00",
      "2026-07-23 16:12:49.674558+00:00"
    ]
  },
  "layout": {
    "scope": "page",
    "count": 5,
    "times": [
      0.21406235732138157,
      0.43860748782753944,
      0.33403978031128645,
      0.5789646860212088,
      0.435272584669292
    ],
    "start_timestamps": [
      "2026-07-23 16:12:10.844949+00:00",
      "2026-07-23 16:12:11.139178+00:00",
      "2026-07-23 16:12:15.625452+00:00",
      "2026-07-23 16:12:28.689498+00:00",
      "2026-07-23 16:12:49.750868+00:00"
    ]
  },
  "table_structure": {
    "scope": "page",
    "count": 114,
    "times": [
      4.099436852149665,
      2.0642379000782967,
      1.8268634798005223,
      1.7943792045116425e-05,
      1.3475306332111359e-05,
      1.0789372026920319e-05,
      9.609386324882507e-06,
      1.28941610455513e-05,
      1.3245269656181335e-05,
      1.1070631444454193e-05,
      2.922583371400833e-05,
      1.193210482597351e-05,
      1.2694858014583588e-05,
      7.663853466510773e-06,
      1.2182630598545074e-05,
      8.977018296718597e-06,
      8.285976946353912e-06,
      8.576549589633942e-06,
      8.315779268741608e-06,
      7.76536762714386e-06,
      7.1125105023384094e-06,
      1.0139308869838715e-05,
      1.0439194738864899e-05,
      6.922520697116852e-06,
      9.368173778057098e-06,
      1.0057352483272552e-05,
      1.247413456439972e-05,
      7.594004273414612e-06,
      4.427507519721985e-06,
      4.217028617858887e-06,
      5.900859832763672e-06,
      0.4596944935619831,
      2.577807754278183e-05,
      1.056864857673645e-05,
      1.4737248420715332e-05,
      7.0445239543914795e-06,
      7.75512307882309e-06,
      9.877607226371765e-06,
      1.2823380529880524e-05,
      1.0901130735874176e-05,
      9.638257324695587e-06,
      6.191432476043701e-06,
      9.697861969470978e-06,
      7.885508239269257e-06,
      9.007751941680908e-06,
      8.597038686275482e-06,
      1.0209158062934875e-05,
      1.0389834642410278e-05,
      1.1091120541095734e-05,
      8.11554491519928e-06,
      0.5557212736457586,
      3.578700125217438e-05,
      9.467825293540955e-06,
      0.3838504208251834,
      2.40253284573555e-05,
      1.1051073670387268e-05,
      6.46151602268219e-06,
      7.243826985359192e-06,
      7.063150405883789e-06,
      6.282702088356018e-06,
      7.845461368560791e-06,
      6.321817636489868e-06,
      9.368173778057098e-06,
      5.791895091533661e-06,
      6.441958248615265e-06,
      2.469681203365326e-05,
      7.893890142440796e-06,
      0.34926979523152113,
      2.0178034901618958e-05,
      1.2803822755813599e-05,
      8.084811270236969e-06,
      8.045695722103119e-06,
      8.49645584821701e-06,
      7.0426613092422485e-06,
      6.702728569507599e-06,
      5.860812962055206e-06,
      7.232651114463806e-06,
      6.83218240737915e-06,
      5.5497512221336365e-06,
      5.760230123996735e-06,
      5.43985515832901e-06,
      7.384456694126129e-06,
      8.114613592624664e-06,
      6.08246773481369e-06,
      5.681067705154419e-06,
      5.611218512058258e-06,
      5.860812962055206e-06,
      7.1926042437553406e-06,
      7.584691047668457e-06,
      6.122514605522156e-06,
      6.473623216152191e-06,
      4.879198968410492e-06,
      4.858709871768951e-06,
      6.222166121006012e-06,
      4.909001290798187e-06,
      4.328787326812744e-06,
      4.7888606786727905e-06,
      5.3104013204574585e-06,
      4.998408257961273e-06,
      3.7373974919319153e-06,
      4.367902874946594e-06,
      4.869885742664337e-06,
      4.40794974565506e-06,
      4.779547452926636e-06,
      3.987923264503479e-06,
      4.678964614868164e-06,
      4.849396646022797e-06,
      4.909001290798187e-06,
      1.0710209608078003e-05,
      1.0639429092407227e-05,
      1.1582858860492706e-05,
      1.256447285413742e-05,
      7.724389433860779e-06,
      3.5176053643226624e-06
    ],
    "start_timestamps": [
      "2026-07-23 16:12:11.139327+00:00",
      "2026-07-23 16:12:15.240461+00:00",
      "2026-07-23 16:12:17.304709+00:00",
      "2026-07-23 16:12:19.131583+00:00",
      "2026-07-23 16:12:19.131795+00:00",
      "2026-07-23 16:12:19.131813+00:00",
      "2026-07-23 16:12:19.131828+00:00",
      "2026-07-23 16:12:19.131841+00:00",
      "2026-07-23 16:12:19.131875+00:00",
      "2026-07-23 16:12:19.131892+00:00",
      "2026-07-23 16:12:30.315477+00:00",
      "2026-07-23 16:12:30.315512+00:00",
      "2026-07-23 16:12:30.315529+00:00",
      "2026-07-23 16:12:30.315546+00:00",
      "2026-07-23 16:12:30.315587+00:00",
      "2026-07-23 16:12:30.315604+00:00",
      "2026-07-23 16:12:30.315618+00:00",
      "2026-07-23 16:12:30.315630+00:00",
      "2026-07-23 16:12:30.315662+00:00",
      "2026-07-23 16:12:30.315675+00:00",
      "2026-07-23 16:12:30.315686+00:00",
      "2026-07-23 16:12:30.315696+00:00",
      "2026-07-23 16:12:30.315728+00:00",
      "2026-07-23 16:12:30.315742+00:00",
      "2026-07-23 16:12:30.315752+00:00",
      "2026-07-23 16:12:30.315765+00:00",
      "2026-07-23 16:12:30.315795+00:00",
      "2026-07-23 16:12:30.315811+00:00",
      "2026-07-23 16:12:30.315823+00:00",
      "2026-07-23 16:12:30.315830+00:00",
      "2026-07-23 16:12:30.315854+00:00",
      "2026-07-23 16:12:30.315863+00:00",
      "2026-07-23 16:12:30.775578+00:00",
      "2026-07-23 16:12:30.775607+00:00",
      "2026-07-23 16:12:30.775870+00:00",
      "2026-07-23 16:12:30.775889+00:00",
      "2026-07-23 16:12:30.775899+00:00",
      "2026-07-23 16:12:30.775910+00:00",
      "2026-07-23 16:12:30.775940+00:00",
      "2026-07-23 16:12:30.775957+00:00",
      "2026-07-23 16:12:30.775971+00:00",
      "2026-07-23 16:12:30.775983+00:00",
      "2026-07-23 16:12:30.776008+00:00",
      "2026-07-23 16:12:30.776021+00:00",
      "2026-07-23 16:12:30.776031+00:00",
      "2026-07-23 16:12:30.776043+00:00",
      "2026-07-23 16:12:30.776068+00:00",
      "2026-07-23 16:12:30.776082+00:00",
      "2026-07-23 16:12:30.776095+00:00",
      "2026-07-23 16:12:30.776109+00:00",
      "2026-07-23 16:12:30.776133+00:00",
      "2026-07-23 16:12:31.331878+00:00",
      "2026-07-23 16:12:31.331918+00:00",
      "2026-07-23 16:12:31.331932+00:00",
      "2026-07-23 16:12:31.725558+00:00",
      "2026-07-23 16:12:31.725587+00:00",
      "2026-07-23 16:12:31.725601+00:00",
      "2026-07-23 16:12:31.725612+00:00",
      "2026-07-23 16:12:31.725644+00:00",
      "2026-07-23 16:12:31.725655+00:00",
      "2026-07-23 16:12:31.725664+00:00",
      "2026-07-23 16:12:31.725675+00:00",
      "2026-07-23 16:12:31.725700+00:00",
      "2026-07-23 16:12:31.725713+00:00",
      "2026-07-23 16:12:31.725722+00:00",
      "2026-07-23 16:12:50.617608+00:00",
      "2026-07-23 16:12:50.617638+00:00",
      "2026-07-23 16:12:50.617650+00:00",
      "2026-07-23 16:12:50.966936+00:00",
      "2026-07-23 16:12:50.967231+00:00",
      "2026-07-23 16:12:50.967248+00:00",
      "2026-07-23 16:12:50.967259+00:00",
      "2026-07-23 16:12:50.967270+00:00",
      "2026-07-23 16:12:50.967301+00:00",
      "2026-07-23 16:12:50.967311+00:00",
      "2026-07-23 16:12:50.967321+00:00",
      "2026-07-23 16:12:50.967330+00:00",
      "2026-07-23 16:12:50.967355+00:00",
      "2026-07-23 16:12:50.967365+00:00",
      "2026-07-23 16:12:50.967374+00:00",
      "2026-07-23 16:12:50.967382+00:00",
      "2026-07-23 16:12:50.967413+00:00",
      "2026-07-23 16:12:50.967424+00:00",
      "2026-07-23 16:12:50.967435+00:00",
      "2026-07-23 16:12:50.967445+00:00",
      "2026-07-23 16:12:50.967468+00:00",
      "2026-07-23 16:12:50.967477+00:00",
      "2026-07-23 16:12:50.967486+00:00",
      "2026-07-23 16:12:50.967496+00:00",
      "2026-07-23 16:12:50.967520+00:00",
      "2026-07-23 16:12:50.967529+00:00",
      "2026-07-23 16:12:50.967539+00:00",
      "2026-07-23 16:12:50.967546+00:00",
      "2026-07-23 16:12:50.967568+00:00",
      "2026-07-23 16:12:50.967577+00:00",
      "2026-07-23 16:12:50.967584+00:00",
      "2026-07-23 16:12:50.967592+00:00",
      "2026-07-23 16:12:50.967613+00:00",
      "2026-07-23 16:12:50.967621+00:00",
      "2026-07-23 16:12:50.967629+00:00",
      "2026-07-23 16:12:50.967636+00:00",
      "2026-07-23 16:12:50.967656+00:00",
      "2026-07-23 16:12:50.967664+00:00",
      "2026-07-23 16:12:50.967671+00:00",
      "2026-07-23 16:12:50.967679+00:00",
      "2026-07-23 16:12:50.967699+00:00",
      "2026-07-23 16:12:50.967707+00:00",
      "2026-07-23 16:12:50.967715+00:00",
      "2026-07-23 16:12:50.967723+00:00",
      "2026-07-23 16:12:50.967750+00:00",
      "2026-07-23 16:12:50.967764+00:00",
      "2026-07-23 16:12:50.967778+00:00",
      "2026-07-23 16:12:50.967794+00:00",
      "2026-07-23 16:12:50.967817+00:00"
    ]
  },
  "page_assemble": {
    "scope": "page",
    "count": 114,
    "times": [
      7.740594446659088e-05,
      0.00016341730952262878,
      0.00010427553206682205,
      0.00016303639858961105,
      0.00017111189663410187,
      0.00016687437891960144,
      0.0001890864223241806,
      0.00025944784283638,
      0.00021628662943840027,
      0.0002096034586429596,
      0.0001930929720401764,
      0.00015987176448106766,
      0.00022290926426649094,
      0.0003757057711482048,
      0.0002009579911828041,
      0.00015984009951353073,
      0.00013290997594594955,
      0.00012980401515960693,
      0.00014152564108371735,
      0.00011334288865327835,
      0.00012610666453838348,
      0.00016525108367204666,
      0.00017794501036405563,
      8.670426905155182e-05,
      0.0002996940165758133,
      0.0002076597884297371,
      0.00022883061319589615,
      0.00019994564354419708,
      0.00015155505388975143,
      0.0001347232609987259,
      0.00022829975932836533,
      0.00011085812002420425,
      0.00012203026562929153,
      0.00015894975513219833,
      0.00019655004143714905,
      0.00014619529247283936,
      0.00015366915613412857,
      0.000222720205783844,
      0.00021634716540575027,
      0.00027256179600954056,
      0.00025899801403284073,
      0.0001085447147488594,
      0.0002880515530705452,
      0.000171782448887825,
      0.0001937858760356903,
      0.0002027619630098343,
      0.00020460505038499832,
      0.00023222621530294418,
      0.00016182567924261093,
      0.00015257764607667923,
      0.00021854136139154434,
      0.0002432679757475853,
      8.199457079172134e-05,
      0.00013961270451545715,
      0.0001931237056851387,
      0.00020855292677879333,
      0.0001187426969408989,
      0.0001399526372551918,
      9.247381240129471e-05,
      8.973944932222366e-05,
      0.00018567871302366257,
      0.00012438371777534485,
      0.00016301777213811874,
      6.990134716033936e-05,
      0.00014684628695249557,
      0.000246523879468441,
      7.824692875146866e-05,
      0.00010415632277727127,
      0.00011336244642734528,
      0.0001534176990389824,
      0.00014111492782831192,
      0.0001328401267528534,
      0.00011803209781646729,
      0.00012157950550317764,
      0.00010182056576013565,
      0.00010455772280693054,
      0.00011665001511573792,
      8.980929851531982e-05,
      0.00013535376638174057,
      7.439032196998596e-05,
      7.006153464317322e-05,
      4.569534212350845e-05,
      0.0001712217926979065,
      0.00012582633644342422,
      6.901845335960388e-05,
      5.449168384075165e-05,
      0.000138159841299057,
      0.0002102060243487358,
      0.00011195056140422821,
      9.171199053525925e-05,
      0.00018657930195331573,
      0.00015035271644592285,
      0.0001422269269824028,
      8.447933942079544e-05,
      0.00013890117406845093,
      0.00012745987623929977,
      0.00011982489377260208,
      7.99102708697319e-05,
      0.00015185587108135223,
      0.00011099781841039658,
      0.0001339409500360489,
      9.940750896930695e-05,
      9.576044976711273e-05,
      0.00014465302228927612,
      0.0001588277518749237,
      0.00011346489191055298,
      0.0001044468954205513,
      0.00015628430992364883,
      0.00020962394773960114,
      0.00017299503087997437,
      0.00017286557704210281,
      0.0001700194552540779,
      0.00014545395970344543,
      4.017725586891174e-06
    ],
    "start_timestamps": [
      "2026-07-23 16:12:15.240606+00:00",
      "2026-07-23 16:12:19.131948+00:00",
      "2026-07-23 16:12:19.132155+00:00",
      "2026-07-23 16:12:19.132283+00:00",
      "2026-07-23 16:12:19.132471+00:00",
      "2026-07-23 16:12:19.132665+00:00",
      "2026-07-23 16:12:19.132854+00:00",
      "2026-07-23 16:12:19.133060+00:00",
      "2026-07-23 16:12:19.133539+00:00",
      "2026-07-23 16:12:19.133777+00:00",
      "2026-07-23 16:12:30.316644+00:00",
      "2026-07-23 16:12:30.316863+00:00",
      "2026-07-23 16:12:30.317044+00:00",
      "2026-07-23 16:12:30.317294+00:00",
      "2026-07-23 16:12:30.317693+00:00",
      "2026-07-23 16:12:30.317916+00:00",
      "2026-07-23 16:12:30.318094+00:00",
      "2026-07-23 16:12:30.318243+00:00",
      "2026-07-23 16:12:30.318392+00:00",
      "2026-07-23 16:12:30.318550+00:00",
      "2026-07-23 16:12:30.318679+00:00",
      "2026-07-23 16:12:30.318820+00:00",
      "2026-07-23 16:12:30.319001+00:00",
      "2026-07-23 16:12:30.319195+00:00",
      "2026-07-23 16:12:30.319297+00:00",
      "2026-07-23 16:12:30.319616+00:00",
      "2026-07-23 16:12:30.319842+00:00",
      "2026-07-23 16:12:30.320086+00:00",
      "2026-07-23 16:12:30.320302+00:00",
      "2026-07-23 16:12:30.320470+00:00",
      "2026-07-23 16:12:30.776188+00:00",
      "2026-07-23 16:12:30.776452+00:00",
      "2026-07-23 16:12:30.776582+00:00",
      "2026-07-23 16:12:30.776722+00:00",
      "2026-07-23 16:12:30.776899+00:00",
      "2026-07-23 16:12:30.777112+00:00",
      "2026-07-23 16:12:30.777274+00:00",
      "2026-07-23 16:12:30.777446+00:00",
      "2026-07-23 16:12:30.777685+00:00",
      "2026-07-23 16:12:30.777917+00:00",
      "2026-07-23 16:12:30.778206+00:00",
      "2026-07-23 16:12:30.778482+00:00",
      "2026-07-23 16:12:30.778607+00:00",
      "2026-07-23 16:12:30.778912+00:00",
      "2026-07-23 16:12:30.779100+00:00",
      "2026-07-23 16:12:30.779310+00:00",
      "2026-07-23 16:12:30.779530+00:00",
      "2026-07-23 16:12:30.779751+00:00",
      "2026-07-23 16:12:30.779999+00:00",
      "2026-07-23 16:12:30.780177+00:00",
      "2026-07-23 16:12:31.725223+00:00",
      "2026-07-23 16:12:31.725808+00:00",
      "2026-07-23 16:12:31.726080+00:00",
      "2026-07-23 16:12:31.726181+00:00",
      "2026-07-23 16:12:31.726340+00:00",
      "2026-07-23 16:12:31.726551+00:00",
      "2026-07-23 16:12:31.726778+00:00",
      "2026-07-23 16:12:31.726912+00:00",
      "2026-07-23 16:12:31.727070+00:00",
      "2026-07-23 16:12:31.727179+00:00",
      "2026-07-23 16:12:31.727285+00:00",
      "2026-07-23 16:12:31.727488+00:00",
      "2026-07-23 16:12:31.727629+00:00",
      "2026-07-23 16:12:31.727809+00:00",
      "2026-07-23 16:12:31.727895+00:00",
      "2026-07-23 16:12:50.967886+00:00",
      "2026-07-23 16:12:50.968166+00:00",
      "2026-07-23 16:12:50.968265+00:00",
      "2026-07-23 16:12:50.968388+00:00",
      "2026-07-23 16:12:50.968519+00:00",
      "2026-07-23 16:12:50.968689+00:00",
      "2026-07-23 16:12:50.968848+00:00",
      "2026-07-23 16:12:50.968998+00:00",
      "2026-07-23 16:12:50.969132+00:00",
      "2026-07-23 16:12:50.969270+00:00",
      "2026-07-23 16:12:50.969387+00:00",
      "2026-07-23 16:12:50.969508+00:00",
      "2026-07-23 16:12:50.969640+00:00",
      "2026-07-23 16:12:50.969745+00:00",
      "2026-07-23 16:12:50.969896+00:00",
      "2026-07-23 16:12:50.969986+00:00",
      "2026-07-23 16:12:50.970070+00:00",
      "2026-07-23 16:12:50.970130+00:00",
      "2026-07-23 16:12:50.970318+00:00",
      "2026-07-23 16:12:50.970459+00:00",
      "2026-07-23 16:12:50.970543+00:00",
      "2026-07-23 16:12:50.970613+00:00",
      "2026-07-23 16:12:50.970765+00:00",
      "2026-07-23 16:12:50.970993+00:00",
      "2026-07-23 16:12:50.971120+00:00",
      "2026-07-23 16:12:50.971228+00:00",
      "2026-07-23 16:12:50.971430+00:00",
      "2026-07-23 16:12:50.971596+00:00",
      "2026-07-23 16:12:50.971752+00:00",
      "2026-07-23 16:12:50.971852+00:00",
      "2026-07-23 16:12:50.972007+00:00",
      "2026-07-23 16:12:50.972149+00:00",
      "2026-07-23 16:12:50.972284+00:00",
      "2026-07-23 16:12:50.972378+00:00",
      "2026-07-23 16:12:50.972545+00:00",
      "2026-07-23 16:12:50.972671+00:00",
      "2026-07-23 16:12:50.972821+00:00",
      "2026-07-23 16:12:50.972935+00:00",
      "2026-07-23 16:12:50.973046+00:00",
      "2026-07-23 16:12:50.973205+00:00",
      "2026-07-23 16:12:50.973386+00:00",
      "2026-07-23 16:12:50.973517+00:00",
      "2026-07-23 16:12:50.973636+00:00",
      "2026-07-23 16:12:50.973808+00:00",
      "2026-07-23 16:12:50.974034+00:00",
      "2026-07-23 16:12:50.974223+00:00",
      "2026-07-23 16:12:50.974418+00:00",
      "2026-07-23 16:12:50.974602+00:00",
      "2026-07-23 16:12:50.974763+00:00"
    ]
  },
  "doc_assemble": {
    "scope": "document",
    "count": 1,
    "times": [
      0.36347147542983294
    ],
    "start_timestamps": [
      "2026-07-23 16:12:50.975173+00:00"
    ]
  },
  "reading_order": {
    "scope": "document",
    "count": 1,
    "times": [
      0.36168942134827375
    ],
    "start_timestamps": [
      "2026-07-23 16:12:50.975499+00:00"
    ]
  },
  "doc_enrich": {
    "scope": "document",
    "count": 1,
    "times": [
      168.12311428505927
    ],
    "start_timestamps": [
      "2026-07-23 16:12:51.338679+00:00"
    ]
  }
}
Function parse_pdf took 419.1566 seconds to execute.
Running: get_tables
Function get_tables took 0.0005 seconds to execute.
Running: get_surrounding_paragraphs
Function get_surrounding_paragraphs took 0.0005 seconds to execute.
