Running: parse_pdf
Raw PDF conversion timings:
{
  "pipeline_total": {
    "scope": "document",
    "count": 1,
    "times": [
      29.622462016530335
    ],
    "start_timestamps": [
      "2026-07-18 02:26:14.861773+00:00"
    ]
  },
  "page_parse": {
    "scope": "page",
    "count": 14,
    "times": [
      0.14073544275015593,
      0.06390239670872688,
      0.05420700926333666,
      0.06518372893333435,
      0.048477272503077984,
      0.05947423167526722,
      0.05865586269646883,
      0.05316097941249609,
      0.043715041130781174,
      0.0577391367405653,
      0.05577530059963465,
      0.05139840207993984,
      0.05372048169374466,
      0.01760323252528906
    ],
    "start_timestamps": [
      "2026-07-18 02:26:14.864777+00:00",
      "2026-07-18 02:26:15.005553+00:00",
      "2026-07-18 02:26:15.069490+00:00",
      "2026-07-18 02:26:15.123729+00:00",
      "2026-07-18 02:26:15.188948+00:00",
      "2026-07-18 02:26:15.237464+00:00",
      "2026-07-18 02:26:15.296978+00:00",
      "2026-07-18 02:26:15.355672+00:00",
      "2026-07-18 02:26:15.408869+00:00",
      "2026-07-18 02:26:15.452624+00:00",
      "2026-07-18 02:26:15.510411+00:00",
      "2026-07-18 02:26:15.566212+00:00",
      "2026-07-18 02:26:15.617647+00:00",
      "2026-07-18 02:26:15.671413+00:00"
    ]
  },
  "ocr": {
    "scope": "page",
    "count": 14,
    "times": [
      0.23280933406203985,
      0.1276405667886138,
      0.14760463126003742,
      0.1628759065642953,
      0.13146211858838797,
      0.12401893921196461,
      0.12621186580508947,
      0.1219928665086627,
      0.12413986586034298,
      0.12567605823278427,
      0.18105487246066332,
      0.12250596098601818,
      0.1217201016843319,
      0.1201759660616517
    ],
    "start_timestamps": [
      "2026-07-18 02:26:15.005822+00:00",
      "2026-07-18 02:26:15.238673+00:00",
      "2026-07-18 02:26:15.366327+00:00",
      "2026-07-18 02:26:15.513946+00:00",
      "2026-07-18 02:26:15.676835+00:00",
      "2026-07-18 02:26:15.808344+00:00",
      "2026-07-18 02:26:15.932372+00:00",
      "2026-07-18 02:26:16.058593+00:00",
      "2026-07-18 02:26:16.180594+00:00",
      "2026-07-18 02:26:16.304743+00:00",
      "2026-07-18 02:26:16.430429+00:00",
      "2026-07-18 02:26:16.611494+00:00",
      "2026-07-18 02:26:16.734009+00:00",
      "2026-07-18 02:26:16.855737+00:00"
    ]
  },
  "layout": {
    "scope": "page",
    "count": 3,
    "times": [
      1.218147492967546,
      0.08637824095785618,
      0.10224264208227396
    ],
    "start_timestamps": [
      "2026-07-18 02:26:15.238756+00:00",
      "2026-07-18 02:26:16.462718+00:00",
      "2026-07-18 02:26:16.976061+00:00"
    ]
  },
  "table_structure": {
    "scope": "page",
    "count": 14,
    "times": [
      1.1861324310302734e-05,
      1.563969999551773e-05,
      6.643123924732208e-06,
      5.11854887008667e-06,
      4.678964614868164e-06,
      2.2302381694316864e-05,
      8.656643331050873e-06,
      5.911104381084442e-06,
      6.291083991527557e-06,
      8.395873010158539e-06,
      6.77257776260376e-06,
      5.641020834445953e-06,
      3.807246685028076e-06,
      5.1390379667282104e-06
    ],
    "start_timestamps": [
      "2026-07-18 02:26:16.462801+00:00",
      "2026-07-18 02:26:16.609123+00:00",
      "2026-07-18 02:26:16.609142+00:00",
      "2026-07-18 02:26:16.609151+00:00",
      "2026-07-18 02:26:16.609159+00:00",
      "2026-07-18 02:26:17.210480+00:00",
      "2026-07-18 02:26:17.210507+00:00",
      "2026-07-18 02:26:17.210521+00:00",
      "2026-07-18 02:26:17.210531+00:00",
      "2026-07-18 02:26:17.210575+00:00",
      "2026-07-18 02:26:17.210588+00:00",
      "2026-07-18 02:26:17.210598+00:00",
      "2026-07-18 02:26:17.210607+00:00",
      "2026-07-18 02:26:17.210633+00:00"
    ]
  },
  "page_assemble": {
    "scope": "page",
    "count": 14,
    "times": [
      0.00013015512377023697,
      0.0001317281275987625,
      0.00014708563685417175,
      0.0001404453068971634,
      8.547957986593246e-05,
      0.0002277689054608345,
      0.00015478208661079407,
      0.0001067696139216423,
      0.00011801254004240036,
      0.00014574360102415085,
      0.00014354009181261063,
      0.00011954456567764282,
      3.356393426656723e-05,
      8.887611329555511e-06
    ],
    "start_timestamps": [
      "2026-07-18 02:26:16.462876+00:00",
      "2026-07-18 02:26:16.609256+00:00",
      "2026-07-18 02:26:16.609421+00:00",
      "2026-07-18 02:26:16.609588+00:00",
      "2026-07-18 02:26:16.609745+00:00",
      "2026-07-18 02:26:17.210726+00:00",
      "2026-07-18 02:26:17.210981+00:00",
      "2026-07-18 02:26:17.211154+00:00",
      "2026-07-18 02:26:17.211279+00:00",
      "2026-07-18 02:26:17.211427+00:00",
      "2026-07-18 02:26:17.211590+00:00",
      "2026-07-18 02:26:17.211749+00:00",
      "2026-07-18 02:26:17.211884+00:00",
      "2026-07-18 02:26:17.211931+00:00"
    ]
  },
  "doc_assemble": {
    "scope": "document",
    "count": 1,
    "times": [
      0.03042906429618597
    ],
    "start_timestamps": [
      "2026-07-18 02:26:17.212109+00:00"
    ]
  },
  "reading_order": {
    "scope": "document",
    "count": 1,
    "times": [
      0.029984687454998493
    ],
    "start_timestamps": [
      "2026-07-18 02:26:17.212172+00:00"
    ]
  },
  "doc_enrich": {
    "scope": "document",
    "count": 1,
    "times": [
      27.24165010266006
    ],
    "start_timestamps": [
      "2026-07-18 02:26:17.242561+00:00"
    ]
  }
}
All hyperlinked elements redacted in-memory.
Clean PDF conversion timings:
{
  "pipeline_total": {
    "scope": "document",
    "count": 1,
    "times": [
      29.1486806422472
    ],
    "start_timestamps": [
      "2026-07-18 02:26:44.582254+00:00"
    ]
  },
  "page_parse": {
    "scope": "page",
    "count": 14,
    "times": [
      0.047868658788502216,
      0.04768081475049257,
      0.05483974050730467,
      0.05461113899946213,
      0.04926519747823477,
      0.05744075495749712,
      0.06193355191498995,
      0.05959152430295944,
      0.043915397487580776,
      0.05676748789846897,
      0.056368847377598286,
      0.05079647898674011,
      0.029111644253134727,
      0.018104014918208122
    ],
    "start_timestamps": [
      "2026-07-18 02:26:44.585868+00:00",
      "2026-07-18 02:26:44.633771+00:00",
      "2026-07-18 02:26:44.681487+00:00",
      "2026-07-18 02:26:44.736361+00:00",
      "2026-07-18 02:26:44.791011+00:00",
      "2026-07-18 02:26:44.840316+00:00",
      "2026-07-18 02:26:44.897797+00:00",
      "2026-07-18 02:26:44.959770+00:00",
      "2026-07-18 02:26:45.019411+00:00",
      "2026-07-18 02:26:45.063354+00:00",
      "2026-07-18 02:26:45.120153+00:00",
      "2026-07-18 02:26:45.176556+00:00",
      "2026-07-18 02:26:45.227386+00:00",
      "2026-07-18 02:26:45.256529+00:00"
    ]
  },
  "ocr": {
    "scope": "page",
    "count": 14,
    "times": [
      0.1589486338198185,
      0.16509556397795677,
      0.16538380552083254,
      0.13863475900143385,
      0.12303345464169979,
      0.12321145925670862,
      0.12274843733757734,
      0.12226156052201986,
      0.12372964527457952,
      0.12471801415085793,
      0.12260167207568884,
      0.12330342177301645,
      0.12137141637504101,
      0.1528644012287259
    ],
    "start_timestamps": [
      "2026-07-18 02:26:44.633877+00:00",
      "2026-07-18 02:26:44.792872+00:00",
      "2026-07-18 02:26:44.958000+00:00",
      "2026-07-18 02:26:45.123397+00:00",
      "2026-07-18 02:26:45.262083+00:00",
      "2026-07-18 02:26:45.385137+00:00",
      "2026-07-18 02:26:45.508362+00:00",
      "2026-07-18 02:26:45.631123+00:00",
      "2026-07-18 02:26:45.753397+00:00",
      "2026-07-18 02:26:45.877138+00:00",
      "2026-07-18 02:26:46.001867+00:00",
      "2026-07-18 02:26:46.124479+00:00",
      "2026-07-18 02:26:46.247794+00:00",
      "2026-07-18 02:26:46.369229+00:00"
    ]
  },
  "layout": {
    "scope": "page",
    "count": 4,
    "times": [
      0.18301958963274956,
      0.06806956138461828,
      0.10295508150011301,
      0.0263908626511693
    ],
    "start_timestamps": [
      "2026-07-18 02:26:44.792949+00:00",
      "2026-07-18 02:26:45.262152+00:00",
      "2026-07-18 02:26:46.369396+00:00",
      "2026-07-18 02:26:46.609313+00:00"
    ]
  },
  "table_structure": {
    "scope": "page",
    "count": 14,
    "times": [
      2.0818784832954407e-05,
      2.139061689376831e-05,
      7.333233952522278e-06,
      5.501322448253632e-06,
      1.9837170839309692e-05,
      8.677132427692413e-06,
      6.493180990219116e-06,
      5.299225449562073e-06,
      9.096227586269379e-06,
      7.75512307882309e-06,
      7.875263690948486e-06,
      5.7211145758628845e-06,
      5.1800161600112915e-06,
      1.3875775039196014e-05
    ],
    "start_timestamps": [
      "2026-07-18 02:26:45.019902+00:00",
      "2026-07-18 02:26:45.380156+00:00",
      "2026-07-18 02:26:45.380183+00:00",
      "2026-07-18 02:26:45.380193+00:00",
      "2026-07-18 02:26:46.609377+00:00",
      "2026-07-18 02:26:46.609413+00:00",
      "2026-07-18 02:26:46.609426+00:00",
      "2026-07-18 02:26:46.609436+00:00",
      "2026-07-18 02:26:46.609479+00:00",
      "2026-07-18 02:26:46.609492+00:00",
      "2026-07-18 02:26:46.609503+00:00",
      "2026-07-18 02:26:46.609514+00:00",
      "2026-07-18 02:26:46.609541+00:00",
      "2026-07-18 02:26:46.636278+00:00"
    ]
  },
  "page_assemble": {
    "scope": "page",
    "count": 14,
    "times": [
      0.00015703588724136353,
      0.00013369135558605194,
      0.00014421157538890839,
      0.00020779110491275787,
      0.00014454126358032227,
      0.00020641833543777466,
      0.00019006803631782532,
      9.542889893054962e-05,
      0.00011352449655532837,
      0.0001382194459438324,
      0.00013833027333021164,
      0.00011856388300657272,
      3.3943913877010345e-05,
      2.944469451904297e-05
    ],
    "start_timestamps": [
      "2026-07-18 02:26:45.019996+00:00",
      "2026-07-18 02:26:45.380240+00:00",
      "2026-07-18 02:26:45.380411+00:00",
      "2026-07-18 02:26:45.380574+00:00",
      "2026-07-18 02:26:46.609908+00:00",
      "2026-07-18 02:26:46.610083+00:00",
      "2026-07-18 02:26:46.610313+00:00",
      "2026-07-18 02:26:46.610523+00:00",
      "2026-07-18 02:26:46.610635+00:00",
      "2026-07-18 02:26:46.610765+00:00",
      "2026-07-18 02:26:46.610920+00:00",
      "2026-07-18 02:26:46.611074+00:00",
      "2026-07-18 02:26:46.611208+00:00",
      "2026-07-18 02:26:46.636471+00:00"
    ]
  },
  "doc_assemble": {
    "scope": "document",
    "count": 1,
    "times": [
      0.03181959129869938
    ],
    "start_timestamps": [
      "2026-07-18 02:26:46.636731+00:00"
    ]
  },
  "reading_order": {
    "scope": "document",
    "count": 1,
    "times": [
      0.031332855112850666
    ],
    "start_timestamps": [
      "2026-07-18 02:26:46.636835+00:00"
    ]
  },
  "doc_enrich": {
    "scope": "document",
    "count": 1,
    "times": [
      27.062305277213454
    ],
    "start_timestamps": [
      "2026-07-18 02:26:46.668573+00:00"
    ]
  }
}
Function parse_pdf took 58.9616 seconds to execute.
Running: get_tables
Function get_tables took 0.0001 seconds to execute.
Running: get_surrounding_paragraphs
Function get_surrounding_paragraphs took 0.0001 seconds to execute.
