Running: parse_pdf
Raw PDF conversion timings:
{
  "pipeline_total": {
    "scope": "document",
    "count": 1,
    "times": [
      10.031048615463078
    ],
    "start_timestamps": [
      "2026-07-23 20:00:58.233800+00:00"
    ]
  },
  "page_parse": {
    "scope": "page",
    "count": 10,
    "times": [
      0.1130655724555254,
      0.12210304010659456,
      0.12399273552000523,
      0.10320823360234499,
      0.15053568501025438,
      0.18584766704589128,
      0.13417841400951147,
      0.08666067197918892,
      0.111177708953619,
      0.1058171521872282
    ],
    "start_timestamps": [
      "2026-07-23 20:00:58.240565+00:00",
      "2026-07-23 20:00:58.353672+00:00",
      "2026-07-23 20:00:58.475821+00:00",
      "2026-07-23 20:00:58.599853+00:00",
      "2026-07-23 20:00:58.703112+00:00",
      "2026-07-23 20:00:58.853696+00:00",
      "2026-07-23 20:00:59.039587+00:00",
      "2026-07-23 20:00:59.173810+00:00",
      "2026-07-23 20:00:59.260520+00:00",
      "2026-07-23 20:00:59.371747+00:00"
    ]
  },
  "ocr": {
    "scope": "page",
    "count": 10,
    "times": [
      1.533002789132297,
      0.5955334547907114,
      0.7750302702188492,
      0.13263872545212507,
      0.7095438940450549,
      1.0541402930393815,
      1.2231068927794695,
      0.12652786634862423,
      0.13393509481102228,
      0.12948665488511324
    ],
    "start_timestamps": [
      "2026-07-23 20:00:58.354053+00:00",
      "2026-07-23 20:00:59.887133+00:00",
      "2026-07-23 20:01:00.482682+00:00",
      "2026-07-23 20:01:01.257728+00:00",
      "2026-07-23 20:01:01.390376+00:00",
      "2026-07-23 20:01:02.099939+00:00",
      "2026-07-23 20:01:03.154095+00:00",
      "2026-07-23 20:01:04.377219+00:00",
      "2026-07-23 20:01:04.503759+00:00",
      "2026-07-23 20:01:04.637702+00:00"
    ]
  },
  "layout": {
    "scope": "page",
    "count": 2,
    "times": [
      0.07682165689766407,
      0.11160042509436607
    ],
    "start_timestamps": [
      "2026-07-23 20:00:59.887216+00:00",
      "2026-07-23 20:01:04.767372+00:00"
    ]
  },
  "table_structure": {
    "scope": "page",
    "count": 10,
    "times": [
      1.7181970179080963e-05,
      3.3532269299030304e-05,
      1.0450370609760284e-05,
      0.7088526226580143,
      0.2708279564976692,
      2.5286339223384857e-05,
      1.0731630027294159e-05,
      1.615099608898163e-05,
      1.9016675651073456e-05,
      1.798570156097412e-05
    ],
    "start_timestamps": [
      "2026-07-23 20:01:00.020504+00:00",
      "2026-07-23 20:01:05.557965+00:00",
      "2026-07-23 20:01:05.558005+00:00",
      "2026-07-23 20:01:05.558020+00:00",
      "2026-07-23 20:01:06.266889+00:00",
      "2026-07-23 20:01:06.537836+00:00",
      "2026-07-23 20:01:06.537864+00:00",
      "2026-07-23 20:01:06.537878+00:00",
      "2026-07-23 20:01:06.537897+00:00",
      "2026-07-23 20:01:06.537938+00:00"
    ]
  },
  "page_assemble": {
    "scope": "page",
    "count": 10,
    "times": [
      0.003881915472447872,
      0.000829712487757206,
      0.0010010339319705963,
      0.0008727824315428734,
      0.0008824197575449944,
      0.0006667850539088249,
      0.0007229307666420937,
      0.006401676684617996,
      0.0201236791908741,
      0.017095180228352547
    ],
    "start_timestamps": [
      "2026-07-23 20:01:00.020566+00:00",
      "2026-07-23 20:01:06.538042+00:00",
      "2026-07-23 20:01:06.538904+00:00",
      "2026-07-23 20:01:06.539927+00:00",
      "2026-07-23 20:01:06.540822+00:00",
      "2026-07-23 20:01:06.541726+00:00",
      "2026-07-23 20:01:06.542419+00:00",
      "2026-07-23 20:01:06.543161+00:00",
      "2026-07-23 20:01:06.549588+00:00",
      "2026-07-23 20:01:06.569738+00:00"
    ]
  },
  "doc_assemble": {
    "scope": "document",
    "count": 1,
    "times": [
      0.048926953226327896
    ],
    "start_timestamps": [
      "2026-07-23 20:01:06.587013+00:00"
    ]
  },
  "reading_order": {
    "scope": "document",
    "count": 1,
    "times": [
      0.04838027339428663
    ],
    "start_timestamps": [
      "2026-07-23 20:01:06.587159+00:00"
    ]
  },
  "doc_enrich": {
    "scope": "document",
    "count": 1,
    "times": [
      1.628865017555654
    ],
    "start_timestamps": [
      "2026-07-23 20:01:06.635964+00:00"
    ]
  }
}
All hyperlinked elements redacted in-memory.
Clean PDF conversion timings:
{
  "pipeline_total": {
    "scope": "document",
    "count": 1,
    "times": [
      10.572690794244409
    ],
    "start_timestamps": [
      "2026-07-23 20:01:08.987880+00:00"
    ]
  },
  "page_parse": {
    "scope": "page",
    "count": 10,
    "times": [
      0.10384627245366573,
      0.12035599257797003,
      0.11231580097228289,
      0.13905446976423264,
      0.2423044815659523,
      0.4150480767711997,
      0.1356298951432109,
      0.10495673306286335,
      0.10327137168496847,
      0.145717048086226
    ],
    "start_timestamps": [
      "2026-07-23 20:01:08.994131+00:00",
      "2026-07-23 20:01:09.098025+00:00",
      "2026-07-23 20:01:09.218433+00:00",
      "2026-07-23 20:01:09.330790+00:00",
      "2026-07-23 20:01:09.469896+00:00",
      "2026-07-23 20:01:09.712245+00:00",
      "2026-07-23 20:01:10.127333+00:00",
      "2026-07-23 20:01:10.263010+00:00",
      "2026-07-23 20:01:10.368010+00:00",
      "2026-07-23 20:01:10.471332+00:00"
    ]
  },
  "ocr": {
    "scope": "page",
    "count": 10,
    "times": [
      1.8332285787910223,
      0.5769455935806036,
      0.7996982811018825,
      0.12987714912742376,
      0.7235730551183224,
      1.0827016597613692,
      1.2681224150583148,
      0.12451935559511185,
      0.13120475690811872,
      0.1286662695929408
    ],
    "start_timestamps": [
      "2026-07-23 20:01:09.098399+00:00",
      "2026-07-23 20:01:10.931693+00:00",
      "2026-07-23 20:01:11.508655+00:00",
      "2026-07-23 20:01:12.308369+00:00",
      "2026-07-23 20:01:12.438255+00:00",
      "2026-07-23 20:01:13.161846+00:00",
      "2026-07-23 20:01:14.244562+00:00",
      "2026-07-23 20:01:15.512700+00:00",
      "2026-07-23 20:01:15.637229+00:00",
      "2026-07-23 20:01:15.768443+00:00"
    ]
  },
  "layout": {
    "scope": "page",
    "count": 2,
    "times": [
      0.06404533330351114,
      0.1266302391886711
    ],
    "start_timestamps": [
      "2026-07-23 20:01:10.931766+00:00",
      "2026-07-23 20:01:15.897349+00:00"
    ]
  },
  "table_structure": {
    "scope": "page",
    "count": 10,
    "times": [
      2.0118430256843567e-05,
      2.3624859750270844e-05,
      8.315779268741608e-06,
      0.710170142352581,
      0.2708567325025797,
      2.483651041984558e-05,
      9.228475391864777e-06,
      1.6991980373859406e-05,
      1.3716518878936768e-05,
      7.663853466510773e-06
    ],
    "start_timestamps": [
      "2026-07-23 20:01:11.038845+00:00",
      "2026-07-23 20:01:16.900294+00:00",
      "2026-07-23 20:01:16.900323+00:00",
      "2026-07-23 20:01:16.900335+00:00",
      "2026-07-23 20:01:17.610522+00:00",
      "2026-07-23 20:01:17.881512+00:00",
      "2026-07-23 20:01:17.881540+00:00",
      "2026-07-23 20:01:17.881552+00:00",
      "2026-07-23 20:01:17.881572+00:00",
      "2026-07-23 20:01:17.881607+00:00"
    ]
  },
  "page_assemble": {
    "scope": "page",
    "count": 10,
    "times": [
      0.0009612785652279854,
      0.0006254371255636215,
      0.0006611738353967667,
      0.0003243405371904373,
      0.0005764951929450035,
      0.0003726426512002945,
      0.00039580557495355606,
      0.002089151181280613,
      0.00043763313442468643,
      0.00031568389385938644
    ],
    "start_timestamps": [
      "2026-07-23 20:01:11.038934+00:00",
      "2026-07-23 20:01:17.881703+00:00",
      "2026-07-23 20:01:17.882367+00:00",
      "2026-07-23 20:01:17.883050+00:00",
      "2026-07-23 20:01:17.883398+00:00",
      "2026-07-23 20:01:17.883995+00:00",
      "2026-07-23 20:01:17.884386+00:00",
      "2026-07-23 20:01:17.884801+00:00",
      "2026-07-23 20:01:17.886911+00:00",
      "2026-07-23 20:01:17.887367+00:00"
    ]
  },
  "doc_assemble": {
    "scope": "document",
    "count": 1,
    "times": [
      0.047229910269379616
    ],
    "start_timestamps": [
      "2026-07-23 20:01:17.887871+00:00"
    ]
  },
  "reading_order": {
    "scope": "document",
    "count": 1,
    "times": [
      0.04674106929451227
    ],
    "start_timestamps": [
      "2026-07-23 20:01:17.887965+00:00"
    ]
  },
  "doc_enrich": {
    "scope": "document",
    "count": 1,
    "times": [
      1.6254250342026353
    ],
    "start_timestamps": [
      "2026-07-23 20:01:17.935125+00:00"
    ]
  }
}
Function parse_pdf took 21.4059 seconds to execute.
Running: get_tables
Function get_tables took 0.0001 seconds to execute.
Running: get_surrounding_paragraphs
Function get_surrounding_paragraphs took 0.0001 seconds to execute.
