Running: parse_pdf
Raw PDF conversion timings:
{
  "pipeline_total": {
    "scope": "document",
    "count": 1,
    "times": [
      57.19305640552193
    ],
    "start_timestamps": [
      "2026-07-17 21:14:33.452599+00:00"
    ]
  },
  "page_parse": {
    "scope": "page",
    "count": 13,
    "times": [
      0.1333164470270276,
      0.12351825926452875,
      0.1773422248661518,
      0.1468109879642725,
      0.20206978358328342,
      0.14919354114681482,
      0.12487895227968693,
      0.17949050851166248,
      0.1847467878833413,
      0.14096465799957514,
      0.1269703870639205,
      0.19582668598741293,
      0.06598095968365669
    ],
    "start_timestamps": [
      "2026-07-17 21:14:33.459251+00:00",
      "2026-07-17 21:14:33.592610+00:00",
      "2026-07-17 21:14:33.716171+00:00",
      "2026-07-17 21:14:33.893560+00:00",
      "2026-07-17 21:14:34.040427+00:00",
      "2026-07-17 21:14:34.242548+00:00",
      "2026-07-17 21:14:34.391789+00:00",
      "2026-07-17 21:14:34.516714+00:00",
      "2026-07-17 21:14:34.696260+00:00",
      "2026-07-17 21:14:34.881055+00:00",
      "2026-07-17 21:14:35.022069+00:00",
      "2026-07-17 21:14:35.149087+00:00",
      "2026-07-17 21:14:35.344961+00:00"
    ]
  },
  "ocr": {
    "scope": "page",
    "count": 13,
    "times": [
      2.158192497678101,
      0.7498392108827829,
      0.12945914920419455,
      1.9363047536462545,
      1.8195040030404925,
      1.7591092847287655,
      0.13360224571079016,
      0.7193253366276622,
      0.8422841355204582,
      0.13382204808294773,
      0.13493078481405973,
      0.13855119701474905,
      0.13108329474925995
    ],
    "start_timestamps": [
      "2026-07-17 21:14:33.592930+00:00",
      "2026-07-17 21:14:35.751205+00:00",
      "2026-07-17 21:14:36.501061+00:00",
      "2026-07-17 21:14:36.630533+00:00",
      "2026-07-17 21:14:38.566856+00:00",
      "2026-07-17 21:14:40.386377+00:00",
      "2026-07-17 21:14:42.145503+00:00",
      "2026-07-17 21:14:42.279116+00:00",
      "2026-07-17 21:14:42.998460+00:00",
      "2026-07-17 21:14:43.840762+00:00",
      "2026-07-17 21:14:43.974598+00:00",
      "2026-07-17 21:14:44.109545+00:00",
      "2026-07-17 21:14:44.248111+00:00"
    ]
  },
  "layout": {
    "scope": "page",
    "count": 2,
    "times": [
      0.07327815052121878,
      0.14712933730334044
    ],
    "start_timestamps": [
      "2026-07-17 21:14:35.751340+00:00",
      "2026-07-17 21:14:44.379534+00:00"
    ]
  },
  "table_structure": {
    "scope": "page",
    "count": 13,
    "times": [
      8.17636027932167e-05,
      2.5719404220581055e-05,
      9.43802297115326e-06,
      6.692484021186829e-06,
      7.7737495303154e-06,
      9.598210453987122e-06,
      7.4142590165138245e-06,
      6.292015314102173e-06,
      6.081536412239075e-06,
      7.955357432365417e-06,
      8.607283234596252e-06,
      1.3064593076705933e-05,
      6.292015314102173e-06
    ],
    "start_timestamps": [
      "2026-07-17 21:14:35.869038+00:00",
      "2026-07-17 21:14:45.317831+00:00",
      "2026-07-17 21:14:45.317862+00:00",
      "2026-07-17 21:14:45.317876+00:00",
      "2026-07-17 21:14:45.317886+00:00",
      "2026-07-17 21:14:45.317934+00:00",
      "2026-07-17 21:14:45.317948+00:00",
      "2026-07-17 21:14:45.317959+00:00",
      "2026-07-17 21:14:45.317969+00:00",
      "2026-07-17 21:14:45.317998+00:00",
      "2026-07-17 21:14:45.318010+00:00",
      "2026-07-17 21:14:45.318022+00:00",
      "2026-07-17 21:14:45.318038+00:00"
    ]
  },
  "page_assemble": {
    "scope": "page",
    "count": 13,
    "times": [
      0.0009843818843364716,
      0.0008533354848623276,
      0.0011427393183112144,
      0.0004063136875629425,
      0.0003016870468854904,
      0.00039610639214515686,
      0.001049635000526905,
      0.001060214824974537,
      0.0008171079680323601,
      0.000912676565349102,
      0.0022577187046408653,
      0.0014850655570626259,
      0.0005449149757623672
    ],
    "start_timestamps": [
      "2026-07-17 21:14:35.869255+00:00",
      "2026-07-17 21:14:45.318140+00:00",
      "2026-07-17 21:14:45.319032+00:00",
      "2026-07-17 21:14:45.320196+00:00",
      "2026-07-17 21:14:45.320623+00:00",
      "2026-07-17 21:14:45.320945+00:00",
      "2026-07-17 21:14:45.321361+00:00",
      "2026-07-17 21:14:45.322431+00:00",
      "2026-07-17 21:14:45.323511+00:00",
      "2026-07-17 21:14:45.324353+00:00",
      "2026-07-17 21:14:45.325286+00:00",
      "2026-07-17 21:14:45.327565+00:00",
      "2026-07-17 21:14:45.329072+00:00"
    ]
  },
  "doc_assemble": {
    "scope": "document",
    "count": 1,
    "times": [
      0.38454314321279526
    ],
    "start_timestamps": [
      "2026-07-17 21:14:45.329886+00:00"
    ]
  },
  "reading_order": {
    "scope": "document",
    "count": 1,
    "times": [
      0.38362013548612595
    ],
    "start_timestamps": [
      "2026-07-17 21:14:45.330067+00:00"
    ]
  },
  "doc_enrich": {
    "scope": "document",
    "count": 1,
    "times": [
      44.93115374445915
    ],
    "start_timestamps": [
      "2026-07-17 21:14:45.714463+00:00"
    ]
  }
}
All hyperlinked elements redacted in-memory.
Clean PDF conversion timings:
{
  "pipeline_total": {
    "scope": "document",
    "count": 1,
    "times": [
      56.96585137210786
    ],
    "start_timestamps": [
      "2026-07-17 21:15:31.024199+00:00"
    ]
  },
  "page_parse": {
    "scope": "page",
    "count": 13,
    "times": [
      0.13053707219660282,
      0.12042657844722271,
      0.1732772635295987,
      0.1548548098653555,
      0.19041724503040314,
      0.15207736380398273,
      0.18982349801808596,
      0.22947954665869474,
      0.15723805408924818,
      0.11652038898319006,
      0.15003998018801212,
      0.17446804512292147,
      0.06415235251188278
    ],
    "start_timestamps": [
      "2026-07-17 21:15:31.029875+00:00",
      "2026-07-17 21:15:31.160456+00:00",
      "2026-07-17 21:15:31.280924+00:00",
      "2026-07-17 21:15:31.454246+00:00",
      "2026-07-17 21:15:31.609141+00:00",
      "2026-07-17 21:15:31.799606+00:00",
      "2026-07-17 21:15:31.951735+00:00",
      "2026-07-17 21:15:32.141608+00:00",
      "2026-07-17 21:15:32.371135+00:00",
      "2026-07-17 21:15:32.528431+00:00",
      "2026-07-17 21:15:32.645007+00:00",
      "2026-07-17 21:15:32.795098+00:00",
      "2026-07-17 21:15:32.969611+00:00"
    ]
  },
  "ocr": {
    "scope": "page",
    "count": 13,
    "times": [
      2.1827677777037024,
      0.6958445748314261,
      0.1296508265659213,
      2.1359268110245466,
      1.953803051263094,
      1.8630288075655699,
      0.13311401195824146,
      0.7671645125374198,
      0.8573891613632441,
      0.1348559195175767,
      0.13396416138857603,
      0.13697723113000393,
      0.1312961606308818
    ],
    "start_timestamps": [
      "2026-07-17 21:15:31.160961+00:00",
      "2026-07-17 21:15:33.343835+00:00",
      "2026-07-17 21:15:34.039696+00:00",
      "2026-07-17 21:15:34.169359+00:00",
      "2026-07-17 21:15:36.305305+00:00",
      "2026-07-17 21:15:38.259125+00:00",
      "2026-07-17 21:15:40.122171+00:00",
      "2026-07-17 21:15:40.255296+00:00",
      "2026-07-17 21:15:41.022480+00:00",
      "2026-07-17 21:15:41.879884+00:00",
      "2026-07-17 21:15:42.014753+00:00",
      "2026-07-17 21:15:42.148727+00:00",
      "2026-07-17 21:15:42.285715+00:00"
    ]
  },
  "layout": {
    "scope": "page",
    "count": 2,
    "times": [
      0.06868831627070904,
      0.14224139600992203
    ],
    "start_timestamps": [
      "2026-07-17 21:15:33.343964+00:00",
      "2026-07-17 21:15:42.417380+00:00"
    ]
  },
  "table_structure": {
    "scope": "page",
    "count": 13,
    "times": [
      5.413126200437546e-05,
      2.4545937776565552e-05,
      1.016911119222641e-05,
      7.563270628452301e-06,
      6.572343409061432e-06,
      9.466893970966339e-06,
      7.893890142440796e-06,
      6.241723895072937e-06,
      6.06197863817215e-06,
      1.0059215128421783e-05,
      9.767711162567139e-06,
      9.337440133094788e-06,
      6.382353603839874e-06
    ],
    "start_timestamps": [
      "2026-07-17 21:15:33.446117+00:00",
      "2026-07-17 21:15:43.353119+00:00",
      "2026-07-17 21:15:43.353148+00:00",
      "2026-07-17 21:15:43.353163+00:00",
      "2026-07-17 21:15:43.353175+00:00",
      "2026-07-17 21:15:43.353226+00:00",
      "2026-07-17 21:15:43.353240+00:00",
      "2026-07-17 21:15:43.353251+00:00",
      "2026-07-17 21:15:43.353261+00:00",
      "2026-07-17 21:15:43.353290+00:00",
      "2026-07-17 21:15:43.353305+00:00",
      "2026-07-17 21:15:43.353318+00:00",
      "2026-07-17 21:15:43.353331+00:00"
    ]
  },
  "page_assemble": {
    "scope": "page",
    "count": 13,
    "times": [
      0.0004537133499979973,
      0.0006369585171341896,
      0.000411253422498703,
      0.00022738799452781677,
      0.00012446381151676178,
      0.00018930621445178986,
      0.00033910758793354034,
      0.0002844352275133133,
      0.00023082364350557327,
      0.0002841344103217125,
      0.0003865370526909828,
      0.0005641011521220207,
      0.00019807275384664536
    ],
    "start_timestamps": [
      "2026-07-17 21:15:33.446306+00:00",
      "2026-07-17 21:15:43.353442+00:00",
      "2026-07-17 21:15:43.354117+00:00",
      "2026-07-17 21:15:43.354549+00:00",
      "2026-07-17 21:15:43.354795+00:00",
      "2026-07-17 21:15:43.354937+00:00",
      "2026-07-17 21:15:43.355144+00:00",
      "2026-07-17 21:15:43.355501+00:00",
      "2026-07-17 21:15:43.355803+00:00",
      "2026-07-17 21:15:43.356050+00:00",
      "2026-07-17 21:15:43.356351+00:00",
      "2026-07-17 21:15:43.356755+00:00",
      "2026-07-17 21:15:43.357336+00:00"
    ]
  },
  "doc_assemble": {
    "scope": "document",
    "count": 1,
    "times": [
      0.06779610645025969
    ],
    "start_timestamps": [
      "2026-07-17 21:15:43.357791+00:00"
    ]
  },
  "reading_order": {
    "scope": "document",
    "count": 1,
    "times": [
      0.06726106069982052
    ],
    "start_timestamps": [
      "2026-07-17 21:15:43.357893+00:00"
    ]
  },
  "doc_enrich": {
    "scope": "document",
    "count": 1,
    "times": [
      44.56442062743008
    ],
    "start_timestamps": [
      "2026-07-17 21:15:43.425610+00:00"
    ]
  }
}
Function parse_pdf took 114.6972 seconds to execute.
Running: get_tables
Function get_tables took 0.0001 seconds to execute.
Running: get_surrounding_paragraphs
Function get_surrounding_paragraphs took 0.0001 seconds to execute.
