Running: parse_pdf
Raw PDF conversion timings:
{
  "pipeline_total": {
    "scope": "document",
    "count": 1,
    "times": [
      27.70541894529015
    ],
    "start_timestamps": [
      "2026-07-17 23:23:40.408756+00:00"
    ]
  },
  "page_parse": {
    "scope": "page",
    "count": 21,
    "times": [
      0.07710659597069025,
      0.07692459505051374,
      0.046486916951835155,
      0.07657685037702322,
      0.05883990228176117,
      0.08666777890175581,
      0.059065137058496475,
      0.07504822313785553,
      0.06446586921811104,
      0.07471406366676092,
      0.1688068052753806,
      0.07504594884812832,
      0.05083393771201372,
      0.07998644560575485,
      0.033886196091771126,
      0.046247988007962704,
      0.056083496659994125,
      0.07436084933578968,
      0.061082703061401844,
      0.0602822070941329,
      0.054435133934020996
    ],
    "start_timestamps": [
      "2026-07-17 23:23:40.414717+00:00",
      "2026-07-17 23:23:40.491865+00:00",
      "2026-07-17 23:23:40.568827+00:00",
      "2026-07-17 23:23:40.615349+00:00",
      "2026-07-17 23:23:40.691970+00:00",
      "2026-07-17 23:23:40.750854+00:00",
      "2026-07-17 23:23:40.837562+00:00",
      "2026-07-17 23:23:40.896669+00:00",
      "2026-07-17 23:23:40.971764+00:00",
      "2026-07-17 23:23:41.036283+00:00",
      "2026-07-17 23:23:41.111051+00:00",
      "2026-07-17 23:23:41.279896+00:00",
      "2026-07-17 23:23:41.354983+00:00",
      "2026-07-17 23:23:41.405858+00:00",
      "2026-07-17 23:23:41.485885+00:00",
      "2026-07-17 23:23:41.519817+00:00",
      "2026-07-17 23:23:41.566102+00:00",
      "2026-07-17 23:23:41.622225+00:00",
      "2026-07-17 23:23:41.696628+00:00",
      "2026-07-17 23:23:41.757754+00:00",
      "2026-07-17 23:23:41.818077+00:00"
    ]
  },
  "ocr": {
    "scope": "page",
    "count": 21,
    "times": [
      0.12836545426398516,
      0.13383439555764198,
      1.6455657817423344,
      0.8824777081608772,
      0.724753306247294,
      0.6790427211672068,
      0.734768332913518,
      0.6886423444375396,
      0.8328561205416918,
      0.6343359341844916,
      0.6249344125390053,
      0.6396894892677665,
      0.7930614063516259,
      0.7884202133864164,
      0.1257198117673397,
      0.6391096375882626,
      1.0413323966786265,
      1.2515243999660015,
      0.12542679999023676,
      0.1263811457902193,
      0.12541453633457422
    ],
    "start_timestamps": [
      "2026-07-17 23:23:40.491977+00:00",
      "2026-07-17 23:23:40.620408+00:00",
      "2026-07-17 23:23:40.754249+00:00",
      "2026-07-17 23:23:42.399920+00:00",
      "2026-07-17 23:23:43.282424+00:00",
      "2026-07-17 23:23:44.007194+00:00",
      "2026-07-17 23:23:44.686254+00:00",
      "2026-07-17 23:23:45.421040+00:00",
      "2026-07-17 23:23:46.109699+00:00",
      "2026-07-17 23:23:46.942573+00:00",
      "2026-07-17 23:23:47.576924+00:00",
      "2026-07-17 23:23:48.201876+00:00",
      "2026-07-17 23:23:48.841582+00:00",
      "2026-07-17 23:23:49.634660+00:00",
      "2026-07-17 23:23:50.423098+00:00",
      "2026-07-17 23:23:50.548831+00:00",
      "2026-07-17 23:23:51.187958+00:00",
      "2026-07-17 23:23:52.229308+00:00",
      "2026-07-17 23:23:53.480850+00:00",
      "2026-07-17 23:23:53.606291+00:00",
      "2026-07-17 23:23:53.732686+00:00"
    ]
  },
  "layout": {
    "scope": "page",
    "count": 3,
    "times": [
      0.1415093382820487,
      0.06109777186065912,
      0.17342841159552336
    ],
    "start_timestamps": [
      "2026-07-17 23:23:40.620484+00:00",
      "2026-07-17 23:23:42.399991+00:00",
      "2026-07-17 23:23:53.858337+00:00"
    ]
  },
  "table_structure": {
    "scope": "page",
    "count": 21,
    "times": [
      2.0398758351802826e-05,
      0.29071633983403444,
      2.269260585308075e-05,
      5.799904465675354e-05,
      1.4006160199642181e-05,
      1.2584030628204346e-05,
      0.24207604303956032,
      1.7352402210235596e-05,
      5.739741027355194e-06,
      4.7693029046058655e-06,
      4.237517714500427e-06,
      6.341375410556793e-06,
      4.448927938938141e-06,
      0.2678797310218215,
      0.14274882711470127,
      1.739244908094406e-05,
      7.1339309215545654e-06,
      7.623806595802307e-06,
      8.395873010158539e-06,
      0.5547306723892689,
      0.16601021122187376
    ],
    "start_timestamps": [
      "2026-07-17 23:23:40.769230+00:00",
      "2026-07-17 23:23:42.468884+00:00",
      "2026-07-17 23:23:42.759619+00:00",
      "2026-07-17 23:23:54.088479+00:00",
      "2026-07-17 23:23:54.088547+00:00",
      "2026-07-17 23:23:54.088569+00:00",
      "2026-07-17 23:23:54.088588+00:00",
      "2026-07-17 23:23:54.330780+00:00",
      "2026-07-17 23:23:54.330801+00:00",
      "2026-07-17 23:23:54.330810+00:00",
      "2026-07-17 23:23:54.330818+00:00",
      "2026-07-17 23:23:54.330844+00:00",
      "2026-07-17 23:23:54.330854+00:00",
      "2026-07-17 23:23:54.330862+00:00",
      "2026-07-17 23:23:54.598759+00:00",
      "2026-07-17 23:23:54.741595+00:00",
      "2026-07-17 23:23:54.741616+00:00",
      "2026-07-17 23:23:54.741627+00:00",
      "2026-07-17 23:23:54.741638+00:00",
      "2026-07-17 23:23:54.741667+00:00",
      "2026-07-17 23:23:55.296425+00:00"
    ]
  },
  "page_assemble": {
    "scope": "page",
    "count": 21,
    "times": [
      0.00021841097623109818,
      0.0001604817807674408,
      5.904119461774826e-05,
      0.00011387374252080917,
      2.504698932170868e-05,
      7.20759853720665e-05,
      2.4937093257904053e-05,
      4.964414983987808e-05,
      2.9806047677993774e-05,
      4.9433670938014984e-05,
      1.5379860997200012e-05,
      0.0001207469031214714,
      2.3082830011844635e-05,
      6.448104977607727e-05,
      3.683008253574371e-05,
      2.169981598854065e-05,
      4.967395216226578e-05,
      7.997080683708191e-05,
      0.0001325700432062149,
      0.00012648943811655045,
      0.00010733213275671005
    ],
    "start_timestamps": [
      "2026-07-17 23:23:40.769431+00:00",
      "2026-07-17 23:23:42.759876+00:00",
      "2026-07-17 23:23:42.760091+00:00",
      "2026-07-17 23:23:54.331747+00:00",
      "2026-07-17 23:23:54.331897+00:00",
      "2026-07-17 23:23:54.331941+00:00",
      "2026-07-17 23:23:54.332031+00:00",
      "2026-07-17 23:23:54.332075+00:00",
      "2026-07-17 23:23:54.332142+00:00",
      "2026-07-17 23:23:54.332188+00:00",
      "2026-07-17 23:23:54.332253+00:00",
      "2026-07-17 23:23:54.742328+00:00",
      "2026-07-17 23:23:54.742484+00:00",
      "2026-07-17 23:23:54.742526+00:00",
      "2026-07-17 23:23:54.742612+00:00",
      "2026-07-17 23:23:54.742670+00:00",
      "2026-07-17 23:23:54.742709+00:00",
      "2026-07-17 23:23:54.742778+00:00",
      "2026-07-17 23:23:54.742877+00:00",
      "2026-07-17 23:23:55.462602+00:00",
      "2026-07-17 23:23:55.462762+00:00"
    ]
  },
  "doc_assemble": {
    "scope": "document",
    "count": 1,
    "times": [
      0.021882508881390095
    ],
    "start_timestamps": [
      "2026-07-17 23:23:55.463229+00:00"
    ]
  },
  "reading_order": {
    "scope": "document",
    "count": 1,
    "times": [
      0.021375304087996483
    ],
    "start_timestamps": [
      "2026-07-17 23:23:55.463344+00:00"
    ]
  },
  "doc_enrich": {
    "scope": "document",
    "count": 1,
    "times": [
      12.629023005254567
    ],
    "start_timestamps": [
      "2026-07-17 23:23:55.485133+00:00"
    ]
  }
}
All hyperlinked elements redacted in-memory.
Clean PDF conversion timings:
{
  "pipeline_total": {
    "scope": "document",
    "count": 1,
    "times": [
      27.000491146929562
    ],
    "start_timestamps": [
      "2026-07-17 23:24:08.199568+00:00"
    ]
  },
  "page_parse": {
    "scope": "page",
    "count": 21,
    "times": [
      0.07711871340870857,
      0.06380797550082207,
      0.04644639417529106,
      0.07649256475269794,
      0.05874372459948063,
      0.08197292778640985,
      0.06339235231280327,
      0.0732793491333723,
      0.05860138684511185,
      0.08045037277042866,
      0.054616548120975494,
      0.18435127567499876,
      0.08439617790281773,
      0.08113522175699472,
      0.03467869944870472,
      0.045797753147780895,
      0.05682786926627159,
      0.07800433970987797,
      0.06331001780927181,
      0.06004271004348993,
      0.05722176097333431
    ],
    "start_timestamps": [
      "2026-07-17 23:24:08.205532+00:00",
      "2026-07-17 23:24:08.282689+00:00",
      "2026-07-17 23:24:08.346535+00:00",
      "2026-07-17 23:24:08.393018+00:00",
      "2026-07-17 23:24:08.469549+00:00",
      "2026-07-17 23:24:08.528333+00:00",
      "2026-07-17 23:24:08.610350+00:00",
      "2026-07-17 23:24:08.673779+00:00",
      "2026-07-17 23:24:08.747103+00:00",
      "2026-07-17 23:24:08.805752+00:00",
      "2026-07-17 23:24:08.886247+00:00",
      "2026-07-17 23:24:08.940919+00:00",
      "2026-07-17 23:24:09.125305+00:00",
      "2026-07-17 23:24:09.209745+00:00",
      "2026-07-17 23:24:09.290920+00:00",
      "2026-07-17 23:24:09.325644+00:00",
      "2026-07-17 23:24:09.371486+00:00",
      "2026-07-17 23:24:09.428359+00:00",
      "2026-07-17 23:24:09.506423+00:00",
      "2026-07-17 23:24:09.569776+00:00",
      "2026-07-17 23:24:09.629859+00:00"
    ]
  },
  "ocr": {
    "scope": "page",
    "count": 21,
    "times": [
      0.13381081726402044,
      0.19700349494814873,
      1.282430861145258,
      0.7893606321886182,
      0.5752444332465529,
      0.6624067584052682,
      0.6945300390943885,
      0.7489628121256828,
      0.8549645375460386,
      0.6615728894248605,
      0.6532841818407178,
      0.6740102246403694,
      0.7697591362521052,
      0.7558755287900567,
      0.12741777673363686,
      0.668959098868072,
      0.9421184547245502,
      1.078387557528913,
      0.1251508016139269,
      0.12633625231683254,
      0.12775359861552715
    ],
    "start_timestamps": [
      "2026-07-17 23:24:08.282803+00:00",
      "2026-07-17 23:24:08.416663+00:00",
      "2026-07-17 23:24:08.613679+00:00",
      "2026-07-17 23:24:09.896202+00:00",
      "2026-07-17 23:24:10.685578+00:00",
      "2026-07-17 23:24:11.260839+00:00",
      "2026-07-17 23:24:11.923262+00:00",
      "2026-07-17 23:24:12.617811+00:00",
      "2026-07-17 23:24:13.366790+00:00",
      "2026-07-17 23:24:14.221771+00:00",
      "2026-07-17 23:24:14.883361+00:00",
      "2026-07-17 23:24:15.536662+00:00",
      "2026-07-17 23:24:16.210691+00:00",
      "2026-07-17 23:24:16.980467+00:00",
      "2026-07-17 23:24:17.736362+00:00",
      "2026-07-17 23:24:17.863793+00:00",
      "2026-07-17 23:24:18.532771+00:00",
      "2026-07-17 23:24:19.474907+00:00",
      "2026-07-17 23:24:20.553312+00:00",
      "2026-07-17 23:24:20.678475+00:00",
      "2026-07-17 23:24:20.804824+00:00"
    ]
  },
  "layout": {
    "scope": "page",
    "count": 3,
    "times": [
      0.19937342405319214,
      0.05818343162536621,
      0.17310131527483463
    ],
    "start_timestamps": [
      "2026-07-17 23:24:08.416775+00:00",
      "2026-07-17 23:24:09.896273+00:00",
      "2026-07-17 23:24:20.932810+00:00"
    ]
  },
  "table_structure": {
    "scope": "page",
    "count": 21,
    "times": [
      1.8734484910964966e-05,
      0.2912646261975169,
      2.0128674805164337e-05,
      5.450379103422165e-05,
      1.4606863260269165e-05,
      1.2653879821300507e-05,
      0.24129995238035917,
      1.7171725630760193e-05,
      7.845461368560791e-06,
      7.184222340583801e-06,
      5.0691887736320496e-06,
      7.894821465015411e-06,
      5.541369318962097e-06,
      0.2666203612461686,
      0.1429546857252717,
      1.5769153833389282e-05,
      7.954426109790802e-06,
      8.325092494487762e-06,
      8.596107363700867e-06,
      0.5533363679423928,
      0.1619420750066638
    ],
    "start_timestamps": [
      "2026-07-17 23:24:08.623521+00:00",
      "2026-07-17 23:24:09.962135+00:00",
      "2026-07-17 23:24:10.253425+00:00",
      "2026-07-17 23:24:21.161486+00:00",
      "2026-07-17 23:24:21.161551+00:00",
      "2026-07-17 23:24:21.161572+00:00",
      "2026-07-17 23:24:21.161592+00:00",
      "2026-07-17 23:24:21.403021+00:00",
      "2026-07-17 23:24:21.403041+00:00",
      "2026-07-17 23:24:21.403053+00:00",
      "2026-07-17 23:24:21.403064+00:00",
      "2026-07-17 23:24:21.403091+00:00",
      "2026-07-17 23:24:21.403103+00:00",
      "2026-07-17 23:24:21.403112+00:00",
      "2026-07-17 23:24:21.669752+00:00",
      "2026-07-17 23:24:21.812807+00:00",
      "2026-07-17 23:24:21.812826+00:00",
      "2026-07-17 23:24:21.812837+00:00",
      "2026-07-17 23:24:21.812850+00:00",
      "2026-07-17 23:24:21.812880+00:00",
      "2026-07-17 23:24:22.366234+00:00"
    ]
  },
  "page_assemble": {
    "scope": "page",
    "count": 21,
    "times": [
      0.00018864497542381287,
      0.00014964211732149124,
      4.4362619519233704e-05,
      0.0002093631774187088,
      3.334321081638336e-05,
      8.713454008102417e-05,
      3.117881715297699e-05,
      6.01327046751976e-05,
      3.70098277926445e-05,
      5.850940942764282e-05,
      1.9856728613376617e-05,
      0.00010264292359352112,
      2.3344531655311584e-05,
      5.750823765993118e-05,
      3.726128488779068e-05,
      2.3645348846912384e-05,
      4.3322332203388214e-05,
      7.520150393247604e-05,
      0.0001331707462668419,
      0.00023666489869356155,
      0.0001658918336033821
    ],
    "start_timestamps": [
      "2026-07-17 23:24:08.623619+00:00",
      "2026-07-17 23:24:10.253640+00:00",
      "2026-07-17 23:24:10.253826+00:00",
      "2026-07-17 23:24:21.403167+00:00",
      "2026-07-17 23:24:21.403449+00:00",
      "2026-07-17 23:24:21.403505+00:00",
      "2026-07-17 23:24:21.403615+00:00",
      "2026-07-17 23:24:21.403667+00:00",
      "2026-07-17 23:24:21.403749+00:00",
      "2026-07-17 23:24:21.403804+00:00",
      "2026-07-17 23:24:21.403881+00:00",
      "2026-07-17 23:24:21.813723+00:00",
      "2026-07-17 23:24:21.813856+00:00",
      "2026-07-17 23:24:21.813900+00:00",
      "2026-07-17 23:24:21.813981+00:00",
      "2026-07-17 23:24:21.814041+00:00",
      "2026-07-17 23:24:21.814082+00:00",
      "2026-07-17 23:24:21.814142+00:00",
      "2026-07-17 23:24:21.814234+00:00",
      "2026-07-17 23:24:22.528376+00:00",
      "2026-07-17 23:24:22.528686+00:00"
    ]
  },
  "doc_assemble": {
    "scope": "document",
    "count": 1,
    "times": [
      0.02273627556860447
    ],
    "start_timestamps": [
      "2026-07-17 23:24:22.529146+00:00"
    ]
  },
  "reading_order": {
    "scope": "document",
    "count": 1,
    "times": [
      0.02201156225055456
    ],
    "start_timestamps": [
      "2026-07-17 23:24:22.529264+00:00"
    ]
  },
  "doc_enrich": {
    "scope": "document",
    "count": 1,
    "times": [
      12.648135993629694
    ],
    "start_timestamps": [
      "2026-07-17 23:24:22.551907+00:00"
    ]
  }
}
Function parse_pdf took 55.0784 seconds to execute.
Running: get_tables
Function get_tables took 0.0001 seconds to execute.
Running: get_surrounding_paragraphs
Function get_surrounding_paragraphs took 0.0001 seconds to execute.
