Running: parse_pdf
Raw PDF conversion timings:
{
  "pipeline_total": {
    "scope": "document",
    "count": 1,
    "times": [
      3.6546468939632177
    ],
    "start_timestamps": [
      "2026-07-17 19:20:15.204657+00:00"
    ]
  },
  "page_parse": {
    "scope": "page",
    "count": 4,
    "times": [
      0.15690727904438972,
      0.26612485107034445,
      0.17387117631733418,
      0.050223576836287975
    ],
    "start_timestamps": [
      "2026-07-17 19:20:15.208523+00:00",
      "2026-07-17 19:20:15.365474+00:00",
      "2026-07-17 19:20:15.631638+00:00",
      "2026-07-17 19:20:15.805556+00:00"
    ]
  },
  "ocr": {
    "scope": "page",
    "count": 4,
    "times": [
      0.2685102503746748,
      1.328654213808477,
      0.14093152061104774,
      0.12342958990484476
    ],
    "start_timestamps": [
      "2026-07-17 19:20:15.365794+00:00",
      "2026-07-17 19:20:15.634352+00:00",
      "2026-07-17 19:20:16.963100+00:00",
      "2026-07-17 19:20:17.104042+00:00"
    ]
  },
  "layout": {
    "scope": "page",
    "count": 3,
    "times": [
      0.23618270456790924,
      0.030249973759055138,
      0.05999709200114012
    ],
    "start_timestamps": [
      "2026-07-17 19:20:15.634429+00:00",
      "2026-07-17 19:20:16.963158+00:00",
      "2026-07-17 19:20:17.227586+00:00"
    ]
  },
  "table_structure": {
    "scope": "page",
    "count": 4,
    "times": [
      3.175996243953705e-05,
      1.9516795873641968e-05,
      2.5937333703041077e-05,
      8.987262845039368e-06
    ],
    "start_timestamps": [
      "2026-07-17 19:20:15.890990+00:00",
      "2026-07-17 19:20:17.007259+00:00",
      "2026-07-17 19:20:17.332299+00:00",
      "2026-07-17 19:20:17.332330+00:00"
    ]
  },
  "page_assemble": {
    "scope": "page",
    "count": 4,
    "times": [
      0.0004167044535279274,
      0.00018977653235197067,
      0.00036108028143644333,
      0.0001390613615512848
    ],
    "start_timestamps": [
      "2026-07-17 19:20:15.891082+00:00",
      "2026-07-17 19:20:17.007310+00:00",
      "2026-07-17 19:20:17.332449+00:00",
      "2026-07-17 19:20:17.332843+00:00"
    ]
  },
  "doc_assemble": {
    "scope": "document",
    "count": 1,
    "times": [
      0.015048944391310215
    ],
    "start_timestamps": [
      "2026-07-17 19:20:17.333132+00:00"
    ]
  },
  "reading_order": {
    "scope": "document",
    "count": 1,
    "times": [
      0.014669650234282017
    ],
    "start_timestamps": [
      "2026-07-17 19:20:17.333167+00:00"
    ]
  },
  "doc_enrich": {
    "scope": "document",
    "count": 1,
    "times": [
      1.5110879968851805
    ],
    "start_timestamps": [
      "2026-07-17 19:20:17.348204+00:00"
    ]
  }
}
All hyperlinked elements redacted in-memory.
Clean PDF conversion timings:
{
  "pipeline_total": {
    "scope": "document",
    "count": 1,
    "times": [
      3.5467753671109676
    ],
    "start_timestamps": [
      "2026-07-17 19:20:18.888189+00:00"
    ]
  },
  "page_parse": {
    "scope": "page",
    "count": 4,
    "times": [
      0.15719402767717838,
      0.23103410471230745,
      0.1548755345866084,
      0.04938475973904133
    ],
    "start_timestamps": [
      "2026-07-17 19:20:18.891355+00:00",
      "2026-07-17 19:20:19.048592+00:00",
      "2026-07-17 19:20:19.279666+00:00",
      "2026-07-17 19:20:19.434582+00:00"
    ]
  },
  "ocr": {
    "scope": "page",
    "count": 4,
    "times": [
      0.23337405920028687,
      1.2806950183585286,
      0.1245971079915762,
      0.12288270145654678
    ],
    "start_timestamps": [
      "2026-07-17 19:20:19.048861+00:00",
      "2026-07-17 19:20:19.282274+00:00",
      "2026-07-17 19:20:20.563084+00:00",
      "2026-07-17 19:20:20.687696+00:00"
    ]
  },
  "layout": {
    "scope": "page",
    "count": 3,
    "times": [
      0.22542507853358984,
      0.03059489279985428,
      0.060390522703528404
    ],
    "start_timestamps": [
      "2026-07-17 19:20:19.282346+00:00",
      "2026-07-17 19:20:20.563143+00:00",
      "2026-07-17 19:20:20.810726+00:00"
    ]
  },
  "table_structure": {
    "scope": "page",
    "count": 4,
    "times": [
      1.922622323036194e-05,
      2.4937093257904053e-05,
      2.5848858058452606e-05,
      8.636154234409332e-06
    ],
    "start_timestamps": [
      "2026-07-17 19:20:19.527543+00:00",
      "2026-07-17 19:20:20.607684+00:00",
      "2026-07-17 19:20:20.916627+00:00",
      "2026-07-17 19:20:20.916658+00:00"
    ]
  },
  "page_assemble": {
    "scope": "page",
    "count": 4,
    "times": [
      0.0002782447263598442,
      0.00019361451268196106,
      0.0003599179908633232,
      0.00011596828699111938
    ],
    "start_timestamps": [
      "2026-07-17 19:20:19.527612+00:00",
      "2026-07-17 19:20:20.607749+00:00",
      "2026-07-17 19:20:20.916773+00:00",
      "2026-07-17 19:20:20.917167+00:00"
    ]
  },
  "doc_assemble": {
    "scope": "document",
    "count": 1,
    "times": [
      0.01510307565331459
    ],
    "start_timestamps": [
      "2026-07-17 19:20:20.917450+00:00"
    ]
  },
  "reading_order": {
    "scope": "document",
    "count": 1,
    "times": [
      0.014667346142232418
    ],
    "start_timestamps": [
      "2026-07-17 19:20:20.917501+00:00"
    ]
  },
  "doc_enrich": {
    "scope": "document",
    "count": 1,
    "times": [
      1.5023706099018455
    ],
    "start_timestamps": [
      "2026-07-17 19:20:20.932579+00:00"
    ]
  }
}
Function parse_pdf took 7.2880 seconds to execute.
Running: get_tables
Function get_tables took 0.0000 seconds to execute.
Running: get_surrounding_paragraphs
Function get_surrounding_paragraphs took 0.0000 seconds to execute.
