Running: parse_pdf
Raw PDF conversion timings:
{
  "pipeline_total": {
    "scope": "document",
    "count": 1,
    "times": [
      10.664987933821976
    ],
    "start_timestamps": [
      "2026-07-18 00:43:53.611507+00:00"
    ]
  },
  "page_parse": {
    "scope": "page",
    "count": 10,
    "times": [
      0.11204026825726032,
      0.12311697285622358,
      0.12349268887192011,
      0.10004360321909189,
      0.18201976642012596,
      0.1683942750096321,
      0.21427933126688004,
      0.13893287349492311,
      0.1203713845461607,
      0.12967556528747082
    ],
    "start_timestamps": [
      "2026-07-18 00:43:53.618261+00:00",
      "2026-07-18 00:43:53.730343+00:00",
      "2026-07-18 00:43:53.853500+00:00",
      "2026-07-18 00:43:53.977034+00:00",
      "2026-07-18 00:43:54.077129+00:00",
      "2026-07-18 00:43:54.259204+00:00",
      "2026-07-18 00:43:54.427647+00:00",
      "2026-07-18 00:43:54.641971+00:00",
      "2026-07-18 00:43:54.780949+00:00",
      "2026-07-18 00:43:54.901388+00:00"
    ]
  },
  "ocr": {
    "scope": "page",
    "count": 10,
    "times": [
      1.8436905415728688,
      0.5895586051046848,
      0.7961172088980675,
      0.13020116370171309,
      0.756345416419208,
      1.1412165090441704,
      1.3206318253651261,
      0.12624036986380816,
      0.13143118750303984,
      0.13113660365343094
    ],
    "start_timestamps": [
      "2026-07-18 00:43:53.730762+00:00",
      "2026-07-18 00:43:55.574530+00:00",
      "2026-07-18 00:43:56.164105+00:00",
      "2026-07-18 00:43:56.960241+00:00",
      "2026-07-18 00:43:57.090457+00:00",
      "2026-07-18 00:43:57.846821+00:00",
      "2026-07-18 00:43:58.988055+00:00",
      "2026-07-18 00:44:00.308707+00:00",
      "2026-07-18 00:44:00.434959+00:00",
      "2026-07-18 00:44:00.566408+00:00"
    ]
  },
  "layout": {
    "scope": "page",
    "count": 2,
    "times": [
      0.06927602458745241,
      0.11629777029156685
    ],
    "start_timestamps": [
      "2026-07-18 00:43:55.574642+00:00",
      "2026-07-18 00:44:00.697715+00:00"
    ]
  },
  "table_structure": {
    "scope": "page",
    "count": 10,
    "times": [
      5.104579031467438e-05,
      5.918089300394058e-05,
      2.6499852538108826e-05,
      0.7197665134444833,
      0.2753696534782648,
      2.838391810655594e-05,
      1.1241063475608826e-05,
      1.8093734979629517e-05,
      2.2171996533870697e-05,
      2.2112391889095306e-05
    ],
    "start_timestamps": [
      "2026-07-18 00:43:55.700053+00:00",
      "2026-07-18 00:44:01.478003+00:00",
      "2026-07-18 00:44:01.478073+00:00",
      "2026-07-18 00:44:01.478108+00:00",
      "2026-07-18 00:44:02.197892+00:00",
      "2026-07-18 00:44:02.473380+00:00",
      "2026-07-18 00:44:02.473412+00:00",
      "2026-07-18 00:44:02.473427+00:00",
      "2026-07-18 00:44:02.473449+00:00",
      "2026-07-18 00:44:02.473491+00:00"
    ]
  },
  "page_assemble": {
    "scope": "page",
    "count": 10,
    "times": [
      0.003911169245839119,
      0.0009138099849224091,
      0.0007916605100035667,
      0.0008800560608506203,
      0.0009177559986710548,
      0.0006930045783519745,
      0.0007135728374123573,
      0.006206308491528034,
      0.019489235244691372,
      0.016514056362211704
    ],
    "start_timestamps": [
      "2026-07-18 00:43:55.700223+00:00",
      "2026-07-18 00:44:02.473614+00:00",
      "2026-07-18 00:44:02.474563+00:00",
      "2026-07-18 00:44:02.475375+00:00",
      "2026-07-18 00:44:02.476277+00:00",
      "2026-07-18 00:44:02.477215+00:00",
      "2026-07-18 00:44:02.477927+00:00",
      "2026-07-18 00:44:02.478660+00:00",
      "2026-07-18 00:44:02.484895+00:00",
      "2026-07-18 00:44:02.504420+00:00"
    ]
  },
  "doc_assemble": {
    "scope": "document",
    "count": 1,
    "times": [
      0.04857374634593725
    ],
    "start_timestamps": [
      "2026-07-18 00:44:02.521208+00:00"
    ]
  },
  "reading_order": {
    "scope": "document",
    "count": 1,
    "times": [
      0.047868188470602036
    ],
    "start_timestamps": [
      "2026-07-18 00:44:02.521467+00:00"
    ]
  },
  "doc_enrich": {
    "scope": "document",
    "count": 1,
    "times": [
      1.7066739918664098
    ],
    "start_timestamps": [
      "2026-07-18 00:44:02.569803+00:00"
    ]
  }
}
All hyperlinked elements redacted in-memory.
Clean PDF conversion timings:
{
  "pipeline_total": {
    "scope": "document",
    "count": 1,
    "times": [
      10.840229925699532
    ],
    "start_timestamps": [
      "2026-07-18 00:44:04.993013+00:00"
    ]
  },
  "page_parse": {
    "scope": "page",
    "count": 10,
    "times": [
      0.10444576665759087,
      0.11917632631957531,
      0.11106388177722692,
      0.1441659526899457,
      0.1607427578419447,
      0.43561235815286636,
      0.13739475049078465,
      0.07910578232258558,
      0.07561867963522673,
      0.0684113260358572
    ],
    "start_timestamps": [
      "2026-07-18 00:44:04.998907+00:00",
      "2026-07-18 00:44:05.103397+00:00",
      "2026-07-18 00:44:05.222619+00:00",
      "2026-07-18 00:44:05.333727+00:00",
      "2026-07-18 00:44:05.477941+00:00",
      "2026-07-18 00:44:05.638738+00:00",
      "2026-07-18 00:44:06.074397+00:00",
      "2026-07-18 00:44:06.211836+00:00",
      "2026-07-18 00:44:06.290991+00:00",
      "2026-07-18 00:44:06.366655+00:00"
    ]
  },
  "ocr": {
    "scope": "page",
    "count": 10,
    "times": [
      1.7945942413061857,
      0.5685345027595758,
      0.8326284671202302,
      0.13179604522883892,
      0.8021463649347425,
      1.1215866710990667,
      1.3731665033847094,
      0.12402600329369307,
      0.12552095763385296,
      0.12549849413335323
    ],
    "start_timestamps": [
      "2026-07-18 00:44:05.103726+00:00",
      "2026-07-18 00:44:06.898392+00:00",
      "2026-07-18 00:44:07.466944+00:00",
      "2026-07-18 00:44:08.299593+00:00",
      "2026-07-18 00:44:08.431410+00:00",
      "2026-07-18 00:44:09.233574+00:00",
      "2026-07-18 00:44:10.355177+00:00",
      "2026-07-18 00:44:11.728363+00:00",
      "2026-07-18 00:44:11.852408+00:00",
      "2026-07-18 00:44:11.977930+00:00"
    ]
  },
  "layout": {
    "scope": "page",
    "count": 2,
    "times": [
      0.07148067280650139,
      0.13451236672699451
    ],
    "start_timestamps": [
      "2026-07-18 00:44:06.898475+00:00",
      "2026-07-18 00:44:12.103705+00:00"
    ]
  },
  "table_structure": {
    "scope": "page",
    "count": 10,
    "times": [
      3.6207959055900574e-05,
      2.309214323759079e-05,
      7.715076208114624e-06,
      0.7180798975750804,
      0.27305179089307785,
      2.106931060552597e-05,
      8.667819201946259e-06,
      1.552887260913849e-05,
      1.1411495506763458e-05,
      7.374212145805359e-06
    ],
    "start_timestamps": [
      "2026-07-18 00:44:07.011643+00:00",
      "2026-07-18 00:44:13.086167+00:00",
      "2026-07-18 00:44:13.086196+00:00",
      "2026-07-18 00:44:13.086208+00:00",
      "2026-07-18 00:44:13.804303+00:00",
      "2026-07-18 00:44:14.077475+00:00",
      "2026-07-18 00:44:14.077500+00:00",
      "2026-07-18 00:44:14.077512+00:00",
      "2026-07-18 00:44:14.077531+00:00",
      "2026-07-18 00:44:14.077563+00:00"
    ]
  },
  "page_assemble": {
    "scope": "page",
    "count": 10,
    "times": [
      0.0009916163980960846,
      0.0005944091826677322,
      0.0004147002473473549,
      0.00032881833612918854,
      0.0005718162283301353,
      0.0003696652129292488,
      0.00037617795169353485,
      0.0020431652665138245,
      0.00041869934648275375,
      0.0002550799399614334
    ],
    "start_timestamps": [
      "2026-07-18 00:44:07.011750+00:00",
      "2026-07-18 00:44:14.077664+00:00",
      "2026-07-18 00:44:14.078294+00:00",
      "2026-07-18 00:44:14.078729+00:00",
      "2026-07-18 00:44:14.079076+00:00",
      "2026-07-18 00:44:14.079668+00:00",
      "2026-07-18 00:44:14.080055+00:00",
      "2026-07-18 00:44:14.080449+00:00",
      "2026-07-18 00:44:14.082512+00:00",
      "2026-07-18 00:44:14.082948+00:00"
    ]
  },
  "doc_assemble": {
    "scope": "document",
    "count": 1,
    "times": [
      0.046841767616569996
    ],
    "start_timestamps": [
      "2026-07-18 00:44:14.083390+00:00"
    ]
  },
  "reading_order": {
    "scope": "document",
    "count": 1,
    "times": [
      0.04636440798640251
    ],
    "start_timestamps": [
      "2026-07-18 00:44:14.083476+00:00"
    ]
  },
  "doc_enrich": {
    "scope": "document",
    "count": 1,
    "times": [
      1.7029693415388465
    ],
    "start_timestamps": [
      "2026-07-18 00:44:14.130255+00:00"
    ]
  }
}
Function parse_pdf took 22.3582 seconds to execute.
Running: get_tables
Function get_tables took 0.0001 seconds to execute.
Running: get_surrounding_paragraphs
Function get_surrounding_paragraphs took 0.0001 seconds to execute.
