Running: parse_pdf
Raw PDF conversion timings:
{
  "pipeline_total": {
    "scope": "document",
    "count": 1,
    "times": [
      44.81002997327596
    ],
    "start_timestamps": [
      "2026-07-23 17:17:26.308444+00:00"
    ]
  },
  "page_parse": {
    "scope": "page",
    "count": 5,
    "times": [
      0.10849974118173122,
      0.10743236169219017,
      0.10823344998061657,
      0.10287739057093859,
      0.057252020575106144
    ],
    "start_timestamps": [
      "2026-07-23 17:17:26.314861+00:00",
      "2026-07-23 17:17:26.423411+00:00",
      "2026-07-23 17:17:26.530885+00:00",
      "2026-07-23 17:17:26.639154+00:00",
      "2026-07-23 17:17:26.742079+00:00"
    ]
  },
  "ocr": {
    "scope": "page",
    "count": 5,
    "times": [
      0.12873537186533213,
      0.7275507785379887,
      1.61530736181885,
      0.9204778391867876,
      0.12085821852087975
    ],
    "start_timestamps": [
      "2026-07-23 17:17:26.423675+00:00",
      "2026-07-23 17:17:26.552453+00:00",
      "2026-07-23 17:17:27.280082+00:00",
      "2026-07-23 17:17:28.895419+00:00",
      "2026-07-23 17:17:29.815912+00:00"
    ]
  },
  "layout": {
    "scope": "page",
    "count": 3,
    "times": [
      0.26479596737772226,
      0.02654618676751852,
      0.06212391797453165
    ],
    "start_timestamps": [
      "2026-07-23 17:17:26.552569+00:00",
      "2026-07-23 17:17:27.280152+00:00",
      "2026-07-23 17:17:29.936938+00:00"
    ]
  },
  "table_structure": {
    "scope": "page",
    "count": 5,
    "times": [
      2.1319836378097534e-05,
      0.4250821154564619,
      0.3066050475463271,
      0.4189880359917879,
      2.042856067419052e-05
    ],
    "start_timestamps": [
      "2026-07-23 17:17:26.881052+00:00",
      "2026-07-23 17:17:27.367658+00:00",
      "2026-07-23 17:17:30.158683+00:00",
      "2026-07-23 17:17:30.465301+00:00",
      "2026-07-23 17:17:30.884303+00:00"
    ]
  },
  "page_assemble": {
    "scope": "page",
    "count": 5,
    "times": [
      0.0005637118592858315,
      0.00040794815868139267,
      0.00041812658309936523,
      0.0003573531284928322,
      0.0002741459757089615
    ],
    "start_timestamps": [
      "2026-07-23 17:17:26.881137+00:00",
      "2026-07-23 17:17:27.792983+00:00",
      "2026-07-23 17:17:30.884521+00:00",
      "2026-07-23 17:17:30.884977+00:00",
      "2026-07-23 17:17:30.885356+00:00"
    ]
  },
  "doc_assemble": {
    "scope": "document",
    "count": 1,
    "times": [
      0.02273497451096773
    ],
    "start_timestamps": [
      "2026-07-23 17:17:30.885800+00:00"
    ]
  },
  "reading_order": {
    "scope": "document",
    "count": 1,
    "times": [
      0.0222970899194479
    ],
    "start_timestamps": [
      "2026-07-23 17:17:30.885867+00:00"
    ]
  },
  "doc_enrich": {
    "scope": "document",
    "count": 1,
    "times": [
      40.209873464889824
    ],
    "start_timestamps": [
      "2026-07-23 17:17:30.908558+00:00"
    ]
  }
}
All hyperlinked elements redacted in-memory.
Clean PDF conversion timings:
{
  "pipeline_total": {
    "scope": "document",
    "count": 1,
    "times": [
      44.86754811741412
    ],
    "start_timestamps": [
      "2026-07-23 17:18:11.191161+00:00"
    ]
  },
  "page_parse": {
    "scope": "page",
    "count": 5,
    "times": [
      0.10425660852342844,
      0.11132374778389931,
      0.10572468116879463,
      0.09980897791683674,
      0.06298441346734762
    ],
    "start_timestamps": [
      "2026-07-23 17:18:11.196849+00:00",
      "2026-07-23 17:18:11.301145+00:00",
      "2026-07-23 17:18:11.412510+00:00",
      "2026-07-23 17:18:11.518279+00:00",
      "2026-07-23 17:18:11.618131+00:00"
    ]
  },
  "ocr": {
    "scope": "page",
    "count": 5,
    "times": [
      0.12863650918006897,
      0.727554926648736,
      1.7181828413158655,
      0.9523219922557473,
      0.11766105517745018
    ],
    "start_timestamps": [
      "2026-07-23 17:18:11.301466+00:00",
      "2026-07-23 17:18:11.430143+00:00",
      "2026-07-23 17:18:12.157770+00:00",
      "2026-07-23 17:18:13.875975+00:00",
      "2026-07-23 17:18:14.828317+00:00"
    ]
  },
  "layout": {
    "scope": "page",
    "count": 3,
    "times": [
      0.28403468523174524,
      0.026463192887604237,
      0.06336209457367659
    ],
    "start_timestamps": [
      "2026-07-23 17:18:11.430245+00:00",
      "2026-07-23 17:18:12.157829+00:00",
      "2026-07-23 17:18:14.946148+00:00"
    ]
  },
  "table_structure": {
    "scope": "page",
    "count": 5,
    "times": [
      2.298317849636078e-05,
      0.7010227655991912,
      0.3066811552271247,
      0.41835184674710035,
      2.6989728212356567e-05
    ],
    "start_timestamps": [
      "2026-07-23 17:18:11.853468+00:00",
      "2026-07-23 17:18:12.242962+00:00",
      "2026-07-23 17:18:15.163859+00:00",
      "2026-07-23 17:18:15.470555+00:00",
      "2026-07-23 17:18:15.888921+00:00"
    ]
  },
  "page_assemble": {
    "scope": "page",
    "count": 5,
    "times": [
      0.0003804657608270645,
      0.0004564588889479637,
      0.0005020936951041222,
      0.00039443187415599823,
      0.00023964233696460724
    ],
    "start_timestamps": [
      "2026-07-23 17:18:11.853542+00:00",
      "2026-07-23 17:18:12.944260+00:00",
      "2026-07-23 17:18:15.889167+00:00",
      "2026-07-23 17:18:15.889709+00:00",
      "2026-07-23 17:18:15.890130+00:00"
    ]
  },
  "doc_assemble": {
    "scope": "document",
    "count": 1,
    "times": [
      0.022484435699880123
    ],
    "start_timestamps": [
      "2026-07-23 17:18:15.890602+00:00"
    ]
  },
  "reading_order": {
    "scope": "document",
    "count": 1,
    "times": [
      0.02201412059366703
    ],
    "start_timestamps": [
      "2026-07-23 17:18:15.890672+00:00"
    ]
  },
  "doc_enrich": {
    "scope": "document",
    "count": 1,
    "times": [
      40.14556868001819
    ],
    "start_timestamps": [
      "2026-07-23 17:18:15.913118+00:00"
    ]
  }
}
Function parse_pdf took 89.8329 seconds to execute.
Running: get_tables
Function get_tables took 0.0000 seconds to execute.
Running: get_surrounding_paragraphs
Function get_surrounding_paragraphs took 0.0001 seconds to execute.
