Running: parse_pdf
Raw PDF conversion timings:
{
  "pipeline_total": {
    "scope": "document",
    "count": 1,
    "times": [
      145.7773032458499
    ],
    "start_timestamps": [
      "2026-07-17 16:33:55.639055+00:00"
    ]
  },
  "page_parse": {
    "scope": "page",
    "count": 23,
    "times": [
      0.10248277429491282,
      0.46596350613981485,
      0.5149207096546888,
      0.42359465919435024,
      0.41775169409811497,
      0.37873730063438416,
      0.25512129813432693,
      0.4455734072253108,
      0.4530025962740183,
      0.48736209236085415,
      0.3525472078472376,
      0.24406119715422392,
      0.3146855225786567,
      0.31044264789670706,
      0.3632106427103281,
      0.3822354329749942,
      0.4012681469321251,
      0.37884661462157965,
      0.37390585895627737,
      0.3751804670318961,
      0.23437717370688915,
      0.43274102080613375,
      0.26554265804588795
    ],
    "start_timestamps": [
      "2026-07-17 16:33:55.641049+00:00",
      "2026-07-17 16:33:55.743591+00:00",
      "2026-07-17 16:33:56.209606+00:00",
      "2026-07-17 16:33:56.724592+00:00",
      "2026-07-17 16:33:57.148238+00:00",
      "2026-07-17 16:33:57.566032+00:00",
      "2026-07-17 16:33:57.944813+00:00",
      "2026-07-17 16:33:58.199979+00:00",
      "2026-07-17 16:33:58.645597+00:00",
      "2026-07-17 16:33:59.098649+00:00",
      "2026-07-17 16:33:59.586063+00:00",
      "2026-07-17 16:33:59.938656+00:00",
      "2026-07-17 16:34:00.182761+00:00",
      "2026-07-17 16:34:00.497493+00:00",
      "2026-07-17 16:34:00.807986+00:00",
      "2026-07-17 16:34:01.171250+00:00",
      "2026-07-17 16:34:01.553537+00:00",
      "2026-07-17 16:34:01.954847+00:00",
      "2026-07-17 16:34:02.333737+00:00",
      "2026-07-17 16:34:02.707688+00:00",
      "2026-07-17 16:34:03.082926+00:00",
      "2026-07-17 16:34:03.317352+00:00",
      "2026-07-17 16:34:03.750134+00:00"
    ]
  },
  "ocr": {
    "scope": "page",
    "count": 23,
    "times": [
      4.85054746363312,
      4.90644820407033,
      3.7598559809848666,
      3.3494440466165543,
      1.7389509603381157,
      2.946859896183014,
      2.096116116270423,
      2.947429177351296,
      3.1902413833886385,
      3.6203880375251174,
      2.877943305298686,
      2.3985951086506248,
      2.4125287225469947,
      6.015134478919208,
      4.052010458894074,
      4.395909480750561,
      4.325568431057036,
      1.880251177586615,
      2.1824430162087083,
      2.475894208997488,
      0.9596627978608012,
      4.20072456728667,
      1.504346190020442
    ],
    "start_timestamps": [
      "2026-07-17 16:33:55.743675+00:00",
      "2026-07-17 16:34:00.594304+00:00",
      "2026-07-17 16:34:05.500770+00:00",
      "2026-07-17 16:34:09.260654+00:00",
      "2026-07-17 16:34:12.610117+00:00",
      "2026-07-17 16:34:14.349088+00:00",
      "2026-07-17 16:34:17.295967+00:00",
      "2026-07-17 16:34:19.392101+00:00",
      "2026-07-17 16:34:22.339550+00:00",
      "2026-07-17 16:34:25.529812+00:00",
      "2026-07-17 16:34:29.150217+00:00",
      "2026-07-17 16:34:32.028179+00:00",
      "2026-07-17 16:34:34.426793+00:00",
      "2026-07-17 16:34:36.839488+00:00",
      "2026-07-17 16:34:42.854641+00:00",
      "2026-07-17 16:34:46.906669+00:00",
      "2026-07-17 16:34:51.302597+00:00",
      "2026-07-17 16:34:55.628187+00:00",
      "2026-07-17 16:34:57.508455+00:00",
      "2026-07-17 16:34:59.690918+00:00",
      "2026-07-17 16:35:02.166833+00:00",
      "2026-07-17 16:35:03.126516+00:00",
      "2026-07-17 16:35:07.327303+00:00"
    ]
  },
  "layout": {
    "scope": "page",
    "count": 3,
    "times": [
      0.06751879211515188,
      0.15248616691678762,
      0.12330301199108362
    ],
    "start_timestamps": [
      "2026-07-17 16:34:00.594463+00:00",
      "2026-07-17 16:34:36.839614+00:00",
      "2026-07-17 16:35:08.831985+00:00"
    ]
  },
  "table_structure": {
    "scope": "page",
    "count": 23,
    "times": [
      2.141110599040985e-05,
      2.1286915680393577,
      0.49886242486536503,
      1.689356124959886,
      2.80626118183136e-05,
      1.1260503409430385,
      1.5103069758042693,
      1.5254334853962064,
      1.8769719116389751,
      4.60522036254406,
      1.6721802055835724,
      2.077229319140315,
      4.224013537168503e-05,
      1.9432629840448499,
      1.985401607118547,
      1.3471078295260668,
      1.892671637237072,
      0.8654444674029946,
      1.6203814074397087,
      1.8433098178356886,
      4.2419880628585815e-05,
      5.4863281548023224e-05,
      1.4428049325942993e-05
    ],
    "start_timestamps": [
      "2026-07-17 16:34:00.674079+00:00",
      "2026-07-17 16:34:37.520834+00:00",
      "2026-07-17 16:34:39.649531+00:00",
      "2026-07-17 16:34:40.148419+00:00",
      "2026-07-17 16:34:41.837792+00:00",
      "2026-07-17 16:34:41.837967+00:00",
      "2026-07-17 16:34:42.964034+00:00",
      "2026-07-17 16:34:44.474359+00:00",
      "2026-07-17 16:34:45.999810+00:00",
      "2026-07-17 16:34:47.877051+00:00",
      "2026-07-17 16:34:52.482290+00:00",
      "2026-07-17 16:34:54.154487+00:00",
      "2026-07-17 16:34:56.231738+00:00",
      "2026-07-17 16:35:09.147708+00:00",
      "2026-07-17 16:35:11.090987+00:00",
      "2026-07-17 16:35:13.076415+00:00",
      "2026-07-17 16:35:14.423539+00:00",
      "2026-07-17 16:35:16.316549+00:00",
      "2026-07-17 16:35:17.182031+00:00",
      "2026-07-17 16:35:18.802432+00:00",
      "2026-07-17 16:35:20.645768+00:00",
      "2026-07-17 16:35:20.646073+00:00",
      "2026-07-17 16:35:20.646135+00:00"
    ]
  },
  "page_assemble": {
    "scope": "page",
    "count": 23,
    "times": [
      0.0016002319753170013,
      0.000248628668487072,
      0.00025022029876708984,
      0.00022006407380104065,
      0.0001741284504532814,
      0.0003335578367114067,
      7.496215403079987e-05,
      0.0002415049821138382,
      0.0001045670360326767,
      8.095148950815201e-05,
      0.00031333882361650467,
      3.233086317777634e-05,
      0.0003079483285546303,
      0.0001040259376168251,
      6.248708814382553e-05,
      7.843691855669022e-05,
      4.2669475078582764e-05,
      0.00034102238714694977,
      5.5524520576000214e-05,
      2.586841583251953e-05,
      6.0794875025749207e-05,
      0.0005652438849210739,
      0.0001569446176290512
    ],
    "start_timestamps": [
      "2026-07-17 16:34:00.795710+00:00",
      "2026-07-17 16:34:41.838077+00:00",
      "2026-07-17 16:34:41.838368+00:00",
      "2026-07-17 16:34:41.838641+00:00",
      "2026-07-17 16:34:41.838885+00:00",
      "2026-07-17 16:34:47.877119+00:00",
      "2026-07-17 16:34:47.877493+00:00",
      "2026-07-17 16:34:47.877589+00:00",
      "2026-07-17 16:34:47.877854+00:00",
      "2026-07-17 16:34:56.232263+00:00",
      "2026-07-17 16:34:56.232386+00:00",
      "2026-07-17 16:34:56.232728+00:00",
      "2026-07-17 16:34:56.232781+00:00",
      "2026-07-17 16:35:16.317439+00:00",
      "2026-07-17 16:35:16.317631+00:00",
      "2026-07-17 16:35:16.317726+00:00",
      "2026-07-17 16:35:16.317832+00:00",
      "2026-07-17 16:35:20.646286+00:00",
      "2026-07-17 16:35:20.646715+00:00",
      "2026-07-17 16:35:20.646808+00:00",
      "2026-07-17 16:35:20.646854+00:00",
      "2026-07-17 16:35:20.646940+00:00",
      "2026-07-17 16:35:20.647538+00:00"
    ]
  },
  "doc_assemble": {
    "scope": "document",
    "count": 1,
    "times": [
      0.11991569213569164
    ],
    "start_timestamps": [
      "2026-07-17 16:35:20.648246+00:00"
    ]
  },
  "reading_order": {
    "scope": "document",
    "count": 1,
    "times": [
      0.11878576502203941
    ],
    "start_timestamps": [
      "2026-07-17 16:35:20.648514+00:00"
    ]
  },
  "doc_enrich": {
    "scope": "document",
    "count": 1,
    "times": [
      60.648054322227836
    ],
    "start_timestamps": [
      "2026-07-17 16:35:20.768218+00:00"
    ]
  }
}
All hyperlinked elements redacted in-memory.
Clean PDF conversion timings:
{
  "pipeline_total": {
    "scope": "document",
    "count": 1,
    "times": [
      142.26411959063262
    ],
    "start_timestamps": [
      "2026-07-17 16:36:21.968761+00:00"
    ]
  },
  "page_parse": {
    "scope": "page",
    "count": 23,
    "times": [
      0.09851689077913761,
      0.3526671938598156,
      0.534320225007832,
      0.45441040489822626,
      0.27104700449854136,
      0.32514107320457697,
      0.25085254292935133,
      0.31151108630001545,
      0.308368562720716,
      0.31343826185911894,
      0.29993708711117506,
      0.24626982025802135,
      0.3139812843874097,
      0.2661485271528363,
      0.23832448944449425,
      0.4059701105579734,
      0.3506547035649419,
      0.39966831263154745,
      0.3473895089700818,
      0.23499736841768026,
      0.2395933773368597,
      0.4365422800183296,
      0.32785467989742756
    ],
    "start_timestamps": [
      "2026-07-17 16:36:21.973938+00:00",
      "2026-07-17 16:36:22.072497+00:00",
      "2026-07-17 16:36:22.425204+00:00",
      "2026-07-17 16:36:22.959576+00:00",
      "2026-07-17 16:36:23.414032+00:00",
      "2026-07-17 16:36:23.685124+00:00",
      "2026-07-17 16:36:24.010312+00:00",
      "2026-07-17 16:36:24.261210+00:00",
      "2026-07-17 16:36:24.572766+00:00",
      "2026-07-17 16:36:24.881204+00:00",
      "2026-07-17 16:36:25.194701+00:00",
      "2026-07-17 16:36:25.494683+00:00",
      "2026-07-17 16:36:25.741003+00:00",
      "2026-07-17 16:36:26.055028+00:00",
      "2026-07-17 16:36:26.321221+00:00",
      "2026-07-17 16:36:26.559606+00:00",
      "2026-07-17 16:36:26.965626+00:00",
      "2026-07-17 16:36:27.316329+00:00",
      "2026-07-17 16:36:27.716046+00:00",
      "2026-07-17 16:36:28.063487+00:00",
      "2026-07-17 16:36:28.298527+00:00",
      "2026-07-17 16:36:28.538166+00:00",
      "2026-07-17 16:36:28.974802+00:00"
    ]
  },
  "ocr": {
    "scope": "page",
    "count": 23,
    "times": [
      4.316836178302765,
      4.318065105937421,
      3.691935027949512,
      3.223491738550365,
      1.6948795542120934,
      2.821202974766493,
      2.037072343751788,
      2.819187662564218,
      3.079580678604543,
      3.509759674780071,
      2.8255303781479597,
      2.3504152363166213,
      2.3979188138619065,
      2.8725575413554907,
      4.616113188676536,
      4.611709892749786,
      4.6406100848689675,
      3.1750651439651847,
      4.574275021441281,
      2.380237561650574,
      0.9265152802690864,
      3.71998839545995,
      1.4799111187458038
    ],
    "start_timestamps": [
      "2026-07-17 16:36:22.072560+00:00",
      "2026-07-17 16:36:26.389552+00:00",
      "2026-07-17 16:36:30.707658+00:00",
      "2026-07-17 16:36:34.399616+00:00",
      "2026-07-17 16:36:37.623128+00:00",
      "2026-07-17 16:36:39.318033+00:00",
      "2026-07-17 16:36:42.139255+00:00",
      "2026-07-17 16:36:44.176347+00:00",
      "2026-07-17 16:36:46.995556+00:00",
      "2026-07-17 16:36:50.075168+00:00",
      "2026-07-17 16:36:53.584948+00:00",
      "2026-07-17 16:36:56.410502+00:00",
      "2026-07-17 16:36:58.760938+00:00",
      "2026-07-17 16:37:01.158883+00:00",
      "2026-07-17 16:37:04.031806+00:00",
      "2026-07-17 16:37:08.647938+00:00",
      "2026-07-17 16:37:13.259701+00:00",
      "2026-07-17 16:37:17.900329+00:00",
      "2026-07-17 16:37:21.075421+00:00",
      "2026-07-17 16:37:25.649718+00:00",
      "2026-07-17 16:37:28.029975+00:00",
      "2026-07-17 16:37:28.956508+00:00",
      "2026-07-17 16:37:32.676516+00:00"
    ]
  },
  "layout": {
    "scope": "page",
    "count": 3,
    "times": [
      0.17630445584654808,
      0.18576097022742033,
      0.12054437678307295
    ],
    "start_timestamps": [
      "2026-07-17 16:36:26.389762+00:00",
      "2026-07-17 16:37:04.032005+00:00",
      "2026-07-17 16:37:34.156742+00:00"
    ]
  },
  "table_structure": {
    "scope": "page",
    "count": 23,
    "times": [
      2.0157545804977417e-05,
      1.696194608695805,
      0.42842787969857454,
      1.3902199808508158,
      2.9996037483215332e-05,
      1.1692293491214514,
      1.130301347002387,
      1.0982912825420499,
      1.96153767965734,
      3.8014184338971972,
      1.1630554804578424,
      2.4060232853516936,
      5.125720053911209e-05,
      2.5616463646292686,
      1.6313390359282494,
      1.7546278983354568,
      1.8863799022510648,
      0.8581616198644042,
      1.6189692802727222,
      1.8380879620090127,
      1.7773360013961792e-05,
      3.4234486520290375e-05,
      1.527927815914154e-05
    ],
    "start_timestamps": [
      "2026-07-17 16:36:26.573847+00:00",
      "2026-07-17 16:37:04.679372+00:00",
      "2026-07-17 16:37:06.375587+00:00",
      "2026-07-17 16:37:06.804031+00:00",
      "2026-07-17 16:37:08.194269+00:00",
      "2026-07-17 16:37:08.194489+00:00",
      "2026-07-17 16:37:09.363739+00:00",
      "2026-07-17 16:37:10.494058+00:00",
      "2026-07-17 16:37:11.592384+00:00",
      "2026-07-17 16:37:13.554461+00:00",
      "2026-07-17 16:37:17.355897+00:00",
      "2026-07-17 16:37:18.518989+00:00",
      "2026-07-17 16:37:20.925046+00:00",
      "2026-07-17 16:37:20.925457+00:00",
      "2026-07-17 16:37:34.456098+00:00",
      "2026-07-17 16:37:36.087454+00:00",
      "2026-07-17 16:37:37.842097+00:00",
      "2026-07-17 16:37:39.728493+00:00",
      "2026-07-17 16:37:40.586809+00:00",
      "2026-07-17 16:37:42.205796+00:00",
      "2026-07-17 16:37:44.043902+00:00",
      "2026-07-17 16:37:44.043922+00:00",
      "2026-07-17 16:37:44.044277+00:00"
    ]
  },
  "page_assemble": {
    "scope": "page",
    "count": 23,
    "times": [
      0.0004555666819214821,
      0.00016183406114578247,
      0.00025806576013565063,
      0.00021554436534643173,
      0.00020219944417476654,
      0.0006785159930586815,
      0.00019757170230150223,
      0.0003278171643614769,
      0.00020758062601089478,
      0.00011557713150978088,
      0.00029001571238040924,
      4.029553383588791e-05,
      0.0004081679508090019,
      0.00010246317833662033,
      8.512008935213089e-05,
      6.768759340047836e-05,
      6.731599569320679e-05,
      6.987154483795166e-05,
      7.496029138565063e-05,
      2.5467947125434875e-05,
      6.476137787103653e-05,
      0.0005388138815760612,
      0.0001085745170712471
    ],
    "start_timestamps": [
      "2026-07-17 16:36:26.573930+00:00",
      "2026-07-17 16:37:08.194623+00:00",
      "2026-07-17 16:37:08.194827+00:00",
      "2026-07-17 16:37:08.195114+00:00",
      "2026-07-17 16:37:08.195355+00:00",
      "2026-07-17 16:37:13.554593+00:00",
      "2026-07-17 16:37:13.555338+00:00",
      "2026-07-17 16:37:13.555600+00:00",
      "2026-07-17 16:37:13.555981+00:00",
      "2026-07-17 16:37:20.925553+00:00",
      "2026-07-17 16:37:20.925710+00:00",
      "2026-07-17 16:37:20.926028+00:00",
      "2026-07-17 16:37:20.926097+00:00",
      "2026-07-17 16:37:23.487490+00:00",
      "2026-07-17 16:37:40.587602+00:00",
      "2026-07-17 16:37:40.587723+00:00",
      "2026-07-17 16:37:40.587824+00:00",
      "2026-07-17 16:37:40.587911+00:00",
      "2026-07-17 16:37:44.044353+00:00",
      "2026-07-17 16:37:44.044465+00:00",
      "2026-07-17 16:37:44.044521+00:00",
      "2026-07-17 16:37:44.044609+00:00",
      "2026-07-17 16:37:44.045172+00:00"
    ]
  },
  "doc_assemble": {
    "scope": "document",
    "count": 1,
    "times": [
      0.11650056857615709
    ],
    "start_timestamps": [
      "2026-07-17 16:37:44.045613+00:00"
    ]
  },
  "reading_order": {
    "scope": "document",
    "count": 1,
    "times": [
      0.11585318017750978
    ],
    "start_timestamps": [
      "2026-07-17 16:37:44.045733+00:00"
    ]
  },
  "doc_enrich": {
    "scope": "document",
    "count": 1,
    "times": [
      60.070670042186975
    ],
    "start_timestamps": [
      "2026-07-17 16:37:44.162140+00:00"
    ]
  }
}
Function parse_pdf took 288.9368 seconds to execute.
Running: get_tables
Function get_tables took 0.0002 seconds to execute.
Running: get_surrounding_paragraphs
Function get_surrounding_paragraphs took 0.0002 seconds to execute.
