Running: parse_pdf
Raw PDF conversion timings:
{
  "pipeline_total": {
    "scope": "document",
    "count": 1,
    "times": [
      13.46202318102587
    ],
    "start_timestamps": [
      "2026-07-23 11:23:20.867441+00:00"
    ]
  },
  "page_parse": {
    "scope": "page",
    "count": 7,
    "times": [
      0.1885260889539495,
      0.1072699660435319,
      0.10568305500783026,
      0.09566284308675677,
      0.0869861850515008,
      0.10409582196734846,
      0.09878948796540499
    ],
    "start_timestamps": [
      "2026-07-23 11:23:20.902726+00:00",
      "2026-07-23 11:23:21.091295+00:00",
      "2026-07-23 11:23:21.198605+00:00",
      "2026-07-23 11:23:21.304331+00:00",
      "2026-07-23 11:23:21.400038+00:00",
      "2026-07-23 11:23:21.487067+00:00",
      "2026-07-23 11:23:21.591206+00:00"
    ]
  },
  "ocr": {
    "scope": "page",
    "count": 7,
    "times": [
      0.12855970405507833,
      1.3349870629608631,
      1.283537295064889,
      2.0012656489852816,
      2.4621585609856993,
      2.002340364968404,
      0.12348420498892665
    ],
    "start_timestamps": [
      "2026-07-23 11:23:21.091589+00:00",
      "2026-07-23 11:23:21.220193+00:00",
      "2026-07-23 11:23:22.555236+00:00",
      "2026-07-23 11:23:23.838791+00:00",
      "2026-07-23 11:23:25.840075+00:00",
      "2026-07-23 11:23:28.302252+00:00",
      "2026-07-23 11:23:30.304611+00:00"
    ]
  },
  "layout": {
    "scope": "page",
    "count": 3,
    "times": [
      0.28755717200692743,
      0.027014109073206782,
      0.07527763093821704
    ],
    "start_timestamps": [
      "2026-07-23 11:23:21.220275+00:00",
      "2026-07-23 11:23:22.555298+00:00",
      "2026-07-23 11:23:30.428268+00:00"
    ]
  },
  "table_structure": {
    "scope": "page",
    "count": 7,
    "times": [
      1.9807019270956516e-05,
      2.398504875600338e-05,
      0.44498046196531504,
      0.8842843020102009,
      1.2158130439929664,
      2.5308108888566494e-05,
      1.8385006114840508e-05
    ],
    "start_timestamps": [
      "2026-07-23 11:23:21.692532+00:00",
      "2026-07-23 11:23:22.627467+00:00",
      "2026-07-23 11:23:30.732469+00:00",
      "2026-07-23 11:23:31.177465+00:00",
      "2026-07-23 11:23:32.061773+00:00",
      "2026-07-23 11:23:33.277603+00:00",
      "2026-07-23 11:23:33.277858+00:00"
    ]
  },
  "page_assemble": {
    "scope": "page",
    "count": 7,
    "times": [
      0.0015603720676153898,
      0.0004105539992451668,
      0.0003722320543602109,
      0.0003144129877910018,
      0.00018074095714837313,
      0.0003137520980089903,
      0.00025640393141657114
    ],
    "start_timestamps": [
      "2026-07-23 11:23:21.692617+00:00",
      "2026-07-23 11:23:22.627548+00:00",
      "2026-07-23 11:23:33.278024+00:00",
      "2026-07-23 11:23:33.278437+00:00",
      "2026-07-23 11:23:33.278787+00:00",
      "2026-07-23 11:23:33.278989+00:00",
      "2026-07-23 11:23:33.279322+00:00"
    ]
  },
  "doc_assemble": {
    "scope": "document",
    "count": 1,
    "times": [
      0.02766079001594335
    ],
    "start_timestamps": [
      "2026-07-23 11:23:33.279779+00:00"
    ]
  },
  "reading_order": {
    "scope": "document",
    "count": 1,
    "times": [
      0.027173339971341193
    ],
    "start_timestamps": [
      "2026-07-23 11:23:33.279868+00:00"
    ]
  },
  "doc_enrich": {
    "scope": "document",
    "count": 1,
    "times": [
      1.0219836269970983
    ],
    "start_timestamps": [
      "2026-07-23 11:23:33.307464+00:00"
    ]
  }
}
All hyperlinked elements redacted in-memory.
Clean PDF conversion timings:
{
  "pipeline_total": {
    "scope": "document",
    "count": 1,
    "times": [
      13.618856198969297
    ],
    "start_timestamps": [
      "2026-07-23 11:23:34.660025+00:00"
    ]
  },
  "page_parse": {
    "scope": "page",
    "count": 7,
    "times": [
      0.10904238699004054,
      0.10426225501578301,
      0.10807820002082735,
      0.09541367401834577,
      0.08609993406571448,
      0.13451412902213633,
      0.06684196705464274
    ],
    "start_timestamps": [
      "2026-07-23 11:23:34.665915+00:00",
      "2026-07-23 11:23:34.775000+00:00",
      "2026-07-23 11:23:34.879303+00:00",
      "2026-07-23 11:23:34.987424+00:00",
      "2026-07-23 11:23:35.082881+00:00",
      "2026-07-23 11:23:35.169021+00:00",
      "2026-07-23 11:23:35.303582+00:00"
    ]
  },
  "ocr": {
    "scope": "page",
    "count": 7,
    "times": [
      0.12830767908599228,
      1.7669042670167983,
      1.2917854649713263,
      2.016199153033085,
      2.469309882959351,
      2.0102872969582677,
      0.11912462604232132
    ],
    "start_timestamps": [
      "2026-07-23 11:23:34.775291+00:00",
      "2026-07-23 11:23:34.903644+00:00",
      "2026-07-23 11:23:36.670601+00:00",
      "2026-07-23 11:23:37.962416+00:00",
      "2026-07-23 11:23:39.978632+00:00",
      "2026-07-23 11:23:42.447961+00:00",
      "2026-07-23 11:23:44.458267+00:00"
    ]
  },
  "layout": {
    "scope": "page",
    "count": 3,
    "times": [
      0.28246434999164194,
      0.025713066919706762,
      0.07694013509899378
    ],
    "start_timestamps": [
      "2026-07-23 11:23:34.903799+00:00",
      "2026-07-23 11:23:36.670666+00:00",
      "2026-07-23 11:23:44.577604+00:00"
    ]
  },
  "table_structure": {
    "scope": "page",
    "count": 7,
    "times": [
      1.8455088138580322e-05,
      2.2082007490098476e-05,
      0.43340754392556846,
      0.8709325100062415,
      1.1985194309381768,
      2.3785047233104706e-05,
      1.6601989045739174e-05
    ],
    "start_timestamps": [
      "2026-07-23 11:23:35.316736+00:00",
      "2026-07-23 11:23:36.738587+00:00",
      "2026-07-23 11:23:44.870593+00:00",
      "2026-07-23 11:23:45.304014+00:00",
      "2026-07-23 11:23:46.174962+00:00",
      "2026-07-23 11:23:47.373497+00:00",
      "2026-07-23 11:23:47.373710+00:00"
    ]
  },
  "page_assemble": {
    "scope": "page",
    "count": 7,
    "times": [
      0.0004211539635434747,
      0.00043353706132620573,
      0.00045374606270343065,
      0.0002721030032262206,
      0.00017779599875211716,
      0.0002972610527649522,
      0.00024587393272668123
    ],
    "start_timestamps": [
      "2026-07-23 11:23:35.316818+00:00",
      "2026-07-23 11:23:36.738654+00:00",
      "2026-07-23 11:23:47.373840+00:00",
      "2026-07-23 11:23:47.374337+00:00",
      "2026-07-23 11:23:47.374632+00:00",
      "2026-07-23 11:23:47.374832+00:00",
      "2026-07-23 11:23:47.375147+00:00"
    ]
  },
  "doc_assemble": {
    "scope": "document",
    "count": 1,
    "times": [
      0.027263188967481256
    ],
    "start_timestamps": [
      "2026-07-23 11:23:47.375619+00:00"
    ]
  },
  "reading_order": {
    "scope": "document",
    "count": 1,
    "times": [
      0.026650403975509107
    ],
    "start_timestamps": [
      "2026-07-23 11:23:47.375773+00:00"
    ]
  },
  "doc_enrich": {
    "scope": "document",
    "count": 1,
    "times": [
      0.8748391149565578
    ],
    "start_timestamps": [
      "2026-07-23 11:23:47.402912+00:00"
    ]
  }
}
Function parse_pdf took 27.5284 seconds to execute.
Running: get_tables
Function get_tables took 0.0001 seconds to execute.
Running: get_surrounding_paragraphs
Function get_surrounding_paragraphs took 0.0001 seconds to execute.
PROCESSOR ERROR: Error in save_all: '/mnt/iusers01/fatpou01/chem02/b07755hv/ChemistryExtract/tests/runs/2026-07-23_14-48-00/2023 - A fast and efficient way of obtaining the average molecular weight of block copolymers via DOSY/extract/2023 - A fast and efficient way of obtaining the average molecular weight of block copolymers via DOSY.pdf' and '/mnt/iusers01/fatpou01/chem02/b07755hv/ChemistryExtract/tests/runs/2026-07-23_14-48-00/2023 - A fast and efficient way of obtaining the average molecular weight of block copolymers via DOSY/extract/2023 - A fast and efficient way of obtaining the average molecular weight of block copolymers via DOSY.pdf' are the same file
