Running: parse_pdf
Raw PDF conversion timings:
{
  "pipeline_total": {
    "scope": "document",
    "count": 1,
    "times": [
      12.851571645587683
    ],
    "start_timestamps": [
      "2026-07-18 00:09:06.468801+00:00"
    ]
  },
  "page_parse": {
    "scope": "page",
    "count": 11,
    "times": [
      0.09704047348350286,
      0.11572695896029472,
      0.12369290925562382,
      0.11743583530187607,
      0.2680395869538188,
      0.15037084370851517,
      0.1451073195785284,
      0.13604131806641817,
      0.15535733755677938,
      0.14747870061546564,
      0.07370158471167088
    ],
    "start_timestamps": [
      "2026-07-18 00:09:06.476077+00:00",
      "2026-07-18 00:09:06.573156+00:00",
      "2026-07-18 00:09:06.688926+00:00",
      "2026-07-18 00:09:06.812670+00:00",
      "2026-07-18 00:09:06.930164+00:00",
      "2026-07-18 00:09:07.198255+00:00",
      "2026-07-18 00:09:07.348667+00:00",
      "2026-07-18 00:09:07.493813+00:00",
      "2026-07-18 00:09:07.629896+00:00",
      "2026-07-18 00:09:07.785305+00:00",
      "2026-07-18 00:09:07.932829+00:00"
    ]
  },
  "ocr": {
    "scope": "page",
    "count": 11,
    "times": [
      0.12834544572979212,
      1.5004141675308347,
      0.7191543225198984,
      0.8795772427693009,
      1.5202565267682076,
      1.3277434576302767,
      1.575159003958106,
      1.2927717855200171,
      1.294334627687931,
      0.11812678445130587,
      0.11880901921540499
    ],
    "start_timestamps": [
      "2026-07-18 00:09:06.573264+00:00",
      "2026-07-18 00:09:06.701656+00:00",
      "2026-07-18 00:09:08.202171+00:00",
      "2026-07-18 00:09:08.921342+00:00",
      "2026-07-18 00:09:09.800935+00:00",
      "2026-07-18 00:09:11.321209+00:00",
      "2026-07-18 00:09:12.648970+00:00",
      "2026-07-18 00:09:14.224146+00:00",
      "2026-07-18 00:09:15.516936+00:00",
      "2026-07-18 00:09:16.811287+00:00",
      "2026-07-18 00:09:16.929423+00:00"
    ]
  },
  "layout": {
    "scope": "page",
    "count": 3,
    "times": [
      0.4606080995872617,
      0.028546669520437717,
      0.11305405851453543
    ],
    "start_timestamps": [
      "2026-07-18 00:09:06.701726+00:00",
      "2026-07-18 00:09:08.202234+00:00",
      "2026-07-18 00:09:17.048466+00:00"
    ]
  },
  "table_structure": {
    "scope": "page",
    "count": 11,
    "times": [
      4.773959517478943e-05,
      1.7773360013961792e-05,
      2.556759864091873e-05,
      0.4161191890016198,
      0.4980873791500926,
      0.24933543894439936,
      0.491353677585721,
      2.3162923753261566e-05,
      1.1722557246685028e-05,
      1.2001954019069672e-05,
      1.821480691432953e-05
    ],
    "start_timestamps": [
      "2026-07-18 00:09:07.464366+00:00",
      "2026-07-18 00:09:08.267489+00:00",
      "2026-07-18 00:09:17.618568+00:00",
      "2026-07-18 00:09:17.618599+00:00",
      "2026-07-18 00:09:18.034734+00:00",
      "2026-07-18 00:09:18.532837+00:00",
      "2026-07-18 00:09:18.782279+00:00",
      "2026-07-18 00:09:19.273646+00:00",
      "2026-07-18 00:09:19.273672+00:00",
      "2026-07-18 00:09:19.273687+00:00",
      "2026-07-18 00:09:19.273864+00:00"
    ]
  },
  "page_assemble": {
    "scope": "page",
    "count": 11,
    "times": [
      0.0012579578906297684,
      0.0003004949539899826,
      0.00040394067764282227,
      0.0002902057021856308,
      0.00022970233112573624,
      0.000258617103099823,
      0.00036286283284425735,
      0.000256512314081192,
      0.00026595965027809143,
      0.0002950252965092659,
      0.000600750558078289
    ],
    "start_timestamps": [
      "2026-07-18 00:09:07.464480+00:00",
      "2026-07-18 00:09:08.267540+00:00",
      "2026-07-18 00:09:18.782347+00:00",
      "2026-07-18 00:09:18.782780+00:00",
      "2026-07-18 00:09:18.783091+00:00",
      "2026-07-18 00:09:18.783340+00:00",
      "2026-07-18 00:09:19.273983+00:00",
      "2026-07-18 00:09:19.274378+00:00",
      "2026-07-18 00:09:19.274652+00:00",
      "2026-07-18 00:09:19.274936+00:00",
      "2026-07-18 00:09:19.275249+00:00"
    ]
  },
  "doc_assemble": {
    "scope": "document",
    "count": 1,
    "times": [
      0.041141060180962086
    ],
    "start_timestamps": [
      "2026-07-18 00:09:19.276033+00:00"
    ]
  },
  "reading_order": {
    "scope": "document",
    "count": 1,
    "times": [
      0.04062558989971876
    ],
    "start_timestamps": [
      "2026-07-18 00:09:19.276155+00:00"
    ]
  },
  "doc_enrich": {
    "scope": "document",
    "count": 1,
    "times": [
      0.003170747309923172
    ],
    "start_timestamps": [
      "2026-07-18 00:09:19.317196+00:00"
    ]
  }
}
All hyperlinked elements redacted in-memory.
Clean PDF conversion timings:
{
  "pipeline_total": {
    "scope": "document",
    "count": 1,
    "times": [
      10.558287194930017
    ],
    "start_timestamps": [
      "2026-07-18 00:09:19.487350+00:00"
    ]
  },
  "page_parse": {
    "scope": "page",
    "count": 11,
    "times": [
      0.09469707403331995,
      0.11325388494879007,
      0.13102310337126255,
      0.11737822741270065,
      0.16578082274645567,
      0.48173871356993914,
      0.13023197650909424,
      0.1856092968955636,
      0.16233632061630487,
      0.13157829828560352,
      0.08635297231376171
    ],
    "start_timestamps": [
      "2026-07-18 00:09:19.493525+00:00",
      "2026-07-18 00:09:19.588261+00:00",
      "2026-07-18 00:09:19.701555+00:00",
      "2026-07-18 00:09:19.832626+00:00",
      "2026-07-18 00:09:19.950046+00:00",
      "2026-07-18 00:09:20.115875+00:00",
      "2026-07-18 00:09:20.597652+00:00",
      "2026-07-18 00:09:20.727923+00:00",
      "2026-07-18 00:09:20.913575+00:00",
      "2026-07-18 00:09:21.075953+00:00",
      "2026-07-18 00:09:21.207572+00:00"
    ]
  },
  "ocr": {
    "scope": "page",
    "count": 11,
    "times": [
      0.12907008919864893,
      1.495891997590661,
      0.39524139929562807,
      0.593284816481173,
      1.3720133267343044,
      1.0043188147246838,
      1.1185635048896074,
      1.0298793464899063,
      1.0168512891978025,
      0.11997739784419537,
      0.1850329115986824
    ],
    "start_timestamps": [
      "2026-07-18 00:09:19.588370+00:00",
      "2026-07-18 00:09:19.717494+00:00",
      "2026-07-18 00:09:21.213453+00:00",
      "2026-07-18 00:09:21.608712+00:00",
      "2026-07-18 00:09:22.202013+00:00",
      "2026-07-18 00:09:23.574043+00:00",
      "2026-07-18 00:09:24.578378+00:00",
      "2026-07-18 00:09:25.696959+00:00",
      "2026-07-18 00:09:26.726856+00:00",
      "2026-07-18 00:09:27.743723+00:00",
      "2026-07-18 00:09:27.863755+00:00"
    ]
  },
  "layout": {
    "scope": "page",
    "count": 4,
    "times": [
      0.3627708060666919,
      0.08290587458759546,
      0.09732707403600216,
      0.029352888464927673
    ],
    "start_timestamps": [
      "2026-07-18 00:09:19.717563+00:00",
      "2026-07-18 00:09:21.213504+00:00",
      "2026-07-18 00:09:27.863880+00:00",
      "2026-07-18 00:09:28.314300+00:00"
    ]
  },
  "table_structure": {
    "scope": "page",
    "count": 11,
    "times": [
      1.7603859305381775e-05,
      3.484450280666351e-05,
      4.228949546813965e-05,
      0.4523556996136904,
      0.49613736011087894,
      0.24692915938794613,
      0.49143295735120773,
      2.3725442588329315e-05,
      1.2463890016078949e-05,
      9.18656587600708e-06,
      1.1861324310302734e-05
    ],
    "start_timestamps": [
      "2026-07-18 00:09:20.173784+00:00",
      "2026-07-18 00:09:21.329928+00:00",
      "2026-07-18 00:09:28.314385+00:00",
      "2026-07-18 00:09:28.314433+00:00",
      "2026-07-18 00:09:28.766807+00:00",
      "2026-07-18 00:09:29.262959+00:00",
      "2026-07-18 00:09:29.509996+00:00",
      "2026-07-18 00:09:30.001444+00:00",
      "2026-07-18 00:09:30.001470+00:00",
      "2026-07-18 00:09:30.001487+00:00",
      "2026-07-18 00:09:30.001661+00:00"
    ]
  },
  "page_assemble": {
    "scope": "page",
    "count": 11,
    "times": [
      0.0002800971269607544,
      0.0004540737718343735,
      0.00038904137909412384,
      0.00035700201988220215,
      0.0002308245748281479,
      0.0002492489293217659,
      0.0003356514498591423,
      0.00028626900166273117,
      0.0002829320728778839,
      0.0002726837992668152,
      0.00029729027301073074
    ],
    "start_timestamps": [
      "2026-07-18 00:09:20.173848+00:00",
      "2026-07-18 00:09:21.330027+00:00",
      "2026-07-18 00:09:29.510845+00:00",
      "2026-07-18 00:09:29.511267+00:00",
      "2026-07-18 00:09:29.511646+00:00",
      "2026-07-18 00:09:29.511898+00:00",
      "2026-07-18 00:09:30.001767+00:00",
      "2026-07-18 00:09:30.002136+00:00",
      "2026-07-18 00:09:30.002445+00:00",
      "2026-07-18 00:09:30.002745+00:00",
      "2026-07-18 00:09:30.003035+00:00"
    ]
  },
  "doc_assemble": {
    "scope": "document",
    "count": 1,
    "times": [
      0.0389737319201231
    ],
    "start_timestamps": [
      "2026-07-18 00:09:30.003518+00:00"
    ]
  },
  "reading_order": {
    "scope": "document",
    "count": 1,
    "times": [
      0.03846186865121126
    ],
    "start_timestamps": [
      "2026-07-18 00:09:30.003618+00:00"
    ]
  },
  "doc_enrich": {
    "scope": "document",
    "count": 1,
    "times": [
      0.0031169960275292397
    ],
    "start_timestamps": [
      "2026-07-18 00:09:30.042515+00:00"
    ]
  }
}
Function parse_pdf took 23.8994 seconds to execute.
Running: get_tables
Function get_tables took 0.0001 seconds to execute.
Running: get_surrounding_paragraphs
Function get_surrounding_paragraphs took 0.0001 seconds to execute.
