Running: parse_pdf
--- Logging error ---
Traceback (most recent call last):
  File "/mnt/iusers01/fatpou01/chem02/b07755hv/.local/lib/python3.12/site-packages/rapidocr/main.py", line 130, in run_ocr_steps
    cropped_img_list, det_res = self.detect_and_crop(img, op_record)
                                ^^^^^^^^^^^^^^^^^^^^^^^^^^^^^^^^^^^^
  File "/mnt/iusers01/fatpou01/chem02/b07755hv/.local/lib/python3.12/site-packages/rapidocr/main.py", line 298, in detect_and_crop
    raise RapidOCRError("The text detection result is empty")
rapidocr.main.RapidOCRError: The text detection result is empty

During handling of the above exception, another exception occurred:

Traceback (most recent call last):
  File "/mnt/iusers01/fatpou01/chem02/b07755hv/.conda/envs/env/lib/python3.12/logging/__init__.py", line 1163, in emit
    stream.write(msg + self.terminator)
  File "/mnt/iusers01/fatpou01/chem02/b07755hv/ChemistryExtract/src/chemstractor/lib/extractor.py", line 298, in write
    self.file.write(data)
ValueError: I/O operation on closed file.
Call stack:
  File "/mnt/iusers01/fatpou01/chem02/b07755hv/.conda/envs/env/lib/python3.12/threading.py", line 1030, in _bootstrap
    self._bootstrap_inner()
  File "/mnt/iusers01/fatpou01/chem02/b07755hv/.conda/envs/env/lib/python3.12/threading.py", line 1073, in _bootstrap_inner
    self.run()
  File "/mnt/iusers01/fatpou01/chem02/b07755hv/.conda/envs/env/lib/python3.12/threading.py", line 1010, in run
    self._target(*self._args, **self._kwargs)
  File "/mnt/iusers01/fatpou01/chem02/b07755hv/.local/lib/python3.12/site-packages/docling/pipeline/standard_pdf_pipeline.py", line 279, in _run
    processed = self._process_batch(batch)
  File "/mnt/iusers01/fatpou01/chem02/b07755hv/.local/lib/python3.12/site-packages/docling/pipeline/standard_pdf_pipeline.py", line 344, in _process_batch
    processed_pages = list(self.model(good[0].conv_res, pages))  # type: ignore[arg-type]
  File "/mnt/iusers01/fatpou01/chem02/b07755hv/.local/lib/python3.12/site-packages/docling/models/stages/ocr/rapid_ocr_model.py", line 491, in __call__
    result = self.reader(
  File "/mnt/iusers01/fatpou01/chem02/b07755hv/.local/lib/python3.12/site-packages/rapidocr/main.py", line 120, in __call__
    det_res, cls_res, rec_res, cropped_img_list = self.run_ocr_steps(img, op_record)
  File "/mnt/iusers01/fatpou01/chem02/b07755hv/.local/lib/python3.12/site-packages/rapidocr/main.py", line 132, in run_ocr_steps
    logger.warning(e)
Message: RapidOCRError('The text detection result is empty')
Arguments: ()
RapidOCR returned empty result!
Raw PDF conversion timings:
{
  "pipeline_total": {
    "scope": "document",
    "count": 1,
    "times": [
      8.342770334333181
    ],
    "start_timestamps": [
      "2026-07-23 18:59:09.036517+00:00"
    ]
  },
  "page_parse": {
    "scope": "page",
    "count": 9,
    "times": [
      0.10858125798404217,
      0.09917583595961332,
      0.1633128523826599,
      0.16744053177535534,
      0.33194928616285324,
      0.12472027633339167,
      0.10466813389211893,
      0.22714890353381634,
      0.05616766773164272
    ],
    "start_timestamps": [
      "2026-07-23 18:59:09.043051+00:00",
      "2026-07-23 18:59:09.151674+00:00",
      "2026-07-23 18:59:09.250891+00:00",
      "2026-07-23 18:59:09.414251+00:00",
      "2026-07-23 18:59:09.581741+00:00",
      "2026-07-23 18:59:09.913762+00:00",
      "2026-07-23 18:59:10.038518+00:00",
      "2026-07-23 18:59:10.143230+00:00",
      "2026-07-23 18:59:10.370453+00:00"
    ]
  },
  "ocr": {
    "scope": "page",
    "count": 9,
    "times": [
      1.5062862997874618,
      0.12793232593685389,
      1.0068185664713383,
      0.4693762995302677,
      1.0883818175643682,
      0.46307666320353746,
      0.12590557895600796,
      0.12758486904203892,
      0.12100509647279978
    ],
    "start_timestamps": [
      "2026-07-23 18:59:09.152002+00:00",
      "2026-07-23 18:59:10.658361+00:00",
      "2026-07-23 18:59:10.786302+00:00",
      "2026-07-23 18:59:11.793138+00:00",
      "2026-07-23 18:59:12.262531+00:00",
      "2026-07-23 18:59:13.350927+00:00",
      "2026-07-23 18:59:13.814019+00:00",
      "2026-07-23 18:59:13.939935+00:00",
      "2026-07-23 18:59:14.067530+00:00"
    ]
  },
  "layout": {
    "scope": "page",
    "count": 2,
    "times": [
      0.05546417273581028,
      0.09352412354201078
    ],
    "start_timestamps": [
      "2026-07-23 18:59:10.658456+00:00",
      "2026-07-23 18:59:14.188727+00:00"
    ]
  },
  "table_structure": {
    "scope": "page",
    "count": 9,
    "times": [
      1.9155442714691162e-05,
      2.7803704142570496e-05,
      9.81893390417099e-06,
      7.024034857749939e-06,
      0.3162876097485423,
      2.233218401670456e-05,
      1.1871568858623505e-05,
      1.7793849110603333e-05,
      4.488043487071991e-06
    ],
    "start_timestamps": [
      "2026-07-23 18:59:10.752659+00:00",
      "2026-07-23 18:59:14.762217+00:00",
      "2026-07-23 18:59:14.762252+00:00",
      "2026-07-23 18:59:14.762266+00:00",
      "2026-07-23 18:59:14.762276+00:00",
      "2026-07-23 18:59:15.078654+00:00",
      "2026-07-23 18:59:15.078679+00:00",
      "2026-07-23 18:59:15.078694+00:00",
      "2026-07-23 18:59:15.078715+00:00"
    ]
  },
  "page_assemble": {
    "scope": "page",
    "count": 9,
    "times": [
      0.002030361443758011,
      0.0008906666189432144,
      0.0012913597747683525,
      0.0009810477495193481,
      0.0010089194402098656,
      0.0008661095052957535,
      0.0007195556536316872,
      0.028227687813341618,
      0.0001893863081932068
    ],
    "start_timestamps": [
      "2026-07-23 18:59:10.752759+00:00",
      "2026-07-23 18:59:15.078800+00:00",
      "2026-07-23 18:59:15.079722+00:00",
      "2026-07-23 18:59:15.081038+00:00",
      "2026-07-23 18:59:15.082041+00:00",
      "2026-07-23 18:59:15.083073+00:00",
      "2026-07-23 18:59:15.083959+00:00",
      "2026-07-23 18:59:15.084698+00:00",
      "2026-07-23 18:59:15.112954+00:00"
    ]
  },
  "doc_assemble": {
    "scope": "document",
    "count": 1,
    "times": [
      0.04691811464726925
    ],
    "start_timestamps": [
      "2026-07-23 18:59:15.113345+00:00"
    ]
  },
  "reading_order": {
    "scope": "document",
    "count": 1,
    "times": [
      0.04637198708951473
    ],
    "start_timestamps": [
      "2026-07-23 18:59:15.113470+00:00"
    ]
  },
  "doc_enrich": {
    "scope": "document",
    "count": 1,
    "times": [
      2.218975082039833
    ],
    "start_timestamps": [
      "2026-07-23 18:59:15.160289+00:00"
    ]
  }
}
All hyperlinked elements redacted in-memory.
--- Logging error ---
Traceback (most recent call last):
  File "/mnt/iusers01/fatpou01/chem02/b07755hv/.local/lib/python3.12/site-packages/rapidocr/main.py", line 130, in run_ocr_steps
    cropped_img_list, det_res = self.detect_and_crop(img, op_record)
                                ^^^^^^^^^^^^^^^^^^^^^^^^^^^^^^^^^^^^
  File "/mnt/iusers01/fatpou01/chem02/b07755hv/.local/lib/python3.12/site-packages/rapidocr/main.py", line 298, in detect_and_crop
    raise RapidOCRError("The text detection result is empty")
rapidocr.main.RapidOCRError: The text detection result is empty

During handling of the above exception, another exception occurred:

Traceback (most recent call last):
  File "/mnt/iusers01/fatpou01/chem02/b07755hv/.conda/envs/env/lib/python3.12/logging/__init__.py", line 1163, in emit
    stream.write(msg + self.terminator)
  File "/mnt/iusers01/fatpou01/chem02/b07755hv/ChemistryExtract/src/chemstractor/lib/extractor.py", line 298, in write
    self.file.write(data)
ValueError: I/O operation on closed file.
Call stack:
  File "/mnt/iusers01/fatpou01/chem02/b07755hv/.conda/envs/env/lib/python3.12/threading.py", line 1030, in _bootstrap
    self._bootstrap_inner()
  File "/mnt/iusers01/fatpou01/chem02/b07755hv/.conda/envs/env/lib/python3.12/threading.py", line 1073, in _bootstrap_inner
    self.run()
  File "/mnt/iusers01/fatpou01/chem02/b07755hv/.conda/envs/env/lib/python3.12/threading.py", line 1010, in run
    self._target(*self._args, **self._kwargs)
  File "/mnt/iusers01/fatpou01/chem02/b07755hv/.local/lib/python3.12/site-packages/docling/pipeline/standard_pdf_pipeline.py", line 279, in _run
    processed = self._process_batch(batch)
  File "/mnt/iusers01/fatpou01/chem02/b07755hv/.local/lib/python3.12/site-packages/docling/pipeline/standard_pdf_pipeline.py", line 344, in _process_batch
    processed_pages = list(self.model(good[0].conv_res, pages))  # type: ignore[arg-type]
  File "/mnt/iusers01/fatpou01/chem02/b07755hv/.local/lib/python3.12/site-packages/docling/models/stages/ocr/rapid_ocr_model.py", line 491, in __call__
    result = self.reader(
  File "/mnt/iusers01/fatpou01/chem02/b07755hv/.local/lib/python3.12/site-packages/rapidocr/main.py", line 120, in __call__
    det_res, cls_res, rec_res, cropped_img_list = self.run_ocr_steps(img, op_record)
  File "/mnt/iusers01/fatpou01/chem02/b07755hv/.local/lib/python3.12/site-packages/rapidocr/main.py", line 132, in run_ocr_steps
    logger.warning(e)
Message: RapidOCRError('The text detection result is empty')
Arguments: ()
RapidOCR returned empty result!
Clean PDF conversion timings:
{
  "pipeline_total": {
    "scope": "document",
    "count": 1,
    "times": [
      7.849591779522598
    ],
    "start_timestamps": [
      "2026-07-23 18:59:17.880559+00:00"
    ]
  },
  "page_parse": {
    "scope": "page",
    "count": 9,
    "times": [
      0.09992507006973028,
      0.09871431160718203,
      0.14691607281565666,
      0.12966975290328264,
      0.1769142933189869,
      0.12039657030254602,
      0.0901400139555335,
      0.37201904132962227,
      0.02304207906126976
    ],
    "start_timestamps": [
      "2026-07-23 18:59:17.886006+00:00",
      "2026-07-23 18:59:17.985974+00:00",
      "2026-07-23 18:59:18.084730+00:00",
      "2026-07-23 18:59:18.231688+00:00",
      "2026-07-23 18:59:18.361416+00:00",
      "2026-07-23 18:59:18.538380+00:00",
      "2026-07-23 18:59:18.658826+00:00",
      "2026-07-23 18:59:18.749010+00:00",
      "2026-07-23 18:59:19.121068+00:00"
    ]
  },
  "ocr": {
    "scope": "page",
    "count": 9,
    "times": [
      1.3067397512495518,
      0.12698717415332794,
      0.9486846923828125,
      0.49221128784120083,
      1.0553834903985262,
      0.4497828120365739,
      0.12491692695766687,
      0.12474814057350159,
      0.12674215249717236
    ],
    "start_timestamps": [
      "2026-07-23 18:59:17.986370+00:00",
      "2026-07-23 18:59:19.293171+00:00",
      "2026-07-23 18:59:19.420167+00:00",
      "2026-07-23 18:59:20.368867+00:00",
      "2026-07-23 18:59:20.861095+00:00",
      "2026-07-23 18:59:21.916494+00:00",
      "2026-07-23 18:59:22.366293+00:00",
      "2026-07-23 18:59:22.491220+00:00",
      "2026-07-23 18:59:22.615976+00:00"
    ]
  },
  "layout": {
    "scope": "page",
    "count": 2,
    "times": [
      0.05921753402799368,
      0.09439388010650873
    ],
    "start_timestamps": [
      "2026-07-23 18:59:19.293252+00:00",
      "2026-07-23 18:59:22.742887+00:00"
    ]
  },
  "table_structure": {
    "scope": "page",
    "count": 9,
    "times": [
      1.9135884940624237e-05,
      2.633035182952881e-05,
      9.687617421150208e-06,
      8.507631719112396e-06,
      0.2804493075236678,
      2.2212043404579163e-05,
      1.1051073670387268e-05,
      1.943577080965042e-05,
      4.3781474232673645e-06
    ],
    "start_timestamps": [
      "2026-07-23 18:59:19.379271+00:00",
      "2026-07-23 18:59:23.182939+00:00",
      "2026-07-23 18:59:23.182970+00:00",
      "2026-07-23 18:59:23.182984+00:00",
      "2026-07-23 18:59:23.182997+00:00",
      "2026-07-23 18:59:23.463534+00:00",
      "2026-07-23 18:59:23.463559+00:00",
      "2026-07-23 18:59:23.463573+00:00",
      "2026-07-23 18:59:23.463596+00:00"
    ]
  },
  "page_assemble": {
    "scope": "page",
    "count": 9,
    "times": [
      0.00045599788427352905,
      0.0004909029230475426,
      0.0005565769970417023,
      0.0007259063422679901,
      0.00041968002915382385,
      0.0004728185012936592,
      0.0002982504665851593,
      0.0011429814621806145,
      4.478543996810913e-05
    ],
    "start_timestamps": [
      "2026-07-23 18:59:19.379343+00:00",
      "2026-07-23 18:59:23.463681+00:00",
      "2026-07-23 18:59:23.464204+00:00",
      "2026-07-23 18:59:23.464784+00:00",
      "2026-07-23 18:59:23.465531+00:00",
      "2026-07-23 18:59:23.465973+00:00",
      "2026-07-23 18:59:23.466466+00:00",
      "2026-07-23 18:59:23.466783+00:00",
      "2026-07-23 18:59:23.467947+00:00"
    ]
  },
  "doc_assemble": {
    "scope": "document",
    "count": 1,
    "times": [
      0.047498056665062904
    ],
    "start_timestamps": [
      "2026-07-23 18:59:23.468158+00:00"
    ]
  },
  "reading_order": {
    "scope": "document",
    "count": 1,
    "times": [
      0.04696674644947052
    ],
    "start_timestamps": [
      "2026-07-23 18:59:23.468292+00:00"
    ]
  },
  "doc_enrich": {
    "scope": "document",
    "count": 1,
    "times": [
      2.2144357189536095
    ],
    "start_timestamps": [
      "2026-07-23 18:59:23.515681+00:00"
    ]
  }
}
Function parse_pdf took 16.8282 seconds to execute.
Running: get_tables
Function get_tables took 0.0001 seconds to execute.
Running: get_surrounding_paragraphs
Function get_surrounding_paragraphs took 0.0001 seconds to execute.
