Running: parse_pdf
Raw PDF conversion timings:
{
  "pipeline_total": {
    "scope": "document",
    "count": 1,
    "times": [
      4.268421933054924
    ],
    "start_timestamps": [
      "2026-07-17 21:17:16.236000+00:00"
    ]
  },
  "page_parse": {
    "scope": "page",
    "count": 5,
    "times": [
      0.13702476397156715,
      0.2254428006708622,
      0.19442806020379066,
      0.1755685219541192,
      0.2769850203767419
    ],
    "start_timestamps": [
      "2026-07-17 21:17:16.240883+00:00",
      "2026-07-17 21:17:16.377951+00:00",
      "2026-07-17 21:17:16.603445+00:00",
      "2026-07-17 21:17:16.797915+00:00",
      "2026-07-17 21:17:16.973527+00:00"
    ]
  },
  "ocr": {
    "scope": "page",
    "count": 5,
    "times": [
      0.24051906168460846,
      0.38280036579817533,
      1.4021007800474763,
      0.8521992452442646,
      0.2927472395822406
    ],
    "start_timestamps": [
      "2026-07-17 21:17:16.378252+00:00",
      "2026-07-17 21:17:16.618812+00:00",
      "2026-07-17 21:17:17.001673+00:00",
      "2026-07-17 21:17:18.403789+00:00",
      "2026-07-17 21:17:19.256051+00:00"
    ]
  },
  "layout": {
    "scope": "page",
    "count": 4,
    "times": [
      0.6393460547551513,
      0.04472185391932726,
      0.06005087960511446,
      0.02729277778416872
    ],
    "start_timestamps": [
      "2026-07-17 21:17:16.618892+00:00",
      "2026-07-17 21:17:17.447006+00:00",
      "2026-07-17 21:17:19.256181+00:00",
      "2026-07-17 21:17:19.549063+00:00"
    ]
  },
  "table_structure": {
    "scope": "page",
    "count": 5,
    "times": [
      1.4758668839931488e-05,
      2.743210643529892e-05,
      2.854224294424057e-05,
      0.8025800762698054,
      2.7431175112724304e-05
    ],
    "start_timestamps": [
      "2026-07-17 21:17:17.447107+00:00",
      "2026-07-17 21:17:17.698173+00:00",
      "2026-07-17 21:17:19.517108+00:00",
      "2026-07-17 21:17:19.517142+00:00",
      "2026-07-17 21:17:20.319825+00:00"
    ]
  },
  "page_assemble": {
    "scope": "page",
    "count": 5,
    "times": [
      0.0014856457710266113,
      0.0006073731929063797,
      0.0006844792515039444,
      0.000512564554810524,
      0.15368691738694906
    ],
    "start_timestamps": [
      "2026-07-17 21:17:17.447169+00:00",
      "2026-07-17 21:17:17.698242+00:00",
      "2026-07-17 21:17:20.319912+00:00",
      "2026-07-17 21:17:20.320628+00:00",
      "2026-07-17 21:17:20.321165+00:00"
    ]
  },
  "doc_assemble": {
    "scope": "document",
    "count": 1,
    "times": [
      0.027820740826427937
    ],
    "start_timestamps": [
      "2026-07-17 21:17:20.475030+00:00"
    ]
  },
  "reading_order": {
    "scope": "document",
    "count": 1,
    "times": [
      0.02732579968869686
    ],
    "start_timestamps": [
      "2026-07-17 21:17:20.475156+00:00"
    ]
  },
  "doc_enrich": {
    "scope": "document",
    "count": 1,
    "times": [
      0.0015443963930010796
    ],
    "start_timestamps": [
      "2026-07-17 21:17:20.502873+00:00"
    ]
  }
}
All hyperlinked elements redacted in-memory.
Clean PDF conversion timings:
{
  "pipeline_total": {
    "scope": "document",
    "count": 1,
    "times": [
      4.549451363272965
    ],
    "start_timestamps": [
      "2026-07-17 21:17:27.125218+00:00"
    ]
  },
  "page_parse": {
    "scope": "page",
    "count": 5,
    "times": [
      0.13376339618116617,
      0.22006488125771284,
      0.4866457534953952,
      0.17186603508889675,
      0.11659730412065983
    ],
    "start_timestamps": [
      "2026-07-17 21:17:27.130362+00:00",
      "2026-07-17 21:17:27.264169+00:00",
      "2026-07-17 21:17:27.484276+00:00",
      "2026-07-17 21:17:27.970965+00:00",
      "2026-07-17 21:17:28.142876+00:00"
    ]
  },
  "ocr": {
    "scope": "page",
    "count": 5,
    "times": [
      0.23644517455250025,
      0.6609192900359631,
      1.1908827554434538,
      0.8550079213455319,
      0.2938404865562916
    ],
    "start_timestamps": [
      "2026-07-17 21:17:27.264492+00:00",
      "2026-07-17 21:17:27.500988+00:00",
      "2026-07-17 21:17:28.161971+00:00",
      "2026-07-17 21:17:29.352869+00:00",
      "2026-07-17 21:17:30.207940+00:00"
    ]
  },
  "layout": {
    "scope": "page",
    "count": 4,
    "times": [
      0.7696830024942756,
      0.04185314662754536,
      0.06045161373913288,
      0.027426909655332565
    ],
    "start_timestamps": [
      "2026-07-17 21:17:27.501106+00:00",
      "2026-07-17 21:17:28.549512+00:00",
      "2026-07-17 21:17:30.208021+00:00",
      "2026-07-17 21:17:30.501875+00:00"
    ]
  },
  "table_structure": {
    "scope": "page",
    "count": 5,
    "times": [
      3.559701144695282e-05,
      2.0417384803295135e-05,
      2.160109579563141e-05,
      0.6036153892055154,
      0.5649388516321778
    ],
    "start_timestamps": [
      "2026-07-17 21:17:28.548551+00:00",
      "2026-07-17 21:17:28.755113+00:00",
      "2026-07-17 21:17:30.482770+00:00",
      "2026-07-17 21:17:30.482795+00:00",
      "2026-07-17 21:17:31.086531+00:00"
    ]
  },
  "page_assemble": {
    "scope": "page",
    "count": 5,
    "times": [
      0.0006977031007409096,
      0.0006469869986176491,
      0.0007596006616950035,
      0.000590471550822258,
      0.0002822214737534523
    ],
    "start_timestamps": [
      "2026-07-17 21:17:28.548724+00:00",
      "2026-07-17 21:17:28.755173+00:00",
      "2026-07-17 21:17:31.086597+00:00",
      "2026-07-17 21:17:31.087392+00:00",
      "2026-07-17 21:17:31.651628+00:00"
    ]
  },
  "doc_assemble": {
    "scope": "document",
    "count": 1,
    "times": [
      0.021246549673378468
    ],
    "start_timestamps": [
      "2026-07-17 21:17:31.652110+00:00"
    ]
  },
  "reading_order": {
    "scope": "document",
    "count": 1,
    "times": [
      0.020808415487408638
    ],
    "start_timestamps": [
      "2026-07-17 21:17:31.652182+00:00"
    ]
  },
  "doc_enrich": {
    "scope": "document",
    "count": 1,
    "times": [
      0.00128112081438303
    ],
    "start_timestamps": [
      "2026-07-17 21:17:31.673382+00:00"
    ]
  }
}
Function parse_pdf took 15.5625 seconds to execute.
Running: get_tables
Function get_tables took 0.0001 seconds to execute.
Running: get_surrounding_paragraphs
Function get_surrounding_paragraphs took 0.0001 seconds to execute.
