Running: parse_pdf
Raw PDF conversion timings:
{
  "pipeline_total": {
    "scope": "document",
    "count": 1,
    "times": [
      13.921478975564241
    ],
    "start_timestamps": [
      "2026-07-23 19:14:35.382237+00:00"
    ]
  },
  "page_parse": {
    "scope": "page",
    "count": 15,
    "times": [
      0.03247282560914755,
      0.04592802934348583,
      0.03872223664075136,
      0.05939391162246466,
      0.05589891504496336,
      0.0835424205288291,
      0.05474571418017149,
      0.051479846239089966,
      0.06351320445537567,
      0.0630132332444191,
      0.06360269337892532,
      0.06581512838602066,
      0.06594375986605883,
      0.06593217700719833,
      0.06985701527446508
    ],
    "start_timestamps": [
      "2026-07-23 19:14:35.384818+00:00",
      "2026-07-23 19:14:35.417328+00:00",
      "2026-07-23 19:14:35.463292+00:00",
      "2026-07-23 19:14:35.502047+00:00",
      "2026-07-23 19:14:35.561478+00:00",
      "2026-07-23 19:14:35.617427+00:00",
      "2026-07-23 19:14:35.701013+00:00",
      "2026-07-23 19:14:35.755798+00:00",
      "2026-07-23 19:14:35.807316+00:00",
      "2026-07-23 19:14:35.870866+00:00",
      "2026-07-23 19:14:35.933920+00:00",
      "2026-07-23 19:14:35.997561+00:00",
      "2026-07-23 19:14:36.063431+00:00",
      "2026-07-23 19:14:36.129430+00:00",
      "2026-07-23 19:14:36.195416+00:00"
    ]
  },
  "ocr": {
    "scope": "page",
    "count": 15,
    "times": [
      0.14794407784938812,
      0.14190895855426788,
      0.12216866761445999,
      0.12640862725675106,
      0.13023186288774014,
      0.13611573539674282,
      0.12619719002395868,
      0.12166923843324184,
      1.2833581222221255,
      1.575552087277174,
      1.5671876138076186,
      1.2877852246165276,
      2.062312353402376,
      1.8642595587298274,
      1.0578972855582833
    ],
    "start_timestamps": [
      "2026-07-23 19:14:35.417433+00:00",
      "2026-07-23 19:14:35.565424+00:00",
      "2026-07-23 19:14:35.707347+00:00",
      "2026-07-23 19:14:35.829527+00:00",
      "2026-07-23 19:14:35.955988+00:00",
      "2026-07-23 19:14:36.086236+00:00",
      "2026-07-23 19:14:36.222366+00:00",
      "2026-07-23 19:14:36.348581+00:00",
      "2026-07-23 19:14:36.470264+00:00",
      "2026-07-23 19:14:37.753638+00:00",
      "2026-07-23 19:14:39.329289+00:00",
      "2026-07-23 19:14:40.896494+00:00",
      "2026-07-23 19:14:42.184296+00:00",
      "2026-07-23 19:14:44.246626+00:00",
      "2026-07-23 19:14:46.110901+00:00"
    ]
  },
  "layout": {
    "scope": "page",
    "count": 4,
    "times": [
      0.20364082232117653,
      0.18616844806820154,
      0.09535109531134367,
      0.08228447381407022
    ],
    "start_timestamps": [
      "2026-07-23 19:14:35.565499+00:00",
      "2026-07-23 19:14:35.956057+00:00",
      "2026-07-23 19:14:39.329379+00:00",
      "2026-07-23 19:14:47.168965+00:00"
    ]
  },
  "table_structure": {
    "scope": "page",
    "count": 15,
    "times": [
      1.3396143913269043e-05,
      2.2217728262767196,
      1.6838748352602124,
      3.2906263303011656,
      3.206635756418109,
      1.8135608499869704,
      0.8475249540060759,
      2.4345703423023224e-05,
      1.0099261999130249e-05,
      6.691552698612213e-06,
      5.270354449748993e-06,
      4.779547452926636e-06,
      5.860812962055206e-06,
      5.7406723499298096e-06,
      4.989095032215118e-06
    ],
    "start_timestamps": [
      "2026-07-23 19:14:35.808926+00:00",
      "2026-07-23 19:14:36.218967+00:00",
      "2026-07-23 19:14:38.440755+00:00",
      "2026-07-23 19:14:40.124650+00:00",
      "2026-07-23 19:14:43.417569+00:00",
      "2026-07-23 19:14:46.624221+00:00",
      "2026-07-23 19:14:48.437795+00:00",
      "2026-07-23 19:14:49.285335+00:00",
      "2026-07-23 19:14:49.285517+00:00",
      "2026-07-23 19:14:49.285532+00:00",
      "2026-07-23 19:14:49.285541+00:00",
      "2026-07-23 19:14:49.285550+00:00",
      "2026-07-23 19:14:49.285577+00:00",
      "2026-07-23 19:14:49.285586+00:00",
      "2026-07-23 19:14:49.285595+00:00"
    ]
  },
  "page_assemble": {
    "scope": "page",
    "count": 15,
    "times": [
      0.00021380186080932617,
      9.069126099348068e-05,
      3.63178551197052e-05,
      2.858322113752365e-05,
      4.8832036554813385e-05,
      6.33392482995987e-05,
      5.160737782716751e-05,
      0.0008569825440645218,
      3.9764679968357086e-05,
      2.6108697056770325e-05,
      2.2212043404579163e-05,
      2.489611506462097e-05,
      2.589728683233261e-05,
      2.516806125640869e-05,
      2.3884698748588562e-05
    ],
    "start_timestamps": [
      "2026-07-23 19:14:35.808999+00:00",
      "2026-07-23 19:14:43.417657+00:00",
      "2026-07-23 19:14:43.417794+00:00",
      "2026-07-23 19:14:43.417852+00:00",
      "2026-07-23 19:14:49.285701+00:00",
      "2026-07-23 19:14:49.285792+00:00",
      "2026-07-23 19:14:49.285888+00:00",
      "2026-07-23 19:14:49.285961+00:00",
      "2026-07-23 19:14:49.286841+00:00",
      "2026-07-23 19:14:49.286899+00:00",
      "2026-07-23 19:14:49.286942+00:00",
      "2026-07-23 19:14:49.286979+00:00",
      "2026-07-23 19:14:49.287019+00:00",
      "2026-07-23 19:14:49.287060+00:00",
      "2026-07-23 19:14:49.287099+00:00"
    ]
  },
  "doc_assemble": {
    "scope": "document",
    "count": 1,
    "times": [
      0.014975233934819698
    ],
    "start_timestamps": [
      "2026-07-23 19:14:49.287300+00:00"
    ]
  },
  "reading_order": {
    "scope": "document",
    "count": 1,
    "times": [
      0.01451941579580307
    ],
    "start_timestamps": [
      "2026-07-23 19:14:49.287364+00:00"
    ]
  },
  "doc_enrich": {
    "scope": "document",
    "count": 1,
    "times": [
      0.0014123572036623955
    ],
    "start_timestamps": [
      "2026-07-23 19:14:49.302298+00:00"
    ]
  }
}
All hyperlinked elements redacted in-memory.
Clean PDF conversion timings:
{
  "pipeline_total": {
    "scope": "document",
    "count": 1,
    "times": [
      13.58623680472374
    ],
    "start_timestamps": [
      "2026-07-23 19:14:49.450209+00:00"
    ]
  },
  "page_parse": {
    "scope": "page",
    "count": 15,
    "times": [
      0.03480107709765434,
      0.045672327280044556,
      0.038582404144108295,
      0.05910517927259207,
      0.05683799274265766,
      0.08359337598085403,
      0.053863804787397385,
      0.04991714656352997,
      0.06288141570985317,
      0.06236167810857296,
      0.06225932389497757,
      0.06692993640899658,
      0.06579540949314833,
      0.07432203739881516,
      0.06821290962398052
    ],
    "start_timestamps": [
      "2026-07-23 19:14:49.452914+00:00",
      "2026-07-23 19:14:49.487752+00:00",
      "2026-07-23 19:14:49.533461+00:00",
      "2026-07-23 19:14:49.572079+00:00",
      "2026-07-23 19:14:49.631222+00:00",
      "2026-07-23 19:14:49.688102+00:00",
      "2026-07-23 19:14:49.771737+00:00",
      "2026-07-23 19:14:49.825640+00:00",
      "2026-07-23 19:14:49.875589+00:00",
      "2026-07-23 19:14:49.938512+00:00",
      "2026-07-23 19:14:50.000913+00:00",
      "2026-07-23 19:14:50.063214+00:00",
      "2026-07-23 19:14:50.130189+00:00",
      "2026-07-23 19:14:50.196026+00:00",
      "2026-07-23 19:14:50.270394+00:00"
    ]
  },
  "ocr": {
    "scope": "page",
    "count": 15,
    "times": [
      0.14526297058910131,
      0.14275072421878576,
      0.12202630005776882,
      0.16640012338757515,
      0.14076105877757072,
      0.13950615748763084,
      0.12366753909736872,
      0.12279520649462938,
      1.2545398250222206,
      1.383927520364523,
      1.5261435769498348,
      1.2283642813563347,
      1.9001085376366973,
      1.7294324468821287,
      1.2895523300394416
    ],
    "start_timestamps": [
      "2026-07-23 19:14:49.487965+00:00",
      "2026-07-23 19:14:49.633260+00:00",
      "2026-07-23 19:14:49.776026+00:00",
      "2026-07-23 19:14:49.898066+00:00",
      "2026-07-23 19:14:50.064516+00:00",
      "2026-07-23 19:14:50.205293+00:00",
      "2026-07-23 19:14:50.344815+00:00",
      "2026-07-23 19:14:50.468497+00:00",
      "2026-07-23 19:14:50.591301+00:00",
      "2026-07-23 19:14:51.845859+00:00",
      "2026-07-23 19:14:53.229803+00:00",
      "2026-07-23 19:14:54.756020+00:00",
      "2026-07-23 19:14:55.984411+00:00",
      "2026-07-23 19:14:57.884536+00:00",
      "2026-07-23 19:14:59.613986+00:00"
    ]
  },
  "layout": {
    "scope": "page",
    "count": 4,
    "times": [
      0.19983831606805325,
      0.14831714984029531,
      0.09532621782273054,
      0.075179492123425
    ],
    "start_timestamps": [
      "2026-07-23 19:14:49.633341+00:00",
      "2026-07-23 19:14:50.064608+00:00",
      "2026-07-23 19:14:54.756137+00:00",
      "2026-07-23 19:15:00.903727+00:00"
    ]
  },
  "table_structure": {
    "scope": "page",
    "count": 15,
    "times": [
      1.6940757632255554e-05,
      2.147471987642348,
      1.535571239888668,
      3.565562062896788,
      3.015865897759795,
      1.6176672792062163,
      0.8484046896919608,
      2.580881118774414e-05,
      1.0560266673564911e-05,
      6.812624633312225e-06,
      6.031244993209839e-06,
      5.76116144657135e-06,
      7.123686373233795e-06,
      5.710870027542114e-06,
      5.320645868778229e-06
    ],
    "start_timestamps": [
      "2026-07-23 19:14:49.840208+00:00",
      "2026-07-23 19:14:50.287692+00:00",
      "2026-07-23 19:14:52.435184+00:00",
      "2026-07-23 19:14:53.970772+00:00",
      "2026-07-23 19:14:57.537042+00:00",
      "2026-07-23 19:15:00.552925+00:00",
      "2026-07-23 19:15:02.170607+00:00",
      "2026-07-23 19:15:03.019028+00:00",
      "2026-07-23 19:15:03.019208+00:00",
      "2026-07-23 19:15:03.019222+00:00",
      "2026-07-23 19:15:03.019233+00:00",
      "2026-07-23 19:15:03.019242+00:00",
      "2026-07-23 19:15:03.019270+00:00",
      "2026-07-23 19:15:03.019281+00:00",
      "2026-07-23 19:15:03.019290+00:00"
    ]
  },
  "page_assemble": {
    "scope": "page",
    "count": 15,
    "times": [
      9.575951844453812e-05,
      8.327700197696686e-05,
      3.390386700630188e-05,
      2.69915908575058e-05,
      5.1326118409633636e-05,
      6.860960274934769e-05,
      5.372054874897003e-05,
      0.00014131609350442886,
      4.5124441385269165e-05,
      3.086775541305542e-05,
      2.7011148631572723e-05,
      3.0037015676498413e-05,
      3.152899444103241e-05,
      2.9706396162509918e-05,
      2.8213486075401306e-05
    ],
    "start_timestamps": [
      "2026-07-23 19:14:49.840287+00:00",
      "2026-07-23 19:14:57.537959+00:00",
      "2026-07-23 19:14:57.538088+00:00",
      "2026-07-23 19:14:57.538145+00:00",
      "2026-07-23 19:15:03.019463+00:00",
      "2026-07-23 19:15:03.019554+00:00",
      "2026-07-23 19:15:03.019651+00:00",
      "2026-07-23 19:15:03.019728+00:00",
      "2026-07-23 19:15:03.019891+00:00",
      "2026-07-23 19:15:03.019957+00:00",
      "2026-07-23 19:15:03.020007+00:00",
      "2026-07-23 19:15:03.020052+00:00",
      "2026-07-23 19:15:03.020101+00:00",
      "2026-07-23 19:15:03.020151+00:00",
      "2026-07-23 19:15:03.020198+00:00"
    ]
  },
  "doc_assemble": {
    "scope": "document",
    "count": 1,
    "times": [
      0.014602171257138252
    ],
    "start_timestamps": [
      "2026-07-23 19:15:03.020434+00:00"
    ]
  },
  "reading_order": {
    "scope": "document",
    "count": 1,
    "times": [
      0.014189505949616432
    ],
    "start_timestamps": [
      "2026-07-23 19:15:03.020497+00:00"
    ]
  },
  "doc_enrich": {
    "scope": "document",
    "count": 1,
    "times": [
      0.0013814698904752731
    ],
    "start_timestamps": [
      "2026-07-23 19:15:03.035060+00:00"
    ]
  }
}
Function parse_pdf took 27.7698 seconds to execute.
Running: get_tables
Function get_tables took 0.0000 seconds to execute.
Running: get_surrounding_paragraphs
Function get_surrounding_paragraphs took 0.0001 seconds to execute.
