Running: parse_pdf
Raw PDF conversion timings:
{
  "pipeline_total": {
    "scope": "document",
    "count": 1,
    "times": [
      6.8921593790873885
    ],
    "start_timestamps": [
      "2026-07-23 17:46:15.717718+00:00"
    ]
  },
  "page_parse": {
    "scope": "page",
    "count": 7,
    "times": [
      0.1527929212898016,
      0.16524183750152588,
      0.22910034377127886,
      0.13574629928916693,
      0.16592527460306883,
      0.1697768121957779,
      0.2424064138904214
    ],
    "start_timestamps": [
      "2026-07-23 17:46:15.723078+00:00",
      "2026-07-23 17:46:15.875912+00:00",
      "2026-07-23 17:46:16.041197+00:00",
      "2026-07-23 17:46:16.270338+00:00",
      "2026-07-23 17:46:16.406130+00:00",
      "2026-07-23 17:46:16.572098+00:00",
      "2026-07-23 17:46:16.741918+00:00"
    ]
  },
  "ocr": {
    "scope": "page",
    "count": 7,
    "times": [
      0.18537258077412844,
      0.8091212408617139,
      0.3704533353447914,
      1.9014432160183787,
      0.3958464004099369,
      0.6629216885194182,
      0.5263932477682829
    ],
    "start_timestamps": [
      "2026-07-23 17:46:15.876231+00:00",
      "2026-07-23 17:46:16.061646+00:00",
      "2026-07-23 17:46:16.870799+00:00",
      "2026-07-23 17:46:17.241273+00:00",
      "2026-07-23 17:46:19.142732+00:00",
      "2026-07-23 17:46:19.538596+00:00",
      "2026-07-23 17:46:20.201618+00:00"
    ]
  },
  "layout": {
    "scope": "page",
    "count": 4,
    "times": [
      0.36486747208982706,
      0.1335199810564518,
      0.07016871031373739,
      0.026771189644932747
    ],
    "start_timestamps": [
      "2026-07-23 17:46:16.212269+00:00",
      "2026-07-23 17:46:16.871014+00:00",
      "2026-07-23 17:46:20.201694+00:00",
      "2026-07-23 17:46:20.728135+00:00"
    ]
  },
  "table_structure": {
    "scope": "page",
    "count": 7,
    "times": [
      1.560896635055542e-05,
      0.9993305150419474,
      2.270285040140152e-05,
      0.49167004134505987,
      0.34903062880039215,
      2.380460500717163e-05,
      2.0137988030910492e-05
    ],
    "start_timestamps": [
      "2026-07-23 17:46:16.861734+00:00",
      "2026-07-23 17:46:17.210698+00:00",
      "2026-07-23 17:46:20.715053+00:00",
      "2026-07-23 17:46:20.715079+00:00",
      "2026-07-23 17:46:21.206765+00:00",
      "2026-07-23 17:46:21.555809+00:00",
      "2026-07-23 17:46:21.555983+00:00"
    ]
  },
  "page_assemble": {
    "scope": "page",
    "count": 7,
    "times": [
      0.0012081228196620941,
      0.0006845491006970406,
      0.0009487448260188103,
      0.00034111272543668747,
      0.0005549639463424683,
      0.0035556619986891747,
      0.11649450100958347
    ],
    "start_timestamps": [
      "2026-07-23 17:46:16.861838+00:00",
      "2026-07-23 17:46:18.210247+00:00",
      "2026-07-23 17:46:21.556089+00:00",
      "2026-07-23 17:46:21.557071+00:00",
      "2026-07-23 17:46:21.557438+00:00",
      "2026-07-23 17:46:21.558016+00:00",
      "2026-07-23 17:46:21.561594+00:00"
    ]
  },
  "doc_assemble": {
    "scope": "document",
    "count": 1,
    "times": [
      0.03662887215614319
    ],
    "start_timestamps": [
      "2026-07-23 17:46:21.678270+00:00"
    ]
  },
  "reading_order": {
    "scope": "document",
    "count": 1,
    "times": [
      0.0361689068377018
    ],
    "start_timestamps": [
      "2026-07-23 17:46:21.678351+00:00"
    ]
  },
  "doc_enrich": {
    "scope": "document",
    "count": 1,
    "times": [
      0.894941977225244
    ],
    "start_timestamps": [
      "2026-07-23 17:46:21.714922+00:00"
    ]
  }
}
All hyperlinked elements redacted in-memory.
Clean PDF conversion timings:
{
  "pipeline_total": {
    "scope": "document",
    "count": 1,
    "times": [
      7.483109603635967
    ],
    "start_timestamps": [
      "2026-07-23 17:46:25.620528+00:00"
    ]
  },
  "page_parse": {
    "scope": "page",
    "count": 7,
    "times": [
      0.14894203282892704,
      0.4504075590521097,
      0.2262301705777645,
      0.13436371833086014,
      0.16665990557521582,
      0.1618980746716261,
      0.09272927697747946
    ],
    "start_timestamps": [
      "2026-07-23 17:46:25.625657+00:00",
      "2026-07-23 17:46:25.774645+00:00",
      "2026-07-23 17:46:26.225091+00:00",
      "2026-07-23 17:46:26.451365+00:00",
      "2026-07-23 17:46:26.585773+00:00",
      "2026-07-23 17:46:26.752476+00:00",
      "2026-07-23 17:46:26.914427+00:00"
    ]
  },
  "ocr": {
    "scope": "page",
    "count": 7,
    "times": [
      0.47004949301481247,
      0.7998257083818316,
      0.2626291895285249,
      1.935943371616304,
      0.3847270756959915,
      0.6506534116342664,
      0.12464399635791779
    ],
    "start_timestamps": [
      "2026-07-23 17:46:25.774970+00:00",
      "2026-07-23 17:46:26.245059+00:00",
      "2026-07-23 17:46:27.044918+00:00",
      "2026-07-23 17:46:27.307569+00:00",
      "2026-07-23 17:46:29.243528+00:00",
      "2026-07-23 17:46:29.628272+00:00",
      "2026-07-23 17:46:30.278941+00:00"
    ]
  },
  "layout": {
    "scope": "page",
    "count": 3,
    "times": [
      0.5113269034773111,
      0.028369509615004063,
      0.07579444721341133
    ],
    "start_timestamps": [
      "2026-07-23 17:46:26.245136+00:00",
      "2026-07-23 17:46:27.044968+00:00",
      "2026-07-23 17:46:30.403747+00:00"
    ]
  },
  "table_structure": {
    "scope": "page",
    "count": 7,
    "times": [
      2.1420419216156006e-05,
      1.0223953612148762,
      2.6850029826164246e-05,
      0.49482727237045765,
      0.35018639359623194,
      2.80626118183136e-05,
      0.3691603010520339
    ],
    "start_timestamps": [
      "2026-07-23 17:46:27.037989+00:00",
      "2026-07-23 17:46:27.266616+00:00",
      "2026-07-23 17:46:30.964468+00:00",
      "2026-07-23 17:46:30.964500+00:00",
      "2026-07-23 17:46:31.459344+00:00",
      "2026-07-23 17:46:31.809552+00:00",
      "2026-07-23 17:46:31.809730+00:00"
    ]
  },
  "page_assemble": {
    "scope": "page",
    "count": 7,
    "times": [
      0.0005332129076123238,
      0.0007950058206915855,
      0.0009843818843364716,
      0.0003357222303748131,
      0.0005440246313810349,
      0.00026688259094953537,
      6.578397005796432e-05
    ],
    "start_timestamps": [
      "2026-07-23 17:46:27.038074+00:00",
      "2026-07-23 17:46:28.289309+00:00",
      "2026-07-23 17:46:31.810611+00:00",
      "2026-07-23 17:46:31.811630+00:00",
      "2026-07-23 17:46:31.811987+00:00",
      "2026-07-23 17:46:31.812559+00:00",
      "2026-07-23 17:46:32.179091+00:00"
    ]
  },
  "doc_assemble": {
    "scope": "document",
    "count": 1,
    "times": [
      0.03003706783056259
    ],
    "start_timestamps": [
      "2026-07-23 17:46:32.179479+00:00"
    ]
  },
  "reading_order": {
    "scope": "document",
    "count": 1,
    "times": [
      0.029520545154809952
    ],
    "start_timestamps": [
      "2026-07-23 17:46:32.179565+00:00"
    ]
  },
  "doc_enrich": {
    "scope": "document",
    "count": 1,
    "times": [
      0.8940758071839809
    ],
    "start_timestamps": [
      "2026-07-23 17:46:32.209548+00:00"
    ]
  }
}
Function parse_pdf took 18.1298 seconds to execute.
Running: get_tables
Function get_tables took 0.0001 seconds to execute.
Running: get_surrounding_paragraphs
Function get_surrounding_paragraphs took 0.0001 seconds to execute.
