Running: parse_pdf
--- Logging error ---
Traceback (most recent call last):
  File "/mnt/iusers01/fatpou01/chem02/b07755hv/.local/lib/python3.12/site-packages/rapidocr/main.py", line 130, in run_ocr_steps
    cropped_img_list, det_res = self.detect_and_crop(img, op_record)
                                ^^^^^^^^^^^^^^^^^^^^^^^^^^^^^^^^^^^^
  File "/mnt/iusers01/fatpou01/chem02/b07755hv/.local/lib/python3.12/site-packages/rapidocr/main.py", line 298, in detect_and_crop
    raise RapidOCRError("The text detection result is empty")
rapidocr.main.RapidOCRError: The text detection result is empty

During handling of the above exception, another exception occurred:

Traceback (most recent call last):
  File "/mnt/iusers01/fatpou01/chem02/b07755hv/.conda/envs/env/lib/python3.12/logging/__init__.py", line 1163, in emit
    stream.write(msg + self.terminator)
  File "/mnt/iusers01/fatpou01/chem02/b07755hv/ChemistryExtract/src/chemstractor/lib/extractor.py", line 298, in write
    self.file.write(data)
ValueError: I/O operation on closed file.
Call stack:
  File "/mnt/iusers01/fatpou01/chem02/b07755hv/.conda/envs/env/lib/python3.12/threading.py", line 1030, in _bootstrap
    self._bootstrap_inner()
  File "/mnt/iusers01/fatpou01/chem02/b07755hv/.conda/envs/env/lib/python3.12/threading.py", line 1073, in _bootstrap_inner
    self.run()
  File "/mnt/iusers01/fatpou01/chem02/b07755hv/.conda/envs/env/lib/python3.12/threading.py", line 1010, in run
    self._target(*self._args, **self._kwargs)
  File "/mnt/iusers01/fatpou01/chem02/b07755hv/.local/lib/python3.12/site-packages/docling/pipeline/standard_pdf_pipeline.py", line 279, in _run
    processed = self._process_batch(batch)
  File "/mnt/iusers01/fatpou01/chem02/b07755hv/.local/lib/python3.12/site-packages/docling/pipeline/standard_pdf_pipeline.py", line 344, in _process_batch
    processed_pages = list(self.model(good[0].conv_res, pages))  # type: ignore[arg-type]
  File "/mnt/iusers01/fatpou01/chem02/b07755hv/.local/lib/python3.12/site-packages/docling/models/stages/ocr/rapid_ocr_model.py", line 491, in __call__
    result = self.reader(
  File "/mnt/iusers01/fatpou01/chem02/b07755hv/.local/lib/python3.12/site-packages/rapidocr/main.py", line 120, in __call__
    det_res, cls_res, rec_res, cropped_img_list = self.run_ocr_steps(img, op_record)
  File "/mnt/iusers01/fatpou01/chem02/b07755hv/.local/lib/python3.12/site-packages/rapidocr/main.py", line 132, in run_ocr_steps
    logger.warning(e)
Message: RapidOCRError('The text detection result is empty')
Arguments: ()
RapidOCR returned empty result!
Raw PDF conversion timings:
{
  "pipeline_total": {
    "scope": "document",
    "count": 1,
    "times": [
      16.022240637801588
    ],
    "start_timestamps": [
      "2026-07-17 19:51:02.727247+00:00"
    ]
  },
  "page_parse": {
    "scope": "page",
    "count": 11,
    "times": [
      0.09374526049941778,
      0.1016306346282363,
      0.09959975350648165,
      0.09672403335571289,
      0.09480565506964922,
      0.10801723040640354,
      0.15542802773416042,
      0.14002298563718796,
      0.10795254725962877,
      0.09932957589626312,
      0.0517432177439332
    ],
    "start_timestamps": [
      "2026-07-17 19:51:02.734314+00:00",
      "2026-07-17 19:51:02.828102+00:00",
      "2026-07-17 19:51:02.929773+00:00",
      "2026-07-17 19:51:03.029422+00:00",
      "2026-07-17 19:51:03.126187+00:00",
      "2026-07-17 19:51:03.221036+00:00",
      "2026-07-17 19:51:03.329100+00:00",
      "2026-07-17 19:51:03.484579+00:00",
      "2026-07-17 19:51:03.624649+00:00",
      "2026-07-17 19:51:03.732644+00:00",
      "2026-07-17 19:51:03.832018+00:00"
    ]
  },
  "ocr": {
    "scope": "page",
    "count": 11,
    "times": [
      0.2029329612851143,
      1.6157003724947572,
      0.11928072106093168,
      0.3706239517778158,
      1.0490777045488358,
      0.539863714016974,
      0.49524293560534716,
      0.3056486891582608,
      1.0721612442284822,
      0.12389103509485722,
      0.1171368882060051
    ],
    "start_timestamps": [
      "2026-07-17 19:51:02.828428+00:00",
      "2026-07-17 19:51:03.031399+00:00",
      "2026-07-17 19:51:04.647117+00:00",
      "2026-07-17 19:51:04.766473+00:00",
      "2026-07-17 19:51:05.137115+00:00",
      "2026-07-17 19:51:06.186210+00:00",
      "2026-07-17 19:51:06.726093+00:00",
      "2026-07-17 19:51:07.221353+00:00",
      "2026-07-17 19:51:07.527019+00:00",
      "2026-07-17 19:51:08.599199+00:00",
      "2026-07-17 19:51:08.723100+00:00"
    ]
  },
  "layout": {
    "scope": "page",
    "count": 3,
    "times": [
      0.3045326489955187,
      0.06029990687966347,
      0.09943906217813492
    ],
    "start_timestamps": [
      "2026-07-17 19:51:03.031482+00:00",
      "2026-07-17 19:51:04.766621+00:00",
      "2026-07-17 19:51:08.840559+00:00"
    ]
  },
  "table_structure": {
    "scope": "page",
    "count": 11,
    "times": [
      3.19797545671463e-05,
      4.0415674448013306e-05,
      1.8103979527950287e-05,
      6.536301225423813e-05,
      0.3347485261037946,
      0.18716625962406397,
      0.24857843853533268,
      1.7161481082439423e-05,
      7.634051144123077e-06,
      9.066425263881683e-06,
      5.9409067034721375e-06
    ],
    "start_timestamps": [
      "2026-07-17 19:51:03.492854+00:00",
      "2026-07-17 19:51:04.934082+00:00",
      "2026-07-17 19:51:04.934128+00:00",
      "2026-07-17 19:51:09.426330+00:00",
      "2026-07-17 19:51:09.426433+00:00",
      "2026-07-17 19:51:09.761199+00:00",
      "2026-07-17 19:51:09.948380+00:00",
      "2026-07-17 19:51:10.197079+00:00",
      "2026-07-17 19:51:10.197099+00:00",
      "2026-07-17 19:51:10.197110+00:00",
      "2026-07-17 19:51:10.197123+00:00"
    ]
  },
  "page_assemble": {
    "scope": "page",
    "count": 11,
    "times": [
      0.00039475224912166595,
      0.00041696522384881973,
      0.0003959052264690399,
      0.0006633065640926361,
      0.00028259027749300003,
      0.00038246065378189087,
      0.0003843335434794426,
      0.00030874088406562805,
      0.00028342287987470627,
      0.0005672788247466087,
      0.00023361947387456894
    ],
    "start_timestamps": [
      "2026-07-17 19:51:03.492984+00:00",
      "2026-07-17 19:51:04.934717+00:00",
      "2026-07-17 19:51:04.935164+00:00",
      "2026-07-17 19:51:10.197265+00:00",
      "2026-07-17 19:51:10.197962+00:00",
      "2026-07-17 19:51:10.198268+00:00",
      "2026-07-17 19:51:10.198673+00:00",
      "2026-07-17 19:51:10.199090+00:00",
      "2026-07-17 19:51:10.199428+00:00",
      "2026-07-17 19:51:10.199729+00:00",
      "2026-07-17 19:51:10.200314+00:00"
    ]
  },
  "doc_assemble": {
    "scope": "document",
    "count": 1,
    "times": [
      0.05041737388819456
    ],
    "start_timestamps": [
      "2026-07-17 19:51:10.200784+00:00"
    ]
  },
  "reading_order": {
    "scope": "document",
    "count": 1,
    "times": [
      0.04978789947926998
    ],
    "start_timestamps": [
      "2026-07-17 19:51:10.200952+00:00"
    ]
  },
  "doc_enrich": {
    "scope": "document",
    "count": 1,
    "times": [
      8.498245142400265
    ],
    "start_timestamps": [
      "2026-07-17 19:51:10.251225+00:00"
    ]
  }
}
All hyperlinked elements redacted in-memory.
--- Logging error ---
Traceback (most recent call last):
  File "/mnt/iusers01/fatpou01/chem02/b07755hv/.local/lib/python3.12/site-packages/rapidocr/main.py", line 130, in run_ocr_steps
    cropped_img_list, det_res = self.detect_and_crop(img, op_record)
                                ^^^^^^^^^^^^^^^^^^^^^^^^^^^^^^^^^^^^
  File "/mnt/iusers01/fatpou01/chem02/b07755hv/.local/lib/python3.12/site-packages/rapidocr/main.py", line 298, in detect_and_crop
    raise RapidOCRError("The text detection result is empty")
rapidocr.main.RapidOCRError: The text detection result is empty

During handling of the above exception, another exception occurred:

Traceback (most recent call last):
  File "/mnt/iusers01/fatpou01/chem02/b07755hv/.conda/envs/env/lib/python3.12/logging/__init__.py", line 1163, in emit
    stream.write(msg + self.terminator)
  File "/mnt/iusers01/fatpou01/chem02/b07755hv/ChemistryExtract/src/chemstractor/lib/extractor.py", line 298, in write
    self.file.write(data)
ValueError: I/O operation on closed file.
Call stack:
  File "/mnt/iusers01/fatpou01/chem02/b07755hv/.conda/envs/env/lib/python3.12/threading.py", line 1030, in _bootstrap
    self._bootstrap_inner()
  File "/mnt/iusers01/fatpou01/chem02/b07755hv/.conda/envs/env/lib/python3.12/threading.py", line 1073, in _bootstrap_inner
    self.run()
  File "/mnt/iusers01/fatpou01/chem02/b07755hv/.conda/envs/env/lib/python3.12/threading.py", line 1010, in run
    self._target(*self._args, **self._kwargs)
  File "/mnt/iusers01/fatpou01/chem02/b07755hv/.local/lib/python3.12/site-packages/docling/pipeline/standard_pdf_pipeline.py", line 279, in _run
    processed = self._process_batch(batch)
  File "/mnt/iusers01/fatpou01/chem02/b07755hv/.local/lib/python3.12/site-packages/docling/pipeline/standard_pdf_pipeline.py", line 344, in _process_batch
    processed_pages = list(self.model(good[0].conv_res, pages))  # type: ignore[arg-type]
  File "/mnt/iusers01/fatpou01/chem02/b07755hv/.local/lib/python3.12/site-packages/docling/models/stages/ocr/rapid_ocr_model.py", line 491, in __call__
    result = self.reader(
  File "/mnt/iusers01/fatpou01/chem02/b07755hv/.local/lib/python3.12/site-packages/rapidocr/main.py", line 120, in __call__
    det_res, cls_res, rec_res, cropped_img_list = self.run_ocr_steps(img, op_record)
  File "/mnt/iusers01/fatpou01/chem02/b07755hv/.local/lib/python3.12/site-packages/rapidocr/main.py", line 132, in run_ocr_steps
    logger.warning(e)
Message: RapidOCRError('The text detection result is empty')
Arguments: ()
RapidOCR returned empty result!
Clean PDF conversion timings:
{
  "pipeline_total": {
    "scope": "document",
    "count": 1,
    "times": [
      16.08399803098291
    ],
    "start_timestamps": [
      "2026-07-17 19:51:18.885346+00:00"
    ]
  },
  "page_parse": {
    "scope": "page",
    "count": 11,
    "times": [
      0.09216571785509586,
      0.10137473326176405,
      0.09799455385655165,
      0.09614935331046581,
      0.38845796417444944,
      0.15411282237619162,
      0.11128838453441858,
      0.12671852577477694,
      0.11065025348216295,
      0.09295821934938431,
      0.0471725994721055
    ],
    "start_timestamps": [
      "2026-07-17 19:51:18.891305+00:00",
      "2026-07-17 19:51:18.983512+00:00",
      "2026-07-17 19:51:19.084928+00:00",
      "2026-07-17 19:51:19.182962+00:00",
      "2026-07-17 19:51:19.279152+00:00",
      "2026-07-17 19:51:19.667652+00:00",
      "2026-07-17 19:51:19.821806+00:00",
      "2026-07-17 19:51:19.933140+00:00",
      "2026-07-17 19:51:20.059907+00:00",
      "2026-07-17 19:51:20.170600+00:00",
      "2026-07-17 19:51:20.263604+00:00"
    ]
  },
  "ocr": {
    "scope": "page",
    "count": 11,
    "times": [
      0.20027228631079197,
      1.862529680132866,
      0.12572537641972303,
      0.3684203252196312,
      1.0328162098303437,
      0.5559325544163585,
      0.49101664405316114,
      0.22094165440648794,
      1.0127975782379508,
      0.12259329296648502,
      0.1191413588821888
    ],
    "start_timestamps": [
      "2026-07-17 19:51:18.983788+00:00",
      "2026-07-17 19:51:19.184104+00:00",
      "2026-07-17 19:51:21.046651+00:00",
      "2026-07-17 19:51:21.172455+00:00",
      "2026-07-17 19:51:21.540892+00:00",
      "2026-07-17 19:51:22.573725+00:00",
      "2026-07-17 19:51:23.129675+00:00",
      "2026-07-17 19:51:23.620709+00:00",
      "2026-07-17 19:51:23.841666+00:00",
      "2026-07-17 19:51:24.854481+00:00",
      "2026-07-17 19:51:24.977085+00:00"
    ]
  },
  "layout": {
    "scope": "page",
    "count": 3,
    "times": [
      0.49701166339218616,
      0.05938762053847313,
      0.09506023395806551
    ],
    "start_timestamps": [
      "2026-07-17 19:51:19.184207+00:00",
      "2026-07-17 19:51:21.172575+00:00",
      "2026-07-17 19:51:25.096511+00:00"
    ]
  },
  "table_structure": {
    "scope": "page",
    "count": 11,
    "times": [
      1.662038266658783e-05,
      2.5128014385700226e-05,
      1.0078772902488708e-05,
      2.5267712771892548e-05,
      0.333462237380445,
      0.18719044514000416,
      0.24735115934163332,
      3.2922253012657166e-05,
      1.496821641921997e-05,
      2.7059577405452728e-05,
      1.0300427675247192e-05
    ],
    "start_timestamps": [
      "2026-07-17 19:51:19.827515+00:00",
      "2026-07-17 19:51:21.324934+00:00",
      "2026-07-17 19:51:21.324965+00:00",
      "2026-07-17 19:51:25.650195+00:00",
      "2026-07-17 19:51:25.650225+00:00",
      "2026-07-17 19:51:25.983705+00:00",
      "2026-07-17 19:51:26.170911+00:00",
      "2026-07-17 19:51:26.418384+00:00",
      "2026-07-17 19:51:26.418420+00:00",
      "2026-07-17 19:51:26.418439+00:00",
      "2026-07-17 19:51:26.418470+00:00"
    ]
  },
  "page_assemble": {
    "scope": "page",
    "count": 11,
    "times": [
      0.00029085762798786163,
      0.00030303001403808594,
      0.0002811802551150322,
      0.000486886128783226,
      0.0002891635522246361,
      0.00034407712519168854,
      0.0003648465499281883,
      0.000272141769528389,
      0.0002621430903673172,
      0.0005221422761678696,
      0.00019354373216629028
    ],
    "start_timestamps": [
      "2026-07-17 19:51:19.827578+00:00",
      "2026-07-17 19:51:21.325017+00:00",
      "2026-07-17 19:51:21.325350+00:00",
      "2026-07-17 19:51:26.418740+00:00",
      "2026-07-17 19:51:26.419268+00:00",
      "2026-07-17 19:51:26.419580+00:00",
      "2026-07-17 19:51:26.419945+00:00",
      "2026-07-17 19:51:26.420329+00:00",
      "2026-07-17 19:51:26.420620+00:00",
      "2026-07-17 19:51:26.420900+00:00",
      "2026-07-17 19:51:26.421442+00:00"
    ]
  },
  "doc_assemble": {
    "scope": "document",
    "count": 1,
    "times": [
      0.04963656421750784
    ],
    "start_timestamps": [
      "2026-07-17 19:51:26.421948+00:00"
    ]
  },
  "reading_order": {
    "scope": "document",
    "count": 1,
    "times": [
      0.049080547876656055
    ],
    "start_timestamps": [
      "2026-07-17 19:51:26.422073+00:00"
    ]
  },
  "doc_enrich": {
    "scope": "document",
    "count": 1,
    "times": [
      8.497716770507395
    ],
    "start_timestamps": [
      "2026-07-17 19:51:26.471610+00:00"
    ]
  }
}
Function parse_pdf took 32.4131 seconds to execute.
Running: get_tables
Function get_tables took 0.0001 seconds to execute.
Running: get_surrounding_paragraphs
Function get_surrounding_paragraphs took 0.0001 seconds to execute.
