Running: parse_pdf
Raw PDF conversion timings:
{
  "pipeline_total": {
    "scope": "document",
    "count": 1,
    "times": [
      44.84088681451976
    ],
    "start_timestamps": [
      "2026-07-23 16:39:15.436854+00:00"
    ]
  },
  "page_parse": {
    "scope": "page",
    "count": 5,
    "times": [
      0.070416952483356,
      0.09010731242597103,
      0.07682304549962282,
      0.06886320747435093,
      0.08175440598279238
    ],
    "start_timestamps": [
      "2026-07-23 16:39:15.440592+00:00",
      "2026-07-23 16:39:15.511043+00:00",
      "2026-07-23 16:39:15.601189+00:00",
      "2026-07-23 16:39:15.678053+00:00",
      "2026-07-23 16:39:15.746958+00:00"
    ]
  },
  "ocr": {
    "scope": "page",
    "count": 5,
    "times": [
      0.17028628289699554,
      0.5740725873038173,
      0.39286093786358833,
      0.9177414029836655,
      0.12664840184152126
    ],
    "start_timestamps": [
      "2026-07-23 16:39:15.511268+00:00",
      "2026-07-23 16:39:15.681589+00:00",
      "2026-07-23 16:39:16.255678+00:00",
      "2026-07-23 16:39:16.648617+00:00",
      "2026-07-23 16:39:17.566374+00:00"
    ]
  },
  "layout": {
    "scope": "page",
    "count": 3,
    "times": [
      0.17261801101267338,
      0.057657853700220585,
      0.030896196141839027
    ],
    "start_timestamps": [
      "2026-07-23 16:39:15.681665+00:00",
      "2026-07-23 16:39:16.648684+00:00",
      "2026-07-23 16:39:17.693155+00:00"
    ]
  },
  "table_structure": {
    "scope": "page",
    "count": 5,
    "times": [
      2.302415668964386e-05,
      1.8213875591754913e-05,
      0.3272040421143174,
      0.31064077466726303,
      3.133900463581085e-05
    ],
    "start_timestamps": [
      "2026-07-23 16:39:15.903882+00:00",
      "2026-07-23 16:39:16.765654+00:00",
      "2026-07-23 16:39:16.765675+00:00",
      "2026-07-23 16:39:17.863208+00:00",
      "2026-07-23 16:39:18.173864+00:00"
    ]
  },
  "page_assemble": {
    "scope": "page",
    "count": 5,
    "times": [
      0.00028083939105272293,
      0.0003232378512620926,
      0.00021871086210012436,
      0.00035595986992120743,
      0.0004425635561347008
    ],
    "start_timestamps": [
      "2026-07-23 16:39:15.903963+00:00",
      "2026-07-23 16:39:17.093030+00:00",
      "2026-07-23 16:39:17.093385+00:00",
      "2026-07-23 16:39:18.174062+00:00",
      "2026-07-23 16:39:18.174465+00:00"
    ]
  },
  "doc_assemble": {
    "scope": "document",
    "count": 1,
    "times": [
      0.023583046160638332
    ],
    "start_timestamps": [
      "2026-07-23 16:39:18.175086+00:00"
    ]
  },
  "reading_order": {
    "scope": "document",
    "count": 1,
    "times": [
      0.02313424088060856
    ],
    "start_timestamps": [
      "2026-07-23 16:39:18.175165+00:00"
    ]
  },
  "doc_enrich": {
    "scope": "document",
    "count": 1,
    "times": [
      42.07902591582388
    ],
    "start_timestamps": [
      "2026-07-23 16:39:18.198692+00:00"
    ]
  }
}
All hyperlinked elements redacted in-memory.
Clean PDF conversion timings:
{
  "pipeline_total": {
    "scope": "document",
    "count": 1,
    "times": [
      44.61736642476171
    ],
    "start_timestamps": [
      "2026-07-23 16:40:00.373785+00:00"
    ]
  },
  "page_parse": {
    "scope": "page",
    "count": 5,
    "times": [
      0.0713515393435955,
      0.09182542469352484,
      0.0782760800793767,
      0.06967901438474655,
      0.08306171465665102
    ],
    "start_timestamps": [
      "2026-07-23 16:40:00.377419+00:00",
      "2026-07-23 16:40:00.448811+00:00",
      "2026-07-23 16:40:00.540674+00:00",
      "2026-07-23 16:40:00.618992+00:00",
      "2026-07-23 16:40:00.688711+00:00"
    ]
  },
  "ocr": {
    "scope": "page",
    "count": 5,
    "times": [
      0.17379554640501738,
      0.5778985777869821,
      0.38863773085176945,
      0.9305859822779894,
      0.12452142965048552
    ],
    "start_timestamps": [
      "2026-07-23 16:40:00.449105+00:00",
      "2026-07-23 16:40:00.622936+00:00",
      "2026-07-23 16:40:01.200852+00:00",
      "2026-07-23 16:40:01.589570+00:00",
      "2026-07-23 16:40:02.520172+00:00"
    ]
  },
  "layout": {
    "scope": "page",
    "count": 3,
    "times": [
      0.17166585009545088,
      0.0562674468383193,
      0.03091651387512684
    ],
    "start_timestamps": [
      "2026-07-23 16:40:00.623031+00:00",
      "2026-07-23 16:40:01.589634+00:00",
      "2026-07-23 16:40:02.644832+00:00"
    ]
  },
  "table_structure": {
    "scope": "page",
    "count": 5,
    "times": [
      3.1138770282268524e-05,
      2.2532418370246887e-05,
      0.5075980955734849,
      0.31173400301486254,
      3.263074904680252e-05
    ],
    "start_timestamps": [
      "2026-07-23 16:40:00.846186+00:00",
      "2026-07-23 16:40:01.706660+00:00",
      "2026-07-23 16:40:01.706688+00:00",
      "2026-07-23 16:40:02.816870+00:00",
      "2026-07-23 16:40:03.128619+00:00"
    ]
  },
  "page_assemble": {
    "scope": "page",
    "count": 5,
    "times": [
      0.0003382069990038872,
      0.000428185798227787,
      0.0002655601128935814,
      0.00032130349427461624,
      0.0004883389919996262
    ],
    "start_timestamps": [
      "2026-07-23 16:40:00.846271+00:00",
      "2026-07-23 16:40:02.214475+00:00",
      "2026-07-23 16:40:02.214939+00:00",
      "2026-07-23 16:40:03.128907+00:00",
      "2026-07-23 16:40:03.129267+00:00"
    ]
  },
  "doc_assemble": {
    "scope": "document",
    "count": 1,
    "times": [
      0.024395504035055637
    ],
    "start_timestamps": [
      "2026-07-23 16:40:03.130143+00:00"
    ]
  },
  "reading_order": {
    "scope": "document",
    "count": 1,
    "times": [
      0.02393337432295084
    ],
    "start_timestamps": [
      "2026-07-23 16:40:03.130201+00:00"
    ]
  },
  "doc_enrich": {
    "scope": "document",
    "count": 1,
    "times": [
      41.83656550664455
    ],
    "start_timestamps": [
      "2026-07-23 16:40:03.154570+00:00"
    ]
  }
}
Function parse_pdf took 89.6345 seconds to execute.
Running: get_tables
Function get_tables took 0.0000 seconds to execute.
Running: get_surrounding_paragraphs
Function get_surrounding_paragraphs took 0.0001 seconds to execute.
