Running: parse_pdf
Raw PDF conversion timings:
{
  "pipeline_total": {
    "scope": "document",
    "count": 1,
    "times": [
      56.77849214524031
    ],
    "start_timestamps": [
      "2026-07-17 23:14:41.270450+00:00"
    ]
  },
  "page_parse": {
    "scope": "page",
    "count": 6,
    "times": [
      0.12790412176400423,
      0.1024521877989173,
      0.13063983991742134,
      0.12452041544020176,
      0.1817396068945527,
      0.06078395992517471
    ],
    "start_timestamps": [
      "2026-07-17 23:14:41.279927+00:00",
      "2026-07-17 23:14:41.407874+00:00",
      "2026-07-17 23:14:41.510366+00:00",
      "2026-07-17 23:14:41.641048+00:00",
      "2026-07-17 23:14:41.765617+00:00",
      "2026-07-17 23:14:41.947396+00:00"
    ]
  },
  "ocr": {
    "scope": "page",
    "count": 6,
    "times": [
      1.107626723125577,
      0.17337859328836203,
      0.7346202023327351,
      1.5001510214060545,
      0.6875156844034791,
      0.1235276572406292
    ],
    "start_timestamps": [
      "2026-07-17 23:14:41.408232+00:00",
      "2026-07-17 23:14:42.515917+00:00",
      "2026-07-17 23:14:42.689309+00:00",
      "2026-07-17 23:14:43.423947+00:00",
      "2026-07-17 23:14:44.924115+00:00",
      "2026-07-17 23:14:45.611649+00:00"
    ]
  },
  "layout": {
    "scope": "page",
    "count": 2,
    "times": [
      0.08237764425575733,
      0.07908736262470484
    ],
    "start_timestamps": [
      "2026-07-17 23:14:42.516035+00:00",
      "2026-07-17 23:14:45.735356+00:00"
    ]
  },
  "table_structure": {
    "scope": "page",
    "count": 6,
    "times": [
      2.2742897272109985e-05,
      2.674013376235962e-05,
      9.587965905666351e-06,
      0.7262181425467134,
      2.778228372335434e-05,
      1.6922131180763245e-05
    ],
    "start_timestamps": [
      "2026-07-17 23:14:42.680126+00:00",
      "2026-07-17 23:14:46.167479+00:00",
      "2026-07-17 23:14:46.167511+00:00",
      "2026-07-17 23:14:46.167525+00:00",
      "2026-07-17 23:14:46.893759+00:00",
      "2026-07-17 23:14:46.894077+00:00"
    ]
  },
  "page_assemble": {
    "scope": "page",
    "count": 6,
    "times": [
      0.0028081443160772324,
      0.0011959103867411613,
      0.0017115715891122818,
      0.0013131313025951385,
      0.005166452378034592,
      0.006183675490319729
    ],
    "start_timestamps": [
      "2026-07-17 23:14:42.680194+00:00",
      "2026-07-17 23:14:46.894171+00:00",
      "2026-07-17 23:14:46.895399+00:00",
      "2026-07-17 23:14:46.897133+00:00",
      "2026-07-17 23:14:46.898467+00:00",
      "2026-07-17 23:14:46.903660+00:00"
    ]
  },
  "doc_assemble": {
    "scope": "document",
    "count": 1,
    "times": [
      0.03714906517416239
    ],
    "start_timestamps": [
      "2026-07-17 23:14:46.909998+00:00"
    ]
  },
  "reading_order": {
    "scope": "document",
    "count": 1,
    "times": [
      0.03667103499174118
    ],
    "start_timestamps": [
      "2026-07-17 23:14:46.910099+00:00"
    ]
  },
  "doc_enrich": {
    "scope": "document",
    "count": 1,
    "times": [
      51.101734863594174
    ],
    "start_timestamps": [
      "2026-07-17 23:14:46.947170+00:00"
    ]
  }
}
All hyperlinked elements redacted in-memory.
Clean PDF conversion timings:
{
  "pipeline_total": {
    "scope": "document",
    "count": 1,
    "times": [
      56.11795536335558
    ],
    "start_timestamps": [
      "2026-07-17 23:15:38.401204+00:00"
    ]
  },
  "page_parse": {
    "scope": "page",
    "count": 6,
    "times": [
      0.11893483530730009,
      0.09958637598901987,
      0.12475357484072447,
      0.13536882866173983,
      0.19595725182443857,
      0.03932705242186785
    ],
    "start_timestamps": [
      "2026-07-17 23:15:38.409780+00:00",
      "2026-07-17 23:15:38.528757+00:00",
      "2026-07-17 23:15:38.628384+00:00",
      "2026-07-17 23:15:38.753179+00:00",
      "2026-07-17 23:15:38.888599+00:00",
      "2026-07-17 23:15:39.084599+00:00"
    ]
  },
  "ocr": {
    "scope": "page",
    "count": 6,
    "times": [
      1.0456601660698652,
      0.14378063846379519,
      0.6880069645121694,
      1.4693913897499442,
      0.6876851581037045,
      0.12172005604952574
    ],
    "start_timestamps": [
      "2026-07-17 23:15:38.529068+00:00",
      "2026-07-17 23:15:39.574802+00:00",
      "2026-07-17 23:15:39.718600+00:00",
      "2026-07-17 23:15:40.406626+00:00",
      "2026-07-17 23:15:41.876035+00:00",
      "2026-07-17 23:15:42.563737+00:00"
    ]
  },
  "layout": {
    "scope": "page",
    "count": 2,
    "times": [
      0.06885332521051168,
      0.08264817297458649
    ],
    "start_timestamps": [
      "2026-07-17 23:15:39.574900+00:00",
      "2026-07-17 23:15:42.685609+00:00"
    ]
  },
  "table_structure": {
    "scope": "page",
    "count": 6,
    "times": [
      5.010329186916351e-05,
      6.085541099309921e-05,
      7.682479918003082e-05,
      0.7227054163813591,
      2.1570362150669098e-05,
      1.1502765119075775e-05
    ],
    "start_timestamps": [
      "2026-07-17 23:15:39.708795+00:00",
      "2026-07-17 23:15:43.108317+00:00",
      "2026-07-17 23:15:43.108388+00:00",
      "2026-07-17 23:15:43.108477+00:00",
      "2026-07-17 23:15:43.831200+00:00",
      "2026-07-17 23:15:43.831418+00:00"
    ]
  },
  "page_assemble": {
    "scope": "page",
    "count": 6,
    "times": [
      0.001081615686416626,
      0.0005543027073144913,
      0.0007190639153122902,
      0.0006320793181657791,
      0.0011727269738912582,
      0.00015558302402496338
    ],
    "start_timestamps": [
      "2026-07-17 23:15:39.708954+00:00",
      "2026-07-17 23:15:43.831516+00:00",
      "2026-07-17 23:15:43.832107+00:00",
      "2026-07-17 23:15:43.832848+00:00",
      "2026-07-17 23:15:43.833503+00:00",
      "2026-07-17 23:15:43.834695+00:00"
    ]
  },
  "doc_assemble": {
    "scope": "document",
    "count": 1,
    "times": [
      0.0415338259190321
    ],
    "start_timestamps": [
      "2026-07-17 23:15:43.835167+00:00"
    ]
  },
  "reading_order": {
    "scope": "document",
    "count": 1,
    "times": [
      0.04074729606509209
    ],
    "start_timestamps": [
      "2026-07-17 23:15:43.835377+00:00"
    ]
  },
  "doc_enrich": {
    "scope": "document",
    "count": 1,
    "times": [
      50.64240152668208
    ],
    "start_timestamps": [
      "2026-07-17 23:15:43.876728+00:00"
    ]
  }
}
Function parse_pdf took 113.5220 seconds to execute.
Running: get_tables
Function get_tables took 0.0001 seconds to execute.
Running: get_surrounding_paragraphs
Function get_surrounding_paragraphs took 0.0001 seconds to execute.
