Running: parse_pdf
Raw PDF conversion timings:
{
  "pipeline_total": {
    "scope": "document",
    "count": 1,
    "times": [
      52.145624975673854
    ],
    "start_timestamps": [
      "2026-07-17 23:02:10.679091+00:00"
    ]
  },
  "page_parse": {
    "scope": "page",
    "count": 6,
    "times": [
      0.10845499485731125,
      0.11926983669400215,
      0.1093029398471117,
      0.24110000301152468,
      0.21484648622572422,
      0.14045939967036247
    ],
    "start_timestamps": [
      "2026-07-17 23:02:10.685391+00:00",
      "2026-07-17 23:02:10.793887+00:00",
      "2026-07-17 23:02:10.913197+00:00",
      "2026-07-17 23:02:11.022546+00:00",
      "2026-07-17 23:02:11.263684+00:00",
      "2026-07-17 23:02:11.478572+00:00"
    ]
  },
  "ocr": {
    "scope": "page",
    "count": 6,
    "times": [
      1.043874830007553,
      0.1599850719794631,
      0.7718764329329133,
      1.2677553156390786,
      1.4481105701997876,
      0.49922230280935764
    ],
    "start_timestamps": [
      "2026-07-17 23:02:10.794290+00:00",
      "2026-07-17 23:02:11.838219+00:00",
      "2026-07-17 23:02:11.998213+00:00",
      "2026-07-17 23:02:12.770107+00:00",
      "2026-07-17 23:02:14.037879+00:00",
      "2026-07-17 23:02:15.486006+00:00"
    ]
  },
  "layout": {
    "scope": "page",
    "count": 2,
    "times": [
      0.08960028551518917,
      0.08401201013475657
    ],
    "start_timestamps": [
      "2026-07-17 23:02:11.838300+00:00",
      "2026-07-17 23:02:15.985438+00:00"
    ]
  },
  "table_structure": {
    "scope": "page",
    "count": 6,
    "times": [
      3.707967698574066e-05,
      2.445559948682785e-05,
      9.266659617424011e-06,
      7.103197276592255e-06,
      5.580484867095947e-06,
      1.3344921171665192e-05
    ],
    "start_timestamps": [
      "2026-07-17 23:02:11.988861+00:00",
      "2026-07-17 23:02:16.383306+00:00",
      "2026-07-17 23:02:16.383336+00:00",
      "2026-07-17 23:02:16.383349+00:00",
      "2026-07-17 23:02:16.383359+00:00",
      "2026-07-17 23:02:16.383408+00:00"
    ]
  },
  "page_assemble": {
    "scope": "page",
    "count": 6,
    "times": [
      0.0024870894849300385,
      0.0007039345800876617,
      0.0011859815567731857,
      0.0018041357398033142,
      0.0006400849670171738,
      0.009866497479379177
    ],
    "start_timestamps": [
      "2026-07-17 23:02:11.988998+00:00",
      "2026-07-17 23:02:16.383512+00:00",
      "2026-07-17 23:02:16.384244+00:00",
      "2026-07-17 23:02:16.385452+00:00",
      "2026-07-17 23:02:16.387276+00:00",
      "2026-07-17 23:02:16.387935+00:00"
    ]
  },
  "doc_assemble": {
    "scope": "document",
    "count": 1,
    "times": [
      0.034344641491770744
    ],
    "start_timestamps": [
      "2026-07-17 23:02:16.397953+00:00"
    ]
  },
  "reading_order": {
    "scope": "document",
    "count": 1,
    "times": [
      0.033923269249498844
    ],
    "start_timestamps": [
      "2026-07-17 23:02:16.398026+00:00"
    ]
  },
  "doc_enrich": {
    "scope": "document",
    "count": 1,
    "times": [
      46.39237042423338
    ],
    "start_timestamps": [
      "2026-07-17 23:02:16.432320+00:00"
    ]
  }
}
All hyperlinked elements redacted in-memory.
Clean PDF conversion timings:
{
  "pipeline_total": {
    "scope": "document",
    "count": 1,
    "times": [
      52.56611299421638
    ],
    "start_timestamps": [
      "2026-07-17 23:03:03.154552+00:00"
    ]
  },
  "page_parse": {
    "scope": "page",
    "count": 6,
    "times": [
      0.10195629857480526,
      0.11777681112289429,
      0.10581643413752317,
      0.14960496686398983,
      0.17265717778354883,
      0.08899340499192476
    ],
    "start_timestamps": [
      "2026-07-17 23:03:03.160710+00:00",
      "2026-07-17 23:03:03.262707+00:00",
      "2026-07-17 23:03:03.380524+00:00",
      "2026-07-17 23:03:03.486383+00:00",
      "2026-07-17 23:03:03.636042+00:00",
      "2026-07-17 23:03:03.808740+00:00"
    ]
  },
  "ocr": {
    "scope": "page",
    "count": 6,
    "times": [
      1.0192385585978627,
      0.13071986753493547,
      0.9354355316609144,
      1.2427147012203932,
      1.4400302339345217,
      0.4857825608924031
    ],
    "start_timestamps": [
      "2026-07-17 23:03:03.263093+00:00",
      "2026-07-17 23:03:04.282386+00:00",
      "2026-07-17 23:03:04.413116+00:00",
      "2026-07-17 23:03:05.348569+00:00",
      "2026-07-17 23:03:06.591302+00:00",
      "2026-07-17 23:03:08.031349+00:00"
    ]
  },
  "layout": {
    "scope": "page",
    "count": 2,
    "times": [
      0.06999864801764488,
      0.08269219659268856
    ],
    "start_timestamps": [
      "2026-07-17 23:03:04.282475+00:00",
      "2026-07-17 23:03:08.517313+00:00"
    ]
  },
  "table_structure": {
    "scope": "page",
    "count": 6,
    "times": [
      1.688208431005478e-05,
      2.6800669729709625e-05,
      1.0319054126739502e-05,
      7.052905857563019e-06,
      5.75091689825058e-06,
      1.355540007352829e-05
    ],
    "start_timestamps": [
      "2026-07-17 23:03:04.395531+00:00",
      "2026-07-17 23:03:08.845956+00:00",
      "2026-07-17 23:03:08.845989+00:00",
      "2026-07-17 23:03:08.846003+00:00",
      "2026-07-17 23:03:08.846014+00:00",
      "2026-07-17 23:03:08.846059+00:00"
    ]
  },
  "page_assemble": {
    "scope": "page",
    "count": 6,
    "times": [
      0.0005408171564340591,
      0.0004428047686815262,
      0.0006825746968388557,
      0.0007287217304110527,
      0.0003554588183760643,
      0.0010210620239377022
    ],
    "start_timestamps": [
      "2026-07-17 23:03:04.395590+00:00",
      "2026-07-17 23:03:08.846163+00:00",
      "2026-07-17 23:03:08.846639+00:00",
      "2026-07-17 23:03:08.847343+00:00",
      "2026-07-17 23:03:08.848091+00:00",
      "2026-07-17 23:03:08.848466+00:00"
    ]
  },
  "doc_assemble": {
    "scope": "document",
    "count": 1,
    "times": [
      0.03372048772871494
    ],
    "start_timestamps": [
      "2026-07-17 23:03:08.849653+00:00"
    ]
  },
  "reading_order": {
    "scope": "document",
    "count": 1,
    "times": [
      0.033254931680858135
    ],
    "start_timestamps": [
      "2026-07-17 23:03:08.849736+00:00"
    ]
  },
  "doc_enrich": {
    "scope": "document",
    "count": 1,
    "times": [
      46.837252266705036
    ],
    "start_timestamps": [
      "2026-07-17 23:03:08.883395+00:00"
    ]
  }
}
Function parse_pdf took 105.2689 seconds to execute.
Running: get_tables
Function get_tables took 0.0001 seconds to execute.
Running: get_surrounding_paragraphs
Function get_surrounding_paragraphs took 0.0001 seconds to execute.
