Running: parse_pdf
--- Logging error ---
Traceback (most recent call last):
  File "/mnt/iusers01/fatpou01/chem02/b07755hv/.local/lib/python3.12/site-packages/rapidocr/main.py", line 130, in run_ocr_steps
    cropped_img_list, det_res = self.detect_and_crop(img, op_record)
                                ^^^^^^^^^^^^^^^^^^^^^^^^^^^^^^^^^^^^
  File "/mnt/iusers01/fatpou01/chem02/b07755hv/.local/lib/python3.12/site-packages/rapidocr/main.py", line 298, in detect_and_crop
    raise RapidOCRError("The text detection result is empty")
rapidocr.main.RapidOCRError: The text detection result is empty

During handling of the above exception, another exception occurred:

Traceback (most recent call last):
  File "/mnt/iusers01/fatpou01/chem02/b07755hv/.conda/envs/env/lib/python3.12/logging/__init__.py", line 1163, in emit
    stream.write(msg + self.terminator)
  File "/mnt/iusers01/fatpou01/chem02/b07755hv/ChemistryExtract/src/chemstractor/lib/extractor.py", line 298, in write
    self.file.write(data)
ValueError: I/O operation on closed file.
Call stack:
  File "/mnt/iusers01/fatpou01/chem02/b07755hv/.conda/envs/env/lib/python3.12/threading.py", line 1030, in _bootstrap
    self._bootstrap_inner()
  File "/mnt/iusers01/fatpou01/chem02/b07755hv/.conda/envs/env/lib/python3.12/threading.py", line 1073, in _bootstrap_inner
    self.run()
  File "/mnt/iusers01/fatpou01/chem02/b07755hv/.conda/envs/env/lib/python3.12/threading.py", line 1010, in run
    self._target(*self._args, **self._kwargs)
  File "/mnt/iusers01/fatpou01/chem02/b07755hv/.local/lib/python3.12/site-packages/docling/pipeline/standard_pdf_pipeline.py", line 279, in _run
    processed = self._process_batch(batch)
  File "/mnt/iusers01/fatpou01/chem02/b07755hv/.local/lib/python3.12/site-packages/docling/pipeline/standard_pdf_pipeline.py", line 344, in _process_batch
    processed_pages = list(self.model(good[0].conv_res, pages))  # type: ignore[arg-type]
  File "/mnt/iusers01/fatpou01/chem02/b07755hv/.local/lib/python3.12/site-packages/docling/models/stages/ocr/rapid_ocr_model.py", line 491, in __call__
    result = self.reader(
  File "/mnt/iusers01/fatpou01/chem02/b07755hv/.local/lib/python3.12/site-packages/rapidocr/main.py", line 120, in __call__
    det_res, cls_res, rec_res, cropped_img_list = self.run_ocr_steps(img, op_record)
  File "/mnt/iusers01/fatpou01/chem02/b07755hv/.local/lib/python3.12/site-packages/rapidocr/main.py", line 132, in run_ocr_steps
    logger.warning(e)
Message: RapidOCRError('The text detection result is empty')
Arguments: ()
RapidOCR returned empty result!
Raw PDF conversion timings:
{
  "pipeline_total": {
    "scope": "document",
    "count": 1,
    "times": [
      8.783138480968773
    ],
    "start_timestamps": [
      "2026-07-17 23:00:37.489803+00:00"
    ]
  },
  "page_parse": {
    "scope": "page",
    "count": 9,
    "times": [
      0.10560996178537607,
      0.09801710210740566,
      0.16167816892266273,
      0.2613842496648431,
      0.17581369075924158,
      0.16573779843747616,
      0.10127293970435858,
      0.11373292841017246,
      0.026394291780889034
    ],
    "start_timestamps": [
      "2026-07-17 23:00:37.496316+00:00",
      "2026-07-17 23:00:37.601968+00:00",
      "2026-07-17 23:00:37.700030+00:00",
      "2026-07-17 23:00:37.861768+00:00",
      "2026-07-17 23:00:38.123202+00:00",
      "2026-07-17 23:00:38.299063+00:00",
      "2026-07-17 23:00:38.464849+00:00",
      "2026-07-17 23:00:38.566169+00:00",
      "2026-07-17 23:00:38.679949+00:00"
    ]
  },
  "ocr": {
    "scope": "page",
    "count": 9,
    "times": [
      1.552110961638391,
      0.12750142998993397,
      1.0666202455759048,
      0.5586625402793288,
      1.2021823059767485,
      0.4953406825661659,
      0.1249803863465786,
      0.12705506943166256,
      0.12154149357229471
    ],
    "start_timestamps": [
      "2026-07-17 23:00:37.602260+00:00",
      "2026-07-17 23:00:39.154433+00:00",
      "2026-07-17 23:00:39.281943+00:00",
      "2026-07-17 23:00:40.348581+00:00",
      "2026-07-17 23:00:40.907261+00:00",
      "2026-07-17 23:00:42.109460+00:00",
      "2026-07-17 23:00:42.604819+00:00",
      "2026-07-17 23:00:42.729812+00:00",
      "2026-07-17 23:00:42.856876+00:00"
    ]
  },
  "layout": {
    "scope": "page",
    "count": 2,
    "times": [
      0.05761186219751835,
      0.09817381668835878
    ],
    "start_timestamps": [
      "2026-07-17 23:00:39.154505+00:00",
      "2026-07-17 23:00:42.978769+00:00"
    ]
  },
  "table_structure": {
    "scope": "page",
    "count": 9,
    "times": [
      2.0007602870464325e-05,
      2.613849937915802e-05,
      9.447336196899414e-06,
      6.572343409061432e-06,
      0.317781176418066,
      1.945625990629196e-05,
      1.0860152542591095e-05,
      1.7082318663597107e-05,
      4.2477622628211975e-06
    ],
    "start_timestamps": [
      "2026-07-17 23:00:39.249814+00:00",
      "2026-07-17 23:00:43.541016+00:00",
      "2026-07-17 23:00:43.541048+00:00",
      "2026-07-17 23:00:43.541061+00:00",
      "2026-07-17 23:00:43.541072+00:00",
      "2026-07-17 23:00:43.858937+00:00",
      "2026-07-17 23:00:43.858960+00:00",
      "2026-07-17 23:00:43.858974+00:00",
      "2026-07-17 23:00:43.858994+00:00"
    ]
  },
  "page_assemble": {
    "scope": "page",
    "count": 9,
    "times": [
      0.0016489233821630478,
      0.0008091423660516739,
      0.001239071600139141,
      0.0009374553337693214,
      0.0009008655324578285,
      0.0010244566947221756,
      0.0006844475865364075,
      0.027270752005279064,
      0.00017527863383293152
    ],
    "start_timestamps": [
      "2026-07-17 23:00:39.249912+00:00",
      "2026-07-17 23:00:43.859183+00:00",
      "2026-07-17 23:00:43.860021+00:00",
      "2026-07-17 23:00:43.861283+00:00",
      "2026-07-17 23:00:43.862240+00:00",
      "2026-07-17 23:00:43.863165+00:00",
      "2026-07-17 23:00:43.864208+00:00",
      "2026-07-17 23:00:43.864913+00:00",
      "2026-07-17 23:00:43.892210+00:00"
    ]
  },
  "doc_assemble": {
    "scope": "document",
    "count": 1,
    "times": [
      0.045081219635903835
    ],
    "start_timestamps": [
      "2026-07-17 23:00:43.892578+00:00"
    ]
  },
  "reading_order": {
    "scope": "document",
    "count": 1,
    "times": [
      0.044564749114215374
    ],
    "start_timestamps": [
      "2026-07-17 23:00:43.892697+00:00"
    ]
  },
  "doc_enrich": {
    "scope": "document",
    "count": 1,
    "times": [
      2.335238923318684
    ],
    "start_timestamps": [
      "2026-07-17 23:00:43.937682+00:00"
    ]
  }
}
All hyperlinked elements redacted in-memory.
--- Logging error ---
Traceback (most recent call last):
  File "/mnt/iusers01/fatpou01/chem02/b07755hv/.local/lib/python3.12/site-packages/rapidocr/main.py", line 130, in run_ocr_steps
    cropped_img_list, det_res = self.detect_and_crop(img, op_record)
                                ^^^^^^^^^^^^^^^^^^^^^^^^^^^^^^^^^^^^
  File "/mnt/iusers01/fatpou01/chem02/b07755hv/.local/lib/python3.12/site-packages/rapidocr/main.py", line 298, in detect_and_crop
    raise RapidOCRError("The text detection result is empty")
rapidocr.main.RapidOCRError: The text detection result is empty

During handling of the above exception, another exception occurred:

Traceback (most recent call last):
  File "/mnt/iusers01/fatpou01/chem02/b07755hv/.conda/envs/env/lib/python3.12/logging/__init__.py", line 1163, in emit
    stream.write(msg + self.terminator)
  File "/mnt/iusers01/fatpou01/chem02/b07755hv/ChemistryExtract/src/chemstractor/lib/extractor.py", line 298, in write
    self.file.write(data)
ValueError: I/O operation on closed file.
Call stack:
  File "/mnt/iusers01/fatpou01/chem02/b07755hv/.conda/envs/env/lib/python3.12/threading.py", line 1030, in _bootstrap
    self._bootstrap_inner()
  File "/mnt/iusers01/fatpou01/chem02/b07755hv/.conda/envs/env/lib/python3.12/threading.py", line 1073, in _bootstrap_inner
    self.run()
  File "/mnt/iusers01/fatpou01/chem02/b07755hv/.conda/envs/env/lib/python3.12/threading.py", line 1010, in run
    self._target(*self._args, **self._kwargs)
  File "/mnt/iusers01/fatpou01/chem02/b07755hv/.local/lib/python3.12/site-packages/docling/pipeline/standard_pdf_pipeline.py", line 279, in _run
    processed = self._process_batch(batch)
  File "/mnt/iusers01/fatpou01/chem02/b07755hv/.local/lib/python3.12/site-packages/docling/pipeline/standard_pdf_pipeline.py", line 344, in _process_batch
    processed_pages = list(self.model(good[0].conv_res, pages))  # type: ignore[arg-type]
  File "/mnt/iusers01/fatpou01/chem02/b07755hv/.local/lib/python3.12/site-packages/docling/models/stages/ocr/rapid_ocr_model.py", line 491, in __call__
    result = self.reader(
  File "/mnt/iusers01/fatpou01/chem02/b07755hv/.local/lib/python3.12/site-packages/rapidocr/main.py", line 120, in __call__
    det_res, cls_res, rec_res, cropped_img_list = self.run_ocr_steps(img, op_record)
  File "/mnt/iusers01/fatpou01/chem02/b07755hv/.local/lib/python3.12/site-packages/rapidocr/main.py", line 132, in run_ocr_steps
    logger.warning(e)
Message: RapidOCRError('The text detection result is empty')
Arguments: ()
RapidOCR returned empty result!
Clean PDF conversion timings:
{
  "pipeline_total": {
    "scope": "document",
    "count": 1,
    "times": [
      8.552775650285184
    ],
    "start_timestamps": [
      "2026-07-17 23:00:46.763269+00:00"
    ]
  },
  "page_parse": {
    "scope": "page",
    "count": 9,
    "times": [
      0.09789730701595545,
      0.09752490650862455,
      0.14556133840233088,
      0.18218668550252914,
      0.20443730987608433,
      0.15715933497995138,
      0.12905431259423494,
      0.39700121339410543,
      0.023297023959457874
    ],
    "start_timestamps": [
      "2026-07-17 23:00:46.768597+00:00",
      "2026-07-17 23:00:46.866540+00:00",
      "2026-07-17 23:00:46.964110+00:00",
      "2026-07-17 23:00:47.109726+00:00",
      "2026-07-17 23:00:47.291961+00:00",
      "2026-07-17 23:00:47.496454+00:00",
      "2026-07-17 23:00:47.653659+00:00",
      "2026-07-17 23:00:47.782758+00:00",
      "2026-07-17 23:00:48.179805+00:00"
    ]
  },
  "ocr": {
    "scope": "page",
    "count": 9,
    "times": [
      1.3275137729942799,
      0.13659673742949963,
      1.034299531020224,
      0.6245262222364545,
      1.3629013309255242,
      0.6087277894839644,
      0.12585783749818802,
      0.12346752919256687,
      0.1478820564225316
    ],
    "start_timestamps": [
      "2026-07-17 23:00:46.866903+00:00",
      "2026-07-17 23:00:48.194488+00:00",
      "2026-07-17 23:00:48.331099+00:00",
      "2026-07-17 23:00:49.365422+00:00",
      "2026-07-17 23:00:49.989966+00:00",
      "2026-07-17 23:00:51.352885+00:00",
      "2026-07-17 23:00:51.961631+00:00",
      "2026-07-17 23:00:52.087498+00:00",
      "2026-07-17 23:00:52.211018+00:00"
    ]
  },
  "layout": {
    "scope": "page",
    "count": 3,
    "times": [
      0.06336519028991461,
      0.09430220164358616,
      0.026493328623473644
    ],
    "start_timestamps": [
      "2026-07-17 23:00:48.194606+00:00",
      "2026-07-17 23:00:52.211110+00:00",
      "2026-07-17 23:00:52.642147+00:00"
    ]
  },
  "table_structure": {
    "scope": "page",
    "count": 9,
    "times": [
      4.287064075469971e-05,
      6.007310003042221e-05,
      2.2512860596179962e-05,
      1.6401521861553192e-05,
      0.28447150811553,
      2.0519830286502838e-05,
      1.157168298959732e-05,
      1.695193350315094e-05,
      4.437752068042755e-06
    ],
    "start_timestamps": [
      "2026-07-17 23:00:48.283966+00:00",
      "2026-07-17 23:00:52.642261+00:00",
      "2026-07-17 23:00:52.642331+00:00",
      "2026-07-17 23:00:52.642361+00:00",
      "2026-07-17 23:00:52.642384+00:00",
      "2026-07-17 23:00:52.926952+00:00",
      "2026-07-17 23:00:52.926975+00:00",
      "2026-07-17 23:00:52.926991+00:00",
      "2026-07-17 23:00:52.927012+00:00"
    ]
  },
  "page_assemble": {
    "scope": "page",
    "count": 9,
    "times": [
      0.000943085178732872,
      0.0005388744175434113,
      0.0005657151341438293,
      0.0005160104483366013,
      0.00041860807687044144,
      0.00045563746243715286,
      0.00030123721808195114,
      0.0010959021747112274,
      4.081707447767258e-05
    ],
    "start_timestamps": [
      "2026-07-17 23:00:48.284110+00:00",
      "2026-07-17 23:00:52.927095+00:00",
      "2026-07-17 23:00:52.927674+00:00",
      "2026-07-17 23:00:52.928262+00:00",
      "2026-07-17 23:00:52.928798+00:00",
      "2026-07-17 23:00:52.929241+00:00",
      "2026-07-17 23:00:52.929715+00:00",
      "2026-07-17 23:00:52.930035+00:00",
      "2026-07-17 23:00:52.931168+00:00"
    ]
  },
  "doc_assemble": {
    "scope": "document",
    "count": 1,
    "times": [
      0.0469709662720561
    ],
    "start_timestamps": [
      "2026-07-17 23:00:52.931559+00:00"
    ]
  },
  "reading_order": {
    "scope": "document",
    "count": 1,
    "times": [
      0.046319250017404556
    ],
    "start_timestamps": [
      "2026-07-17 23:00:52.931816+00:00"
    ]
  },
  "doc_enrich": {
    "scope": "document",
    "count": 1,
    "times": [
      2.3374748304486275
    ],
    "start_timestamps": [
      "2026-07-17 23:00:52.978551+00:00"
    ]
  }
}
Function parse_pdf took 17.9606 seconds to execute.
Running: get_tables
Function get_tables took 0.0001 seconds to execute.
Running: get_surrounding_paragraphs
Function get_surrounding_paragraphs took 0.0001 seconds to execute.
