Running: parse_pdf
--- Logging error ---
Traceback (most recent call last):
  File "/mnt/iusers01/fatpou01/chem02/b07755hv/.local/lib/python3.12/site-packages/rapidocr/main.py", line 130, in run_ocr_steps
    cropped_img_list, det_res = self.detect_and_crop(img, op_record)
                                ^^^^^^^^^^^^^^^^^^^^^^^^^^^^^^^^^^^^
  File "/mnt/iusers01/fatpou01/chem02/b07755hv/.local/lib/python3.12/site-packages/rapidocr/main.py", line 298, in detect_and_crop
    raise RapidOCRError("The text detection result is empty")
rapidocr.main.RapidOCRError: The text detection result is empty

During handling of the above exception, another exception occurred:

Traceback (most recent call last):
  File "/mnt/iusers01/fatpou01/chem02/b07755hv/.conda/envs/env/lib/python3.12/logging/__init__.py", line 1163, in emit
    stream.write(msg + self.terminator)
  File "/mnt/iusers01/fatpou01/chem02/b07755hv/ChemistryExtract/src/chemstractor/lib/extractor.py", line 298, in write
    self.file.write(data)
ValueError: I/O operation on closed file.
Call stack:
  File "/mnt/iusers01/fatpou01/chem02/b07755hv/.conda/envs/env/lib/python3.12/threading.py", line 1030, in _bootstrap
    self._bootstrap_inner()
  File "/mnt/iusers01/fatpou01/chem02/b07755hv/.conda/envs/env/lib/python3.12/threading.py", line 1073, in _bootstrap_inner
    self.run()
  File "/mnt/iusers01/fatpou01/chem02/b07755hv/.conda/envs/env/lib/python3.12/threading.py", line 1010, in run
    self._target(*self._args, **self._kwargs)
  File "/mnt/iusers01/fatpou01/chem02/b07755hv/.local/lib/python3.12/site-packages/docling/pipeline/standard_pdf_pipeline.py", line 279, in _run
    processed = self._process_batch(batch)
  File "/mnt/iusers01/fatpou01/chem02/b07755hv/.local/lib/python3.12/site-packages/docling/pipeline/standard_pdf_pipeline.py", line 344, in _process_batch
    processed_pages = list(self.model(good[0].conv_res, pages))  # type: ignore[arg-type]
  File "/mnt/iusers01/fatpou01/chem02/b07755hv/.local/lib/python3.12/site-packages/docling/models/stages/ocr/rapid_ocr_model.py", line 491, in __call__
    result = self.reader(
  File "/mnt/iusers01/fatpou01/chem02/b07755hv/.local/lib/python3.12/site-packages/rapidocr/main.py", line 120, in __call__
    det_res, cls_res, rec_res, cropped_img_list = self.run_ocr_steps(img, op_record)
  File "/mnt/iusers01/fatpou01/chem02/b07755hv/.local/lib/python3.12/site-packages/rapidocr/main.py", line 132, in run_ocr_steps
    logger.warning(e)
Message: RapidOCRError('The text detection result is empty')
Arguments: ()
RapidOCR returned empty result!
Raw PDF conversion timings:
{
  "pipeline_total": {
    "scope": "document",
    "count": 1,
    "times": [
      8.131682004779577
    ],
    "start_timestamps": [
      "2026-07-23 18:02:18.200755+00:00"
    ]
  },
  "page_parse": {
    "scope": "page",
    "count": 8,
    "times": [
      0.11850914172828197,
      0.11447315756231546,
      0.14216375350952148,
      0.13771475199609995,
      0.2844831710681319,
      0.1613899925723672,
      0.12729726918041706,
      0.1674957014620304
    ],
    "start_timestamps": [
      "2026-07-23 18:02:18.206813+00:00",
      "2026-07-23 18:02:18.325367+00:00",
      "2026-07-23 18:02:18.439881+00:00",
      "2026-07-23 18:02:18.582084+00:00",
      "2026-07-23 18:02:18.719841+00:00",
      "2026-07-23 18:02:19.004371+00:00",
      "2026-07-23 18:02:19.165811+00:00",
      "2026-07-23 18:02:19.293151+00:00"
    ]
  },
  "ocr": {
    "scope": "page",
    "count": 8,
    "times": [
      0.8454265557229519,
      2.3437218265607953,
      0.13811540603637695,
      0.13582585845142603,
      0.6555698057636619,
      0.8287690812721848,
      0.925730375573039,
      0.1424451433122158
    ],
    "start_timestamps": [
      "2026-07-23 18:02:18.325800+00:00",
      "2026-07-23 18:02:19.171271+00:00",
      "2026-07-23 18:02:21.515010+00:00",
      "2026-07-23 18:02:21.653135+00:00",
      "2026-07-23 18:02:21.788970+00:00",
      "2026-07-23 18:02:22.444561+00:00",
      "2026-07-23 18:02:23.273470+00:00",
      "2026-07-23 18:02:24.199217+00:00"
    ]
  },
  "layout": {
    "scope": "page",
    "count": 3,
    "times": [
      0.26060323417186737,
      0.07652920670807362,
      0.059391940012574196
    ],
    "start_timestamps": [
      "2026-07-23 18:02:19.171435+00:00",
      "2026-07-23 18:02:23.273553+00:00",
      "2026-07-23 18:02:24.341785+00:00"
    ]
  },
  "table_structure": {
    "scope": "page",
    "count": 8,
    "times": [
      2.4275854229927063e-05,
      2.959463745355606e-05,
      1.0961666703224182e-05,
      1.1001713573932648e-05,
      0.6487647108733654,
      1.7552636563777924e-05,
      2.5859102606773376e-05,
      1.1281110346317291e-05
    ],
    "start_timestamps": [
      "2026-07-23 18:02:19.510958+00:00",
      "2026-07-23 18:02:23.563552+00:00",
      "2026-07-23 18:02:23.563585+00:00",
      "2026-07-23 18:02:23.563599+00:00",
      "2026-07-23 18:02:23.563613+00:00",
      "2026-07-23 18:02:24.212610+00:00",
      "2026-07-23 18:02:24.658763+00:00",
      "2026-07-23 18:02:24.658793+00:00"
    ]
  },
  "page_assemble": {
    "scope": "page",
    "count": 8,
    "times": [
      0.0009183380752801895,
      0.00043087080121040344,
      0.0006591202691197395,
      0.000836704857647419,
      0.0003369944170117378,
      0.00029473472386598587,
      0.0014844126999378204,
      0.0006863512098789215
    ],
    "start_timestamps": [
      "2026-07-23 18:02:19.511051+00:00",
      "2026-07-23 18:02:24.212671+00:00",
      "2026-07-23 18:02:24.213142+00:00",
      "2026-07-23 18:02:24.213822+00:00",
      "2026-07-23 18:02:24.214680+00:00",
      "2026-07-23 18:02:24.215039+00:00",
      "2026-07-23 18:02:24.658878+00:00",
      "2026-07-23 18:02:24.660391+00:00"
    ]
  },
  "doc_assemble": {
    "scope": "document",
    "count": 1,
    "times": [
      0.03304694592952728
    ],
    "start_timestamps": [
      "2026-07-23 18:02:24.661265+00:00"
    ]
  },
  "reading_order": {
    "scope": "document",
    "count": 1,
    "times": [
      0.032530744560062885
    ],
    "start_timestamps": [
      "2026-07-23 18:02:24.661385+00:00"
    ]
  },
  "doc_enrich": {
    "scope": "document",
    "count": 1,
    "times": [
      1.6380793061107397
    ],
    "start_timestamps": [
      "2026-07-23 18:02:24.694342+00:00"
    ]
  }
}
All hyperlinked elements redacted in-memory.
--- Logging error ---
Traceback (most recent call last):
  File "/mnt/iusers01/fatpou01/chem02/b07755hv/.local/lib/python3.12/site-packages/rapidocr/main.py", line 130, in run_ocr_steps
    cropped_img_list, det_res = self.detect_and_crop(img, op_record)
                                ^^^^^^^^^^^^^^^^^^^^^^^^^^^^^^^^^^^^
  File "/mnt/iusers01/fatpou01/chem02/b07755hv/.local/lib/python3.12/site-packages/rapidocr/main.py", line 298, in detect_and_crop
    raise RapidOCRError("The text detection result is empty")
rapidocr.main.RapidOCRError: The text detection result is empty

During handling of the above exception, another exception occurred:

Traceback (most recent call last):
  File "/mnt/iusers01/fatpou01/chem02/b07755hv/.conda/envs/env/lib/python3.12/logging/__init__.py", line 1163, in emit
    stream.write(msg + self.terminator)
  File "/mnt/iusers01/fatpou01/chem02/b07755hv/ChemistryExtract/src/chemstractor/lib/extractor.py", line 298, in write
    self.file.write(data)
ValueError: I/O operation on closed file.
Call stack:
  File "/mnt/iusers01/fatpou01/chem02/b07755hv/.conda/envs/env/lib/python3.12/threading.py", line 1030, in _bootstrap
    self._bootstrap_inner()
  File "/mnt/iusers01/fatpou01/chem02/b07755hv/.conda/envs/env/lib/python3.12/threading.py", line 1073, in _bootstrap_inner
    self.run()
  File "/mnt/iusers01/fatpou01/chem02/b07755hv/.conda/envs/env/lib/python3.12/threading.py", line 1010, in run
    self._target(*self._args, **self._kwargs)
  File "/mnt/iusers01/fatpou01/chem02/b07755hv/.local/lib/python3.12/site-packages/docling/pipeline/standard_pdf_pipeline.py", line 279, in _run
    processed = self._process_batch(batch)
  File "/mnt/iusers01/fatpou01/chem02/b07755hv/.local/lib/python3.12/site-packages/docling/pipeline/standard_pdf_pipeline.py", line 344, in _process_batch
    processed_pages = list(self.model(good[0].conv_res, pages))  # type: ignore[arg-type]
  File "/mnt/iusers01/fatpou01/chem02/b07755hv/.local/lib/python3.12/site-packages/docling/models/stages/ocr/rapid_ocr_model.py", line 491, in __call__
    result = self.reader(
  File "/mnt/iusers01/fatpou01/chem02/b07755hv/.local/lib/python3.12/site-packages/rapidocr/main.py", line 120, in __call__
    det_res, cls_res, rec_res, cropped_img_list = self.run_ocr_steps(img, op_record)
  File "/mnt/iusers01/fatpou01/chem02/b07755hv/.local/lib/python3.12/site-packages/rapidocr/main.py", line 132, in run_ocr_steps
    logger.warning(e)
Message: RapidOCRError('The text detection result is empty')
Arguments: ()
RapidOCR returned empty result!
Clean PDF conversion timings:
{
  "pipeline_total": {
    "scope": "document",
    "count": 1,
    "times": [
      8.497904416173697
    ],
    "start_timestamps": [
      "2026-07-23 18:02:26.541762+00:00"
    ]
  },
  "page_parse": {
    "scope": "page",
    "count": 8,
    "times": [
      0.11827943008393049,
      0.11369063518941402,
      0.14195197634398937,
      0.12691387720406055,
      0.15825211815536022,
      0.16544950101524591,
      0.1266548903658986,
      0.44196465890854597
    ],
    "start_timestamps": [
      "2026-07-23 18:02:26.546865+00:00",
      "2026-07-23 18:02:26.665189+00:00",
      "2026-07-23 18:02:26.778922+00:00",
      "2026-07-23 18:02:26.920917+00:00",
      "2026-07-23 18:02:27.047874+00:00",
      "2026-07-23 18:02:27.206178+00:00",
      "2026-07-23 18:02:27.371672+00:00",
      "2026-07-23 18:02:27.498370+00:00"
    ]
  },
  "ocr": {
    "scope": "page",
    "count": 8,
    "times": [
      1.3048925483599305,
      2.107691841199994,
      0.13482720963656902,
      0.13507950399070978,
      0.6693921769037843,
      0.8299863617867231,
      0.46828537806868553,
      0.13497334346175194
    ],
    "start_timestamps": [
      "2026-07-23 18:02:26.665603+00:00",
      "2026-07-23 18:02:27.970603+00:00",
      "2026-07-23 18:02:30.078311+00:00",
      "2026-07-23 18:02:30.213149+00:00",
      "2026-07-23 18:02:30.348238+00:00",
      "2026-07-23 18:02:31.017656+00:00",
      "2026-07-23 18:02:31.847658+00:00",
      "2026-07-23 18:02:32.315959+00:00"
    ]
  },
  "layout": {
    "scope": "page",
    "count": 2,
    "times": [
      0.06605236325412989,
      0.08744814433157444
    ],
    "start_timestamps": [
      "2026-07-23 18:02:27.970689+00:00",
      "2026-07-23 18:02:32.451125+00:00"
    ]
  },
  "table_structure": {
    "scope": "page",
    "count": 8,
    "times": [
      1.96872279047966e-05,
      2.816319465637207e-05,
      9.20705497264862e-06,
      7.383525371551514e-06,
      0.40452304389327765,
      1.6862526535987854e-05,
      9.427778422832489e-06,
      7.724389433860779e-06
    ],
    "start_timestamps": [
      "2026-07-23 18:02:28.084374+00:00",
      "2026-07-23 18:02:32.962606+00:00",
      "2026-07-23 18:02:32.962639+00:00",
      "2026-07-23 18:02:32.962653+00:00",
      "2026-07-23 18:02:32.962664+00:00",
      "2026-07-23 18:02:33.367338+00:00",
      "2026-07-23 18:02:33.367357+00:00",
      "2026-07-23 18:02:33.367370+00:00"
    ]
  },
  "page_assemble": {
    "scope": "page",
    "count": 8,
    "times": [
      0.000368594191968441,
      0.000327475368976593,
      0.00042844563722610474,
      0.0003642449155449867,
      0.00017192307859659195,
      0.00021015480160713196,
      0.0003776494413614273,
      0.0004977574571967125
    ],
    "start_timestamps": [
      "2026-07-23 18:02:28.084478+00:00",
      "2026-07-23 18:02:33.367470+00:00",
      "2026-07-23 18:02:33.367835+00:00",
      "2026-07-23 18:02:33.368284+00:00",
      "2026-07-23 18:02:33.368669+00:00",
      "2026-07-23 18:02:33.368861+00:00",
      "2026-07-23 18:02:33.369089+00:00",
      "2026-07-23 18:02:33.369488+00:00"
    ]
  },
  "doc_assemble": {
    "scope": "document",
    "count": 1,
    "times": [
      0.03499469067901373
    ],
    "start_timestamps": [
      "2026-07-23 18:02:33.370175+00:00"
    ]
  },
  "reading_order": {
    "scope": "document",
    "count": 1,
    "times": [
      0.03448427002876997
    ],
    "start_timestamps": [
      "2026-07-23 18:02:33.370256+00:00"
    ]
  },
  "doc_enrich": {
    "scope": "document",
    "count": 1,
    "times": [
      1.6344524510204792
    ],
    "start_timestamps": [
      "2026-07-23 18:02:33.405200+00:00"
    ]
  }
}
Function parse_pdf took 17.4970 seconds to execute.
Running: get_tables
Function get_tables took 0.0001 seconds to execute.
Running: get_surrounding_paragraphs
Function get_surrounding_paragraphs took 0.0001 seconds to execute.
