Running: parse_pdf
Raw PDF conversion timings:
{
  "pipeline_total": {
    "scope": "document",
    "count": 1,
    "times": [
      99.73099336959422
    ],
    "start_timestamps": [
      "2026-07-17 22:56:44.950834+00:00"
    ]
  },
  "page_parse": {
    "scope": "page",
    "count": 10,
    "times": [
      0.07940087653696537,
      0.12054747343063354,
      0.1844688393175602,
      0.1670838324353099,
      0.31592406053096056,
      0.18980326876044273,
      0.15917075984179974,
      0.1454565403982997,
      0.19182763807475567,
      0.12019373662769794
    ],
    "start_timestamps": [
      "2026-07-17 22:56:44.954296+00:00",
      "2026-07-17 22:56:45.033736+00:00",
      "2026-07-17 22:56:45.154326+00:00",
      "2026-07-17 22:56:45.338836+00:00",
      "2026-07-17 22:56:45.505959+00:00",
      "2026-07-17 22:56:45.821929+00:00",
      "2026-07-17 22:56:46.011780+00:00",
      "2026-07-17 22:56:46.170998+00:00",
      "2026-07-17 22:56:46.316506+00:00",
      "2026-07-17 22:56:46.508386+00:00"
    ]
  },
  "ocr": {
    "scope": "page",
    "count": 10,
    "times": [
      0.13026206474751234,
      0.1962459534406662,
      3.2520704939961433,
      1.2706617172807455,
      2.9272653376683593,
      1.9542312193661928,
      1.8199235191568732,
      0.1162372324615717,
      0.11813915241509676,
      0.1213913420215249
    ],
    "start_timestamps": [
      "2026-07-17 22:56:45.034082+00:00",
      "2026-07-17 22:56:45.164392+00:00",
      "2026-07-17 22:56:45.360667+00:00",
      "2026-07-17 22:56:48.612826+00:00",
      "2026-07-17 22:56:49.883504+00:00",
      "2026-07-17 22:56:52.810787+00:00",
      "2026-07-17 22:56:54.765036+00:00",
      "2026-07-17 22:56:56.584976+00:00",
      "2026-07-17 22:56:56.701223+00:00",
      "2026-07-17 22:56:56.819371+00:00"
    ]
  },
  "layout": {
    "scope": "page",
    "count": 4,
    "times": [
      0.18326289020478725,
      0.029069597832858562,
      0.030619223602116108,
      0.09854821301996708
    ],
    "start_timestamps": [
      "2026-07-17 22:56:45.164484+00:00",
      "2026-07-17 22:56:45.507712+00:00",
      "2026-07-17 22:56:48.612882+00:00",
      "2026-07-17 22:56:56.941141+00:00"
    ]
  },
  "table_structure": {
    "scope": "page",
    "count": 10,
    "times": [
      1.734308898448944e-05,
      2.512708306312561e-05,
      4.713796079158783e-05,
      6.632506847381592e-05,
      3.099814057350159e-05,
      1.636054366827011e-05,
      1.7863698303699493e-05,
      2.239178866147995e-05,
      3.481656312942505e-05,
      3.8683414459228516e-05
    ],
    "start_timestamps": [
      "2026-07-17 22:56:45.508442+00:00",
      "2026-07-17 22:56:45.584496+00:00",
      "2026-07-17 22:56:48.668942+00:00",
      "2026-07-17 22:56:57.493576+00:00",
      "2026-07-17 22:56:57.493652+00:00",
      "2026-07-17 22:56:57.493692+00:00",
      "2026-07-17 22:56:57.493716+00:00",
      "2026-07-17 22:56:57.493800+00:00",
      "2026-07-17 22:56:57.493830+00:00",
      "2026-07-17 22:56:57.493871+00:00"
    ]
  },
  "page_assemble": {
    "scope": "page",
    "count": 10,
    "times": [
      0.00032872892916202545,
      0.00041776709258556366,
      0.00041153375059366226,
      0.0007028430700302124,
      0.0003238208591938019,
      0.00019338354468345642,
      0.00038967374712228775,
      0.0004119761288166046,
      0.000524948351085186,
      0.0005073249340057373
    ],
    "start_timestamps": [
      "2026-07-17 22:56:45.509750+00:00",
      "2026-07-17 22:56:45.584567+00:00",
      "2026-07-17 22:56:48.669036+00:00",
      "2026-07-17 22:56:57.494029+00:00",
      "2026-07-17 22:56:57.494765+00:00",
      "2026-07-17 22:56:57.495110+00:00",
      "2026-07-17 22:56:57.495323+00:00",
      "2026-07-17 22:56:57.495734+00:00",
      "2026-07-17 22:56:57.496164+00:00",
      "2026-07-17 22:56:57.496709+00:00"
    ]
  },
  "doc_assemble": {
    "scope": "document",
    "count": 1,
    "times": [
      0.07430468779057264
    ],
    "start_timestamps": [
      "2026-07-17 22:56:57.497457+00:00"
    ]
  },
  "reading_order": {
    "scope": "document",
    "count": 1,
    "times": [
      0.07375737745314837
    ],
    "start_timestamps": [
      "2026-07-17 22:56:57.497590+00:00"
    ]
  },
  "doc_enrich": {
    "scope": "document",
    "count": 1,
    "times": [
      87.10999743826687
    ],
    "start_timestamps": [
      "2026-07-17 22:56:57.571784+00:00"
    ]
  }
}
All hyperlinked elements redacted in-memory.
Clean PDF conversion timings:
{
  "pipeline_total": {
    "scope": "document",
    "count": 1,
    "times": [
      99.46938012633473
    ],
    "start_timestamps": [
      "2026-07-17 22:58:24.770650+00:00"
    ]
  },
  "page_parse": {
    "scope": "page",
    "count": 10,
    "times": [
      0.081986078992486,
      0.12122297380119562,
      0.18656878545880318,
      0.1669243648648262,
      0.20067663677036762,
      0.3132720533758402,
      0.5006457241252065,
      0.14967267774045467,
      0.16098141949623823,
      0.18486888706684113
    ],
    "start_timestamps": [
      "2026-07-17 22:58:24.774497+00:00",
      "2026-07-17 22:58:24.856523+00:00",
      "2026-07-17 22:58:24.977785+00:00",
      "2026-07-17 22:58:25.164395+00:00",
      "2026-07-17 22:58:25.331362+00:00",
      "2026-07-17 22:58:25.532092+00:00",
      "2026-07-17 22:58:25.845413+00:00",
      "2026-07-17 22:58:26.346098+00:00",
      "2026-07-17 22:58:26.495822+00:00",
      "2026-07-17 22:58:26.656852+00:00"
    ]
  },
  "ocr": {
    "scope": "page",
    "count": 10,
    "times": [
      0.12942423857748508,
      0.2001280952244997,
      3.7662176471203566,
      1.2420426663011312,
      2.4162230538204312,
      1.9200536739081144,
      1.643606686964631,
      0.11722682323306799,
      0.12333974707871675,
      0.11945006716996431
    ],
    "start_timestamps": [
      "2026-07-17 22:58:24.856763+00:00",
      "2026-07-17 22:58:24.986227+00:00",
      "2026-07-17 22:58:25.186381+00:00",
      "2026-07-17 22:58:28.952704+00:00",
      "2026-07-17 22:58:30.194762+00:00",
      "2026-07-17 22:58:32.611004+00:00",
      "2026-07-17 22:58:34.531075+00:00",
      "2026-07-17 22:58:36.174700+00:00",
      "2026-07-17 22:58:36.291938+00:00",
      "2026-07-17 22:58:36.415287+00:00"
    ]
  },
  "layout": {
    "scope": "page",
    "count": 4,
    "times": [
      0.1841447725892067,
      0.0284847691655159,
      0.02853702660650015,
      0.09430253971368074
    ],
    "start_timestamps": [
      "2026-07-17 22:58:24.986300+00:00",
      "2026-07-17 22:58:25.334890+00:00",
      "2026-07-17 22:58:28.952765+00:00",
      "2026-07-17 22:58:36.534985+00:00"
    ]
  },
  "table_structure": {
    "scope": "page",
    "count": 10,
    "times": [
      1.72322615981102e-05,
      2.203136682510376e-05,
      2.4596229195594788e-05,
      4.634726792573929e-05,
      1.7723068594932556e-05,
      1.2033618986606598e-05,
      1.3165175914764404e-05,
      1.7834827303886414e-05,
      2.35140323638916e-05,
      3.461446613073349e-05
    ],
    "start_timestamps": [
      "2026-07-17 22:58:25.335096+00:00",
      "2026-07-17 22:58:25.411597+00:00",
      "2026-07-17 22:58:29.006732+00:00",
      "2026-07-17 22:58:37.081864+00:00",
      "2026-07-17 22:58:37.081919+00:00",
      "2026-07-17 22:58:37.081944+00:00",
      "2026-07-17 22:58:37.081963+00:00",
      "2026-07-17 22:58:37.082041+00:00",
      "2026-07-17 22:58:37.082066+00:00",
      "2026-07-17 22:58:37.082097+00:00"
    ]
  },
  "page_assemble": {
    "scope": "page",
    "count": 10,
    "times": [
      0.0003013676032423973,
      0.00039613619446754456,
      0.00025921780616045,
      0.0007277000695466995,
      0.0002832729369401932,
      0.00015358906239271164,
      0.0003054756671190262,
      0.00035200268030166626,
      0.00041256658732891083,
      0.00040755700320005417
    ],
    "start_timestamps": [
      "2026-07-17 22:58:25.335173+00:00",
      "2026-07-17 22:58:25.411656+00:00",
      "2026-07-17 22:58:29.006793+00:00",
      "2026-07-17 22:58:37.082247+00:00",
      "2026-07-17 22:58:37.083006+00:00",
      "2026-07-17 22:58:37.083309+00:00",
      "2026-07-17 22:58:37.083482+00:00",
      "2026-07-17 22:58:37.083805+00:00",
      "2026-07-17 22:58:37.084175+00:00",
      "2026-07-17 22:58:37.084606+00:00"
    ]
  },
  "doc_assemble": {
    "scope": "document",
    "count": 1,
    "times": [
      0.07168870978057384
    ],
    "start_timestamps": [
      "2026-07-17 22:58:37.085227+00:00"
    ]
  },
  "reading_order": {
    "scope": "document",
    "count": 1,
    "times": [
      0.07113357447087765
    ],
    "start_timestamps": [
      "2026-07-17 22:58:37.085370+00:00"
    ]
  },
  "doc_enrich": {
    "scope": "document",
    "count": 1,
    "times": [
      87.08306530676782
    ],
    "start_timestamps": [
      "2026-07-17 22:58:37.156938+00:00"
    ]
  }
}
Function parse_pdf took 199.7143 seconds to execute.
Running: get_tables
Function get_tables took 0.0001 seconds to execute.
Running: get_surrounding_paragraphs
Function get_surrounding_paragraphs took 0.0001 seconds to execute.
