Running: parse_pdf
Raw PDF conversion timings:
{
  "pipeline_total": {
    "scope": "document",
    "count": 1,
    "times": [
      8.277037511579692
    ],
    "start_timestamps": [
      "2026-07-17 17:46:30.249629+00:00"
    ]
  },
  "page_parse": {
    "scope": "page",
    "count": 7,
    "times": [
      0.09483487065881491,
      0.1218315651640296,
      0.13672612607479095,
      0.1134303817525506,
      0.1689284946769476,
      0.12539661210030317,
      0.06284276861697435
    ],
    "start_timestamps": [
      "2026-07-17 17:46:30.254414+00:00",
      "2026-07-17 17:46:30.349292+00:00",
      "2026-07-17 17:46:30.471162+00:00",
      "2026-07-17 17:46:30.607930+00:00",
      "2026-07-17 17:46:30.721423+00:00",
      "2026-07-17 17:46:30.890395+00:00",
      "2026-07-17 17:46:31.015839+00:00"
    ]
  },
  "ocr": {
    "scope": "page",
    "count": 7,
    "times": [
      0.13515498023480177,
      1.3226247318089008,
      0.1523049110546708,
      0.14077619463205338,
      1.6410132022574544,
      1.6251353761181235,
      0.13302633818238974
    ],
    "start_timestamps": [
      "2026-07-17 17:46:30.349581+00:00",
      "2026-07-17 17:46:30.484790+00:00",
      "2026-07-17 17:46:31.807509+00:00",
      "2026-07-17 17:46:31.959829+00:00",
      "2026-07-17 17:46:32.100616+00:00",
      "2026-07-17 17:46:33.741649+00:00",
      "2026-07-17 17:46:35.366802+00:00"
    ]
  },
  "layout": {
    "scope": "page",
    "count": 3,
    "times": [
      0.24009171314537525,
      0.028238561004400253,
      0.07741279806941748
    ],
    "start_timestamps": [
      "2026-07-17 17:46:30.484858+00:00",
      "2026-07-17 17:46:31.807570+00:00",
      "2026-07-17 17:46:35.500156+00:00"
    ]
  },
  "table_structure": {
    "scope": "page",
    "count": 7,
    "times": [
      5.6646764278411865e-05,
      1.8433667719364166e-05,
      6.834790110588074e-05,
      0.9023704091086984,
      1.9506551325321198e-05,
      8.537434041500092e-06,
      9.677372872829437e-06
    ],
    "start_timestamps": [
      "2026-07-17 17:46:30.778010+00:00",
      "2026-07-17 17:46:31.866150+00:00",
      "2026-07-17 17:46:35.801796+00:00",
      "2026-07-17 17:46:35.801874+00:00",
      "2026-07-17 17:46:36.704261+00:00",
      "2026-07-17 17:46:36.704284+00:00",
      "2026-07-17 17:46:36.704611+00:00"
    ]
  },
  "page_assemble": {
    "scope": "page",
    "count": 7,
    "times": [
      0.0005252985283732414,
      0.0007842155173420906,
      0.0005614161491394043,
      0.0003184787929058075,
      0.00020189955830574036,
      0.0002925507724285126,
      0.0002227090299129486
    ],
    "start_timestamps": [
      "2026-07-17 17:46:30.778115+00:00",
      "2026-07-17 17:46:31.866273+00:00",
      "2026-07-17 17:46:36.704730+00:00",
      "2026-07-17 17:46:36.705335+00:00",
      "2026-07-17 17:46:36.705675+00:00",
      "2026-07-17 17:46:36.705896+00:00",
      "2026-07-17 17:46:36.706207+00:00"
    ]
  },
  "doc_assemble": {
    "scope": "document",
    "count": 1,
    "times": [
      0.02648521400988102
    ],
    "start_timestamps": [
      "2026-07-17 17:46:36.706670+00:00"
    ]
  },
  "reading_order": {
    "scope": "document",
    "count": 1,
    "times": [
      0.02603519707918167
    ],
    "start_timestamps": [
      "2026-07-17 17:46:36.706756+00:00"
    ]
  },
  "doc_enrich": {
    "scope": "document",
    "count": 1,
    "times": [
      1.7934717386960983
    ],
    "start_timestamps": [
      "2026-07-17 17:46:36.733176+00:00"
    ]
  }
}
All hyperlinked elements redacted in-memory.
Clean PDF conversion timings:
{
  "pipeline_total": {
    "scope": "document",
    "count": 1,
    "times": [
      8.541343318298459
    ],
    "start_timestamps": [
      "2026-07-17 17:46:38.623585+00:00"
    ]
  },
  "page_parse": {
    "scope": "page",
    "count": 7,
    "times": [
      0.09192885458469391,
      0.12097778264433146,
      0.10904552508145571,
      0.10555809456855059,
      0.22403905913233757,
      0.12187191378325224,
      0.059064692817628384
    ],
    "start_timestamps": [
      "2026-07-17 17:46:38.628262+00:00",
      "2026-07-17 17:46:38.720232+00:00",
      "2026-07-17 17:46:38.841250+00:00",
      "2026-07-17 17:46:38.950343+00:00",
      "2026-07-17 17:46:39.055953+00:00",
      "2026-07-17 17:46:39.280035+00:00",
      "2026-07-17 17:46:39.401951+00:00"
    ]
  },
  "ocr": {
    "scope": "page",
    "count": 7,
    "times": [
      0.13483265601098537,
      1.372026801109314,
      0.37569073494523764,
      0.1400932613760233,
      1.5647252332419157,
      1.70329933706671,
      0.13276792224496603
    ],
    "start_timestamps": [
      "2026-07-17 17:46:38.720564+00:00",
      "2026-07-17 17:46:38.855460+00:00",
      "2026-07-17 17:46:40.227580+00:00",
      "2026-07-17 17:46:40.603279+00:00",
      "2026-07-17 17:46:40.743383+00:00",
      "2026-07-17 17:46:42.308128+00:00",
      "2026-07-17 17:46:44.011445+00:00"
    ]
  },
  "layout": {
    "scope": "page",
    "count": 3,
    "times": [
      0.2336670821532607,
      0.02790029626339674,
      0.07617755420506
    ],
    "start_timestamps": [
      "2026-07-17 17:46:38.855525+00:00",
      "2026-07-17 17:46:40.227639+00:00",
      "2026-07-17 17:46:44.144378+00:00"
    ]
  },
  "table_structure": {
    "scope": "page",
    "count": 7,
    "times": [
      1.9857659935951233e-05,
      2.064928412437439e-05,
      2.6489607989788055e-05,
      0.9090328617021441,
      1.9176863133907318e-05,
      7.443130016326904e-06,
      9.80868935585022e-06
    ],
    "start_timestamps": [
      "2026-07-17 17:46:39.137303+00:00",
      "2026-07-17 17:46:40.595956+00:00",
      "2026-07-17 17:46:44.435906+00:00",
      "2026-07-17 17:46:44.435938+00:00",
      "2026-07-17 17:46:45.344988+00:00",
      "2026-07-17 17:46:45.345010+00:00",
      "2026-07-17 17:46:45.345325+00:00"
    ]
  },
  "page_assemble": {
    "scope": "page",
    "count": 7,
    "times": [
      0.0002851160243153572,
      0.000314922071993351,
      0.0009371228516101837,
      0.0004706457257270813,
      0.00022709742188453674,
      0.0002667205408215523,
      0.0002629244700074196
    ],
    "start_timestamps": [
      "2026-07-17 17:46:39.137375+00:00",
      "2026-07-17 17:46:40.596020+00:00",
      "2026-07-17 17:46:45.345426+00:00",
      "2026-07-17 17:46:45.346504+00:00",
      "2026-07-17 17:46:45.346997+00:00",
      "2026-07-17 17:46:45.347244+00:00",
      "2026-07-17 17:46:45.347530+00:00"
    ]
  },
  "doc_assemble": {
    "scope": "document",
    "count": 1,
    "times": [
      0.023918255232274532
    ],
    "start_timestamps": [
      "2026-07-17 17:46:45.348015+00:00"
    ]
  },
  "reading_order": {
    "scope": "document",
    "count": 1,
    "times": [
      0.02339809574186802
    ],
    "start_timestamps": [
      "2026-07-17 17:46:45.348105+00:00"
    ]
  },
  "doc_enrich": {
    "scope": "document",
    "count": 1,
    "times": [
      1.7929536933079362
    ],
    "start_timestamps": [
      "2026-07-17 17:46:45.371959+00:00"
    ]
  }
}
Function parse_pdf took 16.9980 seconds to execute.
Running: get_tables
Function get_tables took 0.0001 seconds to execute.
Running: get_surrounding_paragraphs
Function get_surrounding_paragraphs took 0.0001 seconds to execute.
