Running: parse_pdf
Raw PDF conversion timings:
{
  "pipeline_total": {
    "scope": "document",
    "count": 1,
    "times": [
      90.82151512615383
    ],
    "start_timestamps": [
      "2026-07-23 16:59:57.543545+00:00"
    ]
  },
  "page_parse": {
    "scope": "page",
    "count": 8,
    "times": [
      0.08080371282994747,
      0.1555414516478777,
      0.12359116785228252,
      0.18965868465602398,
      0.21212109737098217,
      0.21614747308194637,
      0.1428349344059825,
      0.12730229925364256
    ],
    "start_timestamps": [
      "2026-07-23 16:59:57.547253+00:00",
      "2026-07-23 16:59:57.628095+00:00",
      "2026-07-23 16:59:57.783680+00:00",
      "2026-07-23 16:59:57.907315+00:00",
      "2026-07-23 16:59:58.097016+00:00",
      "2026-07-23 16:59:58.309186+00:00",
      "2026-07-23 16:59:58.525377+00:00",
      "2026-07-23 16:59:58.668253+00:00"
    ]
  },
  "ocr": {
    "scope": "page",
    "count": 8,
    "times": [
      0.16048099659383297,
      1.3999101119115949,
      0.8558493880555034,
      0.9415995767340064,
      1.206402345560491,
      0.8766014035791159,
      0.6646919632330537,
      0.12231095880270004
    ],
    "start_timestamps": [
      "2026-07-23 16:59:57.628422+00:00",
      "2026-07-23 16:59:57.788935+00:00",
      "2026-07-23 16:59:59.188944+00:00",
      "2026-07-23 17:00:00.044810+00:00",
      "2026-07-23 17:00:00.986426+00:00",
      "2026-07-23 17:00:02.192844+00:00",
      "2026-07-23 17:00:03.069461+00:00",
      "2026-07-23 17:00:03.734168+00:00"
    ]
  },
  "layout": {
    "scope": "page",
    "count": 3,
    "times": [
      0.15035970229655504,
      0.02701965719461441,
      0.0803818991407752
    ],
    "start_timestamps": [
      "2026-07-23 16:59:57.789030+00:00",
      "2026-07-23 16:59:59.189009+00:00",
      "2026-07-23 17:00:03.856659+00:00"
    ]
  },
  "table_structure": {
    "scope": "page",
    "count": 8,
    "times": [
      1.9165687263011932e-05,
      2.501625567674637e-05,
      3.2551586627960205e-05,
      1.017935574054718e-05,
      6.322748959064484e-06,
      6.492249667644501e-06,
      1.2414529919624329e-05,
      1.0340474545955658e-05
    ],
    "start_timestamps": [
      "2026-07-23 16:59:58.099644+00:00",
      "2026-07-23 16:59:59.248129+00:00",
      "2026-07-23 17:00:04.161627+00:00",
      "2026-07-23 17:00:04.161666+00:00",
      "2026-07-23 17:00:04.161680+00:00",
      "2026-07-23 17:00:04.161691+00:00",
      "2026-07-23 17:00:04.161742+00:00",
      "2026-07-23 17:00:04.161758+00:00"
    ]
  },
  "page_assemble": {
    "scope": "page",
    "count": 8,
    "times": [
      0.0011949678882956505,
      0.00031433068215847015,
      0.00043816398829221725,
      0.0002381782978773117,
      0.00019451603293418884,
      0.0002532070502638817,
      0.0003180885687470436,
      0.00019128993153572083
    ],
    "start_timestamps": [
      "2026-07-23 16:59:58.099721+00:00",
      "2026-07-23 16:59:59.248193+00:00",
      "2026-07-23 17:00:04.161836+00:00",
      "2026-07-23 17:00:04.162302+00:00",
      "2026-07-23 17:00:04.162568+00:00",
      "2026-07-23 17:00:04.162780+00:00",
      "2026-07-23 17:00:04.163051+00:00",
      "2026-07-23 17:00:04.163388+00:00"
    ]
  },
  "doc_assemble": {
    "scope": "document",
    "count": 1,
    "times": [
      0.041722110472619534
    ],
    "start_timestamps": [
      "2026-07-23 17:00:04.163776+00:00"
    ]
  },
  "reading_order": {
    "scope": "document",
    "count": 1,
    "times": [
      0.04116098489612341
    ],
    "start_timestamps": [
      "2026-07-23 17:00:04.163908+00:00"
    ]
  },
  "doc_enrich": {
    "scope": "document",
    "count": 1,
    "times": [
      84.15950312558562
    ],
    "start_timestamps": [
      "2026-07-23 17:00:04.205529+00:00"
    ]
  }
}
All hyperlinked elements redacted in-memory.
Clean PDF conversion timings:
{
  "pipeline_total": {
    "scope": "document",
    "count": 1,
    "times": [
      91.07782679982483
    ],
    "start_timestamps": [
      "2026-07-23 17:01:28.592229+00:00"
    ]
  },
  "page_parse": {
    "scope": "page",
    "count": 8,
    "times": [
      0.07982762716710567,
      0.1567752854898572,
      0.12156517710536718,
      0.1851031854748726,
      0.1972640361636877,
      0.22323598247021437,
      0.14331415761262178,
      0.06564952060580254
    ],
    "start_timestamps": [
      "2026-07-23 17:01:28.597039+00:00",
      "2026-07-23 17:01:28.676904+00:00",
      "2026-07-23 17:01:28.833724+00:00",
      "2026-07-23 17:01:28.955331+00:00",
      "2026-07-23 17:01:29.140477+00:00",
      "2026-07-23 17:01:29.337796+00:00",
      "2026-07-23 17:01:29.561074+00:00",
      "2026-07-23 17:01:29.704438+00:00"
    ]
  },
  "ocr": {
    "scope": "page",
    "count": 8,
    "times": [
      0.16187211498618126,
      1.410016912035644,
      0.8674467159435153,
      0.9282372146844864,
      1.2014588871970773,
      0.8757568132132292,
      0.6536338543519378,
      0.12108901143074036
    ],
    "start_timestamps": [
      "2026-07-23 17:01:28.677187+00:00",
      "2026-07-23 17:01:28.839094+00:00",
      "2026-07-23 17:01:30.249216+00:00",
      "2026-07-23 17:01:31.116680+00:00",
      "2026-07-23 17:01:32.044932+00:00",
      "2026-07-23 17:01:33.246418+00:00",
      "2026-07-23 17:01:34.122190+00:00",
      "2026-07-23 17:01:34.775840+00:00"
    ]
  },
  "layout": {
    "scope": "page",
    "count": 3,
    "times": [
      0.1498831883072853,
      0.026775728911161423,
      0.07859702128916979
    ],
    "start_timestamps": [
      "2026-07-23 17:01:28.839231+00:00",
      "2026-07-23 17:01:30.249288+00:00",
      "2026-07-23 17:01:34.897097+00:00"
    ]
  },
  "table_structure": {
    "scope": "page",
    "count": 8,
    "times": [
      2.1209940314292908e-05,
      2.5678426027297974e-05,
      2.9204413294792175e-05,
      1.5087425708770752e-05,
      6.251037120819092e-06,
      6.833113729953766e-06,
      1.1511147022247314e-05,
      8.585862815380096e-06
    ],
    "start_timestamps": [
      "2026-07-23 17:01:29.147446+00:00",
      "2026-07-23 17:01:30.320015+00:00",
      "2026-07-23 17:01:35.213578+00:00",
      "2026-07-23 17:01:35.213611+00:00",
      "2026-07-23 17:01:35.213631+00:00",
      "2026-07-23 17:01:35.213641+00:00",
      "2026-07-23 17:01:35.213689+00:00",
      "2026-07-23 17:01:35.213705+00:00"
    ]
  },
  "page_assemble": {
    "scope": "page",
    "count": 8,
    "times": [
      0.00031583383679389954,
      0.0003104237839579582,
      0.0005378024652600288,
      0.0003710780292749405,
      0.0001944359391927719,
      0.00026276521384716034,
      0.0002993922680616379,
      0.00018694158643484116
    ],
    "start_timestamps": [
      "2026-07-23 17:01:29.147533+00:00",
      "2026-07-23 17:01:30.320081+00:00",
      "2026-07-23 17:01:35.213829+00:00",
      "2026-07-23 17:01:35.214416+00:00",
      "2026-07-23 17:01:35.214808+00:00",
      "2026-07-23 17:01:35.215021+00:00",
      "2026-07-23 17:01:35.215302+00:00",
      "2026-07-23 17:01:35.215620+00:00"
    ]
  },
  "doc_assemble": {
    "scope": "document",
    "count": 1,
    "times": [
      0.3844594983384013
    ],
    "start_timestamps": [
      "2026-07-23 17:01:35.215986+00:00"
    ]
  },
  "reading_order": {
    "scope": "document",
    "count": 1,
    "times": [
      0.38380079809576273
    ],
    "start_timestamps": [
      "2026-07-23 17:01:35.216076+00:00"
    ]
  },
  "doc_enrich": {
    "scope": "document",
    "count": 1,
    "times": [
      84.06954743247479
    ],
    "start_timestamps": [
      "2026-07-23 17:01:35.600477+00:00"
    ]
  }
}
Function parse_pdf took 182.2686 seconds to execute.
Running: get_tables
Function get_tables took 0.0001 seconds to execute.
Running: get_surrounding_paragraphs
Function get_surrounding_paragraphs took 0.0001 seconds to execute.
