Running: parse_pdf
Raw PDF conversion timings:
{
  "pipeline_total": {
    "scope": "document",
    "count": 1,
    "times": [
      2.7283848132938147
    ],
    "start_timestamps": [
      "2026-07-17 18:32:45.576732+00:00"
    ]
  },
  "page_parse": {
    "scope": "page",
    "count": 7,
    "times": [
      0.09457345865666866,
      0.11982127279043198,
      0.12780568562448025,
      0.10698120482265949,
      0.19815709069371223,
      0.18072648532688618,
      0.04768114164471626
    ],
    "start_timestamps": [
      "2026-07-17 18:32:45.580393+00:00",
      "2026-07-17 18:32:45.675009+00:00",
      "2026-07-17 18:32:45.794872+00:00",
      "2026-07-17 18:32:45.922722+00:00",
      "2026-07-17 18:32:46.029747+00:00",
      "2026-07-17 18:32:46.227949+00:00",
      "2026-07-17 18:32:46.408716+00:00"
    ]
  },
  "ocr": {
    "scope": "page",
    "count": 7,
    "times": [
      0.1241562096402049,
      1.0234129959717393,
      0.13546929508447647,
      0.6938062831759453,
      0.12150651402771473,
      0.12264834251254797,
      0.117419364862144
    ],
    "start_timestamps": [
      "2026-07-17 18:32:45.675251+00:00",
      "2026-07-17 18:32:45.799454+00:00",
      "2026-07-17 18:32:46.822968+00:00",
      "2026-07-17 18:32:46.958451+00:00",
      "2026-07-17 18:32:47.652274+00:00",
      "2026-07-17 18:32:47.773790+00:00",
      "2026-07-17 18:32:47.896448+00:00"
    ]
  },
  "layout": {
    "scope": "page",
    "count": 3,
    "times": [
      0.27578866481781006,
      0.02876855805516243,
      0.07518271636217833
    ],
    "start_timestamps": [
      "2026-07-17 18:32:45.799524+00:00",
      "2026-07-17 18:32:46.823029+00:00",
      "2026-07-17 18:32:48.014023+00:00"
    ]
  },
  "table_structure": {
    "scope": "page",
    "count": 7,
    "times": [
      3.1198374927043915e-05,
      6.311945617198944e-05,
      4.848092794418335e-05,
      1.3384968042373657e-05,
      1.1091120541095734e-05,
      2.1399930119514465e-05,
      1.2744218111038208e-05
    ],
    "start_timestamps": [
      "2026-07-17 18:32:46.272345+00:00",
      "2026-07-17 18:32:46.876274+00:00",
      "2026-07-17 18:32:48.273609+00:00",
      "2026-07-17 18:32:48.273663+00:00",
      "2026-07-17 18:32:48.273681+00:00",
      "2026-07-17 18:32:48.273697+00:00",
      "2026-07-17 18:32:48.273763+00:00"
    ]
  },
  "page_assemble": {
    "scope": "page",
    "count": 7,
    "times": [
      0.0008382769301533699,
      0.0006612939760088921,
      0.0005296673625707626,
      0.00036498717963695526,
      0.0003782808780670166,
      0.0005415789783000946,
      0.00012351199984550476
    ],
    "start_timestamps": [
      "2026-07-17 18:32:46.272540+00:00",
      "2026-07-17 18:32:46.876445+00:00",
      "2026-07-17 18:32:48.273855+00:00",
      "2026-07-17 18:32:48.274435+00:00",
      "2026-07-17 18:32:48.274822+00:00",
      "2026-07-17 18:32:48.275220+00:00",
      "2026-07-17 18:32:48.275781+00:00"
    ]
  },
  "doc_assemble": {
    "scope": "document",
    "count": 1,
    "times": [
      0.027605850249528885
    ],
    "start_timestamps": [
      "2026-07-17 18:32:48.276079+00:00"
    ]
  },
  "reading_order": {
    "scope": "document",
    "count": 1,
    "times": [
      0.027104306034743786
    ],
    "start_timestamps": [
      "2026-07-17 18:32:48.276168+00:00"
    ]
  },
  "doc_enrich": {
    "scope": "document",
    "count": 1,
    "times": [
      0.001403731293976307
    ],
    "start_timestamps": [
      "2026-07-17 18:32:48.303708+00:00"
    ]
  }
}
All hyperlinked elements redacted in-memory.
Clean PDF conversion timings:
{
  "pipeline_total": {
    "scope": "document",
    "count": 1,
    "times": [
      3.094420989975333
    ],
    "start_timestamps": [
      "2026-07-17 18:32:48.457821+00:00"
    ]
  },
  "page_parse": {
    "scope": "page",
    "count": 7,
    "times": [
      0.09370240103453398,
      0.12025745399296284,
      0.1447273138910532,
      0.10911290440708399,
      0.19230245612561703,
      0.15487831365317106,
      0.046594458632171154
    ],
    "start_timestamps": [
      "2026-07-17 18:32:48.461614+00:00",
      "2026-07-17 18:32:48.555357+00:00",
      "2026-07-17 18:32:48.675657+00:00",
      "2026-07-17 18:32:48.820440+00:00",
      "2026-07-17 18:32:48.929597+00:00",
      "2026-07-17 18:32:49.121946+00:00",
      "2026-07-17 18:32:49.276874+00:00"
    ]
  },
  "ocr": {
    "scope": "page",
    "count": 7,
    "times": [
      0.12411508243530989,
      0.9938373090699315,
      0.13734603952616453,
      1.0668860469013453,
      0.12154675181955099,
      0.12198623083531857,
      0.11778971273452044
    ],
    "start_timestamps": [
      "2026-07-17 18:32:48.555630+00:00",
      "2026-07-17 18:32:48.679793+00:00",
      "2026-07-17 18:32:49.673712+00:00",
      "2026-07-17 18:32:49.811068+00:00",
      "2026-07-17 18:32:50.877972+00:00",
      "2026-07-17 18:32:50.999530+00:00",
      "2026-07-17 18:32:51.121526+00:00"
    ]
  },
  "layout": {
    "scope": "page",
    "count": 3,
    "times": [
      0.36132960952818394,
      0.028222410939633846,
      0.07717113848775625
    ],
    "start_timestamps": [
      "2026-07-17 18:32:48.679866+00:00",
      "2026-07-17 18:32:49.673771+00:00",
      "2026-07-17 18:32:51.239564+00:00"
    ]
  },
  "table_structure": {
    "scope": "page",
    "count": 7,
    "times": [
      2.5488436222076416e-05,
      2.0238570868968964e-05,
      2.8213486075401306e-05,
      8.50670039653778e-06,
      6.8731606006622314e-06,
      8.83638858795166e-06,
      7.75512307882309e-06
    ],
    "start_timestamps": [
      "2026-07-17 18:32:49.125232+00:00",
      "2026-07-17 18:32:49.726770+00:00",
      "2026-07-17 18:32:51.520046+00:00",
      "2026-07-17 18:32:51.520080+00:00",
      "2026-07-17 18:32:51.520092+00:00",
      "2026-07-17 18:32:51.520103+00:00",
      "2026-07-17 18:32:51.520151+00:00"
    ]
  },
  "page_assemble": {
    "scope": "page",
    "count": 7,
    "times": [
      0.00039050448685884476,
      0.0004945211112499237,
      0.0007747085765004158,
      0.00030753854662179947,
      0.0003957245498895645,
      0.0005643125623464584,
      0.0001407945528626442
    ],
    "start_timestamps": [
      "2026-07-17 18:32:49.125563+00:00",
      "2026-07-17 18:32:49.726828+00:00",
      "2026-07-17 18:32:51.520255+00:00",
      "2026-07-17 18:32:51.521065+00:00",
      "2026-07-17 18:32:51.521396+00:00",
      "2026-07-17 18:32:51.521814+00:00",
      "2026-07-17 18:32:51.522399+00:00"
    ]
  },
  "doc_assemble": {
    "scope": "document",
    "count": 1,
    "times": [
      0.027960658073425293
    ],
    "start_timestamps": [
      "2026-07-17 18:32:51.522830+00:00"
    ]
  },
  "reading_order": {
    "scope": "document",
    "count": 1,
    "times": [
      0.027425541542470455
    ],
    "start_timestamps": [
      "2026-07-17 18:32:51.522942+00:00"
    ]
  },
  "doc_enrich": {
    "scope": "document",
    "count": 1,
    "times": [
      0.0014206431806087494
    ],
    "start_timestamps": [
      "2026-07-17 18:32:51.550816+00:00"
    ]
  }
}
Function parse_pdf took 6.0623 seconds to execute.
Running: get_tables
Function get_tables took 0.0001 seconds to execute.
Running: get_surrounding_paragraphs
Function get_surrounding_paragraphs took 0.0001 seconds to execute.
