Running: parse_pdf
Raw PDF conversion timings:
{
  "pipeline_total": {
    "scope": "document",
    "count": 1,
    "times": [
      13.594613524153829
    ],
    "start_timestamps": [
      "2026-07-17 19:37:14.287139+00:00"
    ]
  },
  "page_parse": {
    "scope": "page",
    "count": 9,
    "times": [
      0.10613172594457865,
      0.10720944404602051,
      0.15655407030135393,
      0.1776552563533187,
      0.18715567886829376,
      0.15133354999125004,
      0.14906335901468992,
      0.1210143631324172,
      0.062208197079598904
    ],
    "start_timestamps": [
      "2026-07-17 19:37:14.292612+00:00",
      "2026-07-17 19:37:14.398788+00:00",
      "2026-07-17 19:37:14.506041+00:00",
      "2026-07-17 19:37:14.662638+00:00",
      "2026-07-17 19:37:14.840346+00:00",
      "2026-07-17 19:37:15.027551+00:00",
      "2026-07-17 19:37:15.178934+00:00",
      "2026-07-17 19:37:15.328048+00:00",
      "2026-07-17 19:37:15.449107+00:00"
    ]
  },
  "ocr": {
    "scope": "page",
    "count": 9,
    "times": [
      0.9345772648230195,
      0.183480734936893,
      0.9239130429923534,
      0.7343642422929406,
      0.7713872101157904,
      1.5161887854337692,
      1.6076236246153712,
      0.3400153499096632,
      0.13045348040759563
    ],
    "start_timestamps": [
      "2026-07-17 19:37:14.399110+00:00",
      "2026-07-17 19:37:15.333734+00:00",
      "2026-07-17 19:37:15.517230+00:00",
      "2026-07-17 19:37:16.441160+00:00",
      "2026-07-17 19:37:17.175542+00:00",
      "2026-07-17 19:37:17.946947+00:00",
      "2026-07-17 19:37:19.463154+00:00",
      "2026-07-17 19:37:21.070895+00:00",
      "2026-07-17 19:37:21.410926+00:00"
    ]
  },
  "layout": {
    "scope": "page",
    "count": 3,
    "times": [
      0.2014904161915183,
      0.09083039127290249,
      0.08844271954149008
    ],
    "start_timestamps": [
      "2026-07-17 19:37:15.333929+00:00",
      "2026-07-17 19:37:21.070986+00:00",
      "2026-07-17 19:37:21.541508+00:00"
    ]
  },
  "table_structure": {
    "scope": "page",
    "count": 9,
    "times": [
      1.8814578652381897e-05,
      6.99702650308609e-05,
      1.0154152978211641,
      0.3035455923527479,
      2.3224391043186188e-05,
      1.530814915895462e-05,
      8.10530036687851e-06,
      2.7983449399471283e-05,
      1.9315630197525024e-05
    ],
    "start_timestamps": [
      "2026-07-17 19:37:15.596234+00:00",
      "2026-07-17 19:37:21.408648+00:00",
      "2026-07-17 19:37:21.408728+00:00",
      "2026-07-17 19:37:22.424162+00:00",
      "2026-07-17 19:37:22.727725+00:00",
      "2026-07-17 19:37:22.727876+00:00",
      "2026-07-17 19:37:22.727896+00:00",
      "2026-07-17 19:37:22.727907+00:00",
      "2026-07-17 19:37:22.727939+00:00"
    ]
  },
  "page_assemble": {
    "scope": "page",
    "count": 9,
    "times": [
      0.0005061924457550049,
      0.000660712830722332,
      0.00034099165350198746,
      0.0002190014347434044,
      0.0002356627956032753,
      0.00021847151219844818,
      5.63059002161026e-05,
      0.001390606164932251,
      0.00036609917879104614
    ],
    "start_timestamps": [
      "2026-07-17 19:37:15.596302+00:00",
      "2026-07-17 19:37:22.728054+00:00",
      "2026-07-17 19:37:22.728752+00:00",
      "2026-07-17 19:37:22.729117+00:00",
      "2026-07-17 19:37:22.729356+00:00",
      "2026-07-17 19:37:22.729677+00:00",
      "2026-07-17 19:37:22.729918+00:00",
      "2026-07-17 19:37:22.729991+00:00",
      "2026-07-17 19:37:22.731411+00:00"
    ]
  },
  "doc_assemble": {
    "scope": "document",
    "count": 1,
    "times": [
      0.04717675969004631
    ],
    "start_timestamps": [
      "2026-07-17 19:37:22.732107+00:00"
    ]
  },
  "reading_order": {
    "scope": "document",
    "count": 1,
    "times": [
      0.04665503744035959
    ],
    "start_timestamps": [
      "2026-07-17 19:37:22.732220+00:00"
    ]
  },
  "doc_enrich": {
    "scope": "document",
    "count": 1,
    "times": [
      5.102426052093506
    ],
    "start_timestamps": [
      "2026-07-17 19:37:22.779307+00:00"
    ]
  }
}
All hyperlinked elements redacted in-memory.
Clean PDF conversion timings:
{
  "pipeline_total": {
    "scope": "document",
    "count": 1,
    "times": [
      14.513527125120163
    ],
    "start_timestamps": [
      "2026-07-17 19:37:28.077475+00:00"
    ]
  },
  "page_parse": {
    "scope": "page",
    "count": 9,
    "times": [
      0.10362653713673353,
      0.10524740628898144,
      0.15501364041119814,
      0.2576192356646061,
      0.13769819401204586,
      0.2279726229608059,
      0.14436643943190575,
      0.11867102980613708,
      0.060036152601242065
    ],
    "start_timestamps": [
      "2026-07-17 19:37:28.082285+00:00",
      "2026-07-17 19:37:28.185955+00:00",
      "2026-07-17 19:37:28.291242+00:00",
      "2026-07-17 19:37:28.446298+00:00",
      "2026-07-17 19:37:28.703973+00:00",
      "2026-07-17 19:37:28.841713+00:00",
      "2026-07-17 19:37:29.069735+00:00",
      "2026-07-17 19:37:29.214149+00:00",
      "2026-07-17 19:37:29.332865+00:00"
    ]
  },
  "ocr": {
    "scope": "page",
    "count": 9,
    "times": [
      1.032594888471067,
      0.1834668666124344,
      1.2287006918340921,
      0.7563721537590027,
      1.1355821937322617,
      1.515392460860312,
      1.5937199257314205,
      0.3359141880646348,
      0.13115970510989428
    ],
    "start_timestamps": [
      "2026-07-17 19:37:28.186320+00:00",
      "2026-07-17 19:37:29.218978+00:00",
      "2026-07-17 19:37:29.402461+00:00",
      "2026-07-17 19:37:30.631178+00:00",
      "2026-07-17 19:37:31.387569+00:00",
      "2026-07-17 19:37:32.523171+00:00",
      "2026-07-17 19:37:34.038581+00:00",
      "2026-07-17 19:37:35.632379+00:00",
      "2026-07-17 19:37:35.968306+00:00"
    ]
  },
  "layout": {
    "scope": "page",
    "count": 3,
    "times": [
      0.19943421613425016,
      0.08332292083650827,
      0.09335444308817387
    ],
    "start_timestamps": [
      "2026-07-17 19:37:29.219169+00:00",
      "2026-07-17 19:37:35.632471+00:00",
      "2026-07-17 19:37:36.099644+00:00"
    ]
  },
  "table_structure": {
    "scope": "page",
    "count": 9,
    "times": [
      1.935567706823349e-05,
      2.3123808205127716e-05,
      1.1119720069691539,
      0.3024755120277405,
      2.3595057427883148e-05,
      1.744180917739868e-05,
      7.103197276592255e-06,
      2.258364111185074e-05,
      1.8093734979629517e-05
    ],
    "start_timestamps": [
      "2026-07-17 19:37:29.465866+00:00",
      "2026-07-17 19:37:35.965545+00:00",
      "2026-07-17 19:37:35.965571+00:00",
      "2026-07-17 19:37:37.077564+00:00",
      "2026-07-17 19:37:37.380057+00:00",
      "2026-07-17 19:37:37.380196+00:00",
      "2026-07-17 19:37:37.380218+00:00",
      "2026-07-17 19:37:37.380229+00:00",
      "2026-07-17 19:37:37.380254+00:00"
    ]
  },
  "page_assemble": {
    "scope": "page",
    "count": 9,
    "times": [
      0.000279255211353302,
      0.0010883379727602005,
      0.0004177559167146683,
      0.00021752901375293732,
      0.00024309847503900528,
      0.0002121487632393837,
      5.560368299484253e-05,
      0.0005357079207897186,
      0.0003341482952237129
    ],
    "start_timestamps": [
      "2026-07-17 19:37:29.465936+00:00",
      "2026-07-17 19:37:37.380439+00:00",
      "2026-07-17 19:37:37.381538+00:00",
      "2026-07-17 19:37:37.381982+00:00",
      "2026-07-17 19:37:37.382221+00:00",
      "2026-07-17 19:37:37.382484+00:00",
      "2026-07-17 19:37:37.382716+00:00",
      "2026-07-17 19:37:37.382789+00:00",
      "2026-07-17 19:37:37.383345+00:00"
    ]
  },
  "doc_assemble": {
    "scope": "document",
    "count": 1,
    "times": [
      0.04735677968710661
    ],
    "start_timestamps": [
      "2026-07-17 19:37:37.383886+00:00"
    ]
  },
  "reading_order": {
    "scope": "document",
    "count": 1,
    "times": [
      0.046804810874164104
    ],
    "start_timestamps": [
      "2026-07-17 19:37:37.384006+00:00"
    ]
  },
  "doc_enrich": {
    "scope": "document",
    "count": 1,
    "times": [
      5.159716414287686
    ],
    "start_timestamps": [
      "2026-07-17 19:37:37.431267+00:00"
    ]
  }
}
Function parse_pdf took 28.4900 seconds to execute.
Running: get_tables
Function get_tables took 0.0001 seconds to execute.
Running: get_surrounding_paragraphs
Function get_surrounding_paragraphs took 0.0001 seconds to execute.
