Running: parse_pdf
Raw PDF conversion timings:
{
  "pipeline_total": {
    "scope": "document",
    "count": 1,
    "times": [
      50.700540164485574
    ],
    "start_timestamps": [
      "2026-07-18 00:38:45.828985+00:00"
    ]
  },
  "page_parse": {
    "scope": "page",
    "count": 9,
    "times": [
      0.0680289575830102,
      0.09591336827725172,
      0.08910465613007545,
      0.12344248872250319,
      0.11708810273557901,
      0.1317105172201991,
      0.08922296855598688,
      0.09604096878319979,
      0.05809720139950514
    ],
    "start_timestamps": [
      "2026-07-18 00:38:45.832427+00:00",
      "2026-07-18 00:38:45.900503+00:00",
      "2026-07-18 00:38:45.996456+00:00",
      "2026-07-18 00:38:46.085602+00:00",
      "2026-07-18 00:38:46.209086+00:00",
      "2026-07-18 00:38:46.326224+00:00",
      "2026-07-18 00:38:46.457975+00:00",
      "2026-07-18 00:38:46.547240+00:00",
      "2026-07-18 00:38:46.643334+00:00"
    ]
  },
  "ocr": {
    "scope": "page",
    "count": 9,
    "times": [
      0.18676843866705894,
      0.128230188973248,
      0.12253373861312866,
      1.1837440887466073,
      0.9929709350690246,
      1.5725798141211271,
      0.11818507686257362,
      0.12306635174900293,
      0.1207102881744504
    ],
    "start_timestamps": [
      "2026-07-18 00:38:45.900841+00:00",
      "2026-07-18 00:38:46.087649+00:00",
      "2026-07-18 00:38:46.215896+00:00",
      "2026-07-18 00:38:46.338472+00:00",
      "2026-07-18 00:38:47.522235+00:00",
      "2026-07-18 00:38:48.515318+00:00",
      "2026-07-18 00:38:50.087914+00:00",
      "2026-07-18 00:38:50.206108+00:00",
      "2026-07-18 00:38:50.329184+00:00"
    ]
  },
  "layout": {
    "scope": "page",
    "count": 4,
    "times": [
      0.2533391024917364,
      0.3567229984328151,
      0.032781495712697506,
      0.0721468161791563
    ],
    "start_timestamps": [
      "2026-07-18 00:38:46.087724+00:00",
      "2026-07-18 00:38:46.362989+00:00",
      "2026-07-18 00:38:48.515386+00:00",
      "2026-07-18 00:38:50.450065+00:00"
    ]
  },
  "table_structure": {
    "scope": "page",
    "count": 9,
    "times": [
      2.9044225811958313e-05,
      4.418473690748215e-05,
      1.894589513540268e-05,
      3.706943243741989e-05,
      1.2514181435108185e-05,
      6.044376641511917e-05,
      2.1721236407756805e-05,
      3.1079165637493134e-05,
      2.088025212287903e-05
    ],
    "start_timestamps": [
      "2026-07-18 00:38:46.363120+00:00",
      "2026-07-18 00:38:46.895664+00:00",
      "2026-07-18 00:38:46.895712+00:00",
      "2026-07-18 00:38:48.585318+00:00",
      "2026-07-18 00:38:48.585361+00:00",
      "2026-07-18 00:38:50.651865+00:00",
      "2026-07-18 00:38:50.651934+00:00",
      "2026-07-18 00:38:50.651963+00:00",
      "2026-07-18 00:38:50.652005+00:00"
    ]
  },
  "page_assemble": {
    "scope": "page",
    "count": 9,
    "times": [
      0.0008399998769164085,
      0.00033522024750709534,
      0.0004400685429573059,
      0.0003655785694718361,
      0.0002712393179535866,
      0.0003729723393917084,
      0.00031735748052597046,
      0.000761653296649456,
      0.00018670130521059036
    ],
    "start_timestamps": [
      "2026-07-18 00:38:46.363205+00:00",
      "2026-07-18 00:38:46.895786+00:00",
      "2026-07-18 00:38:46.896166+00:00",
      "2026-07-18 00:38:48.585437+00:00",
      "2026-07-18 00:38:48.585841+00:00",
      "2026-07-18 00:38:50.652160+00:00",
      "2026-07-18 00:38:50.652565+00:00",
      "2026-07-18 00:38:50.652903+00:00",
      "2026-07-18 00:38:50.653687+00:00"
    ]
  },
  "doc_assemble": {
    "scope": "document",
    "count": 1,
    "times": [
      0.03649173676967621
    ],
    "start_timestamps": [
      "2026-07-18 00:38:50.654064+00:00"
    ]
  },
  "reading_order": {
    "scope": "document",
    "count": 1,
    "times": [
      0.03597818873822689
    ],
    "start_timestamps": [
      "2026-07-18 00:38:50.654139+00:00"
    ]
  },
  "doc_enrich": {
    "scope": "document",
    "count": 1,
    "times": [
      45.83892616536468
    ],
    "start_timestamps": [
      "2026-07-18 00:38:50.690580+00:00"
    ]
  }
}
All hyperlinked elements redacted in-memory.
Clean PDF conversion timings:
{
  "pipeline_total": {
    "scope": "document",
    "count": 1,
    "times": [
      50.51395960524678
    ],
    "start_timestamps": [
      "2026-07-18 00:39:36.741294+00:00"
    ]
  },
  "page_parse": {
    "scope": "page",
    "count": 9,
    "times": [
      0.06678648199886084,
      0.09294340666383505,
      0.08676752727478743,
      0.11638663616031408,
      0.11623764596879482,
      0.1249825106933713,
      0.10068393126130104,
      0.09448929503560066,
      0.05708650033921003
    ],
    "start_timestamps": [
      "2026-07-18 00:39:36.744765+00:00",
      "2026-07-18 00:39:36.811592+00:00",
      "2026-07-18 00:39:36.904576+00:00",
      "2026-07-18 00:39:36.991387+00:00",
      "2026-07-18 00:39:37.107818+00:00",
      "2026-07-18 00:39:37.224100+00:00",
      "2026-07-18 00:39:37.349128+00:00",
      "2026-07-18 00:39:37.449858+00:00",
      "2026-07-18 00:39:37.544391+00:00"
    ]
  },
  "ocr": {
    "scope": "page",
    "count": 9,
    "times": [
      0.18179444409906864,
      0.12937084585428238,
      0.12461670208722353,
      1.1548171946778893,
      0.929433717392385,
      1.5026723695918918,
      0.12178186699748039,
      0.11805761978030205,
      0.11606822721660137
    ],
    "start_timestamps": [
      "2026-07-18 00:39:36.811922+00:00",
      "2026-07-18 00:39:36.993770+00:00",
      "2026-07-18 00:39:37.123156+00:00",
      "2026-07-18 00:39:37.247817+00:00",
      "2026-07-18 00:39:38.402649+00:00",
      "2026-07-18 00:39:39.332171+00:00",
      "2026-07-18 00:39:40.834860+00:00",
      "2026-07-18 00:39:40.956652+00:00",
      "2026-07-18 00:39:41.074718+00:00"
    ]
  },
  "layout": {
    "scope": "page",
    "count": 4,
    "times": [
      0.2582737719640136,
      0.24952611327171326,
      0.03643076494336128,
      0.07441488467156887
    ],
    "start_timestamps": [
      "2026-07-18 00:39:36.993846+00:00",
      "2026-07-18 00:39:37.366512+00:00",
      "2026-07-18 00:39:39.332234+00:00",
      "2026-07-18 00:39:41.190986+00:00"
    ]
  },
  "table_structure": {
    "scope": "page",
    "count": 9,
    "times": [
      2.3363158106803894e-05,
      4.564598202705383e-05,
      2.0108185708522797e-05,
      2.2552907466888428e-05,
      6.862916052341461e-06,
      2.5979243218898773e-05,
      9.387731552124023e-06,
      9.18656587600708e-06,
      6.502494215965271e-06
    ],
    "start_timestamps": [
      "2026-07-18 00:39:37.366622+00:00",
      "2026-07-18 00:39:37.726121+00:00",
      "2026-07-18 00:39:37.726171+00:00",
      "2026-07-18 00:39:39.406197+00:00",
      "2026-07-18 00:39:39.406223+00:00",
      "2026-07-18 00:39:41.398949+00:00",
      "2026-07-18 00:39:41.398980+00:00",
      "2026-07-18 00:39:41.398994+00:00",
      "2026-07-18 00:39:41.399007+00:00"
    ]
  },
  "page_assemble": {
    "scope": "page",
    "count": 9,
    "times": [
      0.0002881716936826706,
      0.00035478733479976654,
      0.0004252307116985321,
      0.00024138391017913818,
      0.00016035232692956924,
      0.0002163667231798172,
      0.0002605793997645378,
      0.0002991529181599617,
      0.00013929326087236404
    ],
    "start_timestamps": [
      "2026-07-18 00:39:37.366732+00:00",
      "2026-07-18 00:39:37.726251+00:00",
      "2026-07-18 00:39:37.726653+00:00",
      "2026-07-18 00:39:39.406272+00:00",
      "2026-07-18 00:39:39.406544+00:00",
      "2026-07-18 00:39:41.399143+00:00",
      "2026-07-18 00:39:41.399392+00:00",
      "2026-07-18 00:39:41.399673+00:00",
      "2026-07-18 00:39:41.399991+00:00"
    ]
  },
  "doc_assemble": {
    "scope": "document",
    "count": 1,
    "times": [
      0.33446173276752234
    ],
    "start_timestamps": [
      "2026-07-18 00:39:41.400297+00:00"
    ]
  },
  "reading_order": {
    "scope": "document",
    "count": 1,
    "times": [
      0.3339280690997839
    ],
    "start_timestamps": [
      "2026-07-18 00:39:41.400373+00:00"
    ]
  },
  "doc_enrich": {
    "scope": "document",
    "count": 1,
    "times": [
      45.52043981477618
    ],
    "start_timestamps": [
      "2026-07-18 00:39:41.734787+00:00"
    ]
  }
}
Function parse_pdf took 101.5507 seconds to execute.
Running: get_tables
Function get_tables took 0.0001 seconds to execute.
Running: get_surrounding_paragraphs
Function get_surrounding_paragraphs took 0.0001 seconds to execute.
