Running: parse_pdf
Raw PDF conversion timings:
{
  "pipeline_total": {
    "scope": "document",
    "count": 1,
    "times": [
      6.659794866107404
    ],
    "start_timestamps": [
      "2026-07-17 19:55:29.957422+00:00"
    ]
  },
  "page_parse": {
    "scope": "page",
    "count": 7,
    "times": [
      0.06676672492176294,
      0.10935561172664165,
      0.10554302856326103,
      0.06971810758113861,
      0.09853010531514883,
      0.09599925391376019,
      0.05977941025048494
    ],
    "start_timestamps": [
      "2026-07-17 19:55:29.961017+00:00",
      "2026-07-17 19:55:30.027823+00:00",
      "2026-07-17 19:55:30.137218+00:00",
      "2026-07-17 19:55:30.242807+00:00",
      "2026-07-17 19:55:30.312572+00:00",
      "2026-07-17 19:55:30.411146+00:00",
      "2026-07-17 19:55:30.507196+00:00"
    ]
  },
  "ocr": {
    "scope": "page",
    "count": 7,
    "times": [
      0.12522853631526232,
      0.28112758602946997,
      0.1395918382331729,
      0.7868940569460392,
      0.7409956036135554,
      0.15330721251666546,
      0.12800514977425337
    ],
    "start_timestamps": [
      "2026-07-17 19:55:30.028120+00:00",
      "2026-07-17 19:55:30.153411+00:00",
      "2026-07-17 19:55:30.434568+00:00",
      "2026-07-17 19:55:30.574171+00:00",
      "2026-07-17 19:55:31.361083+00:00",
      "2026-07-17 19:55:32.102161+00:00",
      "2026-07-17 19:55:32.255488+00:00"
    ]
  },
  "layout": {
    "scope": "page",
    "count": 4,
    "times": [
      0.2603347562253475,
      0.08718597237020731,
      0.0661432622000575,
      0.08045718260109425
    ],
    "start_timestamps": [
      "2026-07-17 19:55:30.153520+00:00",
      "2026-07-17 19:55:30.434618+00:00",
      "2026-07-17 19:55:32.102233+00:00",
      "2026-07-17 19:55:32.383624+00:00"
    ]
  },
  "table_structure": {
    "scope": "page",
    "count": 7,
    "times": [
      1.7162412405014038e-05,
      1.971796154975891e-05,
      0.5252689737826586,
      2.0548701286315918e-05,
      0.1814754381775856,
      0.5528198080137372,
      2.34236940741539e-05
    ],
    "start_timestamps": [
      "2026-07-17 19:55:30.433254+00:00",
      "2026-07-17 19:55:30.567986+00:00",
      "2026-07-17 19:55:32.235132+00:00",
      "2026-07-17 19:55:32.760419+00:00",
      "2026-07-17 19:55:32.760443+00:00",
      "2026-07-17 19:55:32.942032+00:00",
      "2026-07-17 19:55:33.494867+00:00"
    ]
  },
  "page_assemble": {
    "scope": "page",
    "count": 7,
    "times": [
      0.00018400605767965317,
      0.00018992647528648376,
      0.00041489023715257645,
      0.00012321211397647858,
      0.00014787912368774414,
      0.00029342155903577805,
      0.00017820578068494797
    ],
    "start_timestamps": [
      "2026-07-17 19:55:30.433320+00:00",
      "2026-07-17 19:55:30.568042+00:00",
      "2026-07-17 19:55:32.942109+00:00",
      "2026-07-17 19:55:32.942564+00:00",
      "2026-07-17 19:55:32.942706+00:00",
      "2026-07-17 19:55:33.495048+00:00",
      "2026-07-17 19:55:33.495376+00:00"
    ]
  },
  "doc_assemble": {
    "scope": "document",
    "count": 1,
    "times": [
      0.02657951693981886
    ],
    "start_timestamps": [
      "2026-07-17 19:55:33.495742+00:00"
    ]
  },
  "reading_order": {
    "scope": "document",
    "count": 1,
    "times": [
      0.02612989116460085
    ],
    "start_timestamps": [
      "2026-07-17 19:55:33.495805+00:00"
    ]
  },
  "doc_enrich": {
    "scope": "document",
    "count": 1,
    "times": [
      3.0948529029265046
    ],
    "start_timestamps": [
      "2026-07-17 19:55:33.522347+00:00"
    ]
  }
}
All hyperlinked elements redacted in-memory.
Clean PDF conversion timings:
{
  "pipeline_total": {
    "scope": "document",
    "count": 1,
    "times": [
      6.3792084297165275
    ],
    "start_timestamps": [
      "2026-07-17 19:55:36.653412+00:00"
    ]
  },
  "page_parse": {
    "scope": "page",
    "count": 7,
    "times": [
      0.06594318430870771,
      0.10955407563596964,
      0.10711158066987991,
      0.06853141449391842,
      0.09867382515221834,
      0.0917298411950469,
      0.04227347392588854
    ],
    "start_timestamps": [
      "2026-07-17 19:55:36.657004+00:00",
      "2026-07-17 19:55:36.722991+00:00",
      "2026-07-17 19:55:36.832587+00:00",
      "2026-07-17 19:55:36.939749+00:00",
      "2026-07-17 19:55:37.008323+00:00",
      "2026-07-17 19:55:37.107043+00:00",
      "2026-07-17 19:55:37.198820+00:00"
    ]
  },
  "ocr": {
    "scope": "page",
    "count": 7,
    "times": [
      0.122655363753438,
      0.1685062786564231,
      0.18576654139906168,
      0.6575785418972373,
      0.927960429340601,
      0.12376012373715639,
      0.12145152036100626
    ],
    "start_timestamps": [
      "2026-07-17 19:55:36.723246+00:00",
      "2026-07-17 19:55:36.845945+00:00",
      "2026-07-17 19:55:37.014497+00:00",
      "2026-07-17 19:55:37.200284+00:00",
      "2026-07-17 19:55:37.857940+00:00",
      "2026-07-17 19:55:38.785916+00:00",
      "2026-07-17 19:55:38.909690+00:00"
    ]
  },
  "layout": {
    "scope": "page",
    "count": 4,
    "times": [
      0.2624455466866493,
      0.1187959648668766,
      0.061176358722150326,
      0.06523459311574697
    ],
    "start_timestamps": [
      "2026-07-17 19:55:36.846031+00:00",
      "2026-07-17 19:55:37.126630+00:00",
      "2026-07-17 19:55:37.858007+00:00",
      "2026-07-17 19:55:39.031260+00:00"
    ]
  },
  "table_structure": {
    "scope": "page",
    "count": 7,
    "times": [
      1.2833625078201294e-05,
      1.59507617354393e-05,
      0.49609565641731024,
      2.544838935136795e-05,
      0.18091889191418886,
      0.5482688676565886,
      2.4055130779743195e-05
    ],
    "start_timestamps": [
      "2026-07-17 19:55:37.126750+00:00",
      "2026-07-17 19:55:37.262602+00:00",
      "2026-07-17 19:55:37.974090+00:00",
      "2026-07-17 19:55:38.470204+00:00",
      "2026-07-17 19:55:39.174197+00:00",
      "2026-07-17 19:55:39.355131+00:00",
      "2026-07-17 19:55:39.903425+00:00"
    ]
  },
  "page_assemble": {
    "scope": "page",
    "count": 7,
    "times": [
      0.00019706971943378448,
      0.00017482787370681763,
      0.00038350094109773636,
      0.00012455414980649948,
      0.00023582298308610916,
      0.00027531757950782776,
      0.00016681291162967682
    ],
    "start_timestamps": [
      "2026-07-17 19:55:37.126809+00:00",
      "2026-07-17 19:55:37.262652+00:00",
      "2026-07-17 19:55:38.470456+00:00",
      "2026-07-17 19:55:38.470878+00:00",
      "2026-07-17 19:55:39.903599+00:00",
      "2026-07-17 19:55:39.903878+00:00",
      "2026-07-17 19:55:39.904178+00:00"
    ]
  },
  "doc_assemble": {
    "scope": "document",
    "count": 1,
    "times": [
      0.026175267063081264
    ],
    "start_timestamps": [
      "2026-07-17 19:55:39.904530+00:00"
    ]
  },
  "reading_order": {
    "scope": "document",
    "count": 1,
    "times": [
      0.02571849711239338
    ],
    "start_timestamps": [
      "2026-07-17 19:55:39.904612+00:00"
    ]
  },
  "doc_enrich": {
    "scope": "document",
    "count": 1,
    "times": [
      3.1018734220415354
    ],
    "start_timestamps": [
      "2026-07-17 19:55:39.930728+00:00"
    ]
  }
}
Function parse_pdf took 13.1526 seconds to execute.
Running: get_tables
Function get_tables took 0.0001 seconds to execute.
Running: get_surrounding_paragraphs
Function get_surrounding_paragraphs took 0.0001 seconds to execute.
