Running: parse_pdf
Raw PDF conversion timings:
{
  "pipeline_total": {
    "scope": "document",
    "count": 1,
    "times": [
      6.861051510088146
    ],
    "start_timestamps": [
      "2026-07-17 22:45:48.406587+00:00"
    ]
  },
  "page_parse": {
    "scope": "page",
    "count": 7,
    "times": [
      0.09497237205505371,
      0.10429350193589926,
      0.10783138871192932,
      0.09866951871663332,
      0.08779354393482208,
      0.1546396603807807,
      0.12660071719437838
    ],
    "start_timestamps": [
      "2026-07-17 22:45:48.413605+00:00",
      "2026-07-17 22:45:48.508619+00:00",
      "2026-07-17 22:45:48.612953+00:00",
      "2026-07-17 22:45:48.720824+00:00",
      "2026-07-17 22:45:48.819540+00:00",
      "2026-07-17 22:45:48.907386+00:00",
      "2026-07-17 22:45:49.062067+00:00"
    ]
  },
  "ocr": {
    "scope": "page",
    "count": 7,
    "times": [
      0.1264872457832098,
      0.6344628585502505,
      0.7020793138071895,
      0.46284433640539646,
      0.4818474259227514,
      0.5173287214711308,
      0.11850372329354286
    ],
    "start_timestamps": [
      "2026-07-17 22:45:48.509213+00:00",
      "2026-07-17 22:45:48.635757+00:00",
      "2026-07-17 22:45:49.270282+00:00",
      "2026-07-17 22:45:49.972380+00:00",
      "2026-07-17 22:45:50.435241+00:00",
      "2026-07-17 22:45:50.917108+00:00",
      "2026-07-17 22:45:51.434455+00:00"
    ]
  },
  "layout": {
    "scope": "page",
    "count": 3,
    "times": [
      0.382798814214766,
      0.02892118226736784,
      0.07639397215098143
    ],
    "start_timestamps": [
      "2026-07-17 22:45:48.635823+00:00",
      "2026-07-17 22:45:49.270391+00:00",
      "2026-07-17 22:45:51.553115+00:00"
    ]
  },
  "table_structure": {
    "scope": "page",
    "count": 7,
    "times": [
      1.82250514626503e-05,
      3.616791218519211e-05,
      0.4292597910389304,
      0.8686914118006825,
      1.197006261907518,
      2.9445625841617584e-05,
      1.9748695194721222e-05
    ],
    "start_timestamps": [
      "2026-07-17 22:45:49.191531+00:00",
      "2026-07-17 22:45:49.341381+00:00",
      "2026-07-17 22:45:51.845841+00:00",
      "2026-07-17 22:45:52.275117+00:00",
      "2026-07-17 22:45:53.143823+00:00",
      "2026-07-17 22:45:54.340849+00:00",
      "2026-07-17 22:45:54.341258+00:00"
    ]
  },
  "page_assemble": {
    "scope": "page",
    "count": 7,
    "times": [
      0.0013841642066836357,
      0.0003238283097743988,
      0.00032484158873558044,
      0.0002855667844414711,
      0.00017024949193000793,
      0.00034389644861221313,
      0.00026793405413627625
    ],
    "start_timestamps": [
      "2026-07-17 22:45:49.191800+00:00",
      "2026-07-17 22:45:49.341462+00:00",
      "2026-07-17 22:45:54.341351+00:00",
      "2026-07-17 22:45:54.341719+00:00",
      "2026-07-17 22:45:54.342027+00:00",
      "2026-07-17 22:45:54.342217+00:00",
      "2026-07-17 22:45:54.342580+00:00"
    ]
  },
  "doc_assemble": {
    "scope": "document",
    "count": 1,
    "times": [
      0.027571802027523518
    ],
    "start_timestamps": [
      "2026-07-17 22:45:54.343060+00:00"
    ]
  },
  "reading_order": {
    "scope": "document",
    "count": 1,
    "times": [
      0.026817774400115013
    ],
    "start_timestamps": [
      "2026-07-17 22:45:54.343242+00:00"
    ]
  },
  "doc_enrich": {
    "scope": "document",
    "count": 1,
    "times": [
      0.8969565788283944
    ],
    "start_timestamps": [
      "2026-07-17 22:45:54.370664+00:00"
    ]
  }
}
All hyperlinked elements redacted in-memory.
Clean PDF conversion timings:
{
  "pipeline_total": {
    "scope": "document",
    "count": 1,
    "times": [
      7.445906963199377
    ],
    "start_timestamps": [
      "2026-07-17 22:45:55.364639+00:00"
    ]
  },
  "page_parse": {
    "scope": "page",
    "count": 7,
    "times": [
      0.09450361039489508,
      0.10428417474031448,
      0.10749154072254896,
      0.10074142832309008,
      0.09899532329291105,
      0.10238121449947357,
      0.09419447835534811
    ],
    "start_timestamps": [
      "2026-07-17 22:45:55.370409+00:00",
      "2026-07-17 22:45:55.464967+00:00",
      "2026-07-17 22:45:55.569299+00:00",
      "2026-07-17 22:45:55.676834+00:00",
      "2026-07-17 22:45:55.777623+00:00",
      "2026-07-17 22:45:55.876683+00:00",
      "2026-07-17 22:45:55.979113+00:00"
    ]
  },
  "ocr": {
    "scope": "page",
    "count": 7,
    "times": [
      0.21706753131002188,
      0.5693339025601745,
      1.2790880668908358,
      0.775560294277966,
      0.5125653194263577,
      0.6160205341875553,
      0.1260791076347232
    ],
    "start_timestamps": [
      "2026-07-17 22:45:55.465323+00:00",
      "2026-07-17 22:45:55.682452+00:00",
      "2026-07-17 22:45:56.251803+00:00",
      "2026-07-17 22:45:57.530999+00:00",
      "2026-07-17 22:45:58.306574+00:00",
      "2026-07-17 22:45:58.819156+00:00",
      "2026-07-17 22:45:59.435193+00:00"
    ]
  },
  "layout": {
    "scope": "page",
    "count": 3,
    "times": [
      0.21367851551622152,
      0.06274974718689919,
      0.06968049891293049
    ],
    "start_timestamps": [
      "2026-07-17 22:45:55.682524+00:00",
      "2026-07-17 22:45:57.531065+00:00",
      "2026-07-17 22:45:59.561424+00:00"
    ]
  },
  "table_structure": {
    "scope": "page",
    "count": 7,
    "times": [
      3.4685246646404266e-05,
      2.9284507036209106e-05,
      0.538663599640131,
      0.8621232528239489,
      1.1817655339837074,
      2.304278314113617e-05,
      1.391582190990448e-05
    ],
    "start_timestamps": [
      "2026-07-17 22:45:56.130201+00:00",
      "2026-07-17 22:45:57.668546+00:00",
      "2026-07-17 22:45:57.668580+00:00",
      "2026-07-17 22:45:59.803332+00:00",
      "2026-07-17 22:46:00.665471+00:00",
      "2026-07-17 22:46:01.847253+00:00",
      "2026-07-17 22:46:01.847279+00:00"
    ]
  },
  "page_assemble": {
    "scope": "page",
    "count": 7,
    "times": [
      0.00037955399602651596,
      0.00042392872273921967,
      0.0002578245475888252,
      0.00038153771311044693,
      0.00017419829964637756,
      0.0003305021673440933,
      0.00025165267288684845
    ],
    "start_timestamps": [
      "2026-07-17 22:45:56.130320+00:00",
      "2026-07-17 22:45:58.207422+00:00",
      "2026-07-17 22:45:58.207878+00:00",
      "2026-07-17 22:46:01.847639+00:00",
      "2026-07-17 22:46:01.848054+00:00",
      "2026-07-17 22:46:01.848249+00:00",
      "2026-07-17 22:46:01.848601+00:00"
    ]
  },
  "doc_assemble": {
    "scope": "document",
    "count": 1,
    "times": [
      0.026175566017627716
    ],
    "start_timestamps": [
      "2026-07-17 22:46:01.849019+00:00"
    ]
  },
  "reading_order": {
    "scope": "document",
    "count": 1,
    "times": [
      0.025697145611047745
    ],
    "start_timestamps": [
      "2026-07-17 22:46:01.849114+00:00"
    ]
  },
  "doc_enrich": {
    "scope": "document",
    "count": 1,
    "times": [
      0.9353089397773147
    ],
    "start_timestamps": [
      "2026-07-17 22:46:01.875217+00:00"
    ]
  }
}
Function parse_pdf took 14.5027 seconds to execute.
Running: get_tables
Function get_tables took 0.0001 seconds to execute.
Running: get_surrounding_paragraphs
Function get_surrounding_paragraphs took 0.0001 seconds to execute.
