Running: parse_pdf
Raw PDF conversion timings:
{
  "pipeline_total": {
    "scope": "document",
    "count": 1,
    "times": [
      89.55707771610469
    ],
    "start_timestamps": [
      "2026-07-17 21:02:48.810851+00:00"
    ]
  },
  "page_parse": {
    "scope": "page",
    "count": 5,
    "times": [
      0.07607799395918846,
      0.09922726731747389,
      0.11031955946236849,
      0.25351096875965595,
      0.0544809028506279
    ],
    "start_timestamps": [
      "2026-07-17 21:02:48.814554+00:00",
      "2026-07-17 21:02:48.890670+00:00",
      "2026-07-17 21:02:48.989936+00:00",
      "2026-07-17 21:02:49.100303+00:00",
      "2026-07-17 21:02:49.353856+00:00"
    ]
  },
  "ocr": {
    "scope": "page",
    "count": 5,
    "times": [
      1.3285694438964128,
      0.1265414571389556,
      0.12074880581349134,
      0.12418426014482975,
      0.11956540867686272
    ],
    "start_timestamps": [
      "2026-07-17 21:02:48.890736+00:00",
      "2026-07-17 21:02:50.219380+00:00",
      "2026-07-17 21:02:50.345940+00:00",
      "2026-07-17 21:02:50.466702+00:00",
      "2026-07-17 21:02:50.590899+00:00"
    ]
  },
  "layout": {
    "scope": "page",
    "count": 2,
    "times": [
      0.07416883111000061,
      0.07314425427466631
    ],
    "start_timestamps": [
      "2026-07-17 21:02:50.219468+00:00",
      "2026-07-17 21:02:50.710601+00:00"
    ]
  },
  "table_structure": {
    "scope": "page",
    "count": 5,
    "times": [
      6.123539060354233e-05,
      6.327871233224869e-05,
      1.9035302102565765e-05,
      0.3194766342639923,
      2.060830593109131e-05
    ],
    "start_timestamps": [
      "2026-07-17 21:02:50.329366+00:00",
      "2026-07-17 21:02:51.001490+00:00",
      "2026-07-17 21:02:51.001562+00:00",
      "2026-07-17 21:02:51.001588+00:00",
      "2026-07-17 21:02:51.321082+00:00"
    ]
  },
  "page_assemble": {
    "scope": "page",
    "count": 5,
    "times": [
      0.0014539556577801704,
      0.0006116814911365509,
      0.00032711494714021683,
      0.011839930899441242,
      0.005910001695156097
    ],
    "start_timestamps": [
      "2026-07-17 21:02:50.329526+00:00",
      "2026-07-17 21:02:51.321409+00:00",
      "2026-07-17 21:02:51.322057+00:00",
      "2026-07-17 21:02:51.322420+00:00",
      "2026-07-17 21:02:51.334292+00:00"
    ]
  },
  "doc_assemble": {
    "scope": "document",
    "count": 1,
    "times": [
      0.027433345094323158
    ],
    "start_timestamps": [
      "2026-07-17 21:02:51.340374+00:00"
    ]
  },
  "reading_order": {
    "scope": "document",
    "count": 1,
    "times": [
      0.026987655088305473
    ],
    "start_timestamps": [
      "2026-07-17 21:02:51.340473+00:00"
    ]
  },
  "doc_enrich": {
    "scope": "document",
    "count": 1,
    "times": [
      87.00006912648678
    ],
    "start_timestamps": [
      "2026-07-17 21:02:51.367830+00:00"
    ]
  }
}
All hyperlinked elements redacted in-memory.
RapidOCR returned empty result!
Clean PDF conversion timings:
{
  "pipeline_total": {
    "scope": "document",
    "count": 1,
    "times": [
      88.62369904853404
    ],
    "start_timestamps": [
      "2026-07-17 21:04:18.852414+00:00"
    ]
  },
  "page_parse": {
    "scope": "page",
    "count": 5,
    "times": [
      0.0762211037799716,
      0.09727014321833849,
      0.10815584752708673,
      0.08789140544831753,
      0.041955841705203056
    ],
    "start_timestamps": [
      "2026-07-17 21:04:18.856194+00:00",
      "2026-07-17 21:04:18.932458+00:00",
      "2026-07-17 21:04:19.029768+00:00",
      "2026-07-17 21:04:19.137971+00:00",
      "2026-07-17 21:04:19.225911+00:00"
    ]
  },
  "ocr": {
    "scope": "page",
    "count": 5,
    "times": [
      1.226380673237145,
      0.12676613964140415,
      0.12167334649711847,
      0.12372914422303438,
      0.11888416763395071
    ],
    "start_timestamps": [
      "2026-07-17 21:04:18.932798+00:00",
      "2026-07-17 21:04:20.159246+00:00",
      "2026-07-17 21:04:20.286022+00:00",
      "2026-07-17 21:04:20.407714+00:00",
      "2026-07-17 21:04:20.531455+00:00"
    ]
  },
  "layout": {
    "scope": "page",
    "count": 2,
    "times": [
      0.07577102724462748,
      0.06970361713320017
    ],
    "start_timestamps": [
      "2026-07-17 21:04:20.159389+00:00",
      "2026-07-17 21:04:20.650503+00:00"
    ]
  },
  "table_structure": {
    "scope": "page",
    "count": 5,
    "times": [
      1.6600824892520905e-05,
      5.3579919040203094e-05,
      8.965842425823212e-06,
      0.30976228322833776,
      0.426632110029459
    ],
    "start_timestamps": [
      "2026-07-17 21:04:20.264752+00:00",
      "2026-07-17 21:04:20.927393+00:00",
      "2026-07-17 21:04:20.927453+00:00",
      "2026-07-17 21:04:20.927466+00:00",
      "2026-07-17 21:04:21.237246+00:00"
    ]
  },
  "page_assemble": {
    "scope": "page",
    "count": 5,
    "times": [
      0.00039863958954811096,
      0.0006041564047336578,
      0.00028590764850378036,
      0.0004217633977532387,
      5.126744508743286e-05
    ],
    "start_timestamps": [
      "2026-07-17 21:04:20.264849+00:00",
      "2026-07-17 21:04:21.664063+00:00",
      "2026-07-17 21:04:21.664700+00:00",
      "2026-07-17 21:04:21.665007+00:00",
      "2026-07-17 21:04:21.665450+00:00"
    ]
  },
  "doc_assemble": {
    "scope": "document",
    "count": 1,
    "times": [
      0.03785324189811945
    ],
    "start_timestamps": [
      "2026-07-17 21:04:21.665749+00:00"
    ]
  },
  "reading_order": {
    "scope": "document",
    "count": 1,
    "times": [
      0.037402124144136906
    ],
    "start_timestamps": [
      "2026-07-17 21:04:21.665820+00:00"
    ]
  },
  "doc_enrich": {
    "scope": "document",
    "count": 1,
    "times": [
      85.7724295668304
    ],
    "start_timestamps": [
      "2026-07-17 21:04:21.703633+00:00"
    ]
  }
}
Function parse_pdf took 178.7771 seconds to execute.
Running: get_tables
Function get_tables took 0.0001 seconds to execute.
Running: get_surrounding_paragraphs
Function get_surrounding_paragraphs took 0.0001 seconds to execute.
