Running: parse_pdf
RapidOCR returned empty result!
RapidOCR returned empty result!
RapidOCR returned empty result!
RapidOCR returned empty result!
Raw PDF conversion timings:
{
  "pipeline_total": {
    "scope": "document",
    "count": 1,
    "times": [
      11.268503644503653
    ],
    "start_timestamps": [
      "2026-07-23 16:18:21.423290+00:00"
    ]
  },
  "page_parse": {
    "scope": "page",
    "count": 12,
    "times": [
      0.14448121469467878,
      0.07621623761951923,
      0.08505094889551401,
      0.09147587697952986,
      0.1747571174055338,
      0.13736015558242798,
      0.17367117386311293,
      0.15656167175620794,
      0.10734057612717152,
      0.2512296764180064,
      0.10011478047817945,
      0.12333235237747431
    ],
    "start_timestamps": [
      "2026-07-23 16:18:21.425957+00:00",
      "2026-07-23 16:18:21.570483+00:00",
      "2026-07-23 16:18:21.646733+00:00",
      "2026-07-23 16:18:21.731821+00:00",
      "2026-07-23 16:18:21.823341+00:00",
      "2026-07-23 16:18:21.998165+00:00",
      "2026-07-23 16:18:22.135567+00:00",
      "2026-07-23 16:18:22.309279+00:00",
      "2026-07-23 16:18:22.465890+00:00",
      "2026-07-23 16:18:22.573278+00:00",
      "2026-07-23 16:18:22.824568+00:00",
      "2026-07-23 16:18:22.924724+00:00"
    ]
  },
  "ocr": {
    "scope": "page",
    "count": 12,
    "times": [
      2.2481885058805346,
      0.12982595060020685,
      0.11780264973640442,
      0.1136796222999692,
      1.2432791590690613,
      0.551865067332983,
      1.0533105116337538,
      1.258985448628664,
      0.11941426247358322,
      0.6739862719550729,
      0.12006537709385157,
      0.1163476724177599
    ],
    "start_timestamps": [
      "2026-07-23 16:18:21.570784+00:00",
      "2026-07-23 16:18:23.819038+00:00",
      "2026-07-23 16:18:23.948872+00:00",
      "2026-07-23 16:18:24.066684+00:00",
      "2026-07-23 16:18:24.180373+00:00",
      "2026-07-23 16:18:25.423667+00:00",
      "2026-07-23 16:18:25.975548+00:00",
      "2026-07-23 16:18:27.028873+00:00",
      "2026-07-23 16:18:28.287874+00:00",
      "2026-07-23 16:18:28.407298+00:00",
      "2026-07-23 16:18:29.081302+00:00",
      "2026-07-23 16:18:29.201376+00:00"
    ]
  },
  "layout": {
    "scope": "page",
    "count": 2,
    "times": [
      0.06394736468791962,
      0.1214396134018898
    ],
    "start_timestamps": [
      "2026-07-23 16:18:23.819120+00:00",
      "2026-07-23 16:18:29.317917+00:00"
    ]
  },
  "table_structure": {
    "scope": "page",
    "count": 12,
    "times": [
      1.7352402210235596e-05,
      2.842303365468979e-05,
      2.0959414541721344e-05,
      0.30268967617303133,
      2.024788409471512e-05,
      1.216307282447815e-05,
      9.026378393173218e-06,
      7.073394954204559e-06,
      0.7194005576893687,
      0.25697819143533707,
      0.3502557398751378,
      3.126915544271469e-05
    ],
    "start_timestamps": [
      "2026-07-23 16:18:23.889316+00:00",
      "2026-07-23 16:18:29.644364+00:00",
      "2026-07-23 16:18:29.644398+00:00",
      "2026-07-23 16:18:29.644423+00:00",
      "2026-07-23 16:18:29.947129+00:00",
      "2026-07-23 16:18:29.947234+00:00",
      "2026-07-23 16:18:29.947250+00:00",
      "2026-07-23 16:18:29.947263+00:00",
      "2026-07-23 16:18:29.947273+00:00",
      "2026-07-23 16:18:30.666790+00:00",
      "2026-07-23 16:18:30.923783+00:00",
      "2026-07-23 16:18:31.274053+00:00"
    ]
  },
  "page_assemble": {
    "scope": "page",
    "count": 12,
    "times": [
      0.0005768761038780212,
      0.0003536958247423172,
      0.00030395202338695526,
      0.00024085305631160736,
      4.70280647277832e-05,
      0.00016783550381660461,
      0.000174839049577713,
      0.00010279286652803421,
      0.00022819917649030685,
      0.0003554588183760643,
      0.00022849999368190765,
      0.00027632899582386017
    ],
    "start_timestamps": [
      "2026-07-23 16:18:23.889439+00:00",
      "2026-07-23 16:18:29.948311+00:00",
      "2026-07-23 16:18:29.948890+00:00",
      "2026-07-23 16:18:29.949216+00:00",
      "2026-07-23 16:18:29.949478+00:00",
      "2026-07-23 16:18:30.666864+00:00",
      "2026-07-23 16:18:30.667067+00:00",
      "2026-07-23 16:18:30.667265+00:00",
      "2026-07-23 16:18:30.667395+00:00",
      "2026-07-23 16:18:31.274325+00:00",
      "2026-07-23 16:18:31.274719+00:00",
      "2026-07-23 16:18:31.274967+00:00"
    ]
  },
  "doc_assemble": {
    "scope": "document",
    "count": 1,
    "times": [
      0.037448025308549404
    ],
    "start_timestamps": [
      "2026-07-23 16:18:31.275472+00:00"
    ]
  },
  "reading_order": {
    "scope": "document",
    "count": 1,
    "times": [
      0.03694408852607012
    ],
    "start_timestamps": [
      "2026-07-23 16:18:31.275569+00:00"
    ]
  },
  "doc_enrich": {
    "scope": "document",
    "count": 1,
    "times": [
      1.3788322359323502
    ],
    "start_timestamps": [
      "2026-07-23 16:18:31.312945+00:00"
    ]
  }
}
All hyperlinked elements redacted in-memory.
RapidOCR returned empty result!
RapidOCR returned empty result!
Clean PDF conversion timings:
{
  "pipeline_total": {
    "scope": "document",
    "count": 1,
    "times": [
      11.191839549690485
    ],
    "start_timestamps": [
      "2026-07-23 16:18:32.773691+00:00"
    ]
  },
  "page_parse": {
    "scope": "page",
    "count": 12,
    "times": [
      0.1401942614465952,
      0.07695561461150646,
      0.08726641349494457,
      0.09413810074329376,
      0.1918848417699337,
      0.15470810793340206,
      0.12999378982931376,
      0.15672466158866882,
      0.15443845000118017,
      0.2503493558615446,
      0.09638054016977549,
      0.09437967464327812
    ],
    "start_timestamps": [
      "2026-07-23 16:18:32.776709+00:00",
      "2026-07-23 16:18:32.916950+00:00",
      "2026-07-23 16:18:32.993942+00:00",
      "2026-07-23 16:18:33.081251+00:00",
      "2026-07-23 16:18:33.175445+00:00",
      "2026-07-23 16:18:33.367379+00:00",
      "2026-07-23 16:18:33.522128+00:00",
      "2026-07-23 16:18:33.652173+00:00",
      "2026-07-23 16:18:33.808945+00:00",
      "2026-07-23 16:18:33.963447+00:00",
      "2026-07-23 16:18:34.213840+00:00",
      "2026-07-23 16:18:34.310269+00:00"
    ]
  },
  "ocr": {
    "scope": "page",
    "count": 12,
    "times": [
      2.2580958139151335,
      0.12584260012954473,
      0.11726193688809872,
      0.11181599088013172,
      1.2498351763933897,
      0.5501116774976254,
      0.9512436166405678,
      1.2518642423674464,
      0.1187892584130168,
      0.6759495688602328,
      0.11661403719335794,
      0.12084938585758209
    ],
    "start_timestamps": [
      "2026-07-23 16:18:32.917299+00:00",
      "2026-07-23 16:18:35.185624+00:00",
      "2026-07-23 16:18:35.311475+00:00",
      "2026-07-23 16:18:35.428747+00:00",
      "2026-07-23 16:18:35.540572+00:00",
      "2026-07-23 16:18:36.790423+00:00",
      "2026-07-23 16:18:37.340550+00:00",
      "2026-07-23 16:18:38.291817+00:00",
      "2026-07-23 16:18:39.543702+00:00",
      "2026-07-23 16:18:39.662500+00:00",
      "2026-07-23 16:18:40.338466+00:00",
      "2026-07-23 16:18:40.455089+00:00"
    ]
  },
  "layout": {
    "scope": "page",
    "count": 2,
    "times": [
      0.05856228806078434,
      0.12098661344498396
    ],
    "start_timestamps": [
      "2026-07-23 16:18:35.185698+00:00",
      "2026-07-23 16:18:40.576159+00:00"
    ]
  },
  "table_structure": {
    "scope": "page",
    "count": 12,
    "times": [
      1.867581158876419e-05,
      2.887379378080368e-05,
      1.0048970580101013e-05,
      0.3031001118943095,
      2.0048581063747406e-05,
      1.126062124967575e-05,
      9.08784568309784e-06,
      7.694587111473083e-06,
      0.724707592278719,
      0.2587068397551775,
      0.3514537839218974,
      4.0096230804920197e-05
    ],
    "start_timestamps": [
      "2026-07-23 16:18:35.248909+00:00",
      "2026-07-23 16:18:40.905060+00:00",
      "2026-07-23 16:18:40.905094+00:00",
      "2026-07-23 16:18:40.905109+00:00",
      "2026-07-23 16:18:41.208227+00:00",
      "2026-07-23 16:18:41.208337+00:00",
      "2026-07-23 16:18:41.208352+00:00",
      "2026-07-23 16:18:41.208365+00:00",
      "2026-07-23 16:18:41.208376+00:00",
      "2026-07-23 16:18:41.933193+00:00",
      "2026-07-23 16:18:42.191914+00:00",
      "2026-07-23 16:18:42.543382+00:00"
    ]
  },
  "page_assemble": {
    "scope": "page",
    "count": 12,
    "times": [
      0.00014766771346330643,
      0.00032568350434303284,
      0.0005075745284557343,
      0.00023072399199008942,
      4.413258284330368e-05,
      0.0001369072124361992,
      0.00013721827417612076,
      0.00010765343904495239,
      0.00016587227582931519,
      0.0003053257241845131,
      0.00023951102048158646,
      0.0002779737114906311
    ],
    "start_timestamps": [
      "2026-07-23 16:18:35.248980+00:00",
      "2026-07-23 16:18:41.209358+00:00",
      "2026-07-23 16:18:41.209719+00:00",
      "2026-07-23 16:18:41.210249+00:00",
      "2026-07-23 16:18:41.210501+00:00",
      "2026-07-23 16:18:41.934041+00:00",
      "2026-07-23 16:18:41.934206+00:00",
      "2026-07-23 16:18:41.934362+00:00",
      "2026-07-23 16:18:41.934490+00:00",
      "2026-07-23 16:18:42.543672+00:00",
      "2026-07-23 16:18:42.544014+00:00",
      "2026-07-23 16:18:42.544273+00:00"
    ]
  },
  "doc_assemble": {
    "scope": "document",
    "count": 1,
    "times": [
      0.03736206330358982
    ],
    "start_timestamps": [
      "2026-07-23 16:18:42.544739+00:00"
    ]
  },
  "reading_order": {
    "scope": "document",
    "count": 1,
    "times": [
      0.03685001842677593
    ],
    "start_timestamps": [
      "2026-07-23 16:18:42.544838+00:00"
    ]
  },
  "doc_enrich": {
    "scope": "document",
    "count": 1,
    "times": [
      1.3833882324397564
    ],
    "start_timestamps": [
      "2026-07-23 16:18:42.582127+00:00"
    ]
  }
}
Function parse_pdf took 22.7504 seconds to execute.
Running: get_tables
Function get_tables took 0.0001 seconds to execute.
Running: get_surrounding_paragraphs
Function get_surrounding_paragraphs took 0.0001 seconds to execute.
