Running: parse_pdf
RapidOCR returned empty result!
Raw PDF conversion timings:
{
  "pipeline_total": {
    "scope": "document",
    "count": 1,
    "times": [
      8.383964637294412
    ],
    "start_timestamps": [
      "2026-07-17 19:59:51.378512+00:00"
    ]
  },
  "page_parse": {
    "scope": "page",
    "count": 8,
    "times": [
      0.12001867219805717,
      0.12198168784379959,
      0.13907120656222105,
      0.14415130577981472,
      0.12742945924401283,
      0.17219555005431175,
      0.22478599473834038,
      0.13246450293809175
    ],
    "start_timestamps": [
      "2026-07-17 19:59:51.384579+00:00",
      "2026-07-17 19:59:51.504642+00:00",
      "2026-07-17 19:59:51.626666+00:00",
      "2026-07-17 19:59:51.765789+00:00",
      "2026-07-17 19:59:51.909982+00:00",
      "2026-07-17 19:59:52.037456+00:00",
      "2026-07-17 19:59:52.209715+00:00",
      "2026-07-17 19:59:52.434546+00:00"
    ]
  },
  "ocr": {
    "scope": "page",
    "count": 8,
    "times": [
      0.9347154814749956,
      0.5912980930879712,
      0.13379185181111097,
      0.8904111590236425,
      0.5675074532628059,
      0.7804749486967921,
      0.5513106537982821,
      0.3450774410739541
    ],
    "start_timestamps": [
      "2026-07-17 19:59:51.504964+00:00",
      "2026-07-17 19:59:52.439725+00:00",
      "2026-07-17 19:59:53.031040+00:00",
      "2026-07-17 19:59:53.164846+00:00",
      "2026-07-17 19:59:54.055274+00:00",
      "2026-07-17 19:59:54.622798+00:00",
      "2026-07-17 19:59:55.403290+00:00",
      "2026-07-17 19:59:55.954695+00:00"
    ]
  },
  "layout": {
    "scope": "page",
    "count": 3,
    "times": [
      0.16715474519878626,
      0.0845918357372284,
      0.02802138216793537
    ],
    "start_timestamps": [
      "2026-07-17 19:59:52.439818+00:00",
      "2026-07-17 19:59:55.954780+00:00",
      "2026-07-17 19:59:56.299884+00:00"
    ]
  },
  "table_structure": {
    "scope": "page",
    "count": 8,
    "times": [
      3.086775541305542e-05,
      4.488509148359299e-05,
      0.44946854654699564,
      0.2597758397459984,
      2.164021134376526e-05,
      0.3217836767435074,
      0.19835112988948822,
      4.193931818008423e-05
    ],
    "start_timestamps": [
      "2026-07-17 19:59:52.667458+00:00",
      "2026-07-17 19:59:56.295751+00:00",
      "2026-07-17 19:59:56.295801+00:00",
      "2026-07-17 19:59:56.745290+00:00",
      "2026-07-17 19:59:57.005082+00:00",
      "2026-07-17 19:59:57.005231+00:00",
      "2026-07-17 19:59:57.327033+00:00",
      "2026-07-17 19:59:57.525397+00:00"
    ]
  },
  "page_assemble": {
    "scope": "page",
    "count": 8,
    "times": [
      0.0005800817161798477,
      0.0004573315382003784,
      0.00044798292219638824,
      0.00021623726934194565,
      0.0003749653697013855,
      0.0003178780898451805,
      0.00037582777440547943,
      0.0005421005189418793
    ],
    "start_timestamps": [
      "2026-07-17 19:59:52.667547+00:00",
      "2026-07-17 19:59:57.006055+00:00",
      "2026-07-17 19:59:57.006552+00:00",
      "2026-07-17 19:59:57.007021+00:00",
      "2026-07-17 19:59:57.007258+00:00",
      "2026-07-17 19:59:57.525579+00:00",
      "2026-07-17 19:59:57.525932+00:00",
      "2026-07-17 19:59:57.526328+00:00"
    ]
  },
  "doc_assemble": {
    "scope": "document",
    "count": 1,
    "times": [
      0.030825547873973846
    ],
    "start_timestamps": [
      "2026-07-17 19:59:57.527124+00:00"
    ]
  },
  "reading_order": {
    "scope": "document",
    "count": 1,
    "times": [
      0.030286814086139202
    ],
    "start_timestamps": [
      "2026-07-17 19:59:57.527227+00:00"
    ]
  },
  "doc_enrich": {
    "scope": "document",
    "count": 1,
    "times": [
      2.204472870565951
    ],
    "start_timestamps": [
      "2026-07-17 19:59:57.557977+00:00"
    ]
  }
}
All hyperlinked elements redacted in-memory.
--- Logging error ---
Traceback (most recent call last):
  File "/mnt/iusers01/fatpou01/chem02/b07755hv/.local/lib/python3.12/site-packages/rapidocr/main.py", line 130, in run_ocr_steps
    cropped_img_list, det_res = self.detect_and_crop(img, op_record)
                                ^^^^^^^^^^^^^^^^^^^^^^^^^^^^^^^^^^^^
  File "/mnt/iusers01/fatpou01/chem02/b07755hv/.local/lib/python3.12/site-packages/rapidocr/main.py", line 298, in detect_and_crop
    raise RapidOCRError("The text detection result is empty")
rapidocr.main.RapidOCRError: The text detection result is empty

During handling of the above exception, another exception occurred:

Traceback (most recent call last):
  File "/mnt/iusers01/fatpou01/chem02/b07755hv/.conda/envs/env/lib/python3.12/logging/__init__.py", line 1163, in emit
    stream.write(msg + self.terminator)
  File "/mnt/iusers01/fatpou01/chem02/b07755hv/ChemistryExtract/src/chemstractor/lib/extractor.py", line 298, in write
    self.file.write(data)
ValueError: I/O operation on closed file.
Call stack:
  File "/mnt/iusers01/fatpou01/chem02/b07755hv/.conda/envs/env/lib/python3.12/threading.py", line 1030, in _bootstrap
    self._bootstrap_inner()
  File "/mnt/iusers01/fatpou01/chem02/b07755hv/.conda/envs/env/lib/python3.12/threading.py", line 1073, in _bootstrap_inner
    self.run()
  File "/mnt/iusers01/fatpou01/chem02/b07755hv/.conda/envs/env/lib/python3.12/threading.py", line 1010, in run
    self._target(*self._args, **self._kwargs)
  File "/mnt/iusers01/fatpou01/chem02/b07755hv/.local/lib/python3.12/site-packages/docling/pipeline/standard_pdf_pipeline.py", line 279, in _run
    processed = self._process_batch(batch)
  File "/mnt/iusers01/fatpou01/chem02/b07755hv/.local/lib/python3.12/site-packages/docling/pipeline/standard_pdf_pipeline.py", line 344, in _process_batch
    processed_pages = list(self.model(good[0].conv_res, pages))  # type: ignore[arg-type]
  File "/mnt/iusers01/fatpou01/chem02/b07755hv/.local/lib/python3.12/site-packages/docling/models/stages/ocr/rapid_ocr_model.py", line 491, in __call__
    result = self.reader(
  File "/mnt/iusers01/fatpou01/chem02/b07755hv/.local/lib/python3.12/site-packages/rapidocr/main.py", line 120, in __call__
    det_res, cls_res, rec_res, cropped_img_list = self.run_ocr_steps(img, op_record)
  File "/mnt/iusers01/fatpou01/chem02/b07755hv/.local/lib/python3.12/site-packages/rapidocr/main.py", line 132, in run_ocr_steps
    logger.warning(e)
Message: RapidOCRError('The text detection result is empty')
Arguments: ()
RapidOCR returned empty result!
Clean PDF conversion timings:
{
  "pipeline_total": {
    "scope": "document",
    "count": 1,
    "times": [
      8.96446783002466
    ],
    "start_timestamps": [
      "2026-07-17 19:59:59.947445+00:00"
    ]
  },
  "page_parse": {
    "scope": "page",
    "count": 8,
    "times": [
      0.11943661700934172,
      0.12086720019578934,
      0.11834066547453403,
      0.1624798569828272,
      0.12513165455311537,
      0.1658748248592019,
      0.48791923373937607,
      0.12720147985965014
    ],
    "start_timestamps": [
      "2026-07-17 19:59:59.953224+00:00",
      "2026-07-17 20:00:00.072711+00:00",
      "2026-07-17 20:00:00.193620+00:00",
      "2026-07-17 20:00:00.312009+00:00",
      "2026-07-17 20:00:00.474531+00:00",
      "2026-07-17 20:00:00.599706+00:00",
      "2026-07-17 20:00:00.765627+00:00",
      "2026-07-17 20:00:01.253588+00:00"
    ]
  },
  "ocr": {
    "scope": "page",
    "count": 8,
    "times": [
      1.308154814876616,
      0.543225078843534,
      0.13777504675090313,
      0.9048039428889751,
      0.5555626256391406,
      0.7844460718333721,
      0.5272139590233564,
      0.1427553091198206
    ],
    "start_timestamps": [
      "2026-07-17 20:00:00.073109+00:00",
      "2026-07-17 20:00:01.381317+00:00",
      "2026-07-17 20:00:01.924560+00:00",
      "2026-07-17 20:00:02.062347+00:00",
      "2026-07-17 20:00:02.967168+00:00",
      "2026-07-17 20:00:03.522749+00:00",
      "2026-07-17 20:00:04.307214+00:00",
      "2026-07-17 20:00:04.834445+00:00"
    ]
  },
  "layout": {
    "scope": "page",
    "count": 2,
    "times": [
      0.05531156621873379,
      0.09119843877851963
    ],
    "start_timestamps": [
      "2026-07-17 20:00:01.381553+00:00",
      "2026-07-17 20:00:04.977512+00:00"
    ]
  },
  "table_structure": {
    "scope": "page",
    "count": 8,
    "times": [
      3.304146230220795e-05,
      6.457138806581497e-05,
      0.34054478257894516,
      0.262632105499506,
      2.182088792324066e-05,
      0.3217614786699414,
      0.2004340486600995,
      3.06079164147377e-05
    ],
    "start_timestamps": [
      "2026-07-17 20:00:01.491989+00:00",
      "2026-07-17 20:00:05.488611+00:00",
      "2026-07-17 20:00:05.488686+00:00",
      "2026-07-17 20:00:05.829248+00:00",
      "2026-07-17 20:00:06.091895+00:00",
      "2026-07-17 20:00:06.092043+00:00",
      "2026-07-17 20:00:06.413824+00:00",
      "2026-07-17 20:00:06.614274+00:00"
    ]
  },
  "page_assemble": {
    "scope": "page",
    "count": 8,
    "times": [
      0.0004725884646177292,
      0.00048023369163274765,
      0.00045408494770526886,
      0.00023461133241653442,
      0.0003570718690752983,
      0.0005269506946206093,
      0.0005094679072499275,
      0.0005401670932769775
    ],
    "start_timestamps": [
      "2026-07-17 20:00:01.492086+00:00",
      "2026-07-17 20:00:06.093265+00:00",
      "2026-07-17 20:00:06.093782+00:00",
      "2026-07-17 20:00:06.094259+00:00",
      "2026-07-17 20:00:06.094516+00:00",
      "2026-07-17 20:00:06.614501+00:00",
      "2026-07-17 20:00:06.615083+00:00",
      "2026-07-17 20:00:06.615617+00:00"
    ]
  },
  "doc_assemble": {
    "scope": "document",
    "count": 1,
    "times": [
      0.02994269784539938
    ],
    "start_timestamps": [
      "2026-07-17 20:00:06.616397+00:00"
    ]
  },
  "reading_order": {
    "scope": "document",
    "count": 1,
    "times": [
      0.02942393161356449
    ],
    "start_timestamps": [
      "2026-07-17 20:00:06.616528+00:00"
    ]
  },
  "doc_enrich": {
    "scope": "document",
    "count": 1,
    "times": [
      2.2655255487188697
    ],
    "start_timestamps": [
      "2026-07-17 20:00:06.646364+00:00"
    ]
  }
}
Function parse_pdf took 17.8558 seconds to execute.
Running: get_tables
Function get_tables took 0.0001 seconds to execute.
Running: get_surrounding_paragraphs
Function get_surrounding_paragraphs took 0.0001 seconds to execute.
