Running: parse_pdf
Raw PDF conversion timings:
{
  "pipeline_total": {
    "scope": "document",
    "count": 1,
    "times": [
      2.5773381553590298
    ],
    "start_timestamps": [
      "2026-07-23 16:23:20.673486+00:00"
    ]
  },
  "page_parse": {
    "scope": "page",
    "count": 4,
    "times": [
      0.08214995078742504,
      0.11548926122486591,
      0.09710016939789057,
      0.09780721087008715
    ],
    "start_timestamps": [
      "2026-07-23 16:23:20.677758+00:00",
      "2026-07-23 16:23:20.759949+00:00",
      "2026-07-23 16:23:20.875478+00:00",
      "2026-07-23 16:23:20.972618+00:00"
    ]
  },
  "ocr": {
    "scope": "page",
    "count": 4,
    "times": [
      0.2138492614030838,
      0.5419191652908921,
      0.12063819821923971,
      0.1242596935480833
    ],
    "start_timestamps": [
      "2026-07-23 16:23:20.760208+00:00",
      "2026-07-23 16:23:20.974089+00:00",
      "2026-07-23 16:23:21.516026+00:00",
      "2026-07-23 16:23:21.636704+00:00"
    ]
  },
  "layout": {
    "scope": "page",
    "count": 3,
    "times": [
      0.13498444203287363,
      0.05593462474644184,
      0.026265940628945827
    ],
    "start_timestamps": [
      "2026-07-23 16:23:20.974213+00:00",
      "2026-07-23 16:23:21.636768+00:00",
      "2026-07-23 16:23:21.761071+00:00"
    ]
  },
  "table_structure": {
    "scope": "page",
    "count": 4,
    "times": [
      2.0868144929409027e-05,
      2.3946166038513184e-05,
      8.415430784225464e-06,
      0.30045961402356625
    ],
    "start_timestamps": [
      "2026-07-23 16:23:21.137972+00:00",
      "2026-07-23 16:23:21.723811+00:00",
      "2026-07-23 16:23:21.723839+00:00",
      "2026-07-23 16:23:21.871656+00:00"
    ]
  },
  "page_assemble": {
    "scope": "page",
    "count": 4,
    "times": [
      0.0007543088868260384,
      0.0003715595230460167,
      0.0002653691917657852,
      0.0005062436684966087
    ],
    "start_timestamps": [
      "2026-07-23 16:23:21.138046+00:00",
      "2026-07-23 16:23:21.723896+00:00",
      "2026-07-23 16:23:21.724303+00:00",
      "2026-07-23 16:23:22.172311+00:00"
    ]
  },
  "doc_assemble": {
    "scope": "document",
    "count": 1,
    "times": [
      0.031000149436295033
    ],
    "start_timestamps": [
      "2026-07-23 16:23:22.172990+00:00"
    ]
  },
  "reading_order": {
    "scope": "document",
    "count": 1,
    "times": [
      0.030591290444135666
    ],
    "start_timestamps": [
      "2026-07-23 16:23:22.173038+00:00"
    ]
  },
  "doc_enrich": {
    "scope": "document",
    "count": 1,
    "times": [
      1.0467924866825342
    ],
    "start_timestamps": [
      "2026-07-23 16:23:22.204014+00:00"
    ]
  }
}
All hyperlinked elements redacted in-memory.
Clean PDF conversion timings:
{
  "pipeline_total": {
    "scope": "document",
    "count": 1,
    "times": [
      2.571130425669253
    ],
    "start_timestamps": [
      "2026-07-23 16:23:23.373233+00:00"
    ]
  },
  "page_parse": {
    "scope": "page",
    "count": 4,
    "times": [
      0.07854375522583723,
      0.11599586438387632,
      0.09623239748179913,
      0.09928478021174669
    ],
    "start_timestamps": [
      "2026-07-23 16:23:23.376724+00:00",
      "2026-07-23 16:23:23.455306+00:00",
      "2026-07-23 16:23:23.571343+00:00",
      "2026-07-23 16:23:23.667618+00:00"
    ]
  },
  "ocr": {
    "scope": "page",
    "count": 4,
    "times": [
      0.21348172053694725,
      0.5387727757915854,
      0.12071867007762194,
      0.12353385705500841
    ],
    "start_timestamps": [
      "2026-07-23 16:23:23.455531+00:00",
      "2026-07-23 16:23:23.669045+00:00",
      "2026-07-23 16:23:24.207834+00:00",
      "2026-07-23 16:23:24.328596+00:00"
    ]
  },
  "layout": {
    "scope": "page",
    "count": 3,
    "times": [
      0.1366708343848586,
      0.056501721031963825,
      0.026559974066913128
    ],
    "start_timestamps": [
      "2026-07-23 16:23:23.669152+00:00",
      "2026-07-23 16:23:24.328657+00:00",
      "2026-07-23 16:23:24.452239+00:00"
    ]
  },
  "table_structure": {
    "scope": "page",
    "count": 4,
    "times": [
      2.2302381694316864e-05,
      2.40253284573555e-05,
      7.80448317527771e-06,
      0.29939485993236303
    ],
    "start_timestamps": [
      "2026-07-23 16:23:23.835575+00:00",
      "2026-07-23 16:23:24.418922+00:00",
      "2026-07-23 16:23:24.418949+00:00",
      "2026-07-23 16:23:24.567645+00:00"
    ]
  },
  "page_assemble": {
    "scope": "page",
    "count": 4,
    "times": [
      0.0003588655963540077,
      0.0003150729462504387,
      0.00027620047330856323,
      0.0005249474197626114
    ],
    "start_timestamps": [
      "2026-07-23 16:23:23.835684+00:00",
      "2026-07-23 16:23:24.418996+00:00",
      "2026-07-23 16:23:24.419339+00:00",
      "2026-07-23 16:23:24.867231+00:00"
    ]
  },
  "doc_assemble": {
    "scope": "document",
    "count": 1,
    "times": [
      0.0321907689794898
    ],
    "start_timestamps": [
      "2026-07-23 16:23:24.867938+00:00"
    ]
  },
  "reading_order": {
    "scope": "document",
    "count": 1,
    "times": [
      0.03180777747184038
    ],
    "start_timestamps": [
      "2026-07-23 16:23:24.867981+00:00"
    ]
  },
  "doc_enrich": {
    "scope": "document",
    "count": 1,
    "times": [
      1.0441975239664316
    ],
    "start_timestamps": [
      "2026-07-23 16:23:24.900152+00:00"
    ]
  }
}
Function parse_pdf took 5.3388 seconds to execute.
Running: get_tables
Function get_tables took 0.0000 seconds to execute.
Running: get_surrounding_paragraphs
Function get_surrounding_paragraphs took 0.0001 seconds to execute.
