Running: parse_pdf
Raw PDF conversion timings:
{
  "pipeline_total": {
    "scope": "document",
    "count": 1,
    "times": [
      138.00421555992216
    ],
    "start_timestamps": [
      "2026-07-23 15:31:15.570838+00:00"
    ]
  },
  "page_parse": {
    "scope": "page",
    "count": 23,
    "times": [
      0.12587970308959484,
      0.42142421193420887,
      0.5008965702727437,
      0.31631398759782314,
      0.5383543176576495,
      0.35982841067016125,
      0.2794564785435796,
      0.3088832562789321,
      0.3661272097378969,
      0.263674795627594,
      0.30232403334230185,
      0.24698145780712366,
      0.31196878105401993,
      0.25834658090025187,
      0.25539686996489763,
      0.302515204064548,
      0.3236988615244627,
      0.35198666620999575,
      0.3630755990743637,
      0.472937255166471,
      0.23625603690743446,
      0.5317243728786707,
      0.26770838536322117
    ],
    "start_timestamps": [
      "2026-07-23 15:31:15.572658+00:00",
      "2026-07-23 15:31:15.698577+00:00",
      "2026-07-23 15:31:16.120038+00:00",
      "2026-07-23 15:31:16.620984+00:00",
      "2026-07-23 15:31:16.937350+00:00",
      "2026-07-23 15:31:17.475759+00:00",
      "2026-07-23 15:31:17.835628+00:00",
      "2026-07-23 15:31:18.115124+00:00",
      "2026-07-23 15:31:18.424053+00:00",
      "2026-07-23 15:31:18.790227+00:00",
      "2026-07-23 15:31:19.053964+00:00",
      "2026-07-23 15:31:19.356369+00:00",
      "2026-07-23 15:31:19.603390+00:00",
      "2026-07-23 15:31:19.915407+00:00",
      "2026-07-23 15:31:20.173787+00:00",
      "2026-07-23 15:31:20.429229+00:00",
      "2026-07-23 15:31:20.731794+00:00",
      "2026-07-23 15:31:21.055534+00:00",
      "2026-07-23 15:31:21.407564+00:00",
      "2026-07-23 15:31:21.770685+00:00",
      "2026-07-23 15:31:22.243674+00:00",
      "2026-07-23 15:31:22.479969+00:00",
      "2026-07-23 15:31:23.011735+00:00"
    ]
  },
  "ocr": {
    "scope": "page",
    "count": 23,
    "times": [
      5.15993996988982,
      4.02852149028331,
      3.922332413494587,
      3.2923870272934437,
      1.7989205494523048,
      2.8746403539553285,
      2.028699721209705,
      2.9053831668570638,
      3.0118611166253686,
      3.406532673165202,
      2.8750099847093225,
      2.305620601400733,
      2.4489903692156076,
      2.8199923653155565,
      2.088341400027275,
      2.348879974335432,
      3.8747105496004224,
      3.0001600943505764,
      4.167020628228784,
      4.396243224851787,
      1.4156512822955847,
      7.2495860774070024,
      2.614571969024837
    ],
    "start_timestamps": [
      "2026-07-23 15:31:15.698691+00:00",
      "2026-07-23 15:31:20.858730+00:00",
      "2026-07-23 15:31:24.887268+00:00",
      "2026-07-23 15:31:28.809622+00:00",
      "2026-07-23 15:31:32.102028+00:00",
      "2026-07-23 15:31:33.900964+00:00",
      "2026-07-23 15:31:36.775623+00:00",
      "2026-07-23 15:31:38.804339+00:00",
      "2026-07-23 15:31:41.709738+00:00",
      "2026-07-23 15:31:44.721624+00:00",
      "2026-07-23 15:31:48.128173+00:00",
      "2026-07-23 15:31:51.003198+00:00",
      "2026-07-23 15:31:53.308835+00:00",
      "2026-07-23 15:31:55.757860+00:00",
      "2026-07-23 15:31:58.577868+00:00",
      "2026-07-23 15:32:00.666226+00:00",
      "2026-07-23 15:32:03.015281+00:00",
      "2026-07-23 15:32:06.890009+00:00",
      "2026-07-23 15:32:09.890185+00:00",
      "2026-07-23 15:32:14.057222+00:00",
      "2026-07-23 15:32:18.453483+00:00",
      "2026-07-23 15:32:19.869150+00:00",
      "2026-07-23 15:32:27.118754+00:00"
    ]
  },
  "layout": {
    "scope": "page",
    "count": 3,
    "times": [
      0.05624791141599417,
      0.16553985606878996,
      0.11992908921092749
    ],
    "start_timestamps": [
      "2026-07-23 15:31:20.858840+00:00",
      "2026-07-23 15:32:03.015425+00:00",
      "2026-07-23 15:32:29.733561+00:00"
    ]
  },
  "table_structure": {
    "scope": "page",
    "count": 23,
    "times": [
      1.8864870071411133e-05,
      2.5991259859874845,
      0.5528162783011794,
      1.813255107961595,
      3.137905150651932e-05,
      1.4694949388504028,
      1.4480806682258844,
      1.2202157452702522,
      1.894439292140305,
      4.764064569026232,
      1.6270019225776196,
      1.767786662094295,
      3.676861524581909e-05,
      3.50732768047601,
      2.745483341626823,
      1.7854608865454793,
      2.180186483077705,
      0.8361290358006954,
      1.5812799464911222,
      1.792197823524475,
      2.0588748157024384e-05,
      3.4836120903491974e-05,
      1.0370276868343353e-05
    ],
    "start_timestamps": [
      "2026-07-23 15:31:20.925202+00:00",
      "2026-07-23 15:32:03.788983+00:00",
      "2026-07-23 15:32:06.388127+00:00",
      "2026-07-23 15:32:06.940958+00:00",
      "2026-07-23 15:32:08.754230+00:00",
      "2026-07-23 15:32:08.754435+00:00",
      "2026-07-23 15:32:10.223952+00:00",
      "2026-07-23 15:32:11.672049+00:00",
      "2026-07-23 15:32:12.892281+00:00",
      "2026-07-23 15:32:14.787222+00:00",
      "2026-07-23 15:32:19.551302+00:00",
      "2026-07-23 15:32:21.178320+00:00",
      "2026-07-23 15:32:22.946124+00:00",
      "2026-07-23 15:32:22.946534+00:00",
      "2026-07-23 15:32:26.453883+00:00",
      "2026-07-23 15:32:29.199386+00:00",
      "2026-07-23 15:32:30.985031+00:00",
      "2026-07-23 15:32:33.165233+00:00",
      "2026-07-23 15:32:34.001378+00:00",
      "2026-07-23 15:32:35.582674+00:00",
      "2026-07-23 15:32:37.375112+00:00",
      "2026-07-23 15:32:37.375135+00:00",
      "2026-07-23 15:32:37.375174+00:00"
    ]
  },
  "page_assemble": {
    "scope": "page",
    "count": 23,
    "times": [
      0.0013006282970309258,
      0.00015776604413986206,
      0.00021557509899139404,
      0.00020683836191892624,
      0.00018126145005226135,
      0.0003834310919046402,
      8.822605013847351e-05,
      0.0003028605133295059,
      0.0001102173700928688,
      7.541105151176453e-05,
      0.00030527543276548386,
      3.1869858503341675e-05,
      0.0003110356628894806,
      6.967037916183472e-05,
      5.0926581025123596e-05,
      6.330851465463638e-05,
      9.529013186693192e-05,
      0.00010321475565433502,
      3.729015588760376e-05,
      2.2221356630325317e-05,
      5.228910595178604e-05,
      0.00043709296733140945,
      0.00011568795889616013
    ],
    "start_timestamps": [
      "2026-07-23 15:31:20.925272+00:00",
      "2026-07-23 15:32:08.754520+00:00",
      "2026-07-23 15:32:08.754712+00:00",
      "2026-07-23 15:32:08.754949+00:00",
      "2026-07-23 15:32:08.755177+00:00",
      "2026-07-23 15:32:14.788259+00:00",
      "2026-07-23 15:32:14.788687+00:00",
      "2026-07-23 15:32:14.788798+00:00",
      "2026-07-23 15:32:14.789125+00:00",
      "2026-07-23 15:32:22.946591+00:00",
      "2026-07-23 15:32:22.946722+00:00",
      "2026-07-23 15:32:22.947051+00:00",
      "2026-07-23 15:32:22.947101+00:00",
      "2026-07-23 15:32:30.985899+00:00",
      "2026-07-23 15:32:30.985998+00:00",
      "2026-07-23 15:32:30.986071+00:00",
      "2026-07-23 15:32:37.375256+00:00",
      "2026-07-23 15:32:37.375394+00:00",
      "2026-07-23 15:32:37.375526+00:00",
      "2026-07-23 15:32:37.375584+00:00",
      "2026-07-23 15:32:37.375624+00:00",
      "2026-07-23 15:32:37.375696+00:00",
      "2026-07-23 15:32:37.376153+00:00"
    ]
  },
  "doc_assemble": {
    "scope": "document",
    "count": 1,
    "times": [
      0.11618315055966377
    ],
    "start_timestamps": [
      "2026-07-23 15:32:37.376517+00:00"
    ]
  },
  "reading_order": {
    "scope": "document",
    "count": 1,
    "times": [
      0.1155379069969058
    ],
    "start_timestamps": [
      "2026-07-23 15:32:37.376636+00:00"
    ]
  },
  "doc_enrich": {
    "scope": "document",
    "count": 1,
    "times": [
      56.08231027144939
    ],
    "start_timestamps": [
      "2026-07-23 15:32:37.492726+00:00"
    ]
  }
}
All hyperlinked elements redacted in-memory.
Clean PDF conversion timings:
{
  "pipeline_total": {
    "scope": "document",
    "count": 1,
    "times": [
      139.21837078221142
    ],
    "start_timestamps": [
      "2026-07-23 15:33:33.724378+00:00"
    ]
  },
  "page_parse": {
    "scope": "page",
    "count": 23,
    "times": [
      0.0974245173856616,
      0.3376023694872856,
      0.4206690229475498,
      0.3013803493231535,
      0.2843919852748513,
      0.3054232355207205,
      0.2538209892809391,
      0.331629890948534,
      0.35010379925370216,
      0.40752739924937487,
      0.5996923167258501,
      0.2559165507555008,
      0.4282365506514907,
      0.3684255499392748,
      0.245080403983593,
      0.45507549680769444,
      0.29177008755505085,
      0.23524380754679441,
      0.23461325094103813,
      0.23425938468426466,
      0.22901286371052265,
      0.4317827830091119,
      0.2677498562261462
    ],
    "start_timestamps": [
      "2026-07-23 15:33:33.726280+00:00",
      "2026-07-23 15:33:33.823743+00:00",
      "2026-07-23 15:33:34.161385+00:00",
      "2026-07-23 15:33:34.582108+00:00",
      "2026-07-23 15:33:34.883539+00:00",
      "2026-07-23 15:33:35.168068+00:00",
      "2026-07-23 15:33:35.473528+00:00",
      "2026-07-23 15:33:35.727426+00:00",
      "2026-07-23 15:33:36.059094+00:00",
      "2026-07-23 15:33:36.409245+00:00",
      "2026-07-23 15:33:36.816816+00:00",
      "2026-07-23 15:33:37.416561+00:00",
      "2026-07-23 15:33:37.672527+00:00",
      "2026-07-23 15:33:38.100806+00:00",
      "2026-07-23 15:33:38.469287+00:00",
      "2026-07-23 15:33:38.714435+00:00",
      "2026-07-23 15:33:39.169566+00:00",
      "2026-07-23 15:33:39.461381+00:00",
      "2026-07-23 15:33:39.696682+00:00",
      "2026-07-23 15:33:39.931342+00:00",
      "2026-07-23 15:33:40.165659+00:00",
      "2026-07-23 15:33:40.394726+00:00",
      "2026-07-23 15:33:40.826553+00:00"
    ]
  },
  "ocr": {
    "scope": "page",
    "count": 23,
    "times": [
      4.05271284468472,
      6.108141520991921,
      3.9756298987194896,
      3.181297820992768,
      1.7507975604385138,
      2.8372666062787175,
      1.9530698033049703,
      2.827621349133551,
      2.9942675791680813,
      3.2738334322348237,
      2.790011110715568,
      2.265782780945301,
      4.430659732781351,
      5.00700674392283,
      3.777287465520203,
      4.205596809275448,
      3.7689286544919014,
      1.7174965357407928,
      2.0082520628347993,
      2.2422336153686047,
      0.9804012728855014,
      3.732395775616169,
      1.530532837845385
    ],
    "start_timestamps": [
      "2026-07-23 15:33:33.823916+00:00",
      "2026-07-23 15:33:37.881828+00:00",
      "2026-07-23 15:33:43.989987+00:00",
      "2026-07-23 15:33:47.965634+00:00",
      "2026-07-23 15:33:51.146947+00:00",
      "2026-07-23 15:33:52.897760+00:00",
      "2026-07-23 15:33:55.735044+00:00",
      "2026-07-23 15:33:57.688130+00:00",
      "2026-07-23 15:34:00.515766+00:00",
      "2026-07-23 15:34:03.510052+00:00",
      "2026-07-23 15:34:06.783900+00:00",
      "2026-07-23 15:34:09.573926+00:00",
      "2026-07-23 15:34:11.839933+00:00",
      "2026-07-23 15:34:16.270616+00:00",
      "2026-07-23 15:34:21.277639+00:00",
      "2026-07-23 15:34:25.054942+00:00",
      "2026-07-23 15:34:29.260556+00:00",
      "2026-07-23 15:34:33.029501+00:00",
      "2026-07-23 15:34:34.747014+00:00",
      "2026-07-23 15:34:36.755281+00:00",
      "2026-07-23 15:34:38.997531+00:00",
      "2026-07-23 15:34:39.977949+00:00",
      "2026-07-23 15:34:43.710381+00:00"
    ]
  },
  "layout": {
    "scope": "page",
    "count": 3,
    "times": [
      0.2528937542811036,
      0.12919490039348602,
      0.12352031096816063
    ],
    "start_timestamps": [
      "2026-07-23 15:33:37.881934+00:00",
      "2026-07-23 15:34:11.840057+00:00",
      "2026-07-23 15:34:45.241211+00:00"
    ]
  },
  "table_structure": {
    "scope": "page",
    "count": 23,
    "times": [
      1.3945624232292175e-05,
      2.496886839158833,
      0.6394541496410966,
      1.586496020667255,
      2.9886141419410706e-05,
      1.5894216103479266,
      1.8560946378856897,
      1.5654307138174772,
      2.4372016405686736,
      4.600102864205837,
      1.39309277292341,
      2.930487505160272,
      3.890320658683777e-05,
      2.226515176706016,
      1.5760466447100043,
      1.296427609398961,
      1.8267493667080998,
      0.8303388468921185,
      1.5611267248168588,
      1.772734448313713,
      1.8365681171417236e-05,
      3.301165997982025e-05,
      9.51811671257019e-06
    ],
    "start_timestamps": [
      "2026-07-23 15:33:38.141583+00:00",
      "2026-07-23 15:34:12.357980+00:00",
      "2026-07-23 15:34:14.854884+00:00",
      "2026-07-23 15:34:15.494357+00:00",
      "2026-07-23 15:34:17.080870+00:00",
      "2026-07-23 15:34:17.081102+00:00",
      "2026-07-23 15:34:18.670543+00:00",
      "2026-07-23 15:34:20.526656+00:00",
      "2026-07-23 15:34:22.092108+00:00",
      "2026-07-23 15:34:24.529681+00:00",
      "2026-07-23 15:34:29.129812+00:00",
      "2026-07-23 15:34:30.522920+00:00",
      "2026-07-23 15:34:45.612200+00:00",
      "2026-07-23 15:34:45.612243+00:00",
      "2026-07-23 15:34:47.838776+00:00",
      "2026-07-23 15:34:49.414838+00:00",
      "2026-07-23 15:34:50.711458+00:00",
      "2026-07-23 15:34:52.538222+00:00",
      "2026-07-23 15:34:53.368574+00:00",
      "2026-07-23 15:34:54.929716+00:00",
      "2026-07-23 15:34:56.702691+00:00",
      "2026-07-23 15:34:56.702712+00:00",
      "2026-07-23 15:34:56.702749+00:00"
    ]
  },
  "page_assemble": {
    "scope": "page",
    "count": 23,
    "times": [
      0.0004220651462674141,
      0.00018036924302577972,
      0.00025973934680223465,
      0.00029381364583969116,
      0.00044992659240961075,
      0.00031577423214912415,
      7.649417966604233e-05,
      0.0002538161352276802,
      0.0001084841787815094,
      9.118113666772842e-05,
      0.000304393470287323,
      2.9616057872772217e-05,
      0.00041731446981430054,
      3.417395055294037e-05,
      3.952439874410629e-05,
      5.84600493311882e-05,
      8.896738290786743e-05,
      9.265448898077011e-05,
      3.588758409023285e-05,
      2.2061169147491455e-05,
      4.761945456266403e-05,
      0.00047214794903993607,
      0.00011112913489341736
    ],
    "start_timestamps": [
      "2026-07-23 15:33:38.141644+00:00",
      "2026-07-23 15:34:17.082084+00:00",
      "2026-07-23 15:34:17.082307+00:00",
      "2026-07-23 15:34:17.082591+00:00",
      "2026-07-23 15:34:17.082934+00:00",
      "2026-07-23 15:34:24.529754+00:00",
      "2026-07-23 15:34:24.530108+00:00",
      "2026-07-23 15:34:24.530206+00:00",
      "2026-07-23 15:34:24.530489+00:00",
      "2026-07-23 15:34:33.453812+00:00",
      "2026-07-23 15:34:33.453955+00:00",
      "2026-07-23 15:34:33.454285+00:00",
      "2026-07-23 15:34:50.711525+00:00",
      "2026-07-23 15:34:50.711975+00:00",
      "2026-07-23 15:34:50.712032+00:00",
      "2026-07-23 15:34:50.712088+00:00",
      "2026-07-23 15:34:56.702848+00:00",
      "2026-07-23 15:34:56.702977+00:00",
      "2026-07-23 15:34:56.703096+00:00",
      "2026-07-23 15:34:56.703152+00:00",
      "2026-07-23 15:34:56.703193+00:00",
      "2026-07-23 15:34:56.703257+00:00",
      "2026-07-23 15:34:56.703751+00:00"
    ]
  },
  "doc_assemble": {
    "scope": "document",
    "count": 1,
    "times": [
      0.11742124706506729
    ],
    "start_timestamps": [
      "2026-07-23 15:34:56.704156+00:00"
    ]
  },
  "reading_order": {
    "scope": "document",
    "count": 1,
    "times": [
      0.11675019469112158
    ],
    "start_timestamps": [
      "2026-07-23 15:34:56.704316+00:00"
    ]
  },
  "doc_enrich": {
    "scope": "document",
    "count": 1,
    "times": [
      56.121125934645534
    ],
    "start_timestamps": [
      "2026-07-23 15:34:56.821606+00:00"
    ]
  }
}
Function parse_pdf took 277.8822 seconds to execute.
Running: get_tables
Function get_tables took 0.0001 seconds to execute.
Running: get_surrounding_paragraphs
Function get_surrounding_paragraphs took 0.0003 seconds to execute.
