Running: parse_pdf
Raw PDF conversion timings:
{
  "pipeline_total": {
    "scope": "document",
    "count": 1,
    "times": [
      12.22970297653228
    ],
    "start_timestamps": [
      "2026-07-17 20:45:56.895616+00:00"
    ]
  },
  "page_parse": {
    "scope": "page",
    "count": 13,
    "times": [
      0.09638374298810959,
      0.1276028035208583,
      0.10709027107805014,
      0.07102451007813215,
      0.10067103058099747,
      0.14596140291541815,
      0.07483159471303225,
      0.14305378030985594,
      0.1377586554735899,
      0.15896115731447935,
      0.18940250296145678,
      0.1571036707609892,
      0.042443723417818546
    ],
    "start_timestamps": [
      "2026-07-17 20:45:56.899732+00:00",
      "2026-07-17 20:45:56.996157+00:00",
      "2026-07-17 20:45:57.123801+00:00",
      "2026-07-17 20:45:57.230936+00:00",
      "2026-07-17 20:45:57.302006+00:00",
      "2026-07-17 20:45:57.402721+00:00",
      "2026-07-17 20:45:57.548732+00:00",
      "2026-07-17 20:45:57.623606+00:00",
      "2026-07-17 20:45:57.766719+00:00",
      "2026-07-17 20:45:57.904525+00:00",
      "2026-07-17 20:45:58.063533+00:00",
      "2026-07-17 20:45:58.252978+00:00",
      "2026-07-17 20:45:58.410125+00:00"
    ]
  },
  "ocr": {
    "scope": "page",
    "count": 13,
    "times": [
      0.13250352628529072,
      0.18147935345768929,
      1.4763399828225374,
      2.033128243871033,
      0.7181122750043869,
      0.7128345323726535,
      0.7926148604601622,
      0.6742590283975005,
      0.8072662530466914,
      0.8790715103968978,
      1.2921748841181397,
      0.12403887696564198,
      0.1188781950622797
    ],
    "start_timestamps": [
      "2026-07-17 20:45:56.996253+00:00",
      "2026-07-17 20:45:57.128801+00:00",
      "2026-07-17 20:45:57.310323+00:00",
      "2026-07-17 20:45:58.786680+00:00",
      "2026-07-17 20:46:00.819918+00:00",
      "2026-07-17 20:46:01.538046+00:00",
      "2026-07-17 20:46:02.250898+00:00",
      "2026-07-17 20:46:03.043532+00:00",
      "2026-07-17 20:46:03.717808+00:00",
      "2026-07-17 20:46:04.525091+00:00",
      "2026-07-17 20:46:05.404183+00:00",
      "2026-07-17 20:46:06.696376+00:00",
      "2026-07-17 20:46:06.820424+00:00"
    ]
  },
  "layout": {
    "scope": "page",
    "count": 4,
    "times": [
      0.28239551559090614,
      0.08378738816827536,
      0.06275653094053268,
      0.1134208245202899
    ],
    "start_timestamps": [
      "2026-07-17 20:45:57.128884+00:00",
      "2026-07-17 20:45:57.549571+00:00",
      "2026-07-17 20:46:00.819981+00:00",
      "2026-07-17 20:46:06.939502+00:00"
    ]
  },
  "table_structure": {
    "scope": "page",
    "count": 13,
    "times": [
      3.312155604362488e-05,
      5.1276758313179016e-05,
      1.9817613065242767e-05,
      6.2016770243644714e-06,
      7.080286741256714e-05,
      2.4425797164440155e-05,
      1.8184073269367218e-05,
      1.8415041267871857e-05,
      2.1140091121196747e-05,
      0.33704917784780264,
      2.7341768145561218e-05,
      3.010593354701996e-05,
      1.4416873455047607e-05
    ],
    "start_timestamps": [
      "2026-07-17 20:45:57.549804+00:00",
      "2026-07-17 20:45:57.792196+00:00",
      "2026-07-17 20:46:00.961126+00:00",
      "2026-07-17 20:46:00.961149+00:00",
      "2026-07-17 20:46:07.441496+00:00",
      "2026-07-17 20:46:07.441576+00:00",
      "2026-07-17 20:46:07.441608+00:00",
      "2026-07-17 20:46:07.441632+00:00",
      "2026-07-17 20:46:07.441719+00:00",
      "2026-07-17 20:46:07.441749+00:00",
      "2026-07-17 20:46:07.778817+00:00",
      "2026-07-17 20:46:07.778848+00:00",
      "2026-07-17 20:46:07.779036+00:00"
    ]
  },
  "page_assemble": {
    "scope": "page",
    "count": 13,
    "times": [
      0.00044055841863155365,
      0.0007474357262253761,
      0.000985083170235157,
      0.0002346821129322052,
      0.0004344070330262184,
      0.0003644349053502083,
      0.00019489694386720657,
      0.0002958253026008606,
      0.00026787444949150085,
      0.0004421016201376915,
      0.00031107570976018906,
      0.0006708418950438499,
      0.00014539342373609543
    ],
    "start_timestamps": [
      "2026-07-17 20:45:57.549912+00:00",
      "2026-07-17 20:45:57.792311+00:00",
      "2026-07-17 20:46:00.961189+00:00",
      "2026-07-17 20:46:00.962290+00:00",
      "2026-07-17 20:46:07.443082+00:00",
      "2026-07-17 20:46:07.443555+00:00",
      "2026-07-17 20:46:07.443940+00:00",
      "2026-07-17 20:46:07.444153+00:00",
      "2026-07-17 20:46:07.779118+00:00",
      "2026-07-17 20:46:07.779431+00:00",
      "2026-07-17 20:46:07.779900+00:00",
      "2026-07-17 20:46:07.780229+00:00",
      "2026-07-17 20:46:07.780920+00:00"
    ]
  },
  "doc_assemble": {
    "scope": "document",
    "count": 1,
    "times": [
      0.06130789406597614
    ],
    "start_timestamps": [
      "2026-07-17 20:46:07.781279+00:00"
    ]
  },
  "reading_order": {
    "scope": "document",
    "count": 1,
    "times": [
      0.06049936357885599
    ],
    "start_timestamps": [
      "2026-07-17 20:46:07.781443+00:00"
    ]
  },
  "doc_enrich": {
    "scope": "document",
    "count": 1,
    "times": [
      1.282692370004952
    ],
    "start_timestamps": [
      "2026-07-17 20:46:07.842612+00:00"
    ]
  }
}
All hyperlinked elements redacted in-memory.
Clean PDF conversion timings:
{
  "pipeline_total": {
    "scope": "document",
    "count": 1,
    "times": [
      12.67550996504724
    ],
    "start_timestamps": [
      "2026-07-17 20:46:09.200444+00:00"
    ]
  },
  "page_parse": {
    "scope": "page",
    "count": 13,
    "times": [
      0.0968421557918191,
      0.12331418320536613,
      0.38462864700704813,
      0.0682886615395546,
      0.10244333650916815,
      0.10725936014205217,
      0.161568284034729,
      0.15993058029562235,
      0.07112528942525387,
      0.10370996966958046,
      0.0875837430357933,
      0.1929265046492219,
      0.09378357976675034
    ],
    "start_timestamps": [
      "2026-07-17 20:46:09.205033+00:00",
      "2026-07-17 20:46:09.301916+00:00",
      "2026-07-17 20:46:09.425277+00:00",
      "2026-07-17 20:46:09.809948+00:00",
      "2026-07-17 20:46:09.878277+00:00",
      "2026-07-17 20:46:09.980768+00:00",
      "2026-07-17 20:46:10.088073+00:00",
      "2026-07-17 20:46:10.249691+00:00",
      "2026-07-17 20:46:10.409666+00:00",
      "2026-07-17 20:46:10.480832+00:00",
      "2026-07-17 20:46:10.584585+00:00",
      "2026-07-17 20:46:10.672212+00:00",
      "2026-07-17 20:46:10.865184+00:00"
    ]
  },
  "ocr": {
    "scope": "page",
    "count": 13,
    "times": [
      0.12831514421850443,
      0.3911396190524101,
      1.4312872486189008,
      2.0940457237884402,
      0.7207473143935204,
      0.7679983647540212,
      0.8103111330419779,
      0.693353321403265,
      0.8571599572896957,
      0.9476947635412216,
      1.277218198403716,
      0.12374506518244743,
      0.1189913684502244
    ],
    "start_timestamps": [
      "2026-07-17 20:46:09.301987+00:00",
      "2026-07-17 20:46:09.430350+00:00",
      "2026-07-17 20:46:09.821531+00:00",
      "2026-07-17 20:46:11.252914+00:00",
      "2026-07-17 20:46:13.346978+00:00",
      "2026-07-17 20:46:14.067743+00:00",
      "2026-07-17 20:46:14.835757+00:00",
      "2026-07-17 20:46:15.646085+00:00",
      "2026-07-17 20:46:16.339456+00:00",
      "2026-07-17 20:46:17.196632+00:00",
      "2026-07-17 20:46:18.144344+00:00",
      "2026-07-17 20:46:19.421579+00:00",
      "2026-07-17 20:46:19.545334+00:00"
    ]
  },
  "layout": {
    "scope": "page",
    "count": 4,
    "times": [
      0.5686294753104448,
      0.0766889899969101,
      0.029692097567021847,
      0.11770466715097427
    ],
    "start_timestamps": [
      "2026-07-17 20:46:09.430429+00:00",
      "2026-07-17 20:46:10.134336+00:00",
      "2026-07-17 20:46:11.252974+00:00",
      "2026-07-17 20:46:19.664511+00:00"
    ]
  },
  "table_structure": {
    "scope": "page",
    "count": 13,
    "times": [
      3.6588869988918304e-05,
      2.3785047233104706e-05,
      6.334949284791946e-05,
      2.4536624550819397e-05,
      9.006820619106293e-06,
      6.611458957195282e-06,
      5.820766091346741e-06,
      8.314847946166992e-06,
      6.211921572685242e-06,
      0.33502433728426695,
      2.945493906736374e-05,
      3.215111792087555e-05,
      1.1761672794818878e-05
    ],
    "start_timestamps": [
      "2026-07-17 20:46:10.134487+00:00",
      "2026-07-17 20:46:10.410226+00:00",
      "2026-07-17 20:46:11.334650+00:00",
      "2026-07-17 20:46:20.201585+00:00",
      "2026-07-17 20:46:20.201615+00:00",
      "2026-07-17 20:46:20.201628+00:00",
      "2026-07-17 20:46:20.201639+00:00",
      "2026-07-17 20:46:20.201681+00:00",
      "2026-07-17 20:46:20.201694+00:00",
      "2026-07-17 20:46:20.201704+00:00",
      "2026-07-17 20:46:20.536749+00:00",
      "2026-07-17 20:46:20.536920+00:00",
      "2026-07-17 20:46:20.536957+00:00"
    ]
  },
  "page_assemble": {
    "scope": "page",
    "count": 13,
    "times": [
      0.0004296284168958664,
      0.0005998481065034866,
      0.0005984464660286903,
      0.00035047903656959534,
      0.0003469819203019142,
      0.000359605997800827,
      0.00018973741680383682,
      0.000389784574508667,
      0.00017403718084096909,
      0.00037900451570749283,
      0.0002486184239387512,
      0.0006313174962997437,
      0.00013832002878189087
    ],
    "start_timestamps": [
      "2026-07-17 20:46:10.141503+00:00",
      "2026-07-17 20:46:10.410328+00:00",
      "2026-07-17 20:46:11.334801+00:00",
      "2026-07-17 20:46:20.202557+00:00",
      "2026-07-17 20:46:20.202948+00:00",
      "2026-07-17 20:46:20.203316+00:00",
      "2026-07-17 20:46:20.203696+00:00",
      "2026-07-17 20:46:20.537040+00:00",
      "2026-07-17 20:46:20.537460+00:00",
      "2026-07-17 20:46:20.537653+00:00",
      "2026-07-17 20:46:20.538053+00:00",
      "2026-07-17 20:46:20.538320+00:00",
      "2026-07-17 20:46:20.538971+00:00"
    ]
  },
  "doc_assemble": {
    "scope": "document",
    "count": 1,
    "times": [
      0.06100273039191961
    ],
    "start_timestamps": [
      "2026-07-17 20:46:20.539324+00:00"
    ]
  },
  "reading_order": {
    "scope": "document",
    "count": 1,
    "times": [
      0.06040812097489834
    ],
    "start_timestamps": [
      "2026-07-17 20:46:20.539476+00:00"
    ]
  },
  "doc_enrich": {
    "scope": "document",
    "count": 1,
    "times": [
      1.2755871983245015
    ],
    "start_timestamps": [
      "2026-07-17 20:46:20.600352+00:00"
    ]
  }
}
Function parse_pdf took 25.3037 seconds to execute.
Running: get_tables
Function get_tables took 0.0001 seconds to execute.
Running: get_surrounding_paragraphs
Function get_surrounding_paragraphs took 0.0001 seconds to execute.
