Running: parse_pdf
Raw PDF conversion timings:
{
  "pipeline_total": {
    "scope": "document",
    "count": 1,
    "times": [
      129.88069702219218
    ],
    "start_timestamps": [
      "2026-07-23 20:01:56.900875+00:00"
    ]
  },
  "page_parse": {
    "scope": "page",
    "count": 33,
    "times": [
      0.13957616221159697,
      0.1488241134211421,
      0.2600834174081683,
      0.16537528112530708,
      0.20350100845098495,
      0.21697031613439322,
      0.22236039862036705,
      0.21751703415066004,
      0.15027461387217045,
      0.15124518051743507,
      0.15564256627112627,
      0.18975068163126707,
      0.33312889840453863,
      0.1592924352735281,
      0.16954076010733843,
      0.18217924237251282,
      0.1648527467623353,
      0.24006782192736864,
      0.2620205022394657,
      0.16687591467052698,
      0.2598548363894224,
      0.24599286075681448,
      0.16312989592552185,
      0.161634081043303,
      0.16323253884911537,
      0.20684767607599497,
      0.21462154481559992,
      0.21617268584668636,
      0.17257542070001364,
      0.16715099290013313,
      0.17684701923280954,
      0.18452427722513676,
      0.13862934987992048
    ],
    "start_timestamps": [
      "2026-07-23 20:01:56.904165+00:00",
      "2026-07-23 20:01:57.043782+00:00",
      "2026-07-23 20:01:57.192643+00:00",
      "2026-07-23 20:01:57.452785+00:00",
      "2026-07-23 20:01:57.618359+00:00",
      "2026-07-23 20:01:57.821900+00:00",
      "2026-07-23 20:01:58.038919+00:00",
      "2026-07-23 20:01:58.261326+00:00",
      "2026-07-23 20:01:58.478900+00:00",
      "2026-07-23 20:01:58.629214+00:00",
      "2026-07-23 20:01:58.780499+00:00",
      "2026-07-23 20:01:58.936182+00:00",
      "2026-07-23 20:01:59.125976+00:00",
      "2026-07-23 20:01:59.459147+00:00",
      "2026-07-23 20:01:59.618483+00:00",
      "2026-07-23 20:01:59.788064+00:00",
      "2026-07-23 20:01:59.970284+00:00",
      "2026-07-23 20:02:00.135180+00:00",
      "2026-07-23 20:02:00.375288+00:00",
      "2026-07-23 20:02:00.637347+00:00",
      "2026-07-23 20:02:00.804266+00:00",
      "2026-07-23 20:02:01.064163+00:00",
      "2026-07-23 20:02:01.310196+00:00",
      "2026-07-23 20:02:01.473366+00:00",
      "2026-07-23 20:02:01.635043+00:00",
      "2026-07-23 20:02:01.798319+00:00",
      "2026-07-23 20:02:02.005211+00:00",
      "2026-07-23 20:02:02.219870+00:00",
      "2026-07-23 20:02:02.436084+00:00",
      "2026-07-23 20:02:02.608699+00:00",
      "2026-07-23 20:02:02.775889+00:00",
      "2026-07-23 20:02:02.952775+00:00",
      "2026-07-23 20:02:03.137340+00:00"
    ]
  },
  "ocr": {
    "scope": "page",
    "count": 33,
    "times": [
      6.239398445002735,
      3.900477177463472,
      2.608244120143354,
      2.803897681646049,
      3.0140688214451075,
      3.1402496555820107,
      2.7489682426676154,
      2.8370582154020667,
      1.690030231140554,
      2.6165603706613183,
      2.8887155363336205,
      2.850365087389946,
      2.887950947508216,
      1.7302799662575126,
      2.3820703076198697,
      1.9389270571991801,
      2.0750162973999977,
      2.570044334977865,
      2.6850443882867694,
      2.6308414060622454,
      2.8470593467354774,
      2.789171668700874,
      2.529524913057685,
      2.5918456623330712,
      2.685544056817889,
      2.8327318727970123,
      2.8209830839186907,
      2.811005275696516,
      2.0200114464387298,
      1.766416477970779,
      2.0273668579757214,
      2.0596286887302995,
      1.2432883512228727
    ],
    "start_timestamps": [
      "2026-07-23 20:01:57.043849+00:00",
      "2026-07-23 20:02:03.283383+00:00",
      "2026-07-23 20:02:07.183874+00:00",
      "2026-07-23 20:02:09.792133+00:00",
      "2026-07-23 20:02:12.596045+00:00",
      "2026-07-23 20:02:15.610129+00:00",
      "2026-07-23 20:02:18.750395+00:00",
      "2026-07-23 20:02:21.499379+00:00",
      "2026-07-23 20:02:24.336452+00:00",
      "2026-07-23 20:02:26.026498+00:00",
      "2026-07-23 20:02:28.643073+00:00",
      "2026-07-23 20:02:31.531804+00:00",
      "2026-07-23 20:02:34.382184+00:00",
      "2026-07-23 20:02:37.270150+00:00",
      "2026-07-23 20:02:39.000446+00:00",
      "2026-07-23 20:02:41.382531+00:00",
      "2026-07-23 20:02:43.321474+00:00",
      "2026-07-23 20:02:45.396507+00:00",
      "2026-07-23 20:02:47.966566+00:00",
      "2026-07-23 20:02:50.651624+00:00",
      "2026-07-23 20:02:53.282482+00:00",
      "2026-07-23 20:02:56.129555+00:00",
      "2026-07-23 20:02:58.918741+00:00",
      "2026-07-23 20:03:01.448283+00:00",
      "2026-07-23 20:03:04.040144+00:00",
      "2026-07-23 20:03:06.725704+00:00",
      "2026-07-23 20:03:09.558450+00:00",
      "2026-07-23 20:03:12.379449+00:00",
      "2026-07-23 20:03:15.190468+00:00",
      "2026-07-23 20:03:17.210495+00:00",
      "2026-07-23 20:03:18.976927+00:00",
      "2026-07-23 20:03:21.004309+00:00",
      "2026-07-23 20:03:23.063952+00:00"
    ]
  },
  "layout": {
    "scope": "page",
    "count": 2,
    "times": [
      0.06225065607577562,
      0.3045170558616519
    ],
    "start_timestamps": [
      "2026-07-23 20:02:03.283463+00:00",
      "2026-07-23 20:03:24.307590+00:00"
    ]
  },
  "table_structure": {
    "scope": "page",
    "count": 33,
    "times": [
      2.4959800457581878,
      2.095267335884273,
      2.0502684246748686,
      2.011730042286217,
      2.1104513499885798,
      0.6884377459064126,
      3.639888018369675e-05,
      2.9696151614189148e-05,
      1.2233853340148926e-05,
      1.638642848469317,
      2.0897152284160256,
      1.22713887039572,
      3.202073276042938e-05,
      1.632142812013626e-05,
      1.495790371671319,
      2.7261674404144287e-05,
      1.3440742045640945,
      1.623063961043954,
      1.8065456058830023,
      1.8690999131649733,
      1.8234846033155918,
      1.7138488441705704,
      1.3737596776336432,
      1.7229580860584974,
      1.729905690997839,
      0.7268759114667773,
      3.582797944545746e-05,
      2.3404136300086975e-05,
      1.5418976545333862e-05,
      0.38116027787327766,
      8.746545519679785,
      0.9650130858644843,
      2.7982518076896667e-05
    ],
    "start_timestamps": [
      "2026-07-23 20:02:03.352868+00:00",
      "2026-07-23 20:03:25.372767+00:00",
      "2026-07-23 20:03:27.468049+00:00",
      "2026-07-23 20:03:29.518332+00:00",
      "2026-07-23 20:03:31.530078+00:00",
      "2026-07-23 20:03:33.640902+00:00",
      "2026-07-23 20:03:34.329354+00:00",
      "2026-07-23 20:03:34.329393+00:00",
      "2026-07-23 20:03:34.329427+00:00",
      "2026-07-23 20:03:34.329615+00:00",
      "2026-07-23 20:03:35.968275+00:00",
      "2026-07-23 20:03:38.058006+00:00",
      "2026-07-23 20:03:39.285159+00:00",
      "2026-07-23 20:03:39.285466+00:00",
      "2026-07-23 20:03:39.285487+00:00",
      "2026-07-23 20:03:40.781293+00:00",
      "2026-07-23 20:03:40.781323+00:00",
      "2026-07-23 20:03:42.125622+00:00",
      "2026-07-23 20:03:43.748701+00:00",
      "2026-07-23 20:03:45.555262+00:00",
      "2026-07-23 20:03:47.424377+00:00",
      "2026-07-23 20:03:49.248264+00:00",
      "2026-07-23 20:03:50.962127+00:00",
      "2026-07-23 20:03:52.335902+00:00",
      "2026-07-23 20:03:54.058876+00:00",
      "2026-07-23 20:03:55.789184+00:00",
      "2026-07-23 20:03:56.516074+00:00",
      "2026-07-23 20:03:56.516113+00:00",
      "2026-07-23 20:03:56.516141+00:00",
      "2026-07-23 20:03:56.516453+00:00",
      "2026-07-23 20:03:56.897630+00:00",
      "2026-07-23 20:04:05.644195+00:00",
      "2026-07-23 20:04:06.609226+00:00"
    ]
  },
  "page_assemble": {
    "scope": "page",
    "count": 33,
    "times": [
      5.1877461373806e-05,
      5.27799129486084e-05,
      2.2673048079013824e-05,
      1.907534897327423e-05,
      1.8303282558918e-05,
      0.00032223667949438095,
      0.00032546184957027435,
      0.0002440391108393669,
      9.311549365520477e-05,
      4.663784056901932e-05,
      2.233218401670456e-05,
      0.00014235824346542358,
      0.000296005979180336,
      0.00017703324556350708,
      3.132876008749008e-05,
      0.00021559558808803558,
      2.4645589292049408e-05,
      5.035474896430969e-05,
      2.0769424736499786e-05,
      1.735333353281021e-05,
      1.7032958567142487e-05,
      5.653686821460724e-05,
      2.4234876036643982e-05,
      2.0097941160202026e-05,
      1.936592161655426e-05,
      0.00020525604486465454,
      0.00023531261831521988,
      0.00022296980023384094,
      0.00015757698565721512,
      5.0205737352371216e-05,
      2.8694048523902893e-05,
      2.1229498088359833e-05,
      0.00018004793673753738
    ],
    "start_timestamps": [
      "2026-07-23 20:02:05.849137+00:00",
      "2026-07-23 20:03:33.641488+00:00",
      "2026-07-23 20:03:33.641575+00:00",
      "2026-07-23 20:03:33.641615+00:00",
      "2026-07-23 20:03:33.641662+00:00",
      "2026-07-23 20:03:34.329666+00:00",
      "2026-07-23 20:03:34.330024+00:00",
      "2026-07-23 20:03:34.330370+00:00",
      "2026-07-23 20:03:34.330638+00:00",
      "2026-07-23 20:03:39.285537+00:00",
      "2026-07-23 20:03:39.285613+00:00",
      "2026-07-23 20:03:39.285655+00:00",
      "2026-07-23 20:03:39.285820+00:00",
      "2026-07-23 20:03:42.125683+00:00",
      "2026-07-23 20:03:42.125887+00:00",
      "2026-07-23 20:03:42.125938+00:00",
      "2026-07-23 20:03:42.126174+00:00",
      "2026-07-23 20:03:49.248926+00:00",
      "2026-07-23 20:03:49.249006+00:00",
      "2026-07-23 20:03:49.249044+00:00",
      "2026-07-23 20:03:49.249078+00:00",
      "2026-07-23 20:03:55.789866+00:00",
      "2026-07-23 20:03:55.789956+00:00",
      "2026-07-23 20:03:55.790001+00:00",
      "2026-07-23 20:03:55.790041+00:00",
      "2026-07-23 20:03:56.516513+00:00",
      "2026-07-23 20:03:56.516755+00:00",
      "2026-07-23 20:03:56.517013+00:00",
      "2026-07-23 20:03:56.517257+00:00",
      "2026-07-23 20:04:06.609834+00:00",
      "2026-07-23 20:04:06.609931+00:00",
      "2026-07-23 20:04:06.609983+00:00",
      "2026-07-23 20:04:06.610025+00:00"
    ]
  },
  "doc_assemble": {
    "scope": "document",
    "count": 1,
    "times": [
      0.16725294571369886
    ],
    "start_timestamps": [
      "2026-07-23 20:04:06.610481+00:00"
    ]
  },
  "reading_order": {
    "scope": "document",
    "count": 1,
    "times": [
      0.16657176427543163
    ],
    "start_timestamps": [
      "2026-07-23 20:04:06.610615+00:00"
    ]
  },
  "doc_enrich": {
    "scope": "document",
    "count": 1,
    "times": [
      0.003805510699748993
    ],
    "start_timestamps": [
      "2026-07-23 20:04:06.777760+00:00"
    ]
  }
}
All hyperlinked elements redacted in-memory.
Clean PDF conversion timings:
{
  "pipeline_total": {
    "scope": "document",
    "count": 1,
    "times": [
      125.95629416871816
    ],
    "start_timestamps": [
      "2026-07-23 20:04:06.966165+00:00"
    ]
  },
  "page_parse": {
    "scope": "page",
    "count": 33,
    "times": [
      0.1393309310078621,
      0.1491460120305419,
      0.2509618541225791,
      0.1671282909810543,
      0.3163990778848529,
      0.393464183434844,
      0.26498856022953987,
      0.23960508219897747,
      0.22686751279979944,
      0.2473006146028638,
      0.24614418856799603,
      0.1775257382541895,
      0.2340790443122387,
      0.16886571142822504,
      0.2503520157188177,
      0.5111832031980157,
      0.17024529818445444,
      0.24612698517739773,
      0.16469817887991667,
      0.16845581028610468,
      0.24652039632201195,
      0.17826460767537355,
      0.24543850030750036,
      0.16034224070608616,
      0.16510941367596388,
      0.2107303636148572,
      0.2169955251738429,
      0.217866494320333,
      0.2901622448116541,
      0.3131205476820469,
      0.3612526152282953,
      0.23798710759729147,
      0.14026805479079485
    ],
    "start_timestamps": [
      "2026-07-23 20:04:06.969383+00:00",
      "2026-07-23 20:04:07.108755+00:00",
      "2026-07-23 20:04:07.257939+00:00",
      "2026-07-23 20:04:07.508960+00:00",
      "2026-07-23 20:04:07.676307+00:00",
      "2026-07-23 20:04:07.992749+00:00",
      "2026-07-23 20:04:08.386258+00:00",
      "2026-07-23 20:04:08.651292+00:00",
      "2026-07-23 20:04:08.890947+00:00",
      "2026-07-23 20:04:09.117866+00:00",
      "2026-07-23 20:04:09.365209+00:00",
      "2026-07-23 20:04:09.611398+00:00",
      "2026-07-23 20:04:09.788965+00:00",
      "2026-07-23 20:04:10.023086+00:00",
      "2026-07-23 20:04:10.191997+00:00",
      "2026-07-23 20:04:10.442392+00:00",
      "2026-07-23 20:04:10.953615+00:00",
      "2026-07-23 20:04:11.123917+00:00",
      "2026-07-23 20:04:11.370086+00:00",
      "2026-07-23 20:04:11.534825+00:00",
      "2026-07-23 20:04:11.703327+00:00",
      "2026-07-23 20:04:11.949891+00:00",
      "2026-07-23 20:04:12.128202+00:00",
      "2026-07-23 20:04:12.373682+00:00",
      "2026-07-23 20:04:12.534067+00:00",
      "2026-07-23 20:04:12.699219+00:00",
      "2026-07-23 20:04:12.909994+00:00",
      "2026-07-23 20:04:13.127032+00:00",
      "2026-07-23 20:04:13.344943+00:00",
      "2026-07-23 20:04:13.635157+00:00",
      "2026-07-23 20:04:13.948325+00:00",
      "2026-07-23 20:04:14.309635+00:00",
      "2026-07-23 20:04:14.547664+00:00"
    ]
  },
  "ocr": {
    "scope": "page",
    "count": 33,
    "times": [
      6.0247601717710495,
      4.303085179068148,
      2.5981104811653495,
      2.797132701613009,
      3.000692672096193,
      3.036608761176467,
      2.657526050694287,
      2.7126052733510733,
      1.6227132631465793,
      2.5937196472659707,
      2.8340224223211408,
      2.7993904799222946,
      2.7581535186618567,
      1.6522511085495353,
      2.3501175325363874,
      1.891994420439005,
      2.059919851832092,
      2.562625433318317,
      2.6688845669850707,
      2.6404824880883098,
      2.8325500823557377,
      2.7876927759498358,
      2.5116310082376003,
      2.574661954306066,
      2.674103737808764,
      2.781234403140843,
      2.733235826715827,
      4.866999633610249,
      3.680446319282055,
      3.0666150376200676,
      4.083982897922397,
      3.5065466854721308,
      2.342842302285135
    ],
    "start_timestamps": [
      "2026-07-23 20:04:07.108847+00:00",
      "2026-07-23 20:04:13.133737+00:00",
      "2026-07-23 20:04:17.436841+00:00",
      "2026-07-23 20:04:20.034966+00:00",
      "2026-07-23 20:04:22.832113+00:00",
      "2026-07-23 20:04:25.832822+00:00",
      "2026-07-23 20:04:28.869447+00:00",
      "2026-07-23 20:04:31.526989+00:00",
      "2026-07-23 20:04:34.239619+00:00",
      "2026-07-23 20:04:35.862348+00:00",
      "2026-07-23 20:04:38.456083+00:00",
      "2026-07-23 20:04:41.290122+00:00",
      "2026-07-23 20:04:44.089525+00:00",
      "2026-07-23 20:04:46.847694+00:00",
      "2026-07-23 20:04:48.499960+00:00",
      "2026-07-23 20:04:50.850106+00:00",
      "2026-07-23 20:04:52.742116+00:00",
      "2026-07-23 20:04:54.802051+00:00",
      "2026-07-23 20:04:57.364693+00:00",
      "2026-07-23 20:05:00.033594+00:00",
      "2026-07-23 20:05:02.674093+00:00",
      "2026-07-23 20:05:05.506658+00:00",
      "2026-07-23 20:05:08.294366+00:00",
      "2026-07-23 20:05:10.806013+00:00",
      "2026-07-23 20:05:13.380698+00:00",
      "2026-07-23 20:05:16.054818+00:00",
      "2026-07-23 20:05:18.836071+00:00",
      "2026-07-23 20:05:21.569521+00:00",
      "2026-07-23 20:05:26.436539+00:00",
      "2026-07-23 20:05:30.117003+00:00",
      "2026-07-23 20:05:33.183637+00:00",
      "2026-07-23 20:05:37.267639+00:00",
      "2026-07-23 20:05:40.774206+00:00"
    ]
  },
  "layout": {
    "scope": "page",
    "count": 3,
    "times": [
      0.04913013521581888,
      0.2429878879338503,
      0.14232282061129808
    ],
    "start_timestamps": [
      "2026-07-23 20:04:13.133808+00:00",
      "2026-07-23 20:05:21.569723+00:00",
      "2026-07-23 20:05:43.117225+00:00"
    ]
  },
  "table_structure": {
    "scope": "page",
    "count": 33,
    "times": [
      2.9104171777144074,
      4.172289309091866,
      2.9006166430190206,
      3.7567524584010243,
      3.384482298977673,
      0.8011611187830567,
      4.054605960845947e-05,
      2.412591129541397e-05,
      1.1641532182693481e-05,
      3.231356577947736,
      3.021302335895598,
      1.2329072440043092,
      3.173947334289551e-05,
      1.6600824892520905e-05,
      1.5022487761452794,
      2.5076791644096375e-05,
      1.3508514380082488,
      1.6307012345641851,
      1.8084640791639686,
      1.874401394277811,
      1.8132251389324665,
      1.715017756447196,
      1.3733366513624787,
      2.1027729557827115,
      1.72979970369488,
      0.7287077829241753,
      3.0287541449069977e-05,
      2.1729618310928345e-05,
      1.5188939869403839e-05,
      0.38064478896558285,
      8.716190023347735,
      0.9701900919899344,
      2.9345043003559113e-05
    ],
    "start_timestamps": [
      "2026-07-23 20:04:13.190706+00:00",
      "2026-07-23 20:05:22.549574+00:00",
      "2026-07-23 20:05:26.721939+00:00",
      "2026-07-23 20:05:29.622566+00:00",
      "2026-07-23 20:05:33.379335+00:00",
      "2026-07-23 20:05:36.764507+00:00",
      "2026-07-23 20:05:37.565687+00:00",
      "2026-07-23 20:05:37.565731+00:00",
      "2026-07-23 20:05:37.565758+00:00",
      "2026-07-23 20:05:37.566122+00:00",
      "2026-07-23 20:05:40.797488+00:00",
      "2026-07-23 20:05:43.818804+00:00",
      "2026-07-23 20:05:45.051726+00:00",
      "2026-07-23 20:05:45.052009+00:00",
      "2026-07-23 20:05:45.052030+00:00",
      "2026-07-23 20:05:46.554295+00:00",
      "2026-07-23 20:05:46.554324+00:00",
      "2026-07-23 20:05:47.905407+00:00",
      "2026-07-23 20:05:49.536116+00:00",
      "2026-07-23 20:05:51.344595+00:00",
      "2026-07-23 20:05:53.219012+00:00",
      "2026-07-23 20:05:55.032607+00:00",
      "2026-07-23 20:05:56.747642+00:00",
      "2026-07-23 20:05:58.120994+00:00",
      "2026-07-23 20:06:00.223784+00:00",
      "2026-07-23 20:06:01.953932+00:00",
      "2026-07-23 20:06:02.682653+00:00",
      "2026-07-23 20:06:02.682686+00:00",
      "2026-07-23 20:06:02.682712+00:00",
      "2026-07-23 20:06:02.682926+00:00",
      "2026-07-23 20:06:03.063588+00:00",
      "2026-07-23 20:06:11.779796+00:00",
      "2026-07-23 20:06:12.750004+00:00"
    ]
  },
  "page_assemble": {
    "scope": "page",
    "count": 33,
    "times": [
      6.105471402406693e-05,
      6.652437150478363e-05,
      2.3985281586647034e-05,
      1.8304213881492615e-05,
      1.763366162776947e-05,
      0.0003158440813422203,
      0.0002990933135151863,
      0.00021230988204479218,
      0.00010024849325418472,
      5.791895091533661e-05,
      2.6118941605091095e-05,
      0.00014811940491199493,
      0.0003032507374882698,
      0.00018837489187717438,
      3.2009556889533997e-05,
      0.00019197072833776474,
      2.2953376173973083e-05,
      5.44227659702301e-05,
      2.4845823645591736e-05,
      2.111028879880905e-05,
      1.974683254957199e-05,
      5.173683166503906e-05,
      2.365466207265854e-05,
      2.00662761926651e-05,
      1.870468258857727e-05,
      0.000186101533472538,
      0.00023925025016069412,
      0.00022210925817489624,
      0.00015098322182893753,
      4.474446177482605e-05,
      2.5548040866851807e-05,
      2.0279549062252045e-05,
      0.0001770947128534317
    ],
    "start_timestamps": [
      "2026-07-23 20:04:16.101552+00:00",
      "2026-07-23 20:05:36.764581+00:00",
      "2026-07-23 20:05:36.764709+00:00",
      "2026-07-23 20:05:36.764757+00:00",
      "2026-07-23 20:05:36.764794+00:00",
      "2026-07-23 20:05:37.566191+00:00",
      "2026-07-23 20:05:37.566548+00:00",
      "2026-07-23 20:05:37.566867+00:00",
      "2026-07-23 20:05:37.567097+00:00",
      "2026-07-23 20:05:45.052503+00:00",
      "2026-07-23 20:05:45.052595+00:00",
      "2026-07-23 20:05:45.052644+00:00",
      "2026-07-23 20:05:45.052817+00:00",
      "2026-07-23 20:05:47.905930+00:00",
      "2026-07-23 20:05:47.906151+00:00",
      "2026-07-23 20:05:47.906206+00:00",
      "2026-07-23 20:05:47.906446+00:00",
      "2026-07-23 20:05:55.032674+00:00",
      "2026-07-23 20:05:55.032777+00:00",
      "2026-07-23 20:05:55.032831+00:00",
      "2026-07-23 20:05:55.032877+00:00",
      "2026-07-23 20:06:01.953998+00:00",
      "2026-07-23 20:06:01.954090+00:00",
      "2026-07-23 20:06:01.954142+00:00",
      "2026-07-23 20:06:01.954187+00:00",
      "2026-07-23 20:06:02.682977+00:00",
      "2026-07-23 20:06:02.683194+00:00",
      "2026-07-23 20:06:02.683456+00:00",
      "2026-07-23 20:06:02.683697+00:00",
      "2026-07-23 20:06:12.750635+00:00",
      "2026-07-23 20:06:12.750731+00:00",
      "2026-07-23 20:06:12.750782+00:00",
      "2026-07-23 20:06:12.750831+00:00"
    ]
  },
  "doc_assemble": {
    "scope": "document",
    "count": 1,
    "times": [
      0.1673083482310176
    ],
    "start_timestamps": [
      "2026-07-23 20:06:12.751307+00:00"
    ]
  },
  "reading_order": {
    "scope": "document",
    "count": 1,
    "times": [
      0.16661798767745495
    ],
    "start_timestamps": [
      "2026-07-23 20:06:12.751445+00:00"
    ]
  },
  "doc_enrich": {
    "scope": "document",
    "count": 1,
    "times": [
      0.003810971975326538
    ],
    "start_timestamps": [
      "2026-07-23 20:06:12.918642+00:00"
    ]
  }
}
Function parse_pdf took 256.1962 seconds to execute.
Running: get_tables
Function get_tables took 0.0001 seconds to execute.
Running: get_surrounding_paragraphs
Function get_surrounding_paragraphs took 0.0003 seconds to execute.
