Running: parse_pdf
Raw PDF conversion timings:
{
  "pipeline_total": {
    "scope": "document",
    "count": 1,
    "times": [
      8.208945566788316
    ],
    "start_timestamps": [
      "2026-07-18 00:27:10.626128+00:00"
    ]
  },
  "page_parse": {
    "scope": "page",
    "count": 9,
    "times": [
      0.0908304275944829,
      0.1352539137005806,
      0.11257597152143717,
      0.14024812914431095,
      0.13636993244290352,
      0.1497423853725195,
      0.141816602088511,
      0.1408842783421278,
      0.06686767749488354
    ],
    "start_timestamps": [
      "2026-07-18 00:27:10.630348+00:00",
      "2026-07-18 00:27:10.721223+00:00",
      "2026-07-18 00:27:10.856516+00:00",
      "2026-07-18 00:27:10.969135+00:00",
      "2026-07-18 00:27:11.109434+00:00",
      "2026-07-18 00:27:11.245844+00:00",
      "2026-07-18 00:27:11.395630+00:00",
      "2026-07-18 00:27:11.537505+00:00",
      "2026-07-18 00:27:11.678450+00:00"
    ]
  },
  "ocr": {
    "scope": "page",
    "count": 9,
    "times": [
      0.1512289009988308,
      1.7391695166006684,
      0.13750443886965513,
      2.4949677353724837,
      0.12295558210462332,
      1.438270065933466,
      1.373368225991726,
      0.12109388038516045,
      0.11973197665065527
    ],
    "start_timestamps": [
      "2026-07-18 00:27:10.721415+00:00",
      "2026-07-18 00:27:10.872687+00:00",
      "2026-07-18 00:27:12.611953+00:00",
      "2026-07-18 00:27:12.749475+00:00",
      "2026-07-18 00:27:15.244462+00:00",
      "2026-07-18 00:27:15.367427+00:00",
      "2026-07-18 00:27:16.805715+00:00",
      "2026-07-18 00:27:18.179101+00:00",
      "2026-07-18 00:27:18.300205+00:00"
    ]
  },
  "layout": {
    "scope": "page",
    "count": 3,
    "times": [
      0.24015474505722523,
      0.032288914546370506,
      0.09119843505322933
    ],
    "start_timestamps": [
      "2026-07-18 00:27:10.872757+00:00",
      "2026-07-18 00:27:12.612014+00:00",
      "2026-07-18 00:27:18.420143+00:00"
    ]
  },
  "table_structure": {
    "scope": "page",
    "count": 9,
    "times": [
      1.4327466487884521e-05,
      5.86705282330513e-05,
      6.478186696767807e-05,
      1.96872279047966e-05,
      2.447608858346939e-05,
      1.9436702132225037e-05,
      2.1309591829776764e-05,
      3.841333091259003e-05,
      2.8452835977077484e-05
    ],
    "start_timestamps": [
      "2026-07-18 00:27:11.141528+00:00",
      "2026-07-18 00:27:12.684804+00:00",
      "2026-07-18 00:27:18.782543+00:00",
      "2026-07-18 00:27:18.782617+00:00",
      "2026-07-18 00:27:18.782644+00:00",
      "2026-07-18 00:27:18.782678+00:00",
      "2026-07-18 00:27:18.782762+00:00",
      "2026-07-18 00:27:18.782791+00:00",
      "2026-07-18 00:27:18.782836+00:00"
    ]
  },
  "page_assemble": {
    "scope": "page",
    "count": 9,
    "times": [
      0.0006403839215636253,
      0.0003506503999233246,
      0.0007535377517342567,
      8.645188063383102e-05,
      0.0003889622166752815,
      0.00023445114493370056,
      0.0002142731100320816,
      0.0006519760936498642,
      0.0007139341905713081
    ],
    "start_timestamps": [
      "2026-07-18 00:27:11.141580+00:00",
      "2026-07-18 00:27:12.684938+00:00",
      "2026-07-18 00:27:18.782981+00:00",
      "2026-07-18 00:27:18.783767+00:00",
      "2026-07-18 00:27:18.783874+00:00",
      "2026-07-18 00:27:18.784283+00:00",
      "2026-07-18 00:27:18.784536+00:00",
      "2026-07-18 00:27:18.784768+00:00",
      "2026-07-18 00:27:18.785438+00:00"
    ]
  },
  "doc_assemble": {
    "scope": "document",
    "count": 1,
    "times": [
      0.04575049690902233
    ],
    "start_timestamps": [
      "2026-07-18 00:27:18.786339+00:00"
    ]
  },
  "reading_order": {
    "scope": "document",
    "count": 1,
    "times": [
      0.04522545915096998
    ],
    "start_timestamps": [
      "2026-07-18 00:27:18.786458+00:00"
    ]
  },
  "doc_enrich": {
    "scope": "document",
    "count": 1,
    "times": [
      0.0029554301872849464
    ],
    "start_timestamps": [
      "2026-07-18 00:27:18.832113+00:00"
    ]
  }
}
All hyperlinked elements redacted in-memory.
Clean PDF conversion timings:
{
  "pipeline_total": {
    "scope": "document",
    "count": 1,
    "times": [
      8.522678626701236
    ],
    "start_timestamps": [
      "2026-07-18 00:27:19.068429+00:00"
    ]
  },
  "page_parse": {
    "scope": "page",
    "count": 9,
    "times": [
      0.08904521260410547,
      0.1347382515668869,
      0.11405439209192991,
      0.20942905452102423,
      0.13391225785017014,
      0.22744577657431364,
      0.2001108219847083,
      0.12635580822825432,
      0.0652385763823986
    ],
    "start_timestamps": [
      "2026-07-18 00:27:19.072736+00:00",
      "2026-07-18 00:27:19.161827+00:00",
      "2026-07-18 00:27:19.296610+00:00",
      "2026-07-18 00:27:19.410708+00:00",
      "2026-07-18 00:27:19.620186+00:00",
      "2026-07-18 00:27:19.754147+00:00",
      "2026-07-18 00:27:19.981642+00:00",
      "2026-07-18 00:27:20.181814+00:00",
      "2026-07-18 00:27:20.308215+00:00"
    ]
  },
  "ocr": {
    "scope": "page",
    "count": 9,
    "times": [
      0.14944701921194792,
      1.710864171385765,
      0.13509186822921038,
      2.527572131715715,
      0.12244850769639015,
      1.411230401135981,
      1.3797124857082963,
      0.12432543747127056,
      0.12017250433564186
    ],
    "start_timestamps": [
      "2026-07-18 00:27:19.161895+00:00",
      "2026-07-18 00:27:19.311397+00:00",
      "2026-07-18 00:27:21.022355+00:00",
      "2026-07-18 00:27:21.157464+00:00",
      "2026-07-18 00:27:23.685053+00:00",
      "2026-07-18 00:27:23.807516+00:00",
      "2026-07-18 00:27:25.218764+00:00",
      "2026-07-18 00:27:26.598494+00:00",
      "2026-07-18 00:27:26.722829+00:00"
    ]
  },
  "layout": {
    "scope": "page",
    "count": 3,
    "times": [
      0.1482558585703373,
      0.03398696146905422,
      0.10328858438879251
    ],
    "start_timestamps": [
      "2026-07-18 00:27:19.311473+00:00",
      "2026-07-18 00:27:21.022423+00:00",
      "2026-07-18 00:27:26.843302+00:00"
    ]
  },
  "table_structure": {
    "scope": "page",
    "count": 9,
    "times": [
      1.9536353647708893e-05,
      2.336408942937851e-05,
      2.5238841772079468e-05,
      8.435919880867004e-06,
      6.701797246932983e-06,
      5.991198122501373e-06,
      9.11671668291092e-06,
      1.0699965059757233e-05,
      7.615424692630768e-06
    ],
    "start_timestamps": [
      "2026-07-18 00:27:19.508554+00:00",
      "2026-07-18 00:27:21.101092+00:00",
      "2026-07-18 00:27:27.239233+00:00",
      "2026-07-18 00:27:27.239263+00:00",
      "2026-07-18 00:27:27.239276+00:00",
      "2026-07-18 00:27:27.239287+00:00",
      "2026-07-18 00:27:27.239329+00:00",
      "2026-07-18 00:27:27.239343+00:00",
      "2026-07-18 00:27:27.239358+00:00"
    ]
  },
  "page_assemble": {
    "scope": "page",
    "count": 9,
    "times": [
      0.00023882929235696793,
      0.00018895510584115982,
      0.000571063719689846,
      7.192417979240417e-05,
      0.00029965396970510483,
      0.00016505084931850433,
      0.00015396997332572937,
      0.00031386036425828934,
      0.00019332394003868103
    ],
    "start_timestamps": [
      "2026-07-18 00:27:19.508638+00:00",
      "2026-07-18 00:27:21.101155+00:00",
      "2026-07-18 00:27:27.239469+00:00",
      "2026-07-18 00:27:27.240073+00:00",
      "2026-07-18 00:27:27.240163+00:00",
      "2026-07-18 00:27:27.240483+00:00",
      "2026-07-18 00:27:27.240665+00:00",
      "2026-07-18 00:27:27.240836+00:00",
      "2026-07-18 00:27:27.241169+00:00"
    ]
  },
  "doc_assemble": {
    "scope": "document",
    "count": 1,
    "times": [
      0.34622853621840477
    ],
    "start_timestamps": [
      "2026-07-18 00:27:27.241623+00:00"
    ]
  },
  "reading_order": {
    "scope": "document",
    "count": 1,
    "times": [
      0.34561043232679367
    ],
    "start_timestamps": [
      "2026-07-18 00:27:27.241723+00:00"
    ]
  },
  "doc_enrich": {
    "scope": "document",
    "count": 1,
    "times": [
      0.0032224422320723534
    ],
    "start_timestamps": [
      "2026-07-18 00:27:27.587880+00:00"
    ]
  }
}
Function parse_pdf took 17.2659 seconds to execute.
Running: get_tables
Function get_tables took 0.0001 seconds to execute.
Running: get_surrounding_paragraphs
Function get_surrounding_paragraphs took 0.0001 seconds to execute.
