Running: parse_pdf
Raw PDF conversion timings:
{
  "pipeline_total": {
    "scope": "document",
    "count": 1,
    "times": [
      0.2812273623421788
    ],
    "start_timestamps": [
      "2026-07-18 00:32:23.037164+00:00"
    ]
  },
  "page_parse": {
    "scope": "page",
    "count": 1,
    "times": [
      0.08175458014011383
    ],
    "start_timestamps": [
      "2026-07-18 00:32:23.044200+00:00"
    ]
  },
  "ocr": {
    "scope": "page",
    "count": 1,
    "times": [
      0.12858135346323252
    ],
    "start_timestamps": [
      "2026-07-18 00:32:23.126075+00:00"
    ]
  },
  "layout": {
    "scope": "page",
    "count": 1,
    "times": [
      0.052734882570803165
    ],
    "start_timestamps": [
      "2026-07-18 00:32:23.254750+00:00"
    ]
  },
  "table_structure": {
    "scope": "page",
    "count": 1,
    "times": [
      1.7352402210235596e-05
    ],
    "start_timestamps": [
      "2026-07-18 00:32:23.314574+00:00"
    ]
  },
  "page_assemble": {
    "scope": "page",
    "count": 1,
    "times": [
      0.00016114301979541779
    ],
    "start_timestamps": [
      "2026-07-18 00:32:23.314664+00:00"
    ]
  },
  "doc_assemble": {
    "scope": "document",
    "count": 1,
    "times": [
      0.0031878892332315445
    ],
    "start_timestamps": [
      "2026-07-18 00:32:23.315006+00:00"
    ]
  },
  "reading_order": {
    "scope": "document",
    "count": 1,
    "times": [
      0.002845454029738903
    ],
    "start_timestamps": [
      "2026-07-18 00:32:23.315030+00:00"
    ]
  },
  "doc_enrich": {
    "scope": "document",
    "count": 1,
    "times": [
      0.00017235428094863892
    ],
    "start_timestamps": [
      "2026-07-18 00:32:23.318215+00:00"
    ]
  }
}
All hyperlinked elements redacted in-memory.
Clean PDF conversion timings:
{
  "pipeline_total": {
    "scope": "document",
    "count": 1,
    "times": [
      0.2782519133761525
    ],
    "start_timestamps": [
      "2026-07-18 00:32:23.329119+00:00"
    ]
  },
  "page_parse": {
    "scope": "page",
    "count": 1,
    "times": [
      0.08211102150380611
    ],
    "start_timestamps": [
      "2026-07-18 00:32:23.335805+00:00"
    ]
  },
  "ocr": {
    "scope": "page",
    "count": 1,
    "times": [
      0.1249238420277834
    ],
    "start_timestamps": [
      "2026-07-18 00:32:23.418008+00:00"
    ]
  },
  "layout": {
    "scope": "page",
    "count": 1,
    "times": [
      0.05313153937458992
    ],
    "start_timestamps": [
      "2026-07-18 00:32:23.543036+00:00"
    ]
  },
  "table_structure": {
    "scope": "page",
    "count": 1,
    "times": [
      1.6791746020317078e-05
    ],
    "start_timestamps": [
      "2026-07-18 00:32:23.603338+00:00"
    ]
  },
  "page_assemble": {
    "scope": "page",
    "count": 1,
    "times": [
      0.00019305385649204254
    ],
    "start_timestamps": [
      "2026-07-18 00:32:23.603473+00:00"
    ]
  },
  "doc_assemble": {
    "scope": "document",
    "count": 1,
    "times": [
      0.0033532697707414627
    ],
    "start_timestamps": [
      "2026-07-18 00:32:23.603816+00:00"
    ]
  },
  "reading_order": {
    "scope": "document",
    "count": 1,
    "times": [
      0.0030237706378102303
    ],
    "start_timestamps": [
      "2026-07-18 00:32:23.603837+00:00"
    ]
  },
  "doc_enrich": {
    "scope": "document",
    "count": 1,
    "times": [
      0.00017633195966482162
    ],
    "start_timestamps": [
      "2026-07-18 00:32:23.607191+00:00"
    ]
  }
}
Function parse_pdf took 0.6637 seconds to execute.
Running: get_tables
Function get_tables took 0.0000 seconds to execute.
Running: get_surrounding_paragraphs
Function get_surrounding_paragraphs took 0.0000 seconds to execute.
