Running: parse_pdf
Raw PDF conversion timings:
{
  "pipeline_total": {
    "scope": "document",
    "count": 1,
    "times": [
      13.208049229346216
    ],
    "start_timestamps": [
      "2026-07-23 17:03:02.278015+00:00"
    ]
  },
  "page_parse": {
    "scope": "page",
    "count": 9,
    "times": [
      0.10917154978960752,
      0.10893171839416027,
      0.1579655334353447,
      0.2608928056433797,
      0.18680676631629467,
      0.1396375298500061,
      0.14563236944377422,
      0.12228179723024368,
      0.06382632628083229
    ],
    "start_timestamps": [
      "2026-07-23 17:03:02.283279+00:00",
      "2026-07-23 17:03:02.392494+00:00",
      "2026-07-23 17:03:02.501466+00:00",
      "2026-07-23 17:03:02.659476+00:00",
      "2026-07-23 17:03:02.920429+00:00",
      "2026-07-23 17:03:03.107280+00:00",
      "2026-07-23 17:03:03.246960+00:00",
      "2026-07-23 17:03:03.392631+00:00",
      "2026-07-23 17:03:03.514962+00:00"
    ]
  },
  "ocr": {
    "scope": "page",
    "count": 9,
    "times": [
      1.0051249079406261,
      0.18570093624293804,
      0.9208521721884608,
      0.732403757981956,
      0.7567118518054485,
      1.4666017601266503,
      1.4922475228086114,
      0.34195891581475735,
      0.13635672815144062
    ],
    "start_timestamps": [
      "2026-07-23 17:03:02.392871+00:00",
      "2026-07-23 17:03:03.398035+00:00",
      "2026-07-23 17:03:03.583752+00:00",
      "2026-07-23 17:03:04.504620+00:00",
      "2026-07-23 17:03:05.237040+00:00",
      "2026-07-23 17:03:05.993772+00:00",
      "2026-07-23 17:03:07.460389+00:00",
      "2026-07-23 17:03:08.952752+00:00",
      "2026-07-23 17:03:09.294724+00:00"
    ]
  },
  "layout": {
    "scope": "page",
    "count": 3,
    "times": [
      0.20510156638920307,
      0.08559741638600826,
      0.07915765047073364
    ],
    "start_timestamps": [
      "2026-07-23 17:03:03.398115+00:00",
      "2026-07-23 17:03:08.952850+00:00",
      "2026-07-23 17:03:09.431218+00:00"
    ]
  },
  "table_structure": {
    "scope": "page",
    "count": 9,
    "times": [
      1.8163584172725677e-05,
      2.8293579816818237e-05,
      0.9970624083653092,
      0.29958912916481495,
      2.2230669856071472e-05,
      1.3785436749458313e-05,
      6.9122761487960815e-06,
      1.651141792535782e-05,
      1.2843869626522064e-05
    ],
    "start_timestamps": [
      "2026-07-23 17:03:03.665852+00:00",
      "2026-07-23 17:03:09.291663+00:00",
      "2026-07-23 17:03:09.291696+00:00",
      "2026-07-23 17:03:10.288774+00:00",
      "2026-07-23 17:03:10.588378+00:00",
      "2026-07-23 17:03:10.588528+00:00",
      "2026-07-23 17:03:10.588545+00:00",
      "2026-07-23 17:03:10.588556+00:00",
      "2026-07-23 17:03:10.588575+00:00"
    ]
  },
  "page_assemble": {
    "scope": "page",
    "count": 9,
    "times": [
      0.0006160587072372437,
      0.0006461450830101967,
      0.0003872094675898552,
      0.0002234308049082756,
      0.00020774081349372864,
      0.0002050967887043953,
      5.4181553423404694e-05,
      0.001297110691666603,
      0.00029905233532190323
    ],
    "start_timestamps": [
      "2026-07-23 17:03:03.665934+00:00",
      "2026-07-23 17:03:10.588696+00:00",
      "2026-07-23 17:03:10.589379+00:00",
      "2026-07-23 17:03:10.589794+00:00",
      "2026-07-23 17:03:10.590037+00:00",
      "2026-07-23 17:03:10.590262+00:00",
      "2026-07-23 17:03:10.590486+00:00",
      "2026-07-23 17:03:10.590557+00:00",
      "2026-07-23 17:03:10.591876+00:00"
    ]
  },
  "doc_assemble": {
    "scope": "document",
    "count": 1,
    "times": [
      0.04753739945590496
    ],
    "start_timestamps": [
      "2026-07-23 17:03:10.592395+00:00"
    ]
  },
  "reading_order": {
    "scope": "document",
    "count": 1,
    "times": [
      0.04694388248026371
    ],
    "start_timestamps": [
      "2026-07-23 17:03:10.592543+00:00"
    ]
  },
  "doc_enrich": {
    "scope": "document",
    "count": 1,
    "times": [
      4.846079843118787
    ],
    "start_timestamps": [
      "2026-07-23 17:03:10.639965+00:00"
    ]
  }
}
All hyperlinked elements redacted in-memory.
Clean PDF conversion timings:
{
  "pipeline_total": {
    "scope": "document",
    "count": 1,
    "times": [
      13.488406114280224
    ],
    "start_timestamps": [
      "2026-07-23 17:03:15.686855+00:00"
    ]
  },
  "page_parse": {
    "scope": "page",
    "count": 9,
    "times": [
      0.10764622129499912,
      0.10741281043738127,
      0.15810276102274656,
      0.26597177144140005,
      0.18477581534534693,
      0.1770785041153431,
      0.19542456977069378,
      0.11793510802090168,
      0.06304342206567526
    ],
    "start_timestamps": [
      "2026-07-23 17:03:15.691698+00:00",
      "2026-07-23 17:03:15.799387+00:00",
      "2026-07-23 17:03:15.906839+00:00",
      "2026-07-23 17:03:16.064983+00:00",
      "2026-07-23 17:03:16.331003+00:00",
      "2026-07-23 17:03:16.515819+00:00",
      "2026-07-23 17:03:16.692943+00:00",
      "2026-07-23 17:03:16.888419+00:00",
      "2026-07-23 17:03:17.006395+00:00"
    ]
  },
  "ocr": {
    "scope": "page",
    "count": 9,
    "times": [
      0.9654739759862423,
      0.1417143577709794,
      0.9329186044633389,
      0.7263028072193265,
      1.0589451482519507,
      1.4492129255086184,
      2.66543604247272,
      0.13631577137857676,
      0.1369628282263875
    ],
    "start_timestamps": [
      "2026-07-23 17:03:15.799725+00:00",
      "2026-07-23 17:03:16.765293+00:00",
      "2026-07-23 17:03:16.907024+00:00",
      "2026-07-23 17:03:17.839960+00:00",
      "2026-07-23 17:03:18.566280+00:00",
      "2026-07-23 17:03:19.625238+00:00",
      "2026-07-23 17:03:21.074568+00:00",
      "2026-07-23 17:03:23.740019+00:00",
      "2026-07-23 17:03:23.876344+00:00"
    ]
  },
  "layout": {
    "scope": "page",
    "count": 3,
    "times": [
      0.3211434232071042,
      0.07665305957198143,
      0.06441672705113888
    ],
    "start_timestamps": [
      "2026-07-23 17:03:16.765378+00:00",
      "2026-07-23 17:03:21.074666+00:00",
      "2026-07-23 17:03:24.013448+00:00"
    ]
  },
  "table_structure": {
    "scope": "page",
    "count": 9,
    "times": [
      2.8713606297969818e-05,
      4.1797757148742676e-05,
      1.6722325626760721,
      0.534611452370882,
      2.4916604161262512e-05,
      1.4837831258773804e-05,
      2.464745193719864e-05,
      1.582968980073929e-05,
      2.0017847418785095e-05
    ],
    "start_timestamps": [
      "2026-07-23 17:03:17.135895+00:00",
      "2026-07-23 17:03:21.394812+00:00",
      "2026-07-23 17:03:21.394858+00:00",
      "2026-07-23 17:03:23.067110+00:00",
      "2026-07-23 17:03:23.601739+00:00",
      "2026-07-23 17:03:23.601929+00:00",
      "2026-07-23 17:03:24.299340+00:00",
      "2026-07-23 17:03:24.299369+00:00",
      "2026-07-23 17:03:24.299393+00:00"
    ]
  },
  "page_assemble": {
    "scope": "page",
    "count": 9,
    "times": [
      0.0004981169477105141,
      0.0005965819582343102,
      0.0003405911847949028,
      0.00020758062601089478,
      0.00022562500089406967,
      0.00020114798098802567,
      0.0001224009320139885,
      0.0004381239414215088,
      0.00023756735026836395
    ],
    "start_timestamps": [
      "2026-07-23 17:03:17.136000+00:00",
      "2026-07-23 17:03:23.601986+00:00",
      "2026-07-23 17:03:23.602615+00:00",
      "2026-07-23 17:03:23.602980+00:00",
      "2026-07-23 17:03:23.603208+00:00",
      "2026-07-23 17:03:23.603453+00:00",
      "2026-07-23 17:03:24.299497+00:00",
      "2026-07-23 17:03:24.299656+00:00",
      "2026-07-23 17:03:24.300116+00:00"
    ]
  },
  "doc_assemble": {
    "scope": "document",
    "count": 1,
    "times": [
      0.04790589213371277
    ],
    "start_timestamps": [
      "2026-07-23 17:03:24.300557+00:00"
    ]
  },
  "reading_order": {
    "scope": "document",
    "count": 1,
    "times": [
      0.04734718147665262
    ],
    "start_timestamps": [
      "2026-07-23 17:03:24.300660+00:00"
    ]
  },
  "doc_enrich": {
    "scope": "document",
    "count": 1,
    "times": [
      4.826745606958866
    ],
    "start_timestamps": [
      "2026-07-23 17:03:24.348495+00:00"
    ]
  }
}
Function parse_pdf took 27.0581 seconds to execute.
Running: get_tables
Function get_tables took 0.0001 seconds to execute.
Running: get_surrounding_paragraphs
Function get_surrounding_paragraphs took 0.0001 seconds to execute.
