Running: parse_pdf
Raw PDF conversion timings:
{
  "pipeline_total": {
    "scope": "document",
    "count": 1,
    "times": [
      2.7682688971981406
    ],
    "start_timestamps": [
      "2026-07-23 17:15:54.734619+00:00"
    ]
  },
  "page_parse": {
    "scope": "page",
    "count": 5,
    "times": [
      0.08622592687606812,
      0.09653763938695192,
      0.0909882914274931,
      0.07794522028416395,
      0.08683773875236511
    ],
    "start_timestamps": [
      "2026-07-23 17:15:54.738332+00:00",
      "2026-07-23 17:15:54.824598+00:00",
      "2026-07-23 17:15:54.921177+00:00",
      "2026-07-23 17:15:55.012206+00:00",
      "2026-07-23 17:15:55.090194+00:00"
    ]
  },
  "ocr": {
    "scope": "page",
    "count": 5,
    "times": [
      0.18987040407955647,
      0.16642366722226143,
      1.075434496626258,
      0.900440126657486,
      0.1262576561421156
    ],
    "start_timestamps": [
      "2026-07-23 17:15:54.824883+00:00",
      "2026-07-23 17:15:55.014787+00:00",
      "2026-07-23 17:15:55.181226+00:00",
      "2026-07-23 17:15:56.256742+00:00",
      "2026-07-23 17:15:57.157199+00:00"
    ]
  },
  "layout": {
    "scope": "page",
    "count": 3,
    "times": [
      0.18292271625250578,
      0.05652207043021917,
      0.03220653720200062
    ],
    "start_timestamps": [
      "2026-07-23 17:15:55.014862+00:00",
      "2026-07-23 17:15:56.256806+00:00",
      "2026-07-23 17:15:57.283574+00:00"
    ]
  },
  "table_structure": {
    "scope": "page",
    "count": 5,
    "times": [
      2.6700086891651154e-05,
      2.5236979126930237e-05,
      8.905306458473206e-06,
      2.7501024305820465e-05,
      1.2993812561035156e-05
    ],
    "start_timestamps": [
      "2026-07-23 17:15:55.261385+00:00",
      "2026-07-23 17:15:56.345661+00:00",
      "2026-07-23 17:15:56.345690+00:00",
      "2026-07-23 17:15:57.456064+00:00",
      "2026-07-23 17:15:57.456103+00:00"
    ]
  },
  "page_assemble": {
    "scope": "page",
    "count": 5,
    "times": [
      0.002066880464553833,
      0.0003417637199163437,
      0.00016411766409873962,
      0.0016474714502692223,
      0.01784866861999035
    ],
    "start_timestamps": [
      "2026-07-23 17:15:55.261468+00:00",
      "2026-07-23 17:15:56.345747+00:00",
      "2026-07-23 17:15:56.346118+00:00",
      "2026-07-23 17:15:57.456215+00:00",
      "2026-07-23 17:15:57.457890+00:00"
    ]
  },
  "doc_assemble": {
    "scope": "document",
    "count": 1,
    "times": [
      0.025560165755450726
    ],
    "start_timestamps": [
      "2026-07-23 17:15:57.475909+00:00"
    ]
  },
  "reading_order": {
    "scope": "document",
    "count": 1,
    "times": [
      0.02512282319366932
    ],
    "start_timestamps": [
      "2026-07-23 17:15:57.475982+00:00"
    ]
  },
  "doc_enrich": {
    "scope": "document",
    "count": 1,
    "times": [
      0.0013898257166147232
    ],
    "start_timestamps": [
      "2026-07-23 17:15:57.501493+00:00"
    ]
  }
}
All hyperlinked elements redacted in-memory.
Clean PDF conversion timings:
{
  "pipeline_total": {
    "scope": "document",
    "count": 1,
    "times": [
      2.5184514950960875
    ],
    "start_timestamps": [
      "2026-07-23 17:15:57.923000+00:00"
    ]
  },
  "page_parse": {
    "scope": "page",
    "count": 5,
    "times": [
      0.07945291791111231,
      0.0944056548178196,
      0.08835646882653236,
      0.06648944411426783,
      0.0237178485840559
    ],
    "start_timestamps": [
      "2026-07-23 17:15:57.926152+00:00",
      "2026-07-23 17:15:58.005645+00:00",
      "2026-07-23 17:15:58.100092+00:00",
      "2026-07-23 17:15:58.188487+00:00",
      "2026-07-23 17:15:58.255018+00:00"
    ]
  },
  "ocr": {
    "scope": "page",
    "count": 5,
    "times": [
      0.1860955385491252,
      0.16188304964452982,
      1.036194327287376,
      0.8683267738670111,
      0.1191684901714325
    ],
    "start_timestamps": [
      "2026-07-23 17:15:58.005942+00:00",
      "2026-07-23 17:15:58.192072+00:00",
      "2026-07-23 17:15:58.353965+00:00",
      "2026-07-23 17:15:59.390258+00:00",
      "2026-07-23 17:16:00.258600+00:00"
    ]
  },
  "layout": {
    "scope": "page",
    "count": 3,
    "times": [
      0.10902334284037352,
      0.05969015508890152,
      0.027353201061487198
    ],
    "start_timestamps": [
      "2026-07-23 17:15:58.192151+00:00",
      "2026-07-23 17:15:59.390322+00:00",
      "2026-07-23 17:16:00.377904+00:00"
    ]
  },
  "table_structure": {
    "scope": "page",
    "count": 5,
    "times": [
      2.2763386368751526e-05,
      2.43261456489563e-05,
      8.847564458847046e-06,
      2.5877729058265686e-05,
      1.0719522833824158e-05
    ],
    "start_timestamps": [
      "2026-07-23 17:15:58.352439+00:00",
      "2026-07-23 17:15:59.490190+00:00",
      "2026-07-23 17:15:59.490219+00:00",
      "2026-07-23 17:16:00.420958+00:00",
      "2026-07-23 17:16:00.420989+00:00"
    ]
  },
  "page_assemble": {
    "scope": "page",
    "count": 5,
    "times": [
      0.00031888019293546677,
      0.00040169619023799896,
      0.00019753072410821915,
      0.0002696169540286064,
      0.00014263950288295746
    ],
    "start_timestamps": [
      "2026-07-23 17:15:58.352521+00:00",
      "2026-07-23 17:15:59.490275+00:00",
      "2026-07-23 17:15:59.490712+00:00",
      "2026-07-23 17:16:00.421175+00:00",
      "2026-07-23 17:16:00.421478+00:00"
    ]
  },
  "doc_assemble": {
    "scope": "document",
    "count": 1,
    "times": [
      0.01832534745335579
    ],
    "start_timestamps": [
      "2026-07-23 17:16:00.421785+00:00"
    ]
  },
  "reading_order": {
    "scope": "document",
    "count": 1,
    "times": [
      0.017885218374431133
    ],
    "start_timestamps": [
      "2026-07-23 17:16:00.421839+00:00"
    ]
  },
  "doc_enrich": {
    "scope": "document",
    "count": 1,
    "times": [
      0.0013130921870470047
    ],
    "start_timestamps": [
      "2026-07-23 17:16:00.440133+00:00"
    ]
  }
}
Function parse_pdf took 5.8201 seconds to execute.
Running: get_tables
Function get_tables took 0.0000 seconds to execute.
Running: get_surrounding_paragraphs
Function get_surrounding_paragraphs took 0.0000 seconds to execute.
