Running: parse_pdf
Raw PDF conversion timings:
{
  "pipeline_total": {
    "scope": "document",
    "count": 1,
    "times": [
      46.284472707659006
    ],
    "start_timestamps": [
      "2026-07-23 16:20:57.105992+00:00"
    ]
  },
  "page_parse": {
    "scope": "page",
    "count": 7,
    "times": [
      0.09169729799032211,
      0.08884751610457897,
      0.0887842271476984,
      0.08691244479268789,
      0.09286204911768436,
      0.10047621559351683,
      0.0807313472032547
    ],
    "start_timestamps": [
      "2026-07-23 16:20:57.110693+00:00",
      "2026-07-23 16:20:57.202442+00:00",
      "2026-07-23 16:20:57.291328+00:00",
      "2026-07-23 16:20:57.380152+00:00",
      "2026-07-23 16:20:57.467103+00:00",
      "2026-07-23 16:20:57.560006+00:00",
      "2026-07-23 16:20:57.660520+00:00"
    ]
  },
  "ocr": {
    "scope": "page",
    "count": 7,
    "times": [
      0.18180196918547153,
      0.1819323254749179,
      0.18305783346295357,
      0.8403680184856057,
      0.13384761847555637,
      0.1317753903567791,
      0.12656930647790432
    ],
    "start_timestamps": [
      "2026-07-23 16:20:57.202704+00:00",
      "2026-07-23 16:20:57.384542+00:00",
      "2026-07-23 16:20:57.566490+00:00",
      "2026-07-23 16:20:57.749581+00:00",
      "2026-07-23 16:20:58.589966+00:00",
      "2026-07-23 16:20:58.723823+00:00",
      "2026-07-23 16:20:58.855608+00:00"
    ]
  },
  "layout": {
    "scope": "page",
    "count": 3,
    "times": [
      0.2827013414353132,
      0.05809236317873001,
      0.06929212622344494
    ],
    "start_timestamps": [
      "2026-07-23 16:20:57.384625+00:00",
      "2026-07-23 16:20:57.749641+00:00",
      "2026-07-23 16:20:58.982364+00:00"
    ]
  },
  "table_structure": {
    "scope": "page",
    "count": 7,
    "times": [
      2.0458362996578217e-05,
      3.192014992237091e-05,
      0.2564142933115363,
      0.21267305966466665,
      2.4055130779743195e-05,
      0.9116932395845652,
      2.710055559873581e-05
    ],
    "start_timestamps": [
      "2026-07-23 16:20:57.743813+00:00",
      "2026-07-23 16:20:57.932746+00:00",
      "2026-07-23 16:20:57.932782+00:00",
      "2026-07-23 16:20:59.260929+00:00",
      "2026-07-23 16:20:59.473616+00:00",
      "2026-07-23 16:20:59.473643+00:00",
      "2026-07-23 16:21:00.385354+00:00"
    ]
  },
  "page_assemble": {
    "scope": "page",
    "count": 7,
    "times": [
      0.0003392789512872696,
      0.00043215323239564896,
      0.0003425348550081253,
      0.0003603873774409294,
      0.0003612395375967026,
      6.0113146901130676e-05,
      0.00022817868739366531
    ],
    "start_timestamps": [
      "2026-07-23 16:20:57.743891+00:00",
      "2026-07-23 16:20:58.189315+00:00",
      "2026-07-23 16:20:58.189787+00:00",
      "2026-07-23 16:21:00.386147+00:00",
      "2026-07-23 16:21:00.386540+00:00",
      "2026-07-23 16:21:00.386922+00:00",
      "2026-07-23 16:21:00.387000+00:00"
    ]
  },
  "doc_assemble": {
    "scope": "document",
    "count": 1,
    "times": [
      0.0270500211045146
    ],
    "start_timestamps": [
      "2026-07-23 16:21:00.387388+00:00"
    ]
  },
  "reading_order": {
    "scope": "document",
    "count": 1,
    "times": [
      0.02659019734710455
    ],
    "start_timestamps": [
      "2026-07-23 16:21:00.387470+00:00"
    ]
  },
  "doc_enrich": {
    "scope": "document",
    "count": 1,
    "times": [
      42.975984768942
    ],
    "start_timestamps": [
      "2026-07-23 16:21:00.414463+00:00"
    ]
  }
}
All hyperlinked elements redacted in-memory.
Clean PDF conversion timings:
{
  "pipeline_total": {
    "scope": "document",
    "count": 1,
    "times": [
      46.24010392930359
    ],
    "start_timestamps": [
      "2026-07-23 16:21:43.443683+00:00"
    ]
  },
  "page_parse": {
    "scope": "page",
    "count": 7,
    "times": [
      0.08920708298683167,
      0.08839079737663269,
      0.08823475427925587,
      0.08764686807990074,
      0.09354862105101347,
      0.1005595214664936,
      0.08075364865362644
    ],
    "start_timestamps": [
      "2026-07-23 16:21:43.448165+00:00",
      "2026-07-23 16:21:43.537420+00:00",
      "2026-07-23 16:21:43.625851+00:00",
      "2026-07-23 16:21:43.714123+00:00",
      "2026-07-23 16:21:43.801811+00:00",
      "2026-07-23 16:21:43.895409+00:00",
      "2026-07-23 16:21:43.995997+00:00"
    ]
  },
  "ocr": {
    "scope": "page",
    "count": 7,
    "times": [
      0.18063074629753828,
      0.18528371024876833,
      0.180912796407938,
      0.830300398170948,
      0.13095979671925306,
      0.132545018568635,
      0.1322151990607381
    ],
    "start_timestamps": [
      "2026-07-23 16:21:43.537700+00:00",
      "2026-07-23 16:21:43.718366+00:00",
      "2026-07-23 16:21:43.903666+00:00",
      "2026-07-23 16:21:44.084614+00:00",
      "2026-07-23 16:21:44.914931+00:00",
      "2026-07-23 16:21:45.045901+00:00",
      "2026-07-23 16:21:45.178456+00:00"
    ]
  },
  "layout": {
    "scope": "page",
    "count": 3,
    "times": [
      0.28553610388189554,
      0.05830920301377773,
      0.07124683260917664
    ],
    "start_timestamps": [
      "2026-07-23 16:21:43.718451+00:00",
      "2026-07-23 16:21:44.084676+00:00",
      "2026-07-23 16:21:45.310816+00:00"
    ]
  },
  "table_structure": {
    "scope": "page",
    "count": 7,
    "times": [
      2.6710331439971924e-05,
      2.234242856502533e-05,
      0.28418682515621185,
      0.21271269489079714,
      1.9397586584091187e-05,
      0.9110805243253708,
      4.2038969695568085e-05
    ],
    "start_timestamps": [
      "2026-07-23 16:21:44.078801+00:00",
      "2026-07-23 16:21:44.268417+00:00",
      "2026-07-23 16:21:44.268445+00:00",
      "2026-07-23 16:21:45.588937+00:00",
      "2026-07-23 16:21:45.801663+00:00",
      "2026-07-23 16:21:45.801686+00:00",
      "2026-07-23 16:21:46.712789+00:00"
    ]
  },
  "page_assemble": {
    "scope": "page",
    "count": 7,
    "times": [
      0.0002938834950327873,
      0.0004534013569355011,
      0.0003698458895087242,
      0.0004520611837506294,
      0.000454876571893692,
      7.119309157133102e-05,
      0.00025431811809539795
    ],
    "start_timestamps": [
      "2026-07-23 16:21:44.078877+00:00",
      "2026-07-23 16:21:44.552751+00:00",
      "2026-07-23 16:21:44.553255+00:00",
      "2026-07-23 16:21:46.713613+00:00",
      "2026-07-23 16:21:46.714110+00:00",
      "2026-07-23 16:21:46.714588+00:00",
      "2026-07-23 16:21:46.714678+00:00"
    ]
  },
  "doc_assemble": {
    "scope": "document",
    "count": 1,
    "times": [
      0.0264031533151865
    ],
    "start_timestamps": [
      "2026-07-23 16:21:46.715102+00:00"
    ]
  },
  "reading_order": {
    "scope": "document",
    "count": 1,
    "times": [
      0.025902871042490005
    ],
    "start_timestamps": [
      "2026-07-23 16:21:46.715199+00:00"
    ]
  },
  "doc_enrich": {
    "scope": "document",
    "count": 1,
    "times": [
      42.94223562069237
    ],
    "start_timestamps": [
      "2026-07-23 16:21:46.741530+00:00"
    ]
  }
}
Function parse_pdf took 92.9576 seconds to execute.
Running: get_tables
Function get_tables took 0.0001 seconds to execute.
Running: get_surrounding_paragraphs
Function get_surrounding_paragraphs took 0.0001 seconds to execute.
