Running: parse_pdf
Raw PDF conversion timings:
{
  "pipeline_total": {
    "scope": "document",
    "count": 1,
    "times": [
      7.721321129240096
    ],
    "start_timestamps": [
      "2026-07-23 16:08:05.878069+00:00"
    ]
  },
  "page_parse": {
    "scope": "page",
    "count": 7,
    "times": [
      0.09404864441603422,
      0.12097140680998564,
      0.11029230523854494,
      0.10766262747347355,
      0.171709556132555,
      0.12485346011817455,
      0.06674929242581129
    ],
    "start_timestamps": [
      "2026-07-23 16:08:05.882723+00:00",
      "2026-07-23 16:08:05.976812+00:00",
      "2026-07-23 16:08:06.097823+00:00",
      "2026-07-23 16:08:06.208161+00:00",
      "2026-07-23 16:08:06.315870+00:00",
      "2026-07-23 16:08:06.487625+00:00",
      "2026-07-23 16:08:06.612535+00:00"
    ]
  },
  "ocr": {
    "scope": "page",
    "count": 7,
    "times": [
      0.1343627916648984,
      1.1699113957583904,
      0.1543646827340126,
      0.1401137113571167,
      1.4521545823663473,
      1.5216605514287949,
      0.1328635010868311
    ],
    "start_timestamps": [
      "2026-07-23 16:08:05.977133+00:00",
      "2026-07-23 16:08:06.111536+00:00",
      "2026-07-23 16:08:07.281547+00:00",
      "2026-07-23 16:08:07.435921+00:00",
      "2026-07-23 16:08:07.576045+00:00",
      "2026-07-23 16:08:09.028216+00:00",
      "2026-07-23 16:08:10.549893+00:00"
    ]
  },
  "layout": {
    "scope": "page",
    "count": 3,
    "times": [
      0.23742282949388027,
      0.025924844667315483,
      0.07233620434999466
    ],
    "start_timestamps": [
      "2026-07-23 16:08:06.111613+00:00",
      "2026-07-23 16:08:07.281609+00:00",
      "2026-07-23 16:08:10.682956+00:00"
    ]
  },
  "table_structure": {
    "scope": "page",
    "count": 7,
    "times": [
      1.895613968372345e-05,
      2.3764558136463165e-05,
      3.737024962902069e-05,
      0.8867327999323606,
      2.2091902792453766e-05,
      9.217299520969391e-06,
      1.055840402841568e-05
    ],
    "start_timestamps": [
      "2026-07-23 16:08:06.399133+00:00",
      "2026-07-23 16:08:07.338344+00:00",
      "2026-07-23 16:08:10.984051+00:00",
      "2026-07-23 16:08:10.984093+00:00",
      "2026-07-23 16:08:11.870844+00:00",
      "2026-07-23 16:08:11.870869+00:00",
      "2026-07-23 16:08:11.871203+00:00"
    ]
  },
  "page_assemble": {
    "scope": "page",
    "count": 7,
    "times": [
      0.0003810971975326538,
      0.0003572218120098114,
      0.0006178421899676323,
      0.0003666495904326439,
      0.0002189716324210167,
      0.00027221255004405975,
      0.00021173804998397827
    ],
    "start_timestamps": [
      "2026-07-23 16:08:06.399197+00:00",
      "2026-07-23 16:08:07.338423+00:00",
      "2026-07-23 16:08:11.871287+00:00",
      "2026-07-23 16:08:11.871943+00:00",
      "2026-07-23 16:08:11.872335+00:00",
      "2026-07-23 16:08:11.872573+00:00",
      "2026-07-23 16:08:11.872863+00:00"
    ]
  },
  "doc_assemble": {
    "scope": "document",
    "count": 1,
    "times": [
      0.026631194166839123
    ],
    "start_timestamps": [
      "2026-07-23 16:08:11.873252+00:00"
    ]
  },
  "reading_order": {
    "scope": "document",
    "count": 1,
    "times": [
      0.026140931993722916
    ],
    "start_timestamps": [
      "2026-07-23 16:08:11.873359+00:00"
    ]
  },
  "doc_enrich": {
    "scope": "document",
    "count": 1,
    "times": [
      1.699463240802288
    ],
    "start_timestamps": [
      "2026-07-23 16:08:11.899907+00:00"
    ]
  }
}
All hyperlinked elements redacted in-memory.
Clean PDF conversion timings:
{
  "pipeline_total": {
    "scope": "document",
    "count": 1,
    "times": [
      8.07345141004771
    ],
    "start_timestamps": [
      "2026-07-23 16:08:13.680260+00:00"
    ]
  },
  "page_parse": {
    "scope": "page",
    "count": 7,
    "times": [
      0.09411582071334124,
      0.12184495944529772,
      0.11190416757017374,
      0.10742305777966976,
      0.2734119910746813,
      0.12240983359515667,
      0.06057427451014519
    ],
    "start_timestamps": [
      "2026-07-23 16:08:13.684903+00:00",
      "2026-07-23 16:08:13.779060+00:00",
      "2026-07-23 16:08:13.900946+00:00",
      "2026-07-23 16:08:14.012892+00:00",
      "2026-07-23 16:08:14.120360+00:00",
      "2026-07-23 16:08:14.393815+00:00",
      "2026-07-23 16:08:14.516267+00:00"
    ]
  },
  "ocr": {
    "scope": "page",
    "count": 7,
    "times": [
      0.13720082119107246,
      1.2569018211215734,
      0.3403900945559144,
      0.146486041136086,
      1.4816211108118296,
      1.569464378990233,
      0.13387790881097317
    ],
    "start_timestamps": [
      "2026-07-23 16:08:13.779383+00:00",
      "2026-07-23 16:08:13.916629+00:00",
      "2026-07-23 16:08:15.173628+00:00",
      "2026-07-23 16:08:15.514027+00:00",
      "2026-07-23 16:08:15.660522+00:00",
      "2026-07-23 16:08:17.142161+00:00",
      "2026-07-23 16:08:18.711650+00:00"
    ]
  },
  "layout": {
    "scope": "page",
    "count": 3,
    "times": [
      0.23407883755862713,
      0.025332431308925152,
      0.07331419363617897
    ],
    "start_timestamps": [
      "2026-07-23 16:08:13.916709+00:00",
      "2026-07-23 16:08:15.173687+00:00",
      "2026-07-23 16:08:18.845730+00:00"
    ]
  },
  "table_structure": {
    "scope": "page",
    "count": 7,
    "times": [
      1.627020537853241e-05,
      2.5787390768527985e-05,
      2.677924931049347e-05,
      0.8867872525006533,
      2.030748873949051e-05,
      7.13299959897995e-06,
      1.048017293214798e-05
    ],
    "start_timestamps": [
      "2026-07-23 16:08:14.403882+00:00",
      "2026-07-23 16:08:15.507194+00:00",
      "2026-07-23 16:08:19.137901+00:00",
      "2026-07-23 16:08:19.137932+00:00",
      "2026-07-23 16:08:20.024734+00:00",
      "2026-07-23 16:08:20.024758+00:00",
      "2026-07-23 16:08:20.025085+00:00"
    ]
  },
  "page_assemble": {
    "scope": "page",
    "count": 7,
    "times": [
      0.00032079312950372696,
      0.0004100510850548744,
      0.0006005298346281052,
      0.0002856571227312088,
      0.0002132616937160492,
      0.0002237008884549141,
      0.00020862184464931488
    ],
    "start_timestamps": [
      "2026-07-23 16:08:14.403953+00:00",
      "2026-07-23 16:08:15.507263+00:00",
      "2026-07-23 16:08:20.025262+00:00",
      "2026-07-23 16:08:20.025896+00:00",
      "2026-07-23 16:08:20.026206+00:00",
      "2026-07-23 16:08:20.026440+00:00",
      "2026-07-23 16:08:20.026681+00:00"
    ]
  },
  "doc_assemble": {
    "scope": "document",
    "count": 1,
    "times": [
      0.022880577482283115
    ],
    "start_timestamps": [
      "2026-07-23 16:08:20.027087+00:00"
    ]
  },
  "reading_order": {
    "scope": "document",
    "count": 1,
    "times": [
      0.02233328763395548
    ],
    "start_timestamps": [
      "2026-07-23 16:08:20.027199+00:00"
    ]
  },
  "doc_enrich": {
    "scope": "document",
    "count": 1,
    "times": [
      1.7036936897784472
    ],
    "start_timestamps": [
      "2026-07-23 16:08:20.049999+00:00"
    ]
  }
}
Function parse_pdf took 15.9471 seconds to execute.
Running: get_tables
Function get_tables took 0.0001 seconds to execute.
Running: get_surrounding_paragraphs
Function get_surrounding_paragraphs took 0.0001 seconds to execute.
