Running: parse_pdf
Raw PDF conversion timings:
{
  "pipeline_total": {
    "scope": "document",
    "count": 1,
    "times": [
      4.762569807469845
    ],
    "start_timestamps": [
      "2026-07-17 20:13:36.529004+00:00"
    ]
  },
  "page_parse": {
    "scope": "page",
    "count": 7,
    "times": [
      0.067997170612216,
      0.11058573797345161,
      0.08569027855992317,
      0.07658382970839739,
      0.08264122996479273,
      0.09004272893071175,
      0.05837278999388218
    ],
    "start_timestamps": [
      "2026-07-17 20:13:36.532974+00:00",
      "2026-07-17 20:13:36.601011+00:00",
      "2026-07-17 20:13:36.711635+00:00",
      "2026-07-17 20:13:36.797365+00:00",
      "2026-07-17 20:13:36.873989+00:00",
      "2026-07-17 20:13:36.956672+00:00",
      "2026-07-17 20:13:37.046757+00:00"
    ]
  },
  "ocr": {
    "scope": "page",
    "count": 7,
    "times": [
      0.12343424744904041,
      0.15272197220474482,
      0.1756214564666152,
      0.12010626401752234,
      1.0387890003621578,
      0.12270414270460606,
      0.12677136715501547
    ],
    "start_timestamps": [
      "2026-07-17 20:13:36.601262+00:00",
      "2026-07-17 20:13:36.724747+00:00",
      "2026-07-17 20:13:36.877521+00:00",
      "2026-07-17 20:13:37.053158+00:00",
      "2026-07-17 20:13:37.173328+00:00",
      "2026-07-17 20:13:38.212138+00:00",
      "2026-07-17 20:13:38.334853+00:00"
    ]
  },
  "layout": {
    "scope": "page",
    "count": 4,
    "times": [
      0.24457745254039764,
      0.06860094796866179,
      0.05871801916509867,
      0.06396924238651991
    ],
    "start_timestamps": [
      "2026-07-17 20:13:36.724812+00:00",
      "2026-07-17 20:13:37.049282+00:00",
      "2026-07-17 20:13:37.173433+00:00",
      "2026-07-17 20:13:38.461766+00:00"
    ]
  },
  "table_structure": {
    "scope": "page",
    "count": 7,
    "times": [
      1.4076009392738342e-05,
      2.1521002054214478e-05,
      0.6750374305993319,
      0.4046748634427786,
      0.3616646444424987,
      0.3967867186293006,
      2.5418587028980255e-05
    ],
    "start_timestamps": [
      "2026-07-17 20:13:37.049386+00:00",
      "2026-07-17 20:13:37.131213+00:00",
      "2026-07-17 20:13:37.278713+00:00",
      "2026-07-17 20:13:37.953768+00:00",
      "2026-07-17 20:13:38.612084+00:00",
      "2026-07-17 20:13:38.973763+00:00",
      "2026-07-17 20:13:39.370564+00:00"
    ]
  },
  "page_assemble": {
    "scope": "page",
    "count": 7,
    "times": [
      0.00018470827490091324,
      0.0001684967428445816,
      0.0003052949905395508,
      0.00020058732479810715,
      0.00025931745767593384,
      0.00022242777049541473,
      0.00023251865059137344
    ],
    "start_timestamps": [
      "2026-07-17 20:13:37.049455+00:00",
      "2026-07-17 20:13:37.131272+00:00",
      "2026-07-17 20:13:38.358654+00:00",
      "2026-07-17 20:13:38.359007+00:00",
      "2026-07-17 20:13:39.370831+00:00",
      "2026-07-17 20:13:39.371128+00:00",
      "2026-07-17 20:13:39.371375+00:00"
    ]
  },
  "doc_assemble": {
    "scope": "document",
    "count": 1,
    "times": [
      0.019895190373063087
    ],
    "start_timestamps": [
      "2026-07-17 20:13:39.371774+00:00"
    ]
  },
  "reading_order": {
    "scope": "document",
    "count": 1,
    "times": [
      0.01946155447512865
    ],
    "start_timestamps": [
      "2026-07-17 20:13:39.371852+00:00"
    ]
  },
  "doc_enrich": {
    "scope": "document",
    "count": 1,
    "times": [
      1.899865411221981
    ],
    "start_timestamps": [
      "2026-07-17 20:13:39.391692+00:00"
    ]
  }
}
All hyperlinked elements redacted in-memory.
Clean PDF conversion timings:
{
  "pipeline_total": {
    "scope": "document",
    "count": 1,
    "times": [
      4.714963567443192
    ],
    "start_timestamps": [
      "2026-07-17 20:13:41.327799+00:00"
    ]
  },
  "page_parse": {
    "scope": "page",
    "count": 7,
    "times": [
      0.06620554067194462,
      0.11096365842968225,
      0.09749450162053108,
      0.07721286360174417,
      0.08123930264264345,
      0.09494547545909882,
      0.05437781196087599
    ],
    "start_timestamps": [
      "2026-07-17 20:13:41.331564+00:00",
      "2026-07-17 20:13:41.397810+00:00",
      "2026-07-17 20:13:41.508811+00:00",
      "2026-07-17 20:13:41.606347+00:00",
      "2026-07-17 20:13:41.683603+00:00",
      "2026-07-17 20:13:41.764892+00:00",
      "2026-07-17 20:13:41.859879+00:00"
    ]
  },
  "ocr": {
    "scope": "page",
    "count": 7,
    "times": [
      0.12269551586359739,
      0.16638166829943657,
      0.17774385027587414,
      0.11883194465190172,
      0.947959422133863,
      0.12054101191461086,
      0.12229091580957174
    ],
    "start_timestamps": [
      "2026-07-17 20:13:41.398020+00:00",
      "2026-07-17 20:13:41.520768+00:00",
      "2026-07-17 20:13:41.687182+00:00",
      "2026-07-17 20:13:41.864940+00:00",
      "2026-07-17 20:13:41.983819+00:00",
      "2026-07-17 20:13:42.931795+00:00",
      "2026-07-17 20:13:43.052353+00:00"
    ]
  },
  "layout": {
    "scope": "page",
    "count": 4,
    "times": [
      0.24769502878189087,
      0.1279322523623705,
      0.05915064364671707,
      0.09187615942209959
    ],
    "start_timestamps": [
      "2026-07-17 20:13:41.520842+00:00",
      "2026-07-17 20:13:41.791501+00:00",
      "2026-07-17 20:13:41.983910+00:00",
      "2026-07-17 20:13:43.174772+00:00"
    ]
  },
  "table_structure": {
    "scope": "page",
    "count": 7,
    "times": [
      2.095010131597519e-05,
      2.233218401670456e-05,
      0.7075442932546139,
      0.46125504933297634,
      0.36564453411847353,
      0.4012508299201727,
      2.583954483270645e-05
    ],
    "start_timestamps": [
      "2026-07-17 20:13:41.791621+00:00",
      "2026-07-17 20:13:41.932743+00:00",
      "2026-07-17 20:13:42.092562+00:00",
      "2026-07-17 20:13:42.800124+00:00",
      "2026-07-17 20:13:43.353121+00:00",
      "2026-07-17 20:13:43.718782+00:00",
      "2026-07-17 20:13:44.120048+00:00"
    ]
  },
  "page_assemble": {
    "scope": "page",
    "count": 7,
    "times": [
      0.00025509949773550034,
      0.0001659626141190529,
      0.00025148410350084305,
      0.00017451774328947067,
      0.00023806840181350708,
      0.00018721166998147964,
      0.00017793476581573486
    ],
    "start_timestamps": [
      "2026-07-17 20:13:41.791718+00:00",
      "2026-07-17 20:13:41.932808+00:00",
      "2026-07-17 20:13:43.261570+00:00",
      "2026-07-17 20:13:43.261853+00:00",
      "2026-07-17 20:13:44.120314+00:00",
      "2026-07-17 20:13:44.120590+00:00",
      "2026-07-17 20:13:44.120799+00:00"
    ]
  },
  "doc_assemble": {
    "scope": "document",
    "count": 1,
    "times": [
      0.0210364181548357
    ],
    "start_timestamps": [
      "2026-07-17 20:13:44.121253+00:00"
    ]
  },
  "reading_order": {
    "scope": "document",
    "count": 1,
    "times": [
      0.020515939220786095
    ],
    "start_timestamps": [
      "2026-07-17 20:13:44.121367+00:00"
    ]
  },
  "doc_enrich": {
    "scope": "document",
    "count": 1,
    "times": [
      1.9004382593557239
    ],
    "start_timestamps": [
      "2026-07-17 20:13:44.142310+00:00"
    ]
  }
}
Function parse_pdf took 9.5891 seconds to execute.
Running: get_tables
Function get_tables took 0.0000 seconds to execute.
Running: get_surrounding_paragraphs
Function get_surrounding_paragraphs took 0.0001 seconds to execute.
