Running: parse_pdf
Raw PDF conversion timings:
{
  "pipeline_total": {
    "scope": "document",
    "count": 1,
    "times": [
      8.055480187758803
    ],
    "start_timestamps": [
      "2026-07-23 17:32:59.941895+00:00"
    ]
  },
  "page_parse": {
    "scope": "page",
    "count": 8,
    "times": [
      0.08952992875128984,
      0.14035159721970558,
      0.1534715062007308,
      0.13433171715587378,
      0.14234813395887613,
      0.14903156086802483,
      0.22838299721479416,
      0.06888993922621012
    ],
    "start_timestamps": [
      "2026-07-23 17:32:59.946147+00:00",
      "2026-07-23 17:33:00.035716+00:00",
      "2026-07-23 17:33:00.176107+00:00",
      "2026-07-23 17:33:00.329625+00:00",
      "2026-07-23 17:33:00.464055+00:00",
      "2026-07-23 17:33:00.606507+00:00",
      "2026-07-23 17:33:00.755578+00:00",
      "2026-07-23 17:33:00.984012+00:00"
    ]
  },
  "ocr": {
    "scope": "page",
    "count": 8,
    "times": [
      1.2775061000138521,
      0.9454399608075619,
      0.12236429657787085,
      0.118816371075809,
      1.6587639302015305,
      0.8540419060736895,
      0.12324508465826511,
      0.11848764307796955
    ],
    "start_timestamps": [
      "2026-07-23 17:33:00.035961+00:00",
      "2026-07-23 17:33:01.313567+00:00",
      "2026-07-23 17:33:02.259023+00:00",
      "2026-07-23 17:33:02.381396+00:00",
      "2026-07-23 17:33:02.500221+00:00",
      "2026-07-23 17:33:04.159005+00:00",
      "2026-07-23 17:33:05.013063+00:00",
      "2026-07-23 17:33:05.136320+00:00"
    ]
  },
  "layout": {
    "scope": "page",
    "count": 2,
    "times": [
      0.07087586540728807,
      0.0933424336835742
    ],
    "start_timestamps": [
      "2026-07-23 17:33:01.313651+00:00",
      "2026-07-23 17:33:05.255003+00:00"
    ]
  },
  "table_structure": {
    "scope": "page",
    "count": 8,
    "times": [
      1.622922718524933e-05,
      2.7531757950782776e-05,
      1.048017293214798e-05,
      0.4466820862144232,
      2.7010217308998108e-05,
      0.22679810505360365,
      2.3193657398223877e-05,
      7.674098014831543e-06
    ],
    "start_timestamps": [
      "2026-07-23 17:33:01.404023+00:00",
      "2026-07-23 17:33:05.739725+00:00",
      "2026-07-23 17:33:05.739758+00:00",
      "2026-07-23 17:33:05.739772+00:00",
      "2026-07-23 17:33:06.186470+00:00",
      "2026-07-23 17:33:06.186664+00:00",
      "2026-07-23 17:33:06.413477+00:00",
      "2026-07-23 17:33:06.413503+00:00"
    ]
  },
  "page_assemble": {
    "scope": "page",
    "count": 8,
    "times": [
      0.0002874210476875305,
      0.00042787566781044006,
      0.00035419687628746033,
      0.0003122277557849884,
      0.00035781413316726685,
      0.0004159826785326004,
      0.0004880391061306,
      0.00019028875976800919
    ],
    "start_timestamps": [
      "2026-07-23 17:33:01.404106+00:00",
      "2026-07-23 17:33:06.187614+00:00",
      "2026-07-23 17:33:06.188072+00:00",
      "2026-07-23 17:33:06.188448+00:00",
      "2026-07-23 17:33:06.188780+00:00",
      "2026-07-23 17:33:06.413677+00:00",
      "2026-07-23 17:33:06.414134+00:00",
      "2026-07-23 17:33:06.414643+00:00"
    ]
  },
  "doc_assemble": {
    "scope": "document",
    "count": 1,
    "times": [
      0.04369694832712412
    ],
    "start_timestamps": [
      "2026-07-23 17:33:06.415024+00:00"
    ]
  },
  "reading_order": {
    "scope": "document",
    "count": 1,
    "times": [
      0.04315605200827122
    ],
    "start_timestamps": [
      "2026-07-23 17:33:06.415117+00:00"
    ]
  },
  "doc_enrich": {
    "scope": "document",
    "count": 1,
    "times": [
      1.5386032592505217
    ],
    "start_timestamps": [
      "2026-07-23 17:33:06.458752+00:00"
    ]
  }
}
All hyperlinked elements redacted in-memory.
Clean PDF conversion timings:
{
  "pipeline_total": {
    "scope": "document",
    "count": 1,
    "times": [
      8.005742399953306
    ],
    "start_timestamps": [
      "2026-07-23 17:33:08.055617+00:00"
    ]
  },
  "page_parse": {
    "scope": "page",
    "count": 8,
    "times": [
      0.09325774479657412,
      0.14159328397363424,
      0.15691655036062002,
      0.2973780035972595,
      0.13915610779076815,
      0.14798391051590443,
      0.25544252805411816,
      0.09566062688827515
    ],
    "start_timestamps": [
      "2026-07-23 17:33:08.060638+00:00",
      "2026-07-23 17:33:08.153936+00:00",
      "2026-07-23 17:33:08.295570+00:00",
      "2026-07-23 17:33:08.452535+00:00",
      "2026-07-23 17:33:08.749954+00:00",
      "2026-07-23 17:33:08.889156+00:00",
      "2026-07-23 17:33:09.037183+00:00",
      "2026-07-23 17:33:09.292669+00:00"
    ]
  },
  "ocr": {
    "scope": "page",
    "count": 8,
    "times": [
      1.3222706988453865,
      0.9296562783420086,
      0.12134035024791956,
      0.11825634818524122,
      1.6039559114724398,
      0.8442086325958371,
      0.12251937948167324,
      0.12276647426187992
    ],
    "start_timestamps": [
      "2026-07-23 17:33:08.154250+00:00",
      "2026-07-23 17:33:09.476595+00:00",
      "2026-07-23 17:33:10.406267+00:00",
      "2026-07-23 17:33:10.527616+00:00",
      "2026-07-23 17:33:10.645882+00:00",
      "2026-07-23 17:33:12.249861+00:00",
      "2026-07-23 17:33:13.094086+00:00",
      "2026-07-23 17:33:13.216615+00:00"
    ]
  },
  "layout": {
    "scope": "page",
    "count": 2,
    "times": [
      0.06781317293643951,
      0.09346928354352713
    ],
    "start_timestamps": [
      "2026-07-23 17:33:09.476675+00:00",
      "2026-07-23 17:33:13.339587+00:00"
    ]
  },
  "table_structure": {
    "scope": "page",
    "count": 8,
    "times": [
      1.6050413250923157e-05,
      2.7370639145374298e-05,
      2.0469538867473602e-05,
      0.43826281279325485,
      2.4827197194099426e-05,
      0.22661455813795328,
      3.55476513504982e-05,
      1.3344921171665192e-05
    ],
    "start_timestamps": [
      "2026-07-23 17:33:09.563285+00:00",
      "2026-07-23 17:33:13.815361+00:00",
      "2026-07-23 17:33:13.815393+00:00",
      "2026-07-23 17:33:13.815421+00:00",
      "2026-07-23 17:33:14.253698+00:00",
      "2026-07-23 17:33:14.253888+00:00",
      "2026-07-23 17:33:14.480518+00:00",
      "2026-07-23 17:33:14.480557+00:00"
    ]
  },
  "page_assemble": {
    "scope": "page",
    "count": 8,
    "times": [
      0.0002539483830332756,
      0.0004838109016418457,
      0.000398389995098114,
      0.0003234976902604103,
      0.0003537554293870926,
      0.000423637218773365,
      0.0005140276625752449,
      0.00019229110330343246
    ],
    "start_timestamps": [
      "2026-07-23 17:33:09.563369+00:00",
      "2026-07-23 17:33:14.253959+00:00",
      "2026-07-23 17:33:14.254479+00:00",
      "2026-07-23 17:33:14.254902+00:00",
      "2026-07-23 17:33:14.255246+00:00",
      "2026-07-23 17:33:14.480749+00:00",
      "2026-07-23 17:33:14.481209+00:00",
      "2026-07-23 17:33:14.481743+00:00"
    ]
  },
  "doc_assemble": {
    "scope": "document",
    "count": 1,
    "times": [
      0.04352630954235792
    ],
    "start_timestamps": [
      "2026-07-23 17:33:14.482131+00:00"
    ]
  },
  "reading_order": {
    "scope": "document",
    "count": 1,
    "times": [
      0.042994468472898006
    ],
    "start_timestamps": [
      "2026-07-23 17:33:14.482215+00:00"
    ]
  },
  "doc_enrich": {
    "scope": "document",
    "count": 1,
    "times": [
      1.5356532577425241
    ],
    "start_timestamps": [
      "2026-07-23 17:33:14.525688+00:00"
    ]
  }
}
Function parse_pdf took 16.2264 seconds to execute.
Running: get_tables
Function get_tables took 0.0001 seconds to execute.
Running: get_surrounding_paragraphs
Function get_surrounding_paragraphs took 0.0001 seconds to execute.
