Running: parse_pdf
Raw PDF conversion timings:
{
  "pipeline_total": {
    "scope": "document",
    "count": 1,
    "times": [
      9.032302640378475
    ],
    "start_timestamps": [
      "2026-07-18 00:14:09.521898+00:00"
    ]
  },
  "page_parse": {
    "scope": "page",
    "count": 9,
    "times": [
      0.11109771952033043,
      0.09723888989537954,
      0.1170886242762208,
      0.10707521066069603,
      0.12441634386777878,
      0.1464548073709011,
      0.13800528645515442,
      0.10616227239370346,
      0.11587129347026348
    ],
    "start_timestamps": [
      "2026-07-18 00:14:09.529229+00:00",
      "2026-07-18 00:14:09.640368+00:00",
      "2026-07-18 00:14:09.737650+00:00",
      "2026-07-18 00:14:09.854786+00:00",
      "2026-07-18 00:14:09.961907+00:00",
      "2026-07-18 00:14:10.086368+00:00",
      "2026-07-18 00:14:10.232862+00:00",
      "2026-07-18 00:14:10.370910+00:00",
      "2026-07-18 00:14:10.477121+00:00"
    ]
  },
  "ocr": {
    "scope": "page",
    "count": 9,
    "times": [
      1.2428397443145514,
      0.1521839890629053,
      0.6948782056570053,
      0.12732176203280687,
      1.5407214062288404,
      1.6762120705097914,
      0.9994462495669723,
      0.1253874721005559,
      0.12978386599570513
    ],
    "start_timestamps": [
      "2026-07-18 00:14:09.640713+00:00",
      "2026-07-18 00:14:10.883618+00:00",
      "2026-07-18 00:14:11.035823+00:00",
      "2026-07-18 00:14:11.730718+00:00",
      "2026-07-18 00:14:11.858051+00:00",
      "2026-07-18 00:14:13.398790+00:00",
      "2026-07-18 00:14:15.075018+00:00",
      "2026-07-18 00:14:16.074481+00:00",
      "2026-07-18 00:14:16.199880+00:00"
    ]
  },
  "layout": {
    "scope": "page",
    "count": 2,
    "times": [
      0.07694284617900848,
      0.10257694590836763
    ],
    "start_timestamps": [
      "2026-07-18 00:14:10.883688+00:00",
      "2026-07-18 00:14:16.329935+00:00"
    ]
  },
  "table_structure": {
    "scope": "page",
    "count": 9,
    "times": [
      1.9976869225502014e-05,
      4.7530047595500946e-05,
      1.118052750825882e-05,
      9.11671668291092e-06,
      6.923452019691467e-06,
      9.227544069290161e-06,
      7.584691047668457e-06,
      8.977018296718597e-06,
      7.763504981994629e-06
    ],
    "start_timestamps": [
      "2026-07-18 00:14:11.024574+00:00",
      "2026-07-18 00:14:17.023393+00:00",
      "2026-07-18 00:14:17.023446+00:00",
      "2026-07-18 00:14:17.023461+00:00",
      "2026-07-18 00:14:17.023474+00:00",
      "2026-07-18 00:14:17.023518+00:00",
      "2026-07-18 00:14:17.023532+00:00",
      "2026-07-18 00:14:17.023543+00:00",
      "2026-07-18 00:14:17.023555+00:00"
    ]
  },
  "page_assemble": {
    "scope": "page",
    "count": 9,
    "times": [
      0.0035600094124674797,
      0.0005607558414340019,
      0.0015941895544528961,
      0.000701109878718853,
      0.0012128921225667,
      0.0013230601325631142,
      0.0015735924243927002,
      0.011526690796017647,
      0.013755866326391697
    ],
    "start_timestamps": [
      "2026-07-18 00:14:11.024645+00:00",
      "2026-07-18 00:14:17.023627+00:00",
      "2026-07-18 00:14:17.024216+00:00",
      "2026-07-18 00:14:17.025834+00:00",
      "2026-07-18 00:14:17.026556+00:00",
      "2026-07-18 00:14:17.027790+00:00",
      "2026-07-18 00:14:17.029133+00:00",
      "2026-07-18 00:14:17.030735+00:00",
      "2026-07-18 00:14:17.042290+00:00"
    ]
  },
  "doc_assemble": {
    "scope": "document",
    "count": 1,
    "times": [
      0.04503753408789635
    ],
    "start_timestamps": [
      "2026-07-18 00:14:17.056228+00:00"
    ]
  },
  "reading_order": {
    "scope": "document",
    "count": 1,
    "times": [
      0.044555927626788616
    ],
    "start_timestamps": [
      "2026-07-18 00:14:17.056329+00:00"
    ]
  },
  "doc_enrich": {
    "scope": "document",
    "count": 1,
    "times": [
      1.4528982248157263
    ],
    "start_timestamps": [
      "2026-07-18 00:14:17.101289+00:00"
    ]
  }
}
All hyperlinked elements redacted in-memory.
--- Logging error ---
Traceback (most recent call last):
  File "/mnt/iusers01/fatpou01/chem02/b07755hv/.local/lib/python3.12/site-packages/rapidocr/main.py", line 130, in run_ocr_steps
    cropped_img_list, det_res = self.detect_and_crop(img, op_record)
                                ^^^^^^^^^^^^^^^^^^^^^^^^^^^^^^^^^^^^
  File "/mnt/iusers01/fatpou01/chem02/b07755hv/.local/lib/python3.12/site-packages/rapidocr/main.py", line 298, in detect_and_crop
    raise RapidOCRError("The text detection result is empty")
rapidocr.main.RapidOCRError: The text detection result is empty

During handling of the above exception, another exception occurred:

Traceback (most recent call last):
  File "/mnt/iusers01/fatpou01/chem02/b07755hv/.conda/envs/env/lib/python3.12/logging/__init__.py", line 1163, in emit
    stream.write(msg + self.terminator)
  File "/mnt/iusers01/fatpou01/chem02/b07755hv/ChemistryExtract/src/chemstractor/lib/extractor.py", line 298, in write
    self.file.write(data)
ValueError: I/O operation on closed file.
Call stack:
  File "/mnt/iusers01/fatpou01/chem02/b07755hv/.conda/envs/env/lib/python3.12/threading.py", line 1030, in _bootstrap
    self._bootstrap_inner()
  File "/mnt/iusers01/fatpou01/chem02/b07755hv/.conda/envs/env/lib/python3.12/threading.py", line 1073, in _bootstrap_inner
    self.run()
  File "/mnt/iusers01/fatpou01/chem02/b07755hv/.conda/envs/env/lib/python3.12/threading.py", line 1010, in run
    self._target(*self._args, **self._kwargs)
  File "/mnt/iusers01/fatpou01/chem02/b07755hv/.local/lib/python3.12/site-packages/docling/pipeline/standard_pdf_pipeline.py", line 279, in _run
    processed = self._process_batch(batch)
  File "/mnt/iusers01/fatpou01/chem02/b07755hv/.local/lib/python3.12/site-packages/docling/pipeline/standard_pdf_pipeline.py", line 344, in _process_batch
    processed_pages = list(self.model(good[0].conv_res, pages))  # type: ignore[arg-type]
  File "/mnt/iusers01/fatpou01/chem02/b07755hv/.local/lib/python3.12/site-packages/docling/models/stages/ocr/rapid_ocr_model.py", line 491, in __call__
    result = self.reader(
  File "/mnt/iusers01/fatpou01/chem02/b07755hv/.local/lib/python3.12/site-packages/rapidocr/main.py", line 120, in __call__
    det_res, cls_res, rec_res, cropped_img_list = self.run_ocr_steps(img, op_record)
  File "/mnt/iusers01/fatpou01/chem02/b07755hv/.local/lib/python3.12/site-packages/rapidocr/main.py", line 132, in run_ocr_steps
    logger.warning(e)
Message: RapidOCRError('The text detection result is empty')
Arguments: ()
RapidOCR returned empty result!
Clean PDF conversion timings:
{
  "pipeline_total": {
    "scope": "document",
    "count": 1,
    "times": [
      9.348099843598902
    ],
    "start_timestamps": [
      "2026-07-18 00:14:19.080915+00:00"
    ]
  },
  "page_parse": {
    "scope": "page",
    "count": 9,
    "times": [
      0.10379899572581053,
      0.095343803986907,
      0.1243540570139885,
      0.10784079227596521,
      0.11968687362968922,
      0.1135547449812293,
      0.10696632601320744,
      0.3610810451209545,
      0.06600945070385933
    ],
    "start_timestamps": [
      "2026-07-18 00:14:19.087366+00:00",
      "2026-07-18 00:14:19.191212+00:00",
      "2026-07-18 00:14:19.286594+00:00",
      "2026-07-18 00:14:19.410986+00:00",
      "2026-07-18 00:14:19.518877+00:00",
      "2026-07-18 00:14:19.638613+00:00",
      "2026-07-18 00:14:19.752212+00:00",
      "2026-07-18 00:14:19.859220+00:00",
      "2026-07-18 00:14:20.220339+00:00"
    ]
  },
  "ocr": {
    "scope": "page",
    "count": 9,
    "times": [
      1.5101548340171576,
      0.14859715942293406,
      0.7582056485116482,
      0.12924996949732304,
      1.4292514957487583,
      1.7953537730500102,
      0.9820865653455257,
      0.1258238311856985,
      0.1239929050207138
    ],
    "start_timestamps": [
      "2026-07-18 00:14:19.191518+00:00",
      "2026-07-18 00:14:20.701739+00:00",
      "2026-07-18 00:14:20.850345+00:00",
      "2026-07-18 00:14:21.608569+00:00",
      "2026-07-18 00:14:21.737833+00:00",
      "2026-07-18 00:14:23.167104+00:00",
      "2026-07-18 00:14:24.962473+00:00",
      "2026-07-18 00:14:25.944600+00:00",
      "2026-07-18 00:14:26.070436+00:00"
    ]
  },
  "layout": {
    "scope": "page",
    "count": 2,
    "times": [
      0.09540239535272121,
      0.11128384806215763
    ],
    "start_timestamps": [
      "2026-07-18 00:14:20.701814+00:00",
      "2026-07-18 00:14:26.194640+00:00"
    ]
  },
  "table_structure": {
    "scope": "page",
    "count": 9,
    "times": [
      1.7642974853515625e-05,
      2.4575740098953247e-05,
      1.0670162737369537e-05,
      8.055008947849274e-06,
      6.241723895072937e-06,
      8.685514330863953e-06,
      7.604248821735382e-06,
      1.0989606380462646e-05,
      8.195638656616211e-06
    ],
    "start_timestamps": [
      "2026-07-18 00:14:20.840909+00:00",
      "2026-07-18 00:14:26.920146+00:00",
      "2026-07-18 00:14:26.920176+00:00",
      "2026-07-18 00:14:26.920191+00:00",
      "2026-07-18 00:14:26.920203+00:00",
      "2026-07-18 00:14:26.920244+00:00",
      "2026-07-18 00:14:26.920257+00:00",
      "2026-07-18 00:14:26.920268+00:00",
      "2026-07-18 00:14:26.920283+00:00"
    ]
  },
  "page_assemble": {
    "scope": "page",
    "count": 9,
    "times": [
      0.0005319910123944283,
      0.00031538400799036026,
      0.000937524251639843,
      0.0003241300582885742,
      0.0005694320425391197,
      0.0006454549729824066,
      0.0006879149004817009,
      0.003897475078701973,
      0.00023951102048158646
    ],
    "start_timestamps": [
      "2026-07-18 00:14:20.840986+00:00",
      "2026-07-18 00:14:26.920397+00:00",
      "2026-07-18 00:14:26.920740+00:00",
      "2026-07-18 00:14:26.921699+00:00",
      "2026-07-18 00:14:26.922042+00:00",
      "2026-07-18 00:14:26.922630+00:00",
      "2026-07-18 00:14:26.923294+00:00",
      "2026-07-18 00:14:26.924000+00:00",
      "2026-07-18 00:14:26.927921+00:00"
    ]
  },
  "doc_assemble": {
    "scope": "document",
    "count": 1,
    "times": [
      0.05108084063977003
    ],
    "start_timestamps": [
      "2026-07-18 00:14:26.928348+00:00"
    ]
  },
  "reading_order": {
    "scope": "document",
    "count": 1,
    "times": [
      0.05056183412671089
    ],
    "start_timestamps": [
      "2026-07-18 00:14:26.928446+00:00"
    ]
  },
  "doc_enrich": {
    "scope": "document",
    "count": 1,
    "times": [
      1.449548363685608
    ],
    "start_timestamps": [
      "2026-07-18 00:14:26.979452+00:00"
    ]
  }
}
Function parse_pdf took 19.1685 seconds to execute.
Running: get_tables
Function get_tables took 0.0001 seconds to execute.
Running: get_surrounding_paragraphs
Function get_surrounding_paragraphs took 0.0001 seconds to execute.
