Running: parse_pdf
Raw PDF conversion timings:
{
  "pipeline_total": {
    "scope": "document",
    "count": 1,
    "times": [
      4.457610786892474
    ],
    "start_timestamps": [
      "2026-07-17 17:44:32.897376+00:00"
    ]
  },
  "page_parse": {
    "scope": "page",
    "count": 6,
    "times": [
      0.11597198247909546,
      0.11254075914621353,
      0.08918257802724838,
      0.0781613951548934,
      0.07666187454015017,
      0.1548388684168458
    ],
    "start_timestamps": [
      "2026-07-17 17:44:32.904288+00:00",
      "2026-07-17 17:44:33.020303+00:00",
      "2026-07-17 17:44:33.132885+00:00",
      "2026-07-17 17:44:33.222104+00:00",
      "2026-07-17 17:44:33.300305+00:00",
      "2026-07-17 17:44:33.377008+00:00"
    ]
  },
  "ocr": {
    "scope": "page",
    "count": 6,
    "times": [
      0.12733006943017244,
      0.15943985525518656,
      0.22868429590016603,
      0.12324431352317333,
      0.1265005897730589,
      0.12764550279825926
    ],
    "start_timestamps": [
      "2026-07-17 17:44:33.020615+00:00",
      "2026-07-17 17:44:33.148000+00:00",
      "2026-07-17 17:44:33.307475+00:00",
      "2026-07-17 17:44:33.536175+00:00",
      "2026-07-17 17:44:33.659456+00:00",
      "2026-07-17 17:44:33.785967+00:00"
    ]
  },
  "layout": {
    "scope": "page",
    "count": 4,
    "times": [
      0.24229899607598782,
      0.029114880599081516,
      0.08283143024891615,
      0.03382588271051645
    ],
    "start_timestamps": [
      "2026-07-17 17:44:33.148077+00:00",
      "2026-07-17 17:44:33.532337+00:00",
      "2026-07-17 17:44:33.659548+00:00",
      "2026-07-17 17:44:33.913776+00:00"
    ]
  },
  "table_structure": {
    "scope": "page",
    "count": 6,
    "times": [
      1.7292797565460205e-05,
      2.279318869113922e-05,
      2.104043960571289e-05,
      6.792135536670685e-06,
      2.674013376235962e-05,
      1.2814067304134369e-05
    ],
    "start_timestamps": [
      "2026-07-17 17:44:33.532570+00:00",
      "2026-07-17 17:44:33.617430+00:00",
      "2026-07-17 17:44:33.770175+00:00",
      "2026-07-17 17:44:33.770200+00:00",
      "2026-07-17 17:44:34.128466+00:00",
      "2026-07-17 17:44:34.128497+00:00"
    ]
  },
  "page_assemble": {
    "scope": "page",
    "count": 6,
    "times": [
      0.00040438026189804077,
      0.0005771061405539513,
      0.0003408007323741913,
      0.00023367907851934433,
      0.0004361197352409363,
      0.0008851448073983192
    ],
    "start_timestamps": [
      "2026-07-17 17:44:33.532668+00:00",
      "2026-07-17 17:44:33.617511+00:00",
      "2026-07-17 17:44:33.770263+00:00",
      "2026-07-17 17:44:33.770641+00:00",
      "2026-07-17 17:44:34.128645+00:00",
      "2026-07-17 17:44:34.129133+00:00"
    ]
  },
  "doc_assemble": {
    "scope": "document",
    "count": 1,
    "times": [
      0.040361457504332066
    ],
    "start_timestamps": [
      "2026-07-17 17:44:34.130229+00:00"
    ]
  },
  "reading_order": {
    "scope": "document",
    "count": 1,
    "times": [
      0.03987594414502382
    ],
    "start_timestamps": [
      "2026-07-17 17:44:34.130352+00:00"
    ]
  },
  "doc_enrich": {
    "scope": "document",
    "count": 1,
    "times": [
      3.1843557003885508
    ],
    "start_timestamps": [
      "2026-07-17 17:44:34.170617+00:00"
    ]
  }
}
All hyperlinked elements redacted in-memory.
Clean PDF conversion timings:
{
  "pipeline_total": {
    "scope": "document",
    "count": 1,
    "times": [
      4.071005414240062
    ],
    "start_timestamps": [
      "2026-07-17 17:44:37.398836+00:00"
    ]
  },
  "page_parse": {
    "scope": "page",
    "count": 6,
    "times": [
      0.11152254231274128,
      0.11268437840044498,
      0.08967323042452335,
      0.07717675343155861,
      0.07507609110325575,
      0.15602207463234663
    ],
    "start_timestamps": [
      "2026-07-17 17:44:37.404248+00:00",
      "2026-07-17 17:44:37.515811+00:00",
      "2026-07-17 17:44:37.628540+00:00",
      "2026-07-17 17:44:37.718256+00:00",
      "2026-07-17 17:44:37.795477+00:00",
      "2026-07-17 17:44:37.870595+00:00"
    ]
  },
  "ocr": {
    "scope": "page",
    "count": 6,
    "times": [
      0.12703884206712246,
      0.15977167896926403,
      0.22690196242183447,
      0.12502089608460665,
      0.12304761447012424,
      0.12771648727357388
    ],
    "start_timestamps": [
      "2026-07-17 17:44:37.516721+00:00",
      "2026-07-17 17:44:37.643816+00:00",
      "2026-07-17 17:44:37.803626+00:00",
      "2026-07-17 17:44:38.030545+00:00",
      "2026-07-17 17:44:38.155614+00:00",
      "2026-07-17 17:44:38.278676+00:00"
    ]
  },
  "layout": {
    "scope": "page",
    "count": 4,
    "times": [
      0.2395467897877097,
      0.02833949215710163,
      0.06234999094158411,
      0.03500218503177166
    ],
    "start_timestamps": [
      "2026-07-17 17:44:37.643943+00:00",
      "2026-07-17 17:44:38.026905+00:00",
      "2026-07-17 17:44:38.155699+00:00",
      "2026-07-17 17:44:38.406518+00:00"
    ]
  },
  "table_structure": {
    "scope": "page",
    "count": 6,
    "times": [
      1.8185004591941833e-05,
      2.5577843189239502e-05,
      2.266187220811844e-05,
      8.615665137767792e-06,
      5.098618566989899e-05,
      4.5075081288814545e-05
    ],
    "start_timestamps": [
      "2026-07-17 17:44:38.027017+00:00",
      "2026-07-17 17:44:38.111300+00:00",
      "2026-07-17 17:44:38.247098+00:00",
      "2026-07-17 17:44:38.247125+00:00",
      "2026-07-17 17:44:38.620961+00:00",
      "2026-07-17 17:44:38.621023+00:00"
    ]
  },
  "page_assemble": {
    "scope": "page",
    "count": 6,
    "times": [
      0.00030146725475788116,
      0.0003445874899625778,
      0.00020126812160015106,
      0.0001531178131699562,
      0.0002400306984782219,
      0.00047446321696043015
    ],
    "start_timestamps": [
      "2026-07-17 17:44:38.027123+00:00",
      "2026-07-17 17:44:38.111366+00:00",
      "2026-07-17 17:44:38.247174+00:00",
      "2026-07-17 17:44:38.247412+00:00",
      "2026-07-17 17:44:38.621184+00:00",
      "2026-07-17 17:44:38.621458+00:00"
    ]
  },
  "doc_assemble": {
    "scope": "document",
    "count": 1,
    "times": [
      0.03957732208073139
    ],
    "start_timestamps": [
      "2026-07-17 17:44:38.622201+00:00"
    ]
  },
  "reading_order": {
    "scope": "document",
    "count": 1,
    "times": [
      0.03913383837789297
    ],
    "start_timestamps": [
      "2026-07-17 17:44:38.622297+00:00"
    ]
  },
  "doc_enrich": {
    "scope": "document",
    "count": 1,
    "times": [
      2.8080270709469914
    ],
    "start_timestamps": [
      "2026-07-17 17:44:38.661801+00:00"
    ]
  }
}
Function parse_pdf took 8.6346 seconds to execute.
Running: get_tables
Function get_tables took 0.0001 seconds to execute.
Running: get_surrounding_paragraphs
Function get_surrounding_paragraphs took 0.0000 seconds to execute.
