Running: parse_pdf
--- Logging error ---
Traceback (most recent call last):
  File "/mnt/iusers01/fatpou01/chem02/b07755hv/.local/lib/python3.12/site-packages/rapidocr/main.py", line 130, in run_ocr_steps
    cropped_img_list, det_res = self.detect_and_crop(img, op_record)
                                ^^^^^^^^^^^^^^^^^^^^^^^^^^^^^^^^^^^^
  File "/mnt/iusers01/fatpou01/chem02/b07755hv/.local/lib/python3.12/site-packages/rapidocr/main.py", line 298, in detect_and_crop
    raise RapidOCRError("The text detection result is empty")
rapidocr.main.RapidOCRError: The text detection result is empty

During handling of the above exception, another exception occurred:

Traceback (most recent call last):
  File "/mnt/iusers01/fatpou01/chem02/b07755hv/.conda/envs/env/lib/python3.12/logging/__init__.py", line 1163, in emit
    stream.write(msg + self.terminator)
  File "/mnt/iusers01/fatpou01/chem02/b07755hv/ChemistryExtract/src/chemstractor/lib/extractor.py", line 298, in write
    self.file.write(data)
ValueError: I/O operation on closed file.
Call stack:
  File "/mnt/iusers01/fatpou01/chem02/b07755hv/.conda/envs/env/lib/python3.12/threading.py", line 1030, in _bootstrap
    self._bootstrap_inner()
  File "/mnt/iusers01/fatpou01/chem02/b07755hv/.conda/envs/env/lib/python3.12/threading.py", line 1073, in _bootstrap_inner
    self.run()
  File "/mnt/iusers01/fatpou01/chem02/b07755hv/.conda/envs/env/lib/python3.12/threading.py", line 1010, in run
    self._target(*self._args, **self._kwargs)
  File "/mnt/iusers01/fatpou01/chem02/b07755hv/.local/lib/python3.12/site-packages/docling/pipeline/standard_pdf_pipeline.py", line 279, in _run
    processed = self._process_batch(batch)
  File "/mnt/iusers01/fatpou01/chem02/b07755hv/.local/lib/python3.12/site-packages/docling/pipeline/standard_pdf_pipeline.py", line 344, in _process_batch
    processed_pages = list(self.model(good[0].conv_res, pages))  # type: ignore[arg-type]
  File "/mnt/iusers01/fatpou01/chem02/b07755hv/.local/lib/python3.12/site-packages/docling/models/stages/ocr/rapid_ocr_model.py", line 491, in __call__
    result = self.reader(
  File "/mnt/iusers01/fatpou01/chem02/b07755hv/.local/lib/python3.12/site-packages/rapidocr/main.py", line 120, in __call__
    det_res, cls_res, rec_res, cropped_img_list = self.run_ocr_steps(img, op_record)
  File "/mnt/iusers01/fatpou01/chem02/b07755hv/.local/lib/python3.12/site-packages/rapidocr/main.py", line 132, in run_ocr_steps
    logger.warning(e)
Message: RapidOCRError('The text detection result is empty')
Arguments: ()
RapidOCR returned empty result!
Raw PDF conversion timings:
{
  "pipeline_total": {
    "scope": "document",
    "count": 1,
    "times": [
      47.727067705243826
    ],
    "start_timestamps": [
      "2026-07-23 18:28:22.381932+00:00"
    ]
  },
  "page_parse": {
    "scope": "page",
    "count": 9,
    "times": [
      0.11749139335006475,
      0.2570888604968786,
      0.12754252087324858,
      0.16103889793157578,
      0.25405161269009113,
      0.13918436877429485,
      0.11449123732745647,
      0.12333964928984642,
      0.0811153557151556
    ],
    "start_timestamps": [
      "2026-07-23 18:28:22.401161+00:00",
      "2026-07-23 18:28:22.518694+00:00",
      "2026-07-23 18:28:22.775826+00:00",
      "2026-07-23 18:28:22.903437+00:00",
      "2026-07-23 18:28:23.064523+00:00",
      "2026-07-23 18:28:23.318622+00:00",
      "2026-07-23 18:28:23.457844+00:00",
      "2026-07-23 18:28:23.572395+00:00",
      "2026-07-23 18:28:23.695801+00:00"
    ]
  },
  "ocr": {
    "scope": "page",
    "count": 9,
    "times": [
      1.6029232991859317,
      1.1622872119769454,
      1.164819085970521,
      0.6693808557465672,
      0.1268240362405777,
      0.12719944398850203,
      0.13174622040241957,
      0.12732686381787062,
      0.12651087809354067
    ],
    "start_timestamps": [
      "2026-07-23 18:28:22.519044+00:00",
      "2026-07-23 18:28:24.122036+00:00",
      "2026-07-23 18:28:25.284340+00:00",
      "2026-07-23 18:28:26.449176+00:00",
      "2026-07-23 18:28:27.118572+00:00",
      "2026-07-23 18:28:27.245415+00:00",
      "2026-07-23 18:28:27.372624+00:00",
      "2026-07-23 18:28:27.504380+00:00",
      "2026-07-23 18:28:27.631717+00:00"
    ]
  },
  "layout": {
    "scope": "page",
    "count": 2,
    "times": [
      0.054653133265674114,
      0.09826295729726553
    ],
    "start_timestamps": [
      "2026-07-23 18:28:24.122111+00:00",
      "2026-07-23 18:28:27.758481+00:00"
    ]
  },
  "table_structure": {
    "scope": "page",
    "count": 9,
    "times": [
      2.1561048924922943e-05,
      2.939533442258835e-05,
      9.858980774879456e-06,
      0.3245125776156783,
      0.7988920286297798,
      0.6146394526585937,
      2.821255475282669e-05,
      1.8034130334854126e-05,
      8.405186235904694e-06
    ],
    "start_timestamps": [
      "2026-07-23 18:28:24.227213+00:00",
      "2026-07-23 18:28:28.404042+00:00",
      "2026-07-23 18:28:28.404077+00:00",
      "2026-07-23 18:28:28.404091+00:00",
      "2026-07-23 18:28:28.728621+00:00",
      "2026-07-23 18:28:29.527623+00:00",
      "2026-07-23 18:28:30.142279+00:00",
      "2026-07-23 18:28:30.142309+00:00",
      "2026-07-23 18:28:30.142331+00:00"
    ]
  },
  "page_assemble": {
    "scope": "page",
    "count": 9,
    "times": [
      0.002862907014787197,
      0.0013418551534414291,
      0.0017341934144496918,
      0.0013339100405573845,
      0.0010787202045321465,
      0.0006206482648849487,
      0.0013569938018918037,
      0.01319396123290062,
      0.0032037198543548584
    ],
    "start_timestamps": [
      "2026-07-23 18:28:24.227287+00:00",
      "2026-07-23 18:28:29.528486+00:00",
      "2026-07-23 18:28:29.529862+00:00",
      "2026-07-23 18:28:29.531619+00:00",
      "2026-07-23 18:28:29.532974+00:00",
      "2026-07-23 18:28:30.142605+00:00",
      "2026-07-23 18:28:30.143263+00:00",
      "2026-07-23 18:28:30.144642+00:00",
      "2026-07-23 18:28:30.157865+00:00"
    ]
  },
  "doc_assemble": {
    "scope": "document",
    "count": 1,
    "times": [
      0.04318561404943466
    ],
    "start_timestamps": [
      "2026-07-23 18:28:30.161251+00:00"
    ]
  },
  "reading_order": {
    "scope": "document",
    "count": 1,
    "times": [
      0.04259543213993311
    ],
    "start_timestamps": [
      "2026-07-23 18:28:30.161422+00:00"
    ]
  },
  "doc_enrich": {
    "scope": "document",
    "count": 1,
    "times": [
      39.90450859256089
    ],
    "start_timestamps": [
      "2026-07-23 18:28:30.204459+00:00"
    ]
  }
}
All hyperlinked elements redacted in-memory.
--- Logging error ---
Traceback (most recent call last):
  File "/mnt/iusers01/fatpou01/chem02/b07755hv/.local/lib/python3.12/site-packages/rapidocr/main.py", line 130, in run_ocr_steps
    cropped_img_list, det_res = self.detect_and_crop(img, op_record)
                                ^^^^^^^^^^^^^^^^^^^^^^^^^^^^^^^^^^^^
  File "/mnt/iusers01/fatpou01/chem02/b07755hv/.local/lib/python3.12/site-packages/rapidocr/main.py", line 298, in detect_and_crop
    raise RapidOCRError("The text detection result is empty")
rapidocr.main.RapidOCRError: The text detection result is empty

During handling of the above exception, another exception occurred:

Traceback (most recent call last):
  File "/mnt/iusers01/fatpou01/chem02/b07755hv/.conda/envs/env/lib/python3.12/logging/__init__.py", line 1163, in emit
    stream.write(msg + self.terminator)
  File "/mnt/iusers01/fatpou01/chem02/b07755hv/ChemistryExtract/src/chemstractor/lib/extractor.py", line 298, in write
    self.file.write(data)
ValueError: I/O operation on closed file.
Call stack:
  File "/mnt/iusers01/fatpou01/chem02/b07755hv/.conda/envs/env/lib/python3.12/threading.py", line 1030, in _bootstrap
    self._bootstrap_inner()
  File "/mnt/iusers01/fatpou01/chem02/b07755hv/.conda/envs/env/lib/python3.12/threading.py", line 1073, in _bootstrap_inner
    self.run()
  File "/mnt/iusers01/fatpou01/chem02/b07755hv/.conda/envs/env/lib/python3.12/threading.py", line 1010, in run
    self._target(*self._args, **self._kwargs)
  File "/mnt/iusers01/fatpou01/chem02/b07755hv/.local/lib/python3.12/site-packages/docling/pipeline/standard_pdf_pipeline.py", line 279, in _run
    processed = self._process_batch(batch)
  File "/mnt/iusers01/fatpou01/chem02/b07755hv/.local/lib/python3.12/site-packages/docling/pipeline/standard_pdf_pipeline.py", line 344, in _process_batch
    processed_pages = list(self.model(good[0].conv_res, pages))  # type: ignore[arg-type]
  File "/mnt/iusers01/fatpou01/chem02/b07755hv/.local/lib/python3.12/site-packages/docling/models/stages/ocr/rapid_ocr_model.py", line 491, in __call__
    result = self.reader(
  File "/mnt/iusers01/fatpou01/chem02/b07755hv/.local/lib/python3.12/site-packages/rapidocr/main.py", line 120, in __call__
    det_res, cls_res, rec_res, cropped_img_list = self.run_ocr_steps(img, op_record)
  File "/mnt/iusers01/fatpou01/chem02/b07755hv/.local/lib/python3.12/site-packages/rapidocr/main.py", line 132, in run_ocr_steps
    logger.warning(e)
Message: RapidOCRError('The text detection result is empty')
Arguments: ()
RapidOCR returned empty result!
--- Logging error ---
Traceback (most recent call last):
  File "/mnt/iusers01/fatpou01/chem02/b07755hv/.local/lib/python3.12/site-packages/rapidocr/main.py", line 130, in run_ocr_steps
    cropped_img_list, det_res = self.detect_and_crop(img, op_record)
                                ^^^^^^^^^^^^^^^^^^^^^^^^^^^^^^^^^^^^
  File "/mnt/iusers01/fatpou01/chem02/b07755hv/.local/lib/python3.12/site-packages/rapidocr/main.py", line 298, in detect_and_crop
    raise RapidOCRError("The text detection result is empty")
rapidocr.main.RapidOCRError: The text detection result is empty

During handling of the above exception, another exception occurred:

Traceback (most recent call last):
  File "/mnt/iusers01/fatpou01/chem02/b07755hv/.conda/envs/env/lib/python3.12/logging/__init__.py", line 1163, in emit
    stream.write(msg + self.terminator)
  File "/mnt/iusers01/fatpou01/chem02/b07755hv/ChemistryExtract/src/chemstractor/lib/extractor.py", line 298, in write
    self.file.write(data)
ValueError: I/O operation on closed file.
Call stack:
  File "/mnt/iusers01/fatpou01/chem02/b07755hv/.conda/envs/env/lib/python3.12/threading.py", line 1030, in _bootstrap
    self._bootstrap_inner()
  File "/mnt/iusers01/fatpou01/chem02/b07755hv/.conda/envs/env/lib/python3.12/threading.py", line 1073, in _bootstrap_inner
    self.run()
  File "/mnt/iusers01/fatpou01/chem02/b07755hv/.conda/envs/env/lib/python3.12/threading.py", line 1010, in run
    self._target(*self._args, **self._kwargs)
  File "/mnt/iusers01/fatpou01/chem02/b07755hv/.local/lib/python3.12/site-packages/docling/pipeline/standard_pdf_pipeline.py", line 279, in _run
    processed = self._process_batch(batch)
  File "/mnt/iusers01/fatpou01/chem02/b07755hv/.local/lib/python3.12/site-packages/docling/pipeline/standard_pdf_pipeline.py", line 344, in _process_batch
    processed_pages = list(self.model(good[0].conv_res, pages))  # type: ignore[arg-type]
  File "/mnt/iusers01/fatpou01/chem02/b07755hv/.local/lib/python3.12/site-packages/docling/models/stages/ocr/rapid_ocr_model.py", line 491, in __call__
    result = self.reader(
  File "/mnt/iusers01/fatpou01/chem02/b07755hv/.local/lib/python3.12/site-packages/rapidocr/main.py", line 120, in __call__
    det_res, cls_res, rec_res, cropped_img_list = self.run_ocr_steps(img, op_record)
  File "/mnt/iusers01/fatpou01/chem02/b07755hv/.local/lib/python3.12/site-packages/rapidocr/main.py", line 132, in run_ocr_steps
    logger.warning(e)
Message: RapidOCRError('The text detection result is empty')
Arguments: ()
RapidOCR returned empty result!
Clean PDF conversion timings:
{
  "pipeline_total": {
    "scope": "document",
    "count": 1,
    "times": [
      47.75026835780591
    ],
    "start_timestamps": [
      "2026-07-23 18:29:10.622798+00:00"
    ]
  },
  "page_parse": {
    "scope": "page",
    "count": 9,
    "times": [
      0.1161084296181798,
      0.25316180009394884,
      0.1397698512300849,
      0.16086145769804716,
      0.10593719221651554,
      0.09616543632000685,
      0.5049869362264872,
      0.11913162842392921,
      0.04530743137001991
    ],
    "start_timestamps": [
      "2026-07-23 18:29:10.628440+00:00",
      "2026-07-23 18:29:10.744591+00:00",
      "2026-07-23 18:29:10.997795+00:00",
      "2026-07-23 18:29:11.137621+00:00",
      "2026-07-23 18:29:11.298525+00:00",
      "2026-07-23 18:29:11.404505+00:00",
      "2026-07-23 18:29:11.500787+00:00",
      "2026-07-23 18:29:12.005806+00:00",
      "2026-07-23 18:29:12.124983+00:00"
    ]
  },
  "ocr": {
    "scope": "page",
    "count": 9,
    "times": [
      1.6016552317887545,
      1.1983763491734862,
      1.1416470184922218,
      0.6846441105008125,
      0.12576585169881582,
      0.1267332322895527,
      0.12810630537569523,
      0.12643067259341478,
      0.1255663363263011
    ],
    "start_timestamps": [
      "2026-07-23 18:29:10.744970+00:00",
      "2026-07-23 18:29:12.346703+00:00",
      "2026-07-23 18:29:13.545094+00:00",
      "2026-07-23 18:29:14.686757+00:00",
      "2026-07-23 18:29:15.371425+00:00",
      "2026-07-23 18:29:15.497202+00:00",
      "2026-07-23 18:29:15.623944+00:00",
      "2026-07-23 18:29:15.752060+00:00",
      "2026-07-23 18:29:15.878500+00:00"
    ]
  },
  "layout": {
    "scope": "page",
    "count": 2,
    "times": [
      0.05937162321060896,
      0.10789213050156832
    ],
    "start_timestamps": [
      "2026-07-23 18:29:12.346834+00:00",
      "2026-07-23 18:29:16.004270+00:00"
    ]
  },
  "table_structure": {
    "scope": "page",
    "count": 9,
    "times": [
      2.0898878574371338e-05,
      2.719089388847351e-05,
      9.618699550628662e-06,
      0.3292757971212268,
      0.7966986214742064,
      0.6538898218423128,
      2.8393231332302094e-05,
      1.996755599975586e-05,
      5.76116144657135e-06
    ],
    "start_timestamps": [
      "2026-07-23 18:29:12.442256+00:00",
      "2026-07-23 18:29:16.671832+00:00",
      "2026-07-23 18:29:16.671864+00:00",
      "2026-07-23 18:29:16.671878+00:00",
      "2026-07-23 18:29:17.001171+00:00",
      "2026-07-23 18:29:17.797981+00:00",
      "2026-07-23 18:29:18.451885+00:00",
      "2026-07-23 18:29:18.451916+00:00",
      "2026-07-23 18:29:18.451940+00:00"
    ]
  },
  "page_assemble": {
    "scope": "page",
    "count": 9,
    "times": [
      0.0007521249353885651,
      0.0009770775213837624,
      0.0008689146488904953,
      0.000695839524269104,
      0.00051860511302948,
      0.0004172949120402336,
      0.0004318114370107651,
      0.003052142448723316,
      0.00013537518680095673
    ],
    "start_timestamps": [
      "2026-07-23 18:29:12.442373+00:00",
      "2026-07-23 18:29:17.798998+00:00",
      "2026-07-23 18:29:17.800008+00:00",
      "2026-07-23 18:29:17.800898+00:00",
      "2026-07-23 18:29:17.801617+00:00",
      "2026-07-23 18:29:18.452178+00:00",
      "2026-07-23 18:29:18.452635+00:00",
      "2026-07-23 18:29:18.453087+00:00",
      "2026-07-23 18:29:18.456161+00:00"
    ]
  },
  "doc_assemble": {
    "scope": "document",
    "count": 1,
    "times": [
      0.05113547667860985
    ],
    "start_timestamps": [
      "2026-07-23 18:29:18.456516+00:00"
    ]
  },
  "reading_order": {
    "scope": "document",
    "count": 1,
    "times": [
      0.050560145638883114
    ],
    "start_timestamps": [
      "2026-07-23 18:29:18.456631+00:00"
    ]
  },
  "doc_enrich": {
    "scope": "document",
    "count": 1,
    "times": [
      39.86536467075348
    ],
    "start_timestamps": [
      "2026-07-23 18:29:18.507684+00:00"
    ]
  }
}
Function parse_pdf took 96.2423 seconds to execute.
Running: get_tables
Function get_tables took 0.0001 seconds to execute.
Running: get_surrounding_paragraphs
Function get_surrounding_paragraphs took 0.0001 seconds to execute.
