Running: parse_pdf
Raw PDF conversion timings:
{
  "pipeline_total": {
    "scope": "document",
    "count": 1,
    "times": [
      8.196002175100148
    ],
    "start_timestamps": [
      "2026-07-23 19:11:16.335937+00:00"
    ]
  },
  "page_parse": {
    "scope": "page",
    "count": 5,
    "times": [
      0.07608113810420036,
      0.1200135126709938,
      0.2113234717398882,
      0.17977933399379253,
      0.1001405892893672
    ],
    "start_timestamps": [
      "2026-07-23 19:11:16.339761+00:00",
      "2026-07-23 19:11:16.415883+00:00",
      "2026-07-23 19:11:16.535935+00:00",
      "2026-07-23 19:11:16.747305+00:00",
      "2026-07-23 19:11:16.927122+00:00"
    ]
  },
  "ocr": {
    "scope": "page",
    "count": 5,
    "times": [
      0.127687674947083,
      0.21692818962037563,
      2.241785293444991,
      1.4544099438935518,
      0.11844425834715366
    ],
    "start_timestamps": [
      "2026-07-23 19:11:16.416173+00:00",
      "2026-07-23 19:11:16.543894+00:00",
      "2026-07-23 19:11:16.760856+00:00",
      "2026-07-23 19:11:19.002756+00:00",
      "2026-07-23 19:11:20.457181+00:00"
    ]
  },
  "layout": {
    "scope": "page",
    "count": 4,
    "times": [
      0.05730421934276819,
      0.02552890684455633,
      0.02972064632922411,
      0.05875180475413799
    ],
    "start_timestamps": [
      "2026-07-23 19:11:16.544027+00:00",
      "2026-07-23 19:11:16.760905+00:00",
      "2026-07-23 19:11:19.002834+00:00",
      "2026-07-23 19:11:20.575768+00:00"
    ]
  },
  "table_structure": {
    "scope": "page",
    "count": 5,
    "times": [
      2.0237639546394348e-05,
      2.1140091121196747e-05,
      2.8774142265319824e-05,
      2.718064934015274e-05,
      1.2843869626522064e-05
    ],
    "start_timestamps": [
      "2026-07-23 19:11:16.758619+00:00",
      "2026-07-23 19:11:16.821898+00:00",
      "2026-07-23 19:11:19.062001+00:00",
      "2026-07-23 19:11:20.722194+00:00",
      "2026-07-23 19:11:20.722226+00:00"
    ]
  },
  "page_assemble": {
    "scope": "page",
    "count": 5,
    "times": [
      0.0013383887708187103,
      0.0006810910999774933,
      0.000703214667737484,
      0.0006290329620242119,
      0.0010557575151324272
    ],
    "start_timestamps": [
      "2026-07-23 19:11:16.758734+00:00",
      "2026-07-23 19:11:16.821954+00:00",
      "2026-07-23 19:11:19.062076+00:00",
      "2026-07-23 19:11:20.722321+00:00",
      "2026-07-23 19:11:20.722981+00:00"
    ]
  },
  "doc_assemble": {
    "scope": "document",
    "count": 1,
    "times": [
      0.03586907871067524
    ],
    "start_timestamps": [
      "2026-07-23 19:11:20.724211+00:00"
    ]
  },
  "reading_order": {
    "scope": "document",
    "count": 1,
    "times": [
      0.035335552878677845
    ],
    "start_timestamps": [
      "2026-07-23 19:11:20.724328+00:00"
    ]
  },
  "doc_enrich": {
    "scope": "document",
    "count": 1,
    "times": [
      3.771796745248139
    ],
    "start_timestamps": [
      "2026-07-23 19:11:20.760113+00:00"
    ]
  }
}
All hyperlinked elements redacted in-memory.
Clean PDF conversion timings:
{
  "pipeline_total": {
    "scope": "document",
    "count": 1,
    "times": [
      7.8511494947597384
    ],
    "start_timestamps": [
      "2026-07-23 19:11:24.652114+00:00"
    ]
  },
  "page_parse": {
    "scope": "page",
    "count": 5,
    "times": [
      0.07449161633849144,
      0.11908507533371449,
      0.19948055315762758,
      0.18044045753777027,
      0.09989034850150347
    ],
    "start_timestamps": [
      "2026-07-23 19:11:24.655606+00:00",
      "2026-07-23 19:11:24.730135+00:00",
      "2026-07-23 19:11:24.849264+00:00",
      "2026-07-23 19:11:25.048786+00:00",
      "2026-07-23 19:11:25.229267+00:00"
    ]
  },
  "ocr": {
    "scope": "page",
    "count": 5,
    "times": [
      0.12878308538347483,
      0.2150594023987651,
      2.0810378901660442,
      1.3059091679751873,
      0.11746100801974535
    ],
    "start_timestamps": [
      "2026-07-23 19:11:24.730410+00:00",
      "2026-07-23 19:11:24.859218+00:00",
      "2026-07-23 19:11:25.074307+00:00",
      "2026-07-23 19:11:27.155465+00:00",
      "2026-07-23 19:11:28.461390+00:00"
    ]
  },
  "layout": {
    "scope": "page",
    "count": 4,
    "times": [
      0.05900518037378788,
      0.02789548970758915,
      0.028633929789066315,
      0.05869334377348423
    ],
    "start_timestamps": [
      "2026-07-23 19:11:24.859308+00:00",
      "2026-07-23 19:11:25.074355+00:00",
      "2026-07-23 19:11:27.155527+00:00",
      "2026-07-23 19:11:28.578984+00:00"
    ]
  },
  "table_structure": {
    "scope": "page",
    "count": 5,
    "times": [
      2.1461397409439087e-05,
      2.047792077064514e-05,
      2.5478191673755646e-05,
      3.9303675293922424e-05,
      1.2984499335289001e-05
    ],
    "start_timestamps": [
      "2026-07-23 19:11:25.072794+00:00",
      "2026-07-23 19:11:25.230944+00:00",
      "2026-07-23 19:11:27.210268+00:00",
      "2026-07-23 19:11:28.719398+00:00",
      "2026-07-23 19:11:28.719443+00:00"
    ]
  },
  "page_assemble": {
    "scope": "page",
    "count": 5,
    "times": [
      0.00031041447073221207,
      0.00037411414086818695,
      0.00027344468981027603,
      0.00028202123939991,
      0.0002954360097646713
    ],
    "start_timestamps": [
      "2026-07-23 19:11:25.072902+00:00",
      "2026-07-23 19:11:25.231003+00:00",
      "2026-07-23 19:11:27.210331+00:00",
      "2026-07-23 19:11:28.719529+00:00",
      "2026-07-23 19:11:28.719839+00:00"
    ]
  },
  "doc_assemble": {
    "scope": "document",
    "count": 1,
    "times": [
      0.03661723621189594
    ],
    "start_timestamps": [
      "2026-07-23 19:11:28.720293+00:00"
    ]
  },
  "reading_order": {
    "scope": "document",
    "count": 1,
    "times": [
      0.03614061791449785
    ],
    "start_timestamps": [
      "2026-07-23 19:11:28.720398+00:00"
    ]
  },
  "doc_enrich": {
    "scope": "document",
    "count": 1,
    "times": [
      3.7462904900312424
    ],
    "start_timestamps": [
      "2026-07-23 19:11:28.756935+00:00"
    ]
  }
}
Function parse_pdf took 16.3252 seconds to execute.
Running: get_tables
Function get_tables took 0.0001 seconds to execute.
Running: get_surrounding_paragraphs
Function get_surrounding_paragraphs took 0.0001 seconds to execute.
