Running: parse_pdf
Raw PDF conversion timings:
{
  "pipeline_total": {
    "scope": "document",
    "count": 1,
    "times": [
      44.95400809776038
    ],
    "start_timestamps": [
      "2026-07-23 16:57:47.164416+00:00"
    ]
  },
  "page_parse": {
    "scope": "page",
    "count": 6,
    "times": [
      0.09483510442078114,
      0.08417935576289892,
      0.08559098187834024,
      0.09696541354060173,
      0.10910745896399021,
      0.04606944043189287
    ],
    "start_timestamps": [
      "2026-07-23 16:57:47.168664+00:00",
      "2026-07-23 16:57:47.263539+00:00",
      "2026-07-23 16:57:47.347757+00:00",
      "2026-07-23 16:57:47.433388+00:00",
      "2026-07-23 16:57:47.530397+00:00",
      "2026-07-23 16:57:47.639549+00:00"
    ]
  },
  "ocr": {
    "scope": "page",
    "count": 6,
    "times": [
      0.17302794754505157,
      1.1383085288107395,
      0.8547158725559711,
      0.6553096231073141,
      0.15366008505225182,
      0.12002117279917002
    ],
    "start_timestamps": [
      "2026-07-23 16:57:47.263881+00:00",
      "2026-07-23 16:57:47.436942+00:00",
      "2026-07-23 16:57:48.575266+00:00",
      "2026-07-23 16:57:49.430066+00:00",
      "2026-07-23 16:57:50.085390+00:00",
      "2026-07-23 16:57:50.239064+00:00"
    ]
  },
  "layout": {
    "scope": "page",
    "count": 3,
    "times": [
      0.26115512009710073,
      0.060389273799955845,
      0.10436821170151234
    ],
    "start_timestamps": [
      "2026-07-23 16:57:47.437036+00:00",
      "2026-07-23 16:57:49.430132+00:00",
      "2026-07-23 16:57:50.359288+00:00"
    ]
  },
  "table_structure": {
    "scope": "page",
    "count": 6,
    "times": [
      2.0848587155342102e-05,
      0.5547747034579515,
      0.28596984036266804,
      2.078898251056671e-05,
      1.9886530935764313e-05,
      8.124858140945435e-06
    ],
    "start_timestamps": [
      "2026-07-23 16:57:47.819589+00:00",
      "2026-07-23 16:57:49.585933+00:00",
      "2026-07-23 16:57:50.140716+00:00",
      "2026-07-23 16:57:50.665218+00:00",
      "2026-07-23 16:57:50.665245+00:00",
      "2026-07-23 16:57:50.665270+00:00"
    ]
  },
  "page_assemble": {
    "scope": "page",
    "count": 6,
    "times": [
      0.000306546688079834,
      0.0004351586103439331,
      0.00022487342357635498,
      0.00036100856959819794,
      0.0003889612853527069,
      0.00014987215399742126
    ],
    "start_timestamps": [
      "2026-07-23 16:57:47.819672+00:00",
      "2026-07-23 16:57:50.427011+00:00",
      "2026-07-23 16:57:50.427481+00:00",
      "2026-07-23 16:57:50.665354+00:00",
      "2026-07-23 16:57:50.665747+00:00",
      "2026-07-23 16:57:50.666155+00:00"
    ]
  },
  "doc_assemble": {
    "scope": "document",
    "count": 1,
    "times": [
      0.044803548604249954
    ],
    "start_timestamps": [
      "2026-07-23 16:57:50.666485+00:00"
    ]
  },
  "reading_order": {
    "scope": "document",
    "count": 1,
    "times": [
      0.04433819372206926
    ],
    "start_timestamps": [
      "2026-07-23 16:57:50.666587+00:00"
    ]
  },
  "doc_enrich": {
    "scope": "document",
    "count": 1,
    "times": [
      41.407073081471026
    ],
    "start_timestamps": [
      "2026-07-23 16:57:50.711312+00:00"
    ]
  }
}
All hyperlinked elements redacted in-memory.
Clean PDF conversion timings:
{
  "pipeline_total": {
    "scope": "document",
    "count": 1,
    "times": [
      44.990194897167385
    ],
    "start_timestamps": [
      "2026-07-23 16:58:32.166525+00:00"
    ]
  },
  "page_parse": {
    "scope": "page",
    "count": 6,
    "times": [
      0.09365195874124765,
      0.08589555509388447,
      0.08674983214586973,
      0.09666211251169443,
      0.10769505146890879,
      0.04694515932351351
    ],
    "start_timestamps": [
      "2026-07-23 16:58:32.171085+00:00",
      "2026-07-23 16:58:32.264777+00:00",
      "2026-07-23 16:58:32.350713+00:00",
      "2026-07-23 16:58:32.437508+00:00",
      "2026-07-23 16:58:32.534212+00:00",
      "2026-07-23 16:58:32.641950+00:00"
    ]
  },
  "ocr": {
    "scope": "page",
    "count": 6,
    "times": [
      0.17622426059097052,
      1.134552013128996,
      0.8821618240326643,
      0.6153288884088397,
      0.13328185304999352,
      0.13038127589970827
    ],
    "start_timestamps": [
      "2026-07-23 16:58:32.265018+00:00",
      "2026-07-23 16:58:32.441275+00:00",
      "2026-07-23 16:58:33.575847+00:00",
      "2026-07-23 16:58:34.458124+00:00",
      "2026-07-23 16:58:35.073465+00:00",
      "2026-07-23 16:58:35.206758+00:00"
    ]
  },
  "layout": {
    "scope": "page",
    "count": 3,
    "times": [
      0.2619792316108942,
      0.0653930390253663,
      0.08812438882887363
    ],
    "start_timestamps": [
      "2026-07-23 16:58:32.441386+00:00",
      "2026-07-23 16:58:34.458197+00:00",
      "2026-07-23 16:58:35.337313+00:00"
    ]
  },
  "table_structure": {
    "scope": "page",
    "count": 6,
    "times": [
      3.140885382890701e-05,
      0.6168175106868148,
      0.5044911149889231,
      1.9706785678863525e-05,
      1.014862209558487e-05,
      6.06197863817215e-06
    ],
    "start_timestamps": [
      "2026-07-23 16:58:32.763671+00:00",
      "2026-07-23 16:58:34.620673+00:00",
      "2026-07-23 16:58:35.237499+00:00",
      "2026-07-23 16:58:35.742189+00:00",
      "2026-07-23 16:58:35.742211+00:00",
      "2026-07-23 16:58:35.742224+00:00"
    ]
  },
  "page_assemble": {
    "scope": "page",
    "count": 6,
    "times": [
      0.0004325946792960167,
      0.00047886092215776443,
      0.00024683400988578796,
      0.0002689361572265625,
      0.0004069749265909195,
      0.00015139486640691757
    ],
    "start_timestamps": [
      "2026-07-23 16:58:32.763770+00:00",
      "2026-07-23 16:58:35.742306+00:00",
      "2026-07-23 16:58:35.742825+00:00",
      "2026-07-23 16:58:35.743094+00:00",
      "2026-07-23 16:58:35.743382+00:00",
      "2026-07-23 16:58:35.743808+00:00"
    ]
  },
  "doc_assemble": {
    "scope": "document",
    "count": 1,
    "times": [
      0.04475252330303192
    ],
    "start_timestamps": [
      "2026-07-23 16:58:35.744129+00:00"
    ]
  },
  "reading_order": {
    "scope": "document",
    "count": 1,
    "times": [
      0.044242444448173046
    ],
    "start_timestamps": [
      "2026-07-23 16:58:35.744226+00:00"
    ]
  },
  "doc_enrich": {
    "scope": "document",
    "count": 1,
    "times": [
      41.3677870798856
    ],
    "start_timestamps": [
      "2026-07-23 16:58:35.788913+00:00"
    ]
  }
}
Function parse_pdf took 90.0770 seconds to execute.
Running: get_tables
Function get_tables took 0.0001 seconds to execute.
Running: get_surrounding_paragraphs
Function get_surrounding_paragraphs took 0.0001 seconds to execute.
