Running: parse_pdf
Raw PDF conversion timings:
{
  "pipeline_total": {
    "scope": "document",
    "count": 1,
    "times": [
      13.79328385181725
    ],
    "start_timestamps": [
      "2026-07-23 19:54:28.528250+00:00"
    ]
  },
  "page_parse": {
    "scope": "page",
    "count": 11,
    "times": [
      0.21551030408591032,
      0.21923265885561705,
      0.2084579849615693,
      0.25611522048711777,
      0.1785167446359992,
      0.1918952576816082,
      0.2162136873230338,
      0.21351185347884893,
      0.23277453053742647,
      0.33019872289150953,
      0.06385256070643663
    ],
    "start_timestamps": [
      "2026-07-23 19:54:28.532209+00:00",
      "2026-07-23 19:54:28.747760+00:00",
      "2026-07-23 19:54:28.967031+00:00",
      "2026-07-23 19:54:29.175531+00:00",
      "2026-07-23 19:54:29.431691+00:00",
      "2026-07-23 19:54:29.610266+00:00",
      "2026-07-23 19:54:29.802201+00:00",
      "2026-07-23 19:54:30.018459+00:00",
      "2026-07-23 19:54:30.232017+00:00",
      "2026-07-23 19:54:30.464828+00:00",
      "2026-07-23 19:54:30.795069+00:00"
    ]
  },
  "ocr": {
    "scope": "page",
    "count": 11,
    "times": [
      3.193384704180062,
      0.12642133608460426,
      0.12580466642975807,
      0.12320046592503786,
      0.6693485081195831,
      0.722758830524981,
      0.9915437130257487,
      1.245558581314981,
      0.12122065108269453,
      0.1232175575569272,
      0.11822604481130838
    ],
    "start_timestamps": [
      "2026-07-23 19:54:28.747844+00:00",
      "2026-07-23 19:54:31.941306+00:00",
      "2026-07-23 19:54:32.067737+00:00",
      "2026-07-23 19:54:32.193550+00:00",
      "2026-07-23 19:54:32.316759+00:00",
      "2026-07-23 19:54:32.986125+00:00",
      "2026-07-23 19:54:33.708899+00:00",
      "2026-07-23 19:54:34.700458+00:00",
      "2026-07-23 19:54:35.946033+00:00",
      "2026-07-23 19:54:36.067263+00:00",
      "2026-07-23 19:54:36.190490+00:00"
    ]
  },
  "layout": {
    "scope": "page",
    "count": 2,
    "times": [
      0.06902074627578259,
      0.11779520381242037
    ],
    "start_timestamps": [
      "2026-07-23 19:54:31.941407+00:00",
      "2026-07-23 19:54:36.308908+00:00"
    ]
  },
  "table_structure": {
    "scope": "page",
    "count": 11,
    "times": [
      2.4155713617801666e-05,
      2.5387853384017944e-05,
      1.0089017450809479e-05,
      6.102025508880615e-06,
      5.730427801609039e-06,
      0.380541292950511,
      2.5318004190921783e-05,
      0.25705793499946594,
      3.30023467540741e-05,
      2.8442591428756714e-05,
      6.551854312419891e-06
    ],
    "start_timestamps": [
      "2026-07-23 19:54:32.058821+00:00",
      "2026-07-23 19:54:36.748063+00:00",
      "2026-07-23 19:54:36.748094+00:00",
      "2026-07-23 19:54:36.748108+00:00",
      "2026-07-23 19:54:36.748118+00:00",
      "2026-07-23 19:54:36.748160+00:00",
      "2026-07-23 19:54:37.128719+00:00",
      "2026-07-23 19:54:37.128747+00:00",
      "2026-07-23 19:54:37.385823+00:00",
      "2026-07-23 19:54:37.385957+00:00",
      "2026-07-23 19:54:37.385990+00:00"
    ]
  },
  "page_assemble": {
    "scope": "page",
    "count": 11,
    "times": [
      0.0025546764954924583,
      0.00032046250998973846,
      0.0003242194652557373,
      0.00028423499315977097,
      0.00017942674458026886,
      0.0003879200667142868,
      0.0002662511542439461,
      0.00020311307162046432,
      0.004732825793325901,
      0.024756724014878273,
      0.00037519633769989014
    ],
    "start_timestamps": [
      "2026-07-23 19:54:32.058903+00:00",
      "2026-07-23 19:54:36.748213+00:00",
      "2026-07-23 19:54:36.748564+00:00",
      "2026-07-23 19:54:36.748908+00:00",
      "2026-07-23 19:54:36.749211+00:00",
      "2026-07-23 19:54:37.386090+00:00",
      "2026-07-23 19:54:37.386519+00:00",
      "2026-07-23 19:54:37.386806+00:00",
      "2026-07-23 19:54:37.387030+00:00",
      "2026-07-23 19:54:37.391796+00:00",
      "2026-07-23 19:54:37.416583+00:00"
    ]
  },
  "doc_assemble": {
    "scope": "document",
    "count": 1,
    "times": [
      0.06528466567397118
    ],
    "start_timestamps": [
      "2026-07-23 19:54:37.417176+00:00"
    ]
  },
  "reading_order": {
    "scope": "document",
    "count": 1,
    "times": [
      0.0646918909624219
    ],
    "start_timestamps": [
      "2026-07-23 19:54:37.417319+00:00"
    ]
  },
  "doc_enrich": {
    "scope": "document",
    "count": 1,
    "times": [
      4.839020397514105
    ],
    "start_timestamps": [
      "2026-07-23 19:54:37.482492+00:00"
    ]
  }
}
All hyperlinked elements redacted in-memory.
Clean PDF conversion timings:
{
  "pipeline_total": {
    "scope": "document",
    "count": 1,
    "times": [
      28.204941142350435
    ],
    "start_timestamps": [
      "2026-07-23 19:54:42.930092+00:00"
    ]
  },
  "page_parse": {
    "scope": "page",
    "count": 11,
    "times": [
      0.2122786734253168,
      0.21447416488081217,
      0.2057286575436592,
      0.32632481306791306,
      0.20894300751388073,
      0.5271348655223846,
      0.19393262173980474,
      0.17676424607634544,
      0.19440420996397734,
      0.22026326786726713,
      0.06189522799104452
    ],
    "start_timestamps": [
      "2026-07-23 19:54:42.933980+00:00",
      "2026-07-23 19:54:43.146300+00:00",
      "2026-07-23 19:54:43.360816+00:00",
      "2026-07-23 19:54:43.566583+00:00",
      "2026-07-23 19:54:43.892949+00:00",
      "2026-07-23 19:54:44.101931+00:00",
      "2026-07-23 19:54:44.629105+00:00",
      "2026-07-23 19:54:44.823078+00:00",
      "2026-07-23 19:54:44.999886+00:00",
      "2026-07-23 19:54:45.194332+00:00",
      "2026-07-23 19:54:45.414633+00:00"
    ]
  },
  "ocr": {
    "scope": "page",
    "count": 11,
    "times": [
      3.2025573132559657,
      0.1253124698996544,
      0.1289280727505684,
      0.1197199858725071,
      0.6621219301596284,
      0.7140340842306614,
      0.9828009409829974,
      1.2490808079019189,
      0.12183417566120625,
      0.12230329774320126,
      0.1188644664362073
    ],
    "start_timestamps": [
      "2026-07-23 19:54:43.146613+00:00",
      "2026-07-23 19:54:46.349271+00:00",
      "2026-07-23 19:54:46.474593+00:00",
      "2026-07-23 19:54:46.603530+00:00",
      "2026-07-23 19:54:46.723259+00:00",
      "2026-07-23 19:54:47.385407+00:00",
      "2026-07-23 19:54:48.099448+00:00",
      "2026-07-23 19:54:49.082264+00:00",
      "2026-07-23 19:54:50.331361+00:00",
      "2026-07-23 19:54:50.453208+00:00",
      "2026-07-23 19:54:50.575520+00:00"
    ]
  },
  "layout": {
    "scope": "page",
    "count": 2,
    "times": [
      0.06950296275317669,
      0.12775886338204145
    ],
    "start_timestamps": [
      "2026-07-23 19:54:46.349377+00:00",
      "2026-07-23 19:54:50.694597+00:00"
    ]
  },
  "table_structure": {
    "scope": "page",
    "count": 11,
    "times": [
      2.275221049785614e-05,
      3.0117109417915344e-05,
      1.1000782251358032e-05,
      1.2453645467758179e-05,
      6.232410669326782e-06,
      0.38293702993541956,
      1.7321668565273285e-05,
      0.25678377877920866,
      3.456510603427887e-05,
      14.498594159260392,
      2.575758844614029e-05
    ],
    "start_timestamps": [
      "2026-07-23 19:54:46.458800+00:00",
      "2026-07-23 19:54:51.177324+00:00",
      "2026-07-23 19:54:51.177355+00:00",
      "2026-07-23 19:54:51.177375+00:00",
      "2026-07-23 19:54:51.177392+00:00",
      "2026-07-23 19:54:51.177448+00:00",
      "2026-07-23 19:54:51.560409+00:00",
      "2026-07-23 19:54:51.560429+00:00",
      "2026-07-23 19:54:51.817230+00:00",
      "2026-07-23 19:54:51.817353+00:00",
      "2026-07-23 19:55:06.315966+00:00"
    ]
  },
  "page_assemble": {
    "scope": "page",
    "count": 11,
    "times": [
      0.0005751121789216995,
      0.0003198320046067238,
      0.00035310443490743637,
      0.0003027096390724182,
      0.0001918300986289978,
      0.0003656577318906784,
      0.00027642957866191864,
      0.00020720995962619781,
      0.0004034601151943207,
      9.208265691995621e-05,
      0.00012870226055383682
    ],
    "start_timestamps": [
      "2026-07-23 19:54:46.458899+00:00",
      "2026-07-23 19:54:51.189441+00:00",
      "2026-07-23 19:54:51.189792+00:00",
      "2026-07-23 19:54:51.190164+00:00",
      "2026-07-23 19:54:51.190486+00:00",
      "2026-07-23 19:54:51.817429+00:00",
      "2026-07-23 19:54:51.817834+00:00",
      "2026-07-23 19:54:51.818131+00:00",
      "2026-07-23 19:54:51.818359+00:00",
      "2026-07-23 19:55:06.317721+00:00",
      "2026-07-23 19:55:06.317852+00:00"
    ]
  },
  "doc_assemble": {
    "scope": "document",
    "count": 1,
    "times": [
      0.04666468873620033
    ],
    "start_timestamps": [
      "2026-07-23 19:55:06.318244+00:00"
    ]
  },
  "reading_order": {
    "scope": "document",
    "count": 1,
    "times": [
      0.0459003197029233
    ],
    "start_timestamps": [
      "2026-07-23 19:55:06.318533+00:00"
    ]
  },
  "doc_enrich": {
    "scope": "document",
    "count": 1,
    "times": [
      4.770070854574442
    ],
    "start_timestamps": [
      "2026-07-23 19:55:06.364939+00:00"
    ]
  }
}
Function parse_pdf took 42.6768 seconds to execute.
Running: get_tables
Function get_tables took 0.0001 seconds to execute.
Running: get_surrounding_paragraphs
Function get_surrounding_paragraphs took 0.0001 seconds to execute.
