Running: parse_pdf
Raw PDF conversion timings:
{
  "pipeline_total": {
    "scope": "document",
    "count": 1,
    "times": [
      12.650064289569855
    ],
    "start_timestamps": [
      "2026-07-17 23:30:55.827221+00:00"
    ]
  },
  "page_parse": {
    "scope": "page",
    "count": 15,
    "times": [
      0.03299557976424694,
      0.047071767039597034,
      0.039385393261909485,
      0.05996853392571211,
      0.058167205192148685,
      0.08323580678552389,
      0.05411852616816759,
      0.05249774642288685,
      0.06458937004208565,
      0.06336102914065123,
      0.06460952758789062,
      0.0682397186756134,
      0.06818102952092886,
      0.08280201070010662,
      0.06704557128250599
    ],
    "start_timestamps": [
      "2026-07-17 23:30:55.829838+00:00",
      "2026-07-17 23:30:55.862879+00:00",
      "2026-07-17 23:30:55.909998+00:00",
      "2026-07-17 23:30:55.949432+00:00",
      "2026-07-17 23:30:56.009456+00:00",
      "2026-07-17 23:30:56.067672+00:00",
      "2026-07-17 23:30:56.150951+00:00",
      "2026-07-17 23:30:56.205113+00:00",
      "2026-07-17 23:30:56.257655+00:00",
      "2026-07-17 23:30:56.322286+00:00",
      "2026-07-17 23:30:56.385689+00:00",
      "2026-07-17 23:30:56.450344+00:00",
      "2026-07-17 23:30:56.518627+00:00",
      "2026-07-17 23:30:56.586854+00:00",
      "2026-07-17 23:30:56.669704+00:00"
    ]
  },
  "ocr": {
    "scope": "page",
    "count": 15,
    "times": [
      0.14799121860414743,
      0.14746917691081762,
      0.12245125975459814,
      0.1250412641093135,
      0.12858943082392216,
      0.14568987861275673,
      0.1234062472358346,
      0.12567302212119102,
      1.463541580364108,
      1.603743763640523,
      1.8158803582191467,
      1.664076161570847,
      2.101065811701119,
      1.630826972424984,
      0.931368145160377
    ],
    "start_timestamps": [
      "2026-07-17 23:30:55.863233+00:00",
      "2026-07-17 23:30:56.011270+00:00",
      "2026-07-17 23:30:56.158764+00:00",
      "2026-07-17 23:30:56.281233+00:00",
      "2026-07-17 23:30:56.406345+00:00",
      "2026-07-17 23:30:56.534955+00:00",
      "2026-07-17 23:30:56.680667+00:00",
      "2026-07-17 23:30:56.804091+00:00",
      "2026-07-17 23:30:56.929784+00:00",
      "2026-07-17 23:30:58.393345+00:00",
      "2026-07-17 23:30:59.997182+00:00",
      "2026-07-17 23:31:01.813079+00:00",
      "2026-07-17 23:31:03.477175+00:00",
      "2026-07-17 23:31:05.578257+00:00",
      "2026-07-17 23:31:07.209099+00:00"
    ]
  },
  "layout": {
    "scope": "page",
    "count": 4,
    "times": [
      0.20687648560851812,
      0.19273247942328453,
      0.12867647409439087,
      0.08659413270652294
    ],
    "start_timestamps": [
      "2026-07-17 23:30:56.011370+00:00",
      "2026-07-17 23:30:56.406457+00:00",
      "2026-07-17 23:30:59.997319+00:00",
      "2026-07-17 23:31:08.140665+00:00"
    ]
  },
  "table_structure": {
    "scope": "page",
    "count": 15,
    "times": [
      1.3084150850772858e-05,
      1.8743806397542357,
      1.2106521409004927,
      2.4085473781451583,
      2.1349795693531632,
      2.88212155085057,
      1.270656131207943,
      2.2171996533870697e-05,
      4.8150308430194855e-05,
      1.427624374628067e-05,
      1.121126115322113e-05,
      1.0930001735687256e-05,
      1.4277175068855286e-05,
      1.0649673640727997e-05,
      9.08784568309784e-06
    ],
    "start_timestamps": [
      "2026-07-17 23:30:56.259258+00:00",
      "2026-07-17 23:30:56.676336+00:00",
      "2026-07-17 23:30:58.550735+00:00",
      "2026-07-17 23:30:59.761417+00:00",
      "2026-07-17 23:31:02.170867+00:00",
      "2026-07-17 23:31:04.305864+00:00",
      "2026-07-17 23:31:07.188023+00:00",
      "2026-07-17 23:31:08.458689+00:00",
      "2026-07-17 23:31:08.458974+00:00",
      "2026-07-17 23:31:08.459032+00:00",
      "2026-07-17 23:31:08.459054+00:00",
      "2026-07-17 23:31:08.459071+00:00",
      "2026-07-17 23:31:08.459136+00:00",
      "2026-07-17 23:31:08.459158+00:00",
      "2026-07-17 23:31:08.459175+00:00"
    ]
  },
  "page_assemble": {
    "scope": "page",
    "count": 15,
    "times": [
      0.00021877139806747437,
      7.529184222221375e-05,
      3.409478813409805e-05,
      2.3473985493183136e-05,
      0.00011871382594108582,
      6.205681711435318e-05,
      4.7618523240089417e-05,
      0.0007071010768413544,
      5.882978439331055e-05,
      2.8364360332489014e-05,
      2.2201798856258392e-05,
      2.329424023628235e-05,
      2.2411346435546875e-05,
      2.1430663764476776e-05,
      2.0097941160202026e-05
    ],
    "start_timestamps": [
      "2026-07-17 23:30:56.259324+00:00",
      "2026-07-17 23:31:02.170981+00:00",
      "2026-07-17 23:31:02.171098+00:00",
      "2026-07-17 23:31:02.171154+00:00",
      "2026-07-17 23:31:08.459295+00:00",
      "2026-07-17 23:31:08.459468+00:00",
      "2026-07-17 23:31:08.459569+00:00",
      "2026-07-17 23:31:08.459637+00:00",
      "2026-07-17 23:31:08.460366+00:00",
      "2026-07-17 23:31:08.460444+00:00",
      "2026-07-17 23:31:08.460490+00:00",
      "2026-07-17 23:31:08.460528+00:00",
      "2026-07-17 23:31:08.460566+00:00",
      "2026-07-17 23:31:08.460603+00:00",
      "2026-07-17 23:31:08.460638+00:00"
    ]
  },
  "doc_assemble": {
    "scope": "document",
    "count": 1,
    "times": [
      0.014946987852454185
    ],
    "start_timestamps": [
      "2026-07-17 23:31:08.460919+00:00"
    ]
  },
  "reading_order": {
    "scope": "document",
    "count": 1,
    "times": [
      0.014536294154822826
    ],
    "start_timestamps": [
      "2026-07-17 23:31:08.460981+00:00"
    ]
  },
  "doc_enrich": {
    "scope": "document",
    "count": 1,
    "times": [
      0.0013906164094805717
    ],
    "start_timestamps": [
      "2026-07-17 23:31:08.475889+00:00"
    ]
  }
}
All hyperlinked elements redacted in-memory.
Clean PDF conversion timings:
{
  "pipeline_total": {
    "scope": "document",
    "count": 1,
    "times": [
      12.56711948942393
    ],
    "start_timestamps": [
      "2026-07-17 23:31:08.619198+00:00"
    ]
  },
  "page_parse": {
    "scope": "page",
    "count": 15,
    "times": [
      0.03407633490860462,
      0.04488962423056364,
      0.03843587823212147,
      0.05858476646244526,
      0.08046785462647676,
      0.08628765679895878,
      0.05815496668219566,
      0.05083857849240303,
      0.0638899290934205,
      0.06294642295688391,
      0.06255691032856703,
      0.06586383376270533,
      0.06598358787596226,
      0.06584218237549067,
      0.0762572418898344
    ],
    "start_timestamps": [
      "2026-07-17 23:31:08.621758+00:00",
      "2026-07-17 23:31:08.655874+00:00",
      "2026-07-17 23:31:08.700801+00:00",
      "2026-07-17 23:31:08.739276+00:00",
      "2026-07-17 23:31:08.797899+00:00",
      "2026-07-17 23:31:08.878423+00:00",
      "2026-07-17 23:31:08.964757+00:00",
      "2026-07-17 23:31:09.022952+00:00",
      "2026-07-17 23:31:09.073825+00:00",
      "2026-07-17 23:31:09.137759+00:00",
      "2026-07-17 23:31:09.200749+00:00",
      "2026-07-17 23:31:09.263349+00:00",
      "2026-07-17 23:31:09.329253+00:00",
      "2026-07-17 23:31:09.395283+00:00",
      "2026-07-17 23:31:09.461166+00:00"
    ]
  },
  "ocr": {
    "scope": "page",
    "count": 15,
    "times": [
      0.1438424438238144,
      0.17410296760499477,
      0.16711753234267235,
      0.12827154248952866,
      0.20142612513154745,
      0.12418103404343128,
      0.1233272086828947,
      0.12123557273298502,
      1.4418718060478568,
      1.608330168761313,
      1.5232281927019358,
      1.5783868711441755,
      2.198342819698155,
      2.0276245214045048,
      0.8773444751277566
    ],
    "start_timestamps": [
      "2026-07-17 23:31:08.656159+00:00",
      "2026-07-17 23:31:08.800047+00:00",
      "2026-07-17 23:31:08.974167+00:00",
      "2026-07-17 23:31:09.141296+00:00",
      "2026-07-17 23:31:09.269620+00:00",
      "2026-07-17 23:31:09.471067+00:00",
      "2026-07-17 23:31:09.595259+00:00",
      "2026-07-17 23:31:09.718597+00:00",
      "2026-07-17 23:31:09.839842+00:00",
      "2026-07-17 23:31:11.281734+00:00",
      "2026-07-17 23:31:12.890083+00:00",
      "2026-07-17 23:31:14.413417+00:00",
      "2026-07-17 23:31:15.991820+00:00",
      "2026-07-17 23:31:18.190179+00:00",
      "2026-07-17 23:31:20.217821+00:00"
    ]
  },
  "layout": {
    "scope": "page",
    "count": 4,
    "times": [
      0.23118314240127802,
      0.2089198576286435,
      0.1013656510040164,
      0.06643395684659481
    ],
    "start_timestamps": [
      "2026-07-17 23:31:08.800119+00:00",
      "2026-07-17 23:31:09.269688+00:00",
      "2026-07-17 23:31:14.413680+00:00",
      "2026-07-17 23:31:21.095333+00:00"
    ]
  },
  "table_structure": {
    "scope": "page",
    "count": 15,
    "times": [
      1.392606645822525e-05,
      1.8335638847202063,
      1.252828873693943,
      2.8195972200483084,
      2.4832435781136155,
      1.930844970047474,
      1.1211325265467167,
      3.708992153406143e-05,
      1.0300427675247192e-05,
      6.962567567825317e-06,
      5.739741027355194e-06,
      5.04152849316597e-05,
      1.4336779713630676e-05,
      1.2192875146865845e-05,
      1.0970048606395721e-05
    ],
    "start_timestamps": [
      "2026-07-17 23:31:09.038199+00:00",
      "2026-07-17 23:31:09.552387+00:00",
      "2026-07-17 23:31:11.385969+00:00",
      "2026-07-17 23:31:12.638814+00:00",
      "2026-07-17 23:31:15.459119+00:00",
      "2026-07-17 23:31:17.942381+00:00",
      "2026-07-17 23:31:19.873246+00:00",
      "2026-07-17 23:31:20.994397+00:00",
      "2026-07-17 23:31:20.994676+00:00",
      "2026-07-17 23:31:20.994691+00:00",
      "2026-07-17 23:31:20.994701+00:00",
      "2026-07-17 23:31:21.168930+00:00",
      "2026-07-17 23:31:21.168990+00:00",
      "2026-07-17 23:31:21.169011+00:00",
      "2026-07-17 23:31:21.169030+00:00"
    ]
  },
  "page_assemble": {
    "scope": "page",
    "count": 15,
    "times": [
      0.00010383501648902893,
      0.00021747034043073654,
      5.220714956521988e-05,
      2.7472153306007385e-05,
      6.340071558952332e-05,
      5.951244384050369e-05,
      5.0434842705726624e-05,
      0.00013734959065914154,
      4.6026892960071564e-05,
      2.8944574296474457e-05,
      2.4577602744102478e-05,
      7.910933345556259e-05,
      3.55476513504982e-05,
      4.6838074922561646e-05,
      2.841278910636902e-05
    ],
    "start_timestamps": [
      "2026-07-17 23:31:09.038257+00:00",
      "2026-07-17 23:31:15.460198+00:00",
      "2026-07-17 23:31:15.460493+00:00",
      "2026-07-17 23:31:15.460567+00:00",
      "2026-07-17 23:31:20.994772+00:00",
      "2026-07-17 23:31:20.994876+00:00",
      "2026-07-17 23:31:20.994957+00:00",
      "2026-07-17 23:31:20.995028+00:00",
      "2026-07-17 23:31:20.995184+00:00",
      "2026-07-17 23:31:20.995248+00:00",
      "2026-07-17 23:31:20.995293+00:00",
      "2026-07-17 23:31:21.169213+00:00",
      "2026-07-17 23:31:21.169325+00:00",
      "2026-07-17 23:31:21.169382+00:00",
      "2026-07-17 23:31:21.169451+00:00"
    ]
  },
  "doc_assemble": {
    "scope": "document",
    "count": 1,
    "times": [
      0.015175546519458294
    ],
    "start_timestamps": [
      "2026-07-17 23:31:21.169762+00:00"
    ]
  },
  "reading_order": {
    "scope": "document",
    "count": 1,
    "times": [
      0.01468556560575962
    ],
    "start_timestamps": [
      "2026-07-17 23:31:21.169842+00:00"
    ]
  },
  "doc_enrich": {
    "scope": "document",
    "count": 1,
    "times": [
      0.0013516927137970924
    ],
    "start_timestamps": [
      "2026-07-17 23:31:21.184960+00:00"
    ]
  }
}
Function parse_pdf took 25.4971 seconds to execute.
Running: get_tables
Function get_tables took 0.0000 seconds to execute.
Running: get_surrounding_paragraphs
Function get_surrounding_paragraphs took 0.0001 seconds to execute.
