Running: parse_pdf
Raw PDF conversion timings:
{
  "pipeline_total": {
    "scope": "document",
    "count": 1,
    "times": [
      1.419767053797841
    ],
    "start_timestamps": [
      "2026-07-17 19:54:57.496040+00:00"
    ]
  },
  "page_parse": {
    "scope": "page",
    "count": 6,
    "times": [
      0.09884631168097258,
      0.09505049977451563,
      0.16922798100858927,
      0.07623919192701578,
      0.1281256079673767,
      0.04341885168105364
    ],
    "start_timestamps": [
      "2026-07-17 19:54:57.499797+00:00",
      "2026-07-17 19:54:57.598684+00:00",
      "2026-07-17 19:54:57.693775+00:00",
      "2026-07-17 19:54:57.863043+00:00",
      "2026-07-17 19:54:57.939325+00:00",
      "2026-07-17 19:54:58.067491+00:00"
    ]
  },
  "ocr": {
    "scope": "page",
    "count": 6,
    "times": [
      0.26635507866740227,
      0.24677967373281717,
      0.12052805162966251,
      0.11857030726969242,
      0.12513937894254923,
      0.11734560318291187
    ],
    "start_timestamps": [
      "2026-07-17 19:54:57.598761+00:00",
      "2026-07-17 19:54:57.865154+00:00",
      "2026-07-17 19:54:58.111949+00:00",
      "2026-07-17 19:54:58.232509+00:00",
      "2026-07-17 19:54:58.351090+00:00",
      "2026-07-17 19:54:58.476240+00:00"
    ]
  },
  "layout": {
    "scope": "page",
    "count": 3,
    "times": [
      0.26506860833615065,
      0.06002820748835802,
      0.06546059902757406
    ],
    "start_timestamps": [
      "2026-07-17 19:54:57.865227+00:00",
      "2026-07-17 19:54:58.232563+00:00",
      "2026-07-17 19:54:58.593688+00:00"
    ]
  },
  "table_structure": {
    "scope": "page",
    "count": 6,
    "times": [
      1.524854451417923e-05,
      1.87847763299942e-05,
      6.622634828090668e-06,
      2.600904554128647e-05,
      1.4025717973709106e-05,
      6.893649697303772e-06
    ],
    "start_timestamps": [
      "2026-07-17 19:54:58.185042+00:00",
      "2026-07-17 19:54:58.336356+00:00",
      "2026-07-17 19:54:58.336378+00:00",
      "2026-07-17 19:54:58.879221+00:00",
      "2026-07-17 19:54:58.879253+00:00",
      "2026-07-17 19:54:58.879271+00:00"
    ]
  },
  "page_assemble": {
    "scope": "page",
    "count": 6,
    "times": [
      0.0003076493740081787,
      0.0002735145390033722,
      0.00013728905469179153,
      0.00019879452884197235,
      0.0006120521575212479,
      9.535998106002808e-05
    ],
    "start_timestamps": [
      "2026-07-17 19:54:58.185127+00:00",
      "2026-07-17 19:54:58.336428+00:00",
      "2026-07-17 19:54:58.336731+00:00",
      "2026-07-17 19:54:58.879382+00:00",
      "2026-07-17 19:54:58.879616+00:00",
      "2026-07-17 19:54:58.880248+00:00"
    ]
  },
  "doc_assemble": {
    "scope": "document",
    "count": 1,
    "times": [
      0.03389495052397251
    ],
    "start_timestamps": [
      "2026-07-17 19:54:58.880502+00:00"
    ]
  },
  "reading_order": {
    "scope": "document",
    "count": 1,
    "times": [
      0.03341042995452881
    ],
    "start_timestamps": [
      "2026-07-17 19:54:58.880626+00:00"
    ]
  },
  "doc_enrich": {
    "scope": "document",
    "count": 1,
    "times": [
      0.00137226190418005
    ],
    "start_timestamps": [
      "2026-07-17 19:54:58.914429+00:00"
    ]
  }
}
All hyperlinked elements redacted in-memory.
Clean PDF conversion timings:
{
  "pipeline_total": {
    "scope": "document",
    "count": 1,
    "times": [
      1.3109711278229952
    ],
    "start_timestamps": [
      "2026-07-17 19:54:58.951619+00:00"
    ]
  },
  "page_parse": {
    "scope": "page",
    "count": 6,
    "times": [
      0.0989018864929676,
      0.09334890730679035,
      0.17397560644894838,
      0.07705056946724653,
      0.12456126138567924,
      0.04151640273630619
    ],
    "start_timestamps": [
      "2026-07-17 19:54:58.955295+00:00",
      "2026-07-17 19:54:59.054241+00:00",
      "2026-07-17 19:54:59.147629+00:00",
      "2026-07-17 19:54:59.321636+00:00",
      "2026-07-17 19:54:59.398730+00:00",
      "2026-07-17 19:54:59.523332+00:00"
    ]
  },
  "ocr": {
    "scope": "page",
    "count": 6,
    "times": [
      0.26412373036146164,
      0.20901575218886137,
      0.11900255084037781,
      0.11740872263908386,
      0.1249309666454792,
      0.24293733295053244
    ],
    "start_timestamps": [
      "2026-07-17 19:54:59.054339+00:00",
      "2026-07-17 19:54:59.318511+00:00",
      "2026-07-17 19:54:59.527562+00:00",
      "2026-07-17 19:54:59.646576+00:00",
      "2026-07-17 19:54:59.763994+00:00",
      "2026-07-17 19:54:59.888964+00:00"
    ]
  },
  "layout": {
    "scope": "page",
    "count": 4,
    "times": [
      0.2619557213038206,
      0.030170352198183537,
      0.07178721483796835,
      0.027897185645997524
    ],
    "start_timestamps": [
      "2026-07-17 19:54:59.318594+00:00",
      "2026-07-17 19:54:59.635814+00:00",
      "2026-07-17 19:54:59.889050+00:00",
      "2026-07-17 19:55:00.191026+00:00"
    ]
  },
  "table_structure": {
    "scope": "page",
    "count": 6,
    "times": [
      2.010725438594818e-05,
      2.3905187845230103e-05,
      2.7370639145374298e-05,
      8.685514330863953e-06,
      1.1490657925605774e-05,
      2.1169893443584442e-05
    ],
    "start_timestamps": [
      "2026-07-17 19:54:59.635915+00:00",
      "2026-07-17 19:54:59.697573+00:00",
      "2026-07-17 19:55:00.191109+00:00",
      "2026-07-17 19:55:00.191144+00:00",
      "2026-07-17 19:55:00.191157+00:00",
      "2026-07-17 19:55:00.227119+00:00"
    ]
  },
  "page_assemble": {
    "scope": "page",
    "count": 6,
    "times": [
      0.00046350155025720596,
      0.0004518600180745125,
      0.00043119117617607117,
      0.00011600833386182785,
      0.0007073711603879929,
      0.00030795857310295105
    ],
    "start_timestamps": [
      "2026-07-17 19:54:59.636015+00:00",
      "2026-07-17 19:54:59.697651+00:00",
      "2026-07-17 19:55:00.191246+00:00",
      "2026-07-17 19:55:00.191732+00:00",
      "2026-07-17 19:55:00.191867+00:00",
      "2026-07-17 19:55:00.227276+00:00"
    ]
  },
  "doc_assemble": {
    "scope": "document",
    "count": 1,
    "times": [
      0.03339302632957697
    ],
    "start_timestamps": [
      "2026-07-17 19:55:00.227811+00:00"
    ]
  },
  "reading_order": {
    "scope": "document",
    "count": 1,
    "times": [
      0.0329063618555665
    ],
    "start_timestamps": [
      "2026-07-17 19:55:00.227913+00:00"
    ]
  },
  "doc_enrich": {
    "scope": "document",
    "count": 1,
    "times": [
      0.0013567134737968445
    ],
    "start_timestamps": [
      "2026-07-17 19:55:00.261228+00:00"
    ]
  }
}
Function parse_pdf took 2.9453 seconds to execute.
Running: get_tables
Function get_tables took 0.0000 seconds to execute.
Running: get_surrounding_paragraphs
Function get_surrounding_paragraphs took 0.0000 seconds to execute.
