Running: parse_pdf
Raw PDF conversion timings:
{
  "pipeline_total": {
    "scope": "document",
    "count": 1,
    "times": [
      2.540355139411986
    ],
    "start_timestamps": [
      "2026-07-23 16:38:52.710700+00:00"
    ]
  },
  "page_parse": {
    "scope": "page",
    "count": 6,
    "times": [
      0.08994351606816053,
      0.10031215660274029,
      0.09626504126936197,
      0.1007376266643405,
      0.09123714081943035,
      0.054969506338238716
    ],
    "start_timestamps": [
      "2026-07-23 16:38:52.714599+00:00",
      "2026-07-23 16:38:52.804580+00:00",
      "2026-07-23 16:38:52.904928+00:00",
      "2026-07-23 16:38:53.001233+00:00",
      "2026-07-23 16:38:53.102016+00:00",
      "2026-07-23 16:38:53.193293+00:00"
    ]
  },
  "ocr": {
    "scope": "page",
    "count": 6,
    "times": [
      0.19868049584329128,
      0.7559383437037468,
      0.34135897271335125,
      0.5909215938299894,
      0.31101467460393906,
      0.12575501296669245
    ],
    "start_timestamps": [
      "2026-07-23 16:38:52.804837+00:00",
      "2026-07-23 16:38:53.003549+00:00",
      "2026-07-23 16:38:53.759513+00:00",
      "2026-07-23 16:38:54.100961+00:00",
      "2026-07-23 16:38:54.691898+00:00",
      "2026-07-23 16:38:55.002928+00:00"
    ]
  },
  "layout": {
    "scope": "page",
    "count": 3,
    "times": [
      0.24794867262244225,
      0.057641422376036644,
      0.06102835666388273
    ],
    "start_timestamps": [
      "2026-07-23 16:38:53.003629+00:00",
      "2026-07-23 16:38:54.101031+00:00",
      "2026-07-23 16:38:55.128838+00:00"
    ]
  },
  "table_structure": {
    "scope": "page",
    "count": 6,
    "times": [
      2.0017847418785095e-05,
      2.4216249585151672e-05,
      0.5822279639542103,
      2.0869076251983643e-05,
      7.985159754753113e-06,
      6.5425410866737366e-06
    ],
    "start_timestamps": [
      "2026-07-23 16:38:53.265750+00:00",
      "2026-07-23 16:38:54.183158+00:00",
      "2026-07-23 16:38:54.183187+00:00",
      "2026-07-23 16:38:55.236521+00:00",
      "2026-07-23 16:38:55.236545+00:00",
      "2026-07-23 16:38:55.236557+00:00"
    ]
  },
  "page_assemble": {
    "scope": "page",
    "count": 6,
    "times": [
      0.00022982340306043625,
      0.0003765895962715149,
      0.000245741568505764,
      0.0002687862142920494,
      0.0001975521445274353,
      0.00013661663979291916
    ],
    "start_timestamps": [
      "2026-07-23 16:38:53.265821+00:00",
      "2026-07-23 16:38:54.765568+00:00",
      "2026-07-23 16:38:54.765979+00:00",
      "2026-07-23 16:38:55.236639+00:00",
      "2026-07-23 16:38:55.236937+00:00",
      "2026-07-23 16:38:55.237155+00:00"
    ]
  },
  "doc_assemble": {
    "scope": "document",
    "count": 1,
    "times": [
      0.01256551407277584
    ],
    "start_timestamps": [
      "2026-07-23 16:38:55.237476+00:00"
    ]
  },
  "reading_order": {
    "scope": "document",
    "count": 1,
    "times": [
      0.012137878686189651
    ],
    "start_timestamps": [
      "2026-07-23 16:38:55.237521+00:00"
    ]
  },
  "doc_enrich": {
    "scope": "document",
    "count": 1,
    "times": [
      0.0009784204885363579
    ],
    "start_timestamps": [
      "2026-07-23 16:38:55.250071+00:00"
    ]
  }
}
All hyperlinked elements redacted in-memory.
Clean PDF conversion timings:
{
  "pipeline_total": {
    "scope": "document",
    "count": 1,
    "times": [
      2.510983590967953
    ],
    "start_timestamps": [
      "2026-07-23 16:38:55.278971+00:00"
    ]
  },
  "page_parse": {
    "scope": "page",
    "count": 6,
    "times": [
      0.08923000376671553,
      0.0987027594819665,
      0.09509403724223375,
      0.09801730886101723,
      0.09293652791529894,
      0.05390629451721907
    ],
    "start_timestamps": [
      "2026-07-23 16:38:55.282385+00:00",
      "2026-07-23 16:38:55.371654+00:00",
      "2026-07-23 16:38:55.470394+00:00",
      "2026-07-23 16:38:55.565526+00:00",
      "2026-07-23 16:38:55.663585+00:00",
      "2026-07-23 16:38:55.756562+00:00"
    ]
  },
  "ocr": {
    "scope": "page",
    "count": 6,
    "times": [
      0.197917640209198,
      0.7320509748533368,
      0.34204618632793427,
      0.5925157433375716,
      0.3061627745628357,
      0.1258691567927599
    ],
    "start_timestamps": [
      "2026-07-23 16:38:55.371932+00:00",
      "2026-07-23 16:38:55.569884+00:00",
      "2026-07-23 16:38:56.301953+00:00",
      "2026-07-23 16:38:56.644074+00:00",
      "2026-07-23 16:38:57.236606+00:00",
      "2026-07-23 16:38:57.542784+00:00"
    ]
  },
  "layout": {
    "scope": "page",
    "count": 3,
    "times": [
      0.24591869302093983,
      0.057185886427760124,
      0.060276241041719913
    ],
    "start_timestamps": [
      "2026-07-23 16:38:55.569985+00:00",
      "2026-07-23 16:38:56.644137+00:00",
      "2026-07-23 16:38:57.668788+00:00"
    ]
  },
  "table_structure": {
    "scope": "page",
    "count": 6,
    "times": [
      2.4946406483650208e-05,
      2.2922642529010773e-05,
      0.3967337403446436,
      2.329424023628235e-05,
      1.0059215128421783e-05,
      8.124858140945435e-06
    ],
    "start_timestamps": [
      "2026-07-23 16:38:55.830725+00:00",
      "2026-07-23 16:38:56.725566+00:00",
      "2026-07-23 16:38:56.725594+00:00",
      "2026-07-23 16:38:57.774586+00:00",
      "2026-07-23 16:38:57.774614+00:00",
      "2026-07-23 16:38:57.774628+00:00"
    ]
  },
  "page_assemble": {
    "scope": "page",
    "count": 6,
    "times": [
      0.0003391178324818611,
      0.0002949461340904236,
      0.000208292156457901,
      0.0002880226820707321,
      0.00019112974405288696,
      0.00015413016080856323
    ],
    "start_timestamps": [
      "2026-07-23 16:38:55.830848+00:00",
      "2026-07-23 16:38:57.122522+00:00",
      "2026-07-23 16:38:57.122851+00:00",
      "2026-07-23 16:38:57.774749+00:00",
      "2026-07-23 16:38:57.775067+00:00",
      "2026-07-23 16:38:57.775277+00:00"
    ]
  },
  "doc_assemble": {
    "scope": "document",
    "count": 1,
    "times": [
      0.013368426822125912
    ],
    "start_timestamps": [
      "2026-07-23 16:38:57.775590+00:00"
    ]
  },
  "reading_order": {
    "scope": "document",
    "count": 1,
    "times": [
      0.012995363213121891
    ],
    "start_timestamps": [
      "2026-07-23 16:38:57.775631+00:00"
    ]
  },
  "doc_enrich": {
    "scope": "document",
    "count": 1,
    "times": [
      0.00096864253282547
    ],
    "start_timestamps": [
      "2026-07-23 16:38:57.788981+00:00"
    ]
  }
}
Function parse_pdf took 5.1573 seconds to execute.
Running: get_tables
Function get_tables took 0.0000 seconds to execute.
Running: get_surrounding_paragraphs
Function get_surrounding_paragraphs took 0.0000 seconds to execute.
