Running: parse_pdf
Raw PDF conversion timings:
{
  "pipeline_total": {
    "scope": "document",
    "count": 1,
    "times": [
      55.886430310085416
    ],
    "start_timestamps": [
      "2026-07-18 00:29:15.424395+00:00"
    ]
  },
  "page_parse": {
    "scope": "page",
    "count": 9,
    "times": [
      0.17329592537134886,
      0.2374579794704914,
      0.19201963767409325,
      0.253548257984221,
      0.24708615709096193,
      0.24981359764933586,
      0.21804191451519728,
      0.28753544483333826,
      0.3406967343762517
    ],
    "start_timestamps": [
      "2026-07-18 00:29:15.429177+00:00",
      "2026-07-18 00:29:15.602513+00:00",
      "2026-07-18 00:29:15.840011+00:00",
      "2026-07-18 00:29:16.032072+00:00",
      "2026-07-18 00:29:16.285669+00:00",
      "2026-07-18 00:29:16.532802+00:00",
      "2026-07-18 00:29:16.782670+00:00",
      "2026-07-18 00:29:17.000762+00:00",
      "2026-07-18 00:29:17.288354+00:00"
    ]
  },
  "ocr": {
    "scope": "page",
    "count": 9,
    "times": [
      0.23996817413717508,
      0.20447309128940105,
      0.24650364089757204,
      2.172794658690691,
      0.4329692777246237,
      0.8650156101211905,
      0.7343441657721996,
      0.12091082986444235,
      0.12082973774522543
    ],
    "start_timestamps": [
      "2026-07-18 00:29:15.602870+00:00",
      "2026-07-18 00:29:15.842874+00:00",
      "2026-07-18 00:29:16.047384+00:00",
      "2026-07-18 00:29:16.293924+00:00",
      "2026-07-18 00:29:18.466820+00:00",
      "2026-07-18 00:29:18.899806+00:00",
      "2026-07-18 00:29:19.764838+00:00",
      "2026-07-18 00:29:20.499200+00:00",
      "2026-07-18 00:29:20.620118+00:00"
    ]
  },
  "layout": {
    "scope": "page",
    "count": 5,
    "times": [
      0.2552333287894726,
      0.16989867109805346,
      0.027064124122262,
      0.03286993969231844,
      0.08234790898859501
    ],
    "start_timestamps": [
      "2026-07-18 00:29:15.842977+00:00",
      "2026-07-18 00:29:16.139122+00:00",
      "2026-07-18 00:29:16.533441+00:00",
      "2026-07-18 00:29:18.466880+00:00",
      "2026-07-18 00:29:20.741118+00:00"
    ]
  },
  "table_structure": {
    "scope": "page",
    "count": 9,
    "times": [
      1.9866973161697388e-05,
      2.1471641957759857e-05,
      1.238354536704719,
      5.6024640798568726e-05,
      3.3292919397354126e-05,
      1.4056451618671417e-05,
      0.5898851864039898,
      2.030935138463974e-05,
      1.0991469025611877e-05
    ],
    "start_timestamps": [
      "2026-07-18 00:29:16.139218+00:00",
      "2026-07-18 00:29:16.533504+00:00",
      "2026-07-18 00:29:16.789973+00:00",
      "2026-07-18 00:29:18.509647+00:00",
      "2026-07-18 00:29:21.119961+00:00",
      "2026-07-18 00:29:21.119998+00:00",
      "2026-07-18 00:29:21.120019+00:00",
      "2026-07-18 00:29:21.709920+00:00",
      "2026-07-18 00:29:21.710099+00:00"
    ]
  },
  "page_assemble": {
    "scope": "page",
    "count": 9,
    "times": [
      0.0011558150872588158,
      0.0004692934453487396,
      0.0004619089886546135,
      0.0004408396780490875,
      0.0007982328534126282,
      0.00023996084928512573,
      0.0003398582339286804,
      0.008297471329569817,
      0.012845580466091633
    ],
    "start_timestamps": [
      "2026-07-18 00:29:16.139332+00:00",
      "2026-07-18 00:29:16.533572+00:00",
      "2026-07-18 00:29:18.028532+00:00",
      "2026-07-18 00:29:18.509785+00:00",
      "2026-07-18 00:29:21.710253+00:00",
      "2026-07-18 00:29:21.711094+00:00",
      "2026-07-18 00:29:21.711355+00:00",
      "2026-07-18 00:29:21.711717+00:00",
      "2026-07-18 00:29:21.720041+00:00"
    ]
  },
  "doc_assemble": {
    "scope": "document",
    "count": 1,
    "times": [
      0.04585682600736618
    ],
    "start_timestamps": [
      "2026-07-18 00:29:21.733078+00:00"
    ]
  },
  "reading_order": {
    "scope": "document",
    "count": 1,
    "times": [
      0.045389906503260136
    ],
    "start_timestamps": [
      "2026-07-18 00:29:21.733165+00:00"
    ]
  },
  "doc_enrich": {
    "scope": "document",
    "count": 1,
    "times": [
      49.53185081202537
    ],
    "start_timestamps": [
      "2026-07-18 00:29:21.778957+00:00"
    ]
  }
}
All hyperlinked elements redacted in-memory.
Clean PDF conversion timings:
{
  "pipeline_total": {
    "scope": "document",
    "count": 1,
    "times": [
      97.27199473045766
    ],
    "start_timestamps": [
      "2026-07-18 00:30:11.808296+00:00"
    ]
  },
  "page_parse": {
    "scope": "page",
    "count": 9,
    "times": [
      0.16594023630023003,
      0.2340022325515747,
      0.1844928991049528,
      0.24064652435481548,
      0.24974608793854713,
      0.28618105966597795,
      0.32080456241965294,
      0.5284065958112478,
      0.18206801544874907
    ],
    "start_timestamps": [
      "2026-07-18 00:30:11.812508+00:00",
      "2026-07-18 00:30:11.978489+00:00",
      "2026-07-18 00:30:12.212536+00:00",
      "2026-07-18 00:30:12.397071+00:00",
      "2026-07-18 00:30:12.637768+00:00",
      "2026-07-18 00:30:12.887563+00:00",
      "2026-07-18 00:30:13.173793+00:00",
      "2026-07-18 00:30:13.494654+00:00",
      "2026-07-18 00:30:14.023106+00:00"
    ]
  },
  "ocr": {
    "scope": "page",
    "count": 9,
    "times": [
      0.23643394839018583,
      0.1854668315500021,
      0.2466599801555276,
      2.3843316407874227,
      0.4196646912023425,
      0.903542104177177,
      0.7674998780712485,
      0.12262328527867794,
      0.12085213232785463
    ],
    "start_timestamps": [
      "2026-07-18 00:30:11.978808+00:00",
      "2026-07-18 00:30:12.215287+00:00",
      "2026-07-18 00:30:12.400787+00:00",
      "2026-07-18 00:30:12.647482+00:00",
      "2026-07-18 00:30:15.031911+00:00",
      "2026-07-18 00:30:15.451594+00:00",
      "2026-07-18 00:30:16.355153+00:00",
      "2026-07-18 00:30:17.122670+00:00",
      "2026-07-18 00:30:17.245303+00:00"
    ]
  },
  "layout": {
    "scope": "page",
    "count": 5,
    "times": [
      0.2319352114573121,
      0.1684866389259696,
      0.02766517922282219,
      0.027353561483323574,
      0.08660897612571716
    ],
    "start_timestamps": [
      "2026-07-18 00:30:12.215365+00:00",
      "2026-07-18 00:30:12.490377+00:00",
      "2026-07-18 00:30:12.893051+00:00",
      "2026-07-18 00:30:15.031970+00:00",
      "2026-07-18 00:30:17.366414+00:00"
    ]
  },
  "table_structure": {
    "scope": "page",
    "count": 9,
    "times": [
      2.791173756122589e-05,
      3.12095507979393e-05,
      1.6224304772913456,
      5.782954394817352e-05,
      2.512708306312561e-05,
      7.924623787403107e-06,
      0.5894837770611048,
      2.1560117602348328e-05,
      1.05179229285568
    ],
    "start_timestamps": [
      "2026-07-18 00:30:12.490514+00:00",
      "2026-07-18 00:30:12.893138+00:00",
      "2026-07-18 00:30:12.997729+00:00",
      "2026-07-18 00:30:15.069300+00:00",
      "2026-07-18 00:30:17.725977+00:00",
      "2026-07-18 00:30:17.726007+00:00",
      "2026-07-18 00:30:17.726019+00:00",
      "2026-07-18 00:30:18.315519+00:00",
      "2026-07-18 00:30:18.315729+00:00"
    ]
  },
  "page_assemble": {
    "scope": "page",
    "count": 9,
    "times": [
      0.0005602752789855003,
      0.0005102502182126045,
      0.0005239658057689667,
      0.0003543766215443611,
      0.0003943322226405144,
      0.00021548569202423096,
      0.00024645403027534485,
      0.0003461204469203949,
      0.0005049398168921471
    ],
    "start_timestamps": [
      "2026-07-18 00:30:12.490614+00:00",
      "2026-07-18 00:30:12.893225+00:00",
      "2026-07-18 00:30:14.620355+00:00",
      "2026-07-18 00:30:15.069461+00:00",
      "2026-07-18 00:30:18.316544+00:00",
      "2026-07-18 00:30:18.316976+00:00",
      "2026-07-18 00:30:18.317212+00:00",
      "2026-07-18 00:30:18.317481+00:00",
      "2026-07-18 00:30:19.368285+00:00"
    ]
  },
  "doc_assemble": {
    "scope": "document",
    "count": 1,
    "times": [
      0.05065737385302782
    ],
    "start_timestamps": [
      "2026-07-18 00:30:19.369190+00:00"
    ]
  },
  "reading_order": {
    "scope": "document",
    "count": 1,
    "times": [
      0.05009142868220806
    ],
    "start_timestamps": [
      "2026-07-18 00:30:19.369318+00:00"
    ]
  },
  "doc_enrich": {
    "scope": "document",
    "count": 1,
    "times": [
      89.66039593610913
    ],
    "start_timestamps": [
      "2026-07-18 00:30:19.419869+00:00"
    ]
  }
}
Function parse_pdf took 153.9103 seconds to execute.
Running: get_tables
Function get_tables took 0.0001 seconds to execute.
Running: get_surrounding_paragraphs
Function get_surrounding_paragraphs took 0.0001 seconds to execute.
