Running: parse_pdf
Raw PDF conversion timings:
{
  "pipeline_total": {
    "scope": "document",
    "count": 1,
    "times": [
      45.11338658630848
    ],
    "start_timestamps": [
      "2026-07-17 19:46:13.298124+00:00"
    ]
  },
  "page_parse": {
    "scope": "page",
    "count": 8,
    "times": [
      0.0894115287810564,
      0.0983795914798975,
      0.08854642137885094,
      0.09326316602528095,
      0.10754802078008652,
      0.0700153661891818,
      0.12182376906275749,
      0.09683381207287312
    ],
    "start_timestamps": [
      "2026-07-17 19:46:13.301397+00:00",
      "2026-07-17 19:46:13.390851+00:00",
      "2026-07-17 19:46:13.489270+00:00",
      "2026-07-17 19:46:13.577856+00:00",
      "2026-07-17 19:46:13.671163+00:00",
      "2026-07-17 19:46:13.778764+00:00",
      "2026-07-17 19:46:13.848825+00:00",
      "2026-07-17 19:46:13.970697+00:00"
    ]
  },
  "ocr": {
    "scope": "page",
    "count": 8,
    "times": [
      0.1895826794207096,
      0.2039063386619091,
      0.29211241006851196,
      0.13964100182056427,
      0.12695670686662197,
      0.12032874580472708,
      0.13000116404145956,
      0.12533314246684313
    ],
    "start_timestamps": [
      "2026-07-17 19:46:13.391144+00:00",
      "2026-07-17 19:46:13.580771+00:00",
      "2026-07-17 19:46:13.784696+00:00",
      "2026-07-17 19:46:14.076842+00:00",
      "2026-07-17 19:46:14.216498+00:00",
      "2026-07-17 19:46:14.343474+00:00",
      "2026-07-17 19:46:14.463812+00:00",
      "2026-07-17 19:46:14.593822+00:00"
    ]
  },
  "layout": {
    "scope": "page",
    "count": 3,
    "times": [
      0.2860874552279711,
      0.05938680004328489,
      0.1018174085766077
    ],
    "start_timestamps": [
      "2026-07-17 19:46:13.580842+00:00",
      "2026-07-17 19:46:14.076892+00:00",
      "2026-07-17 19:46:14.719325+00:00"
    ]
  },
  "table_structure": {
    "scope": "page",
    "count": 8,
    "times": [
      1.6490928828716278e-05,
      0.41486992593854666,
      0.5550073403865099,
      0.17628121562302113,
      0.5294008236378431,
      2.3393891751766205e-05,
      1.9135884940624237e-05,
      1.282431185245514e-05
    ],
    "start_timestamps": [
      "2026-07-17 19:46:14.074499+00:00",
      "2026-07-17 19:46:14.211499+00:00",
      "2026-07-17 19:46:14.626378+00:00",
      "2026-07-17 19:46:15.181475+00:00",
      "2026-07-17 19:46:15.357771+00:00",
      "2026-07-17 19:46:15.887188+00:00",
      "2026-07-17 19:46:15.887214+00:00",
      "2026-07-17 19:46:15.887416+00:00"
    ]
  },
  "page_assemble": {
    "scope": "page",
    "count": 8,
    "times": [
      0.0009592054411768913,
      0.00041967909783124924,
      0.0003493381664156914,
      0.000521169975399971,
      0.00037111807614564896,
      0.0001374492421746254,
      0.0008082510903477669,
      0.0001699291169643402
    ],
    "start_timestamps": [
      "2026-07-17 19:46:14.074595+00:00",
      "2026-07-17 19:46:15.182536+00:00",
      "2026-07-17 19:46:15.183182+00:00",
      "2026-07-17 19:46:15.887523+00:00",
      "2026-07-17 19:46:15.888087+00:00",
      "2026-07-17 19:46:15.888487+00:00",
      "2026-07-17 19:46:15.888642+00:00",
      "2026-07-17 19:46:15.889472+00:00"
    ]
  },
  "doc_assemble": {
    "scope": "document",
    "count": 1,
    "times": [
      0.04661316890269518
    ],
    "start_timestamps": [
      "2026-07-17 19:46:15.889833+00:00"
    ]
  },
  "reading_order": {
    "scope": "document",
    "count": 1,
    "times": [
      0.04608310107141733
    ],
    "start_timestamps": [
      "2026-07-17 19:46:15.889932+00:00"
    ]
  },
  "doc_enrich": {
    "scope": "document",
    "count": 1,
    "times": [
      42.47501304280013
    ],
    "start_timestamps": [
      "2026-07-17 19:46:15.936472+00:00"
    ]
  }
}
All hyperlinked elements redacted in-memory.
Clean PDF conversion timings:
{
  "pipeline_total": {
    "scope": "document",
    "count": 1,
    "times": [
      45.5921748355031
    ],
    "start_timestamps": [
      "2026-07-17 19:46:58.624897+00:00"
    ]
  },
  "page_parse": {
    "scope": "page",
    "count": 8,
    "times": [
      0.08512571547180414,
      0.09748983755707741,
      0.08998381439596415,
      0.08583750389516354,
      0.1047461498528719,
      0.06827716622501612,
      0.47865414898842573,
      0.05466425511986017
    ],
    "start_timestamps": [
      "2026-07-17 19:46:58.627990+00:00",
      "2026-07-17 19:46:58.713155+00:00",
      "2026-07-17 19:46:58.810685+00:00",
      "2026-07-17 19:46:58.900712+00:00",
      "2026-07-17 19:46:58.986595+00:00",
      "2026-07-17 19:46:59.091390+00:00",
      "2026-07-17 19:46:59.159710+00:00",
      "2026-07-17 19:46:59.638422+00:00"
    ]
  },
  "ocr": {
    "scope": "page",
    "count": 8,
    "times": [
      0.19006321486085653,
      0.19329136796295643,
      0.5482631614431739,
      0.19379354361444712,
      0.12458175793290138,
      0.12139173690229654,
      0.12592772115021944,
      0.21007434371858835
    ],
    "start_timestamps": [
      "2026-07-17 19:46:58.713224+00:00",
      "2026-07-17 19:46:58.903335+00:00",
      "2026-07-17 19:46:59.096640+00:00",
      "2026-07-17 19:46:59.644956+00:00",
      "2026-07-17 19:46:59.838769+00:00",
      "2026-07-17 19:46:59.963369+00:00",
      "2026-07-17 19:47:00.084771+00:00",
      "2026-07-17 19:47:00.210756+00:00"
    ]
  },
  "layout": {
    "scope": "page",
    "count": 4,
    "times": [
      0.2722257552668452,
      0.09848306607455015,
      0.09344317391514778,
      0.04586891829967499
    ],
    "start_timestamps": [
      "2026-07-17 19:46:58.903465+00:00",
      "2026-07-17 19:46:59.645047+00:00",
      "2026-07-17 19:47:00.210966+00:00",
      "2026-07-17 19:47:00.565997+00:00"
    ]
  },
  "table_structure": {
    "scope": "page",
    "count": 8,
    "times": [
      1.9987113773822784e-05,
      0.4378687860444188,
      0.5374685330316424,
      0.17723689321428537,
      0.5322863031178713,
      2.5017186999320984e-05,
      2.2171996533870697e-05,
      1.158192753791809e-05
    ],
    "start_timestamps": [
      "2026-07-17 19:46:59.640977+00:00",
      "2026-07-17 19:46:59.832916+00:00",
      "2026-07-17 19:47:00.270795+00:00",
      "2026-07-17 19:47:00.808422+00:00",
      "2026-07-17 19:47:00.985676+00:00",
      "2026-07-17 19:47:01.517979+00:00",
      "2026-07-17 19:47:01.518007+00:00",
      "2026-07-17 19:47:01.518209+00:00"
    ]
  },
  "page_assemble": {
    "scope": "page",
    "count": 8,
    "times": [
      0.00030670687556266785,
      0.0004581417888402939,
      0.0005098488181829453,
      0.000491003505885601,
      0.00035736244171857834,
      0.00014248862862586975,
      0.0005170833319425583,
      0.00016340706497430801
    ],
    "start_timestamps": [
      "2026-07-17 19:46:59.641050+00:00",
      "2026-07-17 19:47:00.809515+00:00",
      "2026-07-17 19:47:00.810007+00:00",
      "2026-07-17 19:47:01.518336+00:00",
      "2026-07-17 19:47:01.518874+00:00",
      "2026-07-17 19:47:01.519253+00:00",
      "2026-07-17 19:47:01.519426+00:00",
      "2026-07-17 19:47:01.519962+00:00"
    ]
  },
  "doc_assemble": {
    "scope": "document",
    "count": 1,
    "times": [
      0.04193882364779711
    ],
    "start_timestamps": [
      "2026-07-17 19:47:01.520393+00:00"
    ]
  },
  "reading_order": {
    "scope": "document",
    "count": 1,
    "times": [
      0.041367228142917156
    ],
    "start_timestamps": [
      "2026-07-17 19:47:01.520550+00:00"
    ]
  },
  "doc_enrich": {
    "scope": "document",
    "count": 1,
    "times": [
      42.65469676721841
    ],
    "start_timestamps": [
      "2026-07-17 19:47:01.562356+00:00"
    ]
  }
}
Function parse_pdf took 91.0243 seconds to execute.
Running: get_tables
Function get_tables took 0.0001 seconds to execute.
Running: get_surrounding_paragraphs
Function get_surrounding_paragraphs took 0.0001 seconds to execute.
