Running: parse_pdf
Raw PDF conversion timings:
{
  "pipeline_total": {
    "scope": "document",
    "count": 1,
    "times": [
      14.474065507762134
    ],
    "start_timestamps": [
      "2026-07-18 00:32:48.254600+00:00"
    ]
  },
  "page_parse": {
    "scope": "page",
    "count": 11,
    "times": [
      0.21208892669528723,
      0.22164386697113514,
      0.3216869030147791,
      0.257211547344923,
      0.23711685370653868,
      0.19100621435791254,
      0.18972158804535866,
      0.17883901949971914,
      0.2167482441291213,
      0.3321270374581218,
      0.08488293830305338
    ],
    "start_timestamps": [
      "2026-07-18 00:32:48.258311+00:00",
      "2026-07-18 00:32:48.470448+00:00",
      "2026-07-18 00:32:48.692128+00:00",
      "2026-07-18 00:32:49.013855+00:00",
      "2026-07-18 00:32:49.271113+00:00",
      "2026-07-18 00:32:49.508277+00:00",
      "2026-07-18 00:32:49.699330+00:00",
      "2026-07-18 00:32:49.889099+00:00",
      "2026-07-18 00:32:50.067982+00:00",
      "2026-07-18 00:32:50.284770+00:00",
      "2026-07-18 00:32:50.616937+00:00"
    ]
  },
  "ocr": {
    "scope": "page",
    "count": 11,
    "times": [
      3.4254733473062515,
      0.12924634851515293,
      0.1216215007007122,
      0.11912388168275356,
      0.6993604581803083,
      0.7752132127061486,
      1.0637211315333843,
      1.31946059782058,
      0.11929051484912634,
      0.12135338596999645,
      0.11724077630788088
    ],
    "start_timestamps": [
      "2026-07-18 00:32:48.470503+00:00",
      "2026-07-18 00:32:51.896076+00:00",
      "2026-07-18 00:32:52.025339+00:00",
      "2026-07-18 00:32:52.146977+00:00",
      "2026-07-18 00:32:52.266119+00:00",
      "2026-07-18 00:32:52.965496+00:00",
      "2026-07-18 00:32:53.740726+00:00",
      "2026-07-18 00:32:54.804469+00:00",
      "2026-07-18 00:32:56.123946+00:00",
      "2026-07-18 00:32:56.243247+00:00",
      "2026-07-18 00:32:56.364609+00:00"
    ]
  },
  "layout": {
    "scope": "page",
    "count": 2,
    "times": [
      0.0702699301764369,
      0.11493628099560738
    ],
    "start_timestamps": [
      "2026-07-18 00:32:51.896225+00:00",
      "2026-07-18 00:32:56.482040+00:00"
    ]
  },
  "table_structure": {
    "scope": "page",
    "count": 11,
    "times": [
      2.1770596504211426e-05,
      2.469681203365326e-05,
      9.909272193908691e-06,
      6.200745701789856e-06,
      5.650334060192108e-06,
      0.3840476106852293,
      2.0187348127365112e-05,
      0.25768520683050156,
      2.8452835977077484e-05,
      2.3915432393550873e-05,
      6.992369890213013e-06
    ],
    "start_timestamps": [
      "2026-07-18 00:32:52.021272+00:00",
      "2026-07-18 00:32:56.918569+00:00",
      "2026-07-18 00:32:56.918598+00:00",
      "2026-07-18 00:32:56.918612+00:00",
      "2026-07-18 00:32:56.918622+00:00",
      "2026-07-18 00:32:56.918665+00:00",
      "2026-07-18 00:32:57.302728+00:00",
      "2026-07-18 00:32:57.302752+00:00",
      "2026-07-18 00:32:57.560453+00:00",
      "2026-07-18 00:32:57.560567+00:00",
      "2026-07-18 00:32:57.560595+00:00"
    ]
  },
  "page_assemble": {
    "scope": "page",
    "count": 11,
    "times": [
      0.0024988725781440735,
      0.00030164793133735657,
      0.000306667760014534,
      0.00026522018015384674,
      0.00018191244453191757,
      0.0003598462790250778,
      0.0002545192837715149,
      0.00021734926849603653,
      0.00440728385001421,
      0.024207761511206627,
      0.00037033669650554657
    ],
    "start_timestamps": [
      "2026-07-18 00:32:52.021349+00:00",
      "2026-07-18 00:32:56.919360+00:00",
      "2026-07-18 00:32:56.919693+00:00",
      "2026-07-18 00:32:56.920019+00:00",
      "2026-07-18 00:32:56.920301+00:00",
      "2026-07-18 00:32:57.560700+00:00",
      "2026-07-18 00:32:57.561100+00:00",
      "2026-07-18 00:32:57.561379+00:00",
      "2026-07-18 00:32:57.561616+00:00",
      "2026-07-18 00:32:57.566046+00:00",
      "2026-07-18 00:32:57.590281+00:00"
    ]
  },
  "doc_assemble": {
    "scope": "document",
    "count": 1,
    "times": [
      0.0644296295940876
    ],
    "start_timestamps": [
      "2026-07-18 00:32:57.590855+00:00"
    ]
  },
  "reading_order": {
    "scope": "document",
    "count": 1,
    "times": [
      0.06390008423477411
    ],
    "start_timestamps": [
      "2026-07-18 00:32:57.590984+00:00"
    ]
  },
  "doc_enrich": {
    "scope": "document",
    "count": 1,
    "times": [
      5.073338797315955
    ],
    "start_timestamps": [
      "2026-07-18 00:32:57.655307+00:00"
    ]
  }
}
All hyperlinked elements redacted in-memory.
Clean PDF conversion timings:
{
  "pipeline_total": {
    "scope": "document",
    "count": 1,
    "times": [
      28.785149294883013
    ],
    "start_timestamps": [
      "2026-07-18 00:33:03.330538+00:00"
    ]
  },
  "page_parse": {
    "scope": "page",
    "count": 11,
    "times": [
      0.20660390611737967,
      0.21154753863811493,
      0.2009198796004057,
      0.2714492082595825,
      0.22621759306639433,
      0.455016003921628,
      0.201448455452919,
      0.21455593034625053,
      0.2174964714795351,
      0.21534780878573656,
      0.03748968616127968
    ],
    "start_timestamps": [
      "2026-07-18 00:33:03.334513+00:00",
      "2026-07-18 00:33:03.541160+00:00",
      "2026-07-18 00:33:03.752752+00:00",
      "2026-07-18 00:33:03.953711+00:00",
      "2026-07-18 00:33:04.225206+00:00",
      "2026-07-18 00:33:04.451466+00:00",
      "2026-07-18 00:33:04.906523+00:00",
      "2026-07-18 00:33:05.108014+00:00",
      "2026-07-18 00:33:05.322615+00:00",
      "2026-07-18 00:33:05.540156+00:00",
      "2026-07-18 00:33:05.755545+00:00"
    ]
  },
  "ocr": {
    "scope": "page",
    "count": 11,
    "times": [
      3.2512039858847857,
      0.1271807011216879,
      0.12136861495673656,
      0.12400547694414854,
      0.6703197611495852,
      0.7609748598188162,
      1.0940497126430273,
      1.5576010467484593,
      0.12231128942221403,
      0.12115063518285751,
      0.11817891243845224
    ],
    "start_timestamps": [
      "2026-07-18 00:33:03.541272+00:00",
      "2026-07-18 00:33:06.792556+00:00",
      "2026-07-18 00:33:06.919750+00:00",
      "2026-07-18 00:33:07.041126+00:00",
      "2026-07-18 00:33:07.165140+00:00",
      "2026-07-18 00:33:07.835480+00:00",
      "2026-07-18 00:33:08.596472+00:00",
      "2026-07-18 00:33:09.690540+00:00",
      "2026-07-18 00:33:11.248158+00:00",
      "2026-07-18 00:33:11.370478+00:00",
      "2026-07-18 00:33:11.491639+00:00"
    ]
  },
  "layout": {
    "scope": "page",
    "count": 2,
    "times": [
      0.06904354225844145,
      0.1248701335862279
    ],
    "start_timestamps": [
      "2026-07-18 00:33:06.792627+00:00",
      "2026-07-18 00:33:11.610017+00:00"
    ]
  },
  "table_structure": {
    "scope": "page",
    "count": 11,
    "times": [
      3.668013960123062e-05,
      6.273854523897171e-05,
      2.3484230041503906e-05,
      1.3474375009536743e-05,
      1.3476237654685974e-05,
      0.38887815922498703,
      2.5677494704723358e-05,
      0.260737300850451,
      3.819167613983154e-05,
      14.301974516361952,
      2.4055130779743195e-05
    ],
    "start_timestamps": [
      "2026-07-18 00:33:06.900781+00:00",
      "2026-07-18 00:33:12.080097+00:00",
      "2026-07-18 00:33:12.080166+00:00",
      "2026-07-18 00:33:12.080194+00:00",
      "2026-07-18 00:33:12.080213+00:00",
      "2026-07-18 00:33:12.080270+00:00",
      "2026-07-18 00:33:12.469168+00:00",
      "2026-07-18 00:33:12.469197+00:00",
      "2026-07-18 00:33:12.729955+00:00",
      "2026-07-18 00:33:12.730099+00:00",
      "2026-07-18 00:33:27.032095+00:00"
    ]
  },
  "page_assemble": {
    "scope": "page",
    "count": 11,
    "times": [
      0.000641997903585434,
      0.00042963866144418716,
      0.00044146087020635605,
      0.00034066103398799896,
      0.00022646691650152206,
      0.00038665812462568283,
      0.0002808785066008568,
      0.0002382081001996994,
      0.0004178965464234352,
      0.00017058104276657104,
      0.0001156860962510109
    ],
    "start_timestamps": [
      "2026-07-18 00:33:06.900901+00:00",
      "2026-07-18 00:33:12.081262+00:00",
      "2026-07-18 00:33:12.081730+00:00",
      "2026-07-18 00:33:12.082389+00:00",
      "2026-07-18 00:33:12.082748+00:00",
      "2026-07-18 00:33:12.730160+00:00",
      "2026-07-18 00:33:12.730588+00:00",
      "2026-07-18 00:33:12.730892+00:00",
      "2026-07-18 00:33:12.731154+00:00",
      "2026-07-18 00:33:27.033826+00:00",
      "2026-07-18 00:33:27.034220+00:00"
    ]
  },
  "doc_assemble": {
    "scope": "document",
    "count": 1,
    "times": [
      0.04603185970336199
    ],
    "start_timestamps": [
      "2026-07-18 00:33:27.034566+00:00"
    ]
  },
  "reading_order": {
    "scope": "document",
    "count": 1,
    "times": [
      0.045264435932040215
    ],
    "start_timestamps": [
      "2026-07-18 00:33:27.034894+00:00"
    ]
  },
  "doc_enrich": {
    "scope": "document",
    "count": 1,
    "times": [
      5.035043717361987
    ],
    "start_timestamps": [
      "2026-07-18 00:33:27.080622+00:00"
    ]
  }
}
Function parse_pdf took 43.9981 seconds to execute.
Running: get_tables
Function get_tables took 0.0001 seconds to execute.
Running: get_surrounding_paragraphs
Function get_surrounding_paragraphs took 0.0001 seconds to execute.
