Running: parse_pdf
--- Logging error ---
Traceback (most recent call last):
  File "/mnt/iusers01/fatpou01/chem02/b07755hv/.local/lib/python3.12/site-packages/rapidocr/main.py", line 130, in run_ocr_steps
    cropped_img_list, det_res = self.detect_and_crop(img, op_record)
                                ^^^^^^^^^^^^^^^^^^^^^^^^^^^^^^^^^^^^
  File "/mnt/iusers01/fatpou01/chem02/b07755hv/.local/lib/python3.12/site-packages/rapidocr/main.py", line 298, in detect_and_crop
    raise RapidOCRError("The text detection result is empty")
rapidocr.main.RapidOCRError: The text detection result is empty

During handling of the above exception, another exception occurred:

Traceback (most recent call last):
  File "/mnt/iusers01/fatpou01/chem02/b07755hv/.conda/envs/env/lib/python3.12/logging/__init__.py", line 1163, in emit
    stream.write(msg + self.terminator)
  File "/mnt/iusers01/fatpou01/chem02/b07755hv/ChemistryExtract/src/chemstractor/lib/extractor.py", line 298, in write
    self.file.write(data)
ValueError: I/O operation on closed file.
Call stack:
  File "/mnt/iusers01/fatpou01/chem02/b07755hv/.conda/envs/env/lib/python3.12/threading.py", line 1030, in _bootstrap
    self._bootstrap_inner()
  File "/mnt/iusers01/fatpou01/chem02/b07755hv/.conda/envs/env/lib/python3.12/threading.py", line 1073, in _bootstrap_inner
    self.run()
  File "/mnt/iusers01/fatpou01/chem02/b07755hv/.conda/envs/env/lib/python3.12/threading.py", line 1010, in run
    self._target(*self._args, **self._kwargs)
  File "/mnt/iusers01/fatpou01/chem02/b07755hv/.local/lib/python3.12/site-packages/docling/pipeline/standard_pdf_pipeline.py", line 279, in _run
    processed = self._process_batch(batch)
  File "/mnt/iusers01/fatpou01/chem02/b07755hv/.local/lib/python3.12/site-packages/docling/pipeline/standard_pdf_pipeline.py", line 344, in _process_batch
    processed_pages = list(self.model(good[0].conv_res, pages))  # type: ignore[arg-type]
  File "/mnt/iusers01/fatpou01/chem02/b07755hv/.local/lib/python3.12/site-packages/docling/models/stages/ocr/rapid_ocr_model.py", line 491, in __call__
    result = self.reader(
  File "/mnt/iusers01/fatpou01/chem02/b07755hv/.local/lib/python3.12/site-packages/rapidocr/main.py", line 120, in __call__
    det_res, cls_res, rec_res, cropped_img_list = self.run_ocr_steps(img, op_record)
  File "/mnt/iusers01/fatpou01/chem02/b07755hv/.local/lib/python3.12/site-packages/rapidocr/main.py", line 132, in run_ocr_steps
    logger.warning(e)
Message: RapidOCRError('The text detection result is empty')
Arguments: ()
RapidOCR returned empty result!
Raw PDF conversion timings:
{
  "pipeline_total": {
    "scope": "document",
    "count": 1,
    "times": [
      9.371506994590163
    ],
    "start_timestamps": [
      "2026-07-17 21:23:43.192277+00:00"
    ]
  },
  "page_parse": {
    "scope": "page",
    "count": 8,
    "times": [
      0.11433338467031717,
      0.1144779259338975,
      0.14053959771990776,
      0.14693367015570402,
      0.1403176300227642,
      0.22266261093318462,
      0.1848506284877658,
      0.1376416152343154
    ],
    "start_timestamps": [
      "2026-07-17 21:23:43.198181+00:00",
      "2026-07-17 21:23:43.312558+00:00",
      "2026-07-17 21:23:43.427076+00:00",
      "2026-07-17 21:23:43.567655+00:00",
      "2026-07-17 21:23:43.714639+00:00",
      "2026-07-17 21:23:43.855008+00:00",
      "2026-07-17 21:23:44.077711+00:00",
      "2026-07-17 21:23:44.262600+00:00"
    ]
  },
  "ocr": {
    "scope": "page",
    "count": 8,
    "times": [
      0.9552269615232944,
      2.6681785471737385,
      0.13532864302396774,
      0.1334428545087576,
      1.2350862408056855,
      0.9470449946820736,
      0.5188522906973958,
      0.3950246209278703
    ],
    "start_timestamps": [
      "2026-07-17 21:23:43.312892+00:00",
      "2026-07-17 21:23:44.268167+00:00",
      "2026-07-17 21:23:46.936363+00:00",
      "2026-07-17 21:23:47.071704+00:00",
      "2026-07-17 21:23:47.205160+00:00",
      "2026-07-17 21:23:48.440265+00:00",
      "2026-07-17 21:23:49.387328+00:00",
      "2026-07-17 21:23:49.906262+00:00"
    ]
  },
  "layout": {
    "scope": "page",
    "count": 3,
    "times": [
      0.16732406988739967,
      0.09137282893061638,
      0.028948293067514896
    ],
    "start_timestamps": [
      "2026-07-17 21:23:44.268234+00:00",
      "2026-07-17 21:23:49.906386+00:00",
      "2026-07-17 21:23:50.301377+00:00"
    ]
  },
  "table_structure": {
    "scope": "page",
    "count": 8,
    "times": [
      3.545545041561127e-05,
      5.6755729019641876e-05,
      2.1159648895263672e-05,
      1.9146129488945007e-05,
      0.5079976255074143,
      2.1941959857940674e-05,
      1.831352710723877e-05,
      1.6400590538978577e-05
    ],
    "start_timestamps": [
      "2026-07-17 21:23:44.501582+00:00",
      "2026-07-17 21:23:50.297054+00:00",
      "2026-07-17 21:23:50.297119+00:00",
      "2026-07-17 21:23:50.297148+00:00",
      "2026-07-17 21:23:50.297173+00:00",
      "2026-07-17 21:23:50.805426+00:00",
      "2026-07-17 21:23:50.805451+00:00",
      "2026-07-17 21:23:50.805473+00:00"
    ]
  },
  "page_assemble": {
    "scope": "page",
    "count": 8,
    "times": [
      0.0008666412904858589,
      0.00046351179480552673,
      0.000651245005428791,
      0.0008890833705663681,
      0.0003513609990477562,
      0.0003111250698566437,
      0.0014016162604093552,
      0.0008554095402359962
    ],
    "start_timestamps": [
      "2026-07-17 21:23:44.501687+00:00",
      "2026-07-17 21:23:50.805559+00:00",
      "2026-07-17 21:23:50.806061+00:00",
      "2026-07-17 21:23:50.806734+00:00",
      "2026-07-17 21:23:50.807646+00:00",
      "2026-07-17 21:23:50.808022+00:00",
      "2026-07-17 21:23:50.808352+00:00",
      "2026-07-17 21:23:50.809774+00:00"
    ]
  },
  "doc_assemble": {
    "scope": "document",
    "count": 1,
    "times": [
      0.03286708705127239
    ],
    "start_timestamps": [
      "2026-07-17 21:23:50.810809+00:00"
    ]
  },
  "reading_order": {
    "scope": "document",
    "count": 1,
    "times": [
      0.032380010932683945
    ],
    "start_timestamps": [
      "2026-07-17 21:23:50.810904+00:00"
    ]
  },
  "doc_enrich": {
    "scope": "document",
    "count": 1,
    "times": [
      1.7200706517323852
    ],
    "start_timestamps": [
      "2026-07-17 21:23:50.843700+00:00"
    ]
  }
}
All hyperlinked elements redacted in-memory.
--- Logging error ---
Traceback (most recent call last):
  File "/mnt/iusers01/fatpou01/chem02/b07755hv/.local/lib/python3.12/site-packages/rapidocr/main.py", line 130, in run_ocr_steps
    cropped_img_list, det_res = self.detect_and_crop(img, op_record)
                                ^^^^^^^^^^^^^^^^^^^^^^^^^^^^^^^^^^^^
  File "/mnt/iusers01/fatpou01/chem02/b07755hv/.local/lib/python3.12/site-packages/rapidocr/main.py", line 298, in detect_and_crop
    raise RapidOCRError("The text detection result is empty")
rapidocr.main.RapidOCRError: The text detection result is empty

During handling of the above exception, another exception occurred:

Traceback (most recent call last):
  File "/mnt/iusers01/fatpou01/chem02/b07755hv/.conda/envs/env/lib/python3.12/logging/__init__.py", line 1163, in emit
    stream.write(msg + self.terminator)
  File "/mnt/iusers01/fatpou01/chem02/b07755hv/ChemistryExtract/src/chemstractor/lib/extractor.py", line 298, in write
    self.file.write(data)
ValueError: I/O operation on closed file.
Call stack:
  File "/mnt/iusers01/fatpou01/chem02/b07755hv/.conda/envs/env/lib/python3.12/threading.py", line 1030, in _bootstrap
    self._bootstrap_inner()
  File "/mnt/iusers01/fatpou01/chem02/b07755hv/.conda/envs/env/lib/python3.12/threading.py", line 1073, in _bootstrap_inner
    self.run()
  File "/mnt/iusers01/fatpou01/chem02/b07755hv/.conda/envs/env/lib/python3.12/threading.py", line 1010, in run
    self._target(*self._args, **self._kwargs)
  File "/mnt/iusers01/fatpou01/chem02/b07755hv/.local/lib/python3.12/site-packages/docling/pipeline/standard_pdf_pipeline.py", line 279, in _run
    processed = self._process_batch(batch)
  File "/mnt/iusers01/fatpou01/chem02/b07755hv/.local/lib/python3.12/site-packages/docling/pipeline/standard_pdf_pipeline.py", line 344, in _process_batch
    processed_pages = list(self.model(good[0].conv_res, pages))  # type: ignore[arg-type]
  File "/mnt/iusers01/fatpou01/chem02/b07755hv/.local/lib/python3.12/site-packages/docling/models/stages/ocr/rapid_ocr_model.py", line 491, in __call__
    result = self.reader(
  File "/mnt/iusers01/fatpou01/chem02/b07755hv/.local/lib/python3.12/site-packages/rapidocr/main.py", line 120, in __call__
    det_res, cls_res, rec_res, cropped_img_list = self.run_ocr_steps(img, op_record)
  File "/mnt/iusers01/fatpou01/chem02/b07755hv/.local/lib/python3.12/site-packages/rapidocr/main.py", line 132, in run_ocr_steps
    logger.warning(e)
Message: RapidOCRError('The text detection result is empty')
Arguments: ()
RapidOCR returned empty result!
Clean PDF conversion timings:
{
  "pipeline_total": {
    "scope": "document",
    "count": 1,
    "times": [
      8.912649286910892
    ],
    "start_timestamps": [
      "2026-07-17 21:23:52.769444+00:00"
    ]
  },
  "page_parse": {
    "scope": "page",
    "count": 8,
    "times": [
      0.11168713495135307,
      0.11263641063123941,
      0.15236858651041985,
      0.17180419899523258,
      0.1682715117931366,
      0.19624273665249348,
      0.1755400486290455,
      0.43340275809168816
    ],
    "start_timestamps": [
      "2026-07-17 21:23:52.774597+00:00",
      "2026-07-17 21:23:52.886327+00:00",
      "2026-07-17 21:23:52.999005+00:00",
      "2026-07-17 21:23:53.151437+00:00",
      "2026-07-17 21:23:53.323289+00:00",
      "2026-07-17 21:23:53.491604+00:00",
      "2026-07-17 21:23:53.687894+00:00",
      "2026-07-17 21:23:53.863480+00:00"
    ]
  },
  "ocr": {
    "scope": "page",
    "count": 8,
    "times": [
      0.9825318520888686,
      2.658691303804517,
      0.1334663974121213,
      0.13249288592487574,
      0.7494637593626976,
      0.9692096328362823,
      0.5324182696640491,
      0.3751952964812517
    ],
    "start_timestamps": [
      "2026-07-17 21:23:52.886707+00:00",
      "2026-07-17 21:23:53.869282+00:00",
      "2026-07-17 21:23:56.527991+00:00",
      "2026-07-17 21:23:56.661471+00:00",
      "2026-07-17 21:23:56.793977+00:00",
      "2026-07-17 21:23:57.543461+00:00",
      "2026-07-17 21:23:58.512688+00:00",
      "2026-07-17 21:23:59.045202+00:00"
    ]
  },
  "layout": {
    "scope": "page",
    "count": 3,
    "times": [
      0.4778629094362259,
      0.08864544704556465,
      0.028153867460787296
    ],
    "start_timestamps": [
      "2026-07-17 21:23:53.869469+00:00",
      "2026-07-17 21:23:59.045294+00:00",
      "2026-07-17 21:23:59.420511+00:00"
    ]
  },
  "table_structure": {
    "scope": "page",
    "count": 8,
    "times": [
      1.9356608390808105e-05,
      6.534252315759659e-05,
      2.2982247173786163e-05,
      2.0869076251983643e-05,
      0.4903232967481017,
      1.5758909285068512e-05,
      9.418465197086334e-06,
      8.625909686088562e-06
    ],
    "start_timestamps": [
      "2026-07-17 21:23:54.418143+00:00",
      "2026-07-17 21:23:59.415103+00:00",
      "2026-07-17 21:23:59.415178+00:00",
      "2026-07-17 21:23:59.415208+00:00",
      "2026-07-17 21:23:59.415236+00:00",
      "2026-07-17 21:23:59.905714+00:00",
      "2026-07-17 21:23:59.905732+00:00",
      "2026-07-17 21:23:59.905745+00:00"
    ]
  },
  "page_assemble": {
    "scope": "page",
    "count": 8,
    "times": [
      0.00026958808302879333,
      0.0002803970128297806,
      0.00046241097152233124,
      0.0003465414047241211,
      0.0001658424735069275,
      0.0002179909497499466,
      0.000364166684448719,
      0.0005544731393456459
    ],
    "start_timestamps": [
      "2026-07-17 21:23:54.418206+00:00",
      "2026-07-17 21:23:59.905970+00:00",
      "2026-07-17 21:23:59.906286+00:00",
      "2026-07-17 21:23:59.906769+00:00",
      "2026-07-17 21:23:59.907134+00:00",
      "2026-07-17 21:23:59.907322+00:00",
      "2026-07-17 21:23:59.907561+00:00",
      "2026-07-17 21:23:59.907943+00:00"
    ]
  },
  "doc_assemble": {
    "scope": "document",
    "count": 1,
    "times": [
      0.034462157636880875
    ],
    "start_timestamps": [
      "2026-07-17 21:23:59.908665+00:00"
    ]
  },
  "reading_order": {
    "scope": "document",
    "count": 1,
    "times": [
      0.03400455787777901
    ],
    "start_timestamps": [
      "2026-07-17 21:23:59.908747+00:00"
    ]
  },
  "doc_enrich": {
    "scope": "document",
    "count": 1,
    "times": [
      1.7389285573735833
    ],
    "start_timestamps": [
      "2026-07-17 21:23:59.943151+00:00"
    ]
  }
}
Function parse_pdf took 18.6715 seconds to execute.
Running: get_tables
Function get_tables took 0.0001 seconds to execute.
Running: get_surrounding_paragraphs
Function get_surrounding_paragraphs took 0.0001 seconds to execute.
