Running: parse_pdf
Raw PDF conversion timings:
{
  "pipeline_total": {
    "scope": "document",
    "count": 1,
    "times": [
      44.83967486396432
    ],
    "start_timestamps": [
      "2026-07-23 19:59:07.023373+00:00"
    ]
  },
  "page_parse": {
    "scope": "page",
    "count": 7,
    "times": [
      0.10695569217205048,
      0.09471762087196112,
      0.1081135617569089,
      0.21315525192767382,
      0.16088070441037416,
      0.13793974183499813,
      0.1499631591141224
    ],
    "start_timestamps": [
      "2026-07-23 19:59:07.030176+00:00",
      "2026-07-23 19:59:07.137174+00:00",
      "2026-07-23 19:59:07.231934+00:00",
      "2026-07-23 19:59:07.340087+00:00",
      "2026-07-23 19:59:07.553286+00:00",
      "2026-07-23 19:59:07.714213+00:00",
      "2026-07-23 19:59:07.852198+00:00"
    ]
  },
  "ocr": {
    "scope": "page",
    "count": 7,
    "times": [
      1.0670395074412227,
      0.1443304792046547,
      0.5908935163170099,
      0.4167877621948719,
      1.2758020721375942,
      0.12723389361053705,
      0.4885504338890314
    ],
    "start_timestamps": [
      "2026-07-23 19:59:07.137583+00:00",
      "2026-07-23 19:59:08.204686+00:00",
      "2026-07-23 19:59:08.349025+00:00",
      "2026-07-23 19:59:08.939935+00:00",
      "2026-07-23 19:59:09.356738+00:00",
      "2026-07-23 19:59:10.632556+00:00",
      "2026-07-23 19:59:10.759800+00:00"
    ]
  },
  "layout": {
    "scope": "page",
    "count": 2,
    "times": [
      0.06750059127807617,
      0.08507899194955826
    ],
    "start_timestamps": [
      "2026-07-23 19:59:08.204760+00:00",
      "2026-07-23 19:59:11.248560+00:00"
    ]
  },
  "table_structure": {
    "scope": "page",
    "count": 7,
    "times": [
      5.1487237215042114e-05,
      0.2496484387665987,
      2.2603198885917664e-05,
      1.2383796274662018e-05,
      1.4507211744785309e-05,
      1.9196420907974243e-05,
      5.951151251792908e-06
    ],
    "start_timestamps": [
      "2026-07-23 19:59:08.339629+00:00",
      "2026-07-23 19:59:11.700916+00:00",
      "2026-07-23 19:59:11.950579+00:00",
      "2026-07-23 19:59:11.950604+00:00",
      "2026-07-23 19:59:11.950621+00:00",
      "2026-07-23 19:59:11.950737+00:00",
      "2026-07-23 19:59:11.950760+00:00"
    ]
  },
  "page_assemble": {
    "scope": "page",
    "count": 7,
    "times": [
      0.0034890063107013702,
      0.0009258715435862541,
      0.0013191737234592438,
      0.0011027650907635689,
      0.0029517263174057007,
      0.016564322635531425,
      0.0007643280550837517
    ],
    "start_timestamps": [
      "2026-07-23 19:59:08.339737+00:00",
      "2026-07-23 19:59:11.950844+00:00",
      "2026-07-23 19:59:11.951803+00:00",
      "2026-07-23 19:59:11.953145+00:00",
      "2026-07-23 19:59:11.954269+00:00",
      "2026-07-23 19:59:11.957245+00:00",
      "2026-07-23 19:59:11.973835+00:00"
    ]
  },
  "doc_assemble": {
    "scope": "document",
    "count": 1,
    "times": [
      0.03448864538222551
    ],
    "start_timestamps": [
      "2026-07-23 19:59:11.974753+00:00"
    ]
  },
  "reading_order": {
    "scope": "document",
    "count": 1,
    "times": [
      0.034014252945780754
    ],
    "start_timestamps": [
      "2026-07-23 19:59:11.974845+00:00"
    ]
  },
  "doc_enrich": {
    "scope": "document",
    "count": 1,
    "times": [
      39.853767558932304
    ],
    "start_timestamps": [
      "2026-07-23 19:59:12.009265+00:00"
    ]
  }
}
All hyperlinked elements redacted in-memory.
--- Logging error ---
Traceback (most recent call last):
  File "/mnt/iusers01/fatpou01/chem02/b07755hv/.local/lib/python3.12/site-packages/rapidocr/main.py", line 130, in run_ocr_steps
    cropped_img_list, det_res = self.detect_and_crop(img, op_record)
                                ^^^^^^^^^^^^^^^^^^^^^^^^^^^^^^^^^^^^
  File "/mnt/iusers01/fatpou01/chem02/b07755hv/.local/lib/python3.12/site-packages/rapidocr/main.py", line 298, in detect_and_crop
    raise RapidOCRError("The text detection result is empty")
rapidocr.main.RapidOCRError: The text detection result is empty

During handling of the above exception, another exception occurred:

Traceback (most recent call last):
  File "/mnt/iusers01/fatpou01/chem02/b07755hv/.conda/envs/env/lib/python3.12/logging/__init__.py", line 1163, in emit
    stream.write(msg + self.terminator)
  File "/mnt/iusers01/fatpou01/chem02/b07755hv/ChemistryExtract/src/chemstractor/lib/extractor.py", line 298, in write
    self.file.write(data)
ValueError: I/O operation on closed file.
Call stack:
  File "/mnt/iusers01/fatpou01/chem02/b07755hv/.conda/envs/env/lib/python3.12/threading.py", line 1030, in _bootstrap
    self._bootstrap_inner()
  File "/mnt/iusers01/fatpou01/chem02/b07755hv/.conda/envs/env/lib/python3.12/threading.py", line 1073, in _bootstrap_inner
    self.run()
  File "/mnt/iusers01/fatpou01/chem02/b07755hv/.conda/envs/env/lib/python3.12/threading.py", line 1010, in run
    self._target(*self._args, **self._kwargs)
  File "/mnt/iusers01/fatpou01/chem02/b07755hv/.local/lib/python3.12/site-packages/docling/pipeline/standard_pdf_pipeline.py", line 279, in _run
    processed = self._process_batch(batch)
  File "/mnt/iusers01/fatpou01/chem02/b07755hv/.local/lib/python3.12/site-packages/docling/pipeline/standard_pdf_pipeline.py", line 344, in _process_batch
    processed_pages = list(self.model(good[0].conv_res, pages))  # type: ignore[arg-type]
  File "/mnt/iusers01/fatpou01/chem02/b07755hv/.local/lib/python3.12/site-packages/docling/models/stages/ocr/rapid_ocr_model.py", line 491, in __call__
    result = self.reader(
  File "/mnt/iusers01/fatpou01/chem02/b07755hv/.local/lib/python3.12/site-packages/rapidocr/main.py", line 120, in __call__
    det_res, cls_res, rec_res, cropped_img_list = self.run_ocr_steps(img, op_record)
  File "/mnt/iusers01/fatpou01/chem02/b07755hv/.local/lib/python3.12/site-packages/rapidocr/main.py", line 132, in run_ocr_steps
    logger.warning(e)
Message: RapidOCRError('The text detection result is empty')
Arguments: ()
RapidOCR returned empty result!
Clean PDF conversion timings:
{
  "pipeline_total": {
    "scope": "document",
    "count": 1,
    "times": [
      44.866872317157686
    ],
    "start_timestamps": [
      "2026-07-23 19:59:52.247995+00:00"
    ]
  },
  "page_parse": {
    "scope": "page",
    "count": 7,
    "times": [
      0.10051780939102173,
      0.09298631642013788,
      0.10488642007112503,
      0.1072259834036231,
      0.13983180280774832,
      0.14905695337802172,
      0.09091360680758953
    ],
    "start_timestamps": [
      "2026-07-23 19:59:52.254287+00:00",
      "2026-07-23 19:59:52.354849+00:00",
      "2026-07-23 19:59:52.447877+00:00",
      "2026-07-23 19:59:52.552806+00:00",
      "2026-07-23 19:59:52.660089+00:00",
      "2026-07-23 19:59:52.799965+00:00",
      "2026-07-23 19:59:52.949069+00:00"
    ]
  },
  "ocr": {
    "scope": "page",
    "count": 7,
    "times": [
      1.0963737601414323,
      0.1353833908215165,
      0.5925411321222782,
      0.40102485846728086,
      1.2389236772432923,
      0.12735831923782825,
      0.4615035904571414
    ],
    "start_timestamps": [
      "2026-07-23 19:59:52.355200+00:00",
      "2026-07-23 19:59:53.451626+00:00",
      "2026-07-23 19:59:53.587018+00:00",
      "2026-07-23 19:59:54.179578+00:00",
      "2026-07-23 19:59:54.580619+00:00",
      "2026-07-23 19:59:55.819558+00:00",
      "2026-07-23 19:59:55.946929+00:00"
    ]
  },
  "layout": {
    "scope": "page",
    "count": 2,
    "times": [
      0.07033295650035143,
      0.0999185610562563
    ],
    "start_timestamps": [
      "2026-07-23 19:59:53.451703+00:00",
      "2026-07-23 19:59:56.408683+00:00"
    ]
  },
  "table_structure": {
    "scope": "page",
    "count": 7,
    "times": [
      1.9898638129234314e-05,
      0.2539803320541978,
      2.271309494972229e-05,
      1.1071562767028809e-05,
      1.2434087693691254e-05,
      1.3475306332111359e-05,
      9.356997907161713e-06
    ],
    "start_timestamps": [
      "2026-07-23 19:59:53.568783+00:00",
      "2026-07-23 19:59:56.903514+00:00",
      "2026-07-23 19:59:57.157509+00:00",
      "2026-07-23 19:59:57.157534+00:00",
      "2026-07-23 19:59:57.157548+00:00",
      "2026-07-23 19:59:57.157656+00:00",
      "2026-07-23 19:59:57.157674+00:00"
    ]
  },
  "page_assemble": {
    "scope": "page",
    "count": 7,
    "times": [
      0.0008418038487434387,
      0.0005234545096755028,
      0.0007025320082902908,
      0.0005723070353269577,
      0.0012750187888741493,
      0.0008187415078282356,
      0.00010750163346529007
    ],
    "start_timestamps": [
      "2026-07-23 19:59:53.568861+00:00",
      "2026-07-23 19:59:57.157767+00:00",
      "2026-07-23 19:59:57.158328+00:00",
      "2026-07-23 19:59:57.159054+00:00",
      "2026-07-23 19:59:57.159647+00:00",
      "2026-07-23 19:59:57.160943+00:00",
      "2026-07-23 19:59:57.161781+00:00"
    ]
  },
  "doc_assemble": {
    "scope": "document",
    "count": 1,
    "times": [
      0.023506825789809227
    ],
    "start_timestamps": [
      "2026-07-23 19:59:57.162101+00:00"
    ]
  },
  "reading_order": {
    "scope": "document",
    "count": 1,
    "times": [
      0.02291884832084179
    ],
    "start_timestamps": [
      "2026-07-23 19:59:57.162259+00:00"
    ]
  },
  "doc_enrich": {
    "scope": "document",
    "count": 1,
    "times": [
      39.92921174596995
    ],
    "start_timestamps": [
      "2026-07-23 19:59:57.185639+00:00"
    ]
  }
}
Function parse_pdf took 90.1393 seconds to execute.
Running: get_tables
Function get_tables took 0.0001 seconds to execute.
Running: get_surrounding_paragraphs
Function get_surrounding_paragraphs took 0.0001 seconds to execute.
