Running: parse_pdf
Raw PDF conversion timings:
{
  "pipeline_total": {
    "scope": "document",
    "count": 1,
    "times": [
      3.4852119218558073
    ],
    "start_timestamps": [
      "2026-07-23 16:51:46.392361+00:00"
    ]
  },
  "page_parse": {
    "scope": "page",
    "count": 4,
    "times": [
      0.16129970829933882,
      0.3196574319154024,
      0.1574222333729267,
      0.05025665182620287
    ],
    "start_timestamps": [
      "2026-07-23 16:51:46.396082+00:00",
      "2026-07-23 16:51:46.557429+00:00",
      "2026-07-23 16:51:46.877124+00:00",
      "2026-07-23 16:51:47.034591+00:00"
    ]
  },
  "ocr": {
    "scope": "page",
    "count": 4,
    "times": [
      0.323872291482985,
      1.1848211167380214,
      0.139645678922534,
      0.12985293474048376
    ],
    "start_timestamps": [
      "2026-07-23 16:51:46.557811+00:00",
      "2026-07-23 16:51:46.881718+00:00",
      "2026-07-23 16:51:48.066632+00:00",
      "2026-07-23 16:51:48.206287+00:00"
    ]
  },
  "layout": {
    "scope": "page",
    "count": 3,
    "times": [
      0.25865382980555296,
      0.027839766815304756,
      0.05683837551623583
    ],
    "start_timestamps": [
      "2026-07-23 16:51:46.881841+00:00",
      "2026-07-23 16:51:48.066689+00:00",
      "2026-07-23 16:51:48.336301+00:00"
    ]
  },
  "table_structure": {
    "scope": "page",
    "count": 4,
    "times": [
      4.1377730667591095e-05,
      2.2151507437229156e-05,
      2.3033469915390015e-05,
      9.80868935585022e-06
    ],
    "start_timestamps": [
      "2026-07-23 16:51:47.178924+00:00",
      "2026-07-23 16:51:48.108436+00:00",
      "2026-07-23 16:51:48.437829+00:00",
      "2026-07-23 16:51:48.437863+00:00"
    ]
  },
  "page_assemble": {
    "scope": "page",
    "count": 4,
    "times": [
      0.00030434317886829376,
      0.00022388063371181488,
      0.00034865550696849823,
      0.00016167480498552322
    ],
    "start_timestamps": [
      "2026-07-23 16:51:47.179036+00:00",
      "2026-07-23 16:51:48.108505+00:00",
      "2026-07-23 16:51:48.437943+00:00",
      "2026-07-23 16:51:48.438325+00:00"
    ]
  },
  "doc_assemble": {
    "scope": "document",
    "count": 1,
    "times": [
      0.014787992462515831
    ],
    "start_timestamps": [
      "2026-07-23 16:51:48.438637+00:00"
    ]
  },
  "reading_order": {
    "scope": "document",
    "count": 1,
    "times": [
      0.014360177330672741
    ],
    "start_timestamps": [
      "2026-07-23 16:51:48.438673+00:00"
    ]
  },
  "doc_enrich": {
    "scope": "document",
    "count": 1,
    "times": [
      1.4241130407899618
    ],
    "start_timestamps": [
      "2026-07-23 16:51:48.453447+00:00"
    ]
  }
}
All hyperlinked elements redacted in-memory.
Clean PDF conversion timings:
{
  "pipeline_total": {
    "scope": "document",
    "count": 1,
    "times": [
      3.3708361871540546
    ],
    "start_timestamps": [
      "2026-07-23 16:51:49.916083+00:00"
    ]
  },
  "page_parse": {
    "scope": "page",
    "count": 4,
    "times": [
      0.16019878815859556,
      0.23061982728540897,
      0.1582630854099989,
      0.04919963423162699
    ],
    "start_timestamps": [
      "2026-07-23 16:51:49.919577+00:00",
      "2026-07-23 16:51:50.079818+00:00",
      "2026-07-23 16:51:50.310478+00:00",
      "2026-07-23 16:51:50.468784+00:00"
    ]
  },
  "ocr": {
    "scope": "page",
    "count": 4,
    "times": [
      0.23397968895733356,
      1.176567578688264,
      0.14279226958751678,
      0.12873905897140503
    ],
    "start_timestamps": [
      "2026-07-23 16:51:50.080058+00:00",
      "2026-07-23 16:51:50.314070+00:00",
      "2026-07-23 16:51:51.490708+00:00",
      "2026-07-23 16:51:51.633509+00:00"
    ]
  },
  "layout": {
    "scope": "page",
    "count": 3,
    "times": [
      0.227699582464993,
      0.028447510674595833,
      0.05525219067931175
    ],
    "start_timestamps": [
      "2026-07-23 16:51:50.314145+00:00",
      "2026-07-23 16:51:51.490772+00:00",
      "2026-07-23 16:51:51.762375+00:00"
    ]
  },
  "table_structure": {
    "scope": "page",
    "count": 4,
    "times": [
      2.278294414281845e-05,
      2.266187220811844e-05,
      2.409517765045166e-05,
      9.17632132768631e-06
    ],
    "start_timestamps": [
      "2026-07-23 16:51:50.575346+00:00",
      "2026-07-23 16:51:51.533537+00:00",
      "2026-07-23 16:51:51.862182+00:00",
      "2026-07-23 16:51:51.862211+00:00"
    ]
  },
  "page_assemble": {
    "scope": "page",
    "count": 4,
    "times": [
      0.00030256062746047974,
      0.0002315053716301918,
      0.00037599727511405945,
      0.00013862084597349167
    ],
    "start_timestamps": [
      "2026-07-23 16:51:50.575448+00:00",
      "2026-07-23 16:51:51.533611+00:00",
      "2026-07-23 16:51:51.862321+00:00",
      "2026-07-23 16:51:51.862730+00:00"
    ]
  },
  "doc_assemble": {
    "scope": "document",
    "count": 1,
    "times": [
      0.01474851742386818
    ],
    "start_timestamps": [
      "2026-07-23 16:51:51.863030+00:00"
    ]
  },
  "reading_order": {
    "scope": "document",
    "count": 1,
    "times": [
      0.014377931132912636
    ],
    "start_timestamps": [
      "2026-07-23 16:51:51.863071+00:00"
    ]
  },
  "doc_enrich": {
    "scope": "document",
    "count": 1,
    "times": [
      1.4091035909950733
    ],
    "start_timestamps": [
      "2026-07-23 16:51:51.877803+00:00"
    ]
  }
}
Function parse_pdf took 7.0332 seconds to execute.
Running: get_tables
Function get_tables took 0.0000 seconds to execute.
Running: get_surrounding_paragraphs
Function get_surrounding_paragraphs took 0.0001 seconds to execute.
