Running: parse_pdf
Raw PDF conversion timings:
{
  "pipeline_total": {
    "scope": "document",
    "count": 1,
    "times": [
      103.83317440189421
    ],
    "start_timestamps": [
      "2026-07-18 00:19:20.343069+00:00"
    ]
  },
  "page_parse": {
    "scope": "page",
    "count": 14,
    "times": [
      0.0787762375548482,
      0.1409745654091239,
      0.16838031262159348,
      0.12399711273610592,
      0.15390186477452517,
      0.13352876156568527,
      0.10904254857450724,
      0.1015473734587431,
      0.14076551236212254,
      0.10972718708217144,
      0.1159717496484518,
      0.2756023658439517,
      0.13423130474984646,
      0.08776291087269783
    ],
    "start_timestamps": [
      "2026-07-18 00:19:20.347059+00:00",
      "2026-07-18 00:19:20.425873+00:00",
      "2026-07-18 00:19:20.566899+00:00",
      "2026-07-18 00:19:20.735334+00:00",
      "2026-07-18 00:19:20.859384+00:00",
      "2026-07-18 00:19:21.013337+00:00",
      "2026-07-18 00:19:21.146916+00:00",
      "2026-07-18 00:19:21.256006+00:00",
      "2026-07-18 00:19:21.357601+00:00",
      "2026-07-18 00:19:21.498426+00:00",
      "2026-07-18 00:19:21.608202+00:00",
      "2026-07-18 00:19:21.724228+00:00",
      "2026-07-18 00:19:21.999886+00:00",
      "2026-07-18 00:19:22.134164+00:00"
    ]
  },
  "ocr": {
    "scope": "page",
    "count": 14,
    "times": [
      0.14400901645421982,
      0.17028735112398863,
      0.1257480774074793,
      0.15529707074165344,
      0.13527356646955013,
      0.11734427325427532,
      0.22915044333785772,
      0.12706343550235033,
      0.1696404553949833,
      0.34138964768499136,
      0.1791884135454893,
      0.14497617725282907,
      0.11741035804152489,
      0.11820006370544434
    ],
    "start_timestamps": [
      "2026-07-18 00:19:20.426009+00:00",
      "2026-07-18 00:19:20.570064+00:00",
      "2026-07-18 00:19:20.740398+00:00",
      "2026-07-18 00:19:20.866177+00:00",
      "2026-07-18 00:19:21.021526+00:00",
      "2026-07-18 00:19:21.156840+00:00",
      "2026-07-18 00:19:21.274222+00:00",
      "2026-07-18 00:19:21.503408+00:00",
      "2026-07-18 00:19:21.630483+00:00",
      "2026-07-18 00:19:21.800167+00:00",
      "2026-07-18 00:19:22.141576+00:00",
      "2026-07-18 00:19:22.320803+00:00",
      "2026-07-18 00:19:22.465793+00:00",
      "2026-07-18 00:19:22.583218+00:00"
    ]
  },
  "layout": {
    "scope": "page",
    "count": 6,
    "times": [
      0.30363766849040985,
      0.2638907553628087,
      0.24957438185811043,
      0.2015424044802785,
      0.03717017453163862,
      0.044652026146650314
    ],
    "start_timestamps": [
      "2026-07-18 00:19:20.570189+00:00",
      "2026-07-18 00:19:21.014004+00:00",
      "2026-07-18 00:19:21.498989+00:00",
      "2026-07-18 00:19:22.032488+00:00",
      "2026-07-18 00:19:22.326939+00:00",
      "2026-07-18 00:19:22.701556+00:00"
    ]
  },
  "table_structure": {
    "scope": "page",
    "count": 14,
    "times": [
      1.252349466085434e-05,
      2.0228326320648193e-05,
      7.234513759613037e-06,
      1.6611069440841675e-05,
      7.894821465015411e-06,
      5.410052835941315e-06,
      0.35889576468616724,
      1.0410329028964043,
      0.674824595451355,
      0.6351490272209048,
      1.9387342035770416e-05,
      9.50787216424942e-06,
      0.37313336972147226,
      3.0347146093845367e-05
    ],
    "start_timestamps": [
      "2026-07-18 00:19:21.014080+00:00",
      "2026-07-18 00:19:21.499063+00:00",
      "2026-07-18 00:19:21.499088+00:00",
      "2026-07-18 00:19:22.032551+00:00",
      "2026-07-18 00:19:22.032573+00:00",
      "2026-07-18 00:19:22.032585+00:00",
      "2026-07-18 00:19:22.326994+00:00",
      "2026-07-18 00:19:22.685908+00:00",
      "2026-07-18 00:19:23.726955+00:00",
      "2026-07-18 00:19:24.402011+00:00",
      "2026-07-18 00:19:25.037174+00:00",
      "2026-07-18 00:19:25.037197+00:00",
      "2026-07-18 00:19:25.037210+00:00",
      "2026-07-18 00:19:25.410486+00:00"
    ]
  },
  "page_assemble": {
    "scope": "page",
    "count": 14,
    "times": [
      0.0010345466434955597,
      0.0007278295233845711,
      0.0004373732954263687,
      0.000792602077126503,
      0.0008727526292204857,
      0.0003857770934700966,
      0.000627150759100914,
      0.00040615443140268326,
      0.0003402596339583397,
      0.0006099976599216461,
      0.0004869559779763222,
      0.00039157643914222717,
      0.0006499318405985832,
      0.000920422375202179
    ],
    "start_timestamps": [
      "2026-07-18 00:19:21.014165+00:00",
      "2026-07-18 00:19:21.499142+00:00",
      "2026-07-18 00:19:21.499899+00:00",
      "2026-07-18 00:19:22.032634+00:00",
      "2026-07-18 00:19:22.033463+00:00",
      "2026-07-18 00:19:22.034357+00:00",
      "2026-07-18 00:19:24.402710+00:00",
      "2026-07-18 00:19:24.403374+00:00",
      "2026-07-18 00:19:24.403802+00:00",
      "2026-07-18 00:19:25.410580+00:00",
      "2026-07-18 00:19:25.411224+00:00",
      "2026-07-18 00:19:25.411731+00:00",
      "2026-07-18 00:19:25.412141+00:00",
      "2026-07-18 00:19:25.412811+00:00"
    ]
  },
  "doc_assemble": {
    "scope": "document",
    "count": 1,
    "times": [
      0.05545756220817566
    ],
    "start_timestamps": [
      "2026-07-18 00:19:25.414074+00:00"
    ]
  },
  "reading_order": {
    "scope": "document",
    "count": 1,
    "times": [
      0.05478728003799915
    ],
    "start_timestamps": [
      "2026-07-18 00:19:25.414283+00:00"
    ]
  },
  "doc_enrich": {
    "scope": "document",
    "count": 1,
    "times": [
      98.70663154218346
    ],
    "start_timestamps": [
      "2026-07-18 00:19:25.469556+00:00"
    ]
  }
}
All hyperlinked elements redacted in-memory.
Clean PDF conversion timings:
{
  "pipeline_total": {
    "scope": "document",
    "count": 1,
    "times": [
      103.42221200559288
    ],
    "start_timestamps": [
      "2026-07-18 00:21:04.666387+00:00"
    ]
  },
  "page_parse": {
    "scope": "page",
    "count": 14,
    "times": [
      0.0784392049536109,
      0.13695082161575556,
      0.16564649995416403,
      0.12138450983911753,
      0.12191961705684662,
      0.15286768414080143,
      0.10762486606836319,
      0.10011864174157381,
      0.12578905653208494,
      0.12537967693060637,
      0.11253221146762371,
      0.21718679834157228,
      0.1587491212412715,
      0.09724084567278624
    ],
    "start_timestamps": [
      "2026-07-18 00:21:04.670382+00:00",
      "2026-07-18 00:21:04.748860+00:00",
      "2026-07-18 00:21:04.885851+00:00",
      "2026-07-18 00:21:05.051541+00:00",
      "2026-07-18 00:21:05.172968+00:00",
      "2026-07-18 00:21:05.294933+00:00",
      "2026-07-18 00:21:05.447848+00:00",
      "2026-07-18 00:21:05.555520+00:00",
      "2026-07-18 00:21:05.655687+00:00",
      "2026-07-18 00:21:05.781524+00:00",
      "2026-07-18 00:21:05.906949+00:00",
      "2026-07-18 00:21:06.019528+00:00",
      "2026-07-18 00:21:06.236765+00:00",
      "2026-07-18 00:21:06.395557+00:00"
    ]
  },
  "ocr": {
    "scope": "page",
    "count": 14,
    "times": [
      0.13948606234043837,
      0.1673544542863965,
      0.1306130951270461,
      0.15320655144751072,
      0.12188105285167694,
      0.19752761349081993,
      0.1562348185107112,
      0.20748618431389332,
      0.39608085714280605,
      0.15489731263369322,
      0.1391036231070757,
      0.1573855960741639,
      0.1172697152942419,
      0.1432555355131626
    ],
    "start_timestamps": [
      "2026-07-18 00:21:04.748912+00:00",
      "2026-07-18 00:21:04.888452+00:00",
      "2026-07-18 00:21:05.055837+00:00",
      "2026-07-18 00:21:05.186488+00:00",
      "2026-07-18 00:21:05.339725+00:00",
      "2026-07-18 00:21:05.461646+00:00",
      "2026-07-18 00:21:05.659208+00:00",
      "2026-07-18 00:21:05.815454+00:00",
      "2026-07-18 00:21:06.022978+00:00",
      "2026-07-18 00:21:06.419071+00:00",
      "2026-07-18 00:21:06.573984+00:00",
      "2026-07-18 00:21:06.713146+00:00",
      "2026-07-18 00:21:06.870544+00:00",
      "2026-07-18 00:21:06.987823+00:00"
    ]
  },
  "layout": {
    "scope": "page",
    "count": 6,
    "times": [
      0.40976131055504084,
      0.33900856878608465,
      0.24222629703581333,
      0.10236086137592793,
      0.06227365508675575,
      0.07149882521480322
    ],
    "start_timestamps": [
      "2026-07-18 00:21:04.888531+00:00",
      "2026-07-18 00:21:05.334859+00:00",
      "2026-07-18 00:21:05.811295+00:00",
      "2026-07-18 00:21:06.415094+00:00",
      "2026-07-18 00:21:06.713422+00:00",
      "2026-07-18 00:21:07.131272+00:00"
    ]
  },
  "table_structure": {
    "scope": "page",
    "count": 14,
    "times": [
      6.862916052341461e-05,
      2.6520341634750366e-05,
      1.3676472008228302e-05,
      2.9364600777626038e-05,
      1.0300427675247192e-05,
      1.0319054126739502e-05,
      0.45892150048166513,
      1.0766105353832245,
      0.6714309668168426,
      0.6323194662109017,
      2.0818784832954407e-05,
      8.996576070785522e-06,
      0.3718413235619664,
      4.055537283420563e-05
    ],
    "start_timestamps": [
      "2026-07-18 00:21:05.335055+00:00",
      "2026-07-18 00:21:05.811429+00:00",
      "2026-07-18 00:21:05.811461+00:00",
      "2026-07-18 00:21:06.415186+00:00",
      "2026-07-18 00:21:06.415221+00:00",
      "2026-07-18 00:21:06.415236+00:00",
      "2026-07-18 00:21:06.571575+00:00",
      "2026-07-18 00:21:07.030506+00:00",
      "2026-07-18 00:21:08.107499+00:00",
      "2026-07-18 00:21:08.778946+00:00",
      "2026-07-18 00:21:09.411282+00:00",
      "2026-07-18 00:21:09.411305+00:00",
      "2026-07-18 00:21:09.411540+00:00",
      "2026-07-18 00:21:09.783407+00:00"
    ]
  },
  "page_assemble": {
    "scope": "page",
    "count": 14,
    "times": [
      0.00039607565850019455,
      0.0003802860155701637,
      0.00023492146283388138,
      0.0005638813599944115,
      0.0005021151155233383,
      0.00023609399795532227,
      0.0004098918288946152,
      0.00022238772362470627,
      0.00030116643756628036,
      0.00032955966889858246,
      0.00046990346163511276,
      0.00024407822638750076,
      0.0004755137488245964,
      0.00048306863754987717
    ],
    "start_timestamps": [
      "2026-07-18 00:21:05.335232+00:00",
      "2026-07-18 00:21:05.811538+00:00",
      "2026-07-18 00:21:05.811949+00:00",
      "2026-07-18 00:21:06.415353+00:00",
      "2026-07-18 00:21:06.415953+00:00",
      "2026-07-18 00:21:06.416475+00:00",
      "2026-07-18 00:21:08.108266+00:00",
      "2026-07-18 00:21:08.108717+00:00",
      "2026-07-18 00:21:09.412467+00:00",
      "2026-07-18 00:21:09.412807+00:00",
      "2026-07-18 00:21:09.413160+00:00",
      "2026-07-18 00:21:09.413649+00:00",
      "2026-07-18 00:21:09.783677+00:00",
      "2026-07-18 00:21:09.784205+00:00"
    ]
  },
  "doc_assemble": {
    "scope": "document",
    "count": 1,
    "times": [
      0.05232171807438135
    ],
    "start_timestamps": [
      "2026-07-18 00:21:09.784918+00:00"
    ]
  },
  "reading_order": {
    "scope": "document",
    "count": 1,
    "times": [
      0.051619987934827805
    ],
    "start_timestamps": [
      "2026-07-18 00:21:09.785119+00:00"
    ]
  },
  "doc_enrich": {
    "scope": "document",
    "count": 1,
    "times": [
      98.25131040718406
    ],
    "start_timestamps": [
      "2026-07-18 00:21:09.837266+00:00"
    ]
  }
}
Function parse_pdf took 207.9263 seconds to execute.
Running: get_tables
Function get_tables took 0.0001 seconds to execute.
Running: get_surrounding_paragraphs
Function get_surrounding_paragraphs took 0.0002 seconds to execute.
