Running: parse_pdf
Raw PDF conversion timings:
{
  "pipeline_total": {
    "scope": "document",
    "count": 1,
    "times": [
      3.1077238330617547
    ],
    "start_timestamps": [
      "2026-07-23 17:05:04.581771+00:00"
    ]
  },
  "page_parse": {
    "scope": "page",
    "count": 6,
    "times": [
      0.20271351467818022,
      0.12511761207133532,
      0.184362119063735,
      0.30908351577818394,
      0.32832896523177624,
      0.05228310823440552
    ],
    "start_timestamps": [
      "2026-07-23 17:05:04.592485+00:00",
      "2026-07-23 17:05:04.795239+00:00",
      "2026-07-23 17:05:04.920395+00:00",
      "2026-07-23 17:05:05.104813+00:00",
      "2026-07-23 17:05:05.413957+00:00",
      "2026-07-23 17:05:05.742339+00:00"
    ]
  },
  "ocr": {
    "scope": "page",
    "count": 6,
    "times": [
      1.1185780307278037,
      0.9242362659424543,
      0.13173115625977516,
      0.12800800148397684,
      0.13093574903905392,
      0.12768598459661007
    ],
    "start_timestamps": [
      "2026-07-23 17:05:04.795495+00:00",
      "2026-07-23 17:05:05.914177+00:00",
      "2026-07-23 17:05:06.838429+00:00",
      "2026-07-23 17:05:06.970168+00:00",
      "2026-07-23 17:05:07.098185+00:00",
      "2026-07-23 17:05:07.229130+00:00"
    ]
  },
  "layout": {
    "scope": "page",
    "count": 2,
    "times": [
      0.0623143520206213,
      0.07696459628641605
    ],
    "start_timestamps": [
      "2026-07-23 17:05:05.914252+00:00",
      "2026-07-23 17:05:07.356966+00:00"
    ]
  },
  "table_structure": {
    "scope": "page",
    "count": 6,
    "times": [
      1.7423182725906372e-05,
      3.314204514026642e-05,
      9.577721357345581e-06,
      6.712973117828369e-06,
      1.3334676623344421e-05,
      1.1662021279335022e-05
    ],
    "start_timestamps": [
      "2026-07-23 17:05:05.981453+00:00",
      "2026-07-23 17:05:07.638048+00:00",
      "2026-07-23 17:05:07.638086+00:00",
      "2026-07-23 17:05:07.638100+00:00",
      "2026-07-23 17:05:07.638110+00:00",
      "2026-07-23 17:05:07.638163+00:00"
    ]
  },
  "page_assemble": {
    "scope": "page",
    "count": 6,
    "times": [
      0.00037277117371559143,
      0.0006111292168498039,
      0.00023407023400068283,
      0.0001800190657377243,
      0.000364646315574646,
      0.0003223959356546402
    ],
    "start_timestamps": [
      "2026-07-23 17:05:05.981527+00:00",
      "2026-07-23 17:05:07.638236+00:00",
      "2026-07-23 17:05:07.638884+00:00",
      "2026-07-23 17:05:07.639142+00:00",
      "2026-07-23 17:05:07.639341+00:00",
      "2026-07-23 17:05:07.639725+00:00"
    ]
  },
  "doc_assemble": {
    "scope": "document",
    "count": 1,
    "times": [
      0.04736369289457798
    ],
    "start_timestamps": [
      "2026-07-23 17:05:07.640205+00:00"
    ]
  },
  "reading_order": {
    "scope": "document",
    "count": 1,
    "times": [
      0.046899779699742794
    ],
    "start_timestamps": [
      "2026-07-23 17:05:07.640276+00:00"
    ]
  },
  "doc_enrich": {
    "scope": "document",
    "count": 1,
    "times": [
      0.0018958672881126404
    ],
    "start_timestamps": [
      "2026-07-23 17:05:07.687593+00:00"
    ]
  }
}
All hyperlinked elements redacted in-memory.
Clean PDF conversion timings:
{
  "pipeline_total": {
    "scope": "document",
    "count": 1,
    "times": [
      1.720303388312459
    ],
    "start_timestamps": [
      "2026-07-23 17:05:07.793006+00:00"
    ]
  },
  "page_parse": {
    "scope": "page",
    "count": 6,
    "times": [
      0.19804065395146608,
      0.11497758515179157,
      0.18225433211773634,
      0.18935988191515207,
      0.16555843967944384,
      0.03882498852908611
    ],
    "start_timestamps": [
      "2026-07-23 17:05:07.803289+00:00",
      "2026-07-23 17:05:08.001371+00:00",
      "2026-07-23 17:05:08.116387+00:00",
      "2026-07-23 17:05:08.298684+00:00",
      "2026-07-23 17:05:08.488099+00:00",
      "2026-07-23 17:05:08.653698+00:00"
    ]
  },
  "ocr": {
    "scope": "page",
    "count": 6,
    "times": [
      0.6520963879302144,
      0.12574112601578236,
      0.1289496524259448,
      0.12650185637176037,
      0.1320748534053564,
      0.15504237543791533
    ],
    "start_timestamps": [
      "2026-07-23 17:05:08.001654+00:00",
      "2026-07-23 17:05:08.653788+00:00",
      "2026-07-23 17:05:08.779539+00:00",
      "2026-07-23 17:05:08.908499+00:00",
      "2026-07-23 17:05:09.035009+00:00",
      "2026-07-23 17:05:09.167124+00:00"
    ]
  },
  "layout": {
    "scope": "page",
    "count": 3,
    "times": [
      0.07303510326892138,
      0.07242749817669392,
      0.026177551597356796
    ],
    "start_timestamps": [
      "2026-07-23 17:05:08.654137+00:00",
      "2026-07-23 17:05:09.167195+00:00",
      "2026-07-23 17:05:09.426768+00:00"
    ]
  },
  "table_structure": {
    "scope": "page",
    "count": 6,
    "times": [
      1.9156374037265778e-05,
      2.0589679479599e-05,
      8.196569979190826e-06,
      6.251968443393707e-06,
      1.2514181435108185e-05,
      1.6541220247745514e-05
    ],
    "start_timestamps": [
      "2026-07-23 17:05:08.731700+00:00",
      "2026-07-23 17:05:09.426828+00:00",
      "2026-07-23 17:05:09.426854+00:00",
      "2026-07-23 17:05:09.426866+00:00",
      "2026-07-23 17:05:09.426876+00:00",
      "2026-07-23 17:05:09.464193+00:00"
    ]
  },
  "page_assemble": {
    "scope": "page",
    "count": 6,
    "times": [
      0.00014448165893554688,
      0.00023595429956912994,
      0.0002516144886612892,
      0.00018613971769809723,
      0.00035603996366262436,
      0.00011787191033363342
    ],
    "start_timestamps": [
      "2026-07-23 17:05:08.731770+00:00",
      "2026-07-23 17:05:09.426943+00:00",
      "2026-07-23 17:05:09.427213+00:00",
      "2026-07-23 17:05:09.427489+00:00",
      "2026-07-23 17:05:09.427692+00:00",
      "2026-07-23 17:05:09.464282+00:00"
    ]
  },
  "doc_assemble": {
    "scope": "document",
    "count": 1,
    "times": [
      0.04691937565803528
    ],
    "start_timestamps": [
      "2026-07-23 17:05:09.464592+00:00"
    ]
  },
  "reading_order": {
    "scope": "document",
    "count": 1,
    "times": [
      0.04643371142446995
    ],
    "start_timestamps": [
      "2026-07-23 17:05:09.464689+00:00"
    ]
  },
  "doc_enrich": {
    "scope": "document",
    "count": 1,
    "times": [
      0.00176897831261158
    ],
    "start_timestamps": [
      "2026-07-23 17:05:09.511535+00:00"
    ]
  }
}
Function parse_pdf took 5.2674 seconds to execute.
Running: get_tables
Function get_tables took 0.0000 seconds to execute.
Running: get_surrounding_paragraphs
Function get_surrounding_paragraphs took 0.0001 seconds to execute.
