Running: parse_pdf
Raw PDF conversion timings:
{
  "pipeline_total": {
    "scope": "document",
    "count": 1,
    "times": [
      47.65275913104415
    ],
    "start_timestamps": [
      "2026-07-23 19:57:30.757794+00:00"
    ]
  },
  "page_parse": {
    "scope": "page",
    "count": 9,
    "times": [
      0.06871034950017929,
      0.0956595940515399,
      0.08962691109627485,
      0.12587613612413406,
      0.13203994557261467,
      0.12147689796984196,
      0.08952061086893082,
      0.09606306254863739,
      0.12801403924822807
    ],
    "start_timestamps": [
      "2026-07-23 19:57:30.761426+00:00",
      "2026-07-23 19:57:30.830177+00:00",
      "2026-07-23 19:57:30.925875+00:00",
      "2026-07-23 19:57:31.015545+00:00",
      "2026-07-23 19:57:31.141467+00:00",
      "2026-07-23 19:57:31.273548+00:00",
      "2026-07-23 19:57:31.395067+00:00",
      "2026-07-23 19:57:31.484631+00:00",
      "2026-07-23 19:57:31.580739+00:00"
    ]
  },
  "ocr": {
    "scope": "page",
    "count": 9,
    "times": [
      0.1872788043692708,
      0.1305900663137436,
      0.13272923231124878,
      1.1224760245531797,
      0.9061178686097264,
      1.4456623941659927,
      0.12036909256130457,
      0.12077678088098764,
      0.11880073137581348
    ],
    "start_timestamps": [
      "2026-07-23 19:57:30.830452+00:00",
      "2026-07-23 19:57:31.017765+00:00",
      "2026-07-23 19:57:31.148375+00:00",
      "2026-07-23 19:57:31.281137+00:00",
      "2026-07-23 19:57:32.403630+00:00",
      "2026-07-23 19:57:33.309822+00:00",
      "2026-07-23 19:57:34.755500+00:00",
      "2026-07-23 19:57:34.875880+00:00",
      "2026-07-23 19:57:34.996666+00:00"
    ]
  },
  "layout": {
    "scope": "page",
    "count": 4,
    "times": [
      0.1458822637796402,
      0.3011293802410364,
      0.029574153013527393,
      0.06975454557687044
    ],
    "start_timestamps": [
      "2026-07-23 19:57:31.017846+00:00",
      "2026-07-23 19:57:31.281195+00:00",
      "2026-07-23 19:57:33.309887+00:00",
      "2026-07-23 19:57:35.115663+00:00"
    ]
  },
  "table_structure": {
    "scope": "page",
    "count": 9,
    "times": [
      1.3134442269802094e-05,
      2.643931657075882e-05,
      7.645227015018463e-06,
      2.0949169993400574e-05,
      7.905066013336182e-06,
      3.0837953090667725e-05,
      1.0029412806034088e-05,
      1.0008923709392548e-05,
      6.883405148983002e-06
    ],
    "start_timestamps": [
      "2026-07-23 19:57:31.274063+00:00",
      "2026-07-23 19:57:31.749274+00:00",
      "2026-07-23 19:57:31.749304+00:00",
      "2026-07-23 19:57:33.377021+00:00",
      "2026-07-23 19:57:33.377047+00:00",
      "2026-07-23 19:57:35.315240+00:00",
      "2026-07-23 19:57:35.315278+00:00",
      "2026-07-23 19:57:35.315292+00:00",
      "2026-07-23 19:57:35.315306+00:00"
    ]
  },
  "page_assemble": {
    "scope": "page",
    "count": 9,
    "times": [
      0.0008812574669718742,
      0.0004620589315891266,
      0.0005227439105510712,
      0.0002691661939024925,
      0.00020280107855796814,
      0.00020920298993587494,
      0.00023217685520648956,
      0.0006181634962558746,
      0.00015263725072145462
    ],
    "start_timestamps": [
      "2026-07-23 19:57:31.274132+00:00",
      "2026-07-23 19:57:31.749366+00:00",
      "2026-07-23 19:57:31.749890+00:00",
      "2026-07-23 19:57:33.377105+00:00",
      "2026-07-23 19:57:33.377421+00:00",
      "2026-07-23 19:57:35.315394+00:00",
      "2026-07-23 19:57:35.315633+00:00",
      "2026-07-23 19:57:35.315885+00:00",
      "2026-07-23 19:57:35.316524+00:00"
    ]
  },
  "doc_assemble": {
    "scope": "document",
    "count": 1,
    "times": [
      0.03602625522762537
    ],
    "start_timestamps": [
      "2026-07-23 19:57:35.316841+00:00"
    ]
  },
  "reading_order": {
    "scope": "document",
    "count": 1,
    "times": [
      0.035551922395825386
    ],
    "start_timestamps": [
      "2026-07-23 19:57:35.316935+00:00"
    ]
  },
  "doc_enrich": {
    "scope": "document",
    "count": 1,
    "times": [
      43.05764254834503
    ],
    "start_timestamps": [
      "2026-07-23 19:57:35.352891+00:00"
    ]
  }
}
All hyperlinked elements redacted in-memory.
Clean PDF conversion timings:
{
  "pipeline_total": {
    "scope": "document",
    "count": 1,
    "times": [
      48.00984796695411
    ],
    "start_timestamps": [
      "2026-07-23 19:58:18.622752+00:00"
    ]
  },
  "page_parse": {
    "scope": "page",
    "count": 9,
    "times": [
      0.06912704464048147,
      0.09407959133386612,
      0.08741498924791813,
      0.12440571840852499,
      0.13199803605675697,
      0.12246831320226192,
      0.08865922968834639,
      0.12057470995932817,
      0.17549928836524487
    ],
    "start_timestamps": [
      "2026-07-23 19:58:18.626366+00:00",
      "2026-07-23 19:58:18.695535+00:00",
      "2026-07-23 19:58:18.789654+00:00",
      "2026-07-23 19:58:18.877110+00:00",
      "2026-07-23 19:58:19.001559+00:00",
      "2026-07-23 19:58:19.133597+00:00",
      "2026-07-23 19:58:19.256110+00:00",
      "2026-07-23 19:58:19.344814+00:00",
      "2026-07-23 19:58:19.465443+00:00"
    ]
  },
  "ocr": {
    "scope": "page",
    "count": 9,
    "times": [
      0.18295703176409006,
      0.1296847928315401,
      0.13366103544831276,
      1.132101478986442,
      0.8930503679439425,
      1.3768774224445224,
      0.11817496456205845,
      0.11779842525720596,
      0.1172298863530159
    ],
    "start_timestamps": [
      "2026-07-23 19:58:18.695864+00:00",
      "2026-07-23 19:58:18.878855+00:00",
      "2026-07-23 19:58:19.008554+00:00",
      "2026-07-23 19:58:19.142251+00:00",
      "2026-07-23 19:58:20.274369+00:00",
      "2026-07-23 19:58:21.167503+00:00",
      "2026-07-23 19:58:22.544396+00:00",
      "2026-07-23 19:58:22.662582+00:00",
      "2026-07-23 19:58:22.780389+00:00"
    ]
  },
  "layout": {
    "scope": "page",
    "count": 4,
    "times": [
      0.14402590040117502,
      0.2234291024506092,
      0.032068487256765366,
      0.06968483328819275
    ],
    "start_timestamps": [
      "2026-07-23 19:58:18.878934+00:00",
      "2026-07-23 19:58:19.142316+00:00",
      "2026-07-23 19:58:21.167574+00:00",
      "2026-07-23 19:58:22.897815+00:00"
    ]
  },
  "table_structure": {
    "scope": "page",
    "count": 9,
    "times": [
      1.6590580344200134e-05,
      2.784188836812973e-05,
      8.947215974330902e-06,
      2.0548701286315918e-05,
      6.73346221446991e-06,
      2.6780180633068085e-05,
      9.979121387004852e-06,
      1.3615936040878296e-05,
      7.0426613092422485e-06
    ],
    "start_timestamps": [
      "2026-07-23 19:58:19.135791+00:00",
      "2026-07-23 19:58:19.648773+00:00",
      "2026-07-23 19:58:19.648804+00:00",
      "2026-07-23 19:58:21.237513+00:00",
      "2026-07-23 19:58:21.237537+00:00",
      "2026-07-23 19:58:23.101231+00:00",
      "2026-07-23 19:58:23.101263+00:00",
      "2026-07-23 19:58:23.101283+00:00",
      "2026-07-23 19:58:23.101299+00:00"
    ]
  },
  "page_assemble": {
    "scope": "page",
    "count": 9,
    "times": [
      0.00019425619393587112,
      0.0003073178231716156,
      0.00032396893948316574,
      0.0002633659169077873,
      0.00020462553948163986,
      0.0002270769327878952,
      0.00024848803877830505,
      0.00029558688402175903,
      0.00014150701463222504
    ],
    "start_timestamps": [
      "2026-07-23 19:58:19.135858+00:00",
      "2026-07-23 19:58:19.648862+00:00",
      "2026-07-23 19:58:19.649195+00:00",
      "2026-07-23 19:58:21.237594+00:00",
      "2026-07-23 19:58:21.237894+00:00",
      "2026-07-23 19:58:23.101411+00:00",
      "2026-07-23 19:58:23.101670+00:00",
      "2026-07-23 19:58:23.101942+00:00",
      "2026-07-23 19:58:23.102257+00:00"
    ]
  },
  "doc_assemble": {
    "scope": "document",
    "count": 1,
    "times": [
      0.335437442176044
    ],
    "start_timestamps": [
      "2026-07-23 19:58:23.102597+00:00"
    ]
  },
  "reading_order": {
    "scope": "document",
    "count": 1,
    "times": [
      0.3348826877772808
    ],
    "start_timestamps": [
      "2026-07-23 19:58:23.102675+00:00"
    ]
  },
  "doc_enrich": {
    "scope": "document",
    "count": 1,
    "times": [
      43.19451888464391
    ],
    "start_timestamps": [
      "2026-07-23 19:58:23.438063+00:00"
    ]
  }
}
Function parse_pdf took 96.0441 seconds to execute.
Running: get_tables
Function get_tables took 0.0001 seconds to execute.
Running: get_surrounding_paragraphs
Function get_surrounding_paragraphs took 0.0001 seconds to execute.
