Running: parse_pdf
Raw PDF conversion timings:
{
  "pipeline_total": {
    "scope": "document",
    "count": 1,
    "times": [
      54.76151095237583
    ],
    "start_timestamps": [
      "2026-07-17 22:37:09.318667+00:00"
    ]
  },
  "page_parse": {
    "scope": "page",
    "count": 7,
    "times": [
      0.11329862102866173,
      0.11012884601950645,
      0.13103736471384764,
      0.2730079349130392,
      0.15145612135529518,
      0.09373647719621658,
      0.07641347590833902
    ],
    "start_timestamps": [
      "2026-07-17 22:37:09.326198+00:00",
      "2026-07-17 22:37:09.439540+00:00",
      "2026-07-17 22:37:09.549714+00:00",
      "2026-07-17 22:37:09.680801+00:00",
      "2026-07-17 22:37:09.953856+00:00",
      "2026-07-17 22:37:10.105358+00:00",
      "2026-07-17 22:37:10.199139+00:00"
    ]
  },
  "ocr": {
    "scope": "page",
    "count": 7,
    "times": [
      1.0742114232853055,
      0.533458337187767,
      0.5061607742682099,
      1.569145959801972,
      0.12835374474525452,
      0.12612768542021513,
      0.12687615305185318
    ],
    "start_timestamps": [
      "2026-07-17 22:37:09.439854+00:00",
      "2026-07-17 22:37:10.514128+00:00",
      "2026-07-17 22:37:11.047604+00:00",
      "2026-07-17 22:37:11.553781+00:00",
      "2026-07-17 22:37:13.122945+00:00",
      "2026-07-17 22:37:13.251312+00:00",
      "2026-07-17 22:37:13.377449+00:00"
    ]
  },
  "layout": {
    "scope": "page",
    "count": 2,
    "times": [
      0.07224712520837784,
      0.09306412190198898
    ],
    "start_timestamps": [
      "2026-07-17 22:37:10.514206+00:00",
      "2026-07-17 22:37:13.504707+00:00"
    ]
  },
  "table_structure": {
    "scope": "page",
    "count": 7,
    "times": [
      3.3212825655937195e-05,
      0.3768119774758816,
      2.568773925304413e-05,
      9.12696123123169e-06,
      0.684835821390152,
      3.046821802854538e-05,
      1.4487653970718384e-05
    ],
    "start_timestamps": [
      "2026-07-17 22:37:10.656184+00:00",
      "2026-07-17 22:37:14.057204+00:00",
      "2026-07-17 22:37:14.434028+00:00",
      "2026-07-17 22:37:14.434057+00:00",
      "2026-07-17 22:37:14.434070+00:00",
      "2026-07-17 22:37:15.119095+00:00",
      "2026-07-17 22:37:15.119128+00:00"
    ]
  },
  "page_assemble": {
    "scope": "page",
    "count": 7,
    "times": [
      0.002915787510573864,
      0.0021601757034659386,
      0.0015607373788952827,
      0.0003959452733397484,
      0.0010532531887292862,
      0.00901890266686678,
      0.009794722311198711
    ],
    "start_timestamps": [
      "2026-07-17 22:37:10.656283+00:00",
      "2026-07-17 22:37:15.119355+00:00",
      "2026-07-17 22:37:15.121550+00:00",
      "2026-07-17 22:37:15.123132+00:00",
      "2026-07-17 22:37:15.123547+00:00",
      "2026-07-17 22:37:15.124620+00:00",
      "2026-07-17 22:37:15.133669+00:00"
    ]
  },
  "doc_assemble": {
    "scope": "document",
    "count": 1,
    "times": [
      0.04456338658928871
    ],
    "start_timestamps": [
      "2026-07-17 22:37:15.143822+00:00"
    ]
  },
  "reading_order": {
    "scope": "document",
    "count": 1,
    "times": [
      0.04388360679149628
    ],
    "start_timestamps": [
      "2026-07-17 22:37:15.144029+00:00"
    ]
  },
  "doc_enrich": {
    "scope": "document",
    "count": 1,
    "times": [
      48.89173824433237
    ],
    "start_timestamps": [
      "2026-07-17 22:37:15.188421+00:00"
    ]
  }
}
All hyperlinked elements redacted in-memory.
Clean PDF conversion timings:
{
  "pipeline_total": {
    "scope": "document",
    "count": 1,
    "times": [
      95.97153128031641
    ],
    "start_timestamps": [
      "2026-07-17 22:38:04.529288+00:00"
    ]
  },
  "page_parse": {
    "scope": "page",
    "count": 7,
    "times": [
      0.10654173512011766,
      0.10637408960610628,
      0.11994524858891964,
      0.23870635032653809,
      0.15248264279216528,
      0.16112487763166428,
      0.06617315392941236
    ],
    "start_timestamps": [
      "2026-07-17 22:38:04.536820+00:00",
      "2026-07-17 22:38:04.643414+00:00",
      "2026-07-17 22:38:04.749833+00:00",
      "2026-07-17 22:38:04.869821+00:00",
      "2026-07-17 22:38:05.108572+00:00",
      "2026-07-17 22:38:05.261099+00:00",
      "2026-07-17 22:38:05.422273+00:00"
    ]
  },
  "ocr": {
    "scope": "page",
    "count": 7,
    "times": [
      1.0701244035735726,
      0.6997608244419098,
      0.5495088305324316,
      2.1193475238978863,
      0.12766879424452782,
      0.13099524471908808,
      0.1268895184621215
    ],
    "start_timestamps": [
      "2026-07-17 22:38:04.643744+00:00",
      "2026-07-17 22:38:05.713933+00:00",
      "2026-07-17 22:38:06.413710+00:00",
      "2026-07-17 22:38:06.963237+00:00",
      "2026-07-17 22:38:09.082604+00:00",
      "2026-07-17 22:38:09.210288+00:00",
      "2026-07-17 22:38:09.341297+00:00"
    ]
  },
  "layout": {
    "scope": "page",
    "count": 2,
    "times": [
      0.06993140652775764,
      0.09882168471813202
    ],
    "start_timestamps": [
      "2026-07-17 22:38:05.714083+00:00",
      "2026-07-17 22:38:09.468398+00:00"
    ]
  },
  "table_structure": {
    "scope": "page",
    "count": 7,
    "times": [
      3.690924495458603e-05,
      0.3707838412374258,
      2.7161091566085815e-05,
      8.566305041313171e-06,
      0.682471277192235,
      2.34236940741539e-05,
      6.101094186306e-06
    ],
    "start_timestamps": [
      "2026-07-17 22:38:05.845192+00:00",
      "2026-07-17 22:38:10.084348+00:00",
      "2026-07-17 22:38:10.455146+00:00",
      "2026-07-17 22:38:10.455175+00:00",
      "2026-07-17 22:38:10.455188+00:00",
      "2026-07-17 22:38:11.137821+00:00",
      "2026-07-17 22:38:11.137847+00:00"
    ]
  },
  "page_assemble": {
    "scope": "page",
    "count": 7,
    "times": [
      0.0011452753096818924,
      0.0010461080819368362,
      0.0006381412968039513,
      0.00016328692436218262,
      0.0003256332129240036,
      0.0010711364448070526,
      0.00023134611546993256
    ],
    "start_timestamps": [
      "2026-07-17 22:38:05.845334+00:00",
      "2026-07-17 22:38:11.137943+00:00",
      "2026-07-17 22:38:11.139025+00:00",
      "2026-07-17 22:38:11.139685+00:00",
      "2026-07-17 22:38:11.139866+00:00",
      "2026-07-17 22:38:11.140211+00:00",
      "2026-07-17 22:38:11.141302+00:00"
    ]
  },
  "doc_assemble": {
    "scope": "document",
    "count": 1,
    "times": [
      0.05137789994478226
    ],
    "start_timestamps": [
      "2026-07-17 22:38:11.141904+00:00"
    ]
  },
  "reading_order": {
    "scope": "document",
    "count": 1,
    "times": [
      0.050681229680776596
    ],
    "start_timestamps": [
      "2026-07-17 22:38:11.142150+00:00"
    ]
  },
  "doc_enrich": {
    "scope": "document",
    "count": 1,
    "times": [
      89.30747886840254
    ],
    "start_timestamps": [
      "2026-07-17 22:38:11.193305+00:00"
    ]
  }
}
Function parse_pdf took 151.4354 seconds to execute.
Running: get_tables
Function get_tables took 0.0001 seconds to execute.
Running: get_surrounding_paragraphs
Function get_surrounding_paragraphs took 0.0001 seconds to execute.
