Running: parse_pdf
Raw PDF conversion timings:
{
  "pipeline_total": {
    "scope": "document",
    "count": 1,
    "times": [
      146.22239139396697
    ],
    "start_timestamps": [
      "2026-07-23 16:41:18.839812+00:00"
    ]
  },
  "page_parse": {
    "scope": "page",
    "count": 20,
    "times": [
      0.11706520989537239,
      0.07576710917055607,
      0.10888801142573357,
      0.10094891395419836,
      0.0913656810298562,
      0.0972925340756774,
      0.13113507442176342,
      0.18959561921656132,
      0.1937826368957758,
      0.09466742444783449,
      0.19991361442953348,
      0.4481354905292392,
      0.11022872477769852,
      0.18710473086684942,
      0.13021167647093534,
      0.11754648573696613,
      0.1785063724964857,
      0.1352514000609517,
      0.1761175775900483,
      0.11309138219803572
    ],
    "start_timestamps": [
      "2026-07-23 16:41:18.843267+00:00",
      "2026-07-23 16:41:18.960375+00:00",
      "2026-07-23 16:41:19.036180+00:00",
      "2026-07-23 16:41:19.145110+00:00",
      "2026-07-23 16:41:19.246101+00:00",
      "2026-07-23 16:41:19.337509+00:00",
      "2026-07-23 16:41:19.434842+00:00",
      "2026-07-23 16:41:19.566027+00:00",
      "2026-07-23 16:41:19.755669+00:00",
      "2026-07-23 16:41:19.949499+00:00",
      "2026-07-23 16:41:20.044211+00:00",
      "2026-07-23 16:41:20.244194+00:00",
      "2026-07-23 16:41:20.692373+00:00",
      "2026-07-23 16:41:20.802703+00:00",
      "2026-07-23 16:41:20.989851+00:00",
      "2026-07-23 16:41:21.120105+00:00",
      "2026-07-23 16:41:21.237696+00:00",
      "2026-07-23 16:41:21.416254+00:00",
      "2026-07-23 16:41:21.551552+00:00",
      "2026-07-23 16:41:21.727714+00:00"
    ]
  },
  "ocr": {
    "scope": "page",
    "count": 20,
    "times": [
      0.20159613993018866,
      0.1810402199625969,
      0.5047122482210398,
      0.20030556246638298,
      1.9837105851620436,
      4.780965401791036,
      0.879373992793262,
      0.12150826025754213,
      0.39816324692219496,
      0.4280253676697612,
      0.11968426778912544,
      0.12337180599570274,
      0.12279702443629503,
      0.12517512030899525,
      0.12232061941176653,
      0.12392045930027962,
      0.1259854855015874,
      0.12046483717858791,
      0.12598918192088604,
      0.11871309019625187
    ],
    "start_timestamps": [
      "2026-07-23 16:41:18.960522+00:00",
      "2026-07-23 16:41:19.162160+00:00",
      "2026-07-23 16:41:19.343212+00:00",
      "2026-07-23 16:41:19.847967+00:00",
      "2026-07-23 16:41:20.048287+00:00",
      "2026-07-23 16:41:22.032013+00:00",
      "2026-07-23 16:41:26.812995+00:00",
      "2026-07-23 16:41:27.692385+00:00",
      "2026-07-23 16:41:27.813967+00:00",
      "2026-07-23 16:41:28.212142+00:00",
      "2026-07-23 16:41:28.640185+00:00",
      "2026-07-23 16:41:28.759878+00:00",
      "2026-07-23 16:41:28.883261+00:00",
      "2026-07-23 16:41:29.006067+00:00",
      "2026-07-23 16:41:29.131252+00:00",
      "2026-07-23 16:41:29.253582+00:00",
      "2026-07-23 16:41:29.377513+00:00",
      "2026-07-23 16:41:29.503507+00:00",
      "2026-07-23 16:41:29.623981+00:00",
      "2026-07-23 16:41:29.749979+00:00"
    ]
  },
  "layout": {
    "scope": "page",
    "count": 4,
    "times": [
      0.2830473752692342,
      0.8636313211172819,
      0.07435790821909904,
      0.1353576211258769
    ],
    "start_timestamps": [
      "2026-07-23 16:41:19.162247+00:00",
      "2026-07-23 16:41:19.848032+00:00",
      "2026-07-23 16:41:27.814050+00:00",
      "2026-07-23 16:41:29.868898+00:00"
    ]
  },
  "table_structure": {
    "scope": "page",
    "count": 20,
    "times": [
      5.6485851081088185,
      2.8063543140888214e-05,
      9.999610483646393e-06,
      2.607889473438263e-05,
      1.1592172086238861e-05,
      8.075498044490814e-06,
      9.427778422832489e-06,
      1.0008923709392548e-05,
      2.614874392747879e-05,
      7.543712854385376e-06,
      5.580484867095947e-06,
      5.0496309995651245e-06,
      1.385621726512909e-05,
      8.4657222032547e-06,
      5.781650543212891e-06,
      4.669651389122009e-06,
      6.051734089851379e-06,
      7.1730464696884155e-06,
      1.5459023416042328e-05,
      7.162801921367645e-06
    ],
    "start_timestamps": [
      "2026-07-23 16:41:19.844262+00:00",
      "2026-07-23 16:41:25.495617+00:00",
      "2026-07-23 16:41:25.495648+00:00",
      "2026-07-23 16:41:28.209977+00:00",
      "2026-07-23 16:41:28.210008+00:00",
      "2026-07-23 16:41:28.210024+00:00",
      "2026-07-23 16:41:28.210036+00:00",
      "2026-07-23 16:41:28.210078+00:00",
      "2026-07-23 16:41:30.581312+00:00",
      "2026-07-23 16:41:30.581343+00:00",
      "2026-07-23 16:41:30.581354+00:00",
      "2026-07-23 16:41:30.581363+00:00",
      "2026-07-23 16:41:30.581398+00:00",
      "2026-07-23 16:41:30.581416+00:00",
      "2026-07-23 16:41:30.581429+00:00",
      "2026-07-23 16:41:30.581437+00:00",
      "2026-07-23 16:41:30.581464+00:00",
      "2026-07-23 16:41:30.581473+00:00",
      "2026-07-23 16:41:30.581483+00:00",
      "2026-07-23 16:41:30.581502+00:00"
    ]
  },
  "page_assemble": {
    "scope": "page",
    "count": 20,
    "times": [
      0.0010175146162509918,
      0.0002522040158510208,
      0.00035780295729637146,
      0.0004384256899356842,
      0.0003156736493110657,
      0.0002704989165067673,
      0.0003613000735640526,
      0.00027780327945947647,
      0.00034187454730272293,
      0.000210505910217762,
      0.0003214338794350624,
      0.0003725811839103699,
      0.0003155432641506195,
      0.0003094524145126343,
      0.000288122333586216,
      0.00027436576783657074,
      0.00031685642898082733,
      0.000323357991874218,
      0.0005504162982106209,
      0.00018927641212940216
    ],
    "start_timestamps": [
      "2026-07-23 16:41:25.495748+00:00",
      "2026-07-23 16:41:25.496800+00:00",
      "2026-07-23 16:41:25.497076+00:00",
      "2026-07-23 16:41:28.210138+00:00",
      "2026-07-23 16:41:28.210610+00:00",
      "2026-07-23 16:41:28.210946+00:00",
      "2026-07-23 16:41:28.211237+00:00",
      "2026-07-23 16:41:28.211617+00:00",
      "2026-07-23 16:41:30.581567+00:00",
      "2026-07-23 16:41:30.581938+00:00",
      "2026-07-23 16:41:30.582168+00:00",
      "2026-07-23 16:41:30.582508+00:00",
      "2026-07-23 16:41:30.582899+00:00",
      "2026-07-23 16:41:30.583232+00:00",
      "2026-07-23 16:41:30.583559+00:00",
      "2026-07-23 16:41:30.583863+00:00",
      "2026-07-23 16:41:30.584154+00:00",
      "2026-07-23 16:41:30.584488+00:00",
      "2026-07-23 16:41:30.584828+00:00",
      "2026-07-23 16:41:30.585396+00:00"
    ]
  },
  "doc_assemble": {
    "scope": "document",
    "count": 1,
    "times": [
      0.18166047800332308
    ],
    "start_timestamps": [
      "2026-07-23 16:41:30.585818+00:00"
    ]
  },
  "reading_order": {
    "scope": "document",
    "count": 1,
    "times": [
      0.18091163877397776
    ],
    "start_timestamps": [
      "2026-07-23 16:41:30.586003+00:00"
    ]
  },
  "doc_enrich": {
    "scope": "document",
    "count": 1,
    "times": [
      134.29465477261692
    ],
    "start_timestamps": [
      "2026-07-23 16:41:30.767510+00:00"
    ]
  }
}
All hyperlinked elements redacted in-memory.
Clean PDF conversion timings:
{
  "pipeline_total": {
    "scope": "document",
    "count": 1,
    "times": [
      146.02205281797796
    ],
    "start_timestamps": [
      "2026-07-23 16:43:45.671854+00:00"
    ]
  },
  "page_parse": {
    "scope": "page",
    "count": 20,
    "times": [
      0.11583852861076593,
      0.07711953297257423,
      0.4430701695382595,
      0.1020199079066515,
      0.09067843575030565,
      0.09768733475357294,
      0.14121865574270487,
      0.20344611816108227,
      0.1457842169329524,
      0.09385956265032291,
      0.12229650188237429,
      0.17636319622397423,
      0.12670242134481668,
      0.10261324420571327,
      0.14029977843165398,
      0.18140781950205564,
      0.5381080498918891,
      0.10760797187685966,
      0.12471206579357386,
      0.09452962316572666
    ],
    "start_timestamps": [
      "2026-07-23 16:43:45.675251+00:00",
      "2026-07-23 16:43:45.791130+00:00",
      "2026-07-23 16:43:45.868288+00:00",
      "2026-07-23 16:43:46.311398+00:00",
      "2026-07-23 16:43:46.413457+00:00",
      "2026-07-23 16:43:46.504179+00:00",
      "2026-07-23 16:43:46.601907+00:00",
      "2026-07-23 16:43:46.743190+00:00",
      "2026-07-23 16:43:46.946687+00:00",
      "2026-07-23 16:43:47.092521+00:00",
      "2026-07-23 16:43:47.186449+00:00",
      "2026-07-23 16:43:47.308792+00:00",
      "2026-07-23 16:43:47.485197+00:00",
      "2026-07-23 16:43:47.611943+00:00",
      "2026-07-23 16:43:47.714604+00:00",
      "2026-07-23 16:43:47.854944+00:00",
      "2026-07-23 16:43:48.055428+00:00",
      "2026-07-23 16:43:48.593576+00:00",
      "2026-07-23 16:43:48.701226+00:00",
      "2026-07-23 16:43:48.825979+00:00"
    ]
  },
  "ocr": {
    "scope": "page",
    "count": 20,
    "times": [
      0.5379855083301663,
      0.1802823506295681,
      0.587707900442183,
      0.4166203113272786,
      2.032382366247475,
      4.007719392888248,
      0.8868091097101569,
      0.12341321166604757,
      0.1224394291639328,
      0.6681419610977173,
      0.12150924000889063,
      0.1271355077624321,
      0.12337064370512962,
      0.12742813769727945,
      0.12260370887815952,
      0.12053845450282097,
      0.12049879971891642,
      0.12286419048905373,
      0.12456645164638758,
      0.12297786306589842
    ],
    "start_timestamps": [
      "2026-07-23 16:43:45.791250+00:00",
      "2026-07-23 16:43:46.329277+00:00",
      "2026-07-23 16:43:46.509572+00:00",
      "2026-07-23 16:43:47.097320+00:00",
      "2026-07-23 16:43:47.513958+00:00",
      "2026-07-23 16:43:49.546357+00:00",
      "2026-07-23 16:43:53.554093+00:00",
      "2026-07-23 16:43:54.440919+00:00",
      "2026-07-23 16:43:54.564341+00:00",
      "2026-07-23 16:43:54.687050+00:00",
      "2026-07-23 16:43:55.355210+00:00",
      "2026-07-23 16:43:55.476729+00:00",
      "2026-07-23 16:43:55.603874+00:00",
      "2026-07-23 16:43:55.727254+00:00",
      "2026-07-23 16:43:55.854692+00:00",
      "2026-07-23 16:43:55.977306+00:00",
      "2026-07-23 16:43:56.097854+00:00",
      "2026-07-23 16:43:56.218363+00:00",
      "2026-07-23 16:43:56.341237+00:00",
      "2026-07-23 16:43:56.465813+00:00"
    ]
  },
  "layout": {
    "scope": "page",
    "count": 4,
    "times": [
      0.28447214141488075,
      0.6186277521774173,
      0.08297784626483917,
      0.12754093017429113
    ],
    "start_timestamps": [
      "2026-07-23 16:43:46.329359+00:00",
      "2026-07-23 16:43:47.097390+00:00",
      "2026-07-23 16:43:54.687137+00:00",
      "2026-07-23 16:43:56.589011+00:00"
    ]
  },
  "table_structure": {
    "scope": "page",
    "count": 20,
    "times": [
      5.137447454035282,
      2.370402216911316e-05,
      1.0418705642223358e-05,
      3.294181078672409e-05,
      1.8514692783355713e-05,
      1.3135373592376709e-05,
      1.3316050171852112e-05,
      8.596107363700867e-06,
      5.321577191352844e-06,
      2.512708306312561e-05,
      8.084811270236969e-06,
      6.8731606006622314e-06,
      6.192363798618317e-06,
      1.0330229997634888e-05,
      7.323920726776123e-06,
      6.322748959064484e-06,
      6.581656634807587e-06,
      1.020822674036026e-05,
      1.755356788635254e-05,
      8.516013622283936e-06
    ],
    "start_timestamps": [
      "2026-07-23 16:43:47.094090+00:00",
      "2026-07-23 16:43:52.234163+00:00",
      "2026-07-23 16:43:52.234190+00:00",
      "2026-07-23 16:43:55.320537+00:00",
      "2026-07-23 16:43:55.320574+00:00",
      "2026-07-23 16:43:55.320596+00:00",
      "2026-07-23 16:43:55.320613+00:00",
      "2026-07-23 16:43:55.320657+00:00",
      "2026-07-23 16:43:55.320669+00:00",
      "2026-07-23 16:43:57.317852+00:00",
      "2026-07-23 16:43:57.317883+00:00",
      "2026-07-23 16:43:57.317895+00:00",
      "2026-07-23 16:43:57.317906+00:00",
      "2026-07-23 16:43:57.317954+00:00",
      "2026-07-23 16:43:57.317968+00:00",
      "2026-07-23 16:43:57.317979+00:00",
      "2026-07-23 16:43:57.317989+00:00",
      "2026-07-23 16:43:57.318020+00:00",
      "2026-07-23 16:43:57.318034+00:00",
      "2026-07-23 16:43:57.318056+00:00"
    ]
  },
  "page_assemble": {
    "scope": "page",
    "count": 20,
    "times": [
      0.00023825839161872864,
      0.0002929726615548134,
      0.00037682894617319107,
      0.0004446767270565033,
      0.0004010545089840889,
      0.00034463871270418167,
      0.00041725486516952515,
      0.00029866211116313934,
      0.00028635933995246887,
      0.0003378158435225487,
      0.0003176173195242882,
      0.0003620004281401634,
      0.0003262227401137352,
      0.0003109145909547806,
      0.00028696004301309586,
      0.0002738162875175476,
      0.0003022691234946251,
      0.0003126179799437523,
      0.0005978355184197426,
      0.00018280372023582458
    ],
    "start_timestamps": [
      "2026-07-23 16:43:52.234287+00:00",
      "2026-07-23 16:43:52.234567+00:00",
      "2026-07-23 16:43:52.234884+00:00",
      "2026-07-23 16:43:55.320710+00:00",
      "2026-07-23 16:43:55.321187+00:00",
      "2026-07-23 16:43:55.321609+00:00",
      "2026-07-23 16:43:55.321973+00:00",
      "2026-07-23 16:43:55.322416+00:00",
      "2026-07-23 16:43:55.322733+00:00",
      "2026-07-23 16:43:57.318137+00:00",
      "2026-07-23 16:43:57.318512+00:00",
      "2026-07-23 16:43:57.318849+00:00",
      "2026-07-23 16:43:57.319230+00:00",
      "2026-07-23 16:43:57.319575+00:00",
      "2026-07-23 16:43:57.319904+00:00",
      "2026-07-23 16:43:57.320208+00:00",
      "2026-07-23 16:43:57.320499+00:00",
      "2026-07-23 16:43:57.320818+00:00",
      "2026-07-23 16:43:57.321147+00:00",
      "2026-07-23 16:43:57.321764+00:00"
    ]
  },
  "doc_assemble": {
    "scope": "document",
    "count": 1,
    "times": [
      0.18440512008965015
    ],
    "start_timestamps": [
      "2026-07-23 16:43:57.322216+00:00"
    ]
  },
  "reading_order": {
    "scope": "document",
    "count": 1,
    "times": [
      0.1833887556567788
    ],
    "start_timestamps": [
      "2026-07-23 16:43:57.322656+00:00"
    ]
  },
  "doc_enrich": {
    "scope": "document",
    "count": 1,
    "times": [
      134.1872214395553
    ],
    "start_timestamps": [
      "2026-07-23 16:43:57.506649+00:00"
    ]
  }
}
Function parse_pdf took 293.1791 seconds to execute.
Running: get_tables
Function get_tables took 0.0002 seconds to execute.
Running: get_surrounding_paragraphs
Function get_surrounding_paragraphs took 0.0002 seconds to execute.
