Running: parse_pdf
Raw PDF conversion timings:
{
  "pipeline_total": {
    "scope": "document",
    "count": 1,
    "times": [
      73.1230737073347
    ],
    "start_timestamps": [
      "2026-07-17 19:11:01.628826+00:00"
    ]
  },
  "page_parse": {
    "scope": "page",
    "count": 9,
    "times": [
      0.05984007753431797,
      0.08439108543097973,
      0.08872413169592619,
      0.06950675044208765,
      0.17827177233994007,
      0.11238085012882948,
      0.15899006091058254,
      0.20824440475553274,
      0.06129300780594349
    ],
    "start_timestamps": [
      "2026-07-17 19:11:01.633157+00:00",
      "2026-07-17 19:11:01.693037+00:00",
      "2026-07-17 19:11:01.777465+00:00",
      "2026-07-17 19:11:01.866233+00:00",
      "2026-07-17 19:11:01.935784+00:00",
      "2026-07-17 19:11:02.114101+00:00",
      "2026-07-17 19:11:02.226528+00:00",
      "2026-07-17 19:11:02.385567+00:00",
      "2026-07-17 19:11:02.593857+00:00"
    ]
  },
  "ocr": {
    "scope": "page",
    "count": 9,
    "times": [
      1.2702346239238977,
      1.3815270559862256,
      1.6894037919119,
      3.40135632827878,
      2.2761998884379864,
      1.9085555709898472,
      1.5349029283970594,
      1.0543606197461486,
      1.03733975533396
    ],
    "start_timestamps": [
      "2026-07-17 19:11:01.693260+00:00",
      "2026-07-17 19:11:02.963646+00:00",
      "2026-07-17 19:11:04.345190+00:00",
      "2026-07-17 19:11:06.034629+00:00",
      "2026-07-17 19:11:09.435986+00:00",
      "2026-07-17 19:11:11.712204+00:00",
      "2026-07-17 19:11:13.620777+00:00",
      "2026-07-17 19:11:15.155696+00:00",
      "2026-07-17 19:11:16.210074+00:00"
    ]
  },
  "layout": {
    "scope": "page",
    "count": 2,
    "times": [
      0.06806433014571667,
      0.10690564569085836
    ],
    "start_timestamps": [
      "2026-07-17 19:11:02.963766+00:00",
      "2026-07-17 19:11:17.247739+00:00"
    ]
  },
  "table_structure": {
    "scope": "page",
    "count": 9,
    "times": [
      1.740269362926483e-05,
      6.242748349905014e-05,
      3.243051469326019e-05,
      3.137905150651932e-05,
      2.2592023015022278e-05,
      3.1488947570323944e-05,
      0.5806483207270503,
      2.5909394025802612e-05,
      1.1361204087734222e-05
    ],
    "start_timestamps": [
      "2026-07-17 19:11:03.059465+00:00",
      "2026-07-17 19:11:17.833986+00:00",
      "2026-07-17 19:11:17.834055+00:00",
      "2026-07-17 19:11:17.834095+00:00",
      "2026-07-17 19:11:17.834134+00:00",
      "2026-07-17 19:11:17.834220+00:00",
      "2026-07-17 19:11:17.834262+00:00",
      "2026-07-17 19:11:18.414929+00:00",
      "2026-07-17 19:11:18.414958+00:00"
    ]
  },
  "page_assemble": {
    "scope": "page",
    "count": 9,
    "times": [
      0.00021584611386060715,
      0.0004922663792967796,
      0.00039640627801418304,
      0.00024696439504623413,
      0.00018102116882801056,
      0.0006647501140832901,
      0.00031147710978984833,
      0.0004381733015179634,
      0.00025354884564876556
    ],
    "start_timestamps": [
      "2026-07-17 19:11:03.059532+00:00",
      "2026-07-17 19:11:17.834373+00:00",
      "2026-07-17 19:11:17.834907+00:00",
      "2026-07-17 19:11:17.835324+00:00",
      "2026-07-17 19:11:17.835595+00:00",
      "2026-07-17 19:11:18.415237+00:00",
      "2026-07-17 19:11:18.415952+00:00",
      "2026-07-17 19:11:18.416285+00:00",
      "2026-07-17 19:11:18.416743+00:00"
    ]
  },
  "doc_assemble": {
    "scope": "document",
    "count": 1,
    "times": [
      0.05169911962002516
    ],
    "start_timestamps": [
      "2026-07-17 19:11:18.417315+00:00"
    ]
  },
  "reading_order": {
    "scope": "document",
    "count": 1,
    "times": [
      0.05111252423375845
    ],
    "start_timestamps": [
      "2026-07-17 19:11:18.417488+00:00"
    ]
  },
  "doc_enrich": {
    "scope": "document",
    "count": 1,
    "times": [
      56.282825882546604
    ],
    "start_timestamps": [
      "2026-07-17 19:11:18.469037+00:00"
    ]
  }
}
All hyperlinked elements redacted in-memory.
Clean PDF conversion timings:
{
  "pipeline_total": {
    "scope": "document",
    "count": 1,
    "times": [
      73.39745096303523
    ],
    "start_timestamps": [
      "2026-07-17 19:12:14.826451+00:00"
    ]
  },
  "page_parse": {
    "scope": "page",
    "count": 9,
    "times": [
      0.06037924066185951,
      0.08496820461004972,
      0.08841410651803017,
      0.07076220121234655,
      0.1414073035120964,
      0.11200138740241528,
      0.07377956621348858,
      0.09378420747816563,
      0.08971681818366051
    ],
    "start_timestamps": [
      "2026-07-17 19:12:14.831017+00:00",
      "2026-07-17 19:12:14.891445+00:00",
      "2026-07-17 19:12:14.976450+00:00",
      "2026-07-17 19:12:15.064910+00:00",
      "2026-07-17 19:12:15.135720+00:00",
      "2026-07-17 19:12:15.277173+00:00",
      "2026-07-17 19:12:15.389219+00:00",
      "2026-07-17 19:12:15.463043+00:00",
      "2026-07-17 19:12:15.556873+00:00"
    ]
  },
  "ocr": {
    "scope": "page",
    "count": 9,
    "times": [
      1.2177702998742461,
      1.4320187233388424,
      1.9254106786102057,
      3.34872414637357,
      2.0142242163419724,
      1.5680009117349982,
      1.480453004129231,
      1.0091001465916634,
      1.0642932718619704
    ],
    "start_timestamps": [
      "2026-07-17 19:12:14.891723+00:00",
      "2026-07-17 19:12:16.109571+00:00",
      "2026-07-17 19:12:17.541607+00:00",
      "2026-07-17 19:12:19.467037+00:00",
      "2026-07-17 19:12:22.815780+00:00",
      "2026-07-17 19:12:24.830022+00:00",
      "2026-07-17 19:12:26.398041+00:00",
      "2026-07-17 19:12:27.878512+00:00",
      "2026-07-17 19:12:28.887631+00:00"
    ]
  },
  "layout": {
    "scope": "page",
    "count": 2,
    "times": [
      0.07056899648159742,
      0.10069992672652006
    ],
    "start_timestamps": [
      "2026-07-17 19:12:16.109645+00:00",
      "2026-07-17 19:12:29.952210+00:00"
    ]
  },
  "table_structure": {
    "scope": "page",
    "count": 9,
    "times": [
      1.9777566194534302e-05,
      3.7400051951408386e-05,
      1.0960735380649567e-05,
      7.82497227191925e-06,
      6.421469151973724e-06,
      9.737908840179443e-06,
      0.5798743972554803,
      2.243276685476303e-05,
      9.838491678237915e-06
    ],
    "start_timestamps": [
      "2026-07-17 19:12:16.207711+00:00",
      "2026-07-17 19:12:30.530007+00:00",
      "2026-07-17 19:12:30.530050+00:00",
      "2026-07-17 19:12:30.530065+00:00",
      "2026-07-17 19:12:30.530076+00:00",
      "2026-07-17 19:12:30.530120+00:00",
      "2026-07-17 19:12:30.530135+00:00",
      "2026-07-17 19:12:31.110027+00:00",
      "2026-07-17 19:12:31.110052+00:00"
    ]
  },
  "page_assemble": {
    "scope": "page",
    "count": 9,
    "times": [
      0.0002449704334139824,
      0.00041504018008708954,
      0.0005466276779770851,
      0.0002398211508989334,
      0.0001854393631219864,
      0.00036066770553588867,
      0.00018468685448169708,
      0.0003578830510377884,
      0.0002278890460729599
    ],
    "start_timestamps": [
      "2026-07-17 19:12:16.207792+00:00",
      "2026-07-17 19:12:30.531166+00:00",
      "2026-07-17 19:12:30.531618+00:00",
      "2026-07-17 19:12:30.532187+00:00",
      "2026-07-17 19:12:30.532446+00:00",
      "2026-07-17 19:12:31.110272+00:00",
      "2026-07-17 19:12:31.110668+00:00",
      "2026-07-17 19:12:31.110873+00:00",
      "2026-07-17 19:12:31.111250+00:00"
    ]
  },
  "doc_assemble": {
    "scope": "document",
    "count": 1,
    "times": [
      0.37344441935420036
    ],
    "start_timestamps": [
      "2026-07-17 19:12:31.111781+00:00"
    ]
  },
  "reading_order": {
    "scope": "document",
    "count": 1,
    "times": [
      0.37268119398504496
    ],
    "start_timestamps": [
      "2026-07-17 19:12:31.111903+00:00"
    ]
  },
  "doc_enrich": {
    "scope": "document",
    "count": 1,
    "times": [
      56.73861922044307
    ],
    "start_timestamps": [
      "2026-07-17 19:12:31.485256+00:00"
    ]
  }
}
Function parse_pdf took 146.7830 seconds to execute.
Running: get_tables
Function get_tables took 0.0001 seconds to execute.
Running: get_surrounding_paragraphs
Function get_surrounding_paragraphs took 0.0001 seconds to execute.
