Running: parse_pdf
Raw PDF conversion timings:
{
  "pipeline_total": {
    "scope": "document",
    "count": 1,
    "times": [
      14.039537355303764
    ],
    "start_timestamps": [
      "2026-07-23 17:44:14.889789+00:00"
    ]
  },
  "page_parse": {
    "scope": "page",
    "count": 10,
    "times": [
      0.0934577900916338,
      0.13942160177975893,
      0.15027243178337812,
      0.1557043045759201,
      0.17684123292565346,
      0.14825040567666292,
      0.15416536759585142,
      0.18669297266751528,
      0.1704435320571065,
      0.10921008605509996
    ],
    "start_timestamps": [
      "2026-07-23 17:44:14.894927+00:00",
      "2026-07-23 17:44:14.988435+00:00",
      "2026-07-23 17:44:15.127896+00:00",
      "2026-07-23 17:44:15.278213+00:00",
      "2026-07-23 17:44:15.433967+00:00",
      "2026-07-23 17:44:15.610851+00:00",
      "2026-07-23 17:44:15.759140+00:00",
      "2026-07-23 17:44:15.913356+00:00",
      "2026-07-23 17:44:16.100092+00:00",
      "2026-07-23 17:44:16.270588+00:00"
    ]
  },
  "ocr": {
    "scope": "page",
    "count": 10,
    "times": [
      1.5004959078505635,
      1.0559547925367951,
      0.12155456654727459,
      0.7965375976637006,
      1.4144359081983566,
      0.9043568568304181,
      1.5703615806996822,
      1.1597720198333263,
      0.7689730431884527,
      0.1205453472211957
    ],
    "start_timestamps": [
      "2026-07-23 17:44:14.988698+00:00",
      "2026-07-23 17:44:16.489293+00:00",
      "2026-07-23 17:44:17.545264+00:00",
      "2026-07-23 17:44:17.666830+00:00",
      "2026-07-23 17:44:18.463385+00:00",
      "2026-07-23 17:44:19.877836+00:00",
      "2026-07-23 17:44:20.782208+00:00",
      "2026-07-23 17:44:22.352588+00:00",
      "2026-07-23 17:44:23.512391+00:00",
      "2026-07-23 17:44:24.281380+00:00"
    ]
  },
  "layout": {
    "scope": "page",
    "count": 2,
    "times": [
      0.06868646293878555,
      0.10618512239307165
    ],
    "start_timestamps": [
      "2026-07-23 17:44:16.489365+00:00",
      "2026-07-23 17:44:24.402132+00:00"
    ]
  },
  "table_structure": {
    "scope": "page",
    "count": 10,
    "times": [
      1.387670636177063e-05,
      2.7301721274852753e-05,
      9.378418326377869e-06,
      0.9631063593551517,
      2.0178034901618958e-05,
      9.939074516296387e-06,
      6.300397217273712e-06,
      5.430541932582855e-06,
      5.200505256652832e-06,
      9.277835488319397e-06
    ],
    "start_timestamps": [
      "2026-07-23 17:44:16.582175+00:00",
      "2026-07-23 17:44:24.791190+00:00",
      "2026-07-23 17:44:24.791223+00:00",
      "2026-07-23 17:44:24.791237+00:00",
      "2026-07-23 17:44:25.754360+00:00",
      "2026-07-23 17:44:25.754712+00:00",
      "2026-07-23 17:44:25.754726+00:00",
      "2026-07-23 17:44:25.754735+00:00",
      "2026-07-23 17:44:25.754744+00:00",
      "2026-07-23 17:44:25.754768+00:00"
    ]
  },
  "page_assemble": {
    "scope": "page",
    "count": 10,
    "times": [
      0.00027367565780878067,
      0.00040840916335582733,
      0.00033040251582860947,
      0.00014824885874986649,
      0.00018357578665018082,
      0.00024481117725372314,
      0.00020217988640069962,
      0.00026442762464284897,
      0.00026240479201078415,
      0.0003003068268299103
    ],
    "start_timestamps": [
      "2026-07-23 17:44:16.582249+00:00",
      "2026-07-23 17:44:25.754854+00:00",
      "2026-07-23 17:44:25.755295+00:00",
      "2026-07-23 17:44:25.755647+00:00",
      "2026-07-23 17:44:25.755816+00:00",
      "2026-07-23 17:44:25.756018+00:00",
      "2026-07-23 17:44:25.756281+00:00",
      "2026-07-23 17:44:25.756503+00:00",
      "2026-07-23 17:44:25.756785+00:00",
      "2026-07-23 17:44:25.757065+00:00"
    ]
  },
  "doc_assemble": {
    "scope": "document",
    "count": 1,
    "times": [
      0.03386896941810846
    ],
    "start_timestamps": [
      "2026-07-23 17:44:25.757608+00:00"
    ]
  },
  "reading_order": {
    "scope": "document",
    "count": 1,
    "times": [
      0.03331330418586731
    ],
    "start_timestamps": [
      "2026-07-23 17:44:25.757723+00:00"
    ]
  },
  "doc_enrich": {
    "scope": "document",
    "count": 1,
    "times": [
      3.137798998504877
    ],
    "start_timestamps": [
      "2026-07-23 17:44:25.791510+00:00"
    ]
  }
}
All hyperlinked elements redacted in-memory.
Clean PDF conversion timings:
{
  "pipeline_total": {
    "scope": "document",
    "count": 1,
    "times": [
      14.22915489319712
    ],
    "start_timestamps": [
      "2026-07-23 17:44:28.991938+00:00"
    ]
  },
  "page_parse": {
    "scope": "page",
    "count": 10,
    "times": [
      0.09177384059876204,
      0.1384478099644184,
      0.14961578603833914,
      0.14137952588498592,
      0.1628001881763339,
      0.12373228557407856,
      0.1203360641375184,
      0.15365470759570599,
      0.13858776167035103,
      0.0979180745780468
    ],
    "start_timestamps": [
      "2026-07-23 17:44:28.997242+00:00",
      "2026-07-23 17:44:29.089057+00:00",
      "2026-07-23 17:44:29.227546+00:00",
      "2026-07-23 17:44:29.377209+00:00",
      "2026-07-23 17:44:29.518650+00:00",
      "2026-07-23 17:44:29.681493+00:00",
      "2026-07-23 17:44:29.805268+00:00",
      "2026-07-23 17:44:29.925651+00:00",
      "2026-07-23 17:44:30.079352+00:00",
      "2026-07-23 17:44:30.218005+00:00"
    ]
  },
  "ocr": {
    "scope": "page",
    "count": 10,
    "times": [
      1.486548200249672,
      0.9903408512473106,
      0.12239942699670792,
      0.7840763973072171,
      1.3606827901676297,
      0.8861724948510528,
      1.5855888174846768,
      1.1366189569234848,
      0.7398979868739843,
      0.1281647775322199
    ],
    "start_timestamps": [
      "2026-07-23 17:44:29.089324+00:00",
      "2026-07-23 17:44:30.575985+00:00",
      "2026-07-23 17:44:31.566342+00:00",
      "2026-07-23 17:44:31.688752+00:00",
      "2026-07-23 17:44:32.472845+00:00",
      "2026-07-23 17:44:33.833544+00:00",
      "2026-07-23 17:44:34.719732+00:00",
      "2026-07-23 17:44:36.305342+00:00",
      "2026-07-23 17:44:37.441976+00:00",
      "2026-07-23 17:44:38.181891+00:00"
    ]
  },
  "layout": {
    "scope": "page",
    "count": 2,
    "times": [
      0.06879229191690683,
      0.10859568975865841
    ],
    "start_timestamps": [
      "2026-07-23 17:44:30.576074+00:00",
      "2026-07-23 17:44:38.310259+00:00"
    ]
  },
  "table_structure": {
    "scope": "page",
    "count": 10,
    "times": [
      1.9305385649204254e-05,
      2.955552190542221e-05,
      9.748153388500214e-06,
      0.9671535352244973,
      2.360530197620392e-05,
      1.4928169548511505e-05,
      1.0740011930465698e-05,
      9.216368198394775e-06,
      9.628944098949432e-06,
      2.415478229522705e-05
    ],
    "start_timestamps": [
      "2026-07-23 17:44:30.667883+00:00",
      "2026-07-23 17:44:38.699545+00:00",
      "2026-07-23 17:44:38.699581+00:00",
      "2026-07-23 17:44:38.699595+00:00",
      "2026-07-23 17:44:39.666767+00:00",
      "2026-07-23 17:44:39.667306+00:00",
      "2026-07-23 17:44:39.667325+00:00",
      "2026-07-23 17:44:39.667340+00:00",
      "2026-07-23 17:44:39.667352+00:00",
      "2026-07-23 17:44:39.667383+00:00"
    ]
  },
  "page_assemble": {
    "scope": "page",
    "count": 10,
    "times": [
      0.00024259649217128754,
      0.00044706184417009354,
      0.00032157544046640396,
      0.00016630254685878754,
      0.00019301287829875946,
      0.00026529934257268906,
      0.0003921082243323326,
      0.0002741357311606407,
      0.0002743257209658623,
      0.0003169253468513489
    ],
    "start_timestamps": [
      "2026-07-23 17:44:30.667984+00:00",
      "2026-07-23 17:44:39.667487+00:00",
      "2026-07-23 17:44:39.667968+00:00",
      "2026-07-23 17:44:39.668310+00:00",
      "2026-07-23 17:44:39.668497+00:00",
      "2026-07-23 17:44:39.668710+00:00",
      "2026-07-23 17:44:39.668994+00:00",
      "2026-07-23 17:44:39.669412+00:00",
      "2026-07-23 17:44:39.669704+00:00",
      "2026-07-23 17:44:39.669997+00:00"
    ]
  },
  "doc_assemble": {
    "scope": "document",
    "count": 1,
    "times": [
      0.36771049443632364
    ],
    "start_timestamps": [
      "2026-07-23 17:44:39.670531+00:00"
    ]
  },
  "reading_order": {
    "scope": "document",
    "count": 1,
    "times": [
      0.3670184426009655
    ],
    "start_timestamps": [
      "2026-07-23 17:44:39.670755+00:00"
    ]
  },
  "doc_enrich": {
    "scope": "document",
    "count": 1,
    "times": [
      3.182800678536296
    ],
    "start_timestamps": [
      "2026-07-23 17:44:40.038270+00:00"
    ]
  }
}
Function parse_pdf took 28.7386 seconds to execute.
Running: get_tables
Function get_tables took 0.0001 seconds to execute.
Running: get_surrounding_paragraphs
Function get_surrounding_paragraphs took 0.0001 seconds to execute.
