Running: parse_pdf
Raw PDF conversion timings:
{
  "pipeline_total": {
    "scope": "document",
    "count": 1,
    "times": [
      6.234513881616294
    ],
    "start_timestamps": [
      "2026-07-23 17:11:00.958845+00:00"
    ]
  },
  "page_parse": {
    "scope": "page",
    "count": 7,
    "times": [
      0.0662454767152667,
      0.1100267544388771,
      0.10419799759984016,
      0.06984359584748745,
      0.09870782680809498,
      0.08628242835402489,
      0.0449364623054862
    ],
    "start_timestamps": [
      "2026-07-23 17:11:00.962882+00:00",
      "2026-07-23 17:11:01.029162+00:00",
      "2026-07-23 17:11:01.139224+00:00",
      "2026-07-23 17:11:01.243458+00:00",
      "2026-07-23 17:11:01.313341+00:00",
      "2026-07-23 17:11:01.412087+00:00",
      "2026-07-23 17:11:01.498413+00:00"
    ]
  },
  "ocr": {
    "scope": "page",
    "count": 7,
    "times": [
      0.12681773863732815,
      0.2615169268101454,
      0.1334868473932147,
      0.7299000192433596,
      0.5498404921963811,
      0.145227056927979,
      0.1221258407458663
    ],
    "start_timestamps": [
      "2026-07-23 17:11:01.029375+00:00",
      "2026-07-23 17:11:01.156235+00:00",
      "2026-07-23 17:11:01.417789+00:00",
      "2026-07-23 17:11:01.551290+00:00",
      "2026-07-23 17:11:02.281208+00:00",
      "2026-07-23 17:11:02.831134+00:00",
      "2026-07-23 17:11:02.976375+00:00"
    ]
  },
  "layout": {
    "scope": "page",
    "count": 4,
    "times": [
      0.2644288968294859,
      0.059008109383285046,
      0.06334383692592382,
      0.07716033421456814
    ],
    "start_timestamps": [
      "2026-07-23 17:11:01.156326+00:00",
      "2026-07-23 17:11:01.498872+00:00",
      "2026-07-23 17:11:02.831212+00:00",
      "2026-07-23 17:11:03.098651+00:00"
    ]
  },
  "table_structure": {
    "scope": "page",
    "count": 7,
    "times": [
      1.8514692783355713e-05,
      2.0949169993400574e-05,
      0.5237822001799941,
      2.1941959857940674e-05,
      0.1809845482930541,
      0.54535564314574,
      2.3334287106990814e-05
    ],
    "start_timestamps": [
      "2026-07-23 17:11:01.498965+00:00",
      "2026-07-23 17:11:01.575207+00:00",
      "2026-07-23 17:11:02.962167+00:00",
      "2026-07-23 17:11:03.485957+00:00",
      "2026-07-23 17:11:03.485982+00:00",
      "2026-07-23 17:11:03.667078+00:00",
      "2026-07-23 17:11:04.212448+00:00"
    ]
  },
  "page_assemble": {
    "scope": "page",
    "count": 7,
    "times": [
      0.00021829083561897278,
      0.00018468685448169708,
      0.000346282497048378,
      0.00011573825031518936,
      0.00014909077435731888,
      0.00031377002596855164,
      0.00016687437891960144
    ],
    "start_timestamps": [
      "2026-07-23 17:11:01.499080+00:00",
      "2026-07-23 17:11:01.575266+00:00",
      "2026-07-23 17:11:03.667894+00:00",
      "2026-07-23 17:11:03.668283+00:00",
      "2026-07-23 17:11:03.668428+00:00",
      "2026-07-23 17:11:04.212638+00:00",
      "2026-07-23 17:11:04.212991+00:00"
    ]
  },
  "doc_assemble": {
    "scope": "document",
    "count": 1,
    "times": [
      0.0268186517059803
    ],
    "start_timestamps": [
      "2026-07-23 17:11:04.213372+00:00"
    ]
  },
  "reading_order": {
    "scope": "document",
    "count": 1,
    "times": [
      0.026322768069803715
    ],
    "start_timestamps": [
      "2026-07-23 17:11:04.213460+00:00"
    ]
  },
  "doc_enrich": {
    "scope": "document",
    "count": 1,
    "times": [
      2.953123946674168
    ],
    "start_timestamps": [
      "2026-07-23 17:11:04.240221+00:00"
    ]
  }
}
All hyperlinked elements redacted in-memory.
Clean PDF conversion timings:
{
  "pipeline_total": {
    "scope": "document",
    "count": 1,
    "times": [
      6.253516918048263
    ],
    "start_timestamps": [
      "2026-07-23 17:11:07.230499+00:00"
    ]
  },
  "page_parse": {
    "scope": "page",
    "count": 7,
    "times": [
      0.06881351862102747,
      0.10997400619089603,
      0.10531215462833643,
      0.06906002294272184,
      0.09863440878689289,
      0.08645298890769482,
      0.04319343250244856
    ],
    "start_timestamps": [
      "2026-07-23 17:11:07.234162+00:00",
      "2026-07-23 17:11:07.303013+00:00",
      "2026-07-23 17:11:07.413028+00:00",
      "2026-07-23 17:11:07.518378+00:00",
      "2026-07-23 17:11:07.587482+00:00",
      "2026-07-23 17:11:07.686156+00:00",
      "2026-07-23 17:11:07.772647+00:00"
    ]
  },
  "ocr": {
    "scope": "page",
    "count": 7,
    "times": [
      0.12696998473256826,
      0.16320158820599318,
      0.18653621338307858,
      0.7642862405627966,
      0.85392393078655,
      0.1236837524920702,
      0.12201120518147945
    ],
    "start_timestamps": [
      "2026-07-23 17:11:07.303245+00:00",
      "2026-07-23 17:11:07.430256+00:00",
      "2026-07-23 17:11:07.593489+00:00",
      "2026-07-23 17:11:07.780042+00:00",
      "2026-07-23 17:11:08.544394+00:00",
      "2026-07-23 17:11:09.398333+00:00",
      "2026-07-23 17:11:09.522025+00:00"
    ]
  },
  "layout": {
    "scope": "page",
    "count": 4,
    "times": [
      0.26445150934159756,
      0.05510477349162102,
      0.06096054147928953,
      0.06336319353431463
    ],
    "start_timestamps": [
      "2026-07-23 17:11:07.430343+00:00",
      "2026-07-23 17:11:07.774469+00:00",
      "2026-07-23 17:11:08.544472+00:00",
      "2026-07-23 17:11:09.644168+00:00"
    ]
  },
  "table_structure": {
    "scope": "page",
    "count": 7,
    "times": [
      1.9086524844169617e-05,
      2.294406294822693e-05,
      0.6402726676315069,
      2.3072585463523865e-05,
      0.1798275914043188,
      0.542772313579917,
      2.446584403514862e-05
    ],
    "start_timestamps": [
      "2026-07-23 17:11:07.774587+00:00",
      "2026-07-23 17:11:07.847143+00:00",
      "2026-07-23 17:11:08.659550+00:00",
      "2026-07-23 17:11:09.299838+00:00",
      "2026-07-23 17:11:09.786244+00:00",
      "2026-07-23 17:11:09.966087+00:00",
      "2026-07-23 17:11:10.508874+00:00"
    ]
  },
  "page_assemble": {
    "scope": "page",
    "count": 7,
    "times": [
      0.0002750977873802185,
      0.00017311610281467438,
      0.00031514279544353485,
      0.00010328367352485657,
      0.00025121308863162994,
      0.00028603803366422653,
      0.0001418357715010643
    ],
    "start_timestamps": [
      "2026-07-23 17:11:07.774666+00:00",
      "2026-07-23 17:11:07.847205+00:00",
      "2026-07-23 17:11:09.304436+00:00",
      "2026-07-23 17:11:09.304791+00:00",
      "2026-07-23 17:11:10.509075+00:00",
      "2026-07-23 17:11:10.509369+00:00",
      "2026-07-23 17:11:10.509680+00:00"
    ]
  },
  "doc_assemble": {
    "scope": "document",
    "count": 1,
    "times": [
      0.02658525202423334
    ],
    "start_timestamps": [
      "2026-07-23 17:11:10.510009+00:00"
    ]
  },
  "reading_order": {
    "scope": "document",
    "count": 1,
    "times": [
      0.026068770326673985
    ],
    "start_timestamps": [
      "2026-07-23 17:11:10.510153+00:00"
    ]
  },
  "doc_enrich": {
    "scope": "document",
    "count": 1,
    "times": [
      2.9473828934133053
    ],
    "start_timestamps": [
      "2026-07-23 17:11:10.536618+00:00"
    ]
  }
}
Function parse_pdf took 12.5796 seconds to execute.
Running: get_tables
Function get_tables took 0.0001 seconds to execute.
Running: get_surrounding_paragraphs
Function get_surrounding_paragraphs took 0.0001 seconds to execute.
