Running: parse_pdf
Raw PDF conversion timings:
{
  "pipeline_total": {
    "scope": "document",
    "count": 1,
    "times": [
      2.689718916080892
    ],
    "start_timestamps": [
      "2026-07-17 18:12:00.649004+00:00"
    ]
  },
  "page_parse": {
    "scope": "page",
    "count": 4,
    "times": [
      0.0808215830475092,
      0.11594911944121122,
      0.0955114234238863,
      0.09765690937638283
    ],
    "start_timestamps": [
      "2026-07-17 18:12:00.653087+00:00",
      "2026-07-17 18:12:00.733946+00:00",
      "2026-07-17 18:12:00.849935+00:00",
      "2026-07-17 18:12:00.945488+00:00"
    ]
  },
  "ocr": {
    "scope": "page",
    "count": 4,
    "times": [
      0.2129867635667324,
      0.5783732905983925,
      0.12016148399561644,
      0.11975017096847296
    ],
    "start_timestamps": [
      "2026-07-17 18:12:00.734056+00:00",
      "2026-07-17 18:12:00.947082+00:00",
      "2026-07-17 18:12:01.525471+00:00",
      "2026-07-17 18:12:01.645677+00:00"
    ]
  },
  "layout": {
    "scope": "page",
    "count": 3,
    "times": [
      0.14489170722663403,
      0.0584636852145195,
      0.028689812868833542
    ],
    "start_timestamps": [
      "2026-07-17 18:12:00.947160+00:00",
      "2026-07-17 18:12:01.645734+00:00",
      "2026-07-17 18:12:01.765559+00:00"
    ]
  },
  "table_structure": {
    "scope": "page",
    "count": 4,
    "times": [
      3.2981857657432556e-05,
      6.014388054609299e-05,
      1.6279518604278564e-05,
      0.31307053938508034
    ],
    "start_timestamps": [
      "2026-07-17 18:12:01.121580+00:00",
      "2026-07-17 18:12:01.734623+00:00",
      "2026-07-17 18:12:01.734693+00:00",
      "2026-07-17 18:12:01.876821+00:00"
    ]
  },
  "page_assemble": {
    "scope": "page",
    "count": 4,
    "times": [
      0.0008476646617054939,
      0.0005548140034079552,
      0.0003953035920858383,
      0.0005798209458589554
    ],
    "start_timestamps": [
      "2026-07-17 18:12:01.121691+00:00",
      "2026-07-17 18:12:01.734789+00:00",
      "2026-07-17 18:12:01.735379+00:00",
      "2026-07-17 18:12:02.190123+00:00"
    ]
  },
  "doc_assemble": {
    "scope": "document",
    "count": 1,
    "times": [
      0.0308366222307086
    ],
    "start_timestamps": [
      "2026-07-17 18:12:02.190897+00:00"
    ]
  },
  "reading_order": {
    "scope": "document",
    "count": 1,
    "times": [
      0.030397946015000343
    ],
    "start_timestamps": [
      "2026-07-17 18:12:02.190947+00:00"
    ]
  },
  "doc_enrich": {
    "scope": "document",
    "count": 1,
    "times": [
      1.1169479070231318
    ],
    "start_timestamps": [
      "2026-07-17 18:12:02.221760+00:00"
    ]
  }
}
All hyperlinked elements redacted in-memory.
Clean PDF conversion timings:
{
  "pipeline_total": {
    "scope": "document",
    "count": 1,
    "times": [
      2.707639035768807
    ],
    "start_timestamps": [
      "2026-07-17 18:12:03.460520+00:00"
    ]
  },
  "page_parse": {
    "scope": "page",
    "count": 4,
    "times": [
      0.0781206302344799,
      0.11562918592244387,
      0.09444245137274265,
      0.09823798388242722
    ],
    "start_timestamps": [
      "2026-07-17 18:12:03.464071+00:00",
      "2026-07-17 18:12:03.542236+00:00",
      "2026-07-17 18:12:03.657909+00:00",
      "2026-07-17 18:12:03.752393+00:00"
    ]
  },
  "ocr": {
    "scope": "page",
    "count": 4,
    "times": [
      0.2112912442535162,
      0.613499172963202,
      0.12059856671839952,
      0.12339157145470381
    ],
    "start_timestamps": [
      "2026-07-17 18:12:03.542538+00:00",
      "2026-07-17 18:12:03.753882+00:00",
      "2026-07-17 18:12:04.367396+00:00",
      "2026-07-17 18:12:04.488041+00:00"
    ]
  },
  "layout": {
    "scope": "page",
    "count": 3,
    "times": [
      0.14057588577270508,
      0.059484826400876045,
      0.02886908035725355
    ],
    "start_timestamps": [
      "2026-07-17 18:12:03.753989+00:00",
      "2026-07-17 18:12:04.488151+00:00",
      "2026-07-17 18:12:04.611579+00:00"
    ]
  },
  "table_structure": {
    "scope": "page",
    "count": 4,
    "times": [
      2.271309494972229e-05,
      2.3535452783107758e-05,
      7.413327693939209e-06,
      0.30771499406546354
    ],
    "start_timestamps": [
      "2026-07-17 18:12:03.924659+00:00",
      "2026-07-17 18:12:04.580523+00:00",
      "2026-07-17 18:12:04.580552+00:00",
      "2026-07-17 18:12:04.726658+00:00"
    ]
  },
  "page_assemble": {
    "scope": "page",
    "count": 4,
    "times": [
      0.000277101993560791,
      0.00029773078858852386,
      0.0002379370853304863,
      0.0005176039412617683
    ],
    "start_timestamps": [
      "2026-07-17 18:12:03.924757+00:00",
      "2026-07-17 18:12:04.580600+00:00",
      "2026-07-17 18:12:04.580925+00:00",
      "2026-07-17 18:12:05.034602+00:00"
    ]
  },
  "doc_assemble": {
    "scope": "document",
    "count": 1,
    "times": [
      0.03282959200441837
    ],
    "start_timestamps": [
      "2026-07-17 18:12:05.035314+00:00"
    ]
  },
  "reading_order": {
    "scope": "document",
    "count": 1,
    "times": [
      0.0324272345751524
    ],
    "start_timestamps": [
      "2026-07-17 18:12:05.035354+00:00"
    ]
  },
  "doc_enrich": {
    "scope": "document",
    "count": 1,
    "times": [
      1.0999772753566504
    ],
    "start_timestamps": [
      "2026-07-17 18:12:05.068168+00:00"
    ]
  }
}
Function parse_pdf took 5.5711 seconds to execute.
Running: get_tables
Function get_tables took 0.0000 seconds to execute.
Running: get_surrounding_paragraphs
Function get_surrounding_paragraphs took 0.0001 seconds to execute.
