Running: parse_pdf
Raw PDF conversion timings:
{
  "pipeline_total": {
    "scope": "document",
    "count": 1,
    "times": [
      47.56179246865213
    ],
    "start_timestamps": [
      "2026-07-17 19:29:34.011663+00:00"
    ]
  },
  "page_parse": {
    "scope": "page",
    "count": 6,
    "times": [
      0.09173980634659529,
      0.08417822979390621,
      0.08478009328246117,
      0.10888167377561331,
      0.10797757375985384,
      0.08333005476742983
    ],
    "start_timestamps": [
      "2026-07-17 19:29:34.015538+00:00",
      "2026-07-17 19:29:34.107319+00:00",
      "2026-07-17 19:29:34.191534+00:00",
      "2026-07-17 19:29:34.276354+00:00",
      "2026-07-17 19:29:34.385281+00:00",
      "2026-07-17 19:29:34.493307+00:00"
    ]
  },
  "ocr": {
    "scope": "page",
    "count": 6,
    "times": [
      0.1721636140719056,
      1.2098634839057922,
      0.9693213617429137,
      0.770052476786077,
      0.1434970237314701,
      0.1257022386416793
    ],
    "start_timestamps": [
      "2026-07-17 19:29:34.107650+00:00",
      "2026-07-17 19:29:34.279852+00:00",
      "2026-07-17 19:29:35.489734+00:00",
      "2026-07-17 19:29:36.459130+00:00",
      "2026-07-17 19:29:37.229198+00:00",
      "2026-07-17 19:29:37.372708+00:00"
    ]
  },
  "layout": {
    "scope": "page",
    "count": 3,
    "times": [
      0.2768356390297413,
      0.061464449390769005,
      0.06732071749866009
    ],
    "start_timestamps": [
      "2026-07-17 19:29:34.279922+00:00",
      "2026-07-17 19:29:36.459202+00:00",
      "2026-07-17 19:29:37.498619+00:00"
    ]
  },
  "table_structure": {
    "scope": "page",
    "count": 6,
    "times": [
      4.5865774154663086e-05,
      0.4638328393921256,
      0.28504413180053234,
      5.202740430831909e-05,
      4.0306709706783295e-05,
      2.272333949804306e-05
    ],
    "start_timestamps": [
      "2026-07-17 19:29:34.628279+00:00",
      "2026-07-17 19:29:36.615034+00:00",
      "2026-07-17 19:29:37.078884+00:00",
      "2026-07-17 19:29:37.763658+00:00",
      "2026-07-17 19:29:37.763719+00:00",
      "2026-07-17 19:29:37.763771+00:00"
    ]
  },
  "page_assemble": {
    "scope": "page",
    "count": 6,
    "times": [
      0.0004445258527994156,
      0.000802990049123764,
      0.00042524002492427826,
      0.00042416900396347046,
      0.0004440648481249809,
      0.00016487110406160355
    ],
    "start_timestamps": [
      "2026-07-17 19:29:34.628442+00:00",
      "2026-07-17 19:29:37.364353+00:00",
      "2026-07-17 19:29:37.365235+00:00",
      "2026-07-17 19:29:37.763921+00:00",
      "2026-07-17 19:29:37.764382+00:00",
      "2026-07-17 19:29:37.764847+00:00"
    ]
  },
  "doc_assemble": {
    "scope": "document",
    "count": 1,
    "times": [
      0.04489793535321951
    ],
    "start_timestamps": [
      "2026-07-17 19:29:37.765296+00:00"
    ]
  },
  "reading_order": {
    "scope": "document",
    "count": 1,
    "times": [
      0.04437546245753765
    ],
    "start_timestamps": [
      "2026-07-17 19:29:37.765421+00:00"
    ]
  },
  "doc_enrich": {
    "scope": "document",
    "count": 1,
    "times": [
      43.76317584514618
    ],
    "start_timestamps": [
      "2026-07-17 19:29:37.810217+00:00"
    ]
  }
}
All hyperlinked elements redacted in-memory.
Clean PDF conversion timings:
{
  "pipeline_total": {
    "scope": "document",
    "count": 1,
    "times": [
      47.98030358180404
    ],
    "start_timestamps": [
      "2026-07-17 19:30:21.628339+00:00"
    ]
  },
  "page_parse": {
    "scope": "page",
    "count": 6,
    "times": [
      0.09180297330021858,
      0.08454286772757769,
      0.08471266459673643,
      0.11933722533285618,
      0.13443722762167454,
      0.08346819505095482
    ],
    "start_timestamps": [
      "2026-07-17 19:30:21.632351+00:00",
      "2026-07-17 19:30:21.724197+00:00",
      "2026-07-17 19:30:21.808789+00:00",
      "2026-07-17 19:30:21.893542+00:00",
      "2026-07-17 19:30:22.012923+00:00",
      "2026-07-17 19:30:22.147425+00:00"
    ]
  },
  "ocr": {
    "scope": "page",
    "count": 6,
    "times": [
      0.1726685520261526,
      1.210501290857792,
      0.959209943190217,
      0.7578605022281408,
      0.13074462860822678,
      0.11923894472420216
    ],
    "start_timestamps": [
      "2026-07-17 19:30:21.724562+00:00",
      "2026-07-17 19:30:21.897272+00:00",
      "2026-07-17 19:30:23.107791+00:00",
      "2026-07-17 19:30:24.067194+00:00",
      "2026-07-17 19:30:24.825073+00:00",
      "2026-07-17 19:30:24.955834+00:00"
    ]
  },
  "layout": {
    "scope": "page",
    "count": 3,
    "times": [
      0.31106371618807316,
      0.062011237256228924,
      0.06757951062172651
    ],
    "start_timestamps": [
      "2026-07-17 19:30:21.897384+00:00",
      "2026-07-17 19:30:24.067345+00:00",
      "2026-07-17 19:30:25.075277+00:00"
    ]
  },
  "table_structure": {
    "scope": "page",
    "count": 6,
    "times": [
      3.7239864468574524e-05,
      0.46164061687886715,
      0.36762598529458046,
      5.182810127735138e-05,
      3.9675273001194e-05,
      2.2102147340774536e-05
    ],
    "start_timestamps": [
      "2026-07-17 19:30:22.288281+00:00",
      "2026-07-17 19:30:24.225667+00:00",
      "2026-07-17 19:30:24.687323+00:00",
      "2026-07-17 19:30:25.342826+00:00",
      "2026-07-17 19:30:25.342886+00:00",
      "2026-07-17 19:30:25.342933+00:00"
    ]
  },
  "page_assemble": {
    "scope": "page",
    "count": 6,
    "times": [
      0.00044108927249908447,
      0.0007639769464731216,
      0.00028124917298555374,
      0.0004009539261460304,
      0.0004450865089893341,
      0.00016517098993062973
    ],
    "start_timestamps": [
      "2026-07-17 19:30:22.288427+00:00",
      "2026-07-17 19:30:25.055294+00:00",
      "2026-07-17 19:30:25.056109+00:00",
      "2026-07-17 19:30:25.343098+00:00",
      "2026-07-17 19:30:25.343535+00:00",
      "2026-07-17 19:30:25.344001+00:00"
    ]
  },
  "doc_assemble": {
    "scope": "document",
    "count": 1,
    "times": [
      0.04594979248940945
    ],
    "start_timestamps": [
      "2026-07-17 19:30:25.344494+00:00"
    ]
  },
  "reading_order": {
    "scope": "document",
    "count": 1,
    "times": [
      0.04520498123019934
    ],
    "start_timestamps": [
      "2026-07-17 19:30:25.344636+00:00"
    ]
  },
  "doc_enrich": {
    "scope": "document",
    "count": 1,
    "times": [
      44.21809548698366
    ],
    "start_timestamps": [
      "2026-07-17 19:30:25.390486+00:00"
    ]
  }
}
Function parse_pdf took 95.6804 seconds to execute.
Running: get_tables
Function get_tables took 0.0001 seconds to execute.
Running: get_surrounding_paragraphs
Function get_surrounding_paragraphs took 0.0001 seconds to execute.
