Running: parse_pdf
Raw PDF conversion timings:
{
  "pipeline_total": {
    "scope": "document",
    "count": 1,
    "times": [
      44.608613366261125
    ],
    "start_timestamps": [
      "2026-07-23 19:44:10.463145+00:00"
    ]
  },
  "page_parse": {
    "scope": "page",
    "count": 7,
    "times": [
      0.09822175092995167,
      0.10330654960125685,
      0.12250419612973928,
      0.12394827418029308,
      0.13894461560994387,
      0.12314740847796202,
      0.17599338572472334
    ],
    "start_timestamps": [
      "2026-07-23 19:44:10.469823+00:00",
      "2026-07-23 19:44:10.568084+00:00",
      "2026-07-23 19:44:10.671439+00:00",
      "2026-07-23 19:44:10.793985+00:00",
      "2026-07-23 19:44:10.917975+00:00",
      "2026-07-23 19:44:11.056961+00:00",
      "2026-07-23 19:44:11.180218+00:00"
    ]
  },
  "ocr": {
    "scope": "page",
    "count": 7,
    "times": [
      0.12389091774821281,
      0.12323961034417152,
      1.1094670733436942,
      1.0104381730780005,
      0.8168184161186218,
      0.5937784137204289,
      0.12531522661447525
    ],
    "start_timestamps": [
      "2026-07-23 19:44:10.568367+00:00",
      "2026-07-23 19:44:10.692300+00:00",
      "2026-07-23 19:44:10.815578+00:00",
      "2026-07-23 19:44:11.925140+00:00",
      "2026-07-23 19:44:12.935594+00:00",
      "2026-07-23 19:44:13.752428+00:00",
      "2026-07-23 19:44:14.346223+00:00"
    ]
  },
  "layout": {
    "scope": "page",
    "count": 4,
    "times": [
      0.24213002622127533,
      0.19052509404718876,
      0.027153258211910725,
      0.0687530254945159
    ],
    "start_timestamps": [
      "2026-07-23 19:44:10.692398+00:00",
      "2026-07-23 19:44:11.069695+00:00",
      "2026-07-23 19:44:11.925221+00:00",
      "2026-07-23 19:44:14.471669+00:00"
    ]
  },
  "table_structure": {
    "scope": "page",
    "count": 7,
    "times": [
      2.1059997379779816e-05,
      2.2963620722293854e-05,
      2.912525087594986e-05,
      2.7822330594062805e-05,
      8.575618267059326e-06,
      6.571412086486816e-06,
      8.45547765493393e-06
    ],
    "start_timestamps": [
      "2026-07-23 19:44:11.069804+00:00",
      "2026-07-23 19:44:11.367714+00:00",
      "2026-07-23 19:44:11.983601+00:00",
      "2026-07-23 19:44:14.780011+00:00",
      "2026-07-23 19:44:14.780045+00:00",
      "2026-07-23 19:44:14.780058+00:00",
      "2026-07-23 19:44:14.780067+00:00"
    ]
  },
  "page_assemble": {
    "scope": "page",
    "count": 7,
    "times": [
      0.001536310650408268,
      0.0003622323274612427,
      0.00030356086790561676,
      0.00034034159034490585,
      0.0002886224538087845,
      0.000525178387761116,
      0.00038336217403411865
    ],
    "start_timestamps": [
      "2026-07-23 19:44:11.069896+00:00",
      "2026-07-23 19:44:11.367772+00:00",
      "2026-07-23 19:44:11.983673+00:00",
      "2026-07-23 19:44:14.780154+00:00",
      "2026-07-23 19:44:14.780529+00:00",
      "2026-07-23 19:44:14.780843+00:00",
      "2026-07-23 19:44:14.781390+00:00"
    ]
  },
  "doc_assemble": {
    "scope": "document",
    "count": 1,
    "times": [
      0.033132752403616905
    ],
    "start_timestamps": [
      "2026-07-23 19:44:14.781953+00:00"
    ]
  },
  "reading_order": {
    "scope": "document",
    "count": 1,
    "times": [
      0.032565053552389145
    ],
    "start_timestamps": [
      "2026-07-23 19:44:14.782091+00:00"
    ]
  },
  "doc_enrich": {
    "scope": "document",
    "count": 1,
    "times": [
      40.256621594540775
    ],
    "start_timestamps": [
      "2026-07-23 19:44:14.815116+00:00"
    ]
  }
}
All hyperlinked elements redacted in-memory.
Clean PDF conversion timings:
{
  "pipeline_total": {
    "scope": "document",
    "count": 1,
    "times": [
      44.66329902969301
    ],
    "start_timestamps": [
      "2026-07-23 19:44:55.224770+00:00"
    ]
  },
  "page_parse": {
    "scope": "page",
    "count": 7,
    "times": [
      0.09691144339740276,
      0.10266623180359602,
      0.11900032125413418,
      0.1191655620932579,
      0.1506407931447029,
      0.11232337635010481,
      0.15793363749980927
    ],
    "start_timestamps": [
      "2026-07-23 19:44:55.230453+00:00",
      "2026-07-23 19:44:55.327413+00:00",
      "2026-07-23 19:44:55.430119+00:00",
      "2026-07-23 19:44:55.549163+00:00",
      "2026-07-23 19:44:55.668371+00:00",
      "2026-07-23 19:44:55.819054+00:00",
      "2026-07-23 19:44:55.931548+00:00"
    ]
  },
  "ocr": {
    "scope": "page",
    "count": 7,
    "times": [
      0.12430026475340128,
      0.12197480723261833,
      1.1185934143140912,
      1.016123291105032,
      0.8382846461609006,
      0.6101941941305995,
      0.12452658917754889
    ],
    "start_timestamps": [
      "2026-07-23 19:44:55.327733+00:00",
      "2026-07-23 19:44:55.452079+00:00",
      "2026-07-23 19:44:55.574095+00:00",
      "2026-07-23 19:44:56.692795+00:00",
      "2026-07-23 19:44:57.708935+00:00",
      "2026-07-23 19:44:58.547235+00:00",
      "2026-07-23 19:44:59.157448+00:00"
    ]
  },
  "layout": {
    "scope": "page",
    "count": 4,
    "times": [
      0.23806950077414513,
      0.18543472979217768,
      0.026477106846868992,
      0.06928167678415775
    ],
    "start_timestamps": [
      "2026-07-23 19:44:55.452168+00:00",
      "2026-07-23 19:44:55.821262+00:00",
      "2026-07-23 19:44:56.692862+00:00",
      "2026-07-23 19:44:59.282118+00:00"
    ]
  },
  "table_structure": {
    "scope": "page",
    "count": 7,
    "times": [
      2.1010637283325195e-05,
      2.5556422770023346e-05,
      2.3563392460346222e-05,
      2.752058207988739e-05,
      7.594004273414612e-06,
      5.650334060192108e-06,
      8.1649050116539e-06
    ],
    "start_timestamps": [
      "2026-07-23 19:44:55.821365+00:00",
      "2026-07-23 19:44:56.114467+00:00",
      "2026-07-23 19:44:56.749566+00:00",
      "2026-07-23 19:44:59.577451+00:00",
      "2026-07-23 19:44:59.577483+00:00",
      "2026-07-23 19:44:59.577494+00:00",
      "2026-07-23 19:44:59.577503+00:00"
    ]
  },
  "page_assemble": {
    "scope": "page",
    "count": 7,
    "times": [
      0.00037403404712677,
      0.00034433789551258087,
      0.00032523181289434433,
      0.00030342116951942444,
      0.00024042371660470963,
      0.0002609109506011009,
      0.00038383249193429947
    ],
    "start_timestamps": [
      "2026-07-23 19:44:55.821460+00:00",
      "2026-07-23 19:44:56.114534+00:00",
      "2026-07-23 19:44:56.749633+00:00",
      "2026-07-23 19:44:59.577584+00:00",
      "2026-07-23 19:44:59.577921+00:00",
      "2026-07-23 19:44:59.578182+00:00",
      "2026-07-23 19:44:59.578463+00:00"
    ]
  },
  "doc_assemble": {
    "scope": "document",
    "count": 1,
    "times": [
      0.03195078577846289
    ],
    "start_timestamps": [
      "2026-07-23 19:44:59.579033+00:00"
    ]
  },
  "reading_order": {
    "scope": "document",
    "count": 1,
    "times": [
      0.0314556248486042
    ],
    "start_timestamps": [
      "2026-07-23 19:44:59.579117+00:00"
    ]
  },
  "doc_enrich": {
    "scope": "document",
    "count": 1,
    "times": [
      40.27703524939716
    ],
    "start_timestamps": [
      "2026-07-23 19:44:59.611014+00:00"
    ]
  }
}
Function parse_pdf took 89.4764 seconds to execute.
Running: get_tables
Function get_tables took 0.0001 seconds to execute.
Running: get_surrounding_paragraphs
Function get_surrounding_paragraphs took 0.0001 seconds to execute.
