Running: parse_pdf
Raw PDF conversion timings:
{
  "pipeline_total": {
    "scope": "document",
    "count": 1,
    "times": [
      6.771540247835219
    ],
    "start_timestamps": [
      "2026-07-17 20:53:22.888831+00:00"
    ]
  },
  "page_parse": {
    "scope": "page",
    "count": 7,
    "times": [
      0.1516450522467494,
      0.1629006825387478,
      0.2521428866311908,
      0.13743681460618973,
      0.34264848846942186,
      0.11592467501759529,
      0.12286943290382624
    ],
    "start_timestamps": [
      "2026-07-17 20:53:22.894844+00:00",
      "2026-07-17 20:53:23.046534+00:00",
      "2026-07-17 20:53:23.209481+00:00",
      "2026-07-17 20:53:23.461673+00:00",
      "2026-07-17 20:53:23.599161+00:00",
      "2026-07-17 20:53:23.941863+00:00",
      "2026-07-17 20:53:24.057833+00:00"
    ]
  },
  "ocr": {
    "scope": "page",
    "count": 7,
    "times": [
      0.18289736192673445,
      0.7447051592171192,
      0.45717441011220217,
      1.878691059537232,
      0.40534897707402706,
      1.0361478999257088,
      0.13948528934270144
    ],
    "start_timestamps": [
      "2026-07-17 20:53:23.046850+00:00",
      "2026-07-17 20:53:23.229798+00:00",
      "2026-07-17 20:53:23.974534+00:00",
      "2026-07-17 20:53:24.431732+00:00",
      "2026-07-17 20:53:26.310438+00:00",
      "2026-07-17 20:53:26.715842+00:00",
      "2026-07-17 20:53:27.752009+00:00"
    ]
  },
  "layout": {
    "scope": "page",
    "count": 4,
    "times": [
      0.26531934179365635,
      0.21691383235156536,
      0.06778239086270332,
      0.08812178578227758
    ],
    "start_timestamps": [
      "2026-07-17 20:53:23.229899+00:00",
      "2026-07-17 20:53:23.974589+00:00",
      "2026-07-17 20:53:26.715976+00:00",
      "2026-07-17 20:53:27.891630+00:00"
    ]
  },
  "table_structure": {
    "scope": "page",
    "count": 7,
    "times": [
      2.4195760488510132e-05,
      0.7036401955410838,
      5.447212606668472e-05,
      0.9056841768324375,
      0.3584711132571101,
      2.232193946838379e-05,
      1.7702579498291016e-05
    ],
    "start_timestamps": [
      "2026-07-17 20:53:23.946081+00:00",
      "2026-07-17 20:53:24.394502+00:00",
      "2026-07-17 20:53:27.293889+00:00",
      "2026-07-17 20:53:27.293948+00:00",
      "2026-07-17 20:53:28.199652+00:00",
      "2026-07-17 20:53:28.558287+00:00",
      "2026-07-17 20:53:28.558312+00:00"
    ]
  },
  "page_assemble": {
    "scope": "page",
    "count": 7,
    "times": [
      0.0013449201360344887,
      0.0007966086268424988,
      0.0009467322379350662,
      0.0003268662840127945,
      0.0005573984235525131,
      0.003521696664392948,
      0.11302382592111826
    ],
    "start_timestamps": [
      "2026-07-17 20:53:23.954486+00:00",
      "2026-07-17 20:53:25.098468+00:00",
      "2026-07-17 20:53:28.558427+00:00",
      "2026-07-17 20:53:28.559414+00:00",
      "2026-07-17 20:53:28.559765+00:00",
      "2026-07-17 20:53:28.560344+00:00",
      "2026-07-17 20:53:28.563888+00:00"
    ]
  },
  "doc_assemble": {
    "scope": "document",
    "count": 1,
    "times": [
      0.03629024047404528
    ],
    "start_timestamps": [
      "2026-07-17 20:53:28.677254+00:00"
    ]
  },
  "reading_order": {
    "scope": "document",
    "count": 1,
    "times": [
      0.0358054181560874
    ],
    "start_timestamps": [
      "2026-07-17 20:53:28.677336+00:00"
    ]
  },
  "doc_enrich": {
    "scope": "document",
    "count": 1,
    "times": [
      0.946789507754147
    ],
    "start_timestamps": [
      "2026-07-17 20:53:28.713569+00:00"
    ]
  }
}
All hyperlinked elements redacted in-memory.
Clean PDF conversion timings:
{
  "pipeline_total": {
    "scope": "document",
    "count": 1,
    "times": [
      7.634825688786805
    ],
    "start_timestamps": [
      "2026-07-17 20:53:32.619439+00:00"
    ]
  },
  "page_parse": {
    "scope": "page",
    "count": 7,
    "times": [
      0.14627798274159431,
      0.46131911035627127,
      0.22636466845870018,
      0.13687958754599094,
      0.17219301965087652,
      0.13046111911535263,
      0.09550835657864809
    ],
    "start_timestamps": [
      "2026-07-17 20:53:32.624496+00:00",
      "2026-07-17 20:53:32.770818+00:00",
      "2026-07-17 20:53:33.232182+00:00",
      "2026-07-17 20:53:33.458591+00:00",
      "2026-07-17 20:53:33.595515+00:00",
      "2026-07-17 20:53:33.767757+00:00",
      "2026-07-17 20:53:33.898292+00:00"
    ]
  },
  "ocr": {
    "scope": "page",
    "count": 7,
    "times": [
      0.48128795716911554,
      0.828289708122611,
      0.2659173868596554,
      1.9648760817945004,
      0.4073876840993762,
      0.6379356235265732,
      0.12629388738423586
    ],
    "start_timestamps": [
      "2026-07-17 20:53:32.771172+00:00",
      "2026-07-17 20:53:33.252500+00:00",
      "2026-07-17 20:53:34.080823+00:00",
      "2026-07-17 20:53:34.346765+00:00",
      "2026-07-17 20:53:36.311655+00:00",
      "2026-07-17 20:53:36.719062+00:00",
      "2026-07-17 20:53:37.357016+00:00"
    ]
  },
  "layout": {
    "scope": "page",
    "count": 3,
    "times": [
      0.39246920961886644,
      0.02957974188029766,
      0.08349232375621796
    ],
    "start_timestamps": [
      "2026-07-17 20:53:33.397033+00:00",
      "2026-07-17 20:53:34.080886+00:00",
      "2026-07-17 20:53:37.483459+00:00"
    ]
  },
  "table_structure": {
    "scope": "page",
    "count": 7,
    "times": [
      1.9536353647708893e-05,
      0.7750181015580893,
      2.6038847863674164e-05,
      0.5031359400600195,
      0.3525266768410802,
      2.101995050907135e-05,
      0.37676645163446665
    ],
    "start_timestamps": [
      "2026-07-17 20:53:34.077933+00:00",
      "2026-07-17 20:53:34.306363+00:00",
      "2026-07-17 20:53:38.047971+00:00",
      "2026-07-17 20:53:38.048001+00:00",
      "2026-07-17 20:53:38.551153+00:00",
      "2026-07-17 20:53:38.903693+00:00",
      "2026-07-17 20:53:38.903842+00:00"
    ]
  },
  "page_assemble": {
    "scope": "page",
    "count": 7,
    "times": [
      0.00044842343777418137,
      0.0006556538864970207,
      0.0009273644536733627,
      0.0003225170075893402,
      0.0005562268197536469,
      0.0002502705901861191,
      5.1557086408138275e-05
    ],
    "start_timestamps": [
      "2026-07-17 20:53:34.078019+00:00",
      "2026-07-17 20:53:35.081574+00:00",
      "2026-07-17 20:53:38.904638+00:00",
      "2026-07-17 20:53:38.905603+00:00",
      "2026-07-17 20:53:38.905949+00:00",
      "2026-07-17 20:53:38.906529+00:00",
      "2026-07-17 20:53:39.280798+00:00"
    ]
  },
  "doc_assemble": {
    "scope": "document",
    "count": 1,
    "times": [
      0.029320003464818
    ],
    "start_timestamps": [
      "2026-07-17 20:53:39.281165+00:00"
    ]
  },
  "reading_order": {
    "scope": "document",
    "count": 1,
    "times": [
      0.02886312361806631
    ],
    "start_timestamps": [
      "2026-07-17 20:53:39.281240+00:00"
    ]
  },
  "doc_enrich": {
    "scope": "document",
    "count": 1,
    "times": [
      0.9437430547550321
    ],
    "start_timestamps": [
      "2026-07-17 20:53:39.310508+00:00"
    ]
  }
}
Function parse_pdf took 17.6014 seconds to execute.
Running: get_tables
Function get_tables took 0.0001 seconds to execute.
Running: get_surrounding_paragraphs
Function get_surrounding_paragraphs took 0.0001 seconds to execute.
