Running: parse_pdf
Raw PDF conversion timings:
{
  "pipeline_total": {
    "scope": "document",
    "count": 1,
    "times": [
      47.6763026220724
    ],
    "start_timestamps": [
      "2026-07-17 18:59:50.766489+00:00"
    ]
  },
  "page_parse": {
    "scope": "page",
    "count": 5,
    "times": [
      0.07014027796685696,
      0.09042604453861713,
      0.07584577240049839,
      0.0723675787448883,
      0.0818419847637415
    ],
    "start_timestamps": [
      "2026-07-17 18:59:50.770131+00:00",
      "2026-07-17 18:59:50.840311+00:00",
      "2026-07-17 18:59:50.930772+00:00",
      "2026-07-17 18:59:51.006657+00:00",
      "2026-07-17 18:59:51.079070+00:00"
    ]
  },
  "ocr": {
    "scope": "page",
    "count": 5,
    "times": [
      0.16944492887705564,
      0.588668511249125,
      0.38923102244734764,
      0.9629826992750168,
      0.12202922534197569
    ],
    "start_timestamps": [
      "2026-07-17 18:59:50.840573+00:00",
      "2026-07-17 18:59:51.010055+00:00",
      "2026-07-17 18:59:51.598740+00:00",
      "2026-07-17 18:59:51.988051+00:00",
      "2026-07-17 18:59:52.951049+00:00"
    ]
  },
  "layout": {
    "scope": "page",
    "count": 3,
    "times": [
      0.17104412708431482,
      0.06661263015121222,
      0.033172452822327614
    ],
    "start_timestamps": [
      "2026-07-17 18:59:51.010125+00:00",
      "2026-07-17 18:59:51.988117+00:00",
      "2026-07-17 18:59:53.073286+00:00"
    ]
  },
  "table_structure": {
    "scope": "page",
    "count": 5,
    "times": [
      1.862458884716034e-05,
      2.6139430701732635e-05,
      0.5283901784569025,
      0.31313367653638124,
      3.1649135053157806e-05
    ],
    "start_timestamps": [
      "2026-07-17 18:59:51.230581+00:00",
      "2026-07-17 18:59:52.113292+00:00",
      "2026-07-17 18:59:52.113323+00:00",
      "2026-07-17 18:59:53.242440+00:00",
      "2026-07-17 18:59:53.555590+00:00"
    ]
  },
  "page_assemble": {
    "scope": "page",
    "count": 5,
    "times": [
      0.0002453923225402832,
      0.00031278934329748154,
      0.0002259155735373497,
      0.00034659169614315033,
      0.0005348362028598785
    ],
    "start_timestamps": [
      "2026-07-17 18:59:51.230655+00:00",
      "2026-07-17 18:59:52.641851+00:00",
      "2026-07-17 18:59:52.642196+00:00",
      "2026-07-17 18:59:53.555814+00:00",
      "2026-07-17 18:59:53.556203+00:00"
    ]
  },
  "doc_assemble": {
    "scope": "document",
    "count": 1,
    "times": [
      0.02320483047515154
    ],
    "start_timestamps": [
      "2026-07-17 18:59:53.556927+00:00"
    ]
  },
  "reading_order": {
    "scope": "document",
    "count": 1,
    "times": [
      0.022755153477191925
    ],
    "start_timestamps": [
      "2026-07-17 18:59:53.557000+00:00"
    ]
  },
  "doc_enrich": {
    "scope": "document",
    "count": 1,
    "times": [
      44.86261063069105
    ],
    "start_timestamps": [
      "2026-07-17 18:59:53.580156+00:00"
    ]
  }
}
All hyperlinked elements redacted in-memory.
Clean PDF conversion timings:
{
  "pipeline_total": {
    "scope": "document",
    "count": 1,
    "times": [
      47.5787002351135
    ],
    "start_timestamps": [
      "2026-07-17 19:00:38.534243+00:00"
    ]
  },
  "page_parse": {
    "scope": "page",
    "count": 5,
    "times": [
      0.06804439332336187,
      0.08934486098587513,
      0.0754141304641962,
      0.08245920576155186,
      0.0813134303316474
    ],
    "start_timestamps": [
      "2026-07-17 19:00:38.537647+00:00",
      "2026-07-17 19:00:38.605729+00:00",
      "2026-07-17 19:00:38.695114+00:00",
      "2026-07-17 19:00:38.770565+00:00",
      "2026-07-17 19:00:38.853066+00:00"
    ]
  },
  "ocr": {
    "scope": "page",
    "count": 5,
    "times": [
      0.1674769353121519,
      0.5692200502380729,
      0.4056557659059763,
      0.9676538379862905,
      0.1293665012344718
    ],
    "start_timestamps": [
      "2026-07-17 19:00:38.606027+00:00",
      "2026-07-17 19:00:38.773544+00:00",
      "2026-07-17 19:00:39.342780+00:00",
      "2026-07-17 19:00:39.748497+00:00",
      "2026-07-17 19:00:40.716166+00:00"
    ]
  },
  "layout": {
    "scope": "page",
    "count": 3,
    "times": [
      0.1857778476551175,
      0.060035635717213154,
      0.0332989813759923
    ],
    "start_timestamps": [
      "2026-07-17 19:00:38.773614+00:00",
      "2026-07-17 19:00:39.748611+00:00",
      "2026-07-17 19:00:40.845729+00:00"
    ]
  },
  "table_structure": {
    "scope": "page",
    "count": 5,
    "times": [
      3.0967406928539276e-05,
      4.0024518966674805e-05,
      0.47532881423830986,
      0.31799156684428453,
      3.780145198106766e-05
    ],
    "start_timestamps": [
      "2026-07-17 19:00:39.007910+00:00",
      "2026-07-17 19:00:39.867758+00:00",
      "2026-07-17 19:00:39.867805+00:00",
      "2026-07-17 19:00:41.015298+00:00",
      "2026-07-17 19:00:41.333309+00:00"
    ]
  },
  "page_assemble": {
    "scope": "page",
    "count": 5,
    "times": [
      0.00040413998067379,
      0.00037066731601953506,
      0.0002576252445578575,
      0.00035828351974487305,
      0.0005326820537447929
    ],
    "start_timestamps": [
      "2026-07-17 19:00:39.008020+00:00",
      "2026-07-17 19:00:40.343312+00:00",
      "2026-07-17 19:00:40.343717+00:00",
      "2026-07-17 19:00:41.333532+00:00",
      "2026-07-17 19:00:41.333937+00:00"
    ]
  },
  "doc_assemble": {
    "scope": "document",
    "count": 1,
    "times": [
      0.025062354281544685
    ],
    "start_timestamps": [
      "2026-07-17 19:00:41.334657+00:00"
    ]
  },
  "reading_order": {
    "scope": "document",
    "count": 1,
    "times": [
      0.024614442139863968
    ],
    "start_timestamps": [
      "2026-07-17 19:00:41.334710+00:00"
    ]
  },
  "doc_enrich": {
    "scope": "document",
    "count": 1,
    "times": [
      44.75317421834916
    ],
    "start_timestamps": [
      "2026-07-17 19:00:41.359747+00:00"
    ]
  }
}
Function parse_pdf took 95.4183 seconds to execute.
Running: get_tables
Function get_tables took 0.0000 seconds to execute.
Running: get_surrounding_paragraphs
Function get_surrounding_paragraphs took 0.0001 seconds to execute.
