Running: parse_pdf
Raw PDF conversion timings:
{
  "pipeline_total": {
    "scope": "document",
    "count": 1,
    "times": [
      44.15356007963419
    ],
    "start_timestamps": [
      "2026-07-17 21:42:23.758119+00:00"
    ]
  },
  "page_parse": {
    "scope": "page",
    "count": 6,
    "times": [
      0.07369574625045061,
      0.08982537779957056,
      0.09184180293232203,
      0.09545793756842613,
      0.08613981306552887,
      0.05595677625387907
    ],
    "start_timestamps": [
      "2026-07-17 21:42:23.762603+00:00",
      "2026-07-17 21:42:23.836339+00:00",
      "2026-07-17 21:42:23.926198+00:00",
      "2026-07-17 21:42:24.018080+00:00",
      "2026-07-17 21:42:24.113579+00:00",
      "2026-07-17 21:42:24.199763+00:00"
    ]
  },
  "ocr": {
    "scope": "page",
    "count": 6,
    "times": [
      0.9415564648807049,
      0.14247439056634903,
      0.13038786686956882,
      1.558722149580717,
      0.12833121605217457,
      0.1270360592752695
    ],
    "start_timestamps": [
      "2026-07-17 21:42:23.836577+00:00",
      "2026-07-17 21:42:24.778214+00:00",
      "2026-07-17 21:42:24.920699+00:00",
      "2026-07-17 21:42:25.051096+00:00",
      "2026-07-17 21:42:26.609837+00:00",
      "2026-07-17 21:42:26.738177+00:00"
    ]
  },
  "layout": {
    "scope": "page",
    "count": 2,
    "times": [
      0.06825458724051714,
      0.07366245333105326
    ],
    "start_timestamps": [
      "2026-07-17 21:42:24.778331+00:00",
      "2026-07-17 21:42:26.865466+00:00"
    ]
  },
  "table_structure": {
    "scope": "page",
    "count": 6,
    "times": [
      3.364402800798416e-05,
      4.692841321229935e-05,
      1.6870908439159393e-05,
      0.18957228492945433,
      0.4498433480039239,
      1.8213875591754913e-05
    ],
    "start_timestamps": [
      "2026-07-17 21:42:24.860422+00:00",
      "2026-07-17 21:42:27.012942+00:00",
      "2026-07-17 21:42:27.013000+00:00",
      "2026-07-17 21:42:27.013024+00:00",
      "2026-07-17 21:42:27.202612+00:00",
      "2026-07-17 21:42:27.652551+00:00"
    ]
  },
  "page_assemble": {
    "scope": "page",
    "count": 6,
    "times": [
      0.00026712194085121155,
      0.0003034016117453575,
      0.0001696692779660225,
      0.00010260287672281265,
      0.00018525868654251099,
      0.00011482555419206619
    ],
    "start_timestamps": [
      "2026-07-17 21:42:24.860517+00:00",
      "2026-07-17 21:42:27.652667+00:00",
      "2026-07-17 21:42:27.653006+00:00",
      "2026-07-17 21:42:27.653195+00:00",
      "2026-07-17 21:42:27.653321+00:00",
      "2026-07-17 21:42:27.653526+00:00"
    ]
  },
  "doc_assemble": {
    "scope": "document",
    "count": 1,
    "times": [
      0.015246951021254063
    ],
    "start_timestamps": [
      "2026-07-17 21:42:27.653819+00:00"
    ]
  },
  "reading_order": {
    "scope": "document",
    "count": 1,
    "times": [
      0.014851025305688381
    ],
    "start_timestamps": [
      "2026-07-17 21:42:27.653875+00:00"
    ]
  },
  "doc_enrich": {
    "scope": "document",
    "count": 1,
    "times": [
      40.24257269874215
    ],
    "start_timestamps": [
      "2026-07-17 21:42:27.669089+00:00"
    ]
  }
}
All hyperlinked elements redacted in-memory.
Clean PDF conversion timings:
{
  "pipeline_total": {
    "scope": "document",
    "count": 1,
    "times": [
      44.131874398328364
    ],
    "start_timestamps": [
      "2026-07-17 21:43:08.023153+00:00"
    ]
  },
  "page_parse": {
    "scope": "page",
    "count": 6,
    "times": [
      0.07607583701610565,
      0.09198977332562208,
      0.0928507735952735,
      0.09620776120573282,
      0.0897297915071249,
      0.11666686087846756
    ],
    "start_timestamps": [
      "2026-07-17 21:43:08.027574+00:00",
      "2026-07-17 21:43:08.103689+00:00",
      "2026-07-17 21:43:08.195716+00:00",
      "2026-07-17 21:43:08.288608+00:00",
      "2026-07-17 21:43:08.384856+00:00",
      "2026-07-17 21:43:08.474635+00:00"
    ]
  },
  "ocr": {
    "scope": "page",
    "count": 6,
    "times": [
      0.9512848425656557,
      0.12953197956085205,
      0.1254807459190488,
      1.4846994057297707,
      0.12593998946249485,
      0.12663476821035147
    ],
    "start_timestamps": [
      "2026-07-17 21:43:08.104130+00:00",
      "2026-07-17 21:43:09.055497+00:00",
      "2026-07-17 21:43:09.185039+00:00",
      "2026-07-17 21:43:09.310529+00:00",
      "2026-07-17 21:43:10.795247+00:00",
      "2026-07-17 21:43:10.921196+00:00"
    ]
  },
  "layout": {
    "scope": "page",
    "count": 2,
    "times": [
      0.07277130894362926,
      0.07424475066363811
    ],
    "start_timestamps": [
      "2026-07-17 21:43:09.055575+00:00",
      "2026-07-17 21:43:11.048113+00:00"
    ]
  },
  "table_structure": {
    "scope": "page",
    "count": 6,
    "times": [
      7.809698581695557e-05,
      4.4113025069236755e-05,
      1.569930464029312e-05,
      0.18920033145695925,
      0.4506723517552018,
      1.7513521015644073e-05
    ],
    "start_timestamps": [
      "2026-07-17 21:43:09.142202+00:00",
      "2026-07-17 21:43:11.197560+00:00",
      "2026-07-17 21:43:11.197608+00:00",
      "2026-07-17 21:43:11.197631+00:00",
      "2026-07-17 21:43:11.386848+00:00",
      "2026-07-17 21:43:11.837615+00:00"
    ]
  },
  "page_assemble": {
    "scope": "page",
    "count": 6,
    "times": [
      0.00030488427728414536,
      0.0003119269385933876,
      0.00018999725580215454,
      0.0001266077160835266,
      0.00019985530525445938,
      9.937677532434464e-05
    ],
    "start_timestamps": [
      "2026-07-17 21:43:09.142361+00:00",
      "2026-07-17 21:43:11.837729+00:00",
      "2026-07-17 21:43:11.838078+00:00",
      "2026-07-17 21:43:11.838292+00:00",
      "2026-07-17 21:43:11.838455+00:00",
      "2026-07-17 21:43:11.838676+00:00"
    ]
  },
  "doc_assemble": {
    "scope": "document",
    "count": 1,
    "times": [
      0.015061493031680584
    ],
    "start_timestamps": [
      "2026-07-17 21:43:11.838950+00:00"
    ]
  },
  "reading_order": {
    "scope": "document",
    "count": 1,
    "times": [
      0.014643927104771137
    ],
    "start_timestamps": [
      "2026-07-17 21:43:11.839033+00:00"
    ]
  },
  "doc_enrich": {
    "scope": "document",
    "count": 1,
    "times": [
      40.300976760685444
    ],
    "start_timestamps": [
      "2026-07-17 21:43:11.854035+00:00"
    ]
  }
}
Function parse_pdf took 88.5065 seconds to execute.
Running: get_tables
Function get_tables took 0.0000 seconds to execute.
Running: get_surrounding_paragraphs
Function get_surrounding_paragraphs took 0.0001 seconds to execute.
