Running: parse_pdf
Raw PDF conversion timings:
{
  "pipeline_total": {
    "scope": "document",
    "count": 1,
    "times": [
      0.8675158973783255
    ],
    "start_timestamps": [
      "2026-07-17 19:36:55.866113+00:00"
    ]
  },
  "page_parse": {
    "scope": "page",
    "count": 1,
    "times": [
      0.17448711674660444
    ],
    "start_timestamps": [
      "2026-07-17 19:36:55.869377+00:00"
    ]
  },
  "ocr": {
    "scope": "page",
    "count": 1,
    "times": [
      0.6204899298027158
    ],
    "start_timestamps": [
      "2026-07-17 19:36:56.043964+00:00"
    ]
  },
  "layout": {
    "scope": "page",
    "count": 1,
    "times": [
      0.054227192886173725
    ],
    "start_timestamps": [
      "2026-07-17 19:36:56.664629+00:00"
    ]
  },
  "table_structure": {
    "scope": "page",
    "count": 1,
    "times": [
      4.8191286623477936e-05
    ],
    "start_timestamps": [
      "2026-07-17 19:36:56.727415+00:00"
    ]
  },
  "page_assemble": {
    "scope": "page",
    "count": 1,
    "times": [
      0.00035956595093011856
    ],
    "start_timestamps": [
      "2026-07-17 19:36:56.727688+00:00"
    ]
  },
  "doc_assemble": {
    "scope": "document",
    "count": 1,
    "times": [
      0.005009083077311516
    ],
    "start_timestamps": [
      "2026-07-17 19:36:56.728308+00:00"
    ]
  },
  "reading_order": {
    "scope": "document",
    "count": 1,
    "times": [
      0.00455004908144474
    ],
    "start_timestamps": [
      "2026-07-17 19:36:56.728349+00:00"
    ]
  },
  "doc_enrich": {
    "scope": "document",
    "count": 1,
    "times": [
      0.0002803076058626175
    ],
    "start_timestamps": [
      "2026-07-17 19:36:56.733344+00:00"
    ]
  }
}
All hyperlinked elements redacted in-memory.
Clean PDF conversion timings:
{
  "pipeline_total": {
    "scope": "document",
    "count": 1,
    "times": [
      0.8644132306799293
    ],
    "start_timestamps": [
      "2026-07-17 19:36:56.757969+00:00"
    ]
  },
  "page_parse": {
    "scope": "page",
    "count": 1,
    "times": [
      0.1689587663859129
    ],
    "start_timestamps": [
      "2026-07-17 19:36:56.760543+00:00"
    ]
  },
  "ocr": {
    "scope": "page",
    "count": 1,
    "times": [
      0.6250223778188229
    ],
    "start_timestamps": [
      "2026-07-17 19:36:56.929612+00:00"
    ]
  },
  "layout": {
    "scope": "page",
    "count": 1,
    "times": [
      0.05343136563897133
    ],
    "start_timestamps": [
      "2026-07-17 19:36:57.554827+00:00"
    ]
  },
  "table_structure": {
    "scope": "page",
    "count": 1,
    "times": [
      4.8170797526836395e-05
    ],
    "start_timestamps": [
      "2026-07-17 19:36:57.617005+00:00"
    ]
  },
  "page_assemble": {
    "scope": "page",
    "count": 1,
    "times": [
      0.0002484973520040512
    ],
    "start_timestamps": [
      "2026-07-17 19:36:57.617222+00:00"
    ]
  },
  "doc_assemble": {
    "scope": "document",
    "count": 1,
    "times": [
      0.004410487599670887
    ],
    "start_timestamps": [
      "2026-07-17 19:36:57.617667+00:00"
    ]
  },
  "reading_order": {
    "scope": "document",
    "count": 1,
    "times": [
      0.00400023628026247
    ],
    "start_timestamps": [
      "2026-07-17 19:36:57.617693+00:00"
    ]
  },
  "doc_enrich": {
    "scope": "document",
    "count": 1,
    "times": [
      0.00027553830295801163
    ],
    "start_timestamps": [
      "2026-07-17 19:36:57.622102+00:00"
    ]
  }
}
Function parse_pdf took 1.8182 seconds to execute.
Running: get_tables
Function get_tables took 0.0000 seconds to execute.
Running: get_surrounding_paragraphs
Function get_surrounding_paragraphs took 0.0000 seconds to execute.
