Running: parse_pdf
Raw PDF conversion timings:
{
  "pipeline_total": {
    "scope": "document",
    "count": 1,
    "times": [
      54.0100019313395
    ],
    "start_timestamps": [
      "2026-07-17 23:04:23.865147+00:00"
    ]
  },
  "page_parse": {
    "scope": "page",
    "count": 8,
    "times": [
      0.13800010830163956,
      0.17302709631621838,
      0.10759766772389412,
      0.18823375646024942,
      0.1469913786277175,
      0.22453486174345016,
      0.32870606519281864,
      0.16876294650137424
    ],
    "start_timestamps": [
      "2026-07-17 23:04:23.870045+00:00",
      "2026-07-17 23:04:24.008088+00:00",
      "2026-07-17 23:04:24.181154+00:00",
      "2026-07-17 23:04:24.288794+00:00",
      "2026-07-17 23:04:24.477072+00:00",
      "2026-07-17 23:04:24.624112+00:00",
      "2026-07-17 23:04:24.848687+00:00",
      "2026-07-17 23:04:25.177448+00:00"
    ]
  },
  "ocr": {
    "scope": "page",
    "count": 8,
    "times": [
      0.1753974249586463,
      0.15985412057489157,
      1.1089819353073835,
      1.1234138580039144,
      1.2906765341758728,
      1.4448745772242546,
      0.12895699124783278,
      0.12803737074136734
    ],
    "start_timestamps": [
      "2026-07-17 23:04:24.008367+00:00",
      "2026-07-17 23:04:24.183809+00:00",
      "2026-07-17 23:04:24.343714+00:00",
      "2026-07-17 23:04:25.452784+00:00",
      "2026-07-17 23:04:26.576215+00:00",
      "2026-07-17 23:04:27.866908+00:00",
      "2026-07-17 23:04:29.311801+00:00",
      "2026-07-17 23:04:29.440771+00:00"
    ]
  },
  "layout": {
    "scope": "page",
    "count": 4,
    "times": [
      0.1329180495813489,
      0.28077290300279856,
      0.03230625111609697,
      0.07432060036808252
    ],
    "start_timestamps": [
      "2026-07-17 23:04:24.183875+00:00",
      "2026-07-17 23:04:24.343782+00:00",
      "2026-07-17 23:04:25.452846+00:00",
      "2026-07-17 23:04:29.568999+00:00"
    ]
  },
  "table_structure": {
    "scope": "page",
    "count": 8,
    "times": [
      1.7502345144748688e-05,
      2.7822330594062805e-05,
      5.500391125679016e-05,
      2.7222558856010437e-05,
      7.844530045986176e-06,
      6.091780960559845e-06,
      0.24116716347634792,
      2.81529501080513e-05
    ],
    "start_timestamps": [
      "2026-07-17 23:04:24.331515+00:00",
      "2026-07-17 23:04:24.656390+00:00",
      "2026-07-17 23:04:25.491241+00:00",
      "2026-07-17 23:04:29.776014+00:00",
      "2026-07-17 23:04:29.776046+00:00",
      "2026-07-17 23:04:29.776058+00:00",
      "2026-07-17 23:04:29.776068+00:00",
      "2026-07-17 23:04:30.017382+00:00"
    ]
  },
  "page_assemble": {
    "scope": "page",
    "count": 8,
    "times": [
      0.00024925917387008667,
      0.00025228504091501236,
      0.0002949843183159828,
      0.00035248231142759323,
      0.0002430463209748268,
      8.787494152784348e-05,
      0.0003841519355773926,
      0.00034123193472623825
    ],
    "start_timestamps": [
      "2026-07-17 23:04:24.331593+00:00",
      "2026-07-17 23:04:24.656455+00:00",
      "2026-07-17 23:04:25.491382+00:00",
      "2026-07-17 23:04:30.017553+00:00",
      "2026-07-17 23:04:30.017946+00:00",
      "2026-07-17 23:04:30.018214+00:00",
      "2026-07-17 23:04:30.018323+00:00",
      "2026-07-17 23:04:30.018742+00:00"
    ]
  },
  "doc_assemble": {
    "scope": "document",
    "count": 1,
    "times": [
      0.021145190112292767
    ],
    "start_timestamps": [
      "2026-07-17 23:04:30.019284+00:00"
    ]
  },
  "reading_order": {
    "scope": "document",
    "count": 1,
    "times": [
      0.020726432092487812
    ],
    "start_timestamps": [
      "2026-07-17 23:04:30.019328+00:00"
    ]
  },
  "doc_enrich": {
    "scope": "document",
    "count": 1,
    "times": [
      47.83467027824372
    ],
    "start_timestamps": [
      "2026-07-17 23:04:30.040455+00:00"
    ]
  }
}
All hyperlinked elements redacted in-memory.
Clean PDF conversion timings:
{
  "pipeline_total": {
    "scope": "document",
    "count": 1,
    "times": [
      53.9028034619987
    ],
    "start_timestamps": [
      "2026-07-17 23:05:17.926079+00:00"
    ]
  },
  "page_parse": {
    "scope": "page",
    "count": 8,
    "times": [
      0.13862127345055342,
      0.17366791982203722,
      0.10651090368628502,
      0.18745102733373642,
      0.1496370742097497,
      0.20976739469915628,
      0.2156206900253892,
      0.1279701590538025
    ],
    "start_timestamps": [
      "2026-07-17 23:05:17.931133+00:00",
      "2026-07-17 23:05:18.069794+00:00",
      "2026-07-17 23:05:18.243503+00:00",
      "2026-07-17 23:05:18.350056+00:00",
      "2026-07-17 23:05:18.537550+00:00",
      "2026-07-17 23:05:18.687228+00:00",
      "2026-07-17 23:05:18.897043+00:00",
      "2026-07-17 23:05:19.112708+00:00"
    ]
  },
  "ocr": {
    "scope": "page",
    "count": 8,
    "times": [
      0.17592264246195555,
      0.14010708034038544,
      1.0312720481306314,
      1.1431301264092326,
      1.2815972287207842,
      1.4186633061617613,
      0.1300713438540697,
      0.13191836047917604
    ],
    "start_timestamps": [
      "2026-07-17 23:05:18.070081+00:00",
      "2026-07-17 23:05:18.246048+00:00",
      "2026-07-17 23:05:18.386208+00:00",
      "2026-07-17 23:05:19.417566+00:00",
      "2026-07-17 23:05:20.560714+00:00",
      "2026-07-17 23:05:21.842328+00:00",
      "2026-07-17 23:05:23.261011+00:00",
      "2026-07-17 23:05:23.391099+00:00"
    ]
  },
  "layout": {
    "scope": "page",
    "count": 4,
    "times": [
      0.14589253813028336,
      0.02872337494045496,
      0.028807323426008224,
      0.07686649542301893
    ],
    "start_timestamps": [
      "2026-07-17 23:05:18.246153+00:00",
      "2026-07-17 23:05:18.537784+00:00",
      "2026-07-17 23:05:19.417630+00:00",
      "2026-07-17 23:05:23.523344+00:00"
    ]
  },
  "table_structure": {
    "scope": "page",
    "count": 8,
    "times": [
      1.4708377420902252e-05,
      1.6462057828903198e-05,
      5.25694340467453e-05,
      2.2361986339092255e-05,
      6.73346221446991e-06,
      4.71901148557663e-06,
      0.2436777213588357,
      2.0910054445266724e-05
    ],
    "start_timestamps": [
      "2026-07-17 23:05:18.537897+00:00",
      "2026-07-17 23:05:18.718852+00:00",
      "2026-07-17 23:05:19.452577+00:00",
      "2026-07-17 23:05:23.727536+00:00",
      "2026-07-17 23:05:23.727562+00:00",
      "2026-07-17 23:05:23.727572+00:00",
      "2026-07-17 23:05:23.727580+00:00",
      "2026-07-17 23:05:23.971413+00:00"
    ]
  },
  "page_assemble": {
    "scope": "page",
    "count": 8,
    "times": [
      0.0002182498574256897,
      0.00025633256882429123,
      0.00028466619551181793,
      0.0002921689301729202,
      0.00021761003881692886,
      7.638335227966309e-05,
      0.0003493987023830414,
      0.0002973899245262146
    ],
    "start_timestamps": [
      "2026-07-17 23:05:18.537952+00:00",
      "2026-07-17 23:05:18.718904+00:00",
      "2026-07-17 23:05:19.452719+00:00",
      "2026-07-17 23:05:23.971507+00:00",
      "2026-07-17 23:05:23.971836+00:00",
      "2026-07-17 23:05:23.972077+00:00",
      "2026-07-17 23:05:23.972174+00:00",
      "2026-07-17 23:05:23.972551+00:00"
    ]
  },
  "doc_assemble": {
    "scope": "document",
    "count": 1,
    "times": [
      0.02114094514399767
    ],
    "start_timestamps": [
      "2026-07-17 23:05:23.973036+00:00"
    ]
  },
  "reading_order": {
    "scope": "document",
    "count": 1,
    "times": [
      0.020686660893261433
    ],
    "start_timestamps": [
      "2026-07-17 23:05:23.973084+00:00"
    ]
  },
  "doc_enrich": {
    "scope": "document",
    "count": 1,
    "times": [
      47.83466127421707
    ],
    "start_timestamps": [
      "2026-07-17 23:05:23.994200+00:00"
    ]
  }
}
Function parse_pdf took 108.1912 seconds to execute.
Running: get_tables
Function get_tables took 0.0001 seconds to execute.
Running: get_surrounding_paragraphs
Function get_surrounding_paragraphs took 0.0001 seconds to execute.
