Running: parse_pdf
Raw PDF conversion timings:
{
  "pipeline_total": {
    "scope": "document",
    "count": 1,
    "times": [
      15.059794725850224
    ],
    "start_timestamps": [
      "2026-07-17 21:58:53.579295+00:00"
    ]
  },
  "page_parse": {
    "scope": "page",
    "count": 14,
    "times": [
      0.2690228233113885,
      0.10309572797268629,
      0.11067281011492014,
      0.2570937806740403,
      0.3137836577370763,
      0.1858591642230749,
      0.3605174748227,
      0.1969736460596323,
      0.20022071711719036,
      0.10752485506236553,
      0.17896666005253792,
      0.10825162287801504,
      0.11591936647891998,
      0.12412149459123611
    ],
    "start_timestamps": [
      "2026-07-17 21:58:53.581578+00:00",
      "2026-07-17 21:58:53.850645+00:00",
      "2026-07-17 21:58:53.953776+00:00",
      "2026-07-17 21:58:54.064492+00:00",
      "2026-07-17 21:58:54.321634+00:00",
      "2026-07-17 21:58:54.635465+00:00",
      "2026-07-17 21:58:54.821371+00:00",
      "2026-07-17 21:58:55.181932+00:00",
      "2026-07-17 21:58:55.378943+00:00",
      "2026-07-17 21:58:55.579205+00:00",
      "2026-07-17 21:58:55.686768+00:00",
      "2026-07-17 21:58:55.865778+00:00",
      "2026-07-17 21:58:55.974074+00:00",
      "2026-07-17 21:58:56.090039+00:00"
    ]
  },
  "ocr": {
    "scope": "page",
    "count": 14,
    "times": [
      1.3327524131163955,
      0.20077023282647133,
      0.20218760892748833,
      1.251631517894566,
      1.002369268797338,
      0.12084405589848757,
      1.244054425507784,
      1.9290884314104915,
      1.6879694694653153,
      0.11909092590212822,
      1.7901974050328135,
      0.80740927439183,
      0.12030744459480047,
      0.1170130455866456
    ],
    "start_timestamps": [
      "2026-07-17 21:58:53.850705+00:00",
      "2026-07-17 21:58:55.183497+00:00",
      "2026-07-17 21:58:55.384279+00:00",
      "2026-07-17 21:58:55.586481+00:00",
      "2026-07-17 21:58:56.838130+00:00",
      "2026-07-17 21:58:57.840515+00:00",
      "2026-07-17 21:58:57.961368+00:00",
      "2026-07-17 21:58:59.205493+00:00",
      "2026-07-17 21:59:01.134598+00:00",
      "2026-07-17 21:59:02.822584+00:00",
      "2026-07-17 21:59:02.941685+00:00",
      "2026-07-17 21:59:04.731901+00:00",
      "2026-07-17 21:59:05.539327+00:00",
      "2026-07-17 21:59:05.659645+00:00"
    ]
  },
  "layout": {
    "scope": "page",
    "count": 3,
    "times": [
      0.0522365253418684,
      0.10136073175817728,
      0.08990694303065538
    ],
    "start_timestamps": [
      "2026-07-17 21:58:55.183609+00:00",
      "2026-07-17 21:58:59.205582+00:00",
      "2026-07-17 21:59:05.776855+00:00"
    ]
  },
  "table_structure": {
    "scope": "page",
    "count": 14,
    "times": [
      1.4347024261951447e-05,
      2.717040479183197e-05,
      9.416602551937103e-06,
      0.678038228303194,
      2.2351741790771484e-05,
      1.254398375749588e-05,
      8.446164429187775e-06,
      2.4827197194099426e-05,
      7.984228432178497e-06,
      6.511807441711426e-06,
      4.978850483894348e-06,
      9.81893390417099e-06,
      9.989365935325623e-06,
      1.0250136256217957e-05
    ],
    "start_timestamps": [
      "2026-07-17 21:58:55.238116+00:00",
      "2026-07-17 21:58:59.491935+00:00",
      "2026-07-17 21:58:59.491968+00:00",
      "2026-07-17 21:58:59.491981+00:00",
      "2026-07-17 21:59:00.170036+00:00",
      "2026-07-17 21:59:00.170238+00:00",
      "2026-07-17 21:59:00.170255+00:00",
      "2026-07-17 21:59:06.158562+00:00",
      "2026-07-17 21:59:06.158592+00:00",
      "2026-07-17 21:59:06.158604+00:00",
      "2026-07-17 21:59:06.158614+00:00",
      "2026-07-17 21:59:06.158666+00:00",
      "2026-07-17 21:59:06.158681+00:00",
      "2026-07-17 21:59:06.158695+00:00"
    ]
  },
  "page_assemble": {
    "scope": "page",
    "count": 14,
    "times": [
      8.289609104394913e-05,
      0.0005907723680138588,
      0.00038283132016658783,
      0.00020387396216392517,
      0.00021486356854438782,
      0.0003653280436992645,
      0.00020519644021987915,
      0.0004827389493584633,
      0.00014649610966444016,
      0.00044002849608659744,
      0.00013992376625537872,
      0.0003625815734267235,
      0.0005017733201384544,
      0.0002954164519906044
    ],
    "start_timestamps": [
      "2026-07-17 21:58:55.238188+00:00",
      "2026-07-17 21:59:00.170301+00:00",
      "2026-07-17 21:59:00.170926+00:00",
      "2026-07-17 21:59:00.171328+00:00",
      "2026-07-17 21:59:00.171556+00:00",
      "2026-07-17 21:59:00.171789+00:00",
      "2026-07-17 21:59:00.172171+00:00",
      "2026-07-17 21:59:06.158820+00:00",
      "2026-07-17 21:59:06.159339+00:00",
      "2026-07-17 21:59:06.159507+00:00",
      "2026-07-17 21:59:06.159967+00:00",
      "2026-07-17 21:59:06.160125+00:00",
      "2026-07-17 21:59:06.160508+00:00",
      "2026-07-17 21:59:06.161029+00:00"
    ]
  },
  "doc_assemble": {
    "scope": "document",
    "count": 1,
    "times": [
      0.038751392625272274
    ],
    "start_timestamps": [
      "2026-07-17 21:59:06.161668+00:00"
    ]
  },
  "reading_order": {
    "scope": "document",
    "count": 1,
    "times": [
      0.03824302460998297
    ],
    "start_timestamps": [
      "2026-07-17 21:59:06.161781+00:00"
    ]
  },
  "doc_enrich": {
    "scope": "document",
    "count": 1,
    "times": [
      2.4386284751817584
    ],
    "start_timestamps": [
      "2026-07-17 21:59:06.200442+00:00"
    ]
  }
}
All hyperlinked elements redacted in-memory.
Clean PDF conversion timings:
{
  "pipeline_total": {
    "scope": "document",
    "count": 1,
    "times": [
      12.617412829771638
    ],
    "start_timestamps": [
      "2026-07-17 21:59:08.803346+00:00"
    ]
  },
  "page_parse": {
    "scope": "page",
    "count": 14,
    "times": [
      0.26774628181010485,
      0.10005997400730848,
      0.11017707735300064,
      0.2564476039260626,
      0.23934202548116446,
      0.11429221276193857,
      0.22661429643630981,
      0.24980091862380505,
      0.5749204745516181,
      0.1054707570001483,
      0.1668097646906972,
      0.10200988408178091,
      0.09956602472811937,
      0.05294545367360115
    ],
    "start_timestamps": [
      "2026-07-17 21:59:08.805630+00:00",
      "2026-07-17 21:59:09.073431+00:00",
      "2026-07-17 21:59:09.173528+00:00",
      "2026-07-17 21:59:09.283746+00:00",
      "2026-07-17 21:59:09.540242+00:00",
      "2026-07-17 21:59:09.779627+00:00",
      "2026-07-17 21:59:09.893966+00:00",
      "2026-07-17 21:59:10.120627+00:00",
      "2026-07-17 21:59:10.370476+00:00",
      "2026-07-17 21:59:10.945454+00:00",
      "2026-07-17 21:59:11.050965+00:00",
      "2026-07-17 21:59:11.217823+00:00",
      "2026-07-17 21:59:11.319877+00:00",
      "2026-07-17 21:59:11.419487+00:00"
    ]
  },
  "ocr": {
    "scope": "page",
    "count": 14,
    "times": [
      1.3640178851783276,
      0.5136867640540004,
      0.11958315409719944,
      0.9506192412227392,
      0.5797351654618979,
      0.12050239462405443,
      0.9213930228725076,
      1.221527200192213,
      1.6119924541562796,
      0.12375457398593426,
      1.3199294740334153,
      0.4493580497801304,
      0.12232549581676722,
      0.11827939003705978
    ],
    "start_timestamps": [
      "2026-07-17 21:59:09.073542+00:00",
      "2026-07-17 21:59:10.437625+00:00",
      "2026-07-17 21:59:10.951328+00:00",
      "2026-07-17 21:59:11.070923+00:00",
      "2026-07-17 21:59:12.021559+00:00",
      "2026-07-17 21:59:12.601312+00:00",
      "2026-07-17 21:59:12.721823+00:00",
      "2026-07-17 21:59:13.643235+00:00",
      "2026-07-17 21:59:14.864862+00:00",
      "2026-07-17 21:59:16.476870+00:00",
      "2026-07-17 21:59:16.600634+00:00",
      "2026-07-17 21:59:17.920581+00:00",
      "2026-07-17 21:59:18.369956+00:00",
      "2026-07-17 21:59:18.492292+00:00"
    ]
  },
  "layout": {
    "scope": "page",
    "count": 3,
    "times": [
      0.05271358788013458,
      0.09159538615494967,
      0.08106309548020363
    ],
    "start_timestamps": [
      "2026-07-17 21:59:10.437718+00:00",
      "2026-07-17 21:59:14.864955+00:00",
      "2026-07-17 21:59:18.610720+00:00"
    ]
  },
  "table_structure": {
    "scope": "page",
    "count": 14,
    "times": [
      3.192014992237091e-05,
      4.837103188037872e-05,
      1.3755634427070618e-05,
      0.43724908120930195,
      2.4526380002498627e-05,
      1.5389174222946167e-05,
      9.737908840179443e-06,
      7.714144885540009e-06,
      5.1546841859817505e-05,
      1.529790461063385e-05,
      1.0059215128421783e-05,
      1.1972151696681976e-05,
      2.4505890905857086e-05,
      1.6090460121631622e-05
    ],
    "start_timestamps": [
      "2026-07-17 21:59:10.492969+00:00",
      "2026-07-17 21:59:15.146591+00:00",
      "2026-07-17 21:59:15.146647+00:00",
      "2026-07-17 21:59:15.146665+00:00",
      "2026-07-17 21:59:15.583937+00:00",
      "2026-07-17 21:59:15.584201+00:00",
      "2026-07-17 21:59:15.584221+00:00",
      "2026-07-17 21:59:15.584234+00:00",
      "2026-07-17 21:59:18.949728+00:00",
      "2026-07-17 21:59:18.949786+00:00",
      "2026-07-17 21:59:18.949806+00:00",
      "2026-07-17 21:59:18.949821+00:00",
      "2026-07-17 21:59:18.949878+00:00",
      "2026-07-17 21:59:18.949907+00:00"
    ]
  },
  "page_assemble": {
    "scope": "page",
    "count": 14,
    "times": [
      0.00012642797082662582,
      0.00040151551365852356,
      0.0003954032436013222,
      0.00020355358719825745,
      0.000234861858189106,
      0.00037608854472637177,
      0.00020935386419296265,
      0.00025674328207969666,
      0.00020079687237739563,
      0.0004552369937300682,
      0.0001298738643527031,
      0.0003447188064455986,
      0.00048086419701576233,
      0.00026192236691713333
    ],
    "start_timestamps": [
      "2026-07-17 21:59:10.493082+00:00",
      "2026-07-17 21:59:15.584285+00:00",
      "2026-07-17 21:59:15.584729+00:00",
      "2026-07-17 21:59:15.585145+00:00",
      "2026-07-17 21:59:15.585368+00:00",
      "2026-07-17 21:59:15.585621+00:00",
      "2026-07-17 21:59:15.586015+00:00",
      "2026-07-17 21:59:15.586240+00:00",
      "2026-07-17 21:59:18.949998+00:00",
      "2026-07-17 21:59:18.950238+00:00",
      "2026-07-17 21:59:18.950716+00:00",
      "2026-07-17 21:59:18.950865+00:00",
      "2026-07-17 21:59:18.951227+00:00",
      "2026-07-17 21:59:18.951728+00:00"
    ]
  },
  "doc_assemble": {
    "scope": "document",
    "count": 1,
    "times": [
      0.03741560038179159
    ],
    "start_timestamps": [
      "2026-07-17 21:59:18.952204+00:00"
    ]
  },
  "reading_order": {
    "scope": "document",
    "count": 1,
    "times": [
      0.036903987638652325
    ],
    "start_timestamps": [
      "2026-07-17 21:59:18.952312+00:00"
    ]
  },
  "doc_enrich": {
    "scope": "document",
    "count": 1,
    "times": [
      2.431097839958966
    ],
    "start_timestamps": [
      "2026-07-17 21:59:18.989643+00:00"
    ]
  }
}
Function parse_pdf took 27.9874 seconds to execute.
Running: get_tables
Function get_tables took 0.0001 seconds to execute.
Running: get_surrounding_paragraphs
Function get_surrounding_paragraphs took 0.0001 seconds to execute.
