Running: parse_pdf
Raw PDF conversion timings:
{
  "pipeline_total": {
    "scope": "document",
    "count": 1,
    "times": [
      7.9434450333938
    ],
    "start_timestamps": [
      "2026-07-17 20:52:37.572555+00:00"
    ]
  },
  "page_parse": {
    "scope": "page",
    "count": 9,
    "times": [
      0.09873340465128422,
      0.1529596671462059,
      0.14883888233453035,
      0.10057543031871319,
      0.12000256776809692,
      0.1088870819658041,
      0.09823665954172611,
      0.09630324132740498,
      0.08568848669528961
    ],
    "start_timestamps": [
      "2026-07-17 20:52:37.578647+00:00",
      "2026-07-17 20:52:37.677432+00:00",
      "2026-07-17 20:52:37.830445+00:00",
      "2026-07-17 20:52:37.979326+00:00",
      "2026-07-17 20:52:38.079943+00:00",
      "2026-07-17 20:52:38.199991+00:00",
      "2026-07-17 20:52:38.308925+00:00",
      "2026-07-17 20:52:38.407213+00:00",
      "2026-07-17 20:52:38.503560+00:00"
    ]
  },
  "ocr": {
    "scope": "page",
    "count": 9,
    "times": [
      0.15670413430780172,
      1.2735194861888885,
      1.354215287603438,
      0.46515598241239786,
      0.12154375854879618,
      0.6356934159994125,
      0.11848436202853918,
      0.8809585720300674,
      0.12009681575000286
    ],
    "start_timestamps": [
      "2026-07-17 20:52:37.678029+00:00",
      "2026-07-17 20:52:37.834781+00:00",
      "2026-07-17 20:52:39.108376+00:00",
      "2026-07-17 20:52:40.462609+00:00",
      "2026-07-17 20:52:40.927781+00:00",
      "2026-07-17 20:52:41.049334+00:00",
      "2026-07-17 20:52:41.685045+00:00",
      "2026-07-17 20:52:41.803538+00:00",
      "2026-07-17 20:52:42.684515+00:00"
    ]
  },
  "layout": {
    "scope": "page",
    "count": 3,
    "times": [
      0.2475947393104434,
      0.03570456802845001,
      0.09089574590325356
    ],
    "start_timestamps": [
      "2026-07-17 20:52:37.834850+00:00",
      "2026-07-17 20:52:39.108442+00:00",
      "2026-07-17 20:52:42.804877+00:00"
    ]
  },
  "table_structure": {
    "scope": "page",
    "count": 9,
    "times": [
      1.5680678188800812e-05,
      3.9954669773578644e-05,
      6.206706166267395e-05,
      2.7021393179893494e-05,
      1.907534897327423e-05,
      1.6680918633937836e-05,
      2.0388513803482056e-05,
      2.5668181478977203e-05,
      3.0076131224632263e-05
    ],
    "start_timestamps": [
      "2026-07-17 20:52:38.116953+00:00",
      "2026-07-17 20:52:39.177513+00:00",
      "2026-07-17 20:52:43.252476+00:00",
      "2026-07-17 20:52:43.252547+00:00",
      "2026-07-17 20:52:43.252583+00:00",
      "2026-07-17 20:52:43.252610+00:00",
      "2026-07-17 20:52:43.252691+00:00",
      "2026-07-17 20:52:43.252719+00:00",
      "2026-07-17 20:52:43.252752+00:00"
    ]
  },
  "page_assemble": {
    "scope": "page",
    "count": 9,
    "times": [
      0.0004738420248031616,
      0.0005055908113718033,
      0.0003266250714659691,
      0.0002780742943286896,
      0.00023937970399856567,
      0.00024207588285207748,
      0.0002623237669467926,
      0.00028686970472335815,
      0.0003307722508907318
    ],
    "start_timestamps": [
      "2026-07-17 20:52:38.117011+00:00",
      "2026-07-17 20:52:39.177601+00:00",
      "2026-07-17 20:52:43.252890+00:00",
      "2026-07-17 20:52:43.253245+00:00",
      "2026-07-17 20:52:43.253543+00:00",
      "2026-07-17 20:52:43.253801+00:00",
      "2026-07-17 20:52:43.254061+00:00",
      "2026-07-17 20:52:43.254340+00:00",
      "2026-07-17 20:52:43.254645+00:00"
    ]
  },
  "doc_assemble": {
    "scope": "document",
    "count": 1,
    "times": [
      0.035226368345320225
    ],
    "start_timestamps": [
      "2026-07-17 20:52:43.255216+00:00"
    ]
  },
  "reading_order": {
    "scope": "document",
    "count": 1,
    "times": [
      0.03464623633772135
    ],
    "start_timestamps": [
      "2026-07-17 20:52:43.255332+00:00"
    ]
  },
  "doc_enrich": {
    "scope": "document",
    "count": 1,
    "times": [
      2.225510485470295
    ],
    "start_timestamps": [
      "2026-07-17 20:52:43.290471+00:00"
    ]
  }
}
All hyperlinked elements redacted in-memory.
Clean PDF conversion timings:
{
  "pipeline_total": {
    "scope": "document",
    "count": 1,
    "times": [
      8.082748950459063
    ],
    "start_timestamps": [
      "2026-07-17 20:52:45.638449+00:00"
    ]
  },
  "page_parse": {
    "scope": "page",
    "count": 9,
    "times": [
      0.09627804532647133,
      0.1508980169892311,
      0.14676380716264248,
      0.09942450560629368,
      0.11430277302861214,
      0.12139125168323517,
      0.4817726109176874,
      0.09368220902979374,
      0.08245636522769928
    ],
    "start_timestamps": [
      "2026-07-17 20:52:45.643661+00:00",
      "2026-07-17 20:52:45.739981+00:00",
      "2026-07-17 20:52:45.890920+00:00",
      "2026-07-17 20:52:46.037733+00:00",
      "2026-07-17 20:52:46.137204+00:00",
      "2026-07-17 20:52:46.251561+00:00",
      "2026-07-17 20:52:46.373001+00:00",
      "2026-07-17 20:52:46.854816+00:00",
      "2026-07-17 20:52:46.948545+00:00"
    ]
  },
  "ocr": {
    "scope": "page",
    "count": 9,
    "times": [
      0.15476856008172035,
      1.549516842700541,
      1.256711907684803,
      0.45826275181025267,
      0.11886291392147541,
      0.6377225453034043,
      0.12128313910216093,
      0.884090886451304,
      0.12067009508609772
    ],
    "start_timestamps": [
      "2026-07-17 20:52:45.740271+00:00",
      "2026-07-17 20:52:45.895077+00:00",
      "2026-07-17 20:52:47.444668+00:00",
      "2026-07-17 20:52:48.701395+00:00",
      "2026-07-17 20:52:49.159675+00:00",
      "2026-07-17 20:52:49.278547+00:00",
      "2026-07-17 20:52:49.916287+00:00",
      "2026-07-17 20:52:50.037579+00:00",
      "2026-07-17 20:52:50.921689+00:00"
    ]
  },
  "layout": {
    "scope": "page",
    "count": 3,
    "times": [
      0.2492221323773265,
      0.028876379132270813,
      0.09078623913228512
    ],
    "start_timestamps": [
      "2026-07-17 20:52:45.895150+00:00",
      "2026-07-17 20:52:47.444773+00:00",
      "2026-07-17 20:52:51.042632+00:00"
    ]
  },
  "table_structure": {
    "scope": "page",
    "count": 9,
    "times": [
      2.5577843189239502e-05,
      2.9214657843112946e-05,
      5.467236042022705e-05,
      2.1700747311115265e-05,
      1.7923302948474884e-05,
      1.4978460967540741e-05,
      2.1930783987045288e-05,
      2.4436041712760925e-05,
      3.053806722164154e-05
    ],
    "start_timestamps": [
      "2026-07-17 20:52:46.252236+00:00",
      "2026-07-17 20:52:47.503124+00:00",
      "2026-07-17 20:52:51.475248+00:00",
      "2026-07-17 20:52:51.475315+00:00",
      "2026-07-17 20:52:51.475344+00:00",
      "2026-07-17 20:52:51.475369+00:00",
      "2026-07-17 20:52:51.475464+00:00",
      "2026-07-17 20:52:51.475493+00:00",
      "2026-07-17 20:52:51.475524+00:00"
    ]
  },
  "page_assemble": {
    "scope": "page",
    "count": 9,
    "times": [
      0.00038390327244997025,
      0.0003020484000444412,
      0.00033279694616794586,
      0.00026945769786834717,
      0.00025522056967020035,
      0.00023203622549772263,
      0.000263165682554245,
      0.0002727434039115906,
      0.0003323554992675781
    ],
    "start_timestamps": [
      "2026-07-17 20:52:46.252339+00:00",
      "2026-07-17 20:52:47.503206+00:00",
      "2026-07-17 20:52:51.475665+00:00",
      "2026-07-17 20:52:51.476031+00:00",
      "2026-07-17 20:52:51.476319+00:00",
      "2026-07-17 20:52:51.476593+00:00",
      "2026-07-17 20:52:51.476844+00:00",
      "2026-07-17 20:52:51.477124+00:00",
      "2026-07-17 20:52:51.477422+00:00"
    ]
  },
  "doc_assemble": {
    "scope": "document",
    "count": 1,
    "times": [
      0.034190078265964985
    ],
    "start_timestamps": [
      "2026-07-17 20:52:51.478018+00:00"
    ]
  },
  "reading_order": {
    "scope": "document",
    "count": 1,
    "times": [
      0.033659580163657665
    ],
    "start_timestamps": [
      "2026-07-17 20:52:51.478180+00:00"
    ]
  },
  "doc_enrich": {
    "scope": "document",
    "count": 1,
    "times": [
      2.2089495891705155
    ],
    "start_timestamps": [
      "2026-07-17 20:52:51.512230+00:00"
    ]
  }
}
Function parse_pdf took 16.3931 seconds to execute.
Running: get_tables
Function get_tables took 0.0001 seconds to execute.
Running: get_surrounding_paragraphs
Function get_surrounding_paragraphs took 0.0001 seconds to execute.
