Running: parse_pdf
--- Logging error ---
Traceback (most recent call last):
  File "/mnt/iusers01/fatpou01/chem02/b07755hv/.local/lib/python3.12/site-packages/rapidocr/main.py", line 130, in run_ocr_steps
    cropped_img_list, det_res = self.detect_and_crop(img, op_record)
                                ^^^^^^^^^^^^^^^^^^^^^^^^^^^^^^^^^^^^
  File "/mnt/iusers01/fatpou01/chem02/b07755hv/.local/lib/python3.12/site-packages/rapidocr/main.py", line 298, in detect_and_crop
    raise RapidOCRError("The text detection result is empty")
rapidocr.main.RapidOCRError: The text detection result is empty

During handling of the above exception, another exception occurred:

Traceback (most recent call last):
  File "/mnt/iusers01/fatpou01/chem02/b07755hv/.conda/envs/env/lib/python3.12/logging/__init__.py", line 1163, in emit
    stream.write(msg + self.terminator)
  File "/mnt/iusers01/fatpou01/chem02/b07755hv/ChemistryExtract/src/chemstractor/lib/extractor.py", line 298, in write
    self.file.write(data)
ValueError: I/O operation on closed file.
Call stack:
  File "/mnt/iusers01/fatpou01/chem02/b07755hv/.conda/envs/env/lib/python3.12/threading.py", line 1030, in _bootstrap
    self._bootstrap_inner()
  File "/mnt/iusers01/fatpou01/chem02/b07755hv/.conda/envs/env/lib/python3.12/threading.py", line 1073, in _bootstrap_inner
    self.run()
  File "/mnt/iusers01/fatpou01/chem02/b07755hv/.conda/envs/env/lib/python3.12/threading.py", line 1010, in run
    self._target(*self._args, **self._kwargs)
  File "/mnt/iusers01/fatpou01/chem02/b07755hv/.local/lib/python3.12/site-packages/docling/pipeline/standard_pdf_pipeline.py", line 279, in _run
    processed = self._process_batch(batch)
  File "/mnt/iusers01/fatpou01/chem02/b07755hv/.local/lib/python3.12/site-packages/docling/pipeline/standard_pdf_pipeline.py", line 344, in _process_batch
    processed_pages = list(self.model(good[0].conv_res, pages))  # type: ignore[arg-type]
  File "/mnt/iusers01/fatpou01/chem02/b07755hv/.local/lib/python3.12/site-packages/docling/models/stages/ocr/rapid_ocr_model.py", line 491, in __call__
    result = self.reader(
  File "/mnt/iusers01/fatpou01/chem02/b07755hv/.local/lib/python3.12/site-packages/rapidocr/main.py", line 120, in __call__
    det_res, cls_res, rec_res, cropped_img_list = self.run_ocr_steps(img, op_record)
  File "/mnt/iusers01/fatpou01/chem02/b07755hv/.local/lib/python3.12/site-packages/rapidocr/main.py", line 132, in run_ocr_steps
    logger.warning(e)
Message: RapidOCRError('The text detection result is empty')
Arguments: ()
RapidOCR returned empty result!
Raw PDF conversion timings:
{
  "pipeline_total": {
    "scope": "document",
    "count": 1,
    "times": [
      50.89588422141969
    ],
    "start_timestamps": [
      "2026-07-17 21:48:06.726482+00:00"
    ]
  },
  "page_parse": {
    "scope": "page",
    "count": 8,
    "times": [
      0.11604318395256996,
      0.11316916532814503,
      0.10050342231988907,
      0.24612327106297016,
      0.14187275897711515,
      0.11764816474169493,
      0.12817882001399994,
      0.05885469913482666
    ],
    "start_timestamps": [
      "2026-07-17 21:48:06.733924+00:00",
      "2026-07-17 21:48:06.850010+00:00",
      "2026-07-17 21:48:06.963219+00:00",
      "2026-07-17 21:48:07.063770+00:00",
      "2026-07-17 21:48:07.309938+00:00",
      "2026-07-17 21:48:07.451850+00:00",
      "2026-07-17 21:48:07.569542+00:00",
      "2026-07-17 21:48:07.697761+00:00"
    ]
  },
  "ocr": {
    "scope": "page",
    "count": 8,
    "times": [
      1.2897151475772262,
      0.14058425277471542,
      0.13342724554240704,
      0.574189068749547,
      1.302997070364654,
      0.1332510244101286,
      0.13415453489869833,
      0.1278992434963584
    ],
    "start_timestamps": [
      "2026-07-17 21:48:06.850320+00:00",
      "2026-07-17 21:48:08.140091+00:00",
      "2026-07-17 21:48:08.280686+00:00",
      "2026-07-17 21:48:08.414122+00:00",
      "2026-07-17 21:48:08.988329+00:00",
      "2026-07-17 21:48:10.291347+00:00",
      "2026-07-17 21:48:10.424614+00:00",
      "2026-07-17 21:48:10.558786+00:00"
    ]
  },
  "layout": {
    "scope": "page",
    "count": 2,
    "times": [
      0.05744242202490568,
      0.09836787357926369
    ],
    "start_timestamps": [
      "2026-07-17 21:48:08.140171+00:00",
      "2026-07-17 21:48:10.686942+00:00"
    ]
  },
  "table_structure": {
    "scope": "page",
    "count": 8,
    "times": [
      1.740269362926483e-05,
      0.43269568402320147,
      1.485485308803618,
      0.8132578060030937,
      2.545677125453949e-05,
      1.6070902347564697e-05,
      2.3203901946544647e-05,
      6.341375410556793e-06
    ],
    "start_timestamps": [
      "2026-07-17 21:48:08.271984+00:00",
      "2026-07-17 21:48:11.440330+00:00",
      "2026-07-17 21:48:11.873039+00:00",
      "2026-07-17 21:48:13.358540+00:00",
      "2026-07-17 21:48:14.171811+00:00",
      "2026-07-17 21:48:14.172004+00:00",
      "2026-07-17 21:48:14.172024+00:00",
      "2026-07-17 21:48:14.172051+00:00"
    ]
  },
  "page_assemble": {
    "scope": "page",
    "count": 8,
    "times": [
      0.0017257677391171455,
      0.0008465927094221115,
      0.0005020648241043091,
      0.0009813569486141205,
      0.0017457753419876099,
      0.0013010790571570396,
      0.025056669488549232,
      0.0008454807102680206
    ],
    "start_timestamps": [
      "2026-07-17 21:48:08.272052+00:00",
      "2026-07-17 21:48:14.172157+00:00",
      "2026-07-17 21:48:14.173038+00:00",
      "2026-07-17 21:48:14.173563+00:00",
      "2026-07-17 21:48:14.174567+00:00",
      "2026-07-17 21:48:14.176334+00:00",
      "2026-07-17 21:48:14.177654+00:00",
      "2026-07-17 21:48:14.202737+00:00"
    ]
  },
  "doc_assemble": {
    "scope": "document",
    "count": 1,
    "times": [
      0.04126704391092062
    ],
    "start_timestamps": [
      "2026-07-17 21:48:14.203752+00:00"
    ]
  },
  "reading_order": {
    "scope": "document",
    "count": 1,
    "times": [
      0.040764087811112404
    ],
    "start_timestamps": [
      "2026-07-17 21:48:14.203871+00:00"
    ]
  },
  "doc_enrich": {
    "scope": "document",
    "count": 1,
    "times": [
      43.377307328395545
    ],
    "start_timestamps": [
      "2026-07-17 21:48:14.245042+00:00"
    ]
  }
}
All hyperlinked elements redacted in-memory.
--- Logging error ---
Traceback (most recent call last):
  File "/mnt/iusers01/fatpou01/chem02/b07755hv/.local/lib/python3.12/site-packages/rapidocr/main.py", line 130, in run_ocr_steps
    cropped_img_list, det_res = self.detect_and_crop(img, op_record)
                                ^^^^^^^^^^^^^^^^^^^^^^^^^^^^^^^^^^^^
  File "/mnt/iusers01/fatpou01/chem02/b07755hv/.local/lib/python3.12/site-packages/rapidocr/main.py", line 298, in detect_and_crop
    raise RapidOCRError("The text detection result is empty")
rapidocr.main.RapidOCRError: The text detection result is empty

During handling of the above exception, another exception occurred:

Traceback (most recent call last):
  File "/mnt/iusers01/fatpou01/chem02/b07755hv/.conda/envs/env/lib/python3.12/logging/__init__.py", line 1163, in emit
    stream.write(msg + self.terminator)
  File "/mnt/iusers01/fatpou01/chem02/b07755hv/ChemistryExtract/src/chemstractor/lib/extractor.py", line 298, in write
    self.file.write(data)
ValueError: I/O operation on closed file.
Call stack:
  File "/mnt/iusers01/fatpou01/chem02/b07755hv/.conda/envs/env/lib/python3.12/threading.py", line 1030, in _bootstrap
    self._bootstrap_inner()
  File "/mnt/iusers01/fatpou01/chem02/b07755hv/.conda/envs/env/lib/python3.12/threading.py", line 1073, in _bootstrap_inner
    self.run()
  File "/mnt/iusers01/fatpou01/chem02/b07755hv/.conda/envs/env/lib/python3.12/threading.py", line 1010, in run
    self._target(*self._args, **self._kwargs)
  File "/mnt/iusers01/fatpou01/chem02/b07755hv/.local/lib/python3.12/site-packages/docling/pipeline/standard_pdf_pipeline.py", line 279, in _run
    processed = self._process_batch(batch)
  File "/mnt/iusers01/fatpou01/chem02/b07755hv/.local/lib/python3.12/site-packages/docling/pipeline/standard_pdf_pipeline.py", line 344, in _process_batch
    processed_pages = list(self.model(good[0].conv_res, pages))  # type: ignore[arg-type]
  File "/mnt/iusers01/fatpou01/chem02/b07755hv/.local/lib/python3.12/site-packages/docling/models/stages/ocr/rapid_ocr_model.py", line 491, in __call__
    result = self.reader(
  File "/mnt/iusers01/fatpou01/chem02/b07755hv/.local/lib/python3.12/site-packages/rapidocr/main.py", line 120, in __call__
    det_res, cls_res, rec_res, cropped_img_list = self.run_ocr_steps(img, op_record)
  File "/mnt/iusers01/fatpou01/chem02/b07755hv/.local/lib/python3.12/site-packages/rapidocr/main.py", line 132, in run_ocr_steps
    logger.warning(e)
Message: RapidOCRError('The text detection result is empty')
Arguments: ()
RapidOCR returned empty result!
Clean PDF conversion timings:
{
  "pipeline_total": {
    "scope": "document",
    "count": 1,
    "times": [
      50.86685204412788
    ],
    "start_timestamps": [
      "2026-07-17 21:48:58.313748+00:00"
    ]
  },
  "page_parse": {
    "scope": "page",
    "count": 8,
    "times": [
      0.11610676534473896,
      0.10801724437624216,
      0.09038429148495197,
      0.13413210585713387,
      0.43443551659584045,
      0.11327577847987413,
      0.08938108384609222,
      0.08834562543779612
    ],
    "start_timestamps": [
      "2026-07-17 21:48:58.319509+00:00",
      "2026-07-17 21:48:58.435655+00:00",
      "2026-07-17 21:48:58.543713+00:00",
      "2026-07-17 21:48:58.634146+00:00",
      "2026-07-17 21:48:58.768325+00:00",
      "2026-07-17 21:48:59.202802+00:00",
      "2026-07-17 21:48:59.316119+00:00",
      "2026-07-17 21:48:59.405540+00:00"
    ]
  },
  "ocr": {
    "scope": "page",
    "count": 8,
    "times": [
      1.4487494882196188,
      0.13758856896311045,
      0.1343076452612877,
      0.5794894136488438,
      1.1079553216695786,
      0.13385563530027866,
      0.13502391427755356,
      0.12777182646095753
    ],
    "start_timestamps": [
      "2026-07-17 21:48:58.435987+00:00",
      "2026-07-17 21:48:59.884794+00:00",
      "2026-07-17 21:49:00.022409+00:00",
      "2026-07-17 21:49:00.156725+00:00",
      "2026-07-17 21:49:00.736232+00:00",
      "2026-07-17 21:49:01.844205+00:00",
      "2026-07-17 21:49:01.978076+00:00",
      "2026-07-17 21:49:02.113114+00:00"
    ]
  },
  "layout": {
    "scope": "page",
    "count": 2,
    "times": [
      0.05828847549855709,
      0.10700300335884094
    ],
    "start_timestamps": [
      "2026-07-17 21:48:59.884926+00:00",
      "2026-07-17 21:49:02.241127+00:00"
    ]
  },
  "table_structure": {
    "scope": "page",
    "count": 8,
    "times": [
      1.6631558537483215e-05,
      0.4354508277028799,
      1.485536452382803,
      0.817242038436234,
      2.5457702577114105e-05,
      1.6530975699424744e-05,
      7.85384327173233e-06,
      5.070120096206665e-06
    ],
    "start_timestamps": [
      "2026-07-17 21:48:59.989541+00:00",
      "2026-07-17 21:49:03.065524+00:00",
      "2026-07-17 21:49:03.500990+00:00",
      "2026-07-17 21:49:04.986541+00:00",
      "2026-07-17 21:49:05.803798+00:00",
      "2026-07-17 21:49:05.803989+00:00",
      "2026-07-17 21:49:05.804010+00:00",
      "2026-07-17 21:49:05.804022+00:00"
    ]
  },
  "page_assemble": {
    "scope": "page",
    "count": 8,
    "times": [
      0.0003723409026861191,
      0.0007362859323620796,
      0.0003386465832591057,
      0.0012144846841692924,
      0.0009771985933184624,
      0.0006492016837000847,
      0.0003583943471312523,
      5.799904465675354e-05
    ],
    "start_timestamps": [
      "2026-07-17 21:48:59.989608+00:00",
      "2026-07-17 21:49:05.804118+00:00",
      "2026-07-17 21:49:05.804931+00:00",
      "2026-07-17 21:49:05.805298+00:00",
      "2026-07-17 21:49:05.806538+00:00",
      "2026-07-17 21:49:05.807537+00:00",
      "2026-07-17 21:49:05.808206+00:00",
      "2026-07-17 21:49:05.808584+00:00"
    ]
  },
  "doc_assemble": {
    "scope": "document",
    "count": 1,
    "times": [
      0.03743050526827574
    ],
    "start_timestamps": [
      "2026-07-17 21:49:05.808968+00:00"
    ]
  },
  "reading_order": {
    "scope": "document",
    "count": 1,
    "times": [
      0.03684713784605265
    ],
    "start_timestamps": [
      "2026-07-17 21:49:05.809144+00:00"
    ]
  },
  "doc_enrich": {
    "scope": "document",
    "count": 1,
    "times": [
      43.33414919953793
    ],
    "start_timestamps": [
      "2026-07-17 21:49:05.846434+00:00"
    ]
  }
}
Function parse_pdf took 102.8366 seconds to execute.
Running: get_tables
Function get_tables took 0.0001 seconds to execute.
Running: get_surrounding_paragraphs
Function get_surrounding_paragraphs took 0.0001 seconds to execute.
