Running: parse_pdf
Raw PDF conversion timings:
{
  "pipeline_total": {
    "scope": "document",
    "count": 1,
    "times": [
      26.497832907363772
    ],
    "start_timestamps": [
      "2026-07-23 19:11:33.167816+00:00"
    ]
  },
  "page_parse": {
    "scope": "page",
    "count": 21,
    "times": [
      0.07932111620903015,
      0.06772986147552729,
      0.04595814552158117,
      0.07788731809705496,
      0.05880096647888422,
      0.08486759569495916,
      0.05873246677219868,
      0.07496012840420008,
      0.06170361954718828,
      0.07576237712055445,
      0.06827655993402004,
      0.1522423578426242,
      0.11138670518994331,
      0.13736748322844505,
      0.035503089427948,
      0.048726716078817844,
      0.057767742313444614,
      0.08090061880648136,
      0.07771098613739014,
      0.12838490679860115,
      0.09747957158833742
    ],
    "start_timestamps": [
      "2026-07-23 19:11:33.174337+00:00",
      "2026-07-23 19:11:33.253698+00:00",
      "2026-07-23 19:11:33.321462+00:00",
      "2026-07-23 19:11:33.367457+00:00",
      "2026-07-23 19:11:33.445388+00:00",
      "2026-07-23 19:11:33.504232+00:00",
      "2026-07-23 19:11:33.589134+00:00",
      "2026-07-23 19:11:33.647906+00:00",
      "2026-07-23 19:11:33.722912+00:00",
      "2026-07-23 19:11:33.784669+00:00",
      "2026-07-23 19:11:33.860493+00:00",
      "2026-07-23 19:11:33.928816+00:00",
      "2026-07-23 19:11:34.081100+00:00",
      "2026-07-23 19:11:34.192530+00:00",
      "2026-07-23 19:11:34.329940+00:00",
      "2026-07-23 19:11:34.365501+00:00",
      "2026-07-23 19:11:34.414268+00:00",
      "2026-07-23 19:11:34.472085+00:00",
      "2026-07-23 19:11:34.553087+00:00",
      "2026-07-23 19:11:34.630846+00:00",
      "2026-07-23 19:11:34.759279+00:00"
    ]
  },
  "ocr": {
    "scope": "page",
    "count": 21,
    "times": [
      0.12611140869557858,
      0.13056286610662937,
      1.3468690169975162,
      0.8034731466323137,
      0.583815049380064,
      0.6620594402775168,
      0.6786349350586534,
      0.7703403495252132,
      0.8297749692574143,
      0.6488472241908312,
      0.6953448848798871,
      0.6172723388299346,
      0.8499976387247443,
      0.7850245656445622,
      0.12635898310691118,
      0.7024720180779696,
      0.9951283922418952,
      1.1615779595449567,
      0.1261562928557396,
      0.13179707899689674,
      0.12553611490875483
    ],
    "start_timestamps": [
      "2026-07-23 19:11:33.253831+00:00",
      "2026-07-23 19:11:33.380170+00:00",
      "2026-07-23 19:11:33.510747+00:00",
      "2026-07-23 19:11:34.857672+00:00",
      "2026-07-23 19:11:35.661165+00:00",
      "2026-07-23 19:11:36.244995+00:00",
      "2026-07-23 19:11:36.907069+00:00",
      "2026-07-23 19:11:37.585720+00:00",
      "2026-07-23 19:11:38.356076+00:00",
      "2026-07-23 19:11:39.185874+00:00",
      "2026-07-23 19:11:39.834737+00:00",
      "2026-07-23 19:11:40.530098+00:00",
      "2026-07-23 19:11:41.147384+00:00",
      "2026-07-23 19:11:41.997398+00:00",
      "2026-07-23 19:11:42.782437+00:00",
      "2026-07-23 19:11:42.908809+00:00",
      "2026-07-23 19:11:43.611296+00:00",
      "2026-07-23 19:11:44.606442+00:00",
      "2026-07-23 19:11:45.768037+00:00",
      "2026-07-23 19:11:45.894207+00:00",
      "2026-07-23 19:11:46.026016+00:00"
    ]
  },
  "layout": {
    "scope": "page",
    "count": 3,
    "times": [
      0.1413056142628193,
      0.057260326109826565,
      0.1754554072394967
    ],
    "start_timestamps": [
      "2026-07-23 19:11:33.380261+00:00",
      "2026-07-23 19:11:34.857740+00:00",
      "2026-07-23 19:11:46.151835+00:00"
    ]
  },
  "table_structure": {
    "scope": "page",
    "count": 21,
    "times": [
      1.6120262444019318e-05,
      0.3775151129812002,
      2.0237639546394348e-05,
      3.09087336063385e-05,
      9.258277714252472e-06,
      5.880370736122131e-06,
      0.23887138720601797,
      2.027861773967743e-05,
      7.935799658298492e-06,
      6.6515058279037476e-06,
      4.458241164684296e-06,
      7.75512307882309e-06,
      4.8782676458358765e-06,
      0.26169515307992697,
      0.14220348466187716,
      1.9256025552749634e-05,
      6.763264536857605e-06,
      7.964670658111572e-06,
      8.295290172100067e-06,
      0.5443405667319894,
      0.16151445917785168
    ],
    "start_timestamps": [
      "2026-07-23 19:11:33.528768+00:00",
      "2026-07-23 19:11:34.922768+00:00",
      "2026-07-23 19:11:35.300299+00:00",
      "2026-07-23 19:11:46.384447+00:00",
      "2026-07-23 19:11:46.384483+00:00",
      "2026-07-23 19:11:46.384497+00:00",
      "2026-07-23 19:11:46.384507+00:00",
      "2026-07-23 19:11:46.623490+00:00",
      "2026-07-23 19:11:46.623513+00:00",
      "2026-07-23 19:11:46.623525+00:00",
      "2026-07-23 19:11:46.623535+00:00",
      "2026-07-23 19:11:46.623562+00:00",
      "2026-07-23 19:11:46.623573+00:00",
      "2026-07-23 19:11:46.623581+00:00",
      "2026-07-23 19:11:46.885292+00:00",
      "2026-07-23 19:11:47.027582+00:00",
      "2026-07-23 19:11:47.027604+00:00",
      "2026-07-23 19:11:47.027614+00:00",
      "2026-07-23 19:11:47.027626+00:00",
      "2026-07-23 19:11:47.027656+00:00",
      "2026-07-23 19:11:47.572014+00:00"
    ]
  },
  "page_assemble": {
    "scope": "page",
    "count": 21,
    "times": [
      0.00016687437891960144,
      0.00012594647705554962,
      4.4424086809158325e-05,
      0.00014201737940311432,
      2.6821158826351166e-05,
      7.492117583751678e-05,
      2.395547926425934e-05,
      4.847068339586258e-05,
      2.8895214200019836e-05,
      4.925299435853958e-05,
      1.526903361082077e-05,
      0.00011699926108121872,
      2.6069581508636475e-05,
      4.599709063768387e-05,
      3.753043711185455e-05,
      1.8374063074588776e-05,
      4.0587037801742554e-05,
      6.76177442073822e-05,
      0.0001269197091460228,
      0.0001362161710858345,
      0.0001061195507645607
    ],
    "start_timestamps": [
      "2026-07-23 19:11:33.528860+00:00",
      "2026-07-23 19:11:35.300503+00:00",
      "2026-07-23 19:11:35.300669+00:00",
      "2026-07-23 19:11:46.623639+00:00",
      "2026-07-23 19:11:46.623821+00:00",
      "2026-07-23 19:11:46.623872+00:00",
      "2026-07-23 19:11:46.623965+00:00",
      "2026-07-23 19:11:46.624007+00:00",
      "2026-07-23 19:11:46.624075+00:00",
      "2026-07-23 19:11:46.624118+00:00",
      "2026-07-23 19:11:46.624183+00:00",
      "2026-07-23 19:11:47.028435+00:00",
      "2026-07-23 19:11:47.028591+00:00",
      "2026-07-23 19:11:47.028640+00:00",
      "2026-07-23 19:11:47.028703+00:00",
      "2026-07-23 19:11:47.028758+00:00",
      "2026-07-23 19:11:47.028793+00:00",
      "2026-07-23 19:11:47.028850+00:00",
      "2026-07-23 19:11:47.028937+00:00",
      "2026-07-23 19:11:47.733701+00:00",
      "2026-07-23 19:11:47.733872+00:00"
    ]
  },
  "doc_assemble": {
    "scope": "document",
    "count": 1,
    "times": [
      0.022699161432683468
    ],
    "start_timestamps": [
      "2026-07-23 19:11:47.734228+00:00"
    ]
  },
  "reading_order": {
    "scope": "document",
    "count": 1,
    "times": [
      0.022164844907820225
    ],
    "start_timestamps": [
      "2026-07-23 19:11:47.734337+00:00"
    ]
  },
  "doc_enrich": {
    "scope": "document",
    "count": 1,
    "times": [
      11.908661221154034
    ],
    "start_timestamps": [
      "2026-07-23 19:11:47.756958+00:00"
    ]
  }
}
All hyperlinked elements redacted in-memory.
Clean PDF conversion timings:
{
  "pipeline_total": {
    "scope": "document",
    "count": 1,
    "times": [
      26.648050266318023
    ],
    "start_timestamps": [
      "2026-07-23 19:11:59.753360+00:00"
    ]
  },
  "page_parse": {
    "scope": "page",
    "count": 21,
    "times": [
      0.08122542966157198,
      0.0687710028141737,
      0.046770619228482246,
      0.08131760358810425,
      0.05839592684060335,
      0.08293073065578938,
      0.059212904423475266,
      0.07316487096250057,
      0.06298697646707296,
      0.07581127248704433,
      0.055741021409630775,
      0.15589298028498888,
      0.10544752422720194,
      0.11983844824135303,
      0.03400407265871763,
      0.07175338547676802,
      0.07286499720066786,
      0.14085512980818748,
      0.12990789767354727,
      0.12597565725445747,
      0.08710962347686291
    ],
    "start_timestamps": [
      "2026-07-23 19:11:59.759570+00:00",
      "2026-07-23 19:11:59.840834+00:00",
      "2026-07-23 19:11:59.909644+00:00",
      "2026-07-23 19:11:59.956455+00:00",
      "2026-07-23 19:12:00.037815+00:00",
      "2026-07-23 19:12:00.096256+00:00",
      "2026-07-23 19:12:00.179219+00:00",
      "2026-07-23 19:12:00.238471+00:00",
      "2026-07-23 19:12:00.311683+00:00",
      "2026-07-23 19:12:00.374727+00:00",
      "2026-07-23 19:12:00.450580+00:00",
      "2026-07-23 19:12:00.506364+00:00",
      "2026-07-23 19:12:00.662303+00:00",
      "2026-07-23 19:12:00.767798+00:00",
      "2026-07-23 19:12:00.887677+00:00",
      "2026-07-23 19:12:00.921721+00:00",
      "2026-07-23 19:12:00.993521+00:00",
      "2026-07-23 19:12:01.066440+00:00",
      "2026-07-23 19:12:01.207343+00:00",
      "2026-07-23 19:12:01.337296+00:00",
      "2026-07-23 19:12:01.463319+00:00"
    ]
  },
  "ocr": {
    "scope": "page",
    "count": 21,
    "times": [
      0.12649243976920843,
      0.1320960046723485,
      1.4518500799313188,
      0.7858590325340629,
      0.6077353851869702,
      0.6935063200071454,
      0.7045064512640238,
      0.7456620037555695,
      0.826463065110147,
      0.6787295918911695,
      0.6912218742072582,
      0.6400213241577148,
      0.8350853761658072,
      0.788283770903945,
      0.1289191860705614,
      0.6870063422247767,
      0.976767904125154,
      1.1002782555297017,
      0.12883649952709675,
      0.13040478341281414,
      0.12859454471617937
    ],
    "start_timestamps": [
      "2026-07-23 19:11:59.840958+00:00",
      "2026-07-23 19:11:59.967487+00:00",
      "2026-07-23 19:12:00.099595+00:00",
      "2026-07-23 19:12:01.551502+00:00",
      "2026-07-23 19:12:02.337376+00:00",
      "2026-07-23 19:12:02.945126+00:00",
      "2026-07-23 19:12:03.638647+00:00",
      "2026-07-23 19:12:04.343174+00:00",
      "2026-07-23 19:12:05.088852+00:00",
      "2026-07-23 19:12:05.915331+00:00",
      "2026-07-23 19:12:06.594075+00:00",
      "2026-07-23 19:12:07.285317+00:00",
      "2026-07-23 19:12:07.925355+00:00",
      "2026-07-23 19:12:08.760455+00:00",
      "2026-07-23 19:12:09.548755+00:00",
      "2026-07-23 19:12:09.677688+00:00",
      "2026-07-23 19:12:10.364710+00:00",
      "2026-07-23 19:12:11.341492+00:00",
      "2026-07-23 19:12:12.441786+00:00",
      "2026-07-23 19:12:12.570635+00:00",
      "2026-07-23 19:12:12.701050+00:00"
    ]
  },
  "layout": {
    "scope": "page",
    "count": 3,
    "times": [
      0.14350940566509962,
      0.0565300565212965,
      0.1705460762605071
    ],
    "start_timestamps": [
      "2026-07-23 19:11:59.967582+00:00",
      "2026-07-23 19:12:01.551570+00:00",
      "2026-07-23 19:12:12.829907+00:00"
    ]
  },
  "table_structure": {
    "scope": "page",
    "count": 21,
    "times": [
      2.3984350264072418e-05,
      0.32983532641083,
      2.1780841052532196e-05,
      2.6640482246875763e-05,
      7.623806595802307e-06,
      6.002373993396759e-06,
      0.24012406636029482,
      2.165045589208603e-05,
      8.124858140945435e-06,
      7.233582437038422e-06,
      4.989095032215118e-06,
      8.13603401184082e-06,
      5.490146577358246e-06,
      0.26404177211225033,
      0.14329525362700224,
      1.9677914679050446e-05,
      7.254071533679962e-06,
      8.336268365383148e-06,
      9.498558938503265e-06,
      0.5467919996008277,
      0.1629997966811061
    ],
    "start_timestamps": [
      "2026-07-23 19:12:00.118588+00:00",
      "2026-07-23 19:12:01.615883+00:00",
      "2026-07-23 19:12:01.945741+00:00",
      "2026-07-23 19:12:13.056778+00:00",
      "2026-07-23 19:12:13.056809+00:00",
      "2026-07-23 19:12:13.056821+00:00",
      "2026-07-23 19:12:13.056831+00:00",
      "2026-07-23 19:12:13.297077+00:00",
      "2026-07-23 19:12:13.297101+00:00",
      "2026-07-23 19:12:13.297113+00:00",
      "2026-07-23 19:12:13.297124+00:00",
      "2026-07-23 19:12:13.297151+00:00",
      "2026-07-23 19:12:13.297163+00:00",
      "2026-07-23 19:12:13.297172+00:00",
      "2026-07-23 19:12:13.561231+00:00",
      "2026-07-23 19:12:13.704621+00:00",
      "2026-07-23 19:12:13.704644+00:00",
      "2026-07-23 19:12:13.704655+00:00",
      "2026-07-23 19:12:13.704667+00:00",
      "2026-07-23 19:12:13.704699+00:00",
      "2026-07-23 19:12:14.251509+00:00"
    ]
  },
  "page_assemble": {
    "scope": "page",
    "count": 21,
    "times": [
      0.00021500512957572937,
      0.00014012400060892105,
      4.647858440876007e-05,
      0.00014563463628292084,
      2.9675662517547607e-05,
      8.502043783664703e-05,
      2.9795803129673004e-05,
      5.97415491938591e-05,
      3.579817712306976e-05,
      6.097368896007538e-05,
      2.030748873949051e-05,
      0.00011617876589298248,
      2.247188240289688e-05,
      4.409346729516983e-05,
      3.477651625871658e-05,
      2.031773328781128e-05,
      4.900246858596802e-05,
      7.59325921535492e-05,
      0.0003429558128118515,
      0.0001531587913632393,
      0.00011345278471708298
    ],
    "start_timestamps": [
      "2026-07-23 19:12:00.118670+00:00",
      "2026-07-23 19:12:01.945943+00:00",
      "2026-07-23 19:12:01.946124+00:00",
      "2026-07-23 19:12:13.297233+00:00",
      "2026-07-23 19:12:13.297428+00:00",
      "2026-07-23 19:12:13.297481+00:00",
      "2026-07-23 19:12:13.297588+00:00",
      "2026-07-23 19:12:13.297639+00:00",
      "2026-07-23 19:12:13.297720+00:00",
      "2026-07-23 19:12:13.297774+00:00",
      "2026-07-23 19:12:13.297866+00:00",
      "2026-07-23 19:12:13.705829+00:00",
      "2026-07-23 19:12:13.705985+00:00",
      "2026-07-23 19:12:13.706028+00:00",
      "2026-07-23 19:12:13.706091+00:00",
      "2026-07-23 19:12:13.706145+00:00",
      "2026-07-23 19:12:13.706181+00:00",
      "2026-07-23 19:12:13.706249+00:00",
      "2026-07-23 19:12:13.706341+00:00",
      "2026-07-23 19:12:14.414684+00:00",
      "2026-07-23 19:12:14.414881+00:00"
    ]
  },
  "doc_assemble": {
    "scope": "document",
    "count": 1,
    "times": [
      0.023107810877263546
    ],
    "start_timestamps": [
      "2026-07-23 19:12:14.415290+00:00"
    ]
  },
  "reading_order": {
    "scope": "document",
    "count": 1,
    "times": [
      0.022528819739818573
    ],
    "start_timestamps": [
      "2026-07-23 19:12:14.415435+00:00"
    ]
  },
  "doc_enrich": {
    "scope": "document",
    "count": 1,
    "times": [
      11.96294077578932
    ],
    "start_timestamps": [
      "2026-07-23 19:12:14.438442+00:00"
    ]
  }
}
Function parse_pdf took 53.4943 seconds to execute.
Running: get_tables
Function get_tables took 0.0001 seconds to execute.
Running: get_surrounding_paragraphs
Function get_surrounding_paragraphs took 0.0001 seconds to execute.
