Running: parse_pdf
Raw PDF conversion timings:
{
  "pipeline_total": {
    "scope": "document",
    "count": 1,
    "times": [
      154.4651316460222
    ],
    "start_timestamps": [
      "2026-07-17 19:03:12.506071+00:00"
    ]
  },
  "page_parse": {
    "scope": "page",
    "count": 20,
    "times": [
      0.11465264577418566,
      0.07642712909728289,
      0.10710025671869516,
      0.11565922014415264,
      0.09190022014081478,
      0.13682503253221512,
      0.24360421486198902,
      0.1396297588944435,
      0.13283805083483458,
      0.17753544356673956,
      0.13293174747377634,
      0.4537328789010644,
      0.17364869080483913,
      0.1660082871094346,
      0.11166589707136154,
      0.09952456504106522,
      0.11008536349982023,
      0.10880489461123943,
      0.12484692595899105,
      0.06397067382931709
    ],
    "start_timestamps": [
      "2026-07-17 19:03:12.509422+00:00",
      "2026-07-17 19:03:12.624118+00:00",
      "2026-07-17 19:03:12.700582+00:00",
      "2026-07-17 19:03:12.807721+00:00",
      "2026-07-17 19:03:12.923433+00:00",
      "2026-07-17 19:03:13.015377+00:00",
      "2026-07-17 19:03:13.152249+00:00",
      "2026-07-17 19:03:13.395928+00:00",
      "2026-07-17 19:03:13.535601+00:00",
      "2026-07-17 19:03:13.668486+00:00",
      "2026-07-17 19:03:13.846070+00:00",
      "2026-07-17 19:03:13.979057+00:00",
      "2026-07-17 19:03:14.432846+00:00",
      "2026-07-17 19:03:14.606546+00:00",
      "2026-07-17 19:03:14.772605+00:00",
      "2026-07-17 19:03:14.884313+00:00",
      "2026-07-17 19:03:14.983879+00:00",
      "2026-07-17 19:03:15.094009+00:00",
      "2026-07-17 19:03:15.202855+00:00",
      "2026-07-17 19:03:15.327746+00:00"
    ]
  },
  "ocr": {
    "scope": "page",
    "count": 20,
    "times": [
      0.2005656724795699,
      0.19659708719700575,
      0.4206761671230197,
      0.4328571343794465,
      2.4513495583087206,
      3.972119110636413,
      0.9709582012146711,
      0.3498453451320529,
      0.11995384003967047,
      0.41463217604905367,
      0.11972229368984699,
      0.12116560060530901,
      0.12112242728471756,
      0.1205249447375536,
      0.12325277738273144,
      0.11960049625486135,
      0.11988048162311316,
      0.12004653364419937,
      0.12351219542324543,
      0.11821892578154802
    ],
    "start_timestamps": [
      "2026-07-17 19:03:12.624240+00:00",
      "2026-07-17 19:03:12.824861+00:00",
      "2026-07-17 19:03:13.021471+00:00",
      "2026-07-17 19:03:13.442200+00:00",
      "2026-07-17 19:03:13.875072+00:00",
      "2026-07-17 19:03:16.326453+00:00",
      "2026-07-17 19:03:20.298588+00:00",
      "2026-07-17 19:03:21.269646+00:00",
      "2026-07-17 19:03:21.619509+00:00",
      "2026-07-17 19:03:21.739471+00:00",
      "2026-07-17 19:03:22.154122+00:00",
      "2026-07-17 19:03:22.273854+00:00",
      "2026-07-17 19:03:22.395030+00:00",
      "2026-07-17 19:03:22.516162+00:00",
      "2026-07-17 19:03:22.636697+00:00",
      "2026-07-17 19:03:22.759960+00:00",
      "2026-07-17 19:03:22.879570+00:00",
      "2026-07-17 19:03:22.999461+00:00",
      "2026-07-17 19:03:23.119518+00:00",
      "2026-07-17 19:03:23.243040+00:00"
    ]
  },
  "layout": {
    "scope": "page",
    "count": 4,
    "times": [
      0.2121720789000392,
      0.5553374970331788,
      0.07238988485187292,
      0.14974829461425543
    ],
    "start_timestamps": [
      "2026-07-17 19:03:12.824927+00:00",
      "2026-07-17 19:03:13.442298+00:00",
      "2026-07-17 19:03:21.269723+00:00",
      "2026-07-17 19:03:23.361498+00:00"
    ]
  },
  "table_structure": {
    "scope": "page",
    "count": 20,
    "times": [
      5.4177290396764874,
      2.8683803975582123e-05,
      1.1562369763851166e-05,
      7.86883756518364e-05,
      5.8931298553943634e-05,
      2.9044225811958313e-05,
      4.0626153349876404e-05,
      7.256679236888885e-05,
      2.004764974117279e-05,
      2.4345703423023224e-05,
      1.4677643775939941e-05,
      2.12695449590683e-05,
      1.8042512238025665e-05,
      1.957640051841736e-05,
      1.6421079635620117e-05,
      1.737195998430252e-05,
      1.532863825559616e-05,
      2.8774142265319824e-05,
      6.83693215250969e-05,
      2.4034641683101654e-05
    ],
    "start_timestamps": [
      "2026-07-17 19:03:13.439126+00:00",
      "2026-07-17 19:03:18.859501+00:00",
      "2026-07-17 19:03:18.859532+00:00",
      "2026-07-17 19:03:21.615283+00:00",
      "2026-07-17 19:03:21.615372+00:00",
      "2026-07-17 19:03:21.615440+00:00",
      "2026-07-17 19:03:21.615476+00:00",
      "2026-07-17 19:03:24.111743+00:00",
      "2026-07-17 19:03:24.111825+00:00",
      "2026-07-17 19:03:24.111853+00:00",
      "2026-07-17 19:03:24.111886+00:00",
      "2026-07-17 19:03:24.111966+00:00",
      "2026-07-17 19:03:24.111994+00:00",
      "2026-07-17 19:03:24.112019+00:00",
      "2026-07-17 19:03:24.112046+00:00",
      "2026-07-17 19:03:24.112102+00:00",
      "2026-07-17 19:03:24.112127+00:00",
      "2026-07-17 19:03:24.112149+00:00",
      "2026-07-17 19:03:24.112185+00:00",
      "2026-07-17 19:03:24.112271+00:00"
    ]
  },
  "page_assemble": {
    "scope": "page",
    "count": 20,
    "times": [
      0.0008481163531541824,
      0.0002572936937212944,
      0.0003331471234560013,
      0.0008679628372192383,
      0.0004738513380289078,
      0.0003882395103573799,
      0.00047385040670633316,
      0.0005253776907920837,
      0.00039649568498134613,
      0.0002606315538287163,
      0.00036489591002464294,
      0.0004670890048146248,
      0.0003970367833971977,
      0.000385344959795475,
      0.00038964301347732544,
      0.0003216750919818878,
      0.00038224924355745316,
      0.000418737530708313,
      0.0008722813799977303,
      0.0003101527690887451
    ],
    "start_timestamps": [
      "2026-07-17 19:03:18.859883+00:00",
      "2026-07-17 19:03:18.860762+00:00",
      "2026-07-17 19:03:18.861038+00:00",
      "2026-07-17 19:03:21.615657+00:00",
      "2026-07-17 19:03:21.616559+00:00",
      "2026-07-17 19:03:21.617054+00:00",
      "2026-07-17 19:03:21.617464+00:00",
      "2026-07-17 19:03:24.112392+00:00",
      "2026-07-17 19:03:24.112954+00:00",
      "2026-07-17 19:03:24.113369+00:00",
      "2026-07-17 19:03:24.113650+00:00",
      "2026-07-17 19:03:24.114033+00:00",
      "2026-07-17 19:03:24.114518+00:00",
      "2026-07-17 19:03:24.114933+00:00",
      "2026-07-17 19:03:24.115335+00:00",
      "2026-07-17 19:03:24.115742+00:00",
      "2026-07-17 19:03:24.116080+00:00",
      "2026-07-17 19:03:24.116480+00:00",
      "2026-07-17 19:03:24.116916+00:00",
      "2026-07-17 19:03:24.117837+00:00"
    ]
  },
  "doc_assemble": {
    "scope": "document",
    "count": 1,
    "times": [
      0.18202851712703705
    ],
    "start_timestamps": [
      "2026-07-17 19:03:24.118411+00:00"
    ]
  },
  "reading_order": {
    "scope": "document",
    "count": 1,
    "times": [
      0.181271662004292
    ],
    "start_timestamps": [
      "2026-07-17 19:03:24.118563+00:00"
    ]
  },
  "doc_enrich": {
    "scope": "document",
    "count": 1,
    "times": [
      142.670707157813
    ],
    "start_timestamps": [
      "2026-07-17 19:03:24.300466+00:00"
    ]
  }
}
All hyperlinked elements redacted in-memory.
Clean PDF conversion timings:
{
  "pipeline_total": {
    "scope": "document",
    "count": 1,
    "times": [
      155.43795502744615
    ],
    "start_timestamps": [
      "2026-07-17 19:05:47.566373+00:00"
    ]
  },
  "page_parse": {
    "scope": "page",
    "count": 20,
    "times": [
      0.1142025152221322,
      0.076684077270329,
      0.4282104754820466,
      0.11321732308715582,
      0.09017389733344316,
      0.09674284607172012,
      0.1536270109936595,
      0.16994348913431168,
      0.16980939824134111,
      0.1033219862729311,
      0.14892730861902237,
      0.15631065145134926,
      0.10601036250591278,
      0.11499810311943293,
      0.12768500298261642,
      0.13933547213673592,
      0.5479161459952593,
      0.12024237867444754,
      0.12522857077419758,
      0.06271383259445429
    ],
    "start_timestamps": [
      "2026-07-17 19:05:47.569438+00:00",
      "2026-07-17 19:05:47.683688+00:00",
      "2026-07-17 19:05:47.760419+00:00",
      "2026-07-17 19:05:48.188669+00:00",
      "2026-07-17 19:05:48.301932+00:00",
      "2026-07-17 19:05:48.392151+00:00",
      "2026-07-17 19:05:48.488938+00:00",
      "2026-07-17 19:05:48.642633+00:00",
      "2026-07-17 19:05:48.812617+00:00",
      "2026-07-17 19:05:48.982471+00:00",
      "2026-07-17 19:05:49.085839+00:00",
      "2026-07-17 19:05:49.234821+00:00",
      "2026-07-17 19:05:49.391185+00:00",
      "2026-07-17 19:05:49.497247+00:00",
      "2026-07-17 19:05:49.612292+00:00",
      "2026-07-17 19:05:49.740041+00:00",
      "2026-07-17 19:05:49.879440+00:00",
      "2026-07-17 19:05:50.427411+00:00",
      "2026-07-17 19:05:50.547692+00:00",
      "2026-07-17 19:05:50.672968+00:00"
    ]
  },
  "ocr": {
    "scope": "page",
    "count": 20,
    "times": [
      0.5216913251206279,
      0.19342568051069975,
      0.4785817665979266,
      0.5163094000890851,
      1.983814193867147,
      4.299824148416519,
      0.9726797165349126,
      0.1213766448199749,
      0.42088044341653585,
      0.40490027889609337,
      0.12107237242162228,
      0.12116567883640528,
      0.12140620965510607,
      0.1212407574057579,
      0.12170359957963228,
      0.12078457046300173,
      0.11998901329934597,
      0.12024963367730379,
      0.12425645254552364,
      0.11965238023549318
    ],
    "start_timestamps": [
      "2026-07-17 19:05:47.683798+00:00",
      "2026-07-17 19:05:48.205539+00:00",
      "2026-07-17 19:05:48.398978+00:00",
      "2026-07-17 19:05:48.877605+00:00",
      "2026-07-17 19:05:49.393933+00:00",
      "2026-07-17 19:05:51.377764+00:00",
      "2026-07-17 19:05:55.677604+00:00",
      "2026-07-17 19:05:56.650302+00:00",
      "2026-07-17 19:05:56.771749+00:00",
      "2026-07-17 19:05:57.192653+00:00",
      "2026-07-17 19:05:57.597572+00:00",
      "2026-07-17 19:05:57.718653+00:00",
      "2026-07-17 19:05:57.839829+00:00",
      "2026-07-17 19:05:57.961246+00:00",
      "2026-07-17 19:05:58.082497+00:00",
      "2026-07-17 19:05:58.204210+00:00",
      "2026-07-17 19:05:58.325007+00:00",
      "2026-07-17 19:05:58.445006+00:00",
      "2026-07-17 19:05:58.565265+00:00",
      "2026-07-17 19:05:58.689531+00:00"
    ]
  },
  "layout": {
    "scope": "page",
    "count": 4,
    "times": [
      0.2843701681122184,
      0.5412710942327976,
      0.08067147992551327,
      0.1433728476986289
    ],
    "start_timestamps": [
      "2026-07-17 19:05:48.205640+00:00",
      "2026-07-17 19:05:48.966258+00:00",
      "2026-07-17 19:05:56.771829+00:00",
      "2026-07-17 19:05:58.809394+00:00"
    ]
  },
  "table_structure": {
    "scope": "page",
    "count": 20,
    "times": [
      5.204483957961202,
      2.571847289800644e-05,
      1.0450370609760284e-05,
      2.2110529243946075e-05,
      8.315779268741608e-06,
      6.261281669139862e-06,
      7.142312824726105e-06,
      7.2838738560676575e-06,
      2.749171108007431e-05,
      8.996576070785522e-06,
      6.45127147436142e-06,
      5.781650543212891e-06,
      9.326264262199402e-06,
      1.223292201757431e-05,
      6.0927122831344604e-06,
      5.811452865600586e-06,
      8.306466042995453e-06,
      9.357929229736328e-06,
      1.7593614757061005e-05,
      8.446164429187775e-06
    ],
    "start_timestamps": [
      "2026-07-17 19:05:48.971655+00:00",
      "2026-07-17 19:05:54.178475+00:00",
      "2026-07-17 19:05:54.178504+00:00",
      "2026-07-17 19:05:57.188875+00:00",
      "2026-07-17 19:05:57.188900+00:00",
      "2026-07-17 19:05:57.188912+00:00",
      "2026-07-17 19:05:57.188921+00:00",
      "2026-07-17 19:05:57.188953+00:00",
      "2026-07-17 19:05:59.567852+00:00",
      "2026-07-17 19:05:59.567884+00:00",
      "2026-07-17 19:05:59.567897+00:00",
      "2026-07-17 19:05:59.567907+00:00",
      "2026-07-17 19:05:59.567955+00:00",
      "2026-07-17 19:05:59.567969+00:00",
      "2026-07-17 19:05:59.567985+00:00",
      "2026-07-17 19:05:59.567995+00:00",
      "2026-07-17 19:05:59.568025+00:00",
      "2026-07-17 19:05:59.568037+00:00",
      "2026-07-17 19:05:59.568050+00:00",
      "2026-07-17 19:05:59.568071+00:00"
    ]
  },
  "page_assemble": {
    "scope": "page",
    "count": 20,
    "times": [
      0.0003903340548276901,
      0.00030047446489334106,
      0.00038399361073970795,
      0.0006156396120786667,
      0.00047630537301301956,
      0.0004162834957242012,
      0.000486595556139946,
      0.00036295317113399506,
      0.0005633896216750145,
      0.00028264056891202927,
      0.0004040393978357315,
      0.0004777684807777405,
      0.00044917501509189606,
      0.00040529295802116394,
      0.00037946365773677826,
      0.00033743493258953094,
      0.00037977565079927444,
      0.0004231957718729973,
      0.0008478043600916862,
      0.00023953057825565338
    ],
    "start_timestamps": [
      "2026-07-17 19:05:54.178692+00:00",
      "2026-07-17 19:05:54.179144+00:00",
      "2026-07-17 19:05:54.179466+00:00",
      "2026-07-17 19:05:57.189039+00:00",
      "2026-07-17 19:05:57.189695+00:00",
      "2026-07-17 19:05:57.190192+00:00",
      "2026-07-17 19:05:57.190630+00:00",
      "2026-07-17 19:05:57.191138+00:00",
      "2026-07-17 19:05:59.568212+00:00",
      "2026-07-17 19:05:59.568815+00:00",
      "2026-07-17 19:05:59.569119+00:00",
      "2026-07-17 19:05:59.569544+00:00",
      "2026-07-17 19:05:59.570041+00:00",
      "2026-07-17 19:05:59.570510+00:00",
      "2026-07-17 19:05:59.570934+00:00",
      "2026-07-17 19:05:59.571332+00:00",
      "2026-07-17 19:05:59.571687+00:00",
      "2026-07-17 19:05:59.572085+00:00",
      "2026-07-17 19:05:59.572526+00:00",
      "2026-07-17 19:05:59.573394+00:00"
    ]
  },
  "doc_assemble": {
    "scope": "document",
    "count": 1,
    "times": [
      0.1831910340115428
    ],
    "start_timestamps": [
      "2026-07-17 19:05:59.573995+00:00"
    ]
  },
  "reading_order": {
    "scope": "document",
    "count": 1,
    "times": [
      0.1824177298694849
    ],
    "start_timestamps": [
      "2026-07-17 19:05:59.574151+00:00"
    ]
  },
  "doc_enrich": {
    "scope": "document",
    "count": 1,
    "times": [
      143.247090453282
    ],
    "start_timestamps": [
      "2026-07-17 19:05:59.757214+00:00"
    ]
  }
}
Function parse_pdf took 310.7298 seconds to execute.
Running: get_tables
Function get_tables took 0.0002 seconds to execute.
Running: get_surrounding_paragraphs
Function get_surrounding_paragraphs took 0.0002 seconds to execute.
