Running: parse_pdf
Raw PDF conversion timings:
{
  "pipeline_total": {
    "scope": "document",
    "count": 1,
    "times": [
      66.07751452550292
    ],
    "start_timestamps": [
      "2026-07-17 17:26:00.285161+00:00"
    ]
  },
  "page_parse": {
    "scope": "page",
    "count": 6,
    "times": [
      0.25308628752827644,
      0.29166135005652905,
      0.3171754889190197,
      0.19886877574026585,
      0.32359794434159994,
      0.19712555594742298
    ],
    "start_timestamps": [
      "2026-07-17 17:26:00.289211+00:00",
      "2026-07-17 17:26:00.542343+00:00",
      "2026-07-17 17:26:00.834051+00:00",
      "2026-07-17 17:26:01.151273+00:00",
      "2026-07-17 17:26:01.350194+00:00",
      "2026-07-17 17:26:01.673844+00:00"
    ]
  },
  "ocr": {
    "scope": "page",
    "count": 6,
    "times": [
      4.754973845556378,
      4.240762511268258,
      3.299999869428575,
      3.0786923626437783,
      3.8108703289180994,
      2.719930716790259
    ],
    "start_timestamps": [
      "2026-07-17 17:26:00.542723+00:00",
      "2026-07-17 17:26:05.297874+00:00",
      "2026-07-17 17:26:09.538657+00:00",
      "2026-07-17 17:26:12.838674+00:00",
      "2026-07-17 17:26:15.917384+00:00",
      "2026-07-17 17:26:19.728271+00:00"
    ]
  },
  "layout": {
    "scope": "page",
    "count": 2,
    "times": [
      0.058977690525352955,
      0.07903178408741951
    ],
    "start_timestamps": [
      "2026-07-17 17:26:05.298022+00:00",
      "2026-07-17 17:26:22.448459+00:00"
    ]
  },
  "table_structure": {
    "scope": "page",
    "count": 6,
    "times": [
      3.0367635190486908e-05,
      8.106138557195663e-05,
      2.9967166483402252e-05,
      2.2011809051036835e-05,
      0.47105594631284475,
      2.170167863368988e-05
    ],
    "start_timestamps": [
      "2026-07-17 17:26:05.396362+00:00",
      "2026-07-17 17:26:22.701462+00:00",
      "2026-07-17 17:26:22.701553+00:00",
      "2026-07-17 17:26:22.701590+00:00",
      "2026-07-17 17:26:22.701619+00:00",
      "2026-07-17 17:26:23.172775+00:00"
    ]
  },
  "page_assemble": {
    "scope": "page",
    "count": 6,
    "times": [
      0.00030907150357961655,
      0.0005020648241043091,
      0.00036644935607910156,
      0.0002717114984989166,
      0.000323357991874218,
      0.00015208590775728226
    ],
    "start_timestamps": [
      "2026-07-17 17:26:05.396475+00:00",
      "2026-07-17 17:26:23.172894+00:00",
      "2026-07-17 17:26:23.173462+00:00",
      "2026-07-17 17:26:23.173853+00:00",
      "2026-07-17 17:26:23.174190+00:00",
      "2026-07-17 17:26:23.174537+00:00"
    ]
  },
  "doc_assemble": {
    "scope": "document",
    "count": 1,
    "times": [
      0.028316479176282883
    ],
    "start_timestamps": [
      "2026-07-17 17:26:23.174952+00:00"
    ]
  },
  "reading_order": {
    "scope": "document",
    "count": 1,
    "times": [
      0.02766514476388693
    ],
    "start_timestamps": [
      "2026-07-17 17:26:23.175112+00:00"
    ]
  },
  "doc_enrich": {
    "scope": "document",
    "count": 1,
    "times": [
      43.1593110896647
    ],
    "start_timestamps": [
      "2026-07-17 17:26:23.203307+00:00"
    ]
  }
}
All hyperlinked elements redacted in-memory.
Clean PDF conversion timings:
{
  "pipeline_total": {
    "scope": "document",
    "count": 1,
    "times": [
      66.0707726366818
    ],
    "start_timestamps": [
      "2026-07-17 17:27:06.424128+00:00"
    ]
  },
  "page_parse": {
    "scope": "page",
    "count": 6,
    "times": [
      0.2600847575813532,
      0.2968497732654214,
      0.31434054486453533,
      0.19996938575059175,
      0.2684328556060791,
      0.17047140561044216
    ],
    "start_timestamps": [
      "2026-07-17 17:27:06.428554+00:00",
      "2026-07-17 17:27:06.688686+00:00",
      "2026-07-17 17:27:06.985579+00:00",
      "2026-07-17 17:27:07.299966+00:00",
      "2026-07-17 17:27:07.499989+00:00",
      "2026-07-17 17:27:07.768473+00:00"
    ]
  },
  "ocr": {
    "scope": "page",
    "count": 6,
    "times": [
      4.773116273805499,
      4.291876667179167,
      3.308501905761659,
      3.123089578934014,
      3.690046539530158,
      2.613039101473987
    ],
    "start_timestamps": [
      "2026-07-17 17:27:06.689118+00:00",
      "2026-07-17 17:27:11.462370+00:00",
      "2026-07-17 17:27:15.754267+00:00",
      "2026-07-17 17:27:19.062788+00:00",
      "2026-07-17 17:27:22.185929+00:00",
      "2026-07-17 17:27:25.875994+00:00"
    ]
  },
  "layout": {
    "scope": "page",
    "count": 2,
    "times": [
      0.059164692647755146,
      0.08397345244884491
    ],
    "start_timestamps": [
      "2026-07-17 17:27:11.462578+00:00",
      "2026-07-17 17:27:28.489395+00:00"
    ]
  },
  "table_structure": {
    "scope": "page",
    "count": 6,
    "times": [
      2.8724782168865204e-05,
      8.612219244241714e-05,
      2.9535964131355286e-05,
      2.4576671421527863e-05,
      0.4697858262807131,
      2.404581755399704e-05
    ],
    "start_timestamps": [
      "2026-07-17 17:27:11.560480+00:00",
      "2026-07-17 17:27:28.747609+00:00",
      "2026-07-17 17:27:28.747707+00:00",
      "2026-07-17 17:27:28.747754+00:00",
      "2026-07-17 17:27:28.747787+00:00",
      "2026-07-17 17:27:29.217671+00:00"
    ]
  },
  "page_assemble": {
    "scope": "page",
    "count": 6,
    "times": [
      0.00031600426882505417,
      0.0005180248990654945,
      0.00034544989466667175,
      0.00025445781648159027,
      0.0002998746931552887,
      0.0001434599980711937
    ],
    "start_timestamps": [
      "2026-07-17 17:27:11.560570+00:00",
      "2026-07-17 17:27:29.217938+00:00",
      "2026-07-17 17:27:29.218494+00:00",
      "2026-07-17 17:27:29.218863+00:00",
      "2026-07-17 17:27:29.219184+00:00",
      "2026-07-17 17:27:29.219510+00:00"
    ]
  },
  "doc_assemble": {
    "scope": "document",
    "count": 1,
    "times": [
      0.029176006093621254
    ],
    "start_timestamps": [
      "2026-07-17 17:27:29.219976+00:00"
    ]
  },
  "reading_order": {
    "scope": "document",
    "count": 1,
    "times": [
      0.028498882427811623
    ],
    "start_timestamps": [
      "2026-07-17 17:27:29.220152+00:00"
    ]
  },
  "doc_enrich": {
    "scope": "document",
    "count": 1,
    "times": [
      43.245624436065555
    ],
    "start_timestamps": [
      "2026-07-17 17:27:29.249200+00:00"
    ]
  }
}
Function parse_pdf took 132.3291 seconds to execute.
Running: get_tables
Function get_tables took 0.0001 seconds to execute.
Running: get_surrounding_paragraphs
Function get_surrounding_paragraphs took 0.0001 seconds to execute.
