Running: parse_pdf
Raw PDF conversion timings:
{
  "pipeline_total": {
    "scope": "document",
    "count": 1,
    "times": [
      98.39419401530176
    ],
    "start_timestamps": [
      "2026-07-17 21:06:15.488128+00:00"
    ]
  },
  "page_parse": {
    "scope": "page",
    "count": 8,
    "times": [
      0.10870560444891453,
      0.11431638244539499,
      0.1342950388789177,
      0.12284882832318544,
      0.13842104375362396,
      0.1840773392468691,
      0.13222060538828373,
      0.15619247686117887
    ],
    "start_timestamps": [
      "2026-07-17 21:06:15.494776+00:00",
      "2026-07-17 21:06:15.603526+00:00",
      "2026-07-17 21:06:15.717884+00:00",
      "2026-07-17 21:06:15.852226+00:00",
      "2026-07-17 21:06:15.975124+00:00",
      "2026-07-17 21:06:16.113591+00:00",
      "2026-07-17 21:06:16.297709+00:00",
      "2026-07-17 21:06:16.429976+00:00"
    ]
  },
  "ocr": {
    "scope": "page",
    "count": 8,
    "times": [
      0.13714776746928692,
      0.2378031024709344,
      1.2646904708817601,
      1.1215696725994349,
      1.4450310384854674,
      0.13491308223456144,
      0.13523750193417072,
      0.13445969764143229
    ],
    "start_timestamps": [
      "2026-07-17 21:06:15.603589+00:00",
      "2026-07-17 21:06:15.740794+00:00",
      "2026-07-17 21:06:15.978639+00:00",
      "2026-07-17 21:06:17.243346+00:00",
      "2026-07-17 21:06:18.365007+00:00",
      "2026-07-17 21:06:19.810057+00:00",
      "2026-07-17 21:06:19.944978+00:00",
      "2026-07-17 21:06:20.080225+00:00"
    ]
  },
  "layout": {
    "scope": "page",
    "count": 4,
    "times": [
      0.26260615792125463,
      0.21188452932983637,
      0.05981483031064272,
      0.07697570323944092
    ],
    "start_timestamps": [
      "2026-07-17 21:06:15.740865+00:00",
      "2026-07-17 21:06:16.300923+00:00",
      "2026-07-17 21:06:18.365077+00:00",
      "2026-07-17 21:06:20.214827+00:00"
    ]
  },
  "table_structure": {
    "scope": "page",
    "count": 8,
    "times": [
      4.159845411777496e-05,
      4.789978265762329e-05,
      0.5533965220674872,
      2.330448478460312e-05,
      0.2349460069090128,
      0.2006600061431527,
      3.6017969250679016e-05,
      1.7112120985984802e-05
    ],
    "start_timestamps": [
      "2026-07-17 21:06:16.301091+00:00",
      "2026-07-17 21:06:16.719287+00:00",
      "2026-07-17 21:06:18.508393+00:00",
      "2026-07-17 21:06:19.061805+00:00",
      "2026-07-17 21:06:20.714769+00:00",
      "2026-07-17 21:06:20.949729+00:00",
      "2026-07-17 21:06:21.150413+00:00",
      "2026-07-17 21:06:21.150452+00:00"
    ]
  },
  "page_assemble": {
    "scope": "page",
    "count": 8,
    "times": [
      0.001091894693672657,
      0.0010090386494994164,
      0.0009997524321079254,
      0.0009458400309085846,
      0.0010203095152974129,
      0.0023321090266108513,
      0.0010034684091806412,
      0.0007318686693906784
    ],
    "start_timestamps": [
      "2026-07-17 21:06:16.301672+00:00",
      "2026-07-17 21:06:16.719439+00:00",
      "2026-07-17 21:06:19.061988+00:00",
      "2026-07-17 21:06:19.063023+00:00",
      "2026-07-17 21:06:21.150621+00:00",
      "2026-07-17 21:06:21.151677+00:00",
      "2026-07-17 21:06:21.154033+00:00",
      "2026-07-17 21:06:21.155057+00:00"
    ]
  },
  "doc_assemble": {
    "scope": "document",
    "count": 1,
    "times": [
      0.04867763165384531
    ],
    "start_timestamps": [
      "2026-07-17 21:06:21.155977+00:00"
    ]
  },
  "reading_order": {
    "scope": "document",
    "count": 1,
    "times": [
      0.0481677632778883
    ],
    "start_timestamps": [
      "2026-07-17 21:06:21.156060+00:00"
    ]
  },
  "doc_enrich": {
    "scope": "document",
    "count": 1,
    "times": [
      92.67761450633407
    ],
    "start_timestamps": [
      "2026-07-17 21:06:21.204682+00:00"
    ]
  }
}
All hyperlinked elements redacted in-memory.
Clean PDF conversion timings:
{
  "pipeline_total": {
    "scope": "document",
    "count": 1,
    "times": [
      97.99208102282137
    ],
    "start_timestamps": [
      "2026-07-17 21:07:54.143991+00:00"
    ]
  },
  "page_parse": {
    "scope": "page",
    "count": 8,
    "times": [
      0.10781709104776382,
      0.11179747153073549,
      0.13023303356021643,
      0.12181188724935055,
      0.13398326095193624,
      0.5085881054401398,
      0.15862972103059292,
      0.19480567704886198
    ],
    "start_timestamps": [
      "2026-07-17 21:07:54.150233+00:00",
      "2026-07-17 21:07:54.258094+00:00",
      "2026-07-17 21:07:54.369935+00:00",
      "2026-07-17 21:07:54.500223+00:00",
      "2026-07-17 21:07:54.622081+00:00",
      "2026-07-17 21:07:54.756113+00:00",
      "2026-07-17 21:07:55.264750+00:00",
      "2026-07-17 21:07:55.423447+00:00"
    ]
  },
  "ocr": {
    "scope": "page",
    "count": 8,
    "times": [
      0.1367618888616562,
      0.23550262115895748,
      1.5278377970680594,
      1.256135574541986,
      1.4271638551726937,
      0.1348987715318799,
      0.13581404369324446,
      0.1322548957541585
    ],
    "start_timestamps": [
      "2026-07-17 21:07:54.258409+00:00",
      "2026-07-17 21:07:54.395231+00:00",
      "2026-07-17 21:07:54.630778+00:00",
      "2026-07-17 21:07:56.158633+00:00",
      "2026-07-17 21:07:57.414861+00:00",
      "2026-07-17 21:07:58.842042+00:00",
      "2026-07-17 21:07:58.976951+00:00",
      "2026-07-17 21:07:59.112774+00:00"
    ]
  },
  "layout": {
    "scope": "page",
    "count": 4,
    "times": [
      0.3614347307011485,
      0.1663009561598301,
      0.06448003835976124,
      0.07673020008951426
    ],
    "start_timestamps": [
      "2026-07-17 21:07:54.395311+00:00",
      "2026-07-17 21:07:55.265320+00:00",
      "2026-07-17 21:07:57.414951+00:00",
      "2026-07-17 21:07:59.245163+00:00"
    ]
  },
  "table_structure": {
    "scope": "page",
    "count": 8,
    "times": [
      2.81529501080513e-05,
      6.178673356771469e-05,
      0.5886936476454139,
      2.4976208806037903e-05,
      0.23497092630714178,
      0.20149362832307816,
      3.0347146093845367e-05,
      1.7133541405200958e-05
    ],
    "start_timestamps": [
      "2026-07-17 21:07:55.265463+00:00",
      "2026-07-17 21:07:55.664854+00:00",
      "2026-07-17 21:07:57.566931+00:00",
      "2026-07-17 21:07:58.155640+00:00",
      "2026-07-17 21:07:59.739468+00:00",
      "2026-07-17 21:07:59.974454+00:00",
      "2026-07-17 21:08:00.175964+00:00",
      "2026-07-17 21:08:00.175997+00:00"
    ]
  },
  "page_assemble": {
    "scope": "page",
    "count": 8,
    "times": [
      0.00048634596168994904,
      0.0007829926908016205,
      0.00036567915230989456,
      0.00031256768852472305,
      0.0004845624789595604,
      0.0005094874650239944,
      0.0006081545725464821,
      0.00040731579065322876
    ],
    "start_timestamps": [
      "2026-07-17 21:07:55.265561+00:00",
      "2026-07-17 21:07:55.665007+00:00",
      "2026-07-17 21:07:58.155811+00:00",
      "2026-07-17 21:07:58.156216+00:00",
      "2026-07-17 21:08:00.176286+00:00",
      "2026-07-17 21:08:00.176812+00:00",
      "2026-07-17 21:08:00.177344+00:00",
      "2026-07-17 21:08:00.177972+00:00"
    ]
  },
  "doc_assemble": {
    "scope": "document",
    "count": 1,
    "times": [
      0.049770927987992764
    ],
    "start_timestamps": [
      "2026-07-17 21:08:00.178641+00:00"
    ]
  },
  "reading_order": {
    "scope": "document",
    "count": 1,
    "times": [
      0.04925976600497961
    ],
    "start_timestamps": [
      "2026-07-17 21:08:00.178747+00:00"
    ]
  },
  "doc_enrich": {
    "scope": "document",
    "count": 1,
    "times": [
      91.90761773940176
    ],
    "start_timestamps": [
      "2026-07-17 21:08:00.228434+00:00"
    ]
  }
}
Function parse_pdf took 196.8370 seconds to execute.
Running: get_tables
Function get_tables took 0.0001 seconds to execute.
Running: get_surrounding_paragraphs
Function get_surrounding_paragraphs took 0.0001 seconds to execute.
