Running: parse_pdf
Raw PDF conversion timings:
{
  "pipeline_total": {
    "scope": "document",
    "count": 1,
    "times": [
      2.9410047875717282
    ],
    "start_timestamps": [
      "2026-07-23 17:04:27.014929+00:00"
    ]
  },
  "page_parse": {
    "scope": "page",
    "count": 5,
    "times": [
      0.09818573761731386,
      0.11052670702338219,
      0.11755365692079067,
      0.0983862355351448,
      0.11107917595654726
    ],
    "start_timestamps": [
      "2026-07-23 17:04:27.020561+00:00",
      "2026-07-23 17:04:27.118787+00:00",
      "2026-07-23 17:04:27.229357+00:00",
      "2026-07-23 17:04:27.346954+00:00",
      "2026-07-23 17:04:27.445383+00:00"
    ]
  },
  "ocr": {
    "scope": "page",
    "count": 5,
    "times": [
      0.11824807431548834,
      0.1292155785486102,
      1.1009967513382435,
      1.2109048031270504,
      0.11797692254185677
    ],
    "start_timestamps": [
      "2026-07-23 17:04:27.119346+00:00",
      "2026-07-23 17:04:27.237630+00:00",
      "2026-07-23 17:04:27.366887+00:00",
      "2026-07-23 17:04:28.467986+00:00",
      "2026-07-23 17:04:29.678908+00:00"
    ]
  },
  "layout": {
    "scope": "page",
    "count": 4,
    "times": [
      0.21918824408203363,
      0.040558367036283016,
      0.02520160563290119,
      0.05671480391174555
    ],
    "start_timestamps": [
      "2026-07-23 17:04:27.237709+00:00",
      "2026-07-23 17:04:27.559765+00:00",
      "2026-07-23 17:04:28.468044+00:00",
      "2026-07-23 17:04:29.797018+00:00"
    ]
  },
  "table_structure": {
    "scope": "page",
    "count": 5,
    "times": [
      1.8494203686714172e-05,
      2.6629306375980377e-05,
      1.8315389752388e-05,
      3.4024007618427277e-05,
      1.3033859431743622e-05
    ],
    "start_timestamps": [
      "2026-07-23 17:04:27.559860+00:00",
      "2026-07-23 17:04:27.686529+00:00",
      "2026-07-23 17:04:28.518268+00:00",
      "2026-07-23 17:04:29.933061+00:00",
      "2026-07-23 17:04:29.933099+00:00"
    ]
  },
  "page_assemble": {
    "scope": "page",
    "count": 5,
    "times": [
      0.00091590266674757,
      0.0003684740513563156,
      0.00023517198860645294,
      0.000288953073322773,
      0.00028971675783395767
    ],
    "start_timestamps": [
      "2026-07-23 17:04:27.559938+00:00",
      "2026-07-23 17:04:27.686617+00:00",
      "2026-07-23 17:04:28.518317+00:00",
      "2026-07-23 17:04:29.933202+00:00",
      "2026-07-23 17:04:29.933530+00:00"
    ]
  },
  "doc_assemble": {
    "scope": "document",
    "count": 1,
    "times": [
      0.020486382767558098
    ],
    "start_timestamps": [
      "2026-07-23 17:04:29.934010+00:00"
    ]
  },
  "reading_order": {
    "scope": "document",
    "count": 1,
    "times": [
      0.02007587067782879
    ],
    "start_timestamps": [
      "2026-07-23 17:04:29.934061+00:00"
    ]
  },
  "doc_enrich": {
    "scope": "document",
    "count": 1,
    "times": [
      0.0014097923412919044
    ],
    "start_timestamps": [
      "2026-07-23 17:04:29.954519+00:00"
    ]
  }
}
All hyperlinked elements redacted in-memory.
Clean PDF conversion timings:
{
  "pipeline_total": {
    "scope": "document",
    "count": 1,
    "times": [
      2.9004931282252073
    ],
    "start_timestamps": [
      "2026-07-23 17:04:30.019082+00:00"
    ]
  },
  "page_parse": {
    "scope": "page",
    "count": 5,
    "times": [
      0.09487420786172152,
      0.11022740229964256,
      0.11628232523798943,
      0.09647108148783445,
      0.10867897048592567
    ],
    "start_timestamps": [
      "2026-07-23 17:04:30.023807+00:00",
      "2026-07-23 17:04:30.118721+00:00",
      "2026-07-23 17:04:30.228988+00:00",
      "2026-07-23 17:04:30.345311+00:00",
      "2026-07-23 17:04:30.441819+00:00"
    ]
  },
  "ocr": {
    "scope": "page",
    "count": 5,
    "times": [
      0.12064287904649973,
      0.1265155579894781,
      1.0763802165165544,
      1.2012097425758839,
      0.12142082303762436
    ],
    "start_timestamps": [
      "2026-07-23 17:04:30.119018+00:00",
      "2026-07-23 17:04:30.239699+00:00",
      "2026-07-23 17:04:30.366252+00:00",
      "2026-07-23 17:04:31.442700+00:00",
      "2026-07-23 17:04:32.643925+00:00"
    ]
  },
  "layout": {
    "scope": "page",
    "count": 4,
    "times": [
      0.21685632597655058,
      0.028026209212839603,
      0.026506509631872177,
      0.05631092470139265
    ],
    "start_timestamps": [
      "2026-07-23 17:04:30.239783+00:00",
      "2026-07-23 17:04:30.555993+00:00",
      "2026-07-23 17:04:31.442776+00:00",
      "2026-07-23 17:04:32.765492+00:00"
    ]
  },
  "table_structure": {
    "scope": "page",
    "count": 5,
    "times": [
      7.29663297533989e-05,
      2.6930123567581177e-05,
      2.2312626242637634e-05,
      2.4235807359218597e-05,
      1.2022443115711212e-05
    ],
    "start_timestamps": [
      "2026-07-23 17:04:30.556083+00:00",
      "2026-07-23 17:04:30.628253+00:00",
      "2026-07-23 17:04:31.491231+00:00",
      "2026-07-23 17:04:32.897712+00:00",
      "2026-07-23 17:04:32.897741+00:00"
    ]
  },
  "page_assemble": {
    "scope": "page",
    "count": 5,
    "times": [
      0.00028564687818288803,
      0.0003517931327223778,
      0.00027889572083950043,
      0.00024481117725372314,
      0.0003304416313767433
    ],
    "start_timestamps": [
      "2026-07-23 17:04:30.556210+00:00",
      "2026-07-23 17:04:30.628356+00:00",
      "2026-07-23 17:04:31.491297+00:00",
      "2026-07-23 17:04:32.897865+00:00",
      "2026-07-23 17:04:32.898142+00:00"
    ]
  },
  "doc_assemble": {
    "scope": "document",
    "count": 1,
    "times": [
      0.01954417023807764
    ],
    "start_timestamps": [
      "2026-07-23 17:04:32.898654+00:00"
    ]
  },
  "reading_order": {
    "scope": "document",
    "count": 1,
    "times": [
      0.019155188463628292
    ],
    "start_timestamps": [
      "2026-07-23 17:04:32.898698+00:00"
    ]
  },
  "doc_enrich": {
    "scope": "document",
    "count": 1,
    "times": [
      0.0013475846499204636
    ],
    "start_timestamps": [
      "2026-07-23 17:04:32.918222+00:00"
    ]
  }
}
Function parse_pdf took 6.0329 seconds to execute.
Running: get_tables
Function get_tables took 0.0000 seconds to execute.
Running: get_surrounding_paragraphs
Function get_surrounding_paragraphs took 0.0000 seconds to execute.
