Running: parse_pdf
Raw PDF conversion timings:
{
  "pipeline_total": {
    "scope": "document",
    "count": 1,
    "times": [
      49.10181985143572
    ],
    "start_timestamps": [
      "2026-07-23 20:14:38.626722+00:00"
    ]
  },
  "page_parse": {
    "scope": "page",
    "count": 7,
    "times": [
      0.1459197923541069,
      0.34789466112852097,
      0.20390162523835897,
      0.1673154542222619,
      0.1864257985725999,
      2.242034955881536,
      0.12755063269287348
    ],
    "start_timestamps": [
      "2026-07-23 20:14:38.634084+00:00",
      "2026-07-23 20:14:38.780047+00:00",
      "2026-07-23 20:14:39.127979+00:00",
      "2026-07-23 20:14:39.331921+00:00",
      "2026-07-23 20:14:39.499281+00:00",
      "2026-07-23 20:14:39.685747+00:00",
      "2026-07-23 20:14:41.927821+00:00"
    ]
  },
  "ocr": {
    "scope": "page",
    "count": 7,
    "times": [
      3.442053208127618,
      0.14876030571758747,
      0.13442795537412167,
      0.14039348158985376,
      0.13797164428979158,
      0.4929975438863039,
      0.13167901150882244
    ],
    "start_timestamps": [
      "2026-07-23 20:14:38.780119+00:00",
      "2026-07-23 20:14:42.222226+00:00",
      "2026-07-23 20:14:42.370995+00:00",
      "2026-07-23 20:14:42.505432+00:00",
      "2026-07-23 20:14:42.645835+00:00",
      "2026-07-23 20:14:42.783816+00:00",
      "2026-07-23 20:14:43.276831+00:00"
    ]
  },
  "layout": {
    "scope": "page",
    "count": 2,
    "times": [
      0.06460609938949347,
      0.0832116724923253
    ],
    "start_timestamps": [
      "2026-07-23 20:14:42.222308+00:00",
      "2026-07-23 20:14:43.408666+00:00"
    ]
  },
  "table_structure": {
    "scope": "page",
    "count": 7,
    "times": [
      2.1159648895263672e-05,
      2.50963494181633e-05,
      0.3293725270777941,
      2.0949169993400574e-05,
      1.0460615158081055e-05,
      0.4340952066704631,
      3.4343451261520386e-05
    ],
    "start_timestamps": [
      "2026-07-23 20:14:42.357818+00:00",
      "2026-07-23 20:14:43.962842+00:00",
      "2026-07-23 20:14:43.962876+00:00",
      "2026-07-23 20:14:44.292264+00:00",
      "2026-07-23 20:14:44.292288+00:00",
      "2026-07-23 20:14:44.292391+00:00",
      "2026-07-23 20:14:44.726501+00:00"
    ]
  },
  "page_assemble": {
    "scope": "page",
    "count": 7,
    "times": [
      0.002473333850502968,
      0.000841544009745121,
      0.0006921235471963882,
      0.0010889992117881775,
      0.0013072211295366287,
      0.0016139578074216843,
      0.0162419518455863
    ],
    "start_timestamps": [
      "2026-07-23 20:14:42.357902+00:00",
      "2026-07-23 20:14:44.293536+00:00",
      "2026-07-23 20:14:44.294420+00:00",
      "2026-07-23 20:14:44.295135+00:00",
      "2026-07-23 20:14:44.296246+00:00",
      "2026-07-23 20:14:44.726673+00:00",
      "2026-07-23 20:14:44.728322+00:00"
    ]
  },
  "doc_assemble": {
    "scope": "document",
    "count": 1,
    "times": [
      0.0364037724211812
    ],
    "start_timestamps": [
      "2026-07-23 20:14:44.744758+00:00"
    ]
  },
  "reading_order": {
    "scope": "document",
    "count": 1,
    "times": [
      0.03594143129885197
    ],
    "start_timestamps": [
      "2026-07-23 20:14:44.744852+00:00"
    ]
  },
  "doc_enrich": {
    "scope": "document",
    "count": 1,
    "times": [
      42.94733078405261
    ],
    "start_timestamps": [
      "2026-07-23 20:14:44.781185+00:00"
    ]
  }
}
All hyperlinked elements redacted in-memory.
--- Logging error ---
Traceback (most recent call last):
  File "/mnt/iusers01/fatpou01/chem02/b07755hv/.local/lib/python3.12/site-packages/rapidocr/main.py", line 130, in run_ocr_steps
    cropped_img_list, det_res = self.detect_and_crop(img, op_record)
                                ^^^^^^^^^^^^^^^^^^^^^^^^^^^^^^^^^^^^
  File "/mnt/iusers01/fatpou01/chem02/b07755hv/.local/lib/python3.12/site-packages/rapidocr/main.py", line 298, in detect_and_crop
    raise RapidOCRError("The text detection result is empty")
rapidocr.main.RapidOCRError: The text detection result is empty

During handling of the above exception, another exception occurred:

Traceback (most recent call last):
  File "/mnt/iusers01/fatpou01/chem02/b07755hv/.conda/envs/env/lib/python3.12/logging/__init__.py", line 1163, in emit
    stream.write(msg + self.terminator)
  File "/mnt/iusers01/fatpou01/chem02/b07755hv/ChemistryExtract/src/chemstractor/lib/extractor.py", line 298, in write
    self.file.write(data)
ValueError: I/O operation on closed file.
Call stack:
  File "/mnt/iusers01/fatpou01/chem02/b07755hv/.conda/envs/env/lib/python3.12/threading.py", line 1030, in _bootstrap
    self._bootstrap_inner()
  File "/mnt/iusers01/fatpou01/chem02/b07755hv/.conda/envs/env/lib/python3.12/threading.py", line 1073, in _bootstrap_inner
    self.run()
  File "/mnt/iusers01/fatpou01/chem02/b07755hv/.conda/envs/env/lib/python3.12/threading.py", line 1010, in run
    self._target(*self._args, **self._kwargs)
  File "/mnt/iusers01/fatpou01/chem02/b07755hv/.local/lib/python3.12/site-packages/docling/pipeline/standard_pdf_pipeline.py", line 279, in _run
    processed = self._process_batch(batch)
  File "/mnt/iusers01/fatpou01/chem02/b07755hv/.local/lib/python3.12/site-packages/docling/pipeline/standard_pdf_pipeline.py", line 344, in _process_batch
    processed_pages = list(self.model(good[0].conv_res, pages))  # type: ignore[arg-type]
  File "/mnt/iusers01/fatpou01/chem02/b07755hv/.local/lib/python3.12/site-packages/docling/models/stages/ocr/rapid_ocr_model.py", line 491, in __call__
    result = self.reader(
  File "/mnt/iusers01/fatpou01/chem02/b07755hv/.local/lib/python3.12/site-packages/rapidocr/main.py", line 120, in __call__
    det_res, cls_res, rec_res, cropped_img_list = self.run_ocr_steps(img, op_record)
  File "/mnt/iusers01/fatpou01/chem02/b07755hv/.local/lib/python3.12/site-packages/rapidocr/main.py", line 132, in run_ocr_steps
    logger.warning(e)
Message: RapidOCRError('The text detection result is empty')
Arguments: ()
RapidOCR returned empty result!
Clean PDF conversion timings:
{
  "pipeline_total": {
    "scope": "document",
    "count": 1,
    "times": [
      49.33800330013037
    ],
    "start_timestamps": [
      "2026-07-23 20:15:29.267944+00:00"
    ]
  },
  "page_parse": {
    "scope": "page",
    "count": 7,
    "times": [
      0.14206403400748968,
      0.35239323042333126,
      0.20178525522351265,
      0.13603472337126732,
      0.14101257547736168,
      2.452981213107705,
      0.1024774806573987
    ],
    "start_timestamps": [
      "2026-07-23 20:15:29.274074+00:00",
      "2026-07-23 20:15:29.416182+00:00",
      "2026-07-23 20:15:29.768615+00:00",
      "2026-07-23 20:15:29.970466+00:00",
      "2026-07-23 20:15:30.106550+00:00",
      "2026-07-23 20:15:30.247608+00:00",
      "2026-07-23 20:15:32.700649+00:00"
    ]
  },
  "ocr": {
    "scope": "page",
    "count": 7,
    "times": [
      3.447209171950817,
      0.4511613789945841,
      0.13433518633246422,
      0.13759715482592583,
      0.13425251934677362,
      0.5344005078077316,
      0.1297451863065362
    ],
    "start_timestamps": [
      "2026-07-23 20:15:29.416287+00:00",
      "2026-07-23 20:15:32.863569+00:00",
      "2026-07-23 20:15:33.314739+00:00",
      "2026-07-23 20:15:33.449083+00:00",
      "2026-07-23 20:15:33.586690+00:00",
      "2026-07-23 20:15:33.720952+00:00",
      "2026-07-23 20:15:34.255371+00:00"
    ]
  },
  "layout": {
    "scope": "page",
    "count": 2,
    "times": [
      0.05736494716256857,
      0.08294845093041658
    ],
    "start_timestamps": [
      "2026-07-23 20:15:32.863663+00:00",
      "2026-07-23 20:15:34.385258+00:00"
    ]
  },
  "table_structure": {
    "scope": "page",
    "count": 7,
    "times": [
      2.2681429982185364e-05,
      2.6769936084747314e-05,
      0.33045525662600994,
      2.4837441742420197e-05,
      1.4196150004863739e-05,
      0.44171787425875664,
      2.9967166483402252e-05
    ],
    "start_timestamps": [
      "2026-07-23 20:15:33.305730+00:00",
      "2026-07-23 20:15:34.847303+00:00",
      "2026-07-23 20:15:34.847335+00:00",
      "2026-07-23 20:15:35.177806+00:00",
      "2026-07-23 20:15:35.177834+00:00",
      "2026-07-23 20:15:35.177946+00:00",
      "2026-07-23 20:15:35.619677+00:00"
    ]
  },
  "page_assemble": {
    "scope": "page",
    "count": 7,
    "times": [
      0.0006789183244109154,
      0.0005904817953705788,
      0.0004560984671115875,
      0.0008908668532967567,
      0.0007044058293104172,
      0.0008509419858455658,
      0.0009529031813144684
    ],
    "start_timestamps": [
      "2026-07-23 20:15:33.305825+00:00",
      "2026-07-23 20:15:35.178011+00:00",
      "2026-07-23 20:15:35.178632+00:00",
      "2026-07-23 20:15:35.179112+00:00",
      "2026-07-23 20:15:35.180024+00:00",
      "2026-07-23 20:15:35.619831+00:00",
      "2026-07-23 20:15:35.620713+00:00"
    ]
  },
  "doc_assemble": {
    "scope": "document",
    "count": 1,
    "times": [
      0.035998549312353134
    ],
    "start_timestamps": [
      "2026-07-23 20:15:35.621838+00:00"
    ]
  },
  "reading_order": {
    "scope": "document",
    "count": 1,
    "times": [
      0.03552048932760954
    ],
    "start_timestamps": [
      "2026-07-23 20:15:35.621940+00:00"
    ]
  },
  "doc_enrich": {
    "scope": "document",
    "count": 1,
    "times": [
      42.948051237501204
    ],
    "start_timestamps": [
      "2026-07-23 20:15:35.657861+00:00"
    ]
  }
}
Function parse_pdf took 100.0843 seconds to execute.
Running: get_tables
Function get_tables took 0.0001 seconds to execute.
Running: get_surrounding_paragraphs
Function get_surrounding_paragraphs took 0.0001 seconds to execute.
