Running: parse_pdf
Raw PDF conversion timings:
{
  "pipeline_total": {
    "scope": "document",
    "count": 1,
    "times": [
      48.39130305219442
    ],
    "start_timestamps": [
      "2026-07-23 17:41:23.834270+00:00"
    ]
  },
  "page_parse": {
    "scope": "page",
    "count": 8,
    "times": [
      0.10593936312943697,
      0.09297024458646774,
      0.09019415080547333,
      0.12147851660847664,
      0.13852002937346697,
      0.11166758369654417,
      0.08924202900379896,
      0.0618369746953249
    ],
    "start_timestamps": [
      "2026-07-23 17:41:23.846833+00:00",
      "2026-07-23 17:41:23.952814+00:00",
      "2026-07-23 17:41:24.045825+00:00",
      "2026-07-23 17:41:24.136062+00:00",
      "2026-07-23 17:41:24.257581+00:00",
      "2026-07-23 17:41:24.396139+00:00",
      "2026-07-23 17:41:24.507844+00:00",
      "2026-07-23 17:41:24.597129+00:00"
    ]
  },
  "ocr": {
    "scope": "page",
    "count": 8,
    "times": [
      0.18664075899869204,
      0.2646099841222167,
      0.19780929759144783,
      1.8637030320242047,
      1.424539596773684,
      1.0233942000195384,
      0.12076882272958755,
      0.27224189694970846
    ],
    "start_timestamps": [
      "2026-07-23 17:41:23.952874+00:00",
      "2026-07-23 17:41:24.139550+00:00",
      "2026-07-23 17:41:24.404169+00:00",
      "2026-07-23 17:41:24.602022+00:00",
      "2026-07-23 17:41:26.465741+00:00",
      "2026-07-23 17:41:27.890296+00:00",
      "2026-07-23 17:41:28.913705+00:00",
      "2026-07-23 17:41:29.034530+00:00"
    ]
  },
  "layout": {
    "scope": "page",
    "count": 4,
    "times": [
      0.13159869238734245,
      0.10468431096524,
      0.06986038386821747,
      0.02588011510670185
    ],
    "start_timestamps": [
      "2026-07-23 17:41:24.139647+00:00",
      "2026-07-23 17:41:24.602086+00:00",
      "2026-07-23 17:41:29.034603+00:00",
      "2026-07-23 17:41:29.306932+00:00"
    ]
  },
  "table_structure": {
    "scope": "page",
    "count": 8,
    "times": [
      1.582968980073929e-05,
      2.842303365468979e-05,
      8.716247975826263e-06,
      2.4736858904361725e-05,
      1.1913478374481201e-05,
      7.40494579076767e-06,
      8.124858140945435e-06,
      1.967698335647583e-05
    ],
    "start_timestamps": [
      "2026-07-23 17:41:24.400471+00:00",
      "2026-07-23 17:41:24.804999+00:00",
      "2026-07-23 17:41:24.805032+00:00",
      "2026-07-23 17:41:29.305509+00:00",
      "2026-07-23 17:41:29.305539+00:00",
      "2026-07-23 17:41:29.305555+00:00",
      "2026-07-23 17:41:29.305566+00:00",
      "2026-07-23 17:41:29.396955+00:00"
    ]
  },
  "page_assemble": {
    "scope": "page",
    "count": 8,
    "times": [
      0.00042634177953004837,
      0.0005596727132797241,
      0.0002775518223643303,
      0.00021040532737970352,
      0.00021998398005962372,
      0.00021919142454862595,
      0.000268545001745224,
      0.00025865714997053146
    ],
    "start_timestamps": [
      "2026-07-23 17:41:24.400576+00:00",
      "2026-07-23 17:41:24.805084+00:00",
      "2026-07-23 17:41:24.805679+00:00",
      "2026-07-23 17:41:29.305637+00:00",
      "2026-07-23 17:41:29.305873+00:00",
      "2026-07-23 17:41:29.306112+00:00",
      "2026-07-23 17:41:29.306350+00:00",
      "2026-07-23 17:41:29.397033+00:00"
    ]
  },
  "doc_assemble": {
    "scope": "document",
    "count": 1,
    "times": [
      0.03938059229403734
    ],
    "start_timestamps": [
      "2026-07-23 17:41:29.397474+00:00"
    ]
  },
  "reading_order": {
    "scope": "document",
    "count": 1,
    "times": [
      0.038863349705934525
    ],
    "start_timestamps": [
      "2026-07-23 17:41:29.397564+00:00"
    ]
  },
  "doc_enrich": {
    "scope": "document",
    "count": 1,
    "times": [
      42.78867468610406
    ],
    "start_timestamps": [
      "2026-07-23 17:41:29.436878+00:00"
    ]
  }
}
All hyperlinked elements redacted in-memory.
Clean PDF conversion timings:
{
  "pipeline_total": {
    "scope": "document",
    "count": 1,
    "times": [
      47.686537384055555
    ],
    "start_timestamps": [
      "2026-07-23 17:42:12.368789+00:00"
    ]
  },
  "page_parse": {
    "scope": "page",
    "count": 8,
    "times": [
      0.10392818693071604,
      0.09178823046386242,
      0.08878770284354687,
      0.11990964319556952,
      0.13691358361393213,
      0.10994129348546267,
      0.08938456699252129,
      0.06050154101103544
    ],
    "start_timestamps": [
      "2026-07-23 17:42:12.380128+00:00",
      "2026-07-23 17:42:12.484101+00:00",
      "2026-07-23 17:42:12.575930+00:00",
      "2026-07-23 17:42:12.664762+00:00",
      "2026-07-23 17:42:12.784715+00:00",
      "2026-07-23 17:42:12.921668+00:00",
      "2026-07-23 17:42:13.031652+00:00",
      "2026-07-23 17:42:13.121082+00:00"
    ]
  },
  "ocr": {
    "scope": "page",
    "count": 8,
    "times": [
      0.18402394279837608,
      0.1276207948103547,
      0.13287534471601248,
      1.649377528578043,
      1.0974250538274646,
      1.050772757269442,
      0.1203425582498312,
      0.12040780019015074
    ],
    "start_timestamps": [
      "2026-07-23 17:42:12.484396+00:00",
      "2026-07-23 17:42:12.668454+00:00",
      "2026-07-23 17:42:12.796090+00:00",
      "2026-07-23 17:42:12.928998+00:00",
      "2026-07-23 17:42:14.578393+00:00",
      "2026-07-23 17:42:15.675904+00:00",
      "2026-07-23 17:42:16.726693+00:00",
      "2026-07-23 17:42:16.847047+00:00"
    ]
  },
  "layout": {
    "scope": "page",
    "count": 4,
    "times": [
      0.13552709389477968,
      0.2552582919597626,
      0.032142139971256256,
      0.062274305149912834
    ],
    "start_timestamps": [
      "2026-07-23 17:42:12.668545+00:00",
      "2026-07-23 17:42:12.929057+00:00",
      "2026-07-23 17:42:15.675970+00:00",
      "2026-07-23 17:42:16.967643+00:00"
    ]
  },
  "table_structure": {
    "scope": "page",
    "count": 8,
    "times": [
      2.1150335669517517e-05,
      2.9396265745162964e-05,
      9.267590939998627e-06,
      2.9335729777812958e-05,
      1.0288320481777191e-05,
      3.0848197638988495e-05,
      1.0360032320022583e-05,
      1.5319325029850006e-05
    ],
    "start_timestamps": [
      "2026-07-23 17:42:12.924638+00:00",
      "2026-07-23 17:42:13.349070+00:00",
      "2026-07-23 17:42:13.349104+00:00",
      "2026-07-23 17:42:16.105739+00:00",
      "2026-07-23 17:42:16.105773+00:00",
      "2026-07-23 17:42:17.201598+00:00",
      "2026-07-23 17:42:17.201633+00:00",
      "2026-07-23 17:42:17.201648+00:00"
    ]
  },
  "page_assemble": {
    "scope": "page",
    "count": 8,
    "times": [
      0.0003784019500017166,
      0.00045112892985343933,
      0.00044439639896154404,
      0.00028468482196331024,
      0.00029025599360466003,
      0.00027712155133485794,
      0.00026407651603221893,
      0.0002330280840396881
    ],
    "start_timestamps": [
      "2026-07-23 17:42:12.924722+00:00",
      "2026-07-23 17:42:13.349159+00:00",
      "2026-07-23 17:42:13.349675+00:00",
      "2026-07-23 17:42:16.105829+00:00",
      "2026-07-23 17:42:16.106149+00:00",
      "2026-07-23 17:42:17.201740+00:00",
      "2026-07-23 17:42:17.202046+00:00",
      "2026-07-23 17:42:17.202330+00:00"
    ]
  },
  "doc_assemble": {
    "scope": "document",
    "count": 1,
    "times": [
      0.0390057573094964
    ],
    "start_timestamps": [
      "2026-07-23 17:42:17.202725+00:00"
    ]
  },
  "reading_order": {
    "scope": "document",
    "count": 1,
    "times": [
      0.0385097935795784
    ],
    "start_timestamps": [
      "2026-07-23 17:42:17.202823+00:00"
    ]
  },
  "doc_enrich": {
    "scope": "document",
    "count": 1,
    "times": [
      42.813540381379426
    ],
    "start_timestamps": [
      "2026-07-23 17:42:17.241755+00:00"
    ]
  }
}
Function parse_pdf took 96.6271 seconds to execute.
Running: get_tables
Function get_tables took 0.0001 seconds to execute.
Running: get_surrounding_paragraphs
Function get_surrounding_paragraphs took 0.0001 seconds to execute.
