Running: parse_pdf
Raw PDF conversion timings:
{
  "pipeline_total": {
    "scope": "document",
    "count": 1,
    "times": [
      0.8359980648383498
    ],
    "start_timestamps": [
      "2026-07-23 18:08:33.345696+00:00"
    ]
  },
  "page_parse": {
    "scope": "page",
    "count": 1,
    "times": [
      0.1686847023665905
    ],
    "start_timestamps": [
      "2026-07-23 18:08:33.348674+00:00"
    ]
  },
  "ocr": {
    "scope": "page",
    "count": 1,
    "times": [
      0.5907467370852828
    ],
    "start_timestamps": [
      "2026-07-23 18:08:33.517478+00:00"
    ]
  },
  "layout": {
    "scope": "page",
    "count": 1,
    "times": [
      0.0597054660320282
    ],
    "start_timestamps": [
      "2026-07-23 18:08:34.108435+00:00"
    ]
  },
  "table_structure": {
    "scope": "page",
    "count": 1,
    "times": [
      1.8685124814510345e-05
    ],
    "start_timestamps": [
      "2026-07-23 18:08:34.176843+00:00"
    ]
  },
  "page_assemble": {
    "scope": "page",
    "count": 1,
    "times": [
      0.00017936713993549347
    ],
    "start_timestamps": [
      "2026-07-23 18:08:34.176972+00:00"
    ]
  },
  "doc_assemble": {
    "scope": "document",
    "count": 1,
    "times": [
      0.004109656438231468
    ],
    "start_timestamps": [
      "2026-07-23 18:08:34.177289+00:00"
    ]
  },
  "reading_order": {
    "scope": "document",
    "count": 1,
    "times": [
      0.0037837931886315346
    ],
    "start_timestamps": [
      "2026-07-23 18:08:34.177311+00:00"
    ]
  },
  "doc_enrich": {
    "scope": "document",
    "count": 1,
    "times": [
      0.00025671347975730896
    ],
    "start_timestamps": [
      "2026-07-23 18:08:34.181432+00:00"
    ]
  }
}
All hyperlinked elements redacted in-memory.
Clean PDF conversion timings:
{
  "pipeline_total": {
    "scope": "document",
    "count": 1,
    "times": [
      0.8156100772321224
    ],
    "start_timestamps": [
      "2026-07-23 18:08:34.206308+00:00"
    ]
  },
  "page_parse": {
    "scope": "page",
    "count": 1,
    "times": [
      0.16834248788654804
    ],
    "start_timestamps": [
      "2026-07-23 18:08:34.209025+00:00"
    ]
  },
  "ocr": {
    "scope": "page",
    "count": 1,
    "times": [
      0.5757359322160482
    ],
    "start_timestamps": [
      "2026-07-23 18:08:34.377502+00:00"
    ]
  },
  "layout": {
    "scope": "page",
    "count": 1,
    "times": [
      0.05494859255850315
    ],
    "start_timestamps": [
      "2026-07-23 18:08:34.953484+00:00"
    ]
  },
  "table_structure": {
    "scope": "page",
    "count": 1,
    "times": [
      2.4366192519664764e-05
    ],
    "start_timestamps": [
      "2026-07-23 18:08:35.017005+00:00"
    ]
  },
  "page_assemble": {
    "scope": "page",
    "count": 1,
    "times": [
      0.00017260480672121048
    ],
    "start_timestamps": [
      "2026-07-23 18:08:35.017127+00:00"
    ]
  },
  "doc_assemble": {
    "scope": "document",
    "count": 1,
    "times": [
      0.0041709523648023605
    ],
    "start_timestamps": [
      "2026-07-23 18:08:35.017461+00:00"
    ]
  },
  "reading_order": {
    "scope": "document",
    "count": 1,
    "times": [
      0.003836611285805702
    ],
    "start_timestamps": [
      "2026-07-23 18:08:35.017486+00:00"
    ]
  },
  "doc_enrich": {
    "scope": "document",
    "count": 1,
    "times": [
      0.00025811605155467987
    ],
    "start_timestamps": [
      "2026-07-23 18:08:35.021655+00:00"
    ]
  }
}
Function parse_pdf took 1.7277 seconds to execute.
Running: get_tables
Function get_tables took 0.0000 seconds to execute.
Running: get_surrounding_paragraphs
Function get_surrounding_paragraphs took 0.0000 seconds to execute.
