Running: parse_pdf
Raw PDF conversion timings:
{
  "pipeline_total": {
    "scope": "document",
    "count": 1,
    "times": [
      11.2616934357211
    ],
    "start_timestamps": [
      "2026-07-23 17:43:45.288854+00:00"
    ]
  },
  "page_parse": {
    "scope": "page",
    "count": 8,
    "times": [
      0.14567904267460108,
      0.20232111774384975,
      0.13983967620879412,
      0.19547799322754145,
      0.21007084008306265,
      0.2589357318356633,
      0.2715285671874881,
      0.2992404783144593
    ],
    "start_timestamps": [
      "2026-07-23 17:43:45.295025+00:00",
      "2026-07-23 17:43:45.440747+00:00",
      "2026-07-23 17:43:45.643114+00:00",
      "2026-07-23 17:43:45.782999+00:00",
      "2026-07-23 17:43:45.978522+00:00",
      "2026-07-23 17:43:46.188643+00:00",
      "2026-07-23 17:43:46.447629+00:00",
      "2026-07-23 17:43:46.719212+00:00"
    ]
  },
  "ocr": {
    "scope": "page",
    "count": 8,
    "times": [
      0.22211990132927895,
      0.33122163265943527,
      1.4129063542932272,
      1.0092592583969235,
      2.3740366445854306,
      1.3378554210066795,
      0.8020741883665323,
      0.1403900207951665
    ],
    "start_timestamps": [
      "2026-07-23 17:43:45.441059+00:00",
      "2026-07-23 17:43:45.663223+00:00",
      "2026-07-23 17:43:45.994484+00:00",
      "2026-07-23 17:43:47.407414+00:00",
      "2026-07-23 17:43:48.416729+00:00",
      "2026-07-23 17:43:50.790786+00:00",
      "2026-07-23 17:43:52.128659+00:00",
      "2026-07-23 17:43:52.930755+00:00"
    ]
  },
  "layout": {
    "scope": "page",
    "count": 4,
    "times": [
      0.3439310258254409,
      0.03147274814546108,
      0.05902157165110111,
      0.07104196958243847
    ],
    "start_timestamps": [
      "2026-07-23 17:43:45.663363+00:00",
      "2026-07-23 17:43:46.457890+00:00",
      "2026-07-23 17:43:48.416805+00:00",
      "2026-07-23 17:43:53.071309+00:00"
    ]
  },
  "table_structure": {
    "scope": "page",
    "count": 8,
    "times": [
      2.345256507396698e-05,
      3.478582948446274e-05,
      1.0356726767495275,
      1.242739524692297,
      2.600904554128647e-05,
      0.8817433500662446,
      3.7600286304950714e-05,
      1.4186836779117584e-05
    ],
    "start_timestamps": [
      "2026-07-23 17:43:46.458012+00:00",
      "2026-07-23 17:43:46.999833+00:00",
      "2026-07-23 17:43:48.737390+00:00",
      "2026-07-23 17:43:49.773081+00:00",
      "2026-07-23 17:43:53.595691+00:00",
      "2026-07-23 17:43:53.595722+00:00",
      "2026-07-23 17:43:54.477488+00:00",
      "2026-07-23 17:43:54.477523+00:00"
    ]
  },
  "page_assemble": {
    "scope": "page",
    "count": 8,
    "times": [
      0.003600604832172394,
      0.0009693941101431847,
      0.0005433429032564163,
      0.0006286129355430603,
      0.00048309843987226486,
      0.000532311387360096,
      0.042893918231129646,
      0.11214455775916576
    ],
    "start_timestamps": [
      "2026-07-23 17:43:46.458107+00:00",
      "2026-07-23 17:43:46.999927+00:00",
      "2026-07-23 17:43:51.015920+00:00",
      "2026-07-23 17:43:51.016502+00:00",
      "2026-07-23 17:43:54.477728+00:00",
      "2026-07-23 17:43:54.478250+00:00",
      "2026-07-23 17:43:54.478807+00:00",
      "2026-07-23 17:43:54.521730+00:00"
    ]
  },
  "doc_assemble": {
    "scope": "document",
    "count": 1,
    "times": [
      0.37448855116963387
    ],
    "start_timestamps": [
      "2026-07-23 17:43:54.634099+00:00"
    ]
  },
  "reading_order": {
    "scope": "document",
    "count": 1,
    "times": [
      0.37390255834907293
    ],
    "start_timestamps": [
      "2026-07-23 17:43:54.634205+00:00"
    ]
  },
  "doc_enrich": {
    "scope": "document",
    "count": 1,
    "times": [
      1.5418951837345958
    ],
    "start_timestamps": [
      "2026-07-23 17:43:55.008616+00:00"
    ]
  }
}
All hyperlinked elements redacted in-memory.
Clean PDF conversion timings:
{
  "pipeline_total": {
    "scope": "document",
    "count": 1,
    "times": [
      10.885507884435356
    ],
    "start_timestamps": [
      "2026-07-23 17:44:03.060642+00:00"
    ]
  },
  "page_parse": {
    "scope": "page",
    "count": 8,
    "times": [
      0.14269209373742342,
      0.205777732655406,
      0.14123005233705044,
      0.1937793167307973,
      0.20899756159633398,
      0.27068958804011345,
      0.13940446730703115,
      0.12406009621918201
    ],
    "start_timestamps": [
      "2026-07-23 17:44:03.067053+00:00",
      "2026-07-23 17:44:03.209790+00:00",
      "2026-07-23 17:44:03.415612+00:00",
      "2026-07-23 17:44:03.556888+00:00",
      "2026-07-23 17:44:03.750708+00:00",
      "2026-07-23 17:44:03.959755+00:00",
      "2026-07-23 17:44:04.230493+00:00",
      "2026-07-23 17:44:04.369974+00:00"
    ]
  },
  "ocr": {
    "scope": "page",
    "count": 8,
    "times": [
      0.2262554718181491,
      0.33067438192665577,
      1.3813088899478316,
      1.0032241828739643,
      2.2923708464950323,
      1.5223358199000359,
      0.7739663496613503,
      0.12768354173749685
    ],
    "start_timestamps": [
      "2026-07-23 17:44:03.210177+00:00",
      "2026-07-23 17:44:03.436478+00:00",
      "2026-07-23 17:44:03.767195+00:00",
      "2026-07-23 17:44:05.148520+00:00",
      "2026-07-23 17:44:06.151802+00:00",
      "2026-07-23 17:44:08.444193+00:00",
      "2026-07-23 17:44:09.966546+00:00",
      "2026-07-23 17:44:10.740530+00:00"
    ]
  },
  "layout": {
    "scope": "page",
    "count": 4,
    "times": [
      0.3445805972442031,
      0.135548853315413,
      0.05984855908900499,
      0.06685498636215925
    ],
    "start_timestamps": [
      "2026-07-23 17:44:03.436570+00:00",
      "2026-07-23 17:44:04.245122+00:00",
      "2026-07-23 17:44:06.151897+00:00",
      "2026-07-23 17:44:10.868381+00:00"
    ]
  },
  "table_structure": {
    "scope": "page",
    "count": 8,
    "times": [
      2.3964792490005493e-05,
      2.8913840651512146e-05,
      1.1227495167404413,
      1.4681424666196108,
      2.633035182952881e-05,
      0.87655617762357,
      3.134924918413162e-05,
      0.2874477570876479
    ],
    "start_timestamps": [
      "2026-07-23 17:44:04.245236+00:00",
      "2026-07-23 17:44:04.703663+00:00",
      "2026-07-23 17:44:06.474879+00:00",
      "2026-07-23 17:44:07.597645+00:00",
      "2026-07-23 17:44:11.209906+00:00",
      "2026-07-23 17:44:11.209937+00:00",
      "2026-07-23 17:44:12.086510+00:00",
      "2026-07-23 17:44:12.086543+00:00"
    ]
  },
  "page_assemble": {
    "scope": "page",
    "count": 8,
    "times": [
      0.0009519113227725029,
      0.0009349985048174858,
      0.0005826558917760849,
      0.000638982281088829,
      0.000491725280880928,
      0.0005168113857507706,
      0.0006164293736219406,
      2.3575499653816223e-05
    ],
    "start_timestamps": [
      "2026-07-23 17:44:04.245319+00:00",
      "2026-07-23 17:44:04.703740+00:00",
      "2026-07-23 17:44:09.070982+00:00",
      "2026-07-23 17:44:09.071639+00:00",
      "2026-07-23 17:44:12.374166+00:00",
      "2026-07-23 17:44:12.374700+00:00",
      "2026-07-23 17:44:12.375242+00:00",
      "2026-07-23 17:44:12.375878+00:00"
    ]
  },
  "doc_assemble": {
    "scope": "document",
    "count": 1,
    "times": [
      0.03648780658841133
    ],
    "start_timestamps": [
      "2026-07-23 17:44:12.376107+00:00"
    ]
  },
  "reading_order": {
    "scope": "document",
    "count": 1,
    "times": [
      0.03593866340816021
    ],
    "start_timestamps": [
      "2026-07-23 17:44:12.376222+00:00"
    ]
  },
  "doc_enrich": {
    "scope": "document",
    "count": 1,
    "times": [
      1.5334963230416179
    ],
    "start_timestamps": [
      "2026-07-23 17:44:12.412625+00:00"
    ]
  }
}
Function parse_pdf took 29.1100 seconds to execute.
Running: get_tables
Function get_tables took 0.0001 seconds to execute.
Running: get_surrounding_paragraphs
Function get_surrounding_paragraphs took 0.0001 seconds to execute.
