Running: parse_pdf
Raw PDF conversion timings:
{
  "pipeline_total": {
    "scope": "document",
    "count": 1,
    "times": [
      18.01206336542964
    ],
    "start_timestamps": [
      "2026-07-23 19:51:15.979112+00:00"
    ]
  },
  "page_parse": {
    "scope": "page",
    "count": 15,
    "times": [
      0.13161427155137062,
      0.11210392694920301,
      0.10857223067432642,
      0.11431794334203005,
      0.054431209340691566,
      0.11631115339696407,
      0.24174062628298998,
      0.14850873406976461,
      0.26021466217935085,
      0.1670274008065462,
      0.18429020699113607,
      0.15416045859456062,
      0.14270828757435083,
      0.11674241535365582,
      0.17718118987977505
    ],
    "start_timestamps": [
      "2026-07-23 19:51:15.983448+00:00",
      "2026-07-23 19:51:16.115104+00:00",
      "2026-07-23 19:51:16.227250+00:00",
      "2026-07-23 19:51:16.335863+00:00",
      "2026-07-23 19:51:16.450224+00:00",
      "2026-07-23 19:51:16.504692+00:00",
      "2026-07-23 19:51:16.621042+00:00",
      "2026-07-23 19:51:16.862823+00:00",
      "2026-07-23 19:51:17.011376+00:00",
      "2026-07-23 19:51:17.271636+00:00",
      "2026-07-23 19:51:17.438711+00:00",
      "2026-07-23 19:51:17.623047+00:00",
      "2026-07-23 19:51:17.777252+00:00",
      "2026-07-23 19:51:17.920001+00:00",
      "2026-07-23 19:51:18.036819+00:00"
    ]
  },
  "ocr": {
    "scope": "page",
    "count": 15,
    "times": [
      0.12552433274686337,
      0.21469318959861994,
      0.17873503360897303,
      0.2325790273025632,
      0.44352966360747814,
      0.13459696434438229,
      2.8364656437188387,
      2.6641713408753276,
      3.0679124305024743,
      1.2311619268730283,
      0.9175655618309975,
      2.1783023038879037,
      0.8271971475332975,
      0.12459094543009996,
      0.12056177295744419
    ],
    "start_timestamps": [
      "2026-07-23 19:51:16.115423+00:00",
      "2026-07-23 19:51:16.240992+00:00",
      "2026-07-23 19:51:16.455725+00:00",
      "2026-07-23 19:51:16.634476+00:00",
      "2026-07-23 19:51:16.867102+00:00",
      "2026-07-23 19:51:17.310643+00:00",
      "2026-07-23 19:51:17.445256+00:00",
      "2026-07-23 19:51:20.281819+00:00",
      "2026-07-23 19:51:22.946009+00:00",
      "2026-07-23 19:51:26.013937+00:00",
      "2026-07-23 19:51:27.245114+00:00",
      "2026-07-23 19:51:28.162698+00:00",
      "2026-07-23 19:51:30.341020+00:00",
      "2026-07-23 19:51:31.168233+00:00",
      "2026-07-23 19:51:31.292834+00:00"
    ]
  },
  "layout": {
    "scope": "page",
    "count": 5,
    "times": [
      0.2790748719125986,
      0.0326889231801033,
      0.1459604473784566,
      0.06268717534840107,
      0.0924467658624053
    ],
    "start_timestamps": [
      "2026-07-23 19:51:16.241083+00:00",
      "2026-07-23 19:51:16.621516+00:00",
      "2026-07-23 19:51:16.867174+00:00",
      "2026-07-23 19:51:20.281889+00:00",
      "2026-07-23 19:51:31.413629+00:00"
    ]
  },
  "table_structure": {
    "scope": "page",
    "count": 15,
    "times": [
      1.8154270946979523e-05,
      2.1229498088359833e-05,
      1.7150335861369967,
      3.1268224120140076e-05,
      4.470688230358064,
      1.1642855303362012,
      1.8705613911151886e-05,
      3.4003518521785736e-05,
      8.87550413608551e-06,
      6.11133873462677e-06,
      0.3631608448922634,
      2.3214146494865417e-05,
      1.3004988431930542e-05,
      1.5217810869216919e-05,
      1.253373920917511e-05
    ],
    "start_timestamps": [
      "2026-07-23 19:51:16.621614+00:00",
      "2026-07-23 19:51:16.699870+00:00",
      "2026-07-23 19:51:17.307078+00:00",
      "2026-07-23 19:51:19.022128+00:00",
      "2026-07-23 19:51:20.473693+00:00",
      "2026-07-23 19:51:24.957413+00:00",
      "2026-07-23 19:51:26.108697+00:00",
      "2026-07-23 19:51:31.771583+00:00",
      "2026-07-23 19:51:31.771624+00:00",
      "2026-07-23 19:51:31.771637+00:00",
      "2026-07-23 19:51:31.771647+00:00",
      "2026-07-23 19:51:32.135016+00:00",
      "2026-07-23 19:51:32.135042+00:00",
      "2026-07-23 19:51:32.135059+00:00",
      "2026-07-23 19:51:32.135078+00:00"
    ]
  },
  "page_assemble": {
    "scope": "page",
    "count": 15,
    "times": [
      0.0015943506732583046,
      0.00044304411858320236,
      0.000521891750395298,
      0.000449606217443943,
      7.334817200899124e-05,
      0.0002969792112708092,
      0.0001576775684952736,
      0.00023992173373699188,
      0.0001352354884147644,
      0.00014348048716783524,
      0.00014220736920833588,
      9.290501475334167e-05,
      0.00038146786391735077,
      0.004599335603415966,
      0.008068382740020752
    ],
    "start_timestamps": [
      "2026-07-23 19:51:16.621694+00:00",
      "2026-07-23 19:51:16.699932+00:00",
      "2026-07-23 19:51:19.022326+00:00",
      "2026-07-23 19:51:19.022883+00:00",
      "2026-07-23 19:51:26.109094+00:00",
      "2026-07-23 19:51:26.109198+00:00",
      "2026-07-23 19:51:26.109517+00:00",
      "2026-07-23 19:51:32.135189+00:00",
      "2026-07-23 19:51:32.135467+00:00",
      "2026-07-23 19:51:32.135626+00:00",
      "2026-07-23 19:51:32.135792+00:00",
      "2026-07-23 19:51:32.135957+00:00",
      "2026-07-23 19:51:32.136070+00:00",
      "2026-07-23 19:51:32.136471+00:00",
      "2026-07-23 19:51:32.141097+00:00"
    ]
  },
  "doc_assemble": {
    "scope": "document",
    "count": 1,
    "times": [
      0.4040166772902012
    ],
    "start_timestamps": [
      "2026-07-23 19:51:32.149412+00:00"
    ]
  },
  "reading_order": {
    "scope": "document",
    "count": 1,
    "times": [
      0.4031985476613045
    ],
    "start_timestamps": [
      "2026-07-23 19:51:32.149536+00:00"
    ]
  },
  "doc_enrich": {
    "scope": "document",
    "count": 1,
    "times": [
      1.4377000713720918
    ],
    "start_timestamps": [
      "2026-07-23 19:51:32.553460+00:00"
    ]
  }
}
All hyperlinked elements redacted in-memory.
Clean PDF conversion timings:
{
  "pipeline_total": {
    "scope": "document",
    "count": 1,
    "times": [
      25.776397610083222
    ],
    "start_timestamps": [
      "2026-07-23 19:51:34.522767+00:00"
    ]
  },
  "page_parse": {
    "scope": "page",
    "count": 15,
    "times": [
      0.12214924953877926,
      0.10391676984727383,
      0.1018288703635335,
      0.108515914529562,
      0.05458828341215849,
      0.07487070187926292,
      0.25839891470968723,
      0.1829259991645813,
      0.1994572775438428,
      0.1832004962489009,
      0.15432233270257711,
      0.20850698743015528,
      0.2557279681786895,
      0.09863683488219976,
      0.16085280291736126
    ],
    "start_timestamps": [
      "2026-07-23 19:51:34.526503+00:00",
      "2026-07-23 19:51:34.648692+00:00",
      "2026-07-23 19:51:34.752652+00:00",
      "2026-07-23 19:51:34.854523+00:00",
      "2026-07-23 19:51:34.963083+00:00",
      "2026-07-23 19:51:35.017711+00:00",
      "2026-07-23 19:51:35.092624+00:00",
      "2026-07-23 19:51:35.351074+00:00",
      "2026-07-23 19:51:35.534045+00:00",
      "2026-07-23 19:51:35.733556+00:00",
      "2026-07-23 19:51:35.916802+00:00",
      "2026-07-23 19:51:36.071174+00:00",
      "2026-07-23 19:51:36.279724+00:00",
      "2026-07-23 19:51:36.535509+00:00",
      "2026-07-23 19:51:36.634204+00:00"
    ]
  },
  "ocr": {
    "scope": "page",
    "count": 15,
    "times": [
      0.2082653334364295,
      0.16487652342766523,
      0.1384026352316141,
      0.4540259353816509,
      0.12679023295640945,
      0.1827298104763031,
      4.1523412251845,
      2.5082585448399186,
      1.805029229260981,
      1.180775599554181,
      0.9272457389160991,
      2.111081076785922,
      0.7950156684964895,
      0.12309885676950216,
      0.12207298632711172
    ],
    "start_timestamps": [
      "2026-07-23 19:51:34.649049+00:00",
      "2026-07-23 19:51:34.857347+00:00",
      "2026-07-23 19:51:35.022238+00:00",
      "2026-07-23 19:51:35.160674+00:00",
      "2026-07-23 19:51:35.614714+00:00",
      "2026-07-23 19:51:35.741521+00:00",
      "2026-07-23 19:51:35.924312+00:00",
      "2026-07-23 19:51:40.076671+00:00",
      "2026-07-23 19:51:42.584951+00:00",
      "2026-07-23 19:51:44.389999+00:00",
      "2026-07-23 19:51:45.570889+00:00",
      "2026-07-23 19:51:46.498150+00:00",
      "2026-07-23 19:51:48.609248+00:00",
      "2026-07-23 19:51:49.404279+00:00",
      "2026-07-23 19:51:49.527387+00:00"
    ]
  },
  "layout": {
    "scope": "page",
    "count": 5,
    "times": [
      0.24518879503011703,
      0.06222379207611084,
      0.18951570987701416,
      0.06962158437818289,
      0.08301360532641411
    ],
    "start_timestamps": [
      "2026-07-23 19:51:34.857435+00:00",
      "2026-07-23 19:51:35.160732+00:00",
      "2026-07-23 19:51:35.924394+00:00",
      "2026-07-23 19:51:45.570980+00:00",
      "2026-07-23 19:51:49.649641+00:00"
    ]
  },
  "table_structure": {
    "scope": "page",
    "count": 15,
    "times": [
      2.1399930119514465e-05,
      2.781301736831665e-05,
      2.113227115944028,
      3.08183953166008e-05,
      3.287702741101384,
      1.2658281922340393,
      3.316253423690796e-05,
      8.495524525642395e-06,
      5.991198122501373e-06,
      4.627741873264313e-06,
      0.36339724995195866,
      2.4946406483650208e-05,
      1.394655555486679e-05,
      1.8885359168052673e-05,
      8.361915431916714
    ],
    "start_timestamps": [
      "2026-07-23 19:51:35.152174+00:00",
      "2026-07-23 19:51:35.609023+00:00",
      "2026-07-23 19:51:35.609056+00:00",
      "2026-07-23 19:51:37.722432+00:00",
      "2026-07-23 19:51:37.722465+00:00",
      "2026-07-23 19:51:41.010188+00:00",
      "2026-07-23 19:51:45.739123+00:00",
      "2026-07-23 19:51:45.739162+00:00",
      "2026-07-23 19:51:45.739174+00:00",
      "2026-07-23 19:51:45.739184+00:00",
      "2026-07-23 19:51:49.965036+00:00",
      "2026-07-23 19:51:50.328448+00:00",
      "2026-07-23 19:51:50.328476+00:00",
      "2026-07-23 19:51:50.328494+00:00",
      "2026-07-23 19:51:50.328687+00:00"
    ]
  },
  "page_assemble": {
    "scope": "page",
    "count": 15,
    "times": [
      0.000523705966770649,
      0.0005293451249599457,
      0.00046444404870271683,
      0.0005622496828436852,
      5.1827169954776764e-05,
      0.00034219399094581604,
      0.0002724332734942436,
      0.00011733174324035645,
      0.0001191040500998497,
      0.00011763162910938263,
      0.00028294138610363007,
      0.00010139122605323792,
      0.0004007341340184212,
      0.00042620114982128143,
      0.00010225269943475723
    ],
    "start_timestamps": [
      "2026-07-23 19:51:35.152299+00:00",
      "2026-07-23 19:51:37.722527+00:00",
      "2026-07-23 19:51:37.723100+00:00",
      "2026-07-23 19:51:42.276436+00:00",
      "2026-07-23 19:51:42.277036+00:00",
      "2026-07-23 19:51:42.277109+00:00",
      "2026-07-23 19:51:45.739250+00:00",
      "2026-07-23 19:51:45.739559+00:00",
      "2026-07-23 19:51:45.739699+00:00",
      "2026-07-23 19:51:45.739839+00:00",
      "2026-07-23 19:51:50.328746+00:00",
      "2026-07-23 19:51:50.329066+00:00",
      "2026-07-23 19:51:50.329190+00:00",
      "2026-07-23 19:51:50.329615+00:00",
      "2026-07-23 19:51:58.691043+00:00"
    ]
  },
  "doc_assemble": {
    "scope": "document",
    "count": 1,
    "times": [
      0.07535069435834885
    ],
    "start_timestamps": [
      "2026-07-23 19:51:58.691445+00:00"
    ]
  },
  "reading_order": {
    "scope": "document",
    "count": 1,
    "times": [
      0.0746073666960001
    ],
    "start_timestamps": [
      "2026-07-23 19:51:58.691675+00:00"
    ]
  },
  "doc_enrich": {
    "scope": "document",
    "count": 1,
    "times": [
      1.5323145864531398
    ],
    "start_timestamps": [
      "2026-07-23 19:51:58.766828+00:00"
    ]
  }
}
Function parse_pdf took 44.4172 seconds to execute.
Running: get_tables
Function get_tables took 0.0001 seconds to execute.
Running: get_surrounding_paragraphs
Function get_surrounding_paragraphs took 0.0001 seconds to execute.
