Running: parse_pdf
Raw PDF conversion timings:
{
  "pipeline_total": {
    "scope": "document",
    "count": 1,
    "times": [
      1.3732695234939456
    ],
    "start_timestamps": [
      "2026-07-23 17:10:57.782294+00:00"
    ]
  },
  "page_parse": {
    "scope": "page",
    "count": 6,
    "times": [
      0.09792693797498941,
      0.0867665484547615,
      0.16986905224621296,
      0.0758248707279563,
      0.1264911638572812,
      0.042460872791707516
    ],
    "start_timestamps": [
      "2026-07-23 17:10:57.786244+00:00",
      "2026-07-23 17:10:57.884213+00:00",
      "2026-07-23 17:10:57.971016+00:00",
      "2026-07-23 17:10:58.140928+00:00",
      "2026-07-23 17:10:58.216795+00:00",
      "2026-07-23 17:10:58.343327+00:00"
    ]
  },
  "ocr": {
    "scope": "page",
    "count": 6,
    "times": [
      0.26191162038594484,
      0.20206875912845135,
      0.11838817689567804,
      0.11870415229350328,
      0.12627417501062155,
      0.11777449306100607
    ],
    "start_timestamps": [
      "2026-07-23 17:10:57.884317+00:00",
      "2026-07-23 17:10:58.146264+00:00",
      "2026-07-23 17:10:58.348348+00:00",
      "2026-07-23 17:10:58.466770+00:00",
      "2026-07-23 17:10:58.585484+00:00",
      "2026-07-23 17:10:58.711767+00:00"
    ]
  },
  "layout": {
    "scope": "page",
    "count": 3,
    "times": [
      0.2593988813459873,
      0.05786465760320425,
      0.06197820696979761
    ],
    "start_timestamps": [
      "2026-07-23 17:10:58.146375+00:00",
      "2026-07-23 17:10:58.466831+00:00",
      "2026-07-23 17:10:58.829678+00:00"
    ]
  },
  "table_structure": {
    "scope": "page",
    "count": 6,
    "times": [
      1.9526109099388123e-05,
      2.023950219154358e-05,
      8.4657222032547e-06,
      1.8746592104434967e-05,
      1.9286759197711945e-05,
      7.152557373046875e-06
    ],
    "start_timestamps": [
      "2026-07-23 17:10:58.461615+00:00",
      "2026-07-23 17:10:58.568946+00:00",
      "2026-07-23 17:10:58.568970+00:00",
      "2026-07-23 17:10:59.119079+00:00",
      "2026-07-23 17:10:59.119101+00:00",
      "2026-07-23 17:10:59.119126+00:00"
    ]
  },
  "page_assemble": {
    "scope": "page",
    "count": 6,
    "times": [
      0.00036067888140678406,
      0.0003219861537218094,
      0.00017918739467859268,
      0.0001591881737112999,
      0.0005799401551485062,
      0.00011076778173446655
    ],
    "start_timestamps": [
      "2026-07-23 17:10:58.461696+00:00",
      "2026-07-23 17:10:58.569022+00:00",
      "2026-07-23 17:10:58.569377+00:00",
      "2026-07-23 17:10:59.119209+00:00",
      "2026-07-23 17:10:59.119429+00:00",
      "2026-07-23 17:10:59.120035+00:00"
    ]
  },
  "doc_assemble": {
    "scope": "document",
    "count": 1,
    "times": [
      0.033900597132742405
    ],
    "start_timestamps": [
      "2026-07-23 17:10:59.120289+00:00"
    ]
  },
  "reading_order": {
    "scope": "document",
    "count": 1,
    "times": [
      0.03341032564640045
    ],
    "start_timestamps": [
      "2026-07-23 17:10:59.120426+00:00"
    ]
  },
  "doc_enrich": {
    "scope": "document",
    "count": 1,
    "times": [
      0.0013461532071232796
    ],
    "start_timestamps": [
      "2026-07-23 17:10:59.154213+00:00"
    ]
  }
}
All hyperlinked elements redacted in-memory.
Clean PDF conversion timings:
{
  "pipeline_total": {
    "scope": "document",
    "count": 1,
    "times": [
      1.3980715526267886
    ],
    "start_timestamps": [
      "2026-07-23 17:10:59.190184+00:00"
    ]
  },
  "page_parse": {
    "scope": "page",
    "count": 6,
    "times": [
      0.12076930794864893,
      0.08591205161064863,
      0.17000604048371315,
      0.07696246169507504,
      0.12530682422220707,
      0.04134128708392382
    ],
    "start_timestamps": [
      "2026-07-23 17:10:59.194010+00:00",
      "2026-07-23 17:10:59.314818+00:00",
      "2026-07-23 17:10:59.400767+00:00",
      "2026-07-23 17:10:59.570813+00:00",
      "2026-07-23 17:10:59.647815+00:00",
      "2026-07-23 17:10:59.773162+00:00"
    ]
  },
  "ocr": {
    "scope": "page",
    "count": 6,
    "times": [
      0.2601441629230976,
      0.20276082027703524,
      0.11803216766566038,
      0.12420095410197973,
      0.12575499806553125,
      0.11701117549091578
    ],
    "start_timestamps": [
      "2026-07-23 17:10:59.315115+00:00",
      "2026-07-23 17:10:59.575294+00:00",
      "2026-07-23 17:10:59.778070+00:00",
      "2026-07-23 17:10:59.896137+00:00",
      "2026-07-23 17:11:00.020348+00:00",
      "2026-07-23 17:11:00.146113+00:00"
    ]
  },
  "layout": {
    "scope": "page",
    "count": 3,
    "times": [
      0.24637125805020332,
      0.057389202527701855,
      0.06262925267219543
    ],
    "start_timestamps": [
      "2026-07-23 17:10:59.575375+00:00",
      "2026-07-23 17:10:59.896194+00:00",
      "2026-07-23 17:11:00.263240+00:00"
    ]
  },
  "table_structure": {
    "scope": "page",
    "count": 6,
    "times": [
      2.1410174667835236e-05,
      2.0328909158706665e-05,
      6.433576345443726e-06,
      2.2732652723789215e-05,
      1.3295561075210571e-05,
      6.621703505516052e-06
    ],
    "start_timestamps": [
      "2026-07-23 17:10:59.877025+00:00",
      "2026-07-23 17:10:59.999957+00:00",
      "2026-07-23 17:10:59.999980+00:00",
      "2026-07-23 17:11:00.552208+00:00",
      "2026-07-23 17:11:00.552236+00:00",
      "2026-07-23 17:11:00.552253+00:00"
    ]
  },
  "page_assemble": {
    "scope": "page",
    "count": 6,
    "times": [
      0.00037280190736055374,
      0.00034212227910757065,
      0.00016895774751901627,
      0.00014102552086114883,
      0.00046845246106386185,
      9.410642087459564e-05
    ],
    "start_timestamps": [
      "2026-07-23 17:10:59.877110+00:00",
      "2026-07-23 17:11:00.000225+00:00",
      "2026-07-23 17:11:00.000602+00:00",
      "2026-07-23 17:11:00.552326+00:00",
      "2026-07-23 17:11:00.552496+00:00",
      "2026-07-23 17:11:00.552986+00:00"
    ]
  },
  "doc_assemble": {
    "scope": "document",
    "count": 1,
    "times": [
      0.03362789377570152
    ],
    "start_timestamps": [
      "2026-07-23 17:11:00.553230+00:00"
    ]
  },
  "reading_order": {
    "scope": "document",
    "count": 1,
    "times": [
      0.033184158615767956
    ],
    "start_timestamps": [
      "2026-07-23 17:11:00.553318+00:00"
    ]
  },
  "doc_enrich": {
    "scope": "document",
    "count": 1,
    "times": [
      0.0013683745637536049
    ],
    "start_timestamps": [
      "2026-07-23 17:11:00.586882+00:00"
    ]
  }
}
Function parse_pdf took 2.9662 seconds to execute.
Running: get_tables
Function get_tables took 0.0000 seconds to execute.
Running: get_surrounding_paragraphs
Function get_surrounding_paragraphs took 0.0000 seconds to execute.
