Running: parse_pdf
Raw PDF conversion timings:
{
  "pipeline_total": {
    "scope": "document",
    "count": 1,
    "times": [
      73.31130859348923
    ],
    "start_timestamps": [
      "2026-07-23 16:34:09.043422+00:00"
    ]
  },
  "page_parse": {
    "scope": "page",
    "count": 7,
    "times": [
      0.09564236458390951,
      0.32629685662686825,
      0.32540836464613676,
      0.33225264586508274,
      0.334796872921288,
      0.3222487289458513,
      0.3590853437781334
    ],
    "start_timestamps": [
      "2026-07-23 16:34:09.044993+00:00",
      "2026-07-23 16:34:09.140677+00:00",
      "2026-07-23 16:34:09.467013+00:00",
      "2026-07-23 16:34:09.792473+00:00",
      "2026-07-23 16:34:10.124768+00:00",
      "2026-07-23 16:34:10.459636+00:00",
      "2026-07-23 16:34:10.781938+00:00"
    ]
  },
  "ocr": {
    "scope": "page",
    "count": 7,
    "times": [
      3.197700467891991,
      3.072390920482576,
      3.2008366687223315,
      3.2236216496676207,
      3.121881422586739,
      2.7889967942610383,
      2.417517281137407
    ],
    "start_timestamps": [
      "2026-07-23 16:34:09.140943+00:00",
      "2026-07-23 16:34:12.338726+00:00",
      "2026-07-23 16:34:15.411132+00:00",
      "2026-07-23 16:34:18.611983+00:00",
      "2026-07-23 16:34:21.835629+00:00",
      "2026-07-23 16:34:24.957526+00:00",
      "2026-07-23 16:34:27.746538+00:00"
    ]
  },
  "layout": {
    "scope": "page",
    "count": 2,
    "times": [
      0.07202274352312088,
      0.0876544015482068
    ],
    "start_timestamps": [
      "2026-07-23 16:34:12.338802+00:00",
      "2026-07-23 16:34:30.164288+00:00"
    ]
  },
  "table_structure": {
    "scope": "page",
    "count": 7,
    "times": [
      1.9215978682041168e-05,
      4.111696034669876e-05,
      0.7497364087030292,
      0.7544393185526133,
      0.6756701450794935,
      0.66602114867419,
      3.315135836601257e-05
    ],
    "start_timestamps": [
      "2026-07-23 16:34:12.421996+00:00",
      "2026-07-23 16:34:30.478426+00:00",
      "2026-07-23 16:34:30.478473+00:00",
      "2026-07-23 16:34:31.228225+00:00",
      "2026-07-23 16:34:31.982678+00:00",
      "2026-07-23 16:34:32.658554+00:00",
      "2026-07-23 16:34:33.324590+00:00"
    ]
  },
  "page_assemble": {
    "scope": "page",
    "count": 7,
    "times": [
      0.0019861869513988495,
      0.0002543088048696518,
      0.00017219409346580505,
      0.00012441352009773254,
      0.00020280200988054276,
      0.0002724127843976021,
      0.0002759993076324463
    ],
    "start_timestamps": [
      "2026-07-23 16:34:12.422083+00:00",
      "2026-07-23 16:34:32.659512+00:00",
      "2026-07-23 16:34:32.659804+00:00",
      "2026-07-23 16:34:32.659999+00:00",
      "2026-07-23 16:34:32.660148+00:00",
      "2026-07-23 16:34:33.324840+00:00",
      "2026-07-23 16:34:33.325152+00:00"
    ]
  },
  "doc_assemble": {
    "scope": "document",
    "count": 1,
    "times": [
      0.036461456678807735
    ],
    "start_timestamps": [
      "2026-07-23 16:34:33.325665+00:00"
    ]
  },
  "reading_order": {
    "scope": "document",
    "count": 1,
    "times": [
      0.03579943161457777
    ],
    "start_timestamps": [
      "2026-07-23 16:34:33.325892+00:00"
    ]
  },
  "doc_enrich": {
    "scope": "document",
    "count": 1,
    "times": [
      48.99255959317088
    ],
    "start_timestamps": [
      "2026-07-23 16:34:33.362157+00:00"
    ]
  }
}
All hyperlinked elements redacted in-memory.
Clean PDF conversion timings:
{
  "pipeline_total": {
    "scope": "document",
    "count": 1,
    "times": [
      72.54166382271796
    ],
    "start_timestamps": [
      "2026-07-23 16:35:22.424109+00:00"
    ]
  },
  "page_parse": {
    "scope": "page",
    "count": 7,
    "times": [
      0.09061225317418575,
      0.3270545629784465,
      0.32857536524534225,
      0.3316566217690706,
      0.3433604557067156,
      0.36031068954616785,
      0.38907874189317226
    ],
    "start_timestamps": [
      "2026-07-23 16:35:22.425714+00:00",
      "2026-07-23 16:35:22.516367+00:00",
      "2026-07-23 16:35:22.843461+00:00",
      "2026-07-23 16:35:23.172082+00:00",
      "2026-07-23 16:35:23.503786+00:00",
      "2026-07-23 16:35:23.847188+00:00",
      "2026-07-23 16:35:24.207582+00:00"
    ]
  },
  "ocr": {
    "scope": "page",
    "count": 7,
    "times": [
      2.768209752626717,
      2.9963745372369885,
      3.1920116236433387,
      3.1601678738370538,
      3.0517486138269305,
      2.7607948295772076,
      2.353209814056754
    ],
    "start_timestamps": [
      "2026-07-23 16:35:22.516553+00:00",
      "2026-07-23 16:35:25.284842+00:00",
      "2026-07-23 16:35:28.281232+00:00",
      "2026-07-23 16:35:31.473261+00:00",
      "2026-07-23 16:35:34.633445+00:00",
      "2026-07-23 16:35:37.685210+00:00",
      "2026-07-23 16:35:40.446022+00:00"
    ]
  },
  "layout": {
    "scope": "page",
    "count": 2,
    "times": [
      0.07692768424749374,
      0.0899177361279726
    ],
    "start_timestamps": [
      "2026-07-23 16:35:25.284960+00:00",
      "2026-07-23 16:35:42.799465+00:00"
    ]
  },
  "table_structure": {
    "scope": "page",
    "count": 7,
    "times": [
      2.23526731133461e-05,
      2.677924931049347e-05,
      0.7518314877524972,
      0.7551000192761421,
      0.677017342299223,
      0.6694368179887533,
      3.3511780202388763e-05
    ],
    "start_timestamps": [
      "2026-07-23 16:35:25.369347+00:00",
      "2026-07-23 16:35:43.109444+00:00",
      "2026-07-23 16:35:43.109473+00:00",
      "2026-07-23 16:35:43.861320+00:00",
      "2026-07-23 16:35:44.616435+00:00",
      "2026-07-23 16:35:45.293654+00:00",
      "2026-07-23 16:35:45.963105+00:00"
    ]
  },
  "page_assemble": {
    "scope": "page",
    "count": 7,
    "times": [
      0.0004555266350507736,
      0.00025611091405153275,
      0.0003755372017621994,
      0.0001291334629058838,
      0.00020809099078178406,
      0.00029815081506967545,
      0.0002722814679145813
    ],
    "start_timestamps": [
      "2026-07-23 16:35:25.369454+00:00",
      "2026-07-23 16:35:45.294728+00:00",
      "2026-07-23 16:35:45.295019+00:00",
      "2026-07-23 16:35:45.295429+00:00",
      "2026-07-23 16:35:45.295577+00:00",
      "2026-07-23 16:35:45.963364+00:00",
      "2026-07-23 16:35:45.963798+00:00"
    ]
  },
  "doc_assemble": {
    "scope": "document",
    "count": 1,
    "times": [
      0.034667132422327995
    ],
    "start_timestamps": [
      "2026-07-23 16:35:45.964270+00:00"
    ]
  },
  "reading_order": {
    "scope": "document",
    "count": 1,
    "times": [
      0.0341227175667882
    ],
    "start_timestamps": [
      "2026-07-23 16:35:45.964416+00:00"
    ]
  },
  "doc_enrich": {
    "scope": "document",
    "count": 1,
    "times": [
      48.96678394638002
    ],
    "start_timestamps": [
      "2026-07-23 16:35:45.998968+00:00"
    ]
  }
}
Function parse_pdf took 146.0940 seconds to execute.
Running: get_tables
Function get_tables took 0.0001 seconds to execute.
Running: get_surrounding_paragraphs
Function get_surrounding_paragraphs took 0.0001 seconds to execute.
