Running: parse_pdf
Raw PDF conversion timings:
{
  "pipeline_total": {
    "scope": "document",
    "count": 1,
    "times": [
      61.80630345456302
    ],
    "start_timestamps": [
      "2026-07-18 02:32:42.004998+00:00"
    ]
  },
  "page_parse": {
    "scope": "page",
    "count": 11,
    "times": [
      0.12031956110149622,
      0.15188347548246384,
      0.11854026280343533,
      0.12613469269126654,
      0.21188697684556246,
      0.14872458204627037,
      0.14301768317818642,
      0.13155600521713495,
      0.16958615835756063,
      0.1487905466929078,
      0.17697656527161598
    ],
    "start_timestamps": [
      "2026-07-18 02:32:42.012122+00:00",
      "2026-07-18 02:32:42.132487+00:00",
      "2026-07-18 02:32:42.284419+00:00",
      "2026-07-18 02:32:42.403009+00:00",
      "2026-07-18 02:32:42.529188+00:00",
      "2026-07-18 02:32:42.741122+00:00",
      "2026-07-18 02:32:42.889890+00:00",
      "2026-07-18 02:32:43.032955+00:00",
      "2026-07-18 02:32:43.164558+00:00",
      "2026-07-18 02:32:43.334189+00:00",
      "2026-07-18 02:32:43.483019+00:00"
    ]
  },
  "ocr": {
    "scope": "page",
    "count": 11,
    "times": [
      1.9841098450124264,
      1.6638477528467774,
      0.1261944966390729,
      0.5182424103841186,
      1.6420279033482075,
      0.7134663537144661,
      1.596160943619907,
      1.0178045108914375,
      0.1281613977625966,
      0.13040184322744608,
      0.5191267747431993
    ],
    "start_timestamps": [
      "2026-07-18 02:32:42.132798+00:00",
      "2026-07-18 02:32:44.117171+00:00",
      "2026-07-18 02:32:45.781034+00:00",
      "2026-07-18 02:32:45.907238+00:00",
      "2026-07-18 02:32:46.425500+00:00",
      "2026-07-18 02:32:48.067545+00:00",
      "2026-07-18 02:32:48.781029+00:00",
      "2026-07-18 02:32:50.377207+00:00",
      "2026-07-18 02:32:51.395028+00:00",
      "2026-07-18 02:32:51.523202+00:00",
      "2026-07-18 02:32:51.653617+00:00"
    ]
  },
  "layout": {
    "scope": "page",
    "count": 2,
    "times": [
      0.07195250689983368,
      0.13018246926367283
    ],
    "start_timestamps": [
      "2026-07-18 02:32:44.117252+00:00",
      "2026-07-18 02:32:52.173015+00:00"
    ]
  },
  "table_structure": {
    "scope": "page",
    "count": 11,
    "times": [
      1.9256025552749634e-05,
      2.0558014512062073e-05,
      0.4505744567140937,
      0.2771543748676777,
      1.832377165555954e-05,
      0.4801992243155837,
      2.209097146987915e-05,
      1.1272728443145752e-05,
      1.3384968042373657e-05,
      2.5667250156402588e-05,
      1.252349466085434e-05
    ],
    "start_timestamps": [
      "2026-07-18 02:32:44.265007+00:00",
      "2026-07-18 02:32:53.055780+00:00",
      "2026-07-18 02:32:53.055805+00:00",
      "2026-07-18 02:32:53.506408+00:00",
      "2026-07-18 02:32:53.783569+00:00",
      "2026-07-18 02:32:53.783677+00:00",
      "2026-07-18 02:32:54.263894+00:00",
      "2026-07-18 02:32:54.263919+00:00",
      "2026-07-18 02:32:54.263934+00:00",
      "2026-07-18 02:32:54.264208+00:00",
      "2026-07-18 02:32:54.264238+00:00"
    ]
  },
  "page_assemble": {
    "scope": "page",
    "count": 11,
    "times": [
      0.002411307767033577,
      0.00054169911891222,
      0.0005171326920390129,
      0.0010538622736930847,
      0.0006216000765562057,
      0.0011570369824767113,
      0.000934898853302002,
      0.0011854106560349464,
      0.0014141714200377464,
      0.01886483933776617,
      0.005518714897334576
    ],
    "start_timestamps": [
      "2026-07-18 02:32:44.265079+00:00",
      "2026-07-18 02:32:53.783739+00:00",
      "2026-07-18 02:32:53.784314+00:00",
      "2026-07-18 02:32:53.784854+00:00",
      "2026-07-18 02:32:53.785929+00:00",
      "2026-07-18 02:32:54.264319+00:00",
      "2026-07-18 02:32:54.265517+00:00",
      "2026-07-18 02:32:54.266472+00:00",
      "2026-07-18 02:32:54.267677+00:00",
      "2026-07-18 02:32:54.269111+00:00",
      "2026-07-18 02:32:54.288007+00:00"
    ]
  },
  "doc_assemble": {
    "scope": "document",
    "count": 1,
    "times": [
      0.050131093710660934
    ],
    "start_timestamps": [
      "2026-07-18 02:32:54.293867+00:00"
    ]
  },
  "reading_order": {
    "scope": "document",
    "count": 1,
    "times": [
      0.04948987811803818
    ],
    "start_timestamps": [
      "2026-07-18 02:32:54.294093+00:00"
    ]
  },
  "doc_enrich": {
    "scope": "document",
    "count": 1,
    "times": [
      49.46725452598184
    ],
    "start_timestamps": [
      "2026-07-18 02:32:54.344023+00:00"
    ]
  }
}
All hyperlinked elements redacted in-memory.
Clean PDF conversion timings:
{
  "pipeline_total": {
    "scope": "document",
    "count": 1,
    "times": [
      64.17218499910086
    ],
    "start_timestamps": [
      "2026-07-18 02:33:44.493977+00:00"
    ]
  },
  "page_parse": {
    "scope": "page",
    "count": 11,
    "times": [
      0.11681790836155415,
      0.14187887031584978,
      0.10911345109343529,
      0.4754004441201687,
      0.1887213969603181,
      0.12004546169191599,
      0.12567194644361734,
      0.11421597190201283,
      0.11174171697348356,
      0.09257621597498655,
      0.11668850388377905
    ],
    "start_timestamps": [
      "2026-07-18 02:33:44.499654+00:00",
      "2026-07-18 02:33:44.616513+00:00",
      "2026-07-18 02:33:44.758440+00:00",
      "2026-07-18 02:33:44.867606+00:00",
      "2026-07-18 02:33:45.343053+00:00",
      "2026-07-18 02:33:45.531821+00:00",
      "2026-07-18 02:33:45.651917+00:00",
      "2026-07-18 02:33:45.777632+00:00",
      "2026-07-18 02:33:45.891893+00:00",
      "2026-07-18 02:33:46.003678+00:00",
      "2026-07-18 02:33:46.096299+00:00"
    ]
  },
  "ocr": {
    "scope": "page",
    "count": 11,
    "times": [
      1.9070838540792465,
      1.6818232471123338,
      0.1267486223950982,
      0.503582950681448,
      1.6601915759965777,
      0.7327044224366546,
      1.5081777768209577,
      0.9500005226582289,
      0.12812204658985138,
      0.12619084306061268,
      0.6937088798731565
    ],
    "start_timestamps": [
      "2026-07-18 02:33:44.616809+00:00",
      "2026-07-18 02:33:46.523952+00:00",
      "2026-07-18 02:33:48.205792+00:00",
      "2026-07-18 02:33:48.332549+00:00",
      "2026-07-18 02:33:48.836151+00:00",
      "2026-07-18 02:33:50.496361+00:00",
      "2026-07-18 02:33:51.229083+00:00",
      "2026-07-18 02:33:52.737278+00:00",
      "2026-07-18 02:33:53.687298+00:00",
      "2026-07-18 02:33:53.815429+00:00",
      "2026-07-18 02:33:53.941631+00:00"
    ]
  },
  "layout": {
    "scope": "page",
    "count": 2,
    "times": [
      0.06563227996230125,
      0.1404509637504816
    ],
    "start_timestamps": [
      "2026-07-18 02:33:46.524032+00:00",
      "2026-07-18 02:33:54.635591+00:00"
    ]
  },
  "table_structure": {
    "scope": "page",
    "count": 11,
    "times": [
      1.874566078186035e-05,
      2.847425639629364e-05,
      0.4478475218638778,
      0.2765763085335493,
      2.2812746465206146e-05,
      0.48012495413422585,
      2.33333557844162e-05,
      1.353677362203598e-05,
      1.4116987586021423e-05,
      3.591645509004593e-05,
      1.9867904484272003e-05
    ],
    "start_timestamps": [
      "2026-07-18 02:33:46.643086+00:00",
      "2026-07-18 02:33:55.573479+00:00",
      "2026-07-18 02:33:55.573512+00:00",
      "2026-07-18 02:33:56.021377+00:00",
      "2026-07-18 02:33:56.297968+00:00",
      "2026-07-18 02:33:56.298081+00:00",
      "2026-07-18 02:33:56.778224+00:00",
      "2026-07-18 02:33:56.778250+00:00",
      "2026-07-18 02:33:56.778267+00:00",
      "2026-07-18 02:33:56.778506+00:00",
      "2026-07-18 02:33:56.778546+00:00"
    ]
  },
  "page_assemble": {
    "scope": "page",
    "count": 11,
    "times": [
      0.0007105469703674316,
      0.00039368122816085815,
      0.00035146065056324005,
      0.0006789173930883408,
      0.0003847237676382065,
      0.0006007002666592598,
      0.000525258481502533,
      0.0007430780678987503,
      0.0006901286542415619,
      0.003113348037004471,
      0.00033365748822689056
    ],
    "start_timestamps": [
      "2026-07-18 02:33:46.643151+00:00",
      "2026-07-18 02:33:56.298144+00:00",
      "2026-07-18 02:33:56.298571+00:00",
      "2026-07-18 02:33:56.298943+00:00",
      "2026-07-18 02:33:56.299644+00:00",
      "2026-07-18 02:33:56.778663+00:00",
      "2026-07-18 02:33:56.779296+00:00",
      "2026-07-18 02:33:56.779842+00:00",
      "2026-07-18 02:33:56.780605+00:00",
      "2026-07-18 02:33:56.781331+00:00",
      "2026-07-18 02:33:56.784473+00:00"
    ]
  },
  "doc_assemble": {
    "scope": "document",
    "count": 1,
    "times": [
      0.10196065250784159
    ],
    "start_timestamps": [
      "2026-07-18 02:33:56.785085+00:00"
    ]
  },
  "reading_order": {
    "scope": "document",
    "count": 1,
    "times": [
      0.10137056279927492
    ],
    "start_timestamps": [
      "2026-07-18 02:33:56.785211+00:00"
    ]
  },
  "doc_enrich": {
    "scope": "document",
    "count": 1,
    "times": [
      51.779053093865514
    ],
    "start_timestamps": [
      "2026-07-18 02:33:56.887069+00:00"
    ]
  }
}
Function parse_pdf took 126.9952 seconds to execute.
Running: get_tables
Function get_tables took 0.0001 seconds to execute.
Running: get_surrounding_paragraphs
Function get_surrounding_paragraphs took 0.0001 seconds to execute.
