Running: parse_pdf
Raw PDF conversion timings:
{
  "pipeline_total": {
    "scope": "document",
    "count": 1,
    "times": [
      47.449089207686484
    ],
    "start_timestamps": [
      "2026-07-17 19:21:23.887625+00:00"
    ]
  },
  "page_parse": {
    "scope": "page",
    "count": 6,
    "times": [
      0.04104326665401459,
      0.08315966371446848,
      0.07356489263474941,
      0.08282698784023523,
      0.09398370888084173,
      0.084554148837924
    ],
    "start_timestamps": [
      "2026-07-17 19:21:23.890268+00:00",
      "2026-07-17 19:21:23.931349+00:00",
      "2026-07-17 19:21:24.014544+00:00",
      "2026-07-17 19:21:24.088145+00:00",
      "2026-07-17 19:21:24.171020+00:00",
      "2026-07-17 19:21:24.265056+00:00"
    ]
  },
  "ocr": {
    "scope": "page",
    "count": 6,
    "times": [
      0.15732397511601448,
      0.17934181075543165,
      0.8556132568046451,
      1.0604389561340213,
      0.7771390527486801,
      0.1188385533168912
    ],
    "start_timestamps": [
      "2026-07-17 19:21:23.931605+00:00",
      "2026-07-17 19:21:24.088961+00:00",
      "2026-07-17 19:21:24.268315+00:00",
      "2026-07-17 19:21:25.124025+00:00",
      "2026-07-17 19:21:26.184481+00:00",
      "2026-07-17 19:21:26.961637+00:00"
    ]
  },
  "layout": {
    "scope": "page",
    "count": 3,
    "times": [
      0.23962398059666157,
      0.06541390065103769,
      0.06458156369626522
    ],
    "start_timestamps": [
      "2026-07-17 19:21:24.089058+00:00",
      "2026-07-17 19:21:25.124113+00:00",
      "2026-07-17 19:21:27.080727+00:00"
    ]
  },
  "table_structure": {
    "scope": "page",
    "count": 6,
    "times": [
      1.601036638021469e-05,
      2.888403832912445e-05,
      9.387731552124023e-06,
      0.8744963016360998,
      2.453569322824478e-05,
      1.4848075807094574e-05
    ],
    "start_timestamps": [
      "2026-07-17 19:21:24.331889+00:00",
      "2026-07-17 19:21:25.276444+00:00",
      "2026-07-17 19:21:25.276478+00:00",
      "2026-07-17 19:21:27.219541+00:00",
      "2026-07-17 19:21:28.094056+00:00",
      "2026-07-17 19:21:28.094084+00:00"
    ]
  },
  "page_assemble": {
    "scope": "page",
    "count": 6,
    "times": [
      0.00048256758600473404,
      0.0017265798524022102,
      0.0002016201615333557,
      0.00016105268150568008,
      0.00029378291219472885,
      0.0006471173837780952
    ],
    "start_timestamps": [
      "2026-07-17 19:21:24.331950+00:00",
      "2026-07-17 19:21:25.276531+00:00",
      "2026-07-17 19:21:25.278287+00:00",
      "2026-07-17 19:21:28.094498+00:00",
      "2026-07-17 19:21:28.094702+00:00",
      "2026-07-17 19:21:28.095016+00:00"
    ]
  },
  "doc_assemble": {
    "scope": "document",
    "count": 1,
    "times": [
      0.027986680157482624
    ],
    "start_timestamps": [
      "2026-07-17 19:21:28.095858+00:00"
    ]
  },
  "reading_order": {
    "scope": "document",
    "count": 1,
    "times": [
      0.02754133101552725
    ],
    "start_timestamps": [
      "2026-07-17 19:21:28.095919+00:00"
    ]
  },
  "doc_enrich": {
    "scope": "document",
    "count": 1,
    "times": [
      43.21281970757991
    ],
    "start_timestamps": [
      "2026-07-17 19:21:28.123869+00:00"
    ]
  }
}
All hyperlinked elements redacted in-memory.
Clean PDF conversion timings:
{
  "pipeline_total": {
    "scope": "document",
    "count": 1,
    "times": [
      47.00132051575929
    ],
    "start_timestamps": [
      "2026-07-17 19:22:11.447821+00:00"
    ]
  },
  "page_parse": {
    "scope": "page",
    "count": 6,
    "times": [
      0.036717187613248825,
      0.07847211044281721,
      0.07419221848249435,
      0.09204392321407795,
      0.08842011727392673,
      0.07544976379722357
    ],
    "start_timestamps": [
      "2026-07-17 19:22:11.450110+00:00",
      "2026-07-17 19:22:11.486870+00:00",
      "2026-07-17 19:22:11.565380+00:00",
      "2026-07-17 19:22:11.639609+00:00",
      "2026-07-17 19:22:11.731694+00:00",
      "2026-07-17 19:22:11.820156+00:00"
    ]
  },
  "ocr": {
    "scope": "page",
    "count": 6,
    "times": [
      0.15541737992316484,
      0.18125406559556723,
      0.808076567016542,
      1.0236892029643059,
      0.824043545871973,
      0.12046391051262617
    ],
    "start_timestamps": [
      "2026-07-17 19:22:11.487133+00:00",
      "2026-07-17 19:22:11.642591+00:00",
      "2026-07-17 19:22:11.823865+00:00",
      "2026-07-17 19:22:12.632024+00:00",
      "2026-07-17 19:22:13.655729+00:00",
      "2026-07-17 19:22:14.479789+00:00"
    ]
  },
  "layout": {
    "scope": "page",
    "count": 3,
    "times": [
      0.17960541415959597,
      0.06759927608072758,
      0.06530338618904352
    ],
    "start_timestamps": [
      "2026-07-17 19:22:11.642738+00:00",
      "2026-07-17 19:22:12.632090+00:00",
      "2026-07-17 19:22:14.600420+00:00"
    ]
  },
  "table_structure": {
    "scope": "page",
    "count": 6,
    "times": [
      1.5288591384887695e-05,
      2.575945109128952e-05,
      8.936971426010132e-06,
      0.8736483082175255,
      1.8355436623096466e-05,
      8.0866739153862e-06
    ],
    "start_timestamps": [
      "2026-07-17 19:22:11.828296+00:00",
      "2026-07-17 19:22:12.782348+00:00",
      "2026-07-17 19:22:12.782379+00:00",
      "2026-07-17 19:22:14.739879+00:00",
      "2026-07-17 19:22:15.613543+00:00",
      "2026-07-17 19:22:15.613564+00:00"
    ]
  },
  "page_assemble": {
    "scope": "page",
    "count": 6,
    "times": [
      0.00047329068183898926,
      0.0003213249146938324,
      0.00018913578242063522,
      0.00017037056386470795,
      0.0003256015479564667,
      0.0002722926437854767
    ],
    "start_timestamps": [
      "2026-07-17 19:22:11.828363+00:00",
      "2026-07-17 19:22:12.782439+00:00",
      "2026-07-17 19:22:12.782788+00:00",
      "2026-07-17 19:22:15.613848+00:00",
      "2026-07-17 19:22:15.614063+00:00",
      "2026-07-17 19:22:15.614424+00:00"
    ]
  },
  "doc_assemble": {
    "scope": "document",
    "count": 1,
    "times": [
      0.031405714340507984
    ],
    "start_timestamps": [
      "2026-07-17 19:22:15.614901+00:00"
    ]
  },
  "reading_order": {
    "scope": "document",
    "count": 1,
    "times": [
      0.03092628251761198
    ],
    "start_timestamps": [
      "2026-07-17 19:22:15.614996+00:00"
    ]
  },
  "doc_enrich": {
    "scope": "document",
    "count": 1,
    "times": [
      42.802771270275116
    ],
    "start_timestamps": [
      "2026-07-17 19:22:15.646331+00:00"
    ]
  }
}
Function parse_pdf took 94.6449 seconds to execute.
Running: get_tables
Function get_tables took 0.0001 seconds to execute.
Running: get_surrounding_paragraphs
Function get_surrounding_paragraphs took 0.0001 seconds to execute.
