Running: parse_pdf
Raw PDF conversion timings:
{
  "pipeline_total": {
    "scope": "document",
    "count": 1,
    "times": [
      4.6809161901474
    ],
    "start_timestamps": [
      "2026-07-23 17:23:48.959871+00:00"
    ]
  },
  "page_parse": {
    "scope": "page",
    "count": 7,
    "times": [
      0.0672883065417409,
      0.10963461641222239,
      0.08597245719283819,
      0.07603168021887541,
      0.08399180974811316,
      0.08973170258104801,
      0.058195265009999275
    ],
    "start_timestamps": [
      "2026-07-23 17:23:48.964232+00:00",
      "2026-07-23 17:23:49.031559+00:00",
      "2026-07-23 17:23:49.141231+00:00",
      "2026-07-23 17:23:49.227241+00:00",
      "2026-07-23 17:23:49.303319+00:00",
      "2026-07-23 17:23:49.387352+00:00",
      "2026-07-23 17:23:49.477122+00:00"
    ]
  },
  "ocr": {
    "scope": "page",
    "count": 7,
    "times": [
      0.12552038114517927,
      0.14890382438898087,
      0.1777366641908884,
      0.11852466594427824,
      0.9096365198493004,
      0.12569646164774895,
      0.12942013051360846
    ],
    "start_timestamps": [
      "2026-07-23 17:23:49.031835+00:00",
      "2026-07-23 17:23:49.157394+00:00",
      "2026-07-23 17:23:49.306329+00:00",
      "2026-07-23 17:23:49.484086+00:00",
      "2026-07-23 17:23:49.602645+00:00",
      "2026-07-23 17:23:50.512300+00:00",
      "2026-07-23 17:23:50.638013+00:00"
    ]
  },
  "layout": {
    "scope": "page",
    "count": 4,
    "times": [
      0.24199747294187546,
      0.06623954325914383,
      0.057115563191473484,
      0.08552259113639593
    ],
    "start_timestamps": [
      "2026-07-23 17:23:49.157520+00:00",
      "2026-07-23 17:23:49.479509+00:00",
      "2026-07-23 17:23:49.602702+00:00",
      "2026-07-23 17:23:50.767596+00:00"
    ]
  },
  "table_structure": {
    "scope": "page",
    "count": 7,
    "times": [
      1.660175621509552e-05,
      2.0668841898441315e-05,
      0.8741635056212544,
      0.49207457061856985,
      0.3598700016736984,
      0.39183482620865107,
      2.61794775724411e-05
    ],
    "start_timestamps": [
      "2026-07-23 17:23:49.479629+00:00",
      "2026-07-23 17:23:49.559184+00:00",
      "2026-07-23 17:23:49.706873+00:00",
      "2026-07-23 17:23:50.581047+00:00",
      "2026-07-23 17:23:51.073285+00:00",
      "2026-07-23 17:23:51.433171+00:00",
      "2026-07-23 17:23:51.825019+00:00"
    ]
  },
  "page_assemble": {
    "scope": "page",
    "count": 7,
    "times": [
      0.00016059167683124542,
      0.0001647304743528366,
      0.00028073880821466446,
      0.00020076800137758255,
      0.00025552138686180115,
      0.00022553373128175735,
      0.00020687002688646317
    ],
    "start_timestamps": [
      "2026-07-23 17:23:49.479769+00:00",
      "2026-07-23 17:23:49.559244+00:00",
      "2026-07-23 17:23:51.073344+00:00",
      "2026-07-23 17:23:51.073661+00:00",
      "2026-07-23 17:23:51.825292+00:00",
      "2026-07-23 17:23:51.825587+00:00",
      "2026-07-23 17:23:51.825838+00:00"
    ]
  },
  "doc_assemble": {
    "scope": "document",
    "count": 1,
    "times": [
      0.021137798205018044
    ],
    "start_timestamps": [
      "2026-07-23 17:23:51.826232+00:00"
    ]
  },
  "reading_order": {
    "scope": "document",
    "count": 1,
    "times": [
      0.02065193373709917
    ],
    "start_timestamps": [
      "2026-07-23 17:23:51.826296+00:00"
    ]
  },
  "doc_enrich": {
    "scope": "document",
    "count": 1,
    "times": [
      1.79336223192513
    ],
    "start_timestamps": [
      "2026-07-23 17:23:51.847411+00:00"
    ]
  }
}
All hyperlinked elements redacted in-memory.
Clean PDF conversion timings:
{
  "pipeline_total": {
    "scope": "document",
    "count": 1,
    "times": [
      4.690836717374623
    ],
    "start_timestamps": [
      "2026-07-23 17:23:53.677099+00:00"
    ]
  },
  "page_parse": {
    "scope": "page",
    "count": 7,
    "times": [
      0.06898361723870039,
      0.11253398284316063,
      0.0854900786653161,
      0.077882444486022,
      0.0809176154434681,
      0.08955414779484272,
      0.05522619839757681
    ],
    "start_timestamps": [
      "2026-07-23 17:23:53.681078+00:00",
      "2026-07-23 17:23:53.750100+00:00",
      "2026-07-23 17:23:53.862672+00:00",
      "2026-07-23 17:23:53.948203+00:00",
      "2026-07-23 17:23:54.026127+00:00",
      "2026-07-23 17:23:54.107084+00:00",
      "2026-07-23 17:23:54.196673+00:00"
    ]
  },
  "ocr": {
    "scope": "page",
    "count": 7,
    "times": [
      0.12159880064427853,
      0.1575614968314767,
      0.17193083837628365,
      0.11887745000422001,
      1.0873484872281551,
      0.12457174528390169,
      0.12247422896325588
    ],
    "start_timestamps": [
      "2026-07-23 17:23:53.750334+00:00",
      "2026-07-23 17:23:53.871970+00:00",
      "2026-07-23 17:23:54.029564+00:00",
      "2026-07-23 17:23:54.201706+00:00",
      "2026-07-23 17:23:54.320616+00:00",
      "2026-07-23 17:23:55.407982+00:00",
      "2026-07-23 17:23:55.532562+00:00"
    ]
  },
  "layout": {
    "scope": "page",
    "count": 4,
    "times": [
      0.24494989961385727,
      0.06622719950973988,
      0.05708154942840338,
      0.06156512722373009
    ],
    "start_timestamps": [
      "2026-07-23 17:23:53.872062+00:00",
      "2026-07-23 17:23:54.196525+00:00",
      "2026-07-23 17:23:54.320673+00:00",
      "2026-07-23 17:23:55.655147+00:00"
    ]
  },
  "table_structure": {
    "scope": "page",
    "count": 7,
    "times": [
      5.034543573856354e-05,
      2.238154411315918e-05,
      0.5803301958367229,
      0.40411600563675165,
      0.35707805771380663,
      0.3914899565279484,
      2.5909394025802612e-05
    ],
    "start_timestamps": [
      "2026-07-23 17:23:54.196822+00:00",
      "2026-07-23 17:23:54.276044+00:00",
      "2026-07-23 17:23:54.426703+00:00",
      "2026-07-23 17:23:55.007046+00:00",
      "2026-07-23 17:23:55.804135+00:00",
      "2026-07-23 17:23:56.161229+00:00",
      "2026-07-23 17:23:56.552734+00:00"
    ]
  },
  "page_assemble": {
    "scope": "page",
    "count": 7,
    "times": [
      0.0001708604395389557,
      0.00016283616423606873,
      0.00024045351892709732,
      0.00016702432185411453,
      0.0002552010118961334,
      0.0002300729975104332,
      0.00021516438573598862
    ],
    "start_timestamps": [
      "2026-07-23 17:23:54.196955+00:00",
      "2026-07-23 17:23:54.276106+00:00",
      "2026-07-23 17:23:55.411420+00:00",
      "2026-07-23 17:23:55.411693+00:00",
      "2026-07-23 17:23:56.553008+00:00",
      "2026-07-23 17:23:56.553303+00:00",
      "2026-07-23 17:23:56.553560+00:00"
    ]
  },
  "doc_assemble": {
    "scope": "document",
    "count": 1,
    "times": [
      0.020549381151795387
    ],
    "start_timestamps": [
      "2026-07-23 17:23:56.553961+00:00"
    ]
  },
  "reading_order": {
    "scope": "document",
    "count": 1,
    "times": [
      0.020118510350584984
    ],
    "start_timestamps": [
      "2026-07-23 17:23:56.554023+00:00"
    ]
  },
  "doc_enrich": {
    "scope": "document",
    "count": 1,
    "times": [
      1.7933871680870652
    ],
    "start_timestamps": [
      "2026-07-23 17:23:56.574535+00:00"
    ]
  }
}
Function parse_pdf took 9.4735 seconds to execute.
Running: get_tables
Function get_tables took 0.0000 seconds to execute.
Running: get_surrounding_paragraphs
Function get_surrounding_paragraphs took 0.0001 seconds to execute.
