Running: parse_pdf
Raw PDF conversion timings:
{
  "pipeline_total": {
    "scope": "document",
    "count": 1,
    "times": [
      4.601883749477565
    ],
    "start_timestamps": [
      "2026-07-17 18:20:52.722329+00:00"
    ]
  },
  "page_parse": {
    "scope": "page",
    "count": 5,
    "times": [
      0.1228645108640194,
      0.17486055474728346,
      0.1456389781087637,
      0.16223662439733744,
      0.05521435756236315
    ],
    "start_timestamps": [
      "2026-07-17 18:20:52.726290+00:00",
      "2026-07-17 18:20:52.849197+00:00",
      "2026-07-17 18:20:53.024095+00:00",
      "2026-07-17 18:20:53.169783+00:00",
      "2026-07-17 18:20:53.332066+00:00"
    ]
  },
  "ocr": {
    "scope": "page",
    "count": 5,
    "times": [
      0.1511773569509387,
      0.15431024227291346,
      1.2711332561448216,
      0.13831845484673977,
      0.11964645609259605
    ],
    "start_timestamps": [
      "2026-07-17 18:20:52.849502+00:00",
      "2026-07-17 18:20:53.024149+00:00",
      "2026-07-17 18:20:53.178506+00:00",
      "2026-07-17 18:20:54.449711+00:00",
      "2026-07-17 18:20:54.588050+00:00"
    ]
  },
  "layout": {
    "scope": "page",
    "count": 4,
    "times": [
      0.38367898389697075,
      0.028412723913788795,
      0.03928889613598585,
      0.08584790024906397
    ],
    "start_timestamps": [
      "2026-07-17 18:20:53.005853+00:00",
      "2026-07-17 18:20:53.442268+00:00",
      "2026-07-17 18:20:54.449806+00:00",
      "2026-07-17 18:20:54.707877+00:00"
    ]
  },
  "table_structure": {
    "scope": "page",
    "count": 5,
    "times": [
      2.542790025472641e-05,
      0.44384524784982204,
      0.8088203929364681,
      2.2913329303264618e-05,
      7.614493370056152e-06
    ],
    "start_timestamps": [
      "2026-07-17 18:20:53.442399+00:00",
      "2026-07-17 18:20:53.549363+00:00",
      "2026-07-17 18:20:54.514429+00:00",
      "2026-07-17 18:20:55.323681+00:00",
      "2026-07-17 18:20:55.323707+00:00"
    ]
  },
  "page_assemble": {
    "scope": "page",
    "count": 5,
    "times": [
      0.0003194408491253853,
      0.0004777982831001282,
      0.00042808521538972855,
      0.00035249441862106323,
      0.00018684100359678268
    ],
    "start_timestamps": [
      "2026-07-17 18:20:53.442483+00:00",
      "2026-07-17 18:20:53.993398+00:00",
      "2026-07-17 18:20:55.323813+00:00",
      "2026-07-17 18:20:55.324282+00:00",
      "2026-07-17 18:20:55.324656+00:00"
    ]
  },
  "doc_assemble": {
    "scope": "document",
    "count": 1,
    "times": [
      0.021797708235681057
    ],
    "start_timestamps": [
      "2026-07-17 18:20:55.325038+00:00"
    ]
  },
  "reading_order": {
    "scope": "document",
    "count": 1,
    "times": [
      0.02135014720261097
    ],
    "start_timestamps": [
      "2026-07-17 18:20:55.325083+00:00"
    ]
  },
  "doc_enrich": {
    "scope": "document",
    "count": 1,
    "times": [
      1.9773344965651631
    ],
    "start_timestamps": [
      "2026-07-17 18:20:55.346860+00:00"
    ]
  }
}
All hyperlinked elements redacted in-memory.
Clean PDF conversion timings:
{
  "pipeline_total": {
    "scope": "document",
    "count": 1,
    "times": [
      4.564629948697984
    ],
    "start_timestamps": [
      "2026-07-17 18:20:57.358314+00:00"
    ]
  },
  "page_parse": {
    "scope": "page",
    "count": 5,
    "times": [
      0.12542496714740992,
      0.16785443294793367,
      0.13422724325209856,
      0.16454200819134712,
      0.07065319921821356
    ],
    "start_timestamps": [
      "2026-07-17 18:20:57.361792+00:00",
      "2026-07-17 18:20:57.487259+00:00",
      "2026-07-17 18:20:57.655156+00:00",
      "2026-07-17 18:20:57.789439+00:00",
      "2026-07-17 18:20:57.954025+00:00"
    ]
  },
  "ocr": {
    "scope": "page",
    "count": 5,
    "times": [
      0.1707916595041752,
      0.13984314166009426,
      1.1624416345730424,
      0.12975811585783958,
      0.11943458020687103
    ],
    "start_timestamps": [
      "2026-07-17 18:20:57.487603+00:00",
      "2026-07-17 18:20:57.658457+00:00",
      "2026-07-17 18:20:57.798332+00:00",
      "2026-07-17 18:20:58.960878+00:00",
      "2026-07-17 18:20:59.090650+00:00"
    ]
  },
  "layout": {
    "scope": "page",
    "count": 4,
    "times": [
      0.3062907764688134,
      0.027672470547258854,
      0.03242800943553448,
      0.07784423884004354
    ],
    "start_timestamps": [
      "2026-07-17 18:20:57.658584+00:00",
      "2026-07-17 18:20:58.056497+00:00",
      "2026-07-17 18:20:58.960938+00:00",
      "2026-07-17 18:20:59.210219+00:00"
    ]
  },
  "table_structure": {
    "scope": "page",
    "count": 5,
    "times": [
      7.782690227031708e-05,
      0.548363946378231,
      0.7994559947401285,
      2.636946737766266e-05,
      6.7930668592453e-06
    ],
    "start_timestamps": [
      "2026-07-17 18:20:58.056579+00:00",
      "2026-07-17 18:20:58.188294+00:00",
      "2026-07-17 18:20:59.018716+00:00",
      "2026-07-17 18:20:59.818393+00:00",
      "2026-07-17 18:20:59.818422+00:00"
    ]
  },
  "page_assemble": {
    "scope": "page",
    "count": 5,
    "times": [
      0.00030332058668136597,
      0.0004408983513712883,
      0.00025050248950719833,
      0.0002946946769952774,
      0.000155632384121418
    ],
    "start_timestamps": [
      "2026-07-17 18:20:58.056733+00:00",
      "2026-07-17 18:20:58.736834+00:00",
      "2026-07-17 18:20:59.818571+00:00",
      "2026-07-17 18:20:59.818866+00:00",
      "2026-07-17 18:20:59.819185+00:00"
    ]
  },
  "doc_assemble": {
    "scope": "document",
    "count": 1,
    "times": [
      0.021697206422686577
    ],
    "start_timestamps": [
      "2026-07-17 18:20:59.819586+00:00"
    ]
  },
  "reading_order": {
    "scope": "document",
    "count": 1,
    "times": [
      0.021215831860899925
    ],
    "start_timestamps": [
      "2026-07-17 18:20:59.819653+00:00"
    ]
  },
  "doc_enrich": {
    "scope": "document",
    "count": 1,
    "times": [
      2.0816190782934427
    ],
    "start_timestamps": [
      "2026-07-17 18:20:59.841307+00:00"
    ]
  }
}
Function parse_pdf took 9.2946 seconds to execute.
Running: get_tables
Function get_tables took 0.0001 seconds to execute.
Running: get_surrounding_paragraphs
Function get_surrounding_paragraphs took 0.0001 seconds to execute.
