Running: parse_pdf
Raw PDF conversion timings:
{
  "pipeline_total": {
    "scope": "document",
    "count": 1,
    "times": [
      43.22283621132374
    ],
    "start_timestamps": [
      "2026-07-23 17:06:26.592011+00:00"
    ]
  },
  "page_parse": {
    "scope": "page",
    "count": 8,
    "times": [
      0.09054394345730543,
      0.09893107507377863,
      0.08990754652768373,
      0.08842757251113653,
      0.10768180899322033,
      0.06839599180966616,
      0.16194448806345463,
      0.05718717072159052
    ],
    "start_timestamps": [
      "2026-07-23 17:06:26.595337+00:00",
      "2026-07-23 17:06:26.685922+00:00",
      "2026-07-23 17:06:26.784895+00:00",
      "2026-07-23 17:06:26.874843+00:00",
      "2026-07-23 17:06:26.963313+00:00",
      "2026-07-23 17:06:27.071040+00:00",
      "2026-07-23 17:06:27.139476+00:00",
      "2026-07-23 17:06:27.301462+00:00"
    ]
  },
  "ocr": {
    "scope": "page",
    "count": 8,
    "times": [
      0.19130964018404484,
      0.19814818631857634,
      0.23699793592095375,
      0.1783875674009323,
      0.12633835338056087,
      0.1204123729839921,
      0.12721058446913958,
      0.320793972350657
    ],
    "start_timestamps": [
      "2026-07-23 17:06:26.686253+00:00",
      "2026-07-23 17:06:26.877595+00:00",
      "2026-07-23 17:06:27.075756+00:00",
      "2026-07-23 17:06:27.312785+00:00",
      "2026-07-23 17:06:27.491186+00:00",
      "2026-07-23 17:06:27.617540+00:00",
      "2026-07-23 17:06:27.737962+00:00",
      "2026-07-23 17:06:27.865219+00:00"
    ]
  },
  "layout": {
    "scope": "page",
    "count": 4,
    "times": [
      0.2676523933187127,
      0.09568883385509253,
      0.08701921254396439,
      0.03835967555642128
    ],
    "start_timestamps": [
      "2026-07-23 17:06:26.877676+00:00",
      "2026-07-23 17:06:27.312837+00:00",
      "2026-07-23 17:06:27.865305+00:00",
      "2026-07-23 17:06:28.186136+00:00"
    ]
  },
  "table_structure": {
    "scope": "page",
    "count": 8,
    "times": [
      1.6942620277404785e-05,
      0.41731558460742235,
      0.51562824472785,
      0.1754707396030426,
      0.5281870644539595,
      2.948567271232605e-05,
      1.8314458429813385e-05,
      1.2082979083061218e-05
    ],
    "start_timestamps": [
      "2026-07-23 17:06:27.309687+00:00",
      "2026-07-23 17:06:27.487065+00:00",
      "2026-07-23 17:06:27.904395+00:00",
      "2026-07-23 17:06:28.420140+00:00",
      "2026-07-23 17:06:28.595624+00:00",
      "2026-07-23 17:06:29.123837+00:00",
      "2026-07-23 17:06:29.123869+00:00",
      "2026-07-23 17:06:29.124053+00:00"
    ]
  },
  "page_assemble": {
    "scope": "page",
    "count": 8,
    "times": [
      0.0013442495837807655,
      0.0004236167296767235,
      0.00035670027136802673,
      0.0005601039156317711,
      0.00042091216892004013,
      0.0001548808068037033,
      0.0007987227290868759,
      0.0001576365903019905
    ],
    "start_timestamps": [
      "2026-07-23 17:06:27.309766+00:00",
      "2026-07-23 17:06:28.421039+00:00",
      "2026-07-23 17:06:28.421494+00:00",
      "2026-07-23 17:06:29.124153+00:00",
      "2026-07-23 17:06:29.124751+00:00",
      "2026-07-23 17:06:29.125199+00:00",
      "2026-07-23 17:06:29.125375+00:00",
      "2026-07-23 17:06:29.126196+00:00"
    ]
  },
  "doc_assemble": {
    "scope": "document",
    "count": 1,
    "times": [
      0.0468713715672493
    ],
    "start_timestamps": [
      "2026-07-23 17:06:29.126541+00:00"
    ]
  },
  "reading_order": {
    "scope": "document",
    "count": 1,
    "times": [
      0.04631197825074196
    ],
    "start_timestamps": [
      "2026-07-23 17:06:29.126623+00:00"
    ]
  },
  "doc_enrich": {
    "scope": "document",
    "count": 1,
    "times": [
      40.64137928467244
    ],
    "start_timestamps": [
      "2026-07-23 17:06:29.173443+00:00"
    ]
  }
}
All hyperlinked elements redacted in-memory.
Clean PDF conversion timings:
{
  "pipeline_total": {
    "scope": "document",
    "count": 1,
    "times": [
      43.121329254470766
    ],
    "start_timestamps": [
      "2026-07-23 17:07:10.023944+00:00"
    ]
  },
  "page_parse": {
    "scope": "page",
    "count": 8,
    "times": [
      0.09190984256565571,
      0.10068726725876331,
      0.09036947507411242,
      0.08898445777595043,
      0.10740432795137167,
      0.06916510500013828,
      0.4728323966264725,
      0.05934743024408817
    ],
    "start_timestamps": [
      "2026-07-23 17:07:10.027307+00:00",
      "2026-07-23 17:07:10.119257+00:00",
      "2026-07-23 17:07:10.219986+00:00",
      "2026-07-23 17:07:10.310397+00:00",
      "2026-07-23 17:07:10.399433+00:00",
      "2026-07-23 17:07:10.506880+00:00",
      "2026-07-23 17:07:10.576084+00:00",
      "2026-07-23 17:07:11.048955+00:00"
    ]
  },
  "ocr": {
    "scope": "page",
    "count": 8,
    "times": [
      0.19452313613146544,
      0.19762571342289448,
      0.5437493678182364,
      0.19204371981322765,
      0.12524281442165375,
      0.12148168683052063,
      0.12858701590448618,
      0.2249593948945403
    ],
    "start_timestamps": [
      "2026-07-23 17:07:10.119586+00:00",
      "2026-07-23 17:07:10.314141+00:00",
      "2026-07-23 17:07:10.511780+00:00",
      "2026-07-23 17:07:11.055563+00:00",
      "2026-07-23 17:07:11.247620+00:00",
      "2026-07-23 17:07:11.372879+00:00",
      "2026-07-23 17:07:11.494370+00:00",
      "2026-07-23 17:07:11.623006+00:00"
    ]
  },
  "layout": {
    "scope": "page",
    "count": 4,
    "times": [
      0.26730622816830873,
      0.10113748628646135,
      0.08832657989114523,
      0.03964424692094326
    ],
    "start_timestamps": [
      "2026-07-23 17:07:10.314228+00:00",
      "2026-07-23 17:07:11.055615+00:00",
      "2026-07-23 17:07:11.623090+00:00",
      "2026-07-23 17:07:11.975691+00:00"
    ]
  },
  "table_structure": {
    "scope": "page",
    "count": 8,
    "times": [
      1.7853453755378723e-05,
      0.422925659455359,
      0.543634963221848,
      0.17563921213150024,
      0.5265982272103429,
      2.5678426027297974e-05,
      2.079922705888748e-05,
      1.324433833360672e-05
    ],
    "start_timestamps": [
      "2026-07-23 17:07:11.052618+00:00",
      "2026-07-23 17:07:11.243258+00:00",
      "2026-07-23 17:07:11.666200+00:00",
      "2026-07-23 17:07:12.209949+00:00",
      "2026-07-23 17:07:12.385602+00:00",
      "2026-07-23 17:07:12.912216+00:00",
      "2026-07-23 17:07:12.912244+00:00",
      "2026-07-23 17:07:12.912440+00:00"
    ]
  },
  "page_assemble": {
    "scope": "page",
    "count": 8,
    "times": [
      0.00031380075961351395,
      0.0004415195435285568,
      0.0003073476254940033,
      0.0005217120051383972,
      0.0004014763981103897,
      0.00013360194861888885,
      0.00047194771468639374,
      0.00015609338879585266
    ],
    "start_timestamps": [
      "2026-07-23 17:07:11.052743+00:00",
      "2026-07-23 17:07:12.210842+00:00",
      "2026-07-23 17:07:12.211316+00:00",
      "2026-07-23 17:07:12.912581+00:00",
      "2026-07-23 17:07:12.913138+00:00",
      "2026-07-23 17:07:12.913560+00:00",
      "2026-07-23 17:07:12.913713+00:00",
      "2026-07-23 17:07:12.914205+00:00"
    ]
  },
  "doc_assemble": {
    "scope": "document",
    "count": 1,
    "times": [
      0.041847001761198044
    ],
    "start_timestamps": [
      "2026-07-23 17:07:12.914762+00:00"
    ]
  },
  "reading_order": {
    "scope": "document",
    "count": 1,
    "times": [
      0.0413326732814312
    ],
    "start_timestamps": [
      "2026-07-23 17:07:12.914849+00:00"
    ]
  },
  "doc_enrich": {
    "scope": "document",
    "count": 1,
    "times": [
      40.18860039208084
    ],
    "start_timestamps": [
      "2026-07-23 17:07:12.956639+00:00"
    ]
  }
}
Function parse_pdf took 86.6797 seconds to execute.
Running: get_tables
Function get_tables took 0.0001 seconds to execute.
Running: get_surrounding_paragraphs
Function get_surrounding_paragraphs took 0.0001 seconds to execute.
