Running: parse_pdf
Raw PDF conversion timings:
{
  "pipeline_total": {
    "scope": "document",
    "count": 1,
    "times": [
      11.97278875298798
    ],
    "start_timestamps": [
      "2026-07-17 21:20:57.297186+00:00"
    ]
  },
  "page_parse": {
    "scope": "page",
    "count": 8,
    "times": [
      0.1407705368474126,
      0.16716820932924747,
      0.29216254875063896,
      0.18267077952623367,
      0.4433684814721346,
      0.1519341729581356,
      0.20373758114874363,
      0.09216023702174425
    ],
    "start_timestamps": [
      "2026-07-17 21:20:57.304522+00:00",
      "2026-07-17 21:20:57.445338+00:00",
      "2026-07-17 21:20:57.612550+00:00",
      "2026-07-17 21:20:57.904760+00:00",
      "2026-07-17 21:20:58.087477+00:00",
      "2026-07-17 21:20:58.530888+00:00",
      "2026-07-17 21:20:58.682866+00:00",
      "2026-07-17 21:20:58.886654+00:00"
    ]
  },
  "ocr": {
    "scope": "page",
    "count": 8,
    "times": [
      0.16998174227774143,
      1.8021483039483428,
      1.9130939384922385,
      0.936921825632453,
      1.3431937536224723,
      1.3309217020869255,
      1.1617446932941675,
      0.1159198246896267
    ],
    "start_timestamps": [
      "2026-07-17 21:20:57.445489+00:00",
      "2026-07-17 21:20:57.615517+00:00",
      "2026-07-17 21:20:59.417744+00:00",
      "2026-07-17 21:21:01.330854+00:00",
      "2026-07-17 21:21:02.267793+00:00",
      "2026-07-17 21:21:03.611004+00:00",
      "2026-07-17 21:21:04.941942+00:00",
      "2026-07-17 21:21:06.103704+00:00"
    ]
  },
  "layout": {
    "scope": "page",
    "count": 3,
    "times": [
      0.05783415585756302,
      0.02846982143819332,
      0.08535825740545988
    ],
    "start_timestamps": [
      "2026-07-17 21:20:57.615589+00:00",
      "2026-07-17 21:20:59.417801+00:00",
      "2026-07-17 21:21:06.219832+00:00"
    ]
  },
  "table_structure": {
    "scope": "page",
    "count": 8,
    "times": [
      1.9105151295661926e-05,
      3.969576209783554e-05,
      4.795938730239868e-05,
      0.3906191447749734,
      2.2903084754943848e-05,
      0.33608254231512547,
      3.059860318899155e-05,
      1.4786608517169952e-05
    ],
    "start_timestamps": [
      "2026-07-17 21:20:57.711133+00:00",
      "2026-07-17 21:20:59.469430+00:00",
      "2026-07-17 21:21:06.546932+00:00",
      "2026-07-17 21:21:06.546986+00:00",
      "2026-07-17 21:21:06.937622+00:00",
      "2026-07-17 21:21:06.937649+00:00",
      "2026-07-17 21:21:07.273908+00:00",
      "2026-07-17 21:21:07.273941+00:00"
    ]
  },
  "page_assemble": {
    "scope": "page",
    "count": 8,
    "times": [
      0.00032373983412981033,
      0.00040936097502708435,
      0.0002675829455256462,
      0.0003369338810443878,
      0.000301336869597435,
      0.00019909348338842392,
      0.00037315208464860916,
      0.0002265656366944313
    ],
    "start_timestamps": [
      "2026-07-17 21:20:57.711205+00:00",
      "2026-07-17 21:20:59.469522+00:00",
      "2026-07-17 21:21:07.274022+00:00",
      "2026-07-17 21:21:07.274323+00:00",
      "2026-07-17 21:21:07.274687+00:00",
      "2026-07-17 21:21:07.275008+00:00",
      "2026-07-17 21:21:07.275226+00:00",
      "2026-07-17 21:21:07.275618+00:00"
    ]
  },
  "doc_assemble": {
    "scope": "document",
    "count": 1,
    "times": [
      0.046264695934951305
    ],
    "start_timestamps": [
      "2026-07-17 21:21:07.276017+00:00"
    ]
  },
  "reading_order": {
    "scope": "document",
    "count": 1,
    "times": [
      0.0457651661708951
    ],
    "start_timestamps": [
      "2026-07-17 21:21:07.276101+00:00"
    ]
  },
  "doc_enrich": {
    "scope": "document",
    "count": 1,
    "times": [
      1.9476480092853308
    ],
    "start_timestamps": [
      "2026-07-17 21:21:07.322306+00:00"
    ]
  }
}
All hyperlinked elements redacted in-memory.
Clean PDF conversion timings:
{
  "pipeline_total": {
    "scope": "document",
    "count": 1,
    "times": [
      11.868798364885151
    ],
    "start_timestamps": [
      "2026-07-17 21:21:09.374749+00:00"
    ]
  },
  "page_parse": {
    "scope": "page",
    "count": 8,
    "times": [
      0.13710715249180794,
      0.17831785790622234,
      0.2904976876452565,
      0.18415068369358778,
      0.44500716496258974,
      0.15043612476438284,
      0.24069455172866583,
      0.10016012005507946
    ],
    "start_timestamps": [
      "2026-07-17 21:21:09.380793+00:00",
      "2026-07-17 21:21:09.517944+00:00",
      "2026-07-17 21:21:09.696307+00:00",
      "2026-07-17 21:21:09.986851+00:00",
      "2026-07-17 21:21:10.171061+00:00",
      "2026-07-17 21:21:10.616111+00:00",
      "2026-07-17 21:21:10.766590+00:00",
      "2026-07-17 21:21:11.007351+00:00"
    ]
  },
  "ocr": {
    "scope": "page",
    "count": 8,
    "times": [
      0.1812614081427455,
      1.8089114902541041,
      1.930297470651567,
      0.8731750752776861,
      1.3218747386708856,
      1.351220067590475,
      1.0815631058067083,
      0.11760871298611164
    ],
    "start_timestamps": [
      "2026-07-17 21:21:09.518030+00:00",
      "2026-07-17 21:21:09.699336+00:00",
      "2026-07-17 21:21:11.508327+00:00",
      "2026-07-17 21:21:13.438642+00:00",
      "2026-07-17 21:21:14.311835+00:00",
      "2026-07-17 21:21:15.633727+00:00",
      "2026-07-17 21:21:16.984964+00:00",
      "2026-07-17 21:21:18.066545+00:00"
    ]
  },
  "layout": {
    "scope": "page",
    "count": 3,
    "times": [
      0.060121089220047,
      0.029537650756537914,
      0.08793125953525305
    ],
    "start_timestamps": [
      "2026-07-17 21:21:09.699413+00:00",
      "2026-07-17 21:21:11.508445+00:00",
      "2026-07-17 21:21:18.184351+00:00"
    ]
  },
  "table_structure": {
    "scope": "page",
    "count": 8,
    "times": [
      2.0197592675685883e-05,
      4.5564956963062286e-05,
      4.6798959374427795e-05,
      0.39019889291375875,
      2.2201798856258392e-05,
      0.3373549384996295,
      3.151874989271164e-05,
      1.3626180589199066e-05
    ],
    "start_timestamps": [
      "2026-07-17 21:21:09.797978+00:00",
      "2026-07-17 21:21:11.560636+00:00",
      "2026-07-17 21:21:18.510808+00:00",
      "2026-07-17 21:21:18.510867+00:00",
      "2026-07-17 21:21:18.901083+00:00",
      "2026-07-17 21:21:18.901109+00:00",
      "2026-07-17 21:21:19.238645+00:00",
      "2026-07-17 21:21:19.238679+00:00"
    ]
  },
  "page_assemble": {
    "scope": "page",
    "count": 8,
    "times": [
      0.0003171265125274658,
      0.0004216134548187256,
      0.00037367362529039383,
      0.00039188750088214874,
      0.0003237687051296234,
      0.0002132207155227661,
      0.0004023173823952675,
      0.00024869758635759354
    ],
    "start_timestamps": [
      "2026-07-17 21:21:09.798043+00:00",
      "2026-07-17 21:21:11.560736+00:00",
      "2026-07-17 21:21:19.238794+00:00",
      "2026-07-17 21:21:19.239247+00:00",
      "2026-07-17 21:21:19.239667+00:00",
      "2026-07-17 21:21:19.240011+00:00",
      "2026-07-17 21:21:19.240249+00:00",
      "2026-07-17 21:21:19.240671+00:00"
    ]
  },
  "doc_assemble": {
    "scope": "document",
    "count": 1,
    "times": [
      0.045224398374557495
    ],
    "start_timestamps": [
      "2026-07-17 21:21:19.241151+00:00"
    ]
  },
  "reading_order": {
    "scope": "document",
    "count": 1,
    "times": [
      0.044705891981720924
    ],
    "start_timestamps": [
      "2026-07-17 21:21:19.241257+00:00"
    ]
  },
  "doc_enrich": {
    "scope": "document",
    "count": 1,
    "times": [
      1.9571275068446994
    ],
    "start_timestamps": [
      "2026-07-17 21:21:19.286413+00:00"
    ]
  }
}
Function parse_pdf took 24.2231 seconds to execute.
Running: get_tables
Function get_tables took 0.0001 seconds to execute.
Running: get_surrounding_paragraphs
Function get_surrounding_paragraphs took 0.0001 seconds to execute.
