Running: parse_pdf
Raw PDF conversion timings:
{
  "pipeline_total": {
    "scope": "document",
    "count": 1,
    "times": [
      5.513437603600323
    ],
    "start_timestamps": [
      "2026-07-17 21:18:04.198362+00:00"
    ]
  },
  "page_parse": {
    "scope": "page",
    "count": 5,
    "times": [
      0.12921692058444023,
      0.1792553048580885,
      0.20450897328555584,
      0.14485452510416508,
      0.07043582480400801
    ],
    "start_timestamps": [
      "2026-07-17 21:18:04.202377+00:00",
      "2026-07-17 21:18:04.331640+00:00",
      "2026-07-17 21:18:04.510933+00:00",
      "2026-07-17 21:18:04.715484+00:00",
      "2026-07-17 21:18:04.860382+00:00"
    ]
  },
  "ocr": {
    "scope": "page",
    "count": 5,
    "times": [
      0.1808105707168579,
      1.1517202388495207,
      0.16195331886410713,
      0.9642392061650753,
      0.12592504546046257
    ],
    "start_timestamps": [
      "2026-07-17 21:18:04.331960+00:00",
      "2026-07-17 21:18:04.512809+00:00",
      "2026-07-17 21:18:05.664608+00:00",
      "2026-07-17 21:18:05.826577+00:00",
      "2026-07-17 21:18:06.790836+00:00"
    ]
  },
  "layout": {
    "scope": "page",
    "count": 3,
    "times": [
      0.4200586015358567,
      0.032870118506252766,
      0.06716624274849892
    ],
    "start_timestamps": [
      "2026-07-17 21:18:04.512881+00:00",
      "2026-07-17 21:18:05.664666+00:00",
      "2026-07-17 21:18:06.916952+00:00"
    ]
  },
  "table_structure": {
    "scope": "page",
    "count": 5,
    "times": [
      1.864507794380188e-05,
      1.0422424795106053,
      0.5377342449501157,
      2.6329420506954193e-05,
      1.0369345545768738e-05
    ],
    "start_timestamps": [
      "2026-07-17 21:18:04.949121+00:00",
      "2026-07-17 21:18:05.823930+00:00",
      "2026-07-17 21:18:07.083167+00:00",
      "2026-07-17 21:18:07.620916+00:00",
      "2026-07-17 21:18:07.620945+00:00"
    ]
  },
  "page_assemble": {
    "scope": "page",
    "count": 5,
    "times": [
      0.00020848121494054794,
      0.0003867577761411667,
      0.0003724806010723114,
      0.00029759015887975693,
      0.00015543121844530106
    ],
    "start_timestamps": [
      "2026-07-17 21:18:04.949223+00:00",
      "2026-07-17 21:18:06.866327+00:00",
      "2026-07-17 21:18:07.621219+00:00",
      "2026-07-17 21:18:07.621629+00:00",
      "2026-07-17 21:18:07.621951+00:00"
    ]
  },
  "doc_assemble": {
    "scope": "document",
    "count": 1,
    "times": [
      0.026309355162084103
    ],
    "start_timestamps": [
      "2026-07-17 21:18:07.622280+00:00"
    ]
  },
  "reading_order": {
    "scope": "document",
    "count": 1,
    "times": [
      0.025899392552673817
    ],
    "start_timestamps": [
      "2026-07-17 21:18:07.622328+00:00"
    ]
  },
  "doc_enrich": {
    "scope": "document",
    "count": 1,
    "times": [
      2.0631716763600707
    ],
    "start_timestamps": [
      "2026-07-17 21:18:07.648613+00:00"
    ]
  }
}
All hyperlinked elements redacted in-memory.
Clean PDF conversion timings:
{
  "pipeline_total": {
    "scope": "document",
    "count": 1,
    "times": [
      5.595313806086779
    ],
    "start_timestamps": [
      "2026-07-17 21:18:09.845310+00:00"
    ]
  },
  "page_parse": {
    "scope": "page",
    "count": 5,
    "times": [
      0.12628963310271502,
      0.17652553971856833,
      0.22994560655206442,
      0.23743803426623344,
      0.06966051738709211
    ],
    "start_timestamps": [
      "2026-07-17 21:18:09.849033+00:00",
      "2026-07-17 21:18:09.975362+00:00",
      "2026-07-17 21:18:10.151930+00:00",
      "2026-07-17 21:18:10.381926+00:00",
      "2026-07-17 21:18:10.619419+00:00"
    ]
  },
  "ocr": {
    "scope": "page",
    "count": 5,
    "times": [
      0.17786089144647121,
      1.1503366148099303,
      0.1628753924742341,
      1.0330241350457072,
      0.12558431457728148
    ],
    "start_timestamps": [
      "2026-07-17 21:18:09.975714+00:00",
      "2026-07-17 21:18:10.153618+00:00",
      "2026-07-17 21:18:11.304053+00:00",
      "2026-07-17 21:18:11.466940+00:00",
      "2026-07-17 21:18:12.499979+00:00"
    ]
  },
  "layout": {
    "scope": "page",
    "count": 3,
    "times": [
      0.24909919686615467,
      0.031077276915311813,
      0.06555574294179678
    ],
    "start_timestamps": [
      "2026-07-17 21:18:10.153688+00:00",
      "2026-07-17 21:18:11.304111+00:00",
      "2026-07-17 21:18:12.625690+00:00"
    ]
  },
  "table_structure": {
    "scope": "page",
    "count": 5,
    "times": [
      3.421492874622345e-05,
      0.8787141293287277,
      0.5383087266236544,
      1.904647797346115e-05,
      6.8927183747291565e-06
    ],
    "start_timestamps": [
      "2026-07-17 21:18:10.435559+00:00",
      "2026-07-17 21:18:11.465306+00:00",
      "2026-07-17 21:18:12.807988+00:00",
      "2026-07-17 21:18:13.346310+00:00",
      "2026-07-17 21:18:13.346332+00:00"
    ]
  },
  "page_assemble": {
    "scope": "page",
    "count": 5,
    "times": [
      0.0003055548295378685,
      0.00035714078694581985,
      0.00028411392122507095,
      0.00022571440786123276,
      0.00014819856733083725
    ],
    "start_timestamps": [
      "2026-07-17 21:18:10.435653+00:00",
      "2026-07-17 21:18:12.344258+00:00",
      "2026-07-17 21:18:13.346556+00:00",
      "2026-07-17 21:18:13.346872+00:00",
      "2026-07-17 21:18:13.347118+00:00"
    ]
  },
  "doc_assemble": {
    "scope": "document",
    "count": 1,
    "times": [
      0.027735097333788872
    ],
    "start_timestamps": [
      "2026-07-17 21:18:13.347436+00:00"
    ]
  },
  "reading_order": {
    "scope": "document",
    "count": 1,
    "times": [
      0.027275281958281994
    ],
    "start_timestamps": [
      "2026-07-17 21:18:13.347492+00:00"
    ]
  },
  "doc_enrich": {
    "scope": "document",
    "count": 1,
    "times": [
      2.065410900861025
    ],
    "start_timestamps": [
      "2026-07-17 21:18:13.375196+00:00"
    ]
  }
}
Function parse_pdf took 11.3221 seconds to execute.
Running: get_tables
Function get_tables took 0.0001 seconds to execute.
Running: get_surrounding_paragraphs
Function get_surrounding_paragraphs took 0.0001 seconds to execute.
