Running: parse_pdf
Raw PDF conversion timings:
{
  "pipeline_total": {
    "scope": "document",
    "count": 1,
    "times": [
      10.429621901363134
    ],
    "start_timestamps": [
      "2026-07-17 20:37:36.581181+00:00"
    ]
  },
  "page_parse": {
    "scope": "page",
    "count": 9,
    "times": [
      0.09474921133369207,
      0.10547924507409334,
      0.08584056608378887,
      0.09290947951376438,
      0.1911093033850193,
      0.2280175732448697,
      0.19904023967683315,
      0.17171639949083328,
      0.12008017301559448
    ],
    "start_timestamps": [
      "2026-07-17 20:37:36.588104+00:00",
      "2026-07-17 20:37:36.682900+00:00",
      "2026-07-17 20:37:36.788434+00:00",
      "2026-07-17 20:37:36.874318+00:00",
      "2026-07-17 20:37:36.967275+00:00",
      "2026-07-17 20:37:37.158441+00:00",
      "2026-07-17 20:37:37.386508+00:00",
      "2026-07-17 20:37:37.585590+00:00",
      "2026-07-17 20:37:37.757359+00:00"
    ]
  },
  "ocr": {
    "scope": "page",
    "count": 9,
    "times": [
      0.19240250810980797,
      0.12870808970183134,
      0.16112353280186653,
      2.1986160604283214,
      1.7806781800463796,
      1.1232419414445758,
      1.6916834684088826,
      0.5228284476324916,
      0.11952756345272064
    ],
    "start_timestamps": [
      "2026-07-17 20:37:36.683220+00:00",
      "2026-07-17 20:37:36.875668+00:00",
      "2026-07-17 20:37:37.004398+00:00",
      "2026-07-17 20:37:37.165578+00:00",
      "2026-07-17 20:37:39.364211+00:00",
      "2026-07-17 20:37:41.144981+00:00",
      "2026-07-17 20:37:42.268239+00:00",
      "2026-07-17 20:37:43.959939+00:00",
      "2026-07-17 20:37:44.482786+00:00"
    ]
  },
  "layout": {
    "scope": "page",
    "count": 4,
    "times": [
      0.14425180200487375,
      0.06140783615410328,
      0.03459705971181393,
      0.07243032846599817
    ],
    "start_timestamps": [
      "2026-07-17 20:37:36.875740+00:00",
      "2026-07-17 20:37:37.165656+00:00",
      "2026-07-17 20:37:41.145047+00:00",
      "2026-07-17 20:37:44.602482+00:00"
    ]
  },
  "table_structure": {
    "scope": "page",
    "count": 9,
    "times": [
      1.9696541130542755e-05,
      2.337433397769928e-05,
      1.928688264451921,
      3.913324326276779e-05,
      1.728162169456482e-05,
      5.0265341997146606e-05,
      1.2483447790145874e-05,
      1.737195998430252e-05,
      2.006813883781433e-05
    ],
    "start_timestamps": [
      "2026-07-17 20:37:37.059488+00:00",
      "2026-07-17 20:37:37.468650+00:00",
      "2026-07-17 20:37:37.468677+00:00",
      "2026-07-17 20:37:41.250575+00:00",
      "2026-07-17 20:37:41.250621+00:00",
      "2026-07-17 20:37:44.832191+00:00",
      "2026-07-17 20:37:44.832244+00:00",
      "2026-07-17 20:37:44.832262+00:00",
      "2026-07-17 20:37:44.832284+00:00"
    ]
  },
  "page_assemble": {
    "scope": "page",
    "count": 9,
    "times": [
      0.0004162229597568512,
      0.0005985954776406288,
      0.0003029601648449898,
      0.0003424445167183876,
      0.0001579662784934044,
      0.00022510439157485962,
      0.00014893058687448502,
      0.0003357715904712677,
      0.00028403475880622864
    ],
    "start_timestamps": [
      "2026-07-17 20:37:37.059561+00:00",
      "2026-07-17 20:37:39.397916+00:00",
      "2026-07-17 20:37:39.398555+00:00",
      "2026-07-17 20:37:41.250698+00:00",
      "2026-07-17 20:37:41.251076+00:00",
      "2026-07-17 20:37:44.832424+00:00",
      "2026-07-17 20:37:44.832682+00:00",
      "2026-07-17 20:37:44.832852+00:00",
      "2026-07-17 20:37:44.833208+00:00"
    ]
  },
  "doc_assemble": {
    "scope": "document",
    "count": 1,
    "times": [
      0.03256370220333338
    ],
    "start_timestamps": [
      "2026-07-17 20:37:44.833702+00:00"
    ]
  },
  "reading_order": {
    "scope": "document",
    "count": 1,
    "times": [
      0.032039767131209373
    ],
    "start_timestamps": [
      "2026-07-17 20:37:44.833806+00:00"
    ]
  },
  "doc_enrich": {
    "scope": "document",
    "count": 1,
    "times": [
      2.1444931644946337
    ],
    "start_timestamps": [
      "2026-07-17 20:37:44.866290+00:00"
    ]
  }
}
All hyperlinked elements redacted in-memory.
Clean PDF conversion timings:
{
  "pipeline_total": {
    "scope": "document",
    "count": 1,
    "times": [
      10.356966606341302
    ],
    "start_timestamps": [
      "2026-07-17 20:37:47.106940+00:00"
    ]
  },
  "page_parse": {
    "scope": "page",
    "count": 9,
    "times": [
      0.09388733003288507,
      0.10268979519605637,
      0.08478417713195086,
      0.09215065743774176,
      0.1829855851829052,
      0.22097346652299166,
      0.1993722878396511,
      0.16874840762466192,
      0.14344598352909088
    ],
    "start_timestamps": [
      "2026-07-17 20:37:47.112470+00:00",
      "2026-07-17 20:37:47.206412+00:00",
      "2026-07-17 20:37:47.309146+00:00",
      "2026-07-17 20:37:47.393972+00:00",
      "2026-07-17 20:37:47.486167+00:00",
      "2026-07-17 20:37:47.669190+00:00",
      "2026-07-17 20:37:47.890209+00:00",
      "2026-07-17 20:37:48.089625+00:00",
      "2026-07-17 20:37:48.258445+00:00"
    ]
  },
  "ocr": {
    "scope": "page",
    "count": 9,
    "times": [
      0.19042793102562428,
      0.130134011618793,
      0.1489597326144576,
      1.9667308386415243,
      1.7095381915569305,
      1.1254441598430276,
      1.7009132467210293,
      0.4563672337681055,
      0.11968803592026234
    ],
    "start_timestamps": [
      "2026-07-17 20:37:47.206728+00:00",
      "2026-07-17 20:37:47.397206+00:00",
      "2026-07-17 20:37:47.527362+00:00",
      "2026-07-17 20:37:47.676376+00:00",
      "2026-07-17 20:37:49.643128+00:00",
      "2026-07-17 20:37:51.352755+00:00",
      "2026-07-17 20:37:52.478217+00:00",
      "2026-07-17 20:37:54.179150+00:00",
      "2026-07-17 20:37:54.635538+00:00"
    ]
  },
  "layout": {
    "scope": "page",
    "count": 4,
    "times": [
      0.14278689678758383,
      0.05944078974425793,
      0.03795251436531544,
      0.0721763102337718
    ],
    "start_timestamps": [
      "2026-07-17 20:37:47.397437+00:00",
      "2026-07-17 20:37:47.676471+00:00",
      "2026-07-17 20:37:51.352818+00:00",
      "2026-07-17 20:37:54.755361+00:00"
    ]
  },
  "table_structure": {
    "scope": "page",
    "count": 9,
    "times": [
      2.720113843679428e-05,
      1.760292798280716e-05,
      1.935615654103458,
      6.168615072965622e-05,
      2.4285167455673218e-05,
      5.10653480887413e-05,
      1.2492761015892029e-05,
      1.5789642930030823e-05,
      1.6240403056144714e-05
    ],
    "start_timestamps": [
      "2026-07-17 20:37:47.576389+00:00",
      "2026-07-17 20:37:47.972174+00:00",
      "2026-07-17 20:37:47.972195+00:00",
      "2026-07-17 20:37:51.457737+00:00",
      "2026-07-17 20:37:51.457808+00:00",
      "2026-07-17 20:37:54.975582+00:00",
      "2026-07-17 20:37:54.975639+00:00",
      "2026-07-17 20:37:54.975656+00:00",
      "2026-07-17 20:37:54.975676+00:00"
    ]
  },
  "page_assemble": {
    "scope": "page",
    "count": 9,
    "times": [
      0.0002821115776896477,
      0.0005065742880105972,
      0.0002846755087375641,
      0.0006049079820513725,
      0.00022550486028194427,
      0.00022268947213888168,
      0.00018448755145072937,
      0.0005251290276646614,
      0.00037759076803922653
    ],
    "start_timestamps": [
      "2026-07-17 20:37:47.576499+00:00",
      "2026-07-17 20:37:49.908310+00:00",
      "2026-07-17 20:37:49.908848+00:00",
      "2026-07-17 20:37:51.457909+00:00",
      "2026-07-17 20:37:51.458552+00:00",
      "2026-07-17 20:37:54.975797+00:00",
      "2026-07-17 20:37:54.976061+00:00",
      "2026-07-17 20:37:54.976271+00:00",
      "2026-07-17 20:37:54.976821+00:00"
    ]
  },
  "doc_assemble": {
    "scope": "document",
    "count": 1,
    "times": [
      0.3295257529243827
    ],
    "start_timestamps": [
      "2026-07-17 20:37:54.977420+00:00"
    ]
  },
  "reading_order": {
    "scope": "document",
    "count": 1,
    "times": [
      0.3288775933906436
    ],
    "start_timestamps": [
      "2026-07-17 20:37:54.977508+00:00"
    ]
  },
  "doc_enrich": {
    "scope": "document",
    "count": 1,
    "times": [
      2.1569116665050387
    ],
    "start_timestamps": [
      "2026-07-17 20:37:55.306975+00:00"
    ]
  }
}
Function parse_pdf took 21.2792 seconds to execute.
Running: get_tables
Function get_tables took 0.0001 seconds to execute.
Running: get_surrounding_paragraphs
Function get_surrounding_paragraphs took 0.0001 seconds to execute.
