Running: parse_pdf
Raw PDF conversion timings:
{
  "pipeline_total": {
    "scope": "document",
    "count": 1,
    "times": [
      20.3337018819293
    ],
    "start_timestamps": [
      "2026-07-23 11:11:54.172485+00:00"
    ]
  },
  "page_parse": {
    "scope": "page",
    "count": 8,
    "times": [
      0.09451124793849885,
      0.1434010820230469,
      0.15628888993524015,
      0.12574809999205172,
      0.13701137609314173,
      0.1497153569944203,
      0.2076851010788232,
      0.06959808804094791
    ],
    "start_timestamps": [
      "2026-07-23 11:11:54.177411+00:00",
      "2026-07-23 11:11:54.271960+00:00",
      "2026-07-23 11:11:54.415401+00:00",
      "2026-07-23 11:11:54.571738+00:00",
      "2026-07-23 11:11:54.697527+00:00",
      "2026-07-23 11:11:54.834581+00:00",
      "2026-07-23 11:11:54.984340+00:00",
      "2026-07-23 11:11:55.192067+00:00"
    ]
  },
  "ocr": {
    "scope": "page",
    "count": 8,
    "times": [
      3.6194010990438983,
      4.600430390913971,
      0.12111176992766559,
      0.11971151002217084,
      4.906438116100617,
      3.590186089044437,
      0.130305182072334,
      0.11865078995469958
    ],
    "start_timestamps": [
      "2026-07-23 11:11:54.272153+00:00",
      "2026-07-23 11:11:57.891679+00:00",
      "2026-07-23 11:12:02.492126+00:00",
      "2026-07-23 11:12:02.613254+00:00",
      "2026-07-23 11:12:02.732976+00:00",
      "2026-07-23 11:12:07.639435+00:00",
      "2026-07-23 11:12:11.229640+00:00",
      "2026-07-23 11:12:11.359961+00:00"
    ]
  },
  "layout": {
    "scope": "page",
    "count": 2,
    "times": [
      0.05949110200162977,
      0.09783809096552432
    ],
    "start_timestamps": [
      "2026-07-23 11:11:57.891831+00:00",
      "2026-07-23 11:12:11.478883+00:00"
    ]
  },
  "table_structure": {
    "scope": "page",
    "count": 8,
    "times": [
      2.101995050907135e-05,
      3.4124008379876614e-05,
      1.0119052603840828e-05,
      0.4600040219957009,
      1.958699431270361e-05,
      0.23461982305161655,
      3.43249412253499e-05,
      1.546996645629406e-05
    ],
    "start_timestamps": [
      "2026-07-23 11:11:57.972054+00:00",
      "2026-07-23 11:12:11.972831+00:00",
      "2026-07-23 11:12:11.972871+00:00",
      "2026-07-23 11:12:11.972884+00:00",
      "2026-07-23 11:12:12.432906+00:00",
      "2026-07-23 11:12:12.433055+00:00",
      "2026-07-23 11:12:12.667691+00:00",
      "2026-07-23 11:12:12.667729+00:00"
    ]
  },
  "page_assemble": {
    "scope": "page",
    "count": 8,
    "times": [
      0.000237717991694808,
      0.0004450388951227069,
      0.00031634699553251266,
      0.0003318260423839092,
      0.00034729496110230684,
      0.00046695093624293804,
      0.0006043789908289909,
      0.00022754899691790342
    ],
    "start_timestamps": [
      "2026-07-23 11:11:57.972129+00:00",
      "2026-07-23 11:12:12.433941+00:00",
      "2026-07-23 11:12:12.434424+00:00",
      "2026-07-23 11:12:12.434786+00:00",
      "2026-07-23 11:12:12.435147+00:00",
      "2026-07-23 11:12:12.667965+00:00",
      "2026-07-23 11:12:12.668471+00:00",
      "2026-07-23 11:12:12.669447+00:00"
    ]
  },
  "doc_assemble": {
    "scope": "document",
    "count": 1,
    "times": [
      0.046607382013462484
    ],
    "start_timestamps": [
      "2026-07-23 11:12:12.670040+00:00"
    ]
  },
  "reading_order": {
    "scope": "document",
    "count": 1,
    "times": [
      0.04586303897667676
    ],
    "start_timestamps": [
      "2026-07-23 11:12:12.670201+00:00"
    ]
  },
  "doc_enrich": {
    "scope": "document",
    "count": 1,
    "times": [
      1.789473009062931
    ],
    "start_timestamps": [
      "2026-07-23 11:12:12.716691+00:00"
    ]
  }
}
All hyperlinked elements redacted in-memory.
Clean PDF conversion timings:
{
  "pipeline_total": {
    "scope": "document",
    "count": 1,
    "times": [
      19.43089915497694
    ],
    "start_timestamps": [
      "2026-07-23 11:12:14.618024+00:00"
    ]
  },
  "page_parse": {
    "scope": "page",
    "count": 8,
    "times": [
      0.0957520060474053,
      0.14386962598655373,
      0.15643061802256852,
      0.12586810707580298,
      0.1379718470852822,
      0.14109188900329173,
      0.2080032309750095,
      0.07048434903845191
    ],
    "start_timestamps": [
      "2026-07-23 11:12:14.623260+00:00",
      "2026-07-23 11:12:14.719054+00:00",
      "2026-07-23 11:12:14.862965+00:00",
      "2026-07-23 11:12:15.019446+00:00",
      "2026-07-23 11:12:15.145355+00:00",
      "2026-07-23 11:12:15.283371+00:00",
      "2026-07-23 11:12:15.424506+00:00",
      "2026-07-23 11:12:15.632554+00:00"
    ]
  },
  "ocr": {
    "scope": "page",
    "count": 8,
    "times": [
      2.9353969069197774,
      4.57976115308702,
      0.12052366998977959,
      0.11774623394012451,
      4.887363945017569,
      3.576269209966995,
      0.12814426806289703,
      0.12381251098122448
    ],
    "start_timestamps": [
      "2026-07-23 11:12:14.719293+00:00",
      "2026-07-23 11:12:17.654747+00:00",
      "2026-07-23 11:12:22.234539+00:00",
      "2026-07-23 11:12:22.355072+00:00",
      "2026-07-23 11:12:22.472829+00:00",
      "2026-07-23 11:12:27.360215+00:00",
      "2026-07-23 11:12:30.936509+00:00",
      "2026-07-23 11:12:31.064673+00:00"
    ]
  },
  "layout": {
    "scope": "page",
    "count": 2,
    "times": [
      0.05402194999624044,
      0.09748783893883228
    ],
    "start_timestamps": [
      "2026-07-23 11:12:17.654843+00:00",
      "2026-07-23 11:12:31.188754+00:00"
    ]
  },
  "table_structure": {
    "scope": "page",
    "count": 8,
    "times": [
      2.2451975382864475e-05,
      3.937399014830589e-05,
      1.1180993169546127e-05,
      0.46081455098465085,
      2.682104241102934e-05,
      0.23607834207359701,
      3.575801383703947e-05,
      1.3796030543744564e-05
    ],
    "start_timestamps": [
      "2026-07-23 11:12:17.729671+00:00",
      "2026-07-23 11:12:31.698970+00:00",
      "2026-07-23 11:12:31.699018+00:00",
      "2026-07-23 11:12:31.699034+00:00",
      "2026-07-23 11:12:32.159867+00:00",
      "2026-07-23 11:12:32.160047+00:00",
      "2026-07-23 11:12:32.396143+00:00",
      "2026-07-23 11:12:32.396182+00:00"
    ]
  },
  "page_assemble": {
    "scope": "page",
    "count": 8,
    "times": [
      0.00027493806555867195,
      0.0005157530540600419,
      0.00035959796514362097,
      0.0003276269417256117,
      0.00037945504300296307,
      0.00041684601455926895,
      0.0005030179163441062,
      0.00021062791347503662
    ],
    "start_timestamps": [
      "2026-07-23 11:12:17.729775+00:00",
      "2026-07-23 11:12:32.160124+00:00",
      "2026-07-23 11:12:32.160676+00:00",
      "2026-07-23 11:12:32.161057+00:00",
      "2026-07-23 11:12:32.161559+00:00",
      "2026-07-23 11:12:32.396380+00:00",
      "2026-07-23 11:12:32.396840+00:00",
      "2026-07-23 11:12:32.397395+00:00"
    ]
  },
  "doc_assemble": {
    "scope": "document",
    "count": 1,
    "times": [
      0.04536923696286976
    ],
    "start_timestamps": [
      "2026-07-23 11:12:32.397891+00:00"
    ]
  },
  "reading_order": {
    "scope": "document",
    "count": 1,
    "times": [
      0.04480193799827248
    ],
    "start_timestamps": [
      "2026-07-23 11:12:32.397981+00:00"
    ]
  },
  "doc_enrich": {
    "scope": "document",
    "count": 1,
    "times": [
      1.6056097209220752
    ],
    "start_timestamps": [
      "2026-07-23 11:12:32.443292+00:00"
    ]
  }
}
Function parse_pdf took 39.9365 seconds to execute.
Running: get_tables
Function get_tables took 0.0001 seconds to execute.
Running: get_surrounding_paragraphs
Function get_surrounding_paragraphs took 0.0001 seconds to execute.
PROCESSOR ERROR: Error in save_all: '/mnt/iusers01/fatpou01/chem02/b07755hv/ChemistryExtract/tests/runs/2026-07-23_14-48-00/2016 - 1 H DOSY NMR Determination of the Molecular Weight and the Solution Properties of Poly-( N -acryloylmorpholine) in Various Solvents/extract/2016 - 1 H DOSY NMR Determination of the Molecular Weight and the Solution Properties of Poly-( N -acryloylmorpholine) in Various Solvents.pdf' and '/mnt/iusers01/fatpou01/chem02/b07755hv/ChemistryExtract/tests/runs/2026-07-23_14-48-00/2016 - 1 H DOSY NMR Determination of the Molecular Weight and the Solution Properties of Poly-( N -acryloylmorpholine) in Various Solvents/extract/2016 - 1 H DOSY NMR Determination of the Molecular Weight and the Solution Properties of Poly-( N -acryloylmorpholine) in Various Solvents.pdf' are the same file
