Running: parse_pdf
Raw PDF conversion timings:
{
  "pipeline_total": {
    "scope": "document",
    "count": 1,
    "times": [
      3.348752058111131
    ],
    "start_timestamps": [
      "2026-07-17 19:59:19.053716+00:00"
    ]
  },
  "page_parse": {
    "scope": "page",
    "count": 5,
    "times": [
      0.08523611724376678,
      0.09517158567905426,
      0.09059691149741411,
      0.07842679228633642,
      0.08606920670717955
    ],
    "start_timestamps": [
      "2026-07-17 19:59:19.057220+00:00",
      "2026-07-17 19:59:19.142498+00:00",
      "2026-07-17 19:59:19.237713+00:00",
      "2026-07-17 19:59:19.328354+00:00",
      "2026-07-17 19:59:19.406822+00:00"
    ]
  },
  "ocr": {
    "scope": "page",
    "count": 5,
    "times": [
      0.18923988472670317,
      0.16594156436622143,
      1.555760963819921,
      1.004936465062201,
      0.12384535372257233
    ],
    "start_timestamps": [
      "2026-07-17 19:59:19.142820+00:00",
      "2026-07-17 19:59:19.332108+00:00",
      "2026-07-17 19:59:19.498066+00:00",
      "2026-07-17 19:59:21.053891+00:00",
      "2026-07-17 19:59:22.058844+00:00"
    ]
  },
  "layout": {
    "scope": "page",
    "count": 3,
    "times": [
      0.1962754875421524,
      0.059446788392961025,
      0.035191494040191174
    ],
    "start_timestamps": [
      "2026-07-17 19:59:19.332178+00:00",
      "2026-07-17 19:59:21.054005+00:00",
      "2026-07-17 19:59:22.182796+00:00"
    ]
  },
  "table_structure": {
    "scope": "page",
    "count": 5,
    "times": [
      3.568734973669052e-05,
      2.8633512556552887e-05,
      6.551854312419891e-06,
      2.614874392747879e-05,
      1.1281110346317291e-05
    ],
    "start_timestamps": [
      "2026-07-17 19:59:19.593970+00:00",
      "2026-07-17 19:59:21.145386+00:00",
      "2026-07-17 19:59:21.145418+00:00",
      "2026-07-17 19:59:22.356296+00:00",
      "2026-07-17 19:59:22.356327+00:00"
    ]
  },
  "page_assemble": {
    "scope": "page",
    "count": 5,
    "times": [
      0.002321489155292511,
      0.00033016130328178406,
      0.00015914998948574066,
      0.0015952019020915031,
      0.017274827696383
    ],
    "start_timestamps": [
      "2026-07-17 19:59:19.594059+00:00",
      "2026-07-17 19:59:21.145459+00:00",
      "2026-07-17 19:59:21.145821+00:00",
      "2026-07-17 19:59:22.356447+00:00",
      "2026-07-17 19:59:22.358072+00:00"
    ]
  },
  "doc_assemble": {
    "scope": "document",
    "count": 1,
    "times": [
      0.025547705590724945
    ],
    "start_timestamps": [
      "2026-07-17 19:59:22.375507+00:00"
    ]
  },
  "reading_order": {
    "scope": "document",
    "count": 1,
    "times": [
      0.02514075953513384
    ],
    "start_timestamps": [
      "2026-07-17 19:59:22.375559+00:00"
    ]
  },
  "doc_enrich": {
    "scope": "document",
    "count": 1,
    "times": [
      0.0013834033161401749
    ],
    "start_timestamps": [
      "2026-07-17 19:59:22.401079+00:00"
    ]
  }
}
All hyperlinked elements redacted in-memory.
Clean PDF conversion timings:
{
  "pipeline_total": {
    "scope": "document",
    "count": 1,
    "times": [
      2.933750585652888
    ],
    "start_timestamps": [
      "2026-07-17 19:59:22.835809+00:00"
    ]
  },
  "page_parse": {
    "scope": "page",
    "count": 5,
    "times": [
      0.07843262609094381,
      0.09422584529966116,
      0.08792389556765556,
      0.06711062043905258,
      0.02384259644895792
    ],
    "start_timestamps": [
      "2026-07-17 19:59:22.838924+00:00",
      "2026-07-17 19:59:22.917410+00:00",
      "2026-07-17 19:59:23.011684+00:00",
      "2026-07-17 19:59:23.099657+00:00",
      "2026-07-17 19:59:23.166811+00:00"
    ]
  },
  "ocr": {
    "scope": "page",
    "count": 5,
    "times": [
      0.18466342333704233,
      0.16394635662436485,
      1.3635634845122695,
      0.9539760677143931,
      0.11845015082508326
    ],
    "start_timestamps": [
      "2026-07-17 19:59:22.917705+00:00",
      "2026-07-17 19:59:23.102426+00:00",
      "2026-07-17 19:59:23.266393+00:00",
      "2026-07-17 19:59:24.630027+00:00",
      "2026-07-17 19:59:25.584021+00:00"
    ]
  },
  "layout": {
    "scope": "page",
    "count": 3,
    "times": [
      0.11235616356134415,
      0.060626658610999584,
      0.03031265363097191
    ],
    "start_timestamps": [
      "2026-07-17 19:59:23.102495+00:00",
      "2026-07-17 19:59:24.630096+00:00",
      "2026-07-17 19:59:25.702602+00:00"
    ]
  },
  "table_structure": {
    "scope": "page",
    "count": 5,
    "times": [
      2.0609237253665924e-05,
      2.030748873949051e-05,
      6.771646440029144e-06,
      2.5659799575805664e-05,
      1.0579824447631836e-05
    ],
    "start_timestamps": [
      "2026-07-17 19:59:23.265316+00:00",
      "2026-07-17 19:59:24.730331+00:00",
      "2026-07-17 19:59:24.730355+00:00",
      "2026-07-17 19:59:25.748347+00:00",
      "2026-07-17 19:59:25.748378+00:00"
    ]
  },
  "page_assemble": {
    "scope": "page",
    "count": 5,
    "times": [
      0.0002780826762318611,
      0.0003223065286874771,
      0.00015765707939863205,
      0.00025839637964963913,
      0.00013138726353645325
    ],
    "start_timestamps": [
      "2026-07-17 19:59:23.265390+00:00",
      "2026-07-17 19:59:24.730398+00:00",
      "2026-07-17 19:59:24.730751+00:00",
      "2026-07-17 19:59:25.748504+00:00",
      "2026-07-17 19:59:25.748797+00:00"
    ]
  },
  "doc_assemble": {
    "scope": "document",
    "count": 1,
    "times": [
      0.019060950726270676
    ],
    "start_timestamps": [
      "2026-07-17 19:59:25.749175+00:00"
    ]
  },
  "reading_order": {
    "scope": "document",
    "count": 1,
    "times": [
      0.01850118488073349
    ],
    "start_timestamps": [
      "2026-07-17 19:59:25.749341+00:00"
    ]
  },
  "doc_enrich": {
    "scope": "document",
    "count": 1,
    "times": [
      0.0012965798377990723
    ],
    "start_timestamps": [
      "2026-07-17 19:59:25.768256+00:00"
    ]
  }
}
Function parse_pdf took 6.8157 seconds to execute.
Running: get_tables
Function get_tables took 0.0000 seconds to execute.
Running: get_surrounding_paragraphs
Function get_surrounding_paragraphs took 0.0000 seconds to execute.
