Running: parse_pdf
Raw PDF conversion timings:
{
  "pipeline_total": {
    "scope": "document",
    "count": 1,
    "times": [
      7.542851644568145
    ],
    "start_timestamps": [
      "2026-07-17 17:45:10.247190+00:00"
    ]
  },
  "page_parse": {
    "scope": "page",
    "count": 5,
    "times": [
      0.09909251052886248,
      0.11085521802306175,
      0.1304723210632801,
      0.13765573501586914,
      0.1523975757881999
    ],
    "start_timestamps": [
      "2026-07-17 17:45:10.251366+00:00",
      "2026-07-17 17:45:10.350498+00:00",
      "2026-07-17 17:45:10.461393+00:00",
      "2026-07-17 17:45:10.591905+00:00",
      "2026-07-17 17:45:10.729601+00:00"
    ]
  },
  "ocr": {
    "scope": "page",
    "count": 5,
    "times": [
      0.12272333353757858,
      0.1286614052951336,
      2.789079327136278,
      2.5363953039050102,
      0.1284093502908945
    ],
    "start_timestamps": [
      "2026-07-17 17:45:10.350770+00:00",
      "2026-07-17 17:45:10.473532+00:00",
      "2026-07-17 17:45:10.602225+00:00",
      "2026-07-17 17:45:13.391365+00:00",
      "2026-07-17 17:45:15.927778+00:00"
    ]
  },
  "layout": {
    "scope": "page",
    "count": 4,
    "times": [
      0.1446241633966565,
      0.09705135971307755,
      0.030907352454960346,
      0.061654713936150074
    ],
    "start_timestamps": [
      "2026-07-17 17:45:10.473604+00:00",
      "2026-07-17 17:45:10.647621+00:00",
      "2026-07-17 17:45:13.391461+00:00",
      "2026-07-17 17:45:16.056315+00:00"
    ]
  },
  "table_structure": {
    "scope": "page",
    "count": 5,
    "times": [
      2.820231020450592e-05,
      3.236159682273865e-05,
      0.5250695077702403,
      2.736225724220276e-05,
      1.2022443115711212e-05
    ],
    "start_timestamps": [
      "2026-07-17 17:45:10.647733+00:00",
      "2026-07-17 17:45:10.882339+00:00",
      "2026-07-17 17:45:13.440981+00:00",
      "2026-07-17 17:45:16.225509+00:00",
      "2026-07-17 17:45:16.225541+00:00"
    ]
  },
  "page_assemble": {
    "scope": "page",
    "count": 5,
    "times": [
      0.0002968078479170799,
      0.00037144869565963745,
      0.000184718519449234,
      0.0001474376767873764,
      0.0004155617207288742
    ],
    "start_timestamps": [
      "2026-07-17 17:45:10.647826+00:00",
      "2026-07-17 17:45:10.882429+00:00",
      "2026-07-17 17:45:13.966331+00:00",
      "2026-07-17 17:45:16.225754+00:00",
      "2026-07-17 17:45:16.225934+00:00"
    ]
  },
  "doc_assemble": {
    "scope": "document",
    "count": 1,
    "times": [
      0.02309195976704359
    ],
    "start_timestamps": [
      "2026-07-17 17:45:16.226530+00:00"
    ]
  },
  "reading_order": {
    "scope": "document",
    "count": 1,
    "times": [
      0.02259661816060543
    ],
    "start_timestamps": [
      "2026-07-17 17:45:16.226580+00:00"
    ]
  },
  "doc_enrich": {
    "scope": "document",
    "count": 1,
    "times": [
      1.5403723502531648
    ],
    "start_timestamps": [
      "2026-07-17 17:45:16.249654+00:00"
    ]
  }
}
All hyperlinked elements redacted in-memory.
Clean PDF conversion timings:
{
  "pipeline_total": {
    "scope": "document",
    "count": 1,
    "times": [
      7.696358038112521
    ],
    "start_timestamps": [
      "2026-07-17 17:45:17.818947+00:00"
    ]
  },
  "page_parse": {
    "scope": "page",
    "count": 5,
    "times": [
      0.10070319008082151,
      0.11165805906057358,
      0.14628669060766697,
      0.13407443836331367,
      0.15035624522715807
    ],
    "start_timestamps": [
      "2026-07-17 17:45:17.822927+00:00",
      "2026-07-17 17:45:17.923670+00:00",
      "2026-07-17 17:45:18.035363+00:00",
      "2026-07-17 17:45:18.181698+00:00",
      "2026-07-17 17:45:18.315821+00:00"
    ]
  },
  "ocr": {
    "scope": "page",
    "count": 5,
    "times": [
      0.12319191638380289,
      0.14135962165892124,
      2.717353438027203,
      2.749265559948981,
      0.12624116241931915
    ],
    "start_timestamps": [
      "2026-07-17 17:45:17.923909+00:00",
      "2026-07-17 17:45:18.047150+00:00",
      "2026-07-17 17:45:18.188554+00:00",
      "2026-07-17 17:45:20.905975+00:00",
      "2026-07-17 17:45:23.655257+00:00"
    ]
  },
  "layout": {
    "scope": "page",
    "count": 4,
    "times": [
      0.15713926684111357,
      0.09736150410026312,
      0.027506965212523937,
      0.06192128453403711
    ],
    "start_timestamps": [
      "2026-07-17 17:45:18.047214+00:00",
      "2026-07-17 17:45:18.233019+00:00",
      "2026-07-17 17:45:20.906056+00:00",
      "2026-07-17 17:45:23.781624+00:00"
    ]
  },
  "table_structure": {
    "scope": "page",
    "count": 5,
    "times": [
      1.7092563211917877e-05,
      2.270285040140152e-05,
      0.5825009262189269,
      2.6630237698554993e-05,
      1.1511147022247314e-05
    ],
    "start_timestamps": [
      "2026-07-17 17:45:18.233098+00:00",
      "2026-07-17 17:45:18.466473+00:00",
      "2026-07-17 17:45:20.951936+00:00",
      "2026-07-17 17:45:23.950336+00:00",
      "2026-07-17 17:45:23.950368+00:00"
    ]
  },
  "page_assemble": {
    "scope": "page",
    "count": 5,
    "times": [
      0.00028836168348789215,
      0.00030014384537935257,
      0.00020213983952999115,
      0.00014322996139526367,
      0.00039416179060935974
    ],
    "start_timestamps": [
      "2026-07-17 17:45:18.233197+00:00",
      "2026-07-17 17:45:18.466537+00:00",
      "2026-07-17 17:45:21.534616+00:00",
      "2026-07-17 17:45:23.950530+00:00",
      "2026-07-17 17:45:23.950707+00:00"
    ]
  },
  "doc_assemble": {
    "scope": "document",
    "count": 1,
    "times": [
      0.022351025603711605
    ],
    "start_timestamps": [
      "2026-07-17 17:45:23.951280+00:00"
    ]
  },
  "reading_order": {
    "scope": "document",
    "count": 1,
    "times": [
      0.021936265751719475
    ],
    "start_timestamps": [
      "2026-07-17 17:45:23.951322+00:00"
    ]
  },
  "doc_enrich": {
    "scope": "document",
    "count": 1,
    "times": [
      1.5416291654109955
    ],
    "start_timestamps": [
      "2026-07-17 17:45:23.973656+00:00"
    ]
  }
}
Function parse_pdf took 15.3169 seconds to execute.
Running: get_tables
Function get_tables took 0.0000 seconds to execute.
Running: get_surrounding_paragraphs
Function get_surrounding_paragraphs took 0.0000 seconds to execute.
