Running: parse_pdf
Raw PDF conversion timings:
{
  "pipeline_total": {
    "scope": "document",
    "count": 1,
    "times": [
      16.19284346885979
    ],
    "start_timestamps": [
      "2026-07-17 20:48:38.400302+00:00"
    ]
  },
  "page_parse": {
    "scope": "page",
    "count": 10,
    "times": [
      0.09064740594476461,
      0.13717415928840637,
      0.1468587825074792,
      0.2715781945735216,
      0.12481726612895727,
      0.1493453634902835,
      0.12903050519526005,
      0.13367981277406216,
      0.14197467267513275,
      0.178115950897336
    ],
    "start_timestamps": [
      "2026-07-17 20:48:38.405348+00:00",
      "2026-07-17 20:48:38.496037+00:00",
      "2026-07-17 20:48:38.633250+00:00",
      "2026-07-17 20:48:38.780158+00:00",
      "2026-07-17 20:48:39.051782+00:00",
      "2026-07-17 20:48:39.176645+00:00",
      "2026-07-17 20:48:39.326032+00:00",
      "2026-07-17 20:48:39.455110+00:00",
      "2026-07-17 20:48:39.588837+00:00",
      "2026-07-17 20:48:39.730859+00:00"
    ]
  },
  "ocr": {
    "scope": "page",
    "count": 10,
    "times": [
      1.4942278265953064,
      1.8273067008703947,
      0.12023456208407879,
      1.2542477725073695,
      1.797697825357318,
      0.9645598689094186,
      1.7598545113578439,
      1.181879622861743,
      0.7761181071400642,
      0.11959490925073624
    ],
    "start_timestamps": [
      "2026-07-17 20:48:38.496337+00:00",
      "2026-07-17 20:48:39.990660+00:00",
      "2026-07-17 20:48:41.817987+00:00",
      "2026-07-17 20:48:41.938231+00:00",
      "2026-07-17 20:48:43.192500+00:00",
      "2026-07-17 20:48:44.990214+00:00",
      "2026-07-17 20:48:45.954791+00:00",
      "2026-07-17 20:48:47.714663+00:00",
      "2026-07-17 20:48:48.896560+00:00",
      "2026-07-17 20:48:49.672696+00:00"
    ]
  },
  "layout": {
    "scope": "page",
    "count": 2,
    "times": [
      0.06802181992679834,
      0.1113882651552558
    ],
    "start_timestamps": [
      "2026-07-17 20:48:39.990737+00:00",
      "2026-07-17 20:48:49.792556+00:00"
    ]
  },
  "table_structure": {
    "scope": "page",
    "count": 10,
    "times": [
      1.737195998430252e-05,
      2.7301721274852753e-05,
      1.016911119222641e-05,
      0.9828207520768046,
      2.4295412003993988e-05,
      1.4116056263446808e-05,
      1.0330229997634888e-05,
      9.86829400062561e-06,
      8.637085556983948e-06,
      1.721177250146866e-05
    ],
    "start_timestamps": [
      "2026-07-17 20:48:40.083300+00:00",
      "2026-07-17 20:48:50.181942+00:00",
      "2026-07-17 20:48:50.181975+00:00",
      "2026-07-17 20:48:50.181989+00:00",
      "2026-07-17 20:48:51.164828+00:00",
      "2026-07-17 20:48:51.165339+00:00",
      "2026-07-17 20:48:51.165358+00:00",
      "2026-07-17 20:48:51.165372+00:00",
      "2026-07-17 20:48:51.165385+00:00",
      "2026-07-17 20:48:51.165421+00:00"
    ]
  },
  "page_assemble": {
    "scope": "page",
    "count": 10,
    "times": [
      0.0002692658454179764,
      0.00045333243906497955,
      0.00035646185278892517,
      0.00018504727631807327,
      0.0001909090206027031,
      0.00025900639593601227,
      0.00020108837634325027,
      0.00029094796627759933,
      0.0002720719203352928,
      0.0003125881776213646
    ],
    "start_timestamps": [
      "2026-07-17 20:48:40.083361+00:00",
      "2026-07-17 20:48:51.165505+00:00",
      "2026-07-17 20:48:51.165998+00:00",
      "2026-07-17 20:48:51.166375+00:00",
      "2026-07-17 20:48:51.166582+00:00",
      "2026-07-17 20:48:51.166792+00:00",
      "2026-07-17 20:48:51.167068+00:00",
      "2026-07-17 20:48:51.167287+00:00",
      "2026-07-17 20:48:51.167596+00:00",
      "2026-07-17 20:48:51.167885+00:00"
    ]
  },
  "doc_assemble": {
    "scope": "document",
    "count": 1,
    "times": [
      0.034552861005067825
    ],
    "start_timestamps": [
      "2026-07-17 20:48:51.168550+00:00"
    ]
  },
  "reading_order": {
    "scope": "document",
    "count": 1,
    "times": [
      0.0339047210291028
    ],
    "start_timestamps": [
      "2026-07-17 20:48:51.168718+00:00"
    ]
  },
  "doc_enrich": {
    "scope": "document",
    "count": 1,
    "times": [
      3.3900031689554453
    ],
    "start_timestamps": [
      "2026-07-17 20:48:51.203124+00:00"
    ]
  }
}
All hyperlinked elements redacted in-memory.
Clean PDF conversion timings:
{
  "pipeline_total": {
    "scope": "document",
    "count": 1,
    "times": [
      15.68237771652639
    ],
    "start_timestamps": [
      "2026-07-17 20:48:54.660942+00:00"
    ]
  },
  "page_parse": {
    "scope": "page",
    "count": 10,
    "times": [
      0.08994440454989672,
      0.13680060673505068,
      0.1479559764266014,
      0.10814177617430687,
      0.12256196141242981,
      0.12340909615159035,
      0.12059176526963711,
      0.16793379094451666,
      0.1306187929585576,
      0.09457170031964779
    ],
    "start_timestamps": [
      "2026-07-17 20:48:54.665938+00:00",
      "2026-07-17 20:48:54.755926+00:00",
      "2026-07-17 20:48:54.892765+00:00",
      "2026-07-17 20:48:55.040767+00:00",
      "2026-07-17 20:48:55.148959+00:00",
      "2026-07-17 20:48:55.271561+00:00",
      "2026-07-17 20:48:55.395017+00:00",
      "2026-07-17 20:48:55.515649+00:00",
      "2026-07-17 20:48:55.683626+00:00",
      "2026-07-17 20:48:55.814289+00:00"
    ]
  },
  "ocr": {
    "scope": "page",
    "count": 10,
    "times": [
      1.5524388561025262,
      1.4565028166398406,
      0.11934649106115103,
      1.1857344275340438,
      1.4456534506753087,
      0.9516758751124144,
      1.736338441260159,
      1.183024376630783,
      0.7831992423161864,
      0.12168896943330765
    ],
    "start_timestamps": [
      "2026-07-17 20:48:54.756196+00:00",
      "2026-07-17 20:48:56.308724+00:00",
      "2026-07-17 20:48:57.765258+00:00",
      "2026-07-17 20:48:57.884615+00:00",
      "2026-07-17 20:48:59.070369+00:00",
      "2026-07-17 20:49:00.516040+00:00",
      "2026-07-17 20:49:01.467734+00:00",
      "2026-07-17 20:49:03.204111+00:00",
      "2026-07-17 20:49:04.387136+00:00",
      "2026-07-17 20:49:05.170353+00:00"
    ]
  },
  "layout": {
    "scope": "page",
    "count": 2,
    "times": [
      0.0675897179171443,
      0.11144611425697803
    ],
    "start_timestamps": [
      "2026-07-17 20:48:56.308803+00:00",
      "2026-07-17 20:49:05.292219+00:00"
    ]
  },
  "table_structure": {
    "scope": "page",
    "count": 10,
    "times": [
      1.8895603716373444e-05,
      2.5577843189239502e-05,
      8.867122232913971e-06,
      0.9779961425811052,
      2.1911226212978363e-05,
      1.3977289199829102e-05,
      1.1090189218521118e-05,
      8.796341717243195e-06,
      1.0059215128421783e-05,
      1.7573125660419464e-05
    ],
    "start_timestamps": [
      "2026-07-17 20:48:56.399190+00:00",
      "2026-07-17 20:49:05.678929+00:00",
      "2026-07-17 20:49:05.678960+00:00",
      "2026-07-17 20:49:05.678973+00:00",
      "2026-07-17 20:49:06.656986+00:00",
      "2026-07-17 20:49:06.657481+00:00",
      "2026-07-17 20:49:06.657499+00:00",
      "2026-07-17 20:49:06.657513+00:00",
      "2026-07-17 20:49:06.657525+00:00",
      "2026-07-17 20:49:06.657554+00:00"
    ]
  },
  "page_assemble": {
    "scope": "page",
    "count": 10,
    "times": [
      0.0002859886735677719,
      0.00044564902782440186,
      0.00042382627725601196,
      0.00014999229460954666,
      0.0001942059025168419,
      0.00026069115847349167,
      0.0002007167786359787,
      0.00026380643248558044,
      0.00027087051421403885,
      0.0003096526488661766
    ],
    "start_timestamps": [
      "2026-07-17 20:48:56.399262+00:00",
      "2026-07-17 20:49:06.657662+00:00",
      "2026-07-17 20:49:06.658151+00:00",
      "2026-07-17 20:49:06.658596+00:00",
      "2026-07-17 20:49:06.658765+00:00",
      "2026-07-17 20:49:06.658977+00:00",
      "2026-07-17 20:49:06.659255+00:00",
      "2026-07-17 20:49:06.659474+00:00",
      "2026-07-17 20:49:06.659755+00:00",
      "2026-07-17 20:49:06.660043+00:00"
    ]
  },
  "doc_assemble": {
    "scope": "document",
    "count": 1,
    "times": [
      0.35331184789538383
    ],
    "start_timestamps": [
      "2026-07-17 20:49:06.660764+00:00"
    ]
  },
  "reading_order": {
    "scope": "document",
    "count": 1,
    "times": [
      0.35232737474143505
    ],
    "start_timestamps": [
      "2026-07-17 20:49:06.661007+00:00"
    ]
  },
  "doc_enrich": {
    "scope": "document",
    "count": 1,
    "times": [
      3.3291931999847293
    ],
    "start_timestamps": [
      "2026-07-17 20:49:07.014106+00:00"
    ]
  }
}
Function parse_pdf took 32.1355 seconds to execute.
Running: get_tables
Function get_tables took 0.0001 seconds to execute.
Running: get_surrounding_paragraphs
Function get_surrounding_paragraphs took 0.0001 seconds to execute.
