Running: parse_pdf
Raw PDF conversion timings:
{
  "pipeline_total": {
    "scope": "document",
    "count": 1,
    "times": [
      0.279543275013566
    ],
    "start_timestamps": [
      "2026-07-23 19:54:27.625586+00:00"
    ]
  },
  "page_parse": {
    "scope": "page",
    "count": 1,
    "times": [
      0.08280107658356428
    ],
    "start_timestamps": [
      "2026-07-23 19:54:27.632946+00:00"
    ]
  },
  "ocr": {
    "scope": "page",
    "count": 1,
    "times": [
      0.12600684631615877
    ],
    "start_timestamps": [
      "2026-07-23 19:54:27.715841+00:00"
    ]
  },
  "layout": {
    "scope": "page",
    "count": 1,
    "times": [
      0.05205880757421255
    ],
    "start_timestamps": [
      "2026-07-23 19:54:27.841945+00:00"
    ]
  },
  "table_structure": {
    "scope": "page",
    "count": 1,
    "times": [
      1.7593614757061005e-05
    ],
    "start_timestamps": [
      "2026-07-23 19:54:27.901292+00:00"
    ]
  },
  "page_assemble": {
    "scope": "page",
    "count": 1,
    "times": [
      0.0002091526985168457
    ],
    "start_timestamps": [
      "2026-07-23 19:54:27.901434+00:00"
    ]
  },
  "doc_assemble": {
    "scope": "document",
    "count": 1,
    "times": [
      0.003136911429464817
    ],
    "start_timestamps": [
      "2026-07-23 19:54:27.901792+00:00"
    ]
  },
  "reading_order": {
    "scope": "document",
    "count": 1,
    "times": [
      0.0027967318892478943
    ],
    "start_timestamps": [
      "2026-07-23 19:54:27.901819+00:00"
    ]
  },
  "doc_enrich": {
    "scope": "document",
    "count": 1,
    "times": [
      0.00017439760267734528
    ],
    "start_timestamps": [
      "2026-07-23 19:54:27.904950+00:00"
    ]
  }
}
All hyperlinked elements redacted in-memory.
Clean PDF conversion timings:
{
  "pipeline_total": {
    "scope": "document",
    "count": 1,
    "times": [
      0.2799659399315715
    ],
    "start_timestamps": [
      "2026-07-23 19:54:27.915409+00:00"
    ]
  },
  "page_parse": {
    "scope": "page",
    "count": 1,
    "times": [
      0.08573115989565849
    ],
    "start_timestamps": [
      "2026-07-23 19:54:27.922209+00:00"
    ]
  },
  "ocr": {
    "scope": "page",
    "count": 1,
    "times": [
      0.12587513774633408
    ],
    "start_timestamps": [
      "2026-07-23 19:54:28.008041+00:00"
    ]
  },
  "layout": {
    "scope": "page",
    "count": 1,
    "times": [
      0.0500961160287261
    ],
    "start_timestamps": [
      "2026-07-23 19:54:28.134034+00:00"
    ]
  },
  "table_structure": {
    "scope": "page",
    "count": 1,
    "times": [
      1.8073245882987976e-05
    ],
    "start_timestamps": [
      "2026-07-23 19:54:28.191356+00:00"
    ]
  },
  "page_assemble": {
    "scope": "page",
    "count": 1,
    "times": [
      0.0001762518659234047
    ],
    "start_timestamps": [
      "2026-07-23 19:54:28.191525+00:00"
    ]
  },
  "doc_assemble": {
    "scope": "document",
    "count": 1,
    "times": [
      0.0033369287848472595
    ],
    "start_timestamps": [
      "2026-07-23 19:54:28.191840+00:00"
    ]
  },
  "reading_order": {
    "scope": "document",
    "count": 1,
    "times": [
      0.003010464832186699
    ],
    "start_timestamps": [
      "2026-07-23 19:54:28.191863+00:00"
    ]
  },
  "doc_enrich": {
    "scope": "document",
    "count": 1,
    "times": [
      0.00017249584197998047
    ],
    "start_timestamps": [
      "2026-07-23 19:54:28.195199+00:00"
    ]
  }
}
Function parse_pdf took 0.5817 seconds to execute.
Running: get_tables
Function get_tables took 0.0000 seconds to execute.
Running: get_surrounding_paragraphs
Function get_surrounding_paragraphs took 0.0000 seconds to execute.
