Running: parse_pdf
Raw PDF conversion timings:
{
  "pipeline_total": {
    "scope": "document",
    "count": 1,
    "times": [
      44.85749495960772
    ],
    "start_timestamps": [
      "2026-07-23 19:42:39.817042+00:00"
    ]
  },
  "page_parse": {
    "scope": "page",
    "count": 7,
    "times": [
      0.09643187932670116,
      0.1018365491181612,
      0.12259817402809858,
      0.11790206748992205,
      0.11603154800832272,
      0.1837368132546544,
      0.1929163672029972
    ],
    "start_timestamps": [
      "2026-07-23 19:42:39.823932+00:00",
      "2026-07-23 19:42:39.920409+00:00",
      "2026-07-23 19:42:40.022285+00:00",
      "2026-07-23 19:42:40.144926+00:00",
      "2026-07-23 19:42:40.262868+00:00",
      "2026-07-23 19:42:40.378942+00:00",
      "2026-07-23 19:42:40.562733+00:00"
    ]
  },
  "ocr": {
    "scope": "page",
    "count": 7,
    "times": [
      0.12480625882744789,
      0.12299483921378851,
      1.171765356324613,
      1.0345921562984586,
      0.8570523336529732,
      0.6156706130132079,
      0.12223826721310616
    ],
    "start_timestamps": [
      "2026-07-23 19:42:39.920722+00:00",
      "2026-07-23 19:42:40.045570+00:00",
      "2026-07-23 19:42:40.168608+00:00",
      "2026-07-23 19:42:41.340474+00:00",
      "2026-07-23 19:42:42.375081+00:00",
      "2026-07-23 19:42:43.232149+00:00",
      "2026-07-23 19:42:43.847837+00:00"
    ]
  },
  "layout": {
    "scope": "page",
    "count": 4,
    "times": [
      0.24168724566698074,
      0.1465700902044773,
      0.02617769595235586,
      0.06837230175733566
    ],
    "start_timestamps": [
      "2026-07-23 19:42:40.045647+00:00",
      "2026-07-23 19:42:40.424998+00:00",
      "2026-07-23 19:42:41.340533+00:00",
      "2026-07-23 19:42:43.970199+00:00"
    ]
  },
  "table_structure": {
    "scope": "page",
    "count": 7,
    "times": [
      2.2230669856071472e-05,
      2.2882595658302307e-05,
      2.132076770067215e-05,
      3.1157396733760834e-05,
      9.467825293540955e-06,
      7.615424692630768e-06,
      9.638257324695587e-06
    ],
    "start_timestamps": [
      "2026-07-23 19:42:40.425106+00:00",
      "2026-07-23 19:42:40.758460+00:00",
      "2026-07-23 19:42:41.397529+00:00",
      "2026-07-23 19:42:44.279954+00:00",
      "2026-07-23 19:42:44.279990+00:00",
      "2026-07-23 19:42:44.280004+00:00",
      "2026-07-23 19:42:44.280016+00:00"
    ]
  },
  "page_assemble": {
    "scope": "page",
    "count": 7,
    "times": [
      0.0014358824118971825,
      0.00033713411539793015,
      0.00034610088914632797,
      0.00035355519503355026,
      0.0002874508500099182,
      0.0005326513200998306,
      0.0003952737897634506
    ],
    "start_timestamps": [
      "2026-07-23 19:42:40.425238+00:00",
      "2026-07-23 19:42:40.758520+00:00",
      "2026-07-23 19:42:41.397597+00:00",
      "2026-07-23 19:42:44.280133+00:00",
      "2026-07-23 19:42:44.280523+00:00",
      "2026-07-23 19:42:44.280830+00:00",
      "2026-07-23 19:42:44.281383+00:00"
    ]
  },
  "doc_assemble": {
    "scope": "document",
    "count": 1,
    "times": [
      0.03265539649873972
    ],
    "start_timestamps": [
      "2026-07-23 19:42:44.281928+00:00"
    ]
  },
  "reading_order": {
    "scope": "document",
    "count": 1,
    "times": [
      0.03220504801720381
    ],
    "start_timestamps": [
      "2026-07-23 19:42:44.282000+00:00"
    ]
  },
  "doc_enrich": {
    "scope": "document",
    "count": 1,
    "times": [
      40.359910659492016
    ],
    "start_timestamps": [
      "2026-07-23 19:42:44.314607+00:00"
    ]
  }
}
All hyperlinked elements redacted in-memory.
Clean PDF conversion timings:
{
  "pipeline_total": {
    "scope": "document",
    "count": 1,
    "times": [
      44.97393119614571
    ],
    "start_timestamps": [
      "2026-07-23 19:43:24.820185+00:00"
    ]
  },
  "page_parse": {
    "scope": "page",
    "count": 7,
    "times": [
      0.09418769553303719,
      0.10014250408858061,
      0.1185484929010272,
      0.12266898714005947,
      0.1509331287816167,
      0.11235183291137218,
      0.14046346489340067
    ],
    "start_timestamps": [
      "2026-07-23 19:43:24.825687+00:00",
      "2026-07-23 19:43:24.919916+00:00",
      "2026-07-23 19:43:25.020096+00:00",
      "2026-07-23 19:43:25.138684+00:00",
      "2026-07-23 19:43:25.261397+00:00",
      "2026-07-23 19:43:25.412368+00:00",
      "2026-07-23 19:43:25.524763+00:00"
    ]
  },
  "ocr": {
    "scope": "page",
    "count": 7,
    "times": [
      0.12579672411084175,
      0.22226889058947563,
      1.0789150213822722,
      1.0236297380179167,
      0.8856009552255273,
      0.5979952095076442,
      0.1216297522187233
    ],
    "start_timestamps": [
      "2026-07-23 19:43:24.920189+00:00",
      "2026-07-23 19:43:25.046028+00:00",
      "2026-07-23 19:43:25.268330+00:00",
      "2026-07-23 19:43:26.347261+00:00",
      "2026-07-23 19:43:27.370962+00:00",
      "2026-07-23 19:43:28.256579+00:00",
      "2026-07-23 19:43:28.854591+00:00"
    ]
  },
  "layout": {
    "scope": "page",
    "count": 4,
    "times": [
      0.23682767897844315,
      0.11428945884108543,
      0.056744495406746864,
      0.062341528944671154
    ],
    "start_timestamps": [
      "2026-07-23 19:43:25.046106+00:00",
      "2026-07-23 19:43:25.414546+00:00",
      "2026-07-23 19:43:27.371025+00:00",
      "2026-07-23 19:43:28.976368+00:00"
    ]
  },
  "table_structure": {
    "scope": "page",
    "count": 7,
    "times": [
      2.1119602024555206e-05,
      3.338325768709183e-05,
      2.341344952583313e-05,
      9.78820025920868e-06,
      2.5887973606586456e-05,
      8.997507393360138e-06,
      1.5869736671447754e-05
    ],
    "start_timestamps": [
      "2026-07-23 19:43:25.414690+00:00",
      "2026-07-23 19:43:25.665614+00:00",
      "2026-07-23 19:43:27.484804+00:00",
      "2026-07-23 19:43:27.484833+00:00",
      "2026-07-23 19:43:29.234123+00:00",
      "2026-07-23 19:43:29.234153+00:00",
      "2026-07-23 19:43:29.234169+00:00"
    ]
  },
  "page_assemble": {
    "scope": "page",
    "count": 7,
    "times": [
      0.00029569678008556366,
      0.0003901040181517601,
      0.00029393285512924194,
      0.00022338982671499252,
      0.00027869362384080887,
      0.0002507418394088745,
      0.00036421511322259903
    ],
    "start_timestamps": [
      "2026-07-23 19:43:25.414767+00:00",
      "2026-07-23 19:43:25.665695+00:00",
      "2026-07-23 19:43:27.484885+00:00",
      "2026-07-23 19:43:27.485207+00:00",
      "2026-07-23 19:43:29.234265+00:00",
      "2026-07-23 19:43:29.234572+00:00",
      "2026-07-23 19:43:29.234843+00:00"
    ]
  },
  "doc_assemble": {
    "scope": "document",
    "count": 1,
    "times": [
      0.031172812916338444
    ],
    "start_timestamps": [
      "2026-07-23 19:43:29.235364+00:00"
    ]
  },
  "reading_order": {
    "scope": "document",
    "count": 1,
    "times": [
      0.030700484290719032
    ],
    "start_timestamps": [
      "2026-07-23 19:43:29.235458+00:00"
    ]
  },
  "doc_enrich": {
    "scope": "document",
    "count": 1,
    "times": [
      40.52751081995666
    ],
    "start_timestamps": [
      "2026-07-23 19:43:29.266562+00:00"
    ]
  }
}
Function parse_pdf took 90.0287 seconds to execute.
Running: get_tables
Function get_tables took 0.0001 seconds to execute.
Running: get_surrounding_paragraphs
Function get_surrounding_paragraphs took 0.0001 seconds to execute.
