Running: parse_pdf
Raw PDF conversion timings:
{
  "pipeline_total": {
    "scope": "document",
    "count": 1,
    "times": [
      44.26835341844708
    ],
    "start_timestamps": [
      "2026-07-23 16:52:03.281958+00:00"
    ]
  },
  "page_parse": {
    "scope": "page",
    "count": 6,
    "times": [
      0.040943024680018425,
      0.08239737153053284,
      0.07370251230895519,
      0.081547393463552,
      0.087506003677845,
      0.07348978240042925
    ],
    "start_timestamps": [
      "2026-07-23 16:52:03.284588+00:00",
      "2026-07-23 16:52:03.325567+00:00",
      "2026-07-23 16:52:03.408002+00:00",
      "2026-07-23 16:52:03.481744+00:00",
      "2026-07-23 16:52:03.563332+00:00",
      "2026-07-23 16:52:03.650880+00:00"
    ]
  },
  "ocr": {
    "scope": "page",
    "count": 6,
    "times": [
      0.1579129658639431,
      0.1718844138085842,
      0.7517738752067089,
      0.9813964739441872,
      0.7145684016868472,
      0.11865519173443317
    ],
    "start_timestamps": [
      "2026-07-23 16:52:03.325786+00:00",
      "2026-07-23 16:52:03.483730+00:00",
      "2026-07-23 16:52:03.655626+00:00",
      "2026-07-23 16:52:04.407541+00:00",
      "2026-07-23 16:52:05.388953+00:00",
      "2026-07-23 16:52:06.103536+00:00"
    ]
  },
  "layout": {
    "scope": "page",
    "count": 3,
    "times": [
      0.1769251162186265,
      0.06171054020524025,
      0.0610081572085619
    ],
    "start_timestamps": [
      "2026-07-23 16:52:03.483811+00:00",
      "2026-07-23 16:52:04.407604+00:00",
      "2026-07-23 16:52:06.222433+00:00"
    ]
  },
  "table_structure": {
    "scope": "page",
    "count": 6,
    "times": [
      1.386646181344986e-05,
      4.50843945145607e-05,
      9.416602551937103e-06,
      0.8532401556149125,
      2.574920654296875e-05,
      1.6310252249240875e-05
    ],
    "start_timestamps": [
      "2026-07-23 16:52:03.663805+00:00",
      "2026-07-23 16:52:04.558742+00:00",
      "2026-07-23 16:52:04.558792+00:00",
      "2026-07-23 16:52:06.358774+00:00",
      "2026-07-23 16:52:07.212030+00:00",
      "2026-07-23 16:52:07.212058+00:00"
    ]
  },
  "page_assemble": {
    "scope": "page",
    "count": 6,
    "times": [
      0.00045593827962875366,
      0.0018168995156884193,
      0.00020537618547677994,
      0.00018587056547403336,
      0.00033237505704164505,
      0.0006645303219556808
    ],
    "start_timestamps": [
      "2026-07-23 16:52:03.663874+00:00",
      "2026-07-23 16:52:04.558850+00:00",
      "2026-07-23 16:52:04.560701+00:00",
      "2026-07-23 16:52:07.212450+00:00",
      "2026-07-23 16:52:07.212673+00:00",
      "2026-07-23 16:52:07.213030+00:00"
    ]
  },
  "doc_assemble": {
    "scope": "document",
    "count": 1,
    "times": [
      0.02780356351286173
    ],
    "start_timestamps": [
      "2026-07-23 16:52:07.213875+00:00"
    ]
  },
  "reading_order": {
    "scope": "document",
    "count": 1,
    "times": [
      0.02734449878334999
    ],
    "start_timestamps": [
      "2026-07-23 16:52:07.213947+00:00"
    ]
  },
  "doc_enrich": {
    "scope": "document",
    "count": 1,
    "times": [
      40.308574669994414
    ],
    "start_timestamps": [
      "2026-07-23 16:52:07.241702+00:00"
    ]
  }
}
All hyperlinked elements redacted in-memory.
Clean PDF conversion timings:
{
  "pipeline_total": {
    "scope": "document",
    "count": 1,
    "times": [
      44.31157516501844
    ],
    "start_timestamps": [
      "2026-07-23 16:52:47.699243+00:00"
    ]
  },
  "page_parse": {
    "scope": "page",
    "count": 6,
    "times": [
      0.037305801175534725,
      0.0801813518628478,
      0.07433474157005548,
      0.08259126637130976,
      0.088424121029675,
      0.07281827926635742
    ],
    "start_timestamps": [
      "2026-07-23 16:52:47.701590+00:00",
      "2026-07-23 16:52:47.738931+00:00",
      "2026-07-23 16:52:47.819147+00:00",
      "2026-07-23 16:52:47.893520+00:00",
      "2026-07-23 16:52:47.976150+00:00",
      "2026-07-23 16:52:48.064614+00:00"
    ]
  },
  "ocr": {
    "scope": "page",
    "count": 6,
    "times": [
      0.15603856928646564,
      0.17410552222281694,
      0.7630226099863648,
      1.00951461866498,
      0.723237412981689,
      0.12036057002842426
    ],
    "start_timestamps": [
      "2026-07-23 16:52:47.739253+00:00",
      "2026-07-23 16:52:47.895323+00:00",
      "2026-07-23 16:52:48.069446+00:00",
      "2026-07-23 16:52:48.832567+00:00",
      "2026-07-23 16:52:49.842096+00:00",
      "2026-07-23 16:52:50.565349+00:00"
    ]
  },
  "layout": {
    "scope": "page",
    "count": 3,
    "times": [
      0.17920018825680017,
      0.06114828120917082,
      0.06071228068321943
    ],
    "start_timestamps": [
      "2026-07-23 16:52:47.895429+00:00",
      "2026-07-23 16:52:48.832646+00:00",
      "2026-07-23 16:52:50.685884+00:00"
    ]
  },
  "table_structure": {
    "scope": "page",
    "count": 6,
    "times": [
      2.1249987185001373e-05,
      2.8602778911590576e-05,
      9.227544069290161e-06,
      0.8583074593916535,
      1.9947998225688934e-05,
      8.114613592624664e-06
    ],
    "start_timestamps": [
      "2026-07-23 16:52:48.079684+00:00",
      "2026-07-23 16:52:48.979174+00:00",
      "2026-07-23 16:52:48.979206+00:00",
      "2026-07-23 16:52:50.822331+00:00",
      "2026-07-23 16:52:51.680653+00:00",
      "2026-07-23 16:52:51.680676+00:00"
    ]
  },
  "page_assemble": {
    "scope": "page",
    "count": 6,
    "times": [
      0.0004842011258006096,
      0.00034481845796108246,
      0.00019357353448867798,
      0.0001851990818977356,
      0.00036450568586587906,
      0.000269206240773201
    ],
    "start_timestamps": [
      "2026-07-23 16:52:48.079768+00:00",
      "2026-07-23 16:52:48.979256+00:00",
      "2026-07-23 16:52:48.979628+00:00",
      "2026-07-23 16:52:51.680961+00:00",
      "2026-07-23 16:52:51.681184+00:00",
      "2026-07-23 16:52:51.681576+00:00"
    ]
  },
  "doc_assemble": {
    "scope": "document",
    "count": 1,
    "times": [
      0.03158354479819536
    ],
    "start_timestamps": [
      "2026-07-23 16:52:51.682046+00:00"
    ]
  },
  "reading_order": {
    "scope": "document",
    "count": 1,
    "times": [
      0.031075188890099525
    ],
    "start_timestamps": [
      "2026-07-23 16:52:51.682152+00:00"
    ]
  },
  "doc_enrich": {
    "scope": "document",
    "count": 1,
    "times": [
      40.297132816165686
    ],
    "start_timestamps": [
      "2026-07-23 16:52:51.713657+00:00"
    ]
  }
}
Function parse_pdf took 88.8428 seconds to execute.
Running: get_tables
Function get_tables took 0.0001 seconds to execute.
Running: get_surrounding_paragraphs
Function get_surrounding_paragraphs took 0.0001 seconds to execute.
