Running: parse_pdf
Raw PDF conversion timings:
{
  "pipeline_total": {
    "scope": "document",
    "count": 1,
    "times": [
      9.896103446371853
    ],
    "start_timestamps": [
      "2026-07-23 17:39:02.202860+00:00"
    ]
  },
  "page_parse": {
    "scope": "page",
    "count": 9,
    "times": [
      0.09835822880268097,
      0.10391076747328043,
      0.0856760311871767,
      0.09500010870397091,
      0.18085438571870327,
      0.25191552098840475,
      0.19967740960419178,
      0.15844811778515577,
      0.15498223528265953
    ],
    "start_timestamps": [
      "2026-07-23 17:39:02.209239+00:00",
      "2026-07-23 17:39:02.307638+00:00",
      "2026-07-23 17:39:02.411593+00:00",
      "2026-07-23 17:39:02.497309+00:00",
      "2026-07-23 17:39:02.592350+00:00",
      "2026-07-23 17:39:02.773241+00:00",
      "2026-07-23 17:39:03.025198+00:00",
      "2026-07-23 17:39:03.224930+00:00",
      "2026-07-23 17:39:03.383442+00:00"
    ]
  },
  "ocr": {
    "scope": "page",
    "count": 9,
    "times": [
      0.19090724363923073,
      0.12791240867227316,
      0.15332807134836912,
      1.9729303233325481,
      1.7417854750528932,
      1.1341813523322344,
      1.6211979100480676,
      0.4372227555140853,
      0.12073584273457527
    ],
    "start_timestamps": [
      "2026-07-23 17:39:02.307959+00:00",
      "2026-07-23 17:39:02.498900+00:00",
      "2026-07-23 17:39:02.626829+00:00",
      "2026-07-23 17:39:02.780199+00:00",
      "2026-07-23 17:39:04.753148+00:00",
      "2026-07-23 17:39:06.495046+00:00",
      "2026-07-23 17:39:07.629242+00:00",
      "2026-07-23 17:39:09.250454+00:00",
      "2026-07-23 17:39:09.687693+00:00"
    ]
  },
  "layout": {
    "scope": "page",
    "count": 4,
    "times": [
      0.13486494310200214,
      0.05799412354826927,
      0.031039546243846416,
      0.06748950388282537
    ],
    "start_timestamps": [
      "2026-07-23 17:39:02.498980+00:00",
      "2026-07-23 17:39:02.780269+00:00",
      "2026-07-23 17:39:06.495110+00:00",
      "2026-07-23 17:39:09.808557+00:00"
    ]
  },
  "table_structure": {
    "scope": "page",
    "count": 9,
    "times": [
      1.7521902918815613e-05,
      2.5457702577114105e-05,
      2.0713155940175056,
      2.550799399614334e-05,
      9.898096323013306e-06,
      2.8563663363456726e-05,
      9.687617421150208e-06,
      8.565373718738556e-06,
      8.936971426010132e-06
    ],
    "start_timestamps": [
      "2026-07-23 17:39:02.673962+00:00",
      "2026-07-23 17:39:03.081929+00:00",
      "2026-07-23 17:39:03.081960+00:00",
      "2026-07-23 17:39:06.597593+00:00",
      "2026-07-23 17:39:06.597623+00:00",
      "2026-07-23 17:39:10.037175+00:00",
      "2026-07-23 17:39:10.037211+00:00",
      "2026-07-23 17:39:10.037225+00:00",
      "2026-07-23 17:39:10.037238+00:00"
    ]
  },
  "page_assemble": {
    "scope": "page",
    "count": 9,
    "times": [
      0.00041989050805568695,
      0.0005815345793962479,
      0.00028384383767843246,
      0.00030143745243549347,
      0.00014572404325008392,
      0.0001715831458568573,
      0.00012177880853414536,
      0.00031018350273370743,
      0.00026463810354471207
    ],
    "start_timestamps": [
      "2026-07-23 17:39:02.674076+00:00",
      "2026-07-23 17:39:05.153865+00:00",
      "2026-07-23 17:39:05.154480+00:00",
      "2026-07-23 17:39:06.597677+00:00",
      "2026-07-23 17:39:06.598005+00:00",
      "2026-07-23 17:39:10.037320+00:00",
      "2026-07-23 17:39:10.037522+00:00",
      "2026-07-23 17:39:10.037663+00:00",
      "2026-07-23 17:39:10.037992+00:00"
    ]
  },
  "doc_assemble": {
    "scope": "document",
    "count": 1,
    "times": [
      0.03280799463391304
    ],
    "start_timestamps": [
      "2026-07-23 17:39:10.038446+00:00"
    ]
  },
  "reading_order": {
    "scope": "document",
    "count": 1,
    "times": [
      0.03233117703348398
    ],
    "start_timestamps": [
      "2026-07-23 17:39:10.038544+00:00"
    ]
  },
  "doc_enrich": {
    "scope": "document",
    "count": 1,
    "times": [
      2.0276676900684834
    ],
    "start_timestamps": [
      "2026-07-23 17:39:10.071278+00:00"
    ]
  }
}
All hyperlinked elements redacted in-memory.
Clean PDF conversion timings:
{
  "pipeline_total": {
    "scope": "document",
    "count": 1,
    "times": [
      10.17664005048573
    ],
    "start_timestamps": [
      "2026-07-23 17:39:12.195398+00:00"
    ]
  },
  "page_parse": {
    "scope": "page",
    "count": 9,
    "times": [
      0.09162161033600569,
      0.10216865036636591,
      0.0848274240270257,
      0.09296913724392653,
      0.17965364456176758,
      0.24745807331055403,
      0.1984275383874774,
      0.15475339256227016,
      0.08340942487120628
    ],
    "start_timestamps": [
      "2026-07-23 17:39:12.201173+00:00",
      "2026-07-23 17:39:12.292835+00:00",
      "2026-07-23 17:39:12.395043+00:00",
      "2026-07-23 17:39:12.479910+00:00",
      "2026-07-23 17:39:12.572922+00:00",
      "2026-07-23 17:39:12.752612+00:00",
      "2026-07-23 17:39:13.000114+00:00",
      "2026-07-23 17:39:13.198604+00:00",
      "2026-07-23 17:39:13.353422+00:00"
    ]
  },
  "ocr": {
    "scope": "page",
    "count": 9,
    "times": [
      0.18966191075742245,
      0.1282038977369666,
      0.14872793294489384,
      2.115101599134505,
      1.6403606925159693,
      1.0960084609687328,
      1.5957680009305477,
      0.44889573473483324,
      0.1193730691447854
    ],
    "start_timestamps": [
      "2026-07-23 17:39:12.293111+00:00",
      "2026-07-23 17:39:12.482806+00:00",
      "2026-07-23 17:39:12.611025+00:00",
      "2026-07-23 17:39:12.759793+00:00",
      "2026-07-23 17:39:14.874919+00:00",
      "2026-07-23 17:39:16.515390+00:00",
      "2026-07-23 17:39:17.611426+00:00",
      "2026-07-23 17:39:19.207213+00:00",
      "2026-07-23 17:39:19.656125+00:00"
    ]
  },
  "layout": {
    "scope": "page",
    "count": 4,
    "times": [
      0.13277607131749392,
      0.05676954984664917,
      0.031038123182952404,
      0.0669621117413044
    ],
    "start_timestamps": [
      "2026-07-23 17:39:12.482937+00:00",
      "2026-07-23 17:39:12.759855+00:00",
      "2026-07-23 17:39:16.515471+00:00",
      "2026-07-23 17:39:19.775658+00:00"
    ]
  },
  "table_structure": {
    "scope": "page",
    "count": 9,
    "times": [
      1.9215978682041168e-05,
      2.0948238670825958e-05,
      1.9437298905104399,
      1.9888393580913544e-05,
      7.485039532184601e-06,
      2.8483569622039795e-05,
      8.255243301391602e-06,
      1.119077205657959e-05,
      8.927658200263977e-06
    ],
    "start_timestamps": [
      "2026-07-23 17:39:12.652209+00:00",
      "2026-07-23 17:39:13.054940+00:00",
      "2026-07-23 17:39:13.054967+00:00",
      "2026-07-23 17:39:16.613483+00:00",
      "2026-07-23 17:39:16.613506+00:00",
      "2026-07-23 17:39:19.993471+00:00",
      "2026-07-23 17:39:19.993504+00:00",
      "2026-07-23 17:39:19.993516+00:00",
      "2026-07-23 17:39:19.993532+00:00"
    ]
  },
  "page_assemble": {
    "scope": "page",
    "count": 9,
    "times": [
      0.0003115767613053322,
      0.0005652634426951408,
      0.00027466751635074615,
      0.0003922684118151665,
      0.00018461700528860092,
      0.0002007773146033287,
      0.00013592559844255447,
      0.0002980111166834831,
      0.000348004512488842
    ],
    "start_timestamps": [
      "2026-07-23 17:39:12.652286+00:00",
      "2026-07-23 17:39:14.999120+00:00",
      "2026-07-23 17:39:14.999716+00:00",
      "2026-07-23 17:39:16.613574+00:00",
      "2026-07-23 17:39:16.614000+00:00",
      "2026-07-23 17:39:19.993633+00:00",
      "2026-07-23 17:39:19.993867+00:00",
      "2026-07-23 17:39:19.994023+00:00",
      "2026-07-23 17:39:19.994339+00:00"
    ]
  },
  "doc_assemble": {
    "scope": "document",
    "count": 1,
    "times": [
      0.3620494222268462
    ],
    "start_timestamps": [
      "2026-07-23 17:39:19.994899+00:00"
    ]
  },
  "reading_order": {
    "scope": "document",
    "count": 1,
    "times": [
      0.3613954009488225
    ],
    "start_timestamps": [
      "2026-07-23 17:39:19.994984+00:00"
    ]
  },
  "doc_enrich": {
    "scope": "document",
    "count": 1,
    "times": [
      2.0150408260524273
    ],
    "start_timestamps": [
      "2026-07-23 17:39:20.356980+00:00"
    ]
  }
}
Function parse_pdf took 20.3966 seconds to execute.
Running: get_tables
Function get_tables took 0.0001 seconds to execute.
Running: get_surrounding_paragraphs
Function get_surrounding_paragraphs took 0.0001 seconds to execute.
