Running: parse_pdf
Raw PDF conversion timings:
{
  "pipeline_total": {
    "scope": "document",
    "count": 1,
    "times": [
      95.85217061918229
    ],
    "start_timestamps": [
      "2026-07-17 19:33:11.959288+00:00"
    ]
  },
  "page_parse": {
    "scope": "page",
    "count": 8,
    "times": [
      0.08029098436236382,
      0.15555666480213404,
      0.12140056025236845,
      0.17193203046917915,
      0.30358760338276625,
      0.14145051781088114,
      0.1472939709201455,
      0.06475606001913548
    ],
    "start_timestamps": [
      "2026-07-17 19:33:11.963503+00:00",
      "2026-07-17 19:33:12.043836+00:00",
      "2026-07-17 19:33:12.199439+00:00",
      "2026-07-17 19:33:12.320885+00:00",
      "2026-07-17 19:33:12.492867+00:00",
      "2026-07-17 19:33:12.796502+00:00",
      "2026-07-17 19:33:12.937998+00:00",
      "2026-07-17 19:33:13.085340+00:00"
    ]
  },
  "ocr": {
    "scope": "page",
    "count": 8,
    "times": [
      0.16131751146167517,
      1.4662757655605674,
      0.9748843340203166,
      0.9914540154859424,
      1.2683708537369967,
      0.9758980311453342,
      0.7239871732890606,
      0.12040020804852247
    ],
    "start_timestamps": [
      "2026-07-17 19:33:12.044119+00:00",
      "2026-07-17 19:33:12.205483+00:00",
      "2026-07-17 19:33:13.671841+00:00",
      "2026-07-17 19:33:14.646743+00:00",
      "2026-07-17 19:33:15.638215+00:00",
      "2026-07-17 19:33:16.906603+00:00",
      "2026-07-17 19:33:17.882520+00:00",
      "2026-07-17 19:33:18.606526+00:00"
    ]
  },
  "layout": {
    "scope": "page",
    "count": 3,
    "times": [
      0.15971616003662348,
      0.028245876543223858,
      0.08472257107496262
    ],
    "start_timestamps": [
      "2026-07-17 19:33:12.205550+00:00",
      "2026-07-17 19:33:13.671899+00:00",
      "2026-07-17 19:33:18.727250+00:00"
    ]
  },
  "table_structure": {
    "scope": "page",
    "count": 8,
    "times": [
      2.453569322824478e-05,
      1.9496306777000427e-05,
      7.660407572984695e-05,
      2.3303553462028503e-05,
      1.4457851648330688e-05,
      2.227257937192917e-05,
      3.962405025959015e-05,
      2.3603439331054688e-05
    ],
    "start_timestamps": [
      "2026-07-17 19:33:12.528811+00:00",
      "2026-07-17 19:33:13.731634+00:00",
      "2026-07-17 19:33:19.031943+00:00",
      "2026-07-17 19:33:19.032029+00:00",
      "2026-07-17 19:33:19.032059+00:00",
      "2026-07-17 19:33:19.032082+00:00",
      "2026-07-17 19:33:19.032172+00:00",
      "2026-07-17 19:33:19.032220+00:00"
    ]
  },
  "page_assemble": {
    "scope": "page",
    "count": 8,
    "times": [
      0.0009923269972205162,
      0.00030425190925598145,
      0.0008018091320991516,
      0.0003284178674221039,
      0.00027481652796268463,
      0.0003405008465051651,
      0.0004587024450302124,
      0.0002645663917064667
    ],
    "start_timestamps": [
      "2026-07-17 19:33:12.528919+00:00",
      "2026-07-17 19:33:13.731695+00:00",
      "2026-07-17 19:33:19.032370+00:00",
      "2026-07-17 19:33:19.033205+00:00",
      "2026-07-17 19:33:19.033554+00:00",
      "2026-07-17 19:33:19.033846+00:00",
      "2026-07-17 19:33:19.034205+00:00",
      "2026-07-17 19:33:19.034683+00:00"
    ]
  },
  "doc_assemble": {
    "scope": "document",
    "count": 1,
    "times": [
      0.0416115103289485
    ],
    "start_timestamps": [
      "2026-07-17 19:33:19.035627+00:00"
    ]
  },
  "reading_order": {
    "scope": "document",
    "count": 1,
    "times": [
      0.04098055325448513
    ],
    "start_timestamps": [
      "2026-07-17 19:33:19.035801+00:00"
    ]
  },
  "doc_enrich": {
    "scope": "document",
    "count": 1,
    "times": [
      88.73416287824512
    ],
    "start_timestamps": [
      "2026-07-17 19:33:19.077264+00:00"
    ]
  }
}
All hyperlinked elements redacted in-memory.
Clean PDF conversion timings:
{
  "pipeline_total": {
    "scope": "document",
    "count": 1,
    "times": [
      97.13123189844191
    ],
    "start_timestamps": [
      "2026-07-17 19:34:48.034359+00:00"
    ]
  },
  "page_parse": {
    "scope": "page",
    "count": 8,
    "times": [
      0.07751795835793018,
      0.15498855616897345,
      0.11998512782156467,
      0.18666614964604378,
      0.19511981308460236,
      0.20775234699249268,
      0.17387199122458696,
      0.13750225212424994
    ],
    "start_timestamps": [
      "2026-07-17 19:34:48.038983+00:00",
      "2026-07-17 19:34:48.116540+00:00",
      "2026-07-17 19:34:48.271571+00:00",
      "2026-07-17 19:34:48.391598+00:00",
      "2026-07-17 19:34:48.578310+00:00",
      "2026-07-17 19:34:48.773478+00:00",
      "2026-07-17 19:34:48.981271+00:00",
      "2026-07-17 19:34:49.155184+00:00"
    ]
  },
  "ocr": {
    "scope": "page",
    "count": 8,
    "times": [
      0.16077438183128834,
      1.4289891440421343,
      0.9468844421207905,
      1.012013672851026,
      1.2397869024425745,
      0.9422543412074447,
      0.7069075936451554,
      0.12122691422700882
    ],
    "start_timestamps": [
      "2026-07-17 19:34:48.116842+00:00",
      "2026-07-17 19:34:48.277654+00:00",
      "2026-07-17 19:34:49.706759+00:00",
      "2026-07-17 19:34:50.653663+00:00",
      "2026-07-17 19:34:51.665694+00:00",
      "2026-07-17 19:34:52.905498+00:00",
      "2026-07-17 19:34:53.847769+00:00",
      "2026-07-17 19:34:54.554694+00:00"
    ]
  },
  "layout": {
    "scope": "page",
    "count": 3,
    "times": [
      0.15079954639077187,
      0.031044460833072662,
      0.08242765441536903
    ],
    "start_timestamps": [
      "2026-07-17 19:34:48.277727+00:00",
      "2026-07-17 19:34:49.706821+00:00",
      "2026-07-17 19:34:54.676193+00:00"
    ]
  },
  "table_structure": {
    "scope": "page",
    "count": 8,
    "times": [
      1.3374723494052887e-05,
      2.5657936930656433e-05,
      2.7752481400966644e-05,
      1.3224780559539795e-05,
      5.8105215430259705e-06,
      6.040558218955994e-06,
      1.189298927783966e-05,
      8.53557139635086e-06
    ],
    "start_timestamps": [
      "2026-07-17 19:34:48.584146+00:00",
      "2026-07-17 19:34:49.780788+00:00",
      "2026-07-17 19:34:54.989093+00:00",
      "2026-07-17 19:34:54.989126+00:00",
      "2026-07-17 19:34:54.989144+00:00",
      "2026-07-17 19:34:54.989153+00:00",
      "2026-07-17 19:34:54.989212+00:00",
      "2026-07-17 19:34:54.989228+00:00"
    ]
  },
  "page_assemble": {
    "scope": "page",
    "count": 8,
    "times": [
      0.00030452292412519455,
      0.00031783804297447205,
      0.0006659431383013725,
      0.0003688037395477295,
      0.00020527653396129608,
      0.0002562534064054489,
      0.0002767406404018402,
      0.0001889653503894806
    ],
    "start_timestamps": [
      "2026-07-17 19:34:48.584256+00:00",
      "2026-07-17 19:34:49.780854+00:00",
      "2026-07-17 19:34:54.989362+00:00",
      "2026-07-17 19:34:54.990069+00:00",
      "2026-07-17 19:34:54.990458+00:00",
      "2026-07-17 19:34:54.990681+00:00",
      "2026-07-17 19:34:54.990955+00:00",
      "2026-07-17 19:34:54.991250+00:00"
    ]
  },
  "doc_assemble": {
    "scope": "document",
    "count": 1,
    "times": [
      0.349255102686584
    ],
    "start_timestamps": [
      "2026-07-17 19:34:54.991733+00:00"
    ]
  },
  "reading_order": {
    "scope": "document",
    "count": 1,
    "times": [
      0.3486038977280259
    ],
    "start_timestamps": [
      "2026-07-17 19:34:54.991822+00:00"
    ]
  },
  "doc_enrich": {
    "scope": "document",
    "count": 1,
    "times": [
      89.82450471632183
    ],
    "start_timestamps": [
      "2026-07-17 19:34:55.341019+00:00"
    ]
  }
}
Function parse_pdf took 193.3067 seconds to execute.
Running: get_tables
Function get_tables took 0.0001 seconds to execute.
Running: get_surrounding_paragraphs
Function get_surrounding_paragraphs took 0.0001 seconds to execute.
