Running: parse_pdf
Raw PDF conversion timings:
{
  "pipeline_total": {
    "scope": "document",
    "count": 1,
    "times": [
      9.471433626487851
    ],
    "start_timestamps": [
      "2026-07-23 17:47:31.116079+00:00"
    ]
  },
  "page_parse": {
    "scope": "page",
    "count": 7,
    "times": [
      0.17260040249675512,
      0.09317603893578053,
      0.13668344169855118,
      0.18248294852674007,
      0.1704953797161579,
      0.0956156812608242,
      0.05685624200850725
    ],
    "start_timestamps": [
      "2026-07-23 17:47:31.127063+00:00",
      "2026-07-23 17:47:31.299705+00:00",
      "2026-07-23 17:47:31.392923+00:00",
      "2026-07-23 17:47:31.529651+00:00",
      "2026-07-23 17:47:31.712173+00:00",
      "2026-07-23 17:47:31.882710+00:00",
      "2026-07-23 17:47:31.978452+00:00"
    ]
  },
  "ocr": {
    "scope": "page",
    "count": 7,
    "times": [
      0.1247896309942007,
      0.12351993191987276,
      0.9240669384598732,
      1.7553117228671908,
      0.6874398803338408,
      0.12161463592201471,
      0.11707192752510309
    ],
    "start_timestamps": [
      "2026-07-23 17:47:31.300011+00:00",
      "2026-07-23 17:47:31.424839+00:00",
      "2026-07-23 17:47:31.548394+00:00",
      "2026-07-23 17:47:32.472544+00:00",
      "2026-07-23 17:47:34.227871+00:00",
      "2026-07-23 17:47:34.915327+00:00",
      "2026-07-23 17:47:35.036952+00:00"
    ]
  },
  "layout": {
    "scope": "page",
    "count": 4,
    "times": [
      0.14073721040040255,
      0.11994874011725187,
      0.02617389429360628,
      0.06956586986780167
    ],
    "start_timestamps": [
      "2026-07-23 17:47:31.424950+00:00",
      "2026-07-23 17:47:31.617675+00:00",
      "2026-07-23 17:47:32.472605+00:00",
      "2026-07-23 17:47:35.154156+00:00"
    ]
  },
  "table_structure": {
    "scope": "page",
    "count": 7,
    "times": [
      1.9976869225502014e-05,
      2.6308931410312653e-05,
      0.5855121724307537,
      0.26316590793430805,
      0.4854346262291074,
      3.45548614859581e-05,
      1.0077841579914093e-05
    ],
    "start_timestamps": [
      "2026-07-23 17:47:31.617758+00:00",
      "2026-07-23 17:47:31.792471+00:00",
      "2026-07-23 17:47:32.559612+00:00",
      "2026-07-23 17:47:35.471999+00:00",
      "2026-07-23 17:47:35.735180+00:00",
      "2026-07-23 17:47:36.220628+00:00",
      "2026-07-23 17:47:36.220666+00:00"
    ]
  },
  "page_assemble": {
    "scope": "page",
    "count": 7,
    "times": [
      0.000604717992246151,
      0.00030386168509721756,
      0.00037506502121686935,
      0.00040148571133613586,
      0.0004001930356025696,
      0.000445367768406868,
      0.00014232750982046127
    ],
    "start_timestamps": [
      "2026-07-23 17:47:31.617833+00:00",
      "2026-07-23 17:47:31.792535+00:00",
      "2026-07-23 17:47:33.145268+00:00",
      "2026-07-23 17:47:36.220850+00:00",
      "2026-07-23 17:47:36.221291+00:00",
      "2026-07-23 17:47:36.221716+00:00",
      "2026-07-23 17:47:36.222181+00:00"
    ]
  },
  "doc_assemble": {
    "scope": "document",
    "count": 1,
    "times": [
      0.03152042534202337
    ],
    "start_timestamps": [
      "2026-07-23 17:47:36.222496+00:00"
    ]
  },
  "reading_order": {
    "scope": "document",
    "count": 1,
    "times": [
      0.031066352501511574
    ],
    "start_timestamps": [
      "2026-07-23 17:47:36.222576+00:00"
    ]
  },
  "doc_enrich": {
    "scope": "document",
    "count": 1,
    "times": [
      4.333454637788236
    ],
    "start_timestamps": [
      "2026-07-23 17:47:36.254041+00:00"
    ]
  }
}
All hyperlinked elements redacted in-memory.
Clean PDF conversion timings:
{
  "pipeline_total": {
    "scope": "document",
    "count": 1,
    "times": [
      9.29587362613529
    ],
    "start_timestamps": [
      "2026-07-23 17:47:40.704977+00:00"
    ]
  },
  "page_parse": {
    "scope": "page",
    "count": 7,
    "times": [
      0.09697532933205366,
      0.0921083502471447,
      0.13618373218923807,
      0.18199406750500202,
      0.1673580752685666,
      0.09274753369390965,
      0.05926061701029539
    ],
    "start_timestamps": [
      "2026-07-23 17:47:40.714899+00:00",
      "2026-07-23 17:47:40.811920+00:00",
      "2026-07-23 17:47:40.904073+00:00",
      "2026-07-23 17:47:41.040300+00:00",
      "2026-07-23 17:47:41.222339+00:00",
      "2026-07-23 17:47:41.389738+00:00",
      "2026-07-23 17:47:41.482536+00:00"
    ]
  },
  "ocr": {
    "scope": "page",
    "count": 7,
    "times": [
      0.12652212101966143,
      0.1260209372267127,
      0.9239337779581547,
      1.6706269523128867,
      0.6817899793386459,
      0.12106283847242594,
      0.117272624745965
    ],
    "start_timestamps": [
      "2026-07-23 17:47:40.812245+00:00",
      "2026-07-23 17:47:40.938803+00:00",
      "2026-07-23 17:47:41.064860+00:00",
      "2026-07-23 17:47:41.988872+00:00",
      "2026-07-23 17:47:43.659517+00:00",
      "2026-07-23 17:47:44.341323+00:00",
      "2026-07-23 17:47:44.462397+00:00"
    ]
  },
  "layout": {
    "scope": "page",
    "count": 4,
    "times": [
      0.140597527846694,
      0.11941029690206051,
      0.025490167550742626,
      0.06808251794427633
    ],
    "start_timestamps": [
      "2026-07-23 17:47:40.938883+00:00",
      "2026-07-23 17:47:41.125731+00:00",
      "2026-07-23 17:47:41.988938+00:00",
      "2026-07-23 17:47:44.579793+00:00"
    ]
  },
  "table_structure": {
    "scope": "page",
    "count": 7,
    "times": [
      1.8334947526454926e-05,
      2.4374574422836304e-05,
      0.5214393800124526,
      0.2639855807647109,
      0.4860622053965926,
      3.568734973669052e-05,
      1.756194978952408e-05
    ],
    "start_timestamps": [
      "2026-07-23 17:47:41.125821+00:00",
      "2026-07-23 17:47:41.295735+00:00",
      "2026-07-23 17:47:42.072433+00:00",
      "2026-07-23 17:47:44.890282+00:00",
      "2026-07-23 17:47:45.154282+00:00",
      "2026-07-23 17:47:45.640360+00:00",
      "2026-07-23 17:47:45.640398+00:00"
    ]
  },
  "page_assemble": {
    "scope": "page",
    "count": 7,
    "times": [
      0.0003389781340956688,
      0.0003041718155145645,
      0.0003655180335044861,
      0.0003959350287914276,
      0.00035888515412807465,
      0.00045402348041534424,
      0.0001357654109597206
    ],
    "start_timestamps": [
      "2026-07-23 17:47:41.125902+00:00",
      "2026-07-23 17:47:41.295799+00:00",
      "2026-07-23 17:47:42.594493+00:00",
      "2026-07-23 17:47:45.640569+00:00",
      "2026-07-23 17:47:45.641004+00:00",
      "2026-07-23 17:47:45.641391+00:00",
      "2026-07-23 17:47:45.641864+00:00"
    ]
  },
  "doc_assemble": {
    "scope": "document",
    "count": 1,
    "times": [
      0.03032875247299671
    ],
    "start_timestamps": [
      "2026-07-23 17:47:45.642176+00:00"
    ]
  },
  "reading_order": {
    "scope": "document",
    "count": 1,
    "times": [
      0.02987012080848217
    ],
    "start_timestamps": [
      "2026-07-23 17:47:45.642249+00:00"
    ]
  },
  "doc_enrich": {
    "scope": "document",
    "count": 1,
    "times": [
      4.3283019522204995
    ],
    "start_timestamps": [
      "2026-07-23 17:47:45.672529+00:00"
    ]
  }
}
Function parse_pdf took 19.3035 seconds to execute.
Running: get_tables
Function get_tables took 0.0001 seconds to execute.
Running: get_surrounding_paragraphs
Function get_surrounding_paragraphs took 0.0001 seconds to execute.
