Running: parse_pdf
Raw PDF conversion timings:
{
  "pipeline_total": {
    "scope": "document",
    "count": 1,
    "times": [
      92.4221757426858
    ],
    "start_timestamps": [
      "2026-07-23 17:51:55.309005+00:00"
    ]
  },
  "page_parse": {
    "scope": "page",
    "count": 8,
    "times": [
      0.11119583155959845,
      0.11556897964328527,
      0.13515875488519669,
      0.12418982293456793,
      0.13654842041432858,
      0.18629376031458378,
      0.13658904656767845,
      0.15212446171790361
    ],
    "start_timestamps": [
      "2026-07-23 17:51:55.315778+00:00",
      "2026-07-23 17:51:55.427019+00:00",
      "2026-07-23 17:51:55.542632+00:00",
      "2026-07-23 17:51:55.677835+00:00",
      "2026-07-23 17:51:55.802066+00:00",
      "2026-07-23 17:51:55.938656+00:00",
      "2026-07-23 17:51:56.124990+00:00",
      "2026-07-23 17:51:56.261633+00:00"
    ]
  },
  "ocr": {
    "scope": "page",
    "count": 8,
    "times": [
      0.13885019160807133,
      0.23822264093905687,
      1.1315144672989845,
      0.9779877467080951,
      1.4117442686110735,
      0.1350663509219885,
      0.136094706133008,
      0.13215563353151083
    ],
    "start_timestamps": [
      "2026-07-23 17:51:55.427382+00:00",
      "2026-07-23 17:51:55.566276+00:00",
      "2026-07-23 17:51:55.804532+00:00",
      "2026-07-23 17:51:56.936068+00:00",
      "2026-07-23 17:51:57.914166+00:00",
      "2026-07-23 17:51:59.325929+00:00",
      "2026-07-23 17:51:59.461006+00:00",
      "2026-07-23 17:51:59.597111+00:00"
    ]
  },
  "layout": {
    "scope": "page",
    "count": 4,
    "times": [
      0.2646694201976061,
      0.14439282100647688,
      0.058735428377985954,
      0.07430247310549021
    ],
    "start_timestamps": [
      "2026-07-23 17:51:55.566356+00:00",
      "2026-07-23 17:51:56.128073+00:00",
      "2026-07-23 17:51:57.914232+00:00",
      "2026-07-23 17:51:59.729444+00:00"
    ]
  },
  "table_structure": {
    "scope": "page",
    "count": 8,
    "times": [
      2.096034586429596e-05,
      2.751033753156662e-05,
      0.741981795988977,
      2.7091242372989655e-05,
      0.233594112098217,
      0.19996480830013752,
      3.543682396411896e-05,
      1.796334981918335e-05
    ],
    "start_timestamps": [
      "2026-07-23 17:51:56.128169+00:00",
      "2026-07-23 17:51:56.542808+00:00",
      "2026-07-23 17:51:58.057760+00:00",
      "2026-07-23 17:51:58.799759+00:00",
      "2026-07-23 17:52:00.239312+00:00",
      "2026-07-23 17:52:00.472920+00:00",
      "2026-07-23 17:52:00.672901+00:00",
      "2026-07-23 17:52:00.672939+00:00"
    ]
  },
  "page_assemble": {
    "scope": "page",
    "count": 8,
    "times": [
      0.000945468433201313,
      0.0006542811170220375,
      0.0010153502225875854,
      0.0009519811719655991,
      0.0009871982038021088,
      0.0023524975404143333,
      0.0009294888004660606,
      0.0006948681548237801
    ],
    "start_timestamps": [
      "2026-07-23 17:51:56.128251+00:00",
      "2026-07-23 17:51:56.542875+00:00",
      "2026-07-23 17:51:58.799924+00:00",
      "2026-07-23 17:51:58.800972+00:00",
      "2026-07-23 17:52:00.673115+00:00",
      "2026-07-23 17:52:00.674136+00:00",
      "2026-07-23 17:52:00.676514+00:00",
      "2026-07-23 17:52:00.677465+00:00"
    ]
  },
  "doc_assemble": {
    "scope": "document",
    "count": 1,
    "times": [
      0.049709114246070385
    ],
    "start_timestamps": [
      "2026-07-23 17:52:00.678361+00:00"
    ]
  },
  "reading_order": {
    "scope": "document",
    "count": 1,
    "times": [
      0.04913859814405441
    ],
    "start_timestamps": [
      "2026-07-23 17:52:00.678469+00:00"
    ]
  },
  "doc_enrich": {
    "scope": "document",
    "count": 1,
    "times": [
      87.00305260065943
    ],
    "start_timestamps": [
      "2026-07-23 17:52:00.728101+00:00"
    ]
  }
}
All hyperlinked elements redacted in-memory.
Clean PDF conversion timings:
{
  "pipeline_total": {
    "scope": "document",
    "count": 1,
    "times": [
      93.05707869958133
    ],
    "start_timestamps": [
      "2026-07-23 17:53:27.996209+00:00"
    ]
  },
  "page_parse": {
    "scope": "page",
    "count": 8,
    "times": [
      0.11009989120066166,
      0.11350311525166035,
      0.13237813487648964,
      0.12324671074748039,
      0.1342664174735546,
      0.4876274960115552,
      0.15317754540592432,
      0.21910206507891417
    ],
    "start_timestamps": [
      "2026-07-23 17:53:28.002165+00:00",
      "2026-07-23 17:53:28.112307+00:00",
      "2026-07-23 17:53:28.225850+00:00",
      "2026-07-23 17:53:28.358272+00:00",
      "2026-07-23 17:53:28.481561+00:00",
      "2026-07-23 17:53:28.615872+00:00",
      "2026-07-23 17:53:29.103539+00:00",
      "2026-07-23 17:53:29.256791+00:00"
    ]
  },
  "ocr": {
    "scope": "page",
    "count": 8,
    "times": [
      0.13766790926456451,
      0.23584037367254496,
      1.4679410802200437,
      1.0132036367431283,
      1.3945445297285914,
      0.13725780695676804,
      0.13576829433441162,
      0.1342159528285265
    ],
    "start_timestamps": [
      "2026-07-23 17:53:28.112721+00:00",
      "2026-07-23 17:53:28.250446+00:00",
      "2026-07-23 17:53:28.486322+00:00",
      "2026-07-23 17:53:29.954286+00:00",
      "2026-07-23 17:53:30.967609+00:00",
      "2026-07-23 17:53:32.362168+00:00",
      "2026-07-23 17:53:32.499436+00:00",
      "2026-07-23 17:53:32.635215+00:00"
    ]
  },
  "layout": {
    "scope": "page",
    "count": 4,
    "times": [
      0.25918437354266644,
      0.16274732444435358,
      0.058681439608335495,
      0.07313513848930597
    ],
    "start_timestamps": [
      "2026-07-23 17:53:28.250547+00:00",
      "2026-07-23 17:53:29.111042+00:00",
      "2026-07-23 17:53:30.967675+00:00",
      "2026-07-23 17:53:32.769593+00:00"
    ]
  },
  "table_structure": {
    "scope": "page",
    "count": 8,
    "times": [
      1.95968896150589e-05,
      2.6960857212543488e-05,
      0.6184513652697206,
      2.747122198343277e-05,
      0.23082485515624285,
      0.19821604061871767,
      3.080815076828003e-05,
      1.52587890625e-05
    ],
    "start_timestamps": [
      "2026-07-23 17:53:29.111158+00:00",
      "2026-07-23 17:53:29.541889+00:00",
      "2026-07-23 17:53:31.115691+00:00",
      "2026-07-23 17:53:31.734159+00:00",
      "2026-07-23 17:53:33.265551+00:00",
      "2026-07-23 17:53:33.496391+00:00",
      "2026-07-23 17:53:33.694621+00:00",
      "2026-07-23 17:53:33.694654+00:00"
    ]
  },
  "page_assemble": {
    "scope": "page",
    "count": 8,
    "times": [
      0.0004632920026779175,
      0.0004693930968642235,
      0.0004051625728607178,
      0.0003082500770688057,
      0.00045852363109588623,
      0.0005663856863975525,
      0.0005885567516088486,
      0.00038913264870643616
    ],
    "start_timestamps": [
      "2026-07-23 17:53:29.111256+00:00",
      "2026-07-23 17:53:29.541954+00:00",
      "2026-07-23 17:53:31.734348+00:00",
      "2026-07-23 17:53:31.734791+00:00",
      "2026-07-23 17:53:33.694827+00:00",
      "2026-07-23 17:53:33.695328+00:00",
      "2026-07-23 17:53:33.695922+00:00",
      "2026-07-23 17:53:33.696531+00:00"
    ]
  },
  "doc_assemble": {
    "scope": "document",
    "count": 1,
    "times": [
      0.04988619778305292
    ],
    "start_timestamps": [
      "2026-07-23 17:53:33.697112+00:00"
    ]
  },
  "reading_order": {
    "scope": "document",
    "count": 1,
    "times": [
      0.04931728821247816
    ],
    "start_timestamps": [
      "2026-07-23 17:53:33.697217+00:00"
    ]
  },
  "doc_enrich": {
    "scope": "document",
    "count": 1,
    "times": [
      87.3062201961875
    ],
    "start_timestamps": [
      "2026-07-23 17:53:33.747031+00:00"
    ]
  }
}
Function parse_pdf took 186.0019 seconds to execute.
Running: get_tables
Function get_tables took 0.0001 seconds to execute.
Running: get_surrounding_paragraphs
Function get_surrounding_paragraphs took 0.0001 seconds to execute.
