Running: parse_pdf
Raw PDF conversion timings:
{
  "pipeline_total": {
    "scope": "document",
    "count": 1,
    "times": [
      3.9800464995205402
    ],
    "start_timestamps": [
      "2026-07-23 16:07:17.430778+00:00"
    ]
  },
  "page_parse": {
    "scope": "page",
    "count": 6,
    "times": [
      0.11913392785936594,
      0.11403251998126507,
      0.09141423553228378,
      0.07946775015443563,
      0.07870931271463633,
      0.15254103858023882
    ],
    "start_timestamps": [
      "2026-07-23 16:07:17.438188+00:00",
      "2026-07-23 16:07:17.557364+00:00",
      "2026-07-23 16:07:17.671444+00:00",
      "2026-07-23 16:07:17.762900+00:00",
      "2026-07-23 16:07:17.842420+00:00",
      "2026-07-23 16:07:17.921170+00:00"
    ]
  },
  "ocr": {
    "scope": "page",
    "count": 6,
    "times": [
      0.12715110089629889,
      0.1654569897800684,
      0.2270168773829937,
      0.12536815740168095,
      0.12630081083625555,
      0.1321795703843236
    ],
    "start_timestamps": [
      "2026-07-23 16:07:17.557711+00:00",
      "2026-07-23 16:07:17.684902+00:00",
      "2026-07-23 16:07:17.850411+00:00",
      "2026-07-23 16:07:18.077430+00:00",
      "2026-07-23 16:07:18.202832+00:00",
      "2026-07-23 16:07:18.329142+00:00"
    ]
  },
  "layout": {
    "scope": "page",
    "count": 4,
    "times": [
      0.24689456447958946,
      0.02681752387434244,
      0.08065640646964312,
      0.031228712759912014
    ],
    "start_timestamps": [
      "2026-07-23 16:07:17.685009+00:00",
      "2026-07-23 16:07:18.073987+00:00",
      "2026-07-23 16:07:18.202891+00:00",
      "2026-07-23 16:07:18.461435+00:00"
    ]
  },
  "table_structure": {
    "scope": "page",
    "count": 6,
    "times": [
      2.2943131625652313e-05,
      1.758243888616562e-05,
      1.7792917788028717e-05,
      6.42240047454834e-06,
      2.1180137991905212e-05,
      1.2614764273166656e-05
    ],
    "start_timestamps": [
      "2026-07-23 16:07:18.074117+00:00",
      "2026-07-23 16:07:18.159292+00:00",
      "2026-07-23 16:07:18.312045+00:00",
      "2026-07-23 16:07:18.312066+00:00",
      "2026-07-23 16:07:18.677578+00:00",
      "2026-07-23 16:07:18.677603+00:00"
    ]
  },
  "page_assemble": {
    "scope": "page",
    "count": 6,
    "times": [
      0.00031122565269470215,
      0.0003894725814461708,
      0.00020211003720760345,
      0.00016144383698701859,
      0.0002510435879230499,
      0.0005685687065124512
    ],
    "start_timestamps": [
      "2026-07-23 16:07:18.074198+00:00",
      "2026-07-23 16:07:18.159352+00:00",
      "2026-07-23 16:07:18.312107+00:00",
      "2026-07-23 16:07:18.312336+00:00",
      "2026-07-23 16:07:18.677736+00:00",
      "2026-07-23 16:07:18.678020+00:00"
    ]
  },
  "doc_assemble": {
    "scope": "document",
    "count": 1,
    "times": [
      0.04002597462385893
    ],
    "start_timestamps": [
      "2026-07-23 16:07:18.678788+00:00"
    ]
  },
  "reading_order": {
    "scope": "document",
    "count": 1,
    "times": [
      0.039589012041687965
    ],
    "start_timestamps": [
      "2026-07-23 16:07:18.678860+00:00"
    ]
  },
  "doc_enrich": {
    "scope": "document",
    "count": 1,
    "times": [
      2.6919632125645876
    ],
    "start_timestamps": [
      "2026-07-23 16:07:18.718837+00:00"
    ]
  }
}
All hyperlinked elements redacted in-memory.
Clean PDF conversion timings:
{
  "pipeline_total": {
    "scope": "document",
    "count": 1,
    "times": [
      3.9335674541071057
    ],
    "start_timestamps": [
      "2026-07-23 16:07:21.458629+00:00"
    ]
  },
  "page_parse": {
    "scope": "page",
    "count": 6,
    "times": [
      0.1155617767944932,
      0.11591157503426075,
      0.0908694313839078,
      0.0788178676739335,
      0.07783703226596117,
      0.15085200127214193
    ],
    "start_timestamps": [
      "2026-07-23 16:07:21.464070+00:00",
      "2026-07-23 16:07:21.579676+00:00",
      "2026-07-23 16:07:21.695630+00:00",
      "2026-07-23 16:07:21.786540+00:00",
      "2026-07-23 16:07:21.865414+00:00",
      "2026-07-23 16:07:21.943290+00:00"
    ]
  },
  "ocr": {
    "scope": "page",
    "count": 6,
    "times": [
      0.12422619853168726,
      0.16727986838668585,
      0.22509381920099258,
      0.12129420135170221,
      0.12211744021624327,
      0.1261847335845232
    ],
    "start_timestamps": [
      "2026-07-23 16:07:21.580619+00:00",
      "2026-07-23 16:07:21.704884+00:00",
      "2026-07-23 16:07:21.872199+00:00",
      "2026-07-23 16:07:22.097308+00:00",
      "2026-07-23 16:07:22.218635+00:00",
      "2026-07-23 16:07:22.340761+00:00"
    ]
  },
  "layout": {
    "scope": "page",
    "count": 4,
    "times": [
      0.24416740518063307,
      0.12982410937547684,
      0.05686540529131889,
      0.031025420874357224
    ],
    "start_timestamps": [
      "2026-07-23 16:07:21.704981+00:00",
      "2026-07-23 16:07:21.989518+00:00",
      "2026-07-23 16:07:22.218687+00:00",
      "2026-07-23 16:07:22.467065+00:00"
    ]
  },
  "table_structure": {
    "scope": "page",
    "count": 6,
    "times": [
      2.6510097086429596e-05,
      2.3443251848220825e-05,
      2.0839273929595947e-05,
      8.004717528820038e-06,
      2.4034641683101654e-05,
      1.7162412405014038e-05
    ],
    "start_timestamps": [
      "2026-07-23 16:07:21.989624+00:00",
      "2026-07-23 16:07:22.176246+00:00",
      "2026-07-23 16:07:22.303568+00:00",
      "2026-07-23 16:07:22.303593+00:00",
      "2026-07-23 16:07:22.682044+00:00",
      "2026-07-23 16:07:22.682072+00:00"
    ]
  },
  "page_assemble": {
    "scope": "page",
    "count": 6,
    "times": [
      0.000351952388882637,
      0.00033531058579683304,
      0.00024860817939043045,
      0.0001856992021203041,
      0.00026141200214624405,
      0.0005461182445287704
    ],
    "start_timestamps": [
      "2026-07-23 16:07:21.989760+00:00",
      "2026-07-23 16:07:22.176310+00:00",
      "2026-07-23 16:07:22.303652+00:00",
      "2026-07-23 16:07:22.303934+00:00",
      "2026-07-23 16:07:22.682182+00:00",
      "2026-07-23 16:07:22.682476+00:00"
    ]
  },
  "doc_assemble": {
    "scope": "document",
    "count": 1,
    "times": [
      0.039739785715937614
    ],
    "start_timestamps": [
      "2026-07-23 16:07:22.683211+00:00"
    ]
  },
  "reading_order": {
    "scope": "document",
    "count": 1,
    "times": [
      0.03926452249288559
    ],
    "start_timestamps": [
      "2026-07-23 16:07:22.683312+00:00"
    ]
  },
  "doc_enrich": {
    "scope": "document",
    "count": 1,
    "times": [
      2.6691943146288395
    ],
    "start_timestamps": [
      "2026-07-23 16:07:22.722979+00:00"
    ]
  }
}
Function parse_pdf took 8.0294 seconds to execute.
Running: get_tables
Function get_tables took 0.0001 seconds to execute.
Running: get_surrounding_paragraphs
Function get_surrounding_paragraphs took 0.0000 seconds to execute.
