Running: parse_pdf
Raw PDF conversion timings:
{
  "pipeline_total": {
    "scope": "document",
    "count": 1,
    "times": [
      64.19631862640381
    ],
    "start_timestamps": [
      "2026-07-23 15:52:53.492190+00:00"
    ]
  },
  "page_parse": {
    "scope": "page",
    "count": 6,
    "times": [
      0.26192169450223446,
      0.30359392054378986,
      0.2218944327905774,
      0.2008396415039897,
      0.4541464941576123,
      0.3339828159660101
    ],
    "start_timestamps": [
      "2026-07-23 15:52:53.496244+00:00",
      "2026-07-23 15:52:53.758207+00:00",
      "2026-07-23 15:52:54.061843+00:00",
      "2026-07-23 15:52:54.283779+00:00",
      "2026-07-23 15:52:54.484666+00:00",
      "2026-07-23 15:52:54.938861+00:00"
    ]
  },
  "ocr": {
    "scope": "page",
    "count": 6,
    "times": [
      5.0534024918451905,
      4.565647544339299,
      3.4717863900586963,
      3.24897457100451,
      3.7984828744083643,
      2.7288181018084288
    ],
    "start_timestamps": [
      "2026-07-23 15:52:53.758544+00:00",
      "2026-07-23 15:52:58.812095+00:00",
      "2026-07-23 15:53:03.377758+00:00",
      "2026-07-23 15:53:06.849558+00:00",
      "2026-07-23 15:53:10.098548+00:00",
      "2026-07-23 15:53:13.897045+00:00"
    ]
  },
  "layout": {
    "scope": "page",
    "count": 2,
    "times": [
      0.05666481889784336,
      0.0736862700432539
    ],
    "start_timestamps": [
      "2026-07-23 15:52:58.812197+00:00",
      "2026-07-23 15:53:16.626086+00:00"
    ]
  },
  "table_structure": {
    "scope": "page",
    "count": 6,
    "times": [
      2.4235807359218597e-05,
      3.140885382890701e-05,
      1.0649673640727997e-05,
      7.734633982181549e-06,
      0.4567152392119169,
      2.2302381694316864e-05
    ],
    "start_timestamps": [
      "2026-07-23 15:52:58.908519+00:00",
      "2026-07-23 15:53:16.875836+00:00",
      "2026-07-23 15:53:16.875873+00:00",
      "2026-07-23 15:53:16.875888+00:00",
      "2026-07-23 15:53:16.875899+00:00",
      "2026-07-23 15:53:17.332707+00:00"
    ]
  },
  "page_assemble": {
    "scope": "page",
    "count": 6,
    "times": [
      0.00034437794238328934,
      0.00045238062739372253,
      0.00032175611704587936,
      0.00022890139371156693,
      0.0002740556374192238,
      0.0001361863687634468
    ],
    "start_timestamps": [
      "2026-07-23 15:52:58.908626+00:00",
      "2026-07-23 15:53:17.332816+00:00",
      "2026-07-23 15:53:17.333300+00:00",
      "2026-07-23 15:53:17.333643+00:00",
      "2026-07-23 15:53:17.333891+00:00",
      "2026-07-23 15:53:17.334185+00:00"
    ]
  },
  "doc_assemble": {
    "scope": "document",
    "count": 1,
    "times": [
      0.027141434140503407
    ],
    "start_timestamps": [
      "2026-07-23 15:53:17.334545+00:00"
    ]
  },
  "reading_order": {
    "scope": "document",
    "count": 1,
    "times": [
      0.026612037792801857
    ],
    "start_timestamps": [
      "2026-07-23 15:53:17.334649+00:00"
    ]
  },
  "doc_enrich": {
    "scope": "document",
    "count": 1,
    "times": [
      40.32677008770406
    ],
    "start_timestamps": [
      "2026-07-23 15:53:17.361717+00:00"
    ]
  }
}
All hyperlinked elements redacted in-memory.
Clean PDF conversion timings:
{
  "pipeline_total": {
    "scope": "document",
    "count": 1,
    "times": [
      64.06606171280146
    ],
    "start_timestamps": [
      "2026-07-23 15:53:57.799661+00:00"
    ]
  },
  "page_parse": {
    "scope": "page",
    "count": 6,
    "times": [
      0.26036461256444454,
      0.2987456787377596,
      0.3123222663998604,
      0.20016520097851753,
      0.2544403839856386,
      0.1746100401505828
    ],
    "start_timestamps": [
      "2026-07-23 15:53:57.803851+00:00",
      "2026-07-23 15:53:58.064259+00:00",
      "2026-07-23 15:53:58.363046+00:00",
      "2026-07-23 15:53:58.675422+00:00",
      "2026-07-23 15:53:58.875639+00:00",
      "2026-07-23 15:53:59.130164+00:00"
    ]
  },
  "ocr": {
    "scope": "page",
    "count": 6,
    "times": [
      4.92587458062917,
      4.485228483565152,
      3.4085458172485232,
      3.2198196426033974,
      3.770173165947199,
      2.7360605373978615
    ],
    "start_timestamps": [
      "2026-07-23 15:53:58.064601+00:00",
      "2026-07-23 15:54:02.990621+00:00",
      "2026-07-23 15:54:07.475866+00:00",
      "2026-07-23 15:54:10.884429+00:00",
      "2026-07-23 15:54:14.104263+00:00",
      "2026-07-23 15:54:17.874451+00:00"
    ]
  },
  "layout": {
    "scope": "page",
    "count": 2,
    "times": [
      0.057705639861524105,
      0.07534384168684483
    ],
    "start_timestamps": [
      "2026-07-23 15:54:02.990720+00:00",
      "2026-07-23 15:54:20.610719+00:00"
    ]
  },
  "table_structure": {
    "scope": "page",
    "count": 6,
    "times": [
      2.8664246201515198e-05,
      2.712104469537735e-05,
      9.879469871520996e-06,
      6.983056664466858e-06,
      0.4609137047082186,
      2.0679086446762085e-05
    ],
    "start_timestamps": [
      "2026-07-23 15:54:03.087159+00:00",
      "2026-07-23 15:54:20.863437+00:00",
      "2026-07-23 15:54:20.863469+00:00",
      "2026-07-23 15:54:20.863483+00:00",
      "2026-07-23 15:54:20.863496+00:00",
      "2026-07-23 15:54:21.324503+00:00"
    ]
  },
  "page_assemble": {
    "scope": "page",
    "count": 6,
    "times": [
      0.00029161758720874786,
      0.0004262421280145645,
      0.0003458913415670395,
      0.00022072438150644302,
      0.0002570226788520813,
      0.00013262033462524414
    ],
    "start_timestamps": [
      "2026-07-23 15:54:03.087243+00:00",
      "2026-07-23 15:54:21.324610+00:00",
      "2026-07-23 15:54:21.325072+00:00",
      "2026-07-23 15:54:21.325439+00:00",
      "2026-07-23 15:54:21.325679+00:00",
      "2026-07-23 15:54:21.325955+00:00"
    ]
  },
  "doc_assemble": {
    "scope": "document",
    "count": 1,
    "times": [
      0.02799171395599842
    ],
    "start_timestamps": [
      "2026-07-23 15:54:21.326346+00:00"
    ]
  },
  "reading_order": {
    "scope": "document",
    "count": 1,
    "times": [
      0.027469823136925697
    ],
    "start_timestamps": [
      "2026-07-23 15:54:21.326461+00:00"
    ]
  },
  "doc_enrich": {
    "scope": "document",
    "count": 1,
    "times": [
      40.5113185653463
    ],
    "start_timestamps": [
      "2026-07-23 15:54:21.354370+00:00"
    ]
  }
}
Function parse_pdf took 128.7283 seconds to execute.
Running: get_tables
Function get_tables took 0.0001 seconds to execute.
Running: get_surrounding_paragraphs
Function get_surrounding_paragraphs took 0.0001 seconds to execute.
