Running: parse_pdf
Raw PDF conversion timings:
{
  "pipeline_total": {
    "scope": "document",
    "count": 1,
    "times": [
      7.388308038935065
    ],
    "start_timestamps": [
      "2026-07-23 17:45:58.871174+00:00"
    ]
  },
  "page_parse": {
    "scope": "page",
    "count": 9,
    "times": [
      0.09911246877163649,
      0.15350249595940113,
      0.14979557879269123,
      0.100374985486269,
      0.13036929070949554,
      0.11368558369576931,
      0.10619144234806299,
      0.09855086263269186,
      0.16855401173233986
    ],
    "start_timestamps": [
      "2026-07-23 17:45:58.877443+00:00",
      "2026-07-23 17:45:58.976599+00:00",
      "2026-07-23 17:45:59.130142+00:00",
      "2026-07-23 17:45:59.279980+00:00",
      "2026-07-23 17:45:59.380413+00:00",
      "2026-07-23 17:45:59.510882+00:00",
      "2026-07-23 17:45:59.624613+00:00",
      "2026-07-23 17:45:59.730864+00:00",
      "2026-07-23 17:45:59.829460+00:00"
    ]
  },
  "ocr": {
    "scope": "page",
    "count": 9,
    "times": [
      0.15790991950780153,
      1.206282957457006,
      1.1534083541482687,
      0.4336683889850974,
      0.11924749054014683,
      0.5918705081567168,
      0.12242835853248835,
      0.7998530184850097,
      0.12215202674269676
    ],
    "start_timestamps": [
      "2026-07-23 17:45:58.976897+00:00",
      "2026-07-23 17:45:59.134842+00:00",
      "2026-07-23 17:46:00.341210+00:00",
      "2026-07-23 17:46:01.494634+00:00",
      "2026-07-23 17:46:01.928319+00:00",
      "2026-07-23 17:46:02.047576+00:00",
      "2026-07-23 17:46:02.639463+00:00",
      "2026-07-23 17:46:02.761902+00:00",
      "2026-07-23 17:46:03.561771+00:00"
    ]
  },
  "layout": {
    "scope": "page",
    "count": 3,
    "times": [
      0.16274722293019295,
      0.02710019890218973,
      0.0871290685608983
    ],
    "start_timestamps": [
      "2026-07-23 17:45:59.134922+00:00",
      "2026-07-23 17:46:00.341271+00:00",
      "2026-07-23 17:46:03.684098+00:00"
    ]
  },
  "table_structure": {
    "scope": "page",
    "count": 9,
    "times": [
      2.2863037884235382e-05,
      1.9476749002933502e-05,
      3.6949291825294495e-05,
      9.818002581596375e-06,
      7.703900337219238e-06,
      6.923452019691467e-06,
      1.2643635272979736e-05,
      8.926726877689362e-06,
      9.738840162754059e-06
    ],
    "start_timestamps": [
      "2026-07-23 17:45:59.415926+00:00",
      "2026-07-23 17:46:00.402574+00:00",
      "2026-07-23 17:46:04.144045+00:00",
      "2026-07-23 17:46:04.144087+00:00",
      "2026-07-23 17:46:04.144101+00:00",
      "2026-07-23 17:46:04.144113+00:00",
      "2026-07-23 17:46:04.144157+00:00",
      "2026-07-23 17:46:04.144175+00:00",
      "2026-07-23 17:46:04.144188+00:00"
    ]
  },
  "page_assemble": {
    "scope": "page",
    "count": 9,
    "times": [
      0.0006323400884866714,
      0.0003581736236810684,
      0.0003977278247475624,
      0.0002714209258556366,
      0.00025148317217826843,
      0.0002602487802505493,
      0.00027702096849679947,
      0.000292070209980011,
      0.0003440072759985924
    ],
    "start_timestamps": [
      "2026-07-23 17:45:59.416010+00:00",
      "2026-07-23 17:46:00.402635+00:00",
      "2026-07-23 17:46:04.144261+00:00",
      "2026-07-23 17:46:04.144689+00:00",
      "2026-07-23 17:46:04.144981+00:00",
      "2026-07-23 17:46:04.145252+00:00",
      "2026-07-23 17:46:04.145532+00:00",
      "2026-07-23 17:46:04.145826+00:00",
      "2026-07-23 17:46:04.146135+00:00"
    ]
  },
  "doc_assemble": {
    "scope": "document",
    "count": 1,
    "times": [
      0.03462240565568209
    ],
    "start_timestamps": [
      "2026-07-23 17:46:04.146642+00:00"
    ]
  },
  "reading_order": {
    "scope": "document",
    "count": 1,
    "times": [
      0.03414527792483568
    ],
    "start_timestamps": [
      "2026-07-23 17:46:04.146727+00:00"
    ]
  },
  "doc_enrich": {
    "scope": "document",
    "count": 1,
    "times": [
      2.0781629346311092
    ],
    "start_timestamps": [
      "2026-07-23 17:46:04.181288+00:00"
    ]
  }
}
All hyperlinked elements redacted in-memory.
Clean PDF conversion timings:
{
  "pipeline_total": {
    "scope": "document",
    "count": 1,
    "times": [
      7.682121004909277
    ],
    "start_timestamps": [
      "2026-07-23 17:46:06.408318+00:00"
    ]
  },
  "page_parse": {
    "scope": "page",
    "count": 9,
    "times": [
      0.09988123551011086,
      0.1535617783665657,
      0.149714857339859,
      0.10056797880679369,
      0.15919256303459406,
      0.1736479876562953,
      0.4282682156190276,
      0.19443214032799006,
      0.1020934097468853
    ],
    "start_timestamps": [
      "2026-07-23 17:46:06.413504+00:00",
      "2026-07-23 17:46:06.513435+00:00",
      "2026-07-23 17:46:06.667038+00:00",
      "2026-07-23 17:46:06.816797+00:00",
      "2026-07-23 17:46:06.917422+00:00",
      "2026-07-23 17:46:07.076673+00:00",
      "2026-07-23 17:46:07.250364+00:00",
      "2026-07-23 17:46:07.678673+00:00",
      "2026-07-23 17:46:07.873151+00:00"
    ]
  },
  "ocr": {
    "scope": "page",
    "count": 9,
    "times": [
      0.15785902366042137,
      1.607802846468985,
      1.1147041758522391,
      0.4259704826399684,
      0.12097679451107979,
      0.5876708943396807,
      0.11959292087703943,
      0.7844529785215855,
      0.12308371067047119
    ],
    "start_timestamps": [
      "2026-07-23 17:46:06.513731+00:00",
      "2026-07-23 17:46:06.671623+00:00",
      "2026-07-23 17:46:08.279528+00:00",
      "2026-07-23 17:46:09.394248+00:00",
      "2026-07-23 17:46:09.820234+00:00",
      "2026-07-23 17:46:09.941221+00:00",
      "2026-07-23 17:46:10.528908+00:00",
      "2026-07-23 17:46:10.648510+00:00",
      "2026-07-23 17:46:11.432981+00:00"
    ]
  },
  "layout": {
    "scope": "page",
    "count": 3,
    "times": [
      0.24700007867068052,
      0.027103516273200512,
      0.08545063063502312
    ],
    "start_timestamps": [
      "2026-07-23 17:46:06.671713+00:00",
      "2026-07-23 17:46:08.279590+00:00",
      "2026-07-23 17:46:11.556248+00:00"
    ]
  },
  "table_structure": {
    "scope": "page",
    "count": 9,
    "times": [
      2.610962837934494e-05,
      2.4907290935516357e-05,
      2.682022750377655e-05,
      9.097158908843994e-06,
      1.225341111421585e-05,
      6.552785634994507e-06,
      1.0129064321517944e-05,
      1.1080875992774963e-05,
      9.628012776374817e-06
    ],
    "start_timestamps": [
      "2026-07-23 17:46:06.947295+00:00",
      "2026-07-23 17:46:08.337286+00:00",
      "2026-07-23 17:46:11.993301+00:00",
      "2026-07-23 17:46:11.993333+00:00",
      "2026-07-23 17:46:11.993352+00:00",
      "2026-07-23 17:46:11.993369+00:00",
      "2026-07-23 17:46:11.993440+00:00",
      "2026-07-23 17:46:11.993455+00:00",
      "2026-07-23 17:46:11.993470+00:00"
    ]
  },
  "page_assemble": {
    "scope": "page",
    "count": 9,
    "times": [
      0.00036884378641843796,
      0.0003590462729334831,
      0.00038288161158561707,
      0.00032609421759843826,
      0.00027546845376491547,
      0.00024263747036457062,
      0.0002723522484302521,
      0.00028635840862989426,
      0.0003221966326236725
    ],
    "start_timestamps": [
      "2026-07-23 17:46:06.947379+00:00",
      "2026-07-23 17:46:08.337360+00:00",
      "2026-07-23 17:46:11.993551+00:00",
      "2026-07-23 17:46:11.993970+00:00",
      "2026-07-23 17:46:11.994321+00:00",
      "2026-07-23 17:46:11.994616+00:00",
      "2026-07-23 17:46:11.994876+00:00",
      "2026-07-23 17:46:11.995166+00:00",
      "2026-07-23 17:46:11.995470+00:00"
    ]
  },
  "doc_assemble": {
    "scope": "document",
    "count": 1,
    "times": [
      0.034505946561694145
    ],
    "start_timestamps": [
      "2026-07-23 17:46:11.995982+00:00"
    ]
  },
  "reading_order": {
    "scope": "document",
    "count": 1,
    "times": [
      0.03387818578630686
    ],
    "start_timestamps": [
      "2026-07-23 17:46:11.996203+00:00"
    ]
  },
  "doc_enrich": {
    "scope": "document",
    "count": 1,
    "times": [
      2.059901778586209
    ],
    "start_timestamps": [
      "2026-07-23 17:46:12.030513+00:00"
    ]
  }
}
Function parse_pdf took 15.5217 seconds to execute.
Running: get_tables
Function get_tables took 0.0001 seconds to execute.
Running: get_surrounding_paragraphs
Function get_surrounding_paragraphs took 0.0001 seconds to execute.
