Running: parse_pdf
Raw PDF conversion timings:
{
  "pipeline_total": {
    "scope": "document",
    "count": 1,
    "times": [
      47.69475454464555
    ],
    "start_timestamps": [
      "2026-07-17 22:44:27.423895+00:00"
    ]
  },
  "page_parse": {
    "scope": "page",
    "count": 8,
    "times": [
      0.09365356527268887,
      0.09416734240949154,
      0.10058702249079943,
      0.2232626173645258,
      0.30360817164182663,
      0.2508542872965336,
      0.14186955243349075,
      0.11764034070074558
    ],
    "start_timestamps": [
      "2026-07-17 22:44:27.429109+00:00",
      "2026-07-17 22:44:27.522801+00:00",
      "2026-07-17 22:44:27.617007+00:00",
      "2026-07-17 22:44:27.717631+00:00",
      "2026-07-17 22:44:27.940938+00:00",
      "2026-07-17 22:44:28.244587+00:00",
      "2026-07-17 22:44:28.495484+00:00",
      "2026-07-17 22:44:28.637397+00:00"
    ]
  },
  "ocr": {
    "scope": "page",
    "count": 8,
    "times": [
      0.16854006797075272,
      1.5148415500298142,
      0.1393943540751934,
      1.0927073704078794,
      1.3662249213084579,
      1.4827141659334302,
      0.12142836954444647,
      0.12198875285685062
    ],
    "start_timestamps": [
      "2026-07-17 22:44:27.523097+00:00",
      "2026-07-17 22:44:27.691679+00:00",
      "2026-07-17 22:44:29.206611+00:00",
      "2026-07-17 22:44:29.346017+00:00",
      "2026-07-17 22:44:30.438749+00:00",
      "2026-07-17 22:44:31.804992+00:00",
      "2026-07-17 22:44:33.287724+00:00",
      "2026-07-17 22:44:33.409165+00:00"
    ]
  },
  "layout": {
    "scope": "page",
    "count": 3,
    "times": [
      0.08560299687087536,
      0.027173131704330444,
      0.08410522900521755
    ],
    "start_timestamps": [
      "2026-07-17 22:44:27.691751+00:00",
      "2026-07-17 22:44:29.206673+00:00",
      "2026-07-17 22:44:33.531327+00:00"
    ]
  },
  "table_structure": {
    "scope": "page",
    "count": 8,
    "times": [
      2.2351741790771484e-05,
      2.042856067419052e-05,
      0.3290379736572504,
      0.4721874240785837,
      2.1569430828094482e-05,
      1.0450370609760284e-05,
      1.9947998225688934e-05,
      1.3335607945919037e-05
    ],
    "start_timestamps": [
      "2026-07-17 22:44:27.818566+00:00",
      "2026-07-17 22:44:29.275417+00:00",
      "2026-07-17 22:44:33.885483+00:00",
      "2026-07-17 22:44:34.214535+00:00",
      "2026-07-17 22:44:34.686740+00:00",
      "2026-07-17 22:44:34.686764+00:00",
      "2026-07-17 22:44:34.686939+00:00",
      "2026-07-17 22:44:34.686963+00:00"
    ]
  },
  "page_assemble": {
    "scope": "page",
    "count": 8,
    "times": [
      0.001963796094059944,
      0.0006454139947891235,
      0.00042478926479816437,
      0.0002139424905180931,
      0.0002665426582098007,
      0.0002403026446700096,
      0.006467008963227272,
      0.007804935798048973
    ],
    "start_timestamps": [
      "2026-07-17 22:44:27.818677+00:00",
      "2026-07-17 22:44:29.275526+00:00",
      "2026-07-17 22:44:34.687043+00:00",
      "2026-07-17 22:44:34.687506+00:00",
      "2026-07-17 22:44:34.687746+00:00",
      "2026-07-17 22:44:34.688035+00:00",
      "2026-07-17 22:44:34.688293+00:00",
      "2026-07-17 22:44:34.694787+00:00"
    ]
  },
  "doc_assemble": {
    "scope": "document",
    "count": 1,
    "times": [
      0.03305959701538086
    ],
    "start_timestamps": [
      "2026-07-17 22:44:34.702861+00:00"
    ]
  },
  "reading_order": {
    "scope": "document",
    "count": 1,
    "times": [
      0.03245751466602087
    ],
    "start_timestamps": [
      "2026-07-17 22:44:34.703047+00:00"
    ]
  },
  "doc_enrich": {
    "scope": "document",
    "count": 1,
    "times": [
      40.38268307130784
    ],
    "start_timestamps": [
      "2026-07-17 22:44:34.735941+00:00"
    ]
  }
}
PROCESSOR ERROR: Error in extract: code=4: only Gray, RGB, and CMYK colorspaces supported
PROCESSOR ERROR: Error in save_all: a bytes-like object is required, not 'NoneType'
