Running: parse_pdf
Raw PDF conversion timings:
{
  "pipeline_total": {
    "scope": "document",
    "count": 1,
    "times": [
      11.885016396641731
    ],
    "start_timestamps": [
      "2026-07-23 17:43:00.805610+00:00"
    ]
  },
  "page_parse": {
    "scope": "page",
    "count": 13,
    "times": [
      0.10094466339796782,
      0.12422577664256096,
      0.1086288345977664,
      0.07067713048309088,
      0.10170723777264357,
      0.14091037586331367,
      0.0768077876418829,
      0.22607987094670534,
      0.08557266276329756,
      0.10789784789085388,
      0.09006378427147865,
      0.18614560645073652,
      0.05335280857980251
    ],
    "start_timestamps": [
      "2026-07-23 17:43:00.809959+00:00",
      "2026-07-23 17:43:00.910947+00:00",
      "2026-07-23 17:43:01.035218+00:00",
      "2026-07-23 17:43:01.143893+00:00",
      "2026-07-23 17:43:01.214610+00:00",
      "2026-07-23 17:43:01.316357+00:00",
      "2026-07-23 17:43:01.457312+00:00",
      "2026-07-23 17:43:01.534175+00:00",
      "2026-07-23 17:43:01.760298+00:00",
      "2026-07-23 17:43:01.845909+00:00",
      "2026-07-23 17:43:01.953849+00:00",
      "2026-07-23 17:43:02.043953+00:00",
      "2026-07-23 17:43:02.230146+00:00"
    ]
  },
  "ocr": {
    "scope": "page",
    "count": 13,
    "times": [
      0.12953374534845352,
      0.18086040019989014,
      1.3554379483684897,
      1.8981854002922773,
      0.6959226215258241,
      0.6820681290701032,
      0.7096250494942069,
      0.6544510051608086,
      0.8231322038918734,
      0.9201410710811615,
      1.3701371503993869,
      0.12535510212183,
      0.12193137779831886
    ],
    "start_timestamps": [
      "2026-07-23 17:43:00.911321+00:00",
      "2026-07-23 17:43:01.040889+00:00",
      "2026-07-23 17:43:01.221788+00:00",
      "2026-07-23 17:43:02.577241+00:00",
      "2026-07-23 17:43:04.475528+00:00",
      "2026-07-23 17:43:05.171466+00:00",
      "2026-07-23 17:43:05.853550+00:00",
      "2026-07-23 17:43:06.563192+00:00",
      "2026-07-23 17:43:07.217660+00:00",
      "2026-07-23 17:43:08.040807+00:00",
      "2026-07-23 17:43:08.960964+00:00",
      "2026-07-23 17:43:10.331117+00:00",
      "2026-07-23 17:43:10.456483+00:00"
    ]
  },
  "layout": {
    "scope": "page",
    "count": 4,
    "times": [
      0.2830680115148425,
      0.08351069316267967,
      0.05747371353209019,
      0.10817796550691128
    ],
    "start_timestamps": [
      "2026-07-23 17:43:01.041023+00:00",
      "2026-07-23 17:43:01.461857+00:00",
      "2026-07-23 17:43:04.475602+00:00",
      "2026-07-23 17:43:10.578607+00:00"
    ]
  },
  "table_structure": {
    "scope": "page",
    "count": 13,
    "times": [
      1.768302172422409e-05,
      2.0189210772514343e-05,
      2.641044557094574e-05,
      8.796341717243195e-06,
      2.5949440896511078e-05,
      9.927898645401001e-06,
      7.233582437038422e-06,
      6.441958248615265e-06,
      8.796341717243195e-06,
      0.3309301445260644,
      2.469681203365326e-05,
      2.449657768011093e-05,
      1.2433156371116638e-05
    ],
    "start_timestamps": [
      "2026-07-23 17:43:01.461964+00:00",
      "2026-07-23 17:43:01.766546+00:00",
      "2026-07-23 17:43:04.613866+00:00",
      "2026-07-23 17:43:04.613897+00:00",
      "2026-07-23 17:43:11.081197+00:00",
      "2026-07-23 17:43:11.081228+00:00",
      "2026-07-23 17:43:11.081242+00:00",
      "2026-07-23 17:43:11.081253+00:00",
      "2026-07-23 17:43:11.081304+00:00",
      "2026-07-23 17:43:11.081317+00:00",
      "2026-07-23 17:43:11.412264+00:00",
      "2026-07-23 17:43:11.412291+00:00",
      "2026-07-23 17:43:11.412456+00:00"
    ]
  },
  "page_assemble": {
    "scope": "page",
    "count": 13,
    "times": [
      0.0005528517067432404,
      0.0005770865827798843,
      0.0004374934360384941,
      0.00018936675041913986,
      0.0003264034166932106,
      0.0002887127920985222,
      0.00015935953706502914,
      0.00025281496345996857,
      0.00026413705199956894,
      0.00041740573942661285,
      0.0003167474642395973,
      0.0008063875138759613,
      0.0001305658370256424
    ],
    "start_timestamps": [
      "2026-07-23 17:43:01.462057+00:00",
      "2026-07-23 17:43:01.766716+00:00",
      "2026-07-23 17:43:04.613963+00:00",
      "2026-07-23 17:43:04.614444+00:00",
      "2026-07-23 17:43:11.093439+00:00",
      "2026-07-23 17:43:11.093795+00:00",
      "2026-07-23 17:43:11.094105+00:00",
      "2026-07-23 17:43:11.094282+00:00",
      "2026-07-23 17:43:11.412560+00:00",
      "2026-07-23 17:43:11.412863+00:00",
      "2026-07-23 17:43:11.413309+00:00",
      "2026-07-23 17:43:11.413649+00:00",
      "2026-07-23 17:43:11.414475+00:00"
    ]
  },
  "doc_assemble": {
    "scope": "document",
    "count": 1,
    "times": [
      0.06151983700692654
    ],
    "start_timestamps": [
      "2026-07-23 17:43:11.414804+00:00"
    ]
  },
  "reading_order": {
    "scope": "document",
    "count": 1,
    "times": [
      0.06090833619236946
    ],
    "start_timestamps": [
      "2026-07-23 17:43:11.414980+00:00"
    ]
  },
  "doc_enrich": {
    "scope": "document",
    "count": 1,
    "times": [
      1.2142590451985598
    ],
    "start_timestamps": [
      "2026-07-23 17:43:11.476352+00:00"
    ]
  }
}
All hyperlinked elements redacted in-memory.
Clean PDF conversion timings:
{
  "pipeline_total": {
    "scope": "document",
    "count": 1,
    "times": [
      11.85475690010935
    ],
    "start_timestamps": [
      "2026-07-23 17:43:12.767728+00:00"
    ]
  },
  "page_parse": {
    "scope": "page",
    "count": 13,
    "times": [
      0.1004448626190424,
      0.12400251720100641,
      0.40158780850470066,
      0.06942395307123661,
      0.10293959733098745,
      0.1347598321735859,
      0.14087259490042925,
      0.142434885725379,
      0.07588712498545647,
      0.10519024357199669,
      0.0887580281123519,
      0.13471853360533714,
      0.04045037552714348
    ],
    "start_timestamps": [
      "2026-07-23 17:43:12.772367+00:00",
      "2026-07-23 17:43:12.872852+00:00",
      "2026-07-23 17:43:12.996899+00:00",
      "2026-07-23 17:43:13.398527+00:00",
      "2026-07-23 17:43:13.467989+00:00",
      "2026-07-23 17:43:13.570972+00:00",
      "2026-07-23 17:43:13.705774+00:00",
      "2026-07-23 17:43:13.846704+00:00",
      "2026-07-23 17:43:13.989187+00:00",
      "2026-07-23 17:43:14.065112+00:00",
      "2026-07-23 17:43:14.170345+00:00",
      "2026-07-23 17:43:14.259152+00:00",
      "2026-07-23 17:43:14.393920+00:00"
    ]
  },
  "ocr": {
    "scope": "page",
    "count": 13,
    "times": [
      0.12896936386823654,
      0.4076344380155206,
      1.3186898892745376,
      1.8325926195830107,
      0.6501156548038125,
      0.6665989877656102,
      0.6892506266012788,
      0.6390879321843386,
      0.814672814682126,
      0.9049153365194798,
      1.2936922553926706,
      0.12336408533155918,
      0.12373500317335129
    ],
    "start_timestamps": [
      "2026-07-23 17:43:12.873109+00:00",
      "2026-07-23 17:43:13.002110+00:00",
      "2026-07-23 17:43:13.409781+00:00",
      "2026-07-23 17:43:14.728556+00:00",
      "2026-07-23 17:43:16.561164+00:00",
      "2026-07-23 17:43:17.211302+00:00",
      "2026-07-23 17:43:17.877917+00:00",
      "2026-07-23 17:43:18.567184+00:00",
      "2026-07-23 17:43:19.206286+00:00",
      "2026-07-23 17:43:20.020980+00:00",
      "2026-07-23 17:43:20.925916+00:00",
      "2026-07-23 17:43:22.219619+00:00",
      "2026-07-23 17:43:22.342993+00:00"
    ]
  },
  "layout": {
    "scope": "page",
    "count": 4,
    "times": [
      0.5755863152444363,
      0.10388641897588968,
      0.026933147571980953,
      0.117869614623487
    ],
    "start_timestamps": [
      "2026-07-23 17:43:13.002204+00:00",
      "2026-07-23 17:43:13.715192+00:00",
      "2026-07-23 17:43:14.728613+00:00",
      "2026-07-23 17:43:22.466961+00:00"
    ]
  },
  "table_structure": {
    "scope": "page",
    "count": 13,
    "times": [
      2.1620653569698334e-05,
      2.095848321914673e-05,
      2.038944512605667e-05,
      2.9645860195159912e-05,
      1.0300427675247192e-05,
      7.374212145805359e-06,
      5.43985515832901e-06,
      8.676201105117798e-06,
      6.47176057100296e-06,
      0.328742447309196,
      2.2582709789276123e-05,
      2.5266781449317932e-05,
      8.645467460155487e-06
    ],
    "start_timestamps": [
      "2026-07-23 17:43:13.715308+00:00",
      "2026-07-23 17:43:13.995489+00:00",
      "2026-07-23 17:43:14.808825+00:00",
      "2026-07-23 17:43:23.008583+00:00",
      "2026-07-23 17:43:23.008618+00:00",
      "2026-07-23 17:43:23.008632+00:00",
      "2026-07-23 17:43:23.008643+00:00",
      "2026-07-23 17:43:23.008686+00:00",
      "2026-07-23 17:43:23.008699+00:00",
      "2026-07-23 17:43:23.008709+00:00",
      "2026-07-23 17:43:23.337468+00:00",
      "2026-07-23 17:43:23.337615+00:00",
      "2026-07-23 17:43:23.337645+00:00"
    ]
  },
  "page_assemble": {
    "scope": "page",
    "count": 13,
    "times": [
      0.0004924070090055466,
      0.00047134701162576675,
      0.0004021376371383667,
      0.0002410123124718666,
      0.00027203187346458435,
      0.00028182100504636765,
      0.00015341956168413162,
      0.0003812471404671669,
      0.00019272230565547943,
      0.00033249612897634506,
      0.00022877007722854614,
      0.0005481727421283722,
      0.0001294044777750969
    ],
    "start_timestamps": [
      "2026-07-23 17:43:13.715436+00:00",
      "2026-07-23 17:43:13.995555+00:00",
      "2026-07-23 17:43:14.808893+00:00",
      "2026-07-23 17:43:23.009527+00:00",
      "2026-07-23 17:43:23.009801+00:00",
      "2026-07-23 17:43:23.010094+00:00",
      "2026-07-23 17:43:23.010412+00:00",
      "2026-07-23 17:43:23.337734+00:00",
      "2026-07-23 17:43:23.338151+00:00",
      "2026-07-23 17:43:23.338367+00:00",
      "2026-07-23 17:43:23.338720+00:00",
      "2026-07-23 17:43:23.338967+00:00",
      "2026-07-23 17:43:23.339535+00:00"
    ]
  },
  "doc_assemble": {
    "scope": "document",
    "count": 1,
    "times": [
      0.06122185755521059
    ],
    "start_timestamps": [
      "2026-07-23 17:43:23.339879+00:00"
    ]
  },
  "reading_order": {
    "scope": "document",
    "count": 1,
    "times": [
      0.060608613304793835
    ],
    "start_timestamps": [
      "2026-07-23 17:43:23.339997+00:00"
    ]
  },
  "doc_enrich": {
    "scope": "document",
    "count": 1,
    "times": [
      1.2213406525552273
    ],
    "start_timestamps": [
      "2026-07-23 17:43:23.401132+00:00"
    ]
  }
}
Function parse_pdf took 24.1986 seconds to execute.
Running: get_tables
Function get_tables took 0.0001 seconds to execute.
Running: get_surrounding_paragraphs
Function get_surrounding_paragraphs took 0.0001 seconds to execute.
