Running: parse_pdf
Raw PDF conversion timings:
{
  "pipeline_total": {
    "scope": "document",
    "count": 1,
    "times": [
      52.07132770586759
    ],
    "start_timestamps": [
      "2026-07-17 20:43:50.755039+00:00"
    ]
  },
  "page_parse": {
    "scope": "page",
    "count": 8,
    "times": [
      0.10231321398168802,
      0.09205537009984255,
      0.08945861272513866,
      0.12169162277132273,
      0.14037527423352003,
      0.12462298944592476,
      0.09061329532414675,
      0.062343133613467216
    ],
    "start_timestamps": [
      "2026-07-17 20:43:50.767425+00:00",
      "2026-07-17 20:43:50.869780+00:00",
      "2026-07-17 20:43:50.961876+00:00",
      "2026-07-17 20:43:51.051375+00:00",
      "2026-07-17 20:43:51.173109+00:00",
      "2026-07-17 20:43:51.313552+00:00",
      "2026-07-17 20:43:51.438218+00:00",
      "2026-07-17 20:43:51.528872+00:00"
    ]
  },
  "ocr": {
    "scope": "page",
    "count": 8,
    "times": [
      0.18461827374994755,
      0.27739188726991415,
      0.20124273095279932,
      2.5595128750428557,
      1.6297263894230127,
      1.117431535385549,
      0.12050434947013855,
      0.20461824256926775
    ],
    "start_timestamps": [
      "2026-07-17 20:43:50.870053+00:00",
      "2026-07-17 20:43:51.054717+00:00",
      "2026-07-17 20:43:51.332119+00:00",
      "2026-07-17 20:43:51.533419+00:00",
      "2026-07-17 20:43:54.092950+00:00",
      "2026-07-17 20:43:55.722693+00:00",
      "2026-07-17 20:43:56.840143+00:00",
      "2026-07-17 20:43:56.960700+00:00"
    ]
  },
  "layout": {
    "scope": "page",
    "count": 4,
    "times": [
      0.14235107135027647,
      0.10560641158372164,
      0.07285500597208738,
      0.029218886978924274
    ],
    "start_timestamps": [
      "2026-07-17 20:43:51.054786+00:00",
      "2026-07-17 20:43:51.533539+00:00",
      "2026-07-17 20:43:56.960852+00:00",
      "2026-07-17 20:43:57.233300+00:00"
    ]
  },
  "table_structure": {
    "scope": "page",
    "count": 8,
    "times": [
      2.7171336114406586e-05,
      4.706811159849167e-05,
      1.9076280295848846e-05,
      4.918314516544342e-05,
      2.7351081371307373e-05,
      1.9526109099388123e-05,
      2.3264437913894653e-05,
      4.516448825597763e-05
    ],
    "start_timestamps": [
      "2026-07-17 20:43:51.328448+00:00",
      "2026-07-17 20:43:51.737612+00:00",
      "2026-07-17 20:43:51.737664+00:00",
      "2026-07-17 20:43:57.233424+00:00",
      "2026-07-17 20:43:57.233482+00:00",
      "2026-07-17 20:43:57.233517+00:00",
      "2026-07-17 20:43:57.233543+00:00",
      "2026-07-17 20:43:57.327066+00:00"
    ]
  },
  "page_assemble": {
    "scope": "page",
    "count": 8,
    "times": [
      0.00044849421828985214,
      0.00045670848339796066,
      0.00043784454464912415,
      0.0003436673432588577,
      0.0003094831481575966,
      0.00032899901270866394,
      0.0003656391054391861,
      0.0004663662984967232
    ],
    "start_timestamps": [
      "2026-07-17 20:43:51.328526+00:00",
      "2026-07-17 20:43:51.737736+00:00",
      "2026-07-17 20:43:51.738230+00:00",
      "2026-07-17 20:43:57.234109+00:00",
      "2026-07-17 20:43:57.234483+00:00",
      "2026-07-17 20:43:57.234811+00:00",
      "2026-07-17 20:43:57.235159+00:00",
      "2026-07-17 20:43:57.327249+00:00"
    ]
  },
  "doc_assemble": {
    "scope": "document",
    "count": 1,
    "times": [
      0.03856221027672291
    ],
    "start_timestamps": [
      "2026-07-17 20:43:57.327913+00:00"
    ]
  },
  "reading_order": {
    "scope": "document",
    "count": 1,
    "times": [
      0.03808729723095894
    ],
    "start_timestamps": [
      "2026-07-17 20:43:57.327995+00:00"
    ]
  },
  "doc_enrich": {
    "scope": "document",
    "count": 1,
    "times": [
      45.45983492862433
    ],
    "start_timestamps": [
      "2026-07-17 20:43:57.366498+00:00"
    ]
  }
}
All hyperlinked elements redacted in-memory.
Clean PDF conversion timings:
{
  "pipeline_total": {
    "scope": "document",
    "count": 1,
    "times": [
      51.311074094846845
    ],
    "start_timestamps": [
      "2026-07-17 20:44:42.980714+00:00"
    ]
  },
  "page_parse": {
    "scope": "page",
    "count": 8,
    "times": [
      0.10106010735034943,
      0.09041912201792002,
      0.08705319836735725,
      0.11935745179653168,
      0.10756086185574532,
      0.13695104233920574,
      0.08884534053504467,
      0.06099926680326462
    ],
    "start_timestamps": [
      "2026-07-17 20:44:42.991992+00:00",
      "2026-07-17 20:44:43.093100+00:00",
      "2026-07-17 20:44:43.183567+00:00",
      "2026-07-17 20:44:43.270665+00:00",
      "2026-07-17 20:44:43.390069+00:00",
      "2026-07-17 20:44:43.497671+00:00",
      "2026-07-17 20:44:43.634668+00:00",
      "2026-07-17 20:44:43.723561+00:00"
    ]
  },
  "ocr": {
    "scope": "page",
    "count": 8,
    "times": [
      0.18087660800665617,
      0.12986324355006218,
      0.150660983286798,
      1.8262940486893058,
      1.2283905949443579,
      1.2536481181159616,
      0.11995169054716825,
      0.11810141801834106
    ],
    "start_timestamps": [
      "2026-07-17 20:44:43.093424+00:00",
      "2026-07-17 20:44:43.274350+00:00",
      "2026-07-17 20:44:43.404239+00:00",
      "2026-07-17 20:44:43.554943+00:00",
      "2026-07-17 20:44:45.381256+00:00",
      "2026-07-17 20:44:46.609724+00:00",
      "2026-07-17 20:44:47.863390+00:00",
      "2026-07-17 20:44:47.983355+00:00"
    ]
  },
  "layout": {
    "scope": "page",
    "count": 4,
    "times": [
      0.22906391322612762,
      0.2767822854220867,
      0.03337468858808279,
      0.0665748892351985
    ],
    "start_timestamps": [
      "2026-07-17 20:44:43.274438+00:00",
      "2026-07-17 20:44:43.555005+00:00",
      "2026-07-17 20:44:46.609788+00:00",
      "2026-07-17 20:44:48.101605+00:00"
    ]
  },
  "table_structure": {
    "scope": "page",
    "count": 8,
    "times": [
      2.041831612586975e-05,
      2.6910565793514252e-05,
      8.126720786094666e-06,
      3.0065886676311493e-05,
      1.079123467206955e-05,
      2.632010728120804e-05,
      1.1130236089229584e-05,
      9.617768228054047e-06
    ],
    "start_timestamps": [
      "2026-07-17 20:44:43.550941+00:00",
      "2026-07-17 20:44:43.939602+00:00",
      "2026-07-17 20:44:43.939632+00:00",
      "2026-07-17 20:44:47.011569+00:00",
      "2026-07-17 20:44:47.011604+00:00",
      "2026-07-17 20:44:48.336104+00:00",
      "2026-07-17 20:44:48.336136+00:00",
      "2026-07-17 20:44:48.336151+00:00"
    ]
  },
  "page_assemble": {
    "scope": "page",
    "count": 8,
    "times": [
      0.0003167567774653435,
      0.0003417227417230606,
      0.00027993693947792053,
      0.00022901035845279694,
      0.00022345129400491714,
      0.00035138148814439774,
      0.0003144722431898117,
      0.0002216864377260208
    ],
    "start_timestamps": [
      "2026-07-17 20:44:43.551016+00:00",
      "2026-07-17 20:44:43.939691+00:00",
      "2026-07-17 20:44:43.940070+00:00",
      "2026-07-17 20:44:47.011661+00:00",
      "2026-07-17 20:44:47.011921+00:00",
      "2026-07-17 20:44:48.336266+00:00",
      "2026-07-17 20:44:48.336652+00:00",
      "2026-07-17 20:44:48.336985+00:00"
    ]
  },
  "doc_assemble": {
    "scope": "document",
    "count": 1,
    "times": [
      0.03840485494583845
    ],
    "start_timestamps": [
      "2026-07-17 20:44:48.337366+00:00"
    ]
  },
  "reading_order": {
    "scope": "document",
    "count": 1,
    "times": [
      0.03789795096963644
    ],
    "start_timestamps": [
      "2026-07-17 20:44:48.337475+00:00"
    ]
  },
  "doc_enrich": {
    "scope": "document",
    "count": 1,
    "times": [
      45.91595502477139
    ],
    "start_timestamps": [
      "2026-07-17 20:44:48.375795+00:00"
    ]
  }
}
Function parse_pdf took 103.7156 seconds to execute.
Running: get_tables
Function get_tables took 0.0001 seconds to execute.
Running: get_surrounding_paragraphs
Function get_surrounding_paragraphs took 0.0001 seconds to execute.
