Running: parse_pdf
Raw PDF conversion timings:
{
  "pipeline_total": {
    "scope": "document",
    "count": 1,
    "times": [
      49.08059268537909
    ],
    "start_timestamps": [
      "2026-07-17 18:07:53.611874+00:00"
    ]
  },
  "page_parse": {
    "scope": "page",
    "count": 7,
    "times": [
      0.0888513932004571,
      0.08715401869267225,
      0.08743841387331486,
      0.10030754841864109,
      0.09387035667896271,
      0.10352661553770304,
      0.08125951793044806
    ],
    "start_timestamps": [
      "2026-07-17 18:07:53.616575+00:00",
      "2026-07-17 18:07:53.705464+00:00",
      "2026-07-17 18:07:53.792657+00:00",
      "2026-07-17 18:07:53.880134+00:00",
      "2026-07-17 18:07:53.980488+00:00",
      "2026-07-17 18:07:54.074414+00:00",
      "2026-07-17 18:07:54.177983+00:00"
    ]
  },
  "ocr": {
    "scope": "page",
    "count": 7,
    "times": [
      0.17787693440914154,
      0.1989369997754693,
      0.18313166126608849,
      0.9049134068191051,
      0.13123441115021706,
      0.1306894961744547,
      0.13148224726319313
    ],
    "start_timestamps": [
      "2026-07-17 18:07:53.705723+00:00",
      "2026-07-17 18:07:53.883642+00:00",
      "2026-07-17 18:07:54.082597+00:00",
      "2026-07-17 18:07:54.265781+00:00",
      "2026-07-17 18:07:55.170711+00:00",
      "2026-07-17 18:07:55.301954+00:00",
      "2026-07-17 18:07:55.432653+00:00"
    ]
  },
  "layout": {
    "scope": "page",
    "count": 3,
    "times": [
      0.30125523172318935,
      0.06134990602731705,
      0.07354455068707466
    ],
    "start_timestamps": [
      "2026-07-17 18:07:53.883712+00:00",
      "2026-07-17 18:07:54.265853+00:00",
      "2026-07-17 18:07:55.564266+00:00"
    ]
  },
  "table_structure": {
    "scope": "page",
    "count": 7,
    "times": [
      1.622084528207779e-05,
      2.1821819245815277e-05,
      0.45157944317907095,
      0.21541530638933182,
      2.772267907857895e-05,
      0.8786911275237799,
      3.0757859349250793e-05
    ],
    "start_timestamps": [
      "2026-07-17 18:07:54.259498+00:00",
      "2026-07-17 18:07:54.451621+00:00",
      "2026-07-17 18:07:54.451650+00:00",
      "2026-07-17 18:07:55.842450+00:00",
      "2026-07-17 18:07:56.057883+00:00",
      "2026-07-17 18:07:56.057914+00:00",
      "2026-07-17 18:07:56.936625+00:00"
    ]
  },
  "page_assemble": {
    "scope": "page",
    "count": 7,
    "times": [
      0.00026712194085121155,
      0.0005053114145994186,
      0.00044097937643527985,
      0.00036370381712913513,
      0.00032514240592718124,
      6.095506250858307e-05,
      0.00028115883469581604
    ],
    "start_timestamps": [
      "2026-07-17 18:07:54.259563+00:00",
      "2026-07-17 18:07:54.903363+00:00",
      "2026-07-17 18:07:54.903913+00:00",
      "2026-07-17 18:07:56.937510+00:00",
      "2026-07-17 18:07:56.937925+00:00",
      "2026-07-17 18:07:56.938271+00:00",
      "2026-07-17 18:07:56.938353+00:00"
    ]
  },
  "doc_assemble": {
    "scope": "document",
    "count": 1,
    "times": [
      0.027729866094887257
    ],
    "start_timestamps": [
      "2026-07-17 18:07:56.938824+00:00"
    ]
  },
  "reading_order": {
    "scope": "document",
    "count": 1,
    "times": [
      0.027177567593753338
    ],
    "start_timestamps": [
      "2026-07-17 18:07:56.938917+00:00"
    ]
  },
  "doc_enrich": {
    "scope": "document",
    "count": 1,
    "times": [
      45.72585642430931
    ],
    "start_timestamps": [
      "2026-07-17 18:07:56.966578+00:00"
    ]
  }
}
All hyperlinked elements redacted in-memory.
Clean PDF conversion timings:
{
  "pipeline_total": {
    "scope": "document",
    "count": 1,
    "times": [
      49.42041241656989
    ],
    "start_timestamps": [
      "2026-07-17 18:08:42.755839+00:00"
    ]
  },
  "page_parse": {
    "scope": "page",
    "count": 7,
    "times": [
      0.0876740301027894,
      0.08891645725816488,
      0.08711737301200628,
      0.08611728250980377,
      0.09277812391519547,
      0.10194997116923332,
      0.08713200129568577
    ],
    "start_timestamps": [
      "2026-07-17 18:08:42.760249+00:00",
      "2026-07-17 18:08:42.847962+00:00",
      "2026-07-17 18:08:42.936921+00:00",
      "2026-07-17 18:08:43.024081+00:00",
      "2026-07-17 18:08:43.110239+00:00",
      "2026-07-17 18:08:43.203063+00:00",
      "2026-07-17 18:08:43.305053+00:00"
    ]
  },
  "ocr": {
    "scope": "page",
    "count": 7,
    "times": [
      0.1793156759813428,
      0.1809413842856884,
      0.1915966533124447,
      0.9638400943949819,
      0.1294799391180277,
      0.13058718293905258,
      0.12566497083753347
    ],
    "start_timestamps": [
      "2026-07-17 18:08:42.848259+00:00",
      "2026-07-17 18:08:43.027624+00:00",
      "2026-07-17 18:08:43.208586+00:00",
      "2026-07-17 18:08:43.400241+00:00",
      "2026-07-17 18:08:44.364098+00:00",
      "2026-07-17 18:08:44.493589+00:00",
      "2026-07-17 18:08:44.624185+00:00"
    ]
  },
  "layout": {
    "scope": "page",
    "count": 3,
    "times": [
      0.2917014919221401,
      0.06235292926430702,
      0.07809609919786453
    ],
    "start_timestamps": [
      "2026-07-17 18:08:43.027794+00:00",
      "2026-07-17 18:08:43.400331+00:00",
      "2026-07-17 18:08:44.750074+00:00"
    ]
  },
  "table_structure": {
    "scope": "page",
    "count": 7,
    "times": [
      5.04152849316597e-05,
      2.3985281586647034e-05,
      0.37033408135175705,
      0.21459585707634687,
      2.021901309490204e-05,
      0.8720976496115327,
      3.1558796763420105e-05
    ],
    "start_timestamps": [
      "2026-07-17 18:08:43.395381+00:00",
      "2026-07-17 18:08:43.586428+00:00",
      "2026-07-17 18:08:43.586455+00:00",
      "2026-07-17 18:08:45.031794+00:00",
      "2026-07-17 18:08:45.246413+00:00",
      "2026-07-17 18:08:45.246437+00:00",
      "2026-07-17 18:08:46.118555+00:00"
    ]
  },
  "page_assemble": {
    "scope": "page",
    "count": 7,
    "times": [
      0.0002727629616856575,
      0.0004128366708755493,
      0.0003471625968813896,
      0.00046063587069511414,
      0.0004671188071370125,
      6.631389260292053e-05,
      0.00025630276650190353
    ],
    "start_timestamps": [
      "2026-07-17 18:08:43.395484+00:00",
      "2026-07-17 18:08:43.956928+00:00",
      "2026-07-17 18:08:43.957376+00:00",
      "2026-07-17 18:08:46.119103+00:00",
      "2026-07-17 18:08:46.119610+00:00",
      "2026-07-17 18:08:46.120097+00:00",
      "2026-07-17 18:08:46.120182+00:00"
    ]
  },
  "doc_assemble": {
    "scope": "document",
    "count": 1,
    "times": [
      0.0281881270930171
    ],
    "start_timestamps": [
      "2026-07-17 18:08:46.121171+00:00"
    ]
  },
  "reading_order": {
    "scope": "document",
    "count": 1,
    "times": [
      0.027398169972002506
    ],
    "start_timestamps": [
      "2026-07-17 18:08:46.121577+00:00"
    ]
  },
  "doc_enrich": {
    "scope": "document",
    "count": 1,
    "times": [
      46.0268485005945
    ],
    "start_timestamps": [
      "2026-07-17 18:08:46.149380+00:00"
    ]
  }
}
Function parse_pdf took 98.9592 seconds to execute.
Running: get_tables
Function get_tables took 0.0001 seconds to execute.
Running: get_surrounding_paragraphs
Function get_surrounding_paragraphs took 0.0001 seconds to execute.
