Running: parse_pdf
Raw PDF conversion timings:
{
  "pipeline_total": {
    "scope": "document",
    "count": 1,
    "times": [
      104.4076611790806
    ],
    "start_timestamps": [
      "2026-07-17 20:21:50.645809+00:00"
    ]
  },
  "page_parse": {
    "scope": "page",
    "count": 21,
    "times": [
      0.04313396476209164,
      0.05199346877634525,
      0.04572871793061495,
      0.04284592345356941,
      0.047986957244575024,
      0.07727121841162443,
      0.0487455353140831,
      0.04836069140583277,
      0.048967933282256126,
      0.03793226554989815,
      0.05110909417271614,
      0.05100173130631447,
      0.07885862607508898,
      0.04831538628786802,
      0.059090033173561096,
      0.046095577999949455,
      0.04588094353675842,
      0.04251847602427006,
      0.08116297144442797,
      0.10581570770591497,
      0.07932598423212767
    ],
    "start_timestamps": [
      "2026-07-17 20:21:50.648050+00:00",
      "2026-07-17 20:21:50.691221+00:00",
      "2026-07-17 20:21:50.743250+00:00",
      "2026-07-17 20:21:50.789009+00:00",
      "2026-07-17 20:21:50.831890+00:00",
      "2026-07-17 20:21:50.879930+00:00",
      "2026-07-17 20:21:50.957245+00:00",
      "2026-07-17 20:21:51.006030+00:00",
      "2026-07-17 20:21:51.054444+00:00",
      "2026-07-17 20:21:51.103457+00:00",
      "2026-07-17 20:21:51.141445+00:00",
      "2026-07-17 20:21:51.192600+00:00",
      "2026-07-17 20:21:51.243640+00:00",
      "2026-07-17 20:21:51.322546+00:00",
      "2026-07-17 20:21:51.370908+00:00",
      "2026-07-17 20:21:51.430041+00:00",
      "2026-07-17 20:21:51.476180+00:00",
      "2026-07-17 20:21:51.522102+00:00",
      "2026-07-17 20:21:51.564664+00:00",
      "2026-07-17 20:21:51.645868+00:00",
      "2026-07-17 20:21:51.751725+00:00"
    ]
  },
  "ocr": {
    "scope": "page",
    "count": 21,
    "times": [
      0.9692368702962995,
      0.1252186819911003,
      0.12156740017235279,
      0.12088738102465868,
      0.12194189615547657,
      0.3979000076651573,
      0.1225890526548028,
      0.12656117789447308,
      0.1206356668844819,
      0.7686478467658162,
      0.12188524845987558,
      0.12147656921297312,
      0.44163677748292685,
      0.12572927307337523,
      0.707494581118226,
      0.581227676011622,
      0.12211743649095297,
      0.12068431731313467,
      0.12204835563898087,
      0.12245229631662369,
      1.0704213408753276
    ],
    "start_timestamps": [
      "2026-07-17 20:21:50.691342+00:00",
      "2026-07-17 20:21:51.660685+00:00",
      "2026-07-17 20:21:51.785920+00:00",
      "2026-07-17 20:21:51.907503+00:00",
      "2026-07-17 20:21:52.028407+00:00",
      "2026-07-17 20:21:52.150360+00:00",
      "2026-07-17 20:21:52.548276+00:00",
      "2026-07-17 20:21:52.670880+00:00",
      "2026-07-17 20:21:52.797453+00:00",
      "2026-07-17 20:21:52.918103+00:00",
      "2026-07-17 20:21:53.686767+00:00",
      "2026-07-17 20:21:53.808665+00:00",
      "2026-07-17 20:21:53.930151+00:00",
      "2026-07-17 20:21:54.371807+00:00",
      "2026-07-17 20:21:54.497548+00:00",
      "2026-07-17 20:21:55.205060+00:00",
      "2026-07-17 20:21:55.786305+00:00",
      "2026-07-17 20:21:55.908435+00:00",
      "2026-07-17 20:21:56.029132+00:00",
      "2026-07-17 20:21:56.151285+00:00",
      "2026-07-17 20:21:56.273758+00:00"
    ]
  },
  "layout": {
    "scope": "page",
    "count": 3,
    "times": [
      0.16242671478539705,
      0.18402345851063728,
      0.061341951601207256
    ],
    "start_timestamps": [
      "2026-07-17 20:21:51.660763+00:00",
      "2026-07-17 20:21:56.151463+00:00",
      "2026-07-17 20:21:57.344359+00:00"
    ]
  },
  "table_structure": {
    "scope": "page",
    "count": 21,
    "times": [
      0.00010234303772449493,
      2.4275854229927063e-05,
      7.82497227191925e-06,
      5.77140599489212e-06,
      5.198642611503601e-06,
      8.655712008476257e-06,
      5.841255187988281e-06,
      5.511566996574402e-06,
      4.108063876628876e-06,
      5.509704351425171e-06,
      4.277564585208893e-06,
      0.6300271525979042,
      2.1350570023059845e-05,
      9.918585419654846e-06,
      6.41215592622757e-06,
      7.184222340583801e-06,
      4.969537258148193e-06,
      7.725320756435394e-06,
      1.0269694030284882e-05,
      5.805864930152893e-05,
      2.2943131625652313e-05
    ],
    "start_timestamps": [
      "2026-07-17 20:21:51.831370+00:00",
      "2026-07-17 20:21:56.475153+00:00",
      "2026-07-17 20:21:56.475183+00:00",
      "2026-07-17 20:21:56.475196+00:00",
      "2026-07-17 20:21:56.475206+00:00",
      "2026-07-17 20:21:56.475285+00:00",
      "2026-07-17 20:21:56.475299+00:00",
      "2026-07-17 20:21:56.475308+00:00",
      "2026-07-17 20:21:56.475317+00:00",
      "2026-07-17 20:21:56.475344+00:00",
      "2026-07-17 20:21:56.475353+00:00",
      "2026-07-17 20:21:56.475360+00:00",
      "2026-07-17 20:21:57.105414+00:00",
      "2026-07-17 20:21:57.105571+00:00",
      "2026-07-17 20:21:57.105585+00:00",
      "2026-07-17 20:21:57.105595+00:00",
      "2026-07-17 20:21:57.105606+00:00",
      "2026-07-17 20:21:57.105631+00:00",
      "2026-07-17 20:21:57.105642+00:00",
      "2026-07-17 20:21:57.423964+00:00",
      "2026-07-17 20:21:57.424032+00:00"
    ]
  },
  "page_assemble": {
    "scope": "page",
    "count": 21,
    "times": [
      0.0004131067544221878,
      8.293613791465759e-05,
      6.961170583963394e-05,
      5.5373646318912506e-05,
      9.085144847631454e-05,
      0.0002492489293217659,
      0.00012881122529506683,
      0.0001430995762348175,
      5.792919546365738e-05,
      0.00011867377907037735,
      8.657295256853104e-05,
      8.431822061538696e-05,
      8.623208850622177e-05,
      7.05718994140625e-05,
      9.365752339363098e-05,
      9.993836283683777e-05,
      6.637535989284515e-05,
      6.565265357494354e-05,
      0.00015831831842660904,
      0.00015604402869939804,
      7.469020783901215e-05
    ],
    "start_timestamps": [
      "2026-07-17 20:21:51.831580+00:00",
      "2026-07-17 20:21:56.475417+00:00",
      "2026-07-17 20:21:56.475528+00:00",
      "2026-07-17 20:21:56.475616+00:00",
      "2026-07-17 20:21:56.475687+00:00",
      "2026-07-17 20:21:56.475795+00:00",
      "2026-07-17 20:21:56.476063+00:00",
      "2026-07-17 20:21:56.476209+00:00",
      "2026-07-17 20:21:56.476370+00:00",
      "2026-07-17 20:21:57.105730+00:00",
      "2026-07-17 20:21:57.105897+00:00",
      "2026-07-17 20:21:57.106004+00:00",
      "2026-07-17 20:21:57.106111+00:00",
      "2026-07-17 20:21:57.106216+00:00",
      "2026-07-17 20:21:57.106304+00:00",
      "2026-07-17 20:21:57.106425+00:00",
      "2026-07-17 20:21:57.106543+00:00",
      "2026-07-17 20:21:57.106624+00:00",
      "2026-07-17 20:21:57.106705+00:00",
      "2026-07-17 20:21:57.424181+00:00",
      "2026-07-17 20:21:57.424368+00:00"
    ]
  },
  "doc_assemble": {
    "scope": "document",
    "count": 1,
    "times": [
      0.028813865035772324
    ],
    "start_timestamps": [
      "2026-07-17 20:21:57.424658+00:00"
    ]
  },
  "reading_order": {
    "scope": "document",
    "count": 1,
    "times": [
      0.028205500915646553
    ],
    "start_timestamps": [
      "2026-07-17 20:21:57.424835+00:00"
    ]
  },
  "doc_enrich": {
    "scope": "document",
    "count": 1,
    "times": [
      97.59994406532496
    ],
    "start_timestamps": [
      "2026-07-17 20:21:57.453497+00:00"
    ]
  }
}
All hyperlinked elements redacted in-memory.
Clean PDF conversion timings:
{
  "pipeline_total": {
    "scope": "document",
    "count": 1,
    "times": [
      104.27270109113306
    ],
    "start_timestamps": [
      "2026-07-17 20:23:35.129147+00:00"
    ]
  },
  "page_parse": {
    "scope": "page",
    "count": 21,
    "times": [
      0.04379565455019474,
      0.05275235138833523,
      0.045934068970382214,
      0.04308528732508421,
      0.04829902946949005,
      0.10715814400464296,
      0.047908454202115536,
      0.04922429192811251,
      0.04849672317504883,
      0.04110895749181509,
      0.0668661342933774,
      0.07568985037505627,
      0.056465448811650276,
      0.07403867319226265,
      0.05731611046940088,
      0.05823054164648056,
      0.05787058360874653,
      0.041994926519691944,
      0.08121800515800714,
      0.07526292745023966,
      0.03549651615321636
    ],
    "start_timestamps": [
      "2026-07-17 20:23:35.131544+00:00",
      "2026-07-17 20:23:35.175377+00:00",
      "2026-07-17 20:23:35.228168+00:00",
      "2026-07-17 20:23:35.274135+00:00",
      "2026-07-17 20:23:35.317257+00:00",
      "2026-07-17 20:23:35.365609+00:00",
      "2026-07-17 20:23:35.472825+00:00",
      "2026-07-17 20:23:35.520777+00:00",
      "2026-07-17 20:23:35.570045+00:00",
      "2026-07-17 20:23:35.618583+00:00",
      "2026-07-17 20:23:35.659736+00:00",
      "2026-07-17 20:23:35.726643+00:00",
      "2026-07-17 20:23:35.802379+00:00",
      "2026-07-17 20:23:35.858887+00:00",
      "2026-07-17 20:23:35.932966+00:00",
      "2026-07-17 20:23:35.990325+00:00",
      "2026-07-17 20:23:36.048600+00:00",
      "2026-07-17 20:23:36.106517+00:00",
      "2026-07-17 20:23:36.148556+00:00",
      "2026-07-17 20:23:36.229816+00:00",
      "2026-07-17 20:23:36.305121+00:00"
    ]
  },
  "ocr": {
    "scope": "page",
    "count": 21,
    "times": [
      0.8889185860753059,
      0.13379833102226257,
      0.12172892689704895,
      0.12085684482008219,
      0.12183465529233217,
      0.40809801034629345,
      0.12676377221941948,
      0.12490674760192633,
      0.12240640167146921,
      0.8062689071521163,
      0.12183800153434277,
      0.124306196346879,
      0.4470975575968623,
      0.12426852714270353,
      0.6084405006840825,
      0.5808725859969854,
      0.13407004345208406,
      0.12833773531019688,
      0.1260926090180874,
      0.1233900934457779,
      0.8349568275734782
    ],
    "start_timestamps": [
      "2026-07-17 20:23:35.175513+00:00",
      "2026-07-17 20:23:36.099551+00:00",
      "2026-07-17 20:23:36.233365+00:00",
      "2026-07-17 20:23:36.355104+00:00",
      "2026-07-17 20:23:36.475970+00:00",
      "2026-07-17 20:23:36.597813+00:00",
      "2026-07-17 20:23:37.005931+00:00",
      "2026-07-17 20:23:37.132708+00:00",
      "2026-07-17 20:23:37.257623+00:00",
      "2026-07-17 20:23:37.380039+00:00",
      "2026-07-17 20:23:38.186327+00:00",
      "2026-07-17 20:23:38.308179+00:00",
      "2026-07-17 20:23:38.432493+00:00",
      "2026-07-17 20:23:38.879608+00:00",
      "2026-07-17 20:23:39.003887+00:00",
      "2026-07-17 20:23:39.612346+00:00",
      "2026-07-17 20:23:40.193357+00:00",
      "2026-07-17 20:23:40.327445+00:00",
      "2026-07-17 20:23:40.455792+00:00",
      "2026-07-17 20:23:40.581896+00:00",
      "2026-07-17 20:23:40.705297+00:00"
    ]
  },
  "layout": {
    "scope": "page",
    "count": 3,
    "times": [
      0.2048671944066882,
      0.16461556032299995,
      0.07613625004887581
    ],
    "start_timestamps": [
      "2026-07-17 20:23:36.106106+00:00",
      "2026-07-17 20:23:40.193588+00:00",
      "2026-07-17 20:23:41.540471+00:00"
    ]
  },
  "table_structure": {
    "scope": "page",
    "count": 21,
    "times": [
      1.2443400919437408e-05,
      1.4306977391242981e-05,
      4.779547452926636e-06,
      4.2477622628211975e-06,
      4.007481038570404e-06,
      5.8514997363090515e-06,
      4.207715392112732e-06,
      4.088506102561951e-06,
      3.266148269176483e-06,
      4.187226295471191e-06,
      3.285706043243408e-06,
      0.3241489762440324,
      1.7744489014148712e-05,
      1.0168179869651794e-05,
      6.642192602157593e-06,
      7.0231035351753235e-06,
      5.2558258175849915e-05,
      2.6028603315353394e-05,
      2.063903957605362e-05,
      1.7383135855197906e-05,
      1.6831792891025543e-05
    ],
    "start_timestamps": [
      "2026-07-17 20:23:36.316845+00:00",
      "2026-07-17 20:23:40.476276+00:00",
      "2026-07-17 20:23:40.476295+00:00",
      "2026-07-17 20:23:40.476303+00:00",
      "2026-07-17 20:23:40.476311+00:00",
      "2026-07-17 20:23:40.476341+00:00",
      "2026-07-17 20:23:40.476350+00:00",
      "2026-07-17 20:23:40.476357+00:00",
      "2026-07-17 20:23:40.476364+00:00",
      "2026-07-17 20:23:40.476385+00:00",
      "2026-07-17 20:23:40.476392+00:00",
      "2026-07-17 20:23:40.476398+00:00",
      "2026-07-17 20:23:40.800565+00:00",
      "2026-07-17 20:23:40.800686+00:00",
      "2026-07-17 20:23:40.800700+00:00",
      "2026-07-17 20:23:40.800710+00:00",
      "2026-07-17 20:23:41.653534+00:00",
      "2026-07-17 20:23:41.653596+00:00",
      "2026-07-17 20:23:41.653634+00:00",
      "2026-07-17 20:23:41.653662+00:00",
      "2026-07-17 20:23:41.653744+00:00"
    ]
  },
  "page_assemble": {
    "scope": "page",
    "count": 21,
    "times": [
      9.087100625038147e-05,
      8.635222911834717e-05,
      7.405038923025131e-05,
      5.917251110076904e-05,
      9.131152182817459e-05,
      0.00025190412998199463,
      0.00012980401515960693,
      0.00015837792307138443,
      4.858151078224182e-05,
      7.668416947126389e-05,
      8.564069867134094e-05,
      8.104275912046432e-05,
      8.306652307510376e-05,
      7.283687591552734e-05,
      0.00010427739471197128,
      0.00010533817112445831,
      9.172223508358002e-05,
      6.57942146062851e-05,
      0.00012358278036117554,
      0.00011765211820602417,
      7.310789078474045e-05
    ],
    "start_timestamps": [
      "2026-07-17 20:23:36.316935+00:00",
      "2026-07-17 20:23:40.477444+00:00",
      "2026-07-17 20:23:40.477559+00:00",
      "2026-07-17 20:23:40.477651+00:00",
      "2026-07-17 20:23:40.477727+00:00",
      "2026-07-17 20:23:40.477835+00:00",
      "2026-07-17 20:23:40.478106+00:00",
      "2026-07-17 20:23:40.478253+00:00",
      "2026-07-17 20:23:40.478429+00:00",
      "2026-07-17 20:23:40.800764+00:00",
      "2026-07-17 20:23:40.800873+00:00",
      "2026-07-17 20:23:40.800980+00:00",
      "2026-07-17 20:23:40.801085+00:00",
      "2026-07-17 20:23:40.801189+00:00",
      "2026-07-17 20:23:40.801282+00:00",
      "2026-07-17 20:23:40.801424+00:00",
      "2026-07-17 20:23:41.653876+00:00",
      "2026-07-17 20:23:41.653999+00:00",
      "2026-07-17 20:23:41.654085+00:00",
      "2026-07-17 20:23:41.654226+00:00",
      "2026-07-17 20:23:41.654360+00:00"
    ]
  },
  "doc_assemble": {
    "scope": "document",
    "count": 1,
    "times": [
      0.02906268648803234
    ],
    "start_timestamps": [
      "2026-07-17 20:23:41.654672+00:00"
    ]
  },
  "reading_order": {
    "scope": "document",
    "count": 1,
    "times": [
      0.02857361640781164
    ],
    "start_timestamps": [
      "2026-07-17 20:23:41.654747+00:00"
    ]
  },
  "doc_enrich": {
    "scope": "document",
    "count": 1,
    "times": [
      97.7180459946394
    ],
    "start_timestamps": [
      "2026-07-17 20:23:41.683759+00:00"
    ]
  }
}
Function parse_pdf took 208.9229 seconds to execute.
Running: get_tables
Function get_tables took 0.0001 seconds to execute.
Running: get_surrounding_paragraphs
Function get_surrounding_paragraphs took 0.0001 seconds to execute.
