Running: parse_pdf
Raw PDF conversion timings:
{
  "pipeline_total": {
    "scope": "document",
    "count": 1,
    "times": [
      4.282273351214826
    ],
    "start_timestamps": [
      "2026-07-23 16:28:41.528477+00:00"
    ]
  },
  "page_parse": {
    "scope": "page",
    "count": 5,
    "times": [
      0.1280738515779376,
      0.16800899896770716,
      0.13885962218046188,
      0.16433775331825018,
      0.09261060506105423
    ],
    "start_timestamps": [
      "2026-07-23 16:28:41.532451+00:00",
      "2026-07-23 16:28:41.660566+00:00",
      "2026-07-23 16:28:41.828616+00:00",
      "2026-07-23 16:28:41.967519+00:00",
      "2026-07-23 16:28:42.131899+00:00"
    ]
  },
  "ocr": {
    "scope": "page",
    "count": 5,
    "times": [
      0.17040954437106848,
      0.14357993192970753,
      1.0774645460769534,
      0.1332915872335434,
      0.11752835288643837
    ],
    "start_timestamps": [
      "2026-07-23 16:28:41.661189+00:00",
      "2026-07-23 16:28:41.831632+00:00",
      "2026-07-23 16:28:41.975248+00:00",
      "2026-07-23 16:28:43.052795+00:00",
      "2026-07-23 16:28:43.186103+00:00"
    ]
  },
  "layout": {
    "scope": "page",
    "count": 4,
    "times": [
      0.30643828213214874,
      0.026689409278333187,
      0.0279051773250103,
      0.07470812555402517
    ],
    "start_timestamps": [
      "2026-07-23 16:28:41.831731+00:00",
      "2026-07-23 16:28:42.231672+00:00",
      "2026-07-23 16:28:43.052854+00:00",
      "2026-07-23 16:28:43.303787+00:00"
    ]
  },
  "table_structure": {
    "scope": "page",
    "count": 5,
    "times": [
      2.1661631762981415e-05,
      0.3549850806593895,
      0.7917877035215497,
      1.8484890460968018e-05,
      7.282942533493042e-06
    ],
    "start_timestamps": [
      "2026-07-23 16:28:42.231769+00:00",
      "2026-07-23 16:28:42.324828+00:00",
      "2026-07-23 16:28:43.106491+00:00",
      "2026-07-23 16:28:43.898635+00:00",
      "2026-07-23 16:28:43.898656+00:00"
    ]
  },
  "page_assemble": {
    "scope": "page",
    "count": 5,
    "times": [
      0.0002920106053352356,
      0.0004507480189204216,
      0.00025138258934020996,
      0.00027966592460870743,
      0.00018625054508447647
    ],
    "start_timestamps": [
      "2026-07-23 16:28:42.231853+00:00",
      "2026-07-23 16:28:42.680007+00:00",
      "2026-07-23 16:28:43.898739+00:00",
      "2026-07-23 16:28:43.899027+00:00",
      "2026-07-23 16:28:43.899331+00:00"
    ]
  },
  "doc_assemble": {
    "scope": "document",
    "count": 1,
    "times": [
      0.0208399947732687
    ],
    "start_timestamps": [
      "2026-07-23 16:28:43.899666+00:00"
    ]
  },
  "reading_order": {
    "scope": "document",
    "count": 1,
    "times": [
      0.02044287882745266
    ],
    "start_timestamps": [
      "2026-07-23 16:28:43.899715+00:00"
    ]
  },
  "doc_enrich": {
    "scope": "document",
    "count": 1,
    "times": [
      1.8902051569893956
    ],
    "start_timestamps": [
      "2026-07-23 16:28:43.920529+00:00"
    ]
  }
}
All hyperlinked elements redacted in-memory.
Clean PDF conversion timings:
{
  "pipeline_total": {
    "scope": "document",
    "count": 1,
    "times": [
      4.324273245409131
    ],
    "start_timestamps": [
      "2026-07-23 16:28:45.844488+00:00"
    ]
  },
  "page_parse": {
    "scope": "page",
    "count": 5,
    "times": [
      0.12763559632003307,
      0.16720157023519278,
      0.13548576459288597,
      0.1662575239315629,
      0.08544740919023752
    ],
    "start_timestamps": [
      "2026-07-23 16:28:45.848050+00:00",
      "2026-07-23 16:28:45.975726+00:00",
      "2026-07-23 16:28:46.142970+00:00",
      "2026-07-23 16:28:46.278499+00:00",
      "2026-07-23 16:28:46.444795+00:00"
    ]
  },
  "ocr": {
    "scope": "page",
    "count": 5,
    "times": [
      0.17018879111856222,
      0.14010837208479643,
      1.136457096785307,
      0.1360190575942397,
      0.12438441999256611
    ],
    "start_timestamps": [
      "2026-07-23 16:28:45.975949+00:00",
      "2026-07-23 16:28:46.146171+00:00",
      "2026-07-23 16:28:46.286317+00:00",
      "2026-07-23 16:28:47.422879+00:00",
      "2026-07-23 16:28:47.558916+00:00"
    ]
  },
  "layout": {
    "scope": "page",
    "count": 4,
    "times": [
      0.3057190189138055,
      0.03922215662896633,
      0.02651215624064207,
      0.07549322210252285
    ],
    "start_timestamps": [
      "2026-07-23 16:28:46.146249+00:00",
      "2026-07-23 16:28:46.547111+00:00",
      "2026-07-23 16:28:47.422939+00:00",
      "2026-07-23 16:28:47.683465+00:00"
    ]
  },
  "table_structure": {
    "scope": "page",
    "count": 5,
    "times": [
      2.2722408175468445e-05,
      0.3611497888341546,
      0.7890929635614157,
      2.0148232579231262e-05,
      6.902962923049927e-06
    ],
    "start_timestamps": [
      "2026-07-23 16:28:46.547209+00:00",
      "2026-07-23 16:28:46.733490+00:00",
      "2026-07-23 16:28:47.475042+00:00",
      "2026-07-23 16:28:48.264359+00:00",
      "2026-07-23 16:28:48.264381+00:00"
    ]
  },
  "page_assemble": {
    "scope": "page",
    "count": 5,
    "times": [
      0.0003138808533549309,
      0.00041960831731557846,
      0.00024571269750595093,
      0.0002692556008696556,
      0.00012992415577173233
    ],
    "start_timestamps": [
      "2026-07-23 16:28:46.547301+00:00",
      "2026-07-23 16:28:47.094810+00:00",
      "2026-07-23 16:28:48.264457+00:00",
      "2026-07-23 16:28:48.264739+00:00",
      "2026-07-23 16:28:48.265029+00:00"
    ]
  },
  "doc_assemble": {
    "scope": "document",
    "count": 1,
    "times": [
      0.020556151866912842
    ],
    "start_timestamps": [
      "2026-07-23 16:28:48.265334+00:00"
    ]
  },
  "reading_order": {
    "scope": "document",
    "count": 1,
    "times": [
      0.02016781084239483
    ],
    "start_timestamps": [
      "2026-07-23 16:28:48.265375+00:00"
    ]
  },
  "doc_enrich": {
    "scope": "document",
    "count": 1,
    "times": [
      1.8828307436779141
    ],
    "start_timestamps": [
      "2026-07-23 16:28:48.285914+00:00"
    ]
  }
}
Function parse_pdf took 8.7077 seconds to execute.
Running: get_tables
Function get_tables took 0.0000 seconds to execute.
Running: get_surrounding_paragraphs
Function get_surrounding_paragraphs took 0.0001 seconds to execute.
