Running: parse_pdf
Raw PDF conversion timings:
{
  "pipeline_total": {
    "scope": "document",
    "count": 1,
    "times": [
      13.457801421987824
    ],
    "start_timestamps": [
      "2026-07-23 09:55:53.439237+00:00"
    ]
  },
  "page_parse": {
    "scope": "page",
    "count": 7,
    "times": [
      0.1365609299391508,
      0.1083208880154416,
      0.10919814300723374,
      0.0993925150251016,
      0.08809636894147843,
      0.13932932901661843,
      0.07863860810175538
    ],
    "start_timestamps": [
      "2026-07-23 09:55:53.460142+00:00",
      "2026-07-23 09:55:53.596744+00:00",
      "2026-07-23 09:55:53.705104+00:00",
      "2026-07-23 09:55:53.814343+00:00",
      "2026-07-23 09:55:53.913789+00:00",
      "2026-07-23 09:55:54.001928+00:00",
      "2026-07-23 09:55:54.141308+00:00"
    ]
  },
  "ocr": {
    "scope": "page",
    "count": 7,
    "times": [
      0.127169945044443,
      1.3382334579946473,
      1.2877760200062767,
      2.013337590964511,
      2.479609397938475,
      2.011680045980029,
      0.12584776198491454
    ],
    "start_timestamps": [
      "2026-07-23 09:55:53.597042+00:00",
      "2026-07-23 09:55:53.724256+00:00",
      "2026-07-23 09:55:55.062545+00:00",
      "2026-07-23 09:55:56.350338+00:00",
      "2026-07-23 09:55:58.363694+00:00",
      "2026-07-23 09:56:00.843323+00:00",
      "2026-07-23 09:56:02.855021+00:00"
    ]
  },
  "layout": {
    "scope": "page",
    "count": 3,
    "times": [
      0.293656925088726,
      0.02678017900325358,
      0.0771300740307197
    ],
    "start_timestamps": [
      "2026-07-23 09:55:53.724333+00:00",
      "2026-07-23 09:55:55.062609+00:00",
      "2026-07-23 09:56:02.981047+00:00"
    ]
  },
  "table_structure": {
    "scope": "page",
    "count": 7,
    "times": [
      1.9878032617270947e-05,
      2.4647102691233158e-05,
      0.4492033979622647,
      0.870821610908024,
      1.2068808380281553,
      2.3595057427883148e-05,
      2.0017963834106922e-05
    ],
    "start_timestamps": [
      "2026-07-23 09:55:54.161388+00:00",
      "2026-07-23 09:55:55.133392+00:00",
      "2026-07-23 09:56:03.284889+00:00",
      "2026-07-23 09:56:03.734109+00:00",
      "2026-07-23 09:56:04.604946+00:00",
      "2026-07-23 09:56:05.811846+00:00",
      "2026-07-23 09:56:05.812101+00:00"
    ]
  },
  "page_assemble": {
    "scope": "page",
    "count": 7,
    "times": [
      0.0014256079448387027,
      0.0003285290440544486,
      0.00036864494904875755,
      0.00034630298614501953,
      0.00020161096472293139,
      0.0003106358926743269,
      0.00026490993332117796
    ],
    "start_timestamps": [
      "2026-07-23 09:55:54.161467+00:00",
      "2026-07-23 09:55:55.133457+00:00",
      "2026-07-23 09:56:05.812229+00:00",
      "2026-07-23 09:56:05.812686+00:00",
      "2026-07-23 09:56:05.813066+00:00",
      "2026-07-23 09:56:05.813293+00:00",
      "2026-07-23 09:56:05.813623+00:00"
    ]
  },
  "doc_assemble": {
    "scope": "document",
    "count": 1,
    "times": [
      0.027470411034300923
    ],
    "start_timestamps": [
      "2026-07-23 09:56:05.814124+00:00"
    ]
  },
  "reading_order": {
    "scope": "document",
    "count": 1,
    "times": [
      0.026947704958729446
    ],
    "start_timestamps": [
      "2026-07-23 09:56:05.814268+00:00"
    ]
  },
  "doc_enrich": {
    "scope": "document",
    "count": 1,
    "times": [
      1.0554048389894888
    ],
    "start_timestamps": [
      "2026-07-23 09:56:05.841619+00:00"
    ]
  }
}
All hyperlinked elements redacted in-memory.
Clean PDF conversion timings:
{
  "pipeline_total": {
    "scope": "document",
    "count": 1,
    "times": [
      13.745373997022398
    ],
    "start_timestamps": [
      "2026-07-23 09:56:07.215778+00:00"
    ]
  },
  "page_parse": {
    "scope": "page",
    "count": 7,
    "times": [
      0.09781207388732582,
      0.10585316410288215,
      0.11030384397599846,
      0.09734789899084717,
      0.09287252102512866,
      0.1386241060681641,
      0.06480126897804439
    ],
    "start_timestamps": [
      "2026-07-23 09:56:07.221574+00:00",
      "2026-07-23 09:56:07.319429+00:00",
      "2026-07-23 09:56:07.425323+00:00",
      "2026-07-23 09:56:07.535668+00:00",
      "2026-07-23 09:56:07.633056+00:00",
      "2026-07-23 09:56:07.725973+00:00",
      "2026-07-23 09:56:07.864637+00:00"
    ]
  },
  "ocr": {
    "scope": "page",
    "count": 7,
    "times": [
      0.12919877702370286,
      1.7670830889837816,
      1.3216149340150878,
      2.018585524056107,
      2.495500165037811,
      2.038318585953675,
      0.11968943907413632
    ],
    "start_timestamps": [
      "2026-07-23 09:56:07.319752+00:00",
      "2026-07-23 09:56:07.448993+00:00",
      "2026-07-23 09:56:09.216131+00:00",
      "2026-07-23 09:56:10.537776+00:00",
      "2026-07-23 09:56:12.556380+00:00",
      "2026-07-23 09:56:15.051898+00:00",
      "2026-07-23 09:56:17.090238+00:00"
    ]
  },
  "layout": {
    "scope": "page",
    "count": 3,
    "times": [
      0.28671978903003037,
      0.025553997023962438,
      0.07874599890783429
    ],
    "start_timestamps": [
      "2026-07-23 09:56:07.449084+00:00",
      "2026-07-23 09:56:09.216195+00:00",
      "2026-07-23 09:56:17.210135+00:00"
    ]
  },
  "table_structure": {
    "scope": "page",
    "count": 7,
    "times": [
      1.9375933334231377e-05,
      2.0187930203974247e-05,
      0.4416693539824337,
      0.887674169964157,
      1.2208443220006302,
      2.4567008949816227e-05,
      1.9647064618766308e-05
    ],
    "start_timestamps": [
      "2026-07-23 09:56:07.869793+00:00",
      "2026-07-23 09:56:09.285104+00:00",
      "2026-07-23 09:56:17.508379+00:00",
      "2026-07-23 09:56:17.950065+00:00",
      "2026-07-23 09:56:18.837755+00:00",
      "2026-07-23 09:56:20.058618+00:00",
      "2026-07-23 09:56:20.058853+00:00"
    ]
  },
  "page_assemble": {
    "scope": "page",
    "count": 7,
    "times": [
      0.00035895698238164186,
      0.0003304939018562436,
      0.0004015570739284158,
      0.0002833750331774354,
      0.0001819030148908496,
      0.00030913203954696655,
      0.00026144401635974646
    ],
    "start_timestamps": [
      "2026-07-23 09:56:07.869877+00:00",
      "2026-07-23 09:56:09.285163+00:00",
      "2026-07-23 09:56:20.058973+00:00",
      "2026-07-23 09:56:20.059411+00:00",
      "2026-07-23 09:56:20.059718+00:00",
      "2026-07-23 09:56:20.059922+00:00",
      "2026-07-23 09:56:20.060250+00:00"
    ]
  },
  "doc_assemble": {
    "scope": "document",
    "count": 1,
    "times": [
      0.02795082505326718
    ],
    "start_timestamps": [
      "2026-07-23 09:56:20.060784+00:00"
    ]
  },
  "reading_order": {
    "scope": "document",
    "count": 1,
    "times": [
      0.027250375016592443
    ],
    "start_timestamps": [
      "2026-07-23 09:56:20.061039+00:00"
    ]
  },
  "doc_enrich": {
    "scope": "document",
    "count": 1,
    "times": [
      0.8723628249717876
    ],
    "start_timestamps": [
      "2026-07-23 09:56:20.088774+00:00"
    ]
  }
}
Function parse_pdf took 27.5723 seconds to execute.
Running: get_tables
Function get_tables took 0.0001 seconds to execute.
Running: get_surrounding_paragraphs
Function get_surrounding_paragraphs took 0.0001 seconds to execute.
