Running: parse_pdf
Raw PDF conversion timings:
{
  "pipeline_total": {
    "scope": "document",
    "count": 1,
    "times": [
      55.65552949998528
    ],
    "start_timestamps": [
      "2026-07-17 21:12:09.105507+00:00"
    ]
  },
  "page_parse": {
    "scope": "page",
    "count": 7,
    "times": [
      0.12114534247666597,
      0.13296322152018547,
      0.15841227117925882,
      0.14883267413824797,
      0.1946192141622305,
      0.13743415381759405,
      0.060880814678967
    ],
    "start_timestamps": [
      "2026-07-17 21:12:09.112305+00:00",
      "2026-07-17 21:12:09.233494+00:00",
      "2026-07-17 21:12:09.366498+00:00",
      "2026-07-17 21:12:09.524950+00:00",
      "2026-07-17 21:12:09.673827+00:00",
      "2026-07-17 21:12:09.868476+00:00",
      "2026-07-17 21:12:10.005955+00:00"
    ]
  },
  "ocr": {
    "scope": "page",
    "count": 7,
    "times": [
      0.1390232052654028,
      1.006884440779686,
      0.8387564774602652,
      0.9572531450539827,
      0.9603217896074057,
      0.13590184040367603,
      0.12932028621435165
    ],
    "start_timestamps": [
      "2026-07-17 21:12:09.233763+00:00",
      "2026-07-17 21:12:09.372825+00:00",
      "2026-07-17 21:12:10.379791+00:00",
      "2026-07-17 21:12:11.218566+00:00",
      "2026-07-17 21:12:12.175838+00:00",
      "2026-07-17 21:12:13.136177+00:00",
      "2026-07-17 21:12:13.272088+00:00"
    ]
  },
  "layout": {
    "scope": "page",
    "count": 3,
    "times": [
      0.3086640853434801,
      0.029156005941331387,
      0.08200682047754526
    ],
    "start_timestamps": [
      "2026-07-17 21:12:09.372911+00:00",
      "2026-07-17 21:12:10.379851+00:00",
      "2026-07-17 21:12:13.401589+00:00"
    ]
  },
  "table_structure": {
    "scope": "page",
    "count": 7,
    "times": [
      1.9768252968788147e-05,
      3.882311284542084e-05,
      2.637971192598343e-05,
      9.52836126089096e-06,
      7.513910531997681e-06,
      1.018960028886795e-05,
      8.876435458660126e-06
    ],
    "start_timestamps": [
      "2026-07-17 21:12:09.865899+00:00",
      "2026-07-17 21:12:10.488558+00:00",
      "2026-07-17 21:12:13.835808+00:00",
      "2026-07-17 21:12:13.835839+00:00",
      "2026-07-17 21:12:13.835853+00:00",
      "2026-07-17 21:12:13.835864+00:00",
      "2026-07-17 21:12:13.835912+00:00"
    ]
  },
  "page_assemble": {
    "scope": "page",
    "count": 7,
    "times": [
      0.0009412011131644249,
      0.0010393662378191948,
      0.000984293408691883,
      0.0007506534457206726,
      0.0006003305315971375,
      0.0023588184267282486,
      0.0003475630655884743
    ],
    "start_timestamps": [
      "2026-07-17 21:12:09.867284+00:00",
      "2026-07-17 21:12:10.488654+00:00",
      "2026-07-17 21:12:13.836029+00:00",
      "2026-07-17 21:12:13.837050+00:00",
      "2026-07-17 21:12:13.837822+00:00",
      "2026-07-17 21:12:13.838444+00:00",
      "2026-07-17 21:12:13.840825+00:00"
    ]
  },
  "doc_assemble": {
    "scope": "document",
    "count": 1,
    "times": [
      0.033904893323779106
    ],
    "start_timestamps": [
      "2026-07-17 21:12:13.841428+00:00"
    ]
  },
  "reading_order": {
    "scope": "document",
    "count": 1,
    "times": [
      0.03338339086622
    ],
    "start_timestamps": [
      "2026-07-17 21:12:13.841550+00:00"
    ]
  },
  "doc_enrich": {
    "scope": "document",
    "count": 1,
    "times": [
      50.8856176296249
    ],
    "start_timestamps": [
      "2026-07-17 21:12:13.875356+00:00"
    ]
  }
}
All hyperlinked elements redacted in-memory.
Clean PDF conversion timings:
{
  "pipeline_total": {
    "scope": "document",
    "count": 1,
    "times": [
      55.137142702005804
    ],
    "start_timestamps": [
      "2026-07-17 21:13:04.960511+00:00"
    ]
  },
  "page_parse": {
    "scope": "page",
    "count": 7,
    "times": [
      0.12002270761877298,
      0.13136428128927946,
      0.1353781232610345,
      0.2193432580679655,
      0.15913277491927147,
      0.12745362054556608,
      0.0600718017667532
    ],
    "start_timestamps": [
      "2026-07-17 21:13:04.966660+00:00",
      "2026-07-17 21:13:05.086728+00:00",
      "2026-07-17 21:13:05.218134+00:00",
      "2026-07-17 21:13:05.353552+00:00",
      "2026-07-17 21:13:05.572952+00:00",
      "2026-07-17 21:13:05.732125+00:00",
      "2026-07-17 21:13:05.859632+00:00"
    ]
  },
  "ocr": {
    "scope": "page",
    "count": 7,
    "times": [
      0.13704450987279415,
      1.0303621580824256,
      0.863026256673038,
      0.9443919286131859,
      0.8362053353339434,
      0.13492294680327177,
      0.1327585643157363
    ],
    "start_timestamps": [
      "2026-07-17 21:13:05.087038+00:00",
      "2026-07-17 21:13:05.224122+00:00",
      "2026-07-17 21:13:06.254566+00:00",
      "2026-07-17 21:13:07.117609+00:00",
      "2026-07-17 21:13:08.062020+00:00",
      "2026-07-17 21:13:08.898263+00:00",
      "2026-07-17 21:13:09.033197+00:00"
    ]
  },
  "layout": {
    "scope": "page",
    "count": 3,
    "times": [
      0.29607990104705095,
      0.029274198226630688,
      0.0782702686265111
    ],
    "start_timestamps": [
      "2026-07-17 21:13:05.224230+00:00",
      "2026-07-17 21:13:06.254625+00:00",
      "2026-07-17 21:13:09.166187+00:00"
    ]
  },
  "table_structure": {
    "scope": "page",
    "count": 7,
    "times": [
      0.00010695122182369232,
      3.412365913391113e-05,
      7.193442434072495e-05,
      1.6981735825538635e-05,
      1.3546086847782135e-05,
      2.675037831068039e-05,
      1.592002809047699e-05
    ],
    "start_timestamps": [
      "2026-07-17 21:13:05.736640+00:00",
      "2026-07-17 21:13:06.366525+00:00",
      "2026-07-17 21:13:09.561353+00:00",
      "2026-07-17 21:13:09.561429+00:00",
      "2026-07-17 21:13:09.561451+00:00",
      "2026-07-17 21:13:09.561470+00:00",
      "2026-07-17 21:13:09.561538+00:00"
    ]
  },
  "page_assemble": {
    "scope": "page",
    "count": 7,
    "times": [
      0.0004669679328799248,
      0.0005431519821286201,
      0.0005194880068302155,
      0.000510229729115963,
      0.00036870408803224564,
      0.0005544843152165413,
      0.00021695811301469803
    ],
    "start_timestamps": [
      "2026-07-17 21:13:05.736910+00:00",
      "2026-07-17 21:13:06.366605+00:00",
      "2026-07-17 21:13:09.561636+00:00",
      "2026-07-17 21:13:09.562193+00:00",
      "2026-07-17 21:13:09.562724+00:00",
      "2026-07-17 21:13:09.563113+00:00",
      "2026-07-17 21:13:09.563688+00:00"
    ]
  },
  "doc_assemble": {
    "scope": "document",
    "count": 1,
    "times": [
      0.03702699765563011
    ],
    "start_timestamps": [
      "2026-07-17 21:13:09.564992+00:00"
    ]
  },
  "reading_order": {
    "scope": "document",
    "count": 1,
    "times": [
      0.035787494853138924
    ],
    "start_timestamps": [
      "2026-07-17 21:13:09.565724+00:00"
    ]
  },
  "doc_enrich": {
    "scope": "document",
    "count": 1,
    "times": [
      50.495397521182895
    ],
    "start_timestamps": [
      "2026-07-17 21:13:09.602221+00:00"
    ]
  }
}
Function parse_pdf took 111.1778 seconds to execute.
Running: get_tables
Function get_tables took 0.0001 seconds to execute.
Running: get_surrounding_paragraphs
Function get_surrounding_paragraphs took 0.0001 seconds to execute.
