Running: parse_pdf
Raw PDF conversion timings:
{
  "pipeline_total": {
    "scope": "document",
    "count": 1,
    "times": [
      180.81436749792192
    ],
    "start_timestamps": [
      "2026-07-23 10:02:35.616956+00:00"
    ]
  },
  "page_parse": {
    "scope": "page",
    "count": 23,
    "times": [
      0.15677462704479694,
      0.5110069090733305,
      0.46260169101879,
      0.3230924940435216,
      0.27516737196128815,
      0.30675374099519104,
      0.26046934095211327,
      0.3003919270122424,
      0.29806898802053183,
      0.26774035999551415,
      0.3064700569957495,
      0.2520657479763031,
      0.320909728994593,
      0.2646901690168306,
      0.2395571160595864,
      0.2849802419077605,
      0.24816546496003866,
      0.23999913793522865,
      0.24352838308550417,
      0.23315802100114524,
      0.22436055506113917,
      0.441007198067382,
      0.27739369904156774
    ],
    "start_timestamps": [
      "2026-07-23 10:02:35.618753+00:00",
      "2026-07-23 10:02:35.775569+00:00",
      "2026-07-23 10:02:36.286611+00:00",
      "2026-07-23 10:02:36.749263+00:00",
      "2026-07-23 10:02:37.072400+00:00",
      "2026-07-23 10:02:37.347610+00:00",
      "2026-07-23 10:02:37.654410+00:00",
      "2026-07-23 10:02:37.914921+00:00",
      "2026-07-23 10:02:38.215355+00:00",
      "2026-07-23 10:02:38.513468+00:00",
      "2026-07-23 10:02:38.781253+00:00",
      "2026-07-23 10:02:39.087781+00:00",
      "2026-07-23 10:02:39.339891+00:00",
      "2026-07-23 10:02:39.660846+00:00",
      "2026-07-23 10:02:39.925580+00:00",
      "2026-07-23 10:02:40.165180+00:00",
      "2026-07-23 10:02:40.450205+00:00",
      "2026-07-23 10:02:40.698421+00:00",
      "2026-07-23 10:02:40.938475+00:00",
      "2026-07-23 10:02:41.182047+00:00",
      "2026-07-23 10:02:41.415246+00:00",
      "2026-07-23 10:02:41.639650+00:00",
      "2026-07-23 10:02:42.080700+00:00"
    ]
  },
  "ocr": {
    "scope": "page",
    "count": 23,
    "times": [
      7.8304152470082045,
      8.589020841987804,
      6.876380700967275,
      5.12711921101436,
      3.6895002640085295,
      5.655003226012923,
      2.3378338450565934,
      6.018362705013715,
      3.6661558219930157,
      3.0356592810712755,
      4.147690467070788,
      2.404491804074496,
      5.5860752570442855,
      2.940683063934557,
      2.0293087519239634,
      3.788764192024246,
      2.356410572072491,
      2.4084005560725927,
      2.12225762498565,
      2.4639259360264987,
      1.9318429640261456,
      7.7198113040067255,
      3.422791861114092
    ],
    "start_timestamps": [
      "2026-07-23 10:02:35.775685+00:00",
      "2026-07-23 10:02:43.606163+00:00",
      "2026-07-23 10:02:52.195209+00:00",
      "2026-07-23 10:02:59.071607+00:00",
      "2026-07-23 10:03:04.198744+00:00",
      "2026-07-23 10:03:07.888263+00:00",
      "2026-07-23 10:03:13.543287+00:00",
      "2026-07-23 10:03:15.881137+00:00",
      "2026-07-23 10:03:21.899518+00:00",
      "2026-07-23 10:03:25.565692+00:00",
      "2026-07-23 10:03:28.601370+00:00",
      "2026-07-23 10:03:32.749080+00:00",
      "2026-07-23 10:03:35.153592+00:00",
      "2026-07-23 10:03:40.739690+00:00",
      "2026-07-23 10:03:43.680402+00:00",
      "2026-07-23 10:03:45.709729+00:00",
      "2026-07-23 10:03:49.498514+00:00",
      "2026-07-23 10:03:51.854941+00:00",
      "2026-07-23 10:03:54.263361+00:00",
      "2026-07-23 10:03:56.385637+00:00",
      "2026-07-23 10:03:58.849582+00:00",
      "2026-07-23 10:04:00.781442+00:00",
      "2026-07-23 10:04:08.501272+00:00"
    ]
  },
  "layout": {
    "scope": "page",
    "count": 2,
    "times": [
      0.061391732073388994,
      0.28608906001318246
    ],
    "start_timestamps": [
      "2026-07-23 10:02:43.606310+00:00",
      "2026-07-23 10:04:11.924485+00:00"
    ]
  },
  "table_structure": {
    "scope": "page",
    "count": 23,
    "times": [
      7.949897553771734e-05,
      1.3147876480361447,
      0.3058114420855418,
      1.092307747923769,
      2.8283102437853813e-05,
      0.9013900590362027,
      0.9344855629606172,
      0.9192210750188679,
      1.2760568809462711,
      2.894839807995595,
      0.9534740409580991,
      1.6381766990525648,
      3.5316916182637215e-05,
      1.9280078540323302,
      1.6465170729206875,
      1.3531219490105286,
      1.9055564380250871,
      0.8638503869296983,
      1.9787845420651138,
      1.8539845120394602,
      1.645099837332964e-05,
      3.7349993363022804e-05,
      1.1101015843451023e-05
    ],
    "start_timestamps": [
      "2026-07-23 10:02:43.677689+00:00",
      "2026-07-23 10:04:12.814335+00:00",
      "2026-07-23 10:04:14.129143+00:00",
      "2026-07-23 10:04:14.434973+00:00",
      "2026-07-23 10:04:15.527298+00:00",
      "2026-07-23 10:04:15.527453+00:00",
      "2026-07-23 10:04:16.428864+00:00",
      "2026-07-23 10:04:17.363368+00:00",
      "2026-07-23 10:04:18.282607+00:00",
      "2026-07-23 10:04:19.558894+00:00",
      "2026-07-23 10:04:22.453752+00:00",
      "2026-07-23 10:04:23.407243+00:00",
      "2026-07-23 10:04:25.045439+00:00",
      "2026-07-23 10:04:25.045696+00:00",
      "2026-07-23 10:04:26.973723+00:00",
      "2026-07-23 10:04:28.620261+00:00",
      "2026-07-23 10:04:29.973402+00:00",
      "2026-07-23 10:04:31.879193+00:00",
      "2026-07-23 10:04:32.743062+00:00",
      "2026-07-23 10:04:34.721862+00:00",
      "2026-07-23 10:04:36.575864+00:00",
      "2026-07-23 10:04:36.576108+00:00",
      "2026-07-23 10:04:36.576149+00:00"
    ]
  },
  "page_assemble": {
    "scope": "page",
    "count": 23,
    "times": [
      0.0014161289436742663,
      0.00026589096523821354,
      0.0003650479484349489,
      0.00027452793437987566,
      0.00020708097144961357,
      0.00045222300104796886,
      9.495904669165611e-05,
      0.0003331480547785759,
      0.0001411869889125228,
      0.00011342403013259172,
      0.0004003539215773344,
      3.693997859954834e-05,
      0.0003202840453013778,
      7.194606587290764e-05,
      5.444290582090616e-05,
      6.867002230137587e-05,
      3.6788987927138805e-05,
      0.00012961402535438538,
      4.1819061152637005e-05,
      2.3052911274135113e-05,
      5.435303319245577e-05,
      0.0005910539766773582,
      0.00012405402958393097
    ],
    "start_timestamps": [
      "2026-07-23 10:02:43.677836+00:00",
      "2026-07-23 10:04:15.527553+00:00",
      "2026-07-23 10:04:15.527860+00:00",
      "2026-07-23 10:04:15.528285+00:00",
      "2026-07-23 10:04:15.528581+00:00",
      "2026-07-23 10:04:19.558962+00:00",
      "2026-07-23 10:04:19.559461+00:00",
      "2026-07-23 10:04:19.559591+00:00",
      "2026-07-23 10:04:19.559954+00:00",
      "2026-07-23 10:04:25.045755+00:00",
      "2026-07-23 10:04:25.045903+00:00",
      "2026-07-23 10:04:25.046331+00:00",
      "2026-07-23 10:04:25.046389+00:00",
      "2026-07-23 10:04:31.880249+00:00",
      "2026-07-23 10:04:31.880387+00:00",
      "2026-07-23 10:04:31.880464+00:00",
      "2026-07-23 10:04:31.880551+00:00",
      "2026-07-23 10:04:36.576268+00:00",
      "2026-07-23 10:04:36.576442+00:00",
      "2026-07-23 10:04:36.576509+00:00",
      "2026-07-23 10:04:36.576553+00:00",
      "2026-07-23 10:04:36.576627+00:00",
      "2026-07-23 10:04:36.577245+00:00"
    ]
  },
  "doc_assemble": {
    "scope": "document",
    "count": 1,
    "times": [
      0.12023735791444778
    ],
    "start_timestamps": [
      "2026-07-23 10:04:36.577619+00:00"
    ]
  },
  "reading_order": {
    "scope": "document",
    "count": 1,
    "times": [
      0.11949773400556296
    ],
    "start_timestamps": [
      "2026-07-23 10:04:36.577767+00:00"
    ]
  },
  "doc_enrich": {
    "scope": "document",
    "count": 1,
    "times": [
      59.73341663298197
    ],
    "start_timestamps": [
      "2026-07-23 10:04:36.697882+00:00"
    ]
  }
}
All hyperlinked elements redacted in-memory.
Clean PDF conversion timings:
{
  "pipeline_total": {
    "scope": "document",
    "count": 1,
    "times": [
      176.0244876750512
    ],
    "start_timestamps": [
      "2026-07-23 10:05:36.595817+00:00"
    ]
  },
  "page_parse": {
    "scope": "page",
    "count": 23,
    "times": [
      0.10189479996915907,
      0.3656293200328946,
      0.515543840941973,
      0.32361366995610297,
      0.2891660960158333,
      0.32678570004645735,
      0.27080839697737247,
      0.32263195898849517,
      0.3225915830116719,
      0.2747185289626941,
      0.31382924295030534,
      0.2619111440144479,
      0.33643052296247333,
      0.28153034101706,
      0.31470837094821036,
      0.30268934194464236,
      0.266798387048766,
      0.2587532800389454,
      0.25932488800026476,
      0.2613199990009889,
      0.24767276097554713,
      0.4510516249574721,
      0.2982051479630172
    ],
    "start_timestamps": [
      "2026-07-23 10:05:36.601289+00:00",
      "2026-07-23 10:05:36.703228+00:00",
      "2026-07-23 10:05:37.068892+00:00",
      "2026-07-23 10:05:37.584486+00:00",
      "2026-07-23 10:05:37.908144+00:00",
      "2026-07-23 10:05:38.197358+00:00",
      "2026-07-23 10:05:38.524186+00:00",
      "2026-07-23 10:05:38.795051+00:00",
      "2026-07-23 10:05:39.117728+00:00",
      "2026-07-23 10:05:39.440362+00:00",
      "2026-07-23 10:05:39.715124+00:00",
      "2026-07-23 10:05:40.029001+00:00",
      "2026-07-23 10:05:40.290955+00:00",
      "2026-07-23 10:05:40.627427+00:00",
      "2026-07-23 10:05:40.909002+00:00",
      "2026-07-23 10:05:41.223752+00:00",
      "2026-07-23 10:05:41.526489+00:00",
      "2026-07-23 10:05:41.793335+00:00",
      "2026-07-23 10:05:42.052130+00:00",
      "2026-07-23 10:05:42.311497+00:00",
      "2026-07-23 10:05:42.572860+00:00",
      "2026-07-23 10:05:42.820577+00:00",
      "2026-07-23 10:05:43.271675+00:00"
    ]
  },
  "ocr": {
    "scope": "page",
    "count": 23,
    "times": [
      6.570402672979981,
      8.848777004051954,
      6.835021113045514,
      5.041540827951394,
      3.6716203279793262,
      5.617593502975069,
      2.328342595952563,
      6.0065766220213845,
      3.6579181340057403,
      3.057155295042321,
      4.123429119004868,
      2.394278672989458,
      5.5846841499442235,
      2.929814402014017,
      2.0161111750639975,
      3.7744249820243567,
      2.324027801048942,
      2.3897891480010003,
      2.114188715000637,
      2.454029264044948,
      1.9253913610009477,
      7.726593711064197,
      3.971808074042201
    ],
    "start_timestamps": [
      "2026-07-23 10:05:36.703339+00:00",
      "2026-07-23 10:05:43.273822+00:00",
      "2026-07-23 10:05:52.122618+00:00",
      "2026-07-23 10:05:58.957658+00:00",
      "2026-07-23 10:06:03.999217+00:00",
      "2026-07-23 10:06:07.670856+00:00",
      "2026-07-23 10:06:13.288468+00:00",
      "2026-07-23 10:06:15.616829+00:00",
      "2026-07-23 10:06:21.623422+00:00",
      "2026-07-23 10:06:25.281358+00:00",
      "2026-07-23 10:06:28.338534+00:00",
      "2026-07-23 10:06:32.461982+00:00",
      "2026-07-23 10:06:34.856282+00:00",
      "2026-07-23 10:06:40.440983+00:00",
      "2026-07-23 10:06:43.370816+00:00",
      "2026-07-23 10:06:45.386943+00:00",
      "2026-07-23 10:06:49.161386+00:00",
      "2026-07-23 10:06:51.485434+00:00",
      "2026-07-23 10:06:53.875241+00:00",
      "2026-07-23 10:06:55.989457+00:00",
      "2026-07-23 10:06:58.443504+00:00",
      "2026-07-23 10:07:00.368914+00:00",
      "2026-07-23 10:07:08.095714+00:00"
    ]
  },
  "layout": {
    "scope": "page",
    "count": 3,
    "times": [
      0.05495517503004521,
      0.2800016429973766,
      0.04584533302113414
    ],
    "start_timestamps": [
      "2026-07-23 10:05:43.273915+00:00",
      "2026-07-23 10:07:08.096131+00:00",
      "2026-07-23 10:07:12.067713+00:00"
    ]
  },
  "table_structure": {
    "scope": "page",
    "count": 23,
    "times": [
      2.2913096472620964e-05,
      1.3530997480265796,
      0.31876722793094814,
      1.204366829013452,
      2.7752015739679337e-05,
      0.9518809509463608,
      0.9493688449729234,
      0.933619542978704,
      1.2940653380937874,
      2.8943564409855753,
      0.9565969230607152,
      1.638961770106107,
      3.4986063838005066e-05,
      1.9340050210012123,
      1.6471952520078048,
      1.3551282319240272,
      1.9090520769823343,
      0.865354330977425,
      1.63758899201639,
      1.8552828840911388,
      1.8073944374918938e-05,
      4.1258055716753006e-05,
      1.3765995390713215e-05
    ],
    "start_timestamps": [
      "2026-07-23 10:05:43.336443+00:00",
      "2026-07-23 10:07:08.993817+00:00",
      "2026-07-23 10:07:10.346936+00:00",
      "2026-07-23 10:07:10.665723+00:00",
      "2026-07-23 10:07:11.870110+00:00",
      "2026-07-23 10:07:11.870310+00:00",
      "2026-07-23 10:07:12.822209+00:00",
      "2026-07-23 10:07:13.771596+00:00",
      "2026-07-23 10:07:14.705235+00:00",
      "2026-07-23 10:07:15.999598+00:00",
      "2026-07-23 10:07:18.893974+00:00",
      "2026-07-23 10:07:19.850587+00:00",
      "2026-07-23 10:07:21.489568+00:00",
      "2026-07-23 10:07:21.489921+00:00",
      "2026-07-23 10:07:23.423947+00:00",
      "2026-07-23 10:07:25.071161+00:00",
      "2026-07-23 10:07:26.426308+00:00",
      "2026-07-23 10:07:28.335693+00:00",
      "2026-07-23 10:07:29.201066+00:00",
      "2026-07-23 10:07:30.838675+00:00",
      "2026-07-23 10:07:32.693977+00:00",
      "2026-07-23 10:07:32.694225+00:00",
      "2026-07-23 10:07:32.694270+00:00"
    ]
  },
  "page_assemble": {
    "scope": "page",
    "count": 23,
    "times": [
      0.0005929779727011919,
      0.00021205993834882975,
      0.0002944249426946044,
      0.00024253700394183397,
      0.0003986809169873595,
      0.0003491579554975033,
      8.138304110616446e-05,
      0.00047865300439298153,
      0.00011571799404919147,
      8.112203795462847e-05,
      0.00033186504151672125,
      3.324297722429037e-05,
      0.00033404002897441387,
      6.766803562641144e-05,
      6.314902566373348e-05,
      0.00025592301972210407,
      4.107796121388674e-05,
      0.00012692995369434357,
      4.296097904443741e-05,
      2.3263972252607346e-05,
      5.625607445836067e-05,
      0.0006885280599817634,
      0.00011742091737687588
    ],
    "start_timestamps": [
      "2026-07-23 10:05:43.336549+00:00",
      "2026-07-23 10:07:11.871422+00:00",
      "2026-07-23 10:07:11.871686+00:00",
      "2026-07-23 10:07:11.872011+00:00",
      "2026-07-23 10:07:11.872279+00:00",
      "2026-07-23 10:07:16.001129+00:00",
      "2026-07-23 10:07:16.001520+00:00",
      "2026-07-23 10:07:16.001624+00:00",
      "2026-07-23 10:07:16.002128+00:00",
      "2026-07-23 10:07:21.490784+00:00",
      "2026-07-23 10:07:21.490904+00:00",
      "2026-07-23 10:07:21.491259+00:00",
      "2026-07-23 10:07:21.491311+00:00",
      "2026-07-23 10:07:28.336542+00:00",
      "2026-07-23 10:07:28.336647+00:00",
      "2026-07-23 10:07:28.336735+00:00",
      "2026-07-23 10:07:28.337013+00:00",
      "2026-07-23 10:07:32.694394+00:00",
      "2026-07-23 10:07:32.694564+00:00",
      "2026-07-23 10:07:32.694631+00:00",
      "2026-07-23 10:07:32.694674+00:00",
      "2026-07-23 10:07:32.694752+00:00",
      "2026-07-23 10:07:32.695462+00:00"
    ]
  },
  "doc_assemble": {
    "scope": "document",
    "count": 1,
    "times": [
      0.529413454933092
    ],
    "start_timestamps": [
      "2026-07-23 10:07:32.695937+00:00"
    ]
  },
  "reading_order": {
    "scope": "document",
    "count": 1,
    "times": [
      0.5285826080944389
    ],
    "start_timestamps": [
      "2026-07-23 10:07:32.696082+00:00"
    ]
  },
  "doc_enrich": {
    "scope": "document",
    "count": 1,
    "times": [
      59.39490445598494
    ],
    "start_timestamps": [
      "2026-07-23 10:07:33.225381+00:00"
    ]
  }
}
Function parse_pdf took 357.1796 seconds to execute.
Running: get_tables
Function get_tables took 0.0001 seconds to execute.
Running: get_surrounding_paragraphs
Function get_surrounding_paragraphs took 0.0004 seconds to execute.
