Running: parse_pdf
Raw PDF conversion timings:
{
  "pipeline_total": {
    "scope": "document",
    "count": 1,
    "times": [
      77.02287124842405
    ],
    "start_timestamps": [
      "2026-07-23 15:28:40.114475+00:00"
    ]
  },
  "page_parse": {
    "scope": "page",
    "count": 9,
    "times": [
      0.26817450299859047,
      0.2753824442625046,
      0.4356664065271616,
      0.3079557027667761,
      0.6585697401314974,
      0.23678504209965467,
      0.10295100696384907,
      0.21565877180546522,
      0.18554125353693962
    ],
    "start_timestamps": [
      "2026-07-23 15:28:40.118924+00:00",
      "2026-07-23 15:28:40.387141+00:00",
      "2026-07-23 15:28:40.662566+00:00",
      "2026-07-23 15:28:41.098276+00:00",
      "2026-07-23 15:28:41.406290+00:00",
      "2026-07-23 15:28:42.064919+00:00",
      "2026-07-23 15:28:42.301744+00:00",
      "2026-07-23 15:28:42.404734+00:00",
      "2026-07-23 15:28:42.620441+00:00"
    ]
  },
  "ocr": {
    "scope": "page",
    "count": 9,
    "times": [
      5.6746249459683895,
      4.727604562416673,
      5.138318797573447,
      4.64043462369591,
      4.611755060963333,
      2.918799439445138,
      2.3629773147404194,
      3.6388962687924504,
      2.662270928733051
    ],
    "start_timestamps": [
      "2026-07-23 15:28:40.387507+00:00",
      "2026-07-23 15:28:46.062255+00:00",
      "2026-07-23 15:28:50.789875+00:00",
      "2026-07-23 15:28:55.928209+00:00",
      "2026-07-23 15:29:00.568660+00:00",
      "2026-07-23 15:29:05.180444+00:00",
      "2026-07-23 15:29:08.099269+00:00",
      "2026-07-23 15:29:10.462265+00:00",
      "2026-07-23 15:29:14.101180+00:00"
    ]
  },
  "layout": {
    "scope": "page",
    "count": 2,
    "times": [
      0.05888854153454304,
      0.09353092033416033
    ],
    "start_timestamps": [
      "2026-07-23 15:28:46.062352+00:00",
      "2026-07-23 15:29:16.763704+00:00"
    ]
  },
  "table_structure": {
    "scope": "page",
    "count": 9,
    "times": [
      3.5717152059078217e-05,
      3.6067329347133636e-05,
      9.679235517978668e-06,
      6.8033114075660706e-06,
      6.3320621848106384e-06,
      1.0019168257713318e-05,
      7.685273885726929e-06,
      5.690380930900574e-06,
      5.07943332195282e-06
    ],
    "start_timestamps": [
      "2026-07-23 15:28:46.162317+00:00",
      "2026-07-23 15:29:17.065734+00:00",
      "2026-07-23 15:29:17.065776+00:00",
      "2026-07-23 15:29:17.065790+00:00",
      "2026-07-23 15:29:17.065800+00:00",
      "2026-07-23 15:29:17.065847+00:00",
      "2026-07-23 15:29:17.065861+00:00",
      "2026-07-23 15:29:17.065872+00:00",
      "2026-07-23 15:29:17.065881+00:00"
    ]
  },
  "page_assemble": {
    "scope": "page",
    "count": 9,
    "times": [
      0.00039541348814964294,
      0.0003810366615653038,
      0.00023006368428468704,
      0.0002023717388510704,
      0.00016517098993062973,
      0.00014659669250249863,
      0.00010871421545743942,
      0.00016792677342891693,
      9.789410978555679e-05
    ],
    "start_timestamps": [
      "2026-07-23 15:28:46.162444+00:00",
      "2026-07-23 15:29:17.065954+00:00",
      "2026-07-23 15:29:17.066364+00:00",
      "2026-07-23 15:29:17.066617+00:00",
      "2026-07-23 15:29:17.066839+00:00",
      "2026-07-23 15:29:17.067027+00:00",
      "2026-07-23 15:29:17.067192+00:00",
      "2026-07-23 15:29:17.067322+00:00",
      "2026-07-23 15:29:17.067508+00:00"
    ]
  },
  "doc_assemble": {
    "scope": "document",
    "count": 1,
    "times": [
      0.028122817166149616
    ],
    "start_timestamps": [
      "2026-07-23 15:29:17.067831+00:00"
    ]
  },
  "reading_order": {
    "scope": "document",
    "count": 1,
    "times": [
      0.027595304884016514
    ],
    "start_timestamps": [
      "2026-07-23 15:29:17.067922+00:00"
    ]
  },
  "doc_enrich": {
    "scope": "document",
    "count": 1,
    "times": [
      40.041341056115925
    ],
    "start_timestamps": [
      "2026-07-23 15:29:17.095986+00:00"
    ]
  }
}
All hyperlinked elements redacted in-memory.
Clean PDF conversion timings:
{
  "pipeline_total": {
    "scope": "document",
    "count": 1,
    "times": [
      77.22310028597713
    ],
    "start_timestamps": [
      "2026-07-23 15:29:57.212478+00:00"
    ]
  },
  "page_parse": {
    "scope": "page",
    "count": 9,
    "times": [
      0.2702988153323531,
      0.2778447223827243,
      0.45893577858805656,
      0.31275071017444134,
      0.358198712579906,
      0.22191823553293943,
      0.11613380257040262,
      0.21963487938046455,
      0.166191547177732
    ],
    "start_timestamps": [
      "2026-07-23 15:29:57.216839+00:00",
      "2026-07-23 15:29:57.487185+00:00",
      "2026-07-23 15:29:57.765072+00:00",
      "2026-07-23 15:29:58.224052+00:00",
      "2026-07-23 15:29:58.536862+00:00",
      "2026-07-23 15:29:58.895105+00:00",
      "2026-07-23 15:29:59.117077+00:00",
      "2026-07-23 15:29:59.233260+00:00",
      "2026-07-23 15:29:59.452945+00:00"
    ]
  },
  "ocr": {
    "scope": "page",
    "count": 9,
    "times": [
      5.48947723954916,
      4.723686461336911,
      5.167785556986928,
      4.655845115892589,
      4.931949149817228,
      2.9387156423181295,
      2.382824167609215,
      3.653583273291588,
      2.6702366825193167
    ],
    "start_timestamps": [
      "2026-07-23 15:29:57.487590+00:00",
      "2026-07-23 15:30:02.977202+00:00",
      "2026-07-23 15:30:07.700903+00:00",
      "2026-07-23 15:30:12.868712+00:00",
      "2026-07-23 15:30:17.524570+00:00",
      "2026-07-23 15:30:22.456534+00:00",
      "2026-07-23 15:30:25.395266+00:00",
      "2026-07-23 15:30:27.778108+00:00",
      "2026-07-23 15:30:31.431707+00:00"
    ]
  },
  "layout": {
    "scope": "page",
    "count": 2,
    "times": [
      0.05696595646440983,
      0.09341531246900558
    ],
    "start_timestamps": [
      "2026-07-23 15:30:02.977302+00:00",
      "2026-07-23 15:30:34.102154+00:00"
    ]
  },
  "table_structure": {
    "scope": "page",
    "count": 9,
    "times": [
      2.8643757104873657e-05,
      2.7801841497421265e-05,
      9.156763553619385e-06,
      9.547919034957886e-06,
      7.5642019510269165e-06,
      9.737908840179443e-06,
      6.8927183747291565e-06,
      5.370005965232849e-06,
      5.0300732254981995e-06
    ],
    "start_timestamps": [
      "2026-07-23 15:30:03.074842+00:00",
      "2026-07-23 15:30:34.404513+00:00",
      "2026-07-23 15:30:34.404545+00:00",
      "2026-07-23 15:30:34.404559+00:00",
      "2026-07-23 15:30:34.404577+00:00",
      "2026-07-23 15:30:34.404628+00:00",
      "2026-07-23 15:30:34.404642+00:00",
      "2026-07-23 15:30:34.404653+00:00",
      "2026-07-23 15:30:34.404661+00:00"
    ]
  },
  "page_assemble": {
    "scope": "page",
    "count": 9,
    "times": [
      0.0003752652555704117,
      0.00033606216311454773,
      0.0002067992463707924,
      0.00021327100694179535,
      0.00016186479479074478,
      0.0001383097842335701,
      9.367614984512329e-05,
      0.000145643949508667,
      9.629130363464355e-05
    ],
    "start_timestamps": [
      "2026-07-23 15:30:03.074975+00:00",
      "2026-07-23 15:30:34.404736+00:00",
      "2026-07-23 15:30:34.405102+00:00",
      "2026-07-23 15:30:34.405329+00:00",
      "2026-07-23 15:30:34.405565+00:00",
      "2026-07-23 15:30:34.405750+00:00",
      "2026-07-23 15:30:34.405907+00:00",
      "2026-07-23 15:30:34.406017+00:00",
      "2026-07-23 15:30:34.406180+00:00"
    ]
  },
  "doc_assemble": {
    "scope": "document",
    "count": 1,
    "times": [
      0.027252322994172573
    ],
    "start_timestamps": [
      "2026-07-23 15:30:34.406495+00:00"
    ]
  },
  "reading_order": {
    "scope": "document",
    "count": 1,
    "times": [
      0.026782440021634102
    ],
    "start_timestamps": [
      "2026-07-23 15:30:34.406585+00:00"
    ]
  },
  "doc_enrich": {
    "scope": "document",
    "count": 1,
    "times": [
      40.001771576702595
    ],
    "start_timestamps": [
      "2026-07-23 15:30:34.433771+00:00"
    ]
  }
}
Function parse_pdf took 154.5092 seconds to execute.
Running: get_tables
Function get_tables took 0.0001 seconds to execute.
Running: get_surrounding_paragraphs
Function get_surrounding_paragraphs took 0.0001 seconds to execute.
