Running: parse_pdf
Raw PDF conversion timings:
{
  "pipeline_total": {
    "scope": "document",
    "count": 1,
    "times": [
      2.6205472694709897
    ],
    "start_timestamps": [
      "2026-07-17 18:58:25.005674+00:00"
    ]
  },
  "page_parse": {
    "scope": "page",
    "count": 6,
    "times": [
      0.08671182673424482,
      0.09805446863174438,
      0.09410954546183348,
      0.09875771123915911,
      0.09180641267448664,
      0.05386075936257839
    ],
    "start_timestamps": [
      "2026-07-17 18:58:25.009065+00:00",
      "2026-07-17 18:58:25.095819+00:00",
      "2026-07-17 18:58:25.193909+00:00",
      "2026-07-17 18:58:25.288058+00:00",
      "2026-07-17 18:58:25.386856+00:00",
      "2026-07-17 18:58:25.478707+00:00"
    ]
  },
  "ocr": {
    "scope": "page",
    "count": 6,
    "times": [
      0.19442434702068567,
      0.7831776281818748,
      0.34475058410316706,
      0.6147233741357923,
      0.34141442738473415,
      0.1269322419539094
    ],
    "start_timestamps": [
      "2026-07-17 18:58:25.096183+00:00",
      "2026-07-17 18:58:25.290645+00:00",
      "2026-07-17 18:58:26.073839+00:00",
      "2026-07-17 18:58:26.418657+00:00",
      "2026-07-17 18:58:27.033397+00:00",
      "2026-07-17 18:58:27.374829+00:00"
    ]
  },
  "layout": {
    "scope": "page",
    "count": 3,
    "times": [
      0.24559355154633522,
      0.06116108410060406,
      0.06330348458141088
    ],
    "start_timestamps": [
      "2026-07-17 18:58:25.290717+00:00",
      "2026-07-17 18:58:26.418758+00:00",
      "2026-07-17 18:58:27.501985+00:00"
    ]
  },
  "table_structure": {
    "scope": "page",
    "count": 6,
    "times": [
      1.729186624288559e-05,
      2.247188240289688e-05,
      0.5645727971568704,
      3.989506512880325e-05,
      2.2603198885917664e-05,
      2.7441419661045074e-05
    ],
    "start_timestamps": [
      "2026-07-17 18:58:25.550218+00:00",
      "2026-07-17 18:58:26.503985+00:00",
      "2026-07-17 18:58:26.504011+00:00",
      "2026-07-17 18:58:27.611233+00:00",
      "2026-07-17 18:58:27.611282+00:00",
      "2026-07-17 18:58:27.611313+00:00"
    ]
  },
  "page_assemble": {
    "scope": "page",
    "count": 6,
    "times": [
      0.0002438994124531746,
      0.0005808621644973755,
      0.00023962929844856262,
      0.0003216145560145378,
      0.00024579185992479324,
      0.0001735566183924675
    ],
    "start_timestamps": [
      "2026-07-17 18:58:25.550279+00:00",
      "2026-07-17 18:58:27.068783+00:00",
      "2026-07-17 18:58:27.069415+00:00",
      "2026-07-17 18:58:27.611462+00:00",
      "2026-07-17 18:58:27.611822+00:00",
      "2026-07-17 18:58:27.612092+00:00"
    ]
  },
  "doc_assemble": {
    "scope": "document",
    "count": 1,
    "times": [
      0.012782460078597069
    ],
    "start_timestamps": [
      "2026-07-17 18:58:27.612444+00:00"
    ]
  },
  "reading_order": {
    "scope": "document",
    "count": 1,
    "times": [
      0.012386726215481758
    ],
    "start_timestamps": [
      "2026-07-17 18:58:27.612485+00:00"
    ]
  },
  "doc_enrich": {
    "scope": "document",
    "count": 1,
    "times": [
      0.0009663179516792297
    ],
    "start_timestamps": [
      "2026-07-17 18:58:27.625250+00:00"
    ]
  }
}
All hyperlinked elements redacted in-memory.
Clean PDF conversion timings:
{
  "pipeline_total": {
    "scope": "document",
    "count": 1,
    "times": [
      2.71733208745718
    ],
    "start_timestamps": [
      "2026-07-17 18:58:27.653307+00:00"
    ]
  },
  "page_parse": {
    "scope": "page",
    "count": 6,
    "times": [
      0.08731689490377903,
      0.09812758583575487,
      0.09441117383539677,
      0.10198126640170813,
      0.0909576565027237,
      0.05275437701493502
    ],
    "start_timestamps": [
      "2026-07-17 18:58:27.656511+00:00",
      "2026-07-17 18:58:27.743869+00:00",
      "2026-07-17 18:58:27.842036+00:00",
      "2026-07-17 18:58:27.936490+00:00",
      "2026-07-17 18:58:28.038510+00:00",
      "2026-07-17 18:58:28.129517+00:00"
    ]
  },
  "ocr": {
    "scope": "page",
    "count": 6,
    "times": [
      0.19423108361661434,
      0.8399200597777963,
      0.4136640131473541,
      0.5995179358869791,
      0.32652304880321026,
      0.12624872475862503
    ],
    "start_timestamps": [
      "2026-07-17 18:58:27.744187+00:00",
      "2026-07-17 18:58:27.938456+00:00",
      "2026-07-17 18:58:28.778391+00:00",
      "2026-07-17 18:58:29.192142+00:00",
      "2026-07-17 18:58:29.791676+00:00",
      "2026-07-17 18:58:30.118216+00:00"
    ]
  },
  "layout": {
    "scope": "page",
    "count": 3,
    "times": [
      0.25584674160927534,
      0.06039157696068287,
      0.06557353585958481
    ],
    "start_timestamps": [
      "2026-07-17 18:58:27.938547+00:00",
      "2026-07-17 18:58:29.192207+00:00",
      "2026-07-17 18:58:30.244622+00:00"
    ]
  },
  "table_structure": {
    "scope": "page",
    "count": 6,
    "times": [
      1.9595958292484283e-05,
      3.9774924516677856e-05,
      0.3569455686956644,
      2.468656748533249e-05,
      9.889714419841766e-06,
      7.784925401210785e-06
    ],
    "start_timestamps": [
      "2026-07-17 18:58:28.221606+00:00",
      "2026-07-17 18:58:29.276784+00:00",
      "2026-07-17 18:58:29.276830+00:00",
      "2026-07-17 18:58:30.355073+00:00",
      "2026-07-17 18:58:30.355103+00:00",
      "2026-07-17 18:58:30.355117+00:00"
    ]
  },
  "page_assemble": {
    "scope": "page",
    "count": 6,
    "times": [
      0.0002487180754542351,
      0.0002951743081212044,
      0.00023322924971580505,
      0.0003329068422317505,
      0.00039236899465322495,
      0.00014392100274562836
    ],
    "start_timestamps": [
      "2026-07-17 18:58:28.221682+00:00",
      "2026-07-17 18:58:29.633950+00:00",
      "2026-07-17 18:58:29.634278+00:00",
      "2026-07-17 18:58:30.355216+00:00",
      "2026-07-17 18:58:30.355581+00:00",
      "2026-07-17 18:58:30.355992+00:00"
    ]
  },
  "doc_assemble": {
    "scope": "document",
    "count": 1,
    "times": [
      0.013357422314584255
    ],
    "start_timestamps": [
      "2026-07-17 18:58:30.356304+00:00"
    ]
  },
  "reading_order": {
    "scope": "document",
    "count": 1,
    "times": [
      0.012874974869191647
    ],
    "start_timestamps": [
      "2026-07-17 18:58:30.356344+00:00"
    ]
  },
  "doc_enrich": {
    "scope": "document",
    "count": 1,
    "times": [
      0.0009470311924815178
    ],
    "start_timestamps": [
      "2026-07-17 18:58:30.369687+00:00"
    ]
  }
}
Function parse_pdf took 5.4331 seconds to execute.
Running: get_tables
Function get_tables took 0.0000 seconds to execute.
Running: get_surrounding_paragraphs
Function get_surrounding_paragraphs took 0.0000 seconds to execute.
