Running: parse_pdf
Raw PDF conversion timings:
{
  "pipeline_total": {
    "scope": "document",
    "count": 1,
    "times": [
      0.9822563100606203
    ],
    "start_timestamps": [
      "2026-07-17 21:35:07.693624+00:00"
    ]
  },
  "page_parse": {
    "scope": "page",
    "count": 1,
    "times": [
      0.16536062397062778
    ],
    "start_timestamps": [
      "2026-07-17 21:35:07.696326+00:00"
    ]
  },
  "ocr": {
    "scope": "page",
    "count": 1,
    "times": [
      0.7471954189240932
    ],
    "start_timestamps": [
      "2026-07-17 21:35:07.861795+00:00"
    ]
  },
  "layout": {
    "scope": "page",
    "count": 1,
    "times": [
      0.053530409932136536
    ],
    "start_timestamps": [
      "2026-07-17 21:35:08.609165+00:00"
    ]
  },
  "table_structure": {
    "scope": "page",
    "count": 1,
    "times": [
      1.793447881937027e-05
    ],
    "start_timestamps": [
      "2026-07-17 21:35:08.671054+00:00"
    ]
  },
  "page_assemble": {
    "scope": "page",
    "count": 1,
    "times": [
      0.00018315482884645462
    ],
    "start_timestamps": [
      "2026-07-17 21:35:08.671202+00:00"
    ]
  },
  "doc_assemble": {
    "scope": "document",
    "count": 1,
    "times": [
      0.004052826203405857
    ],
    "start_timestamps": [
      "2026-07-17 21:35:08.671544+00:00"
    ]
  },
  "reading_order": {
    "scope": "document",
    "count": 1,
    "times": [
      0.0037105726078152657
    ],
    "start_timestamps": [
      "2026-07-17 21:35:08.671565+00:00"
    ]
  },
  "doc_enrich": {
    "scope": "document",
    "count": 1,
    "times": [
      0.0002583162859082222
    ],
    "start_timestamps": [
      "2026-07-17 21:35:08.675617+00:00"
    ]
  }
}
All hyperlinked elements redacted in-memory.
Clean PDF conversion timings:
{
  "pipeline_total": {
    "scope": "document",
    "count": 1,
    "times": [
      0.8781384089961648
    ],
    "start_timestamps": [
      "2026-07-17 21:35:08.699378+00:00"
    ]
  },
  "page_parse": {
    "scope": "page",
    "count": 1,
    "times": [
      0.16766637191176414
    ],
    "start_timestamps": [
      "2026-07-17 21:35:08.702162+00:00"
    ]
  },
  "ocr": {
    "scope": "page",
    "count": 1,
    "times": [
      0.6406340198591352
    ],
    "start_timestamps": [
      "2026-07-17 21:35:08.869954+00:00"
    ]
  },
  "layout": {
    "scope": "page",
    "count": 1,
    "times": [
      0.053601592779159546
    ],
    "start_timestamps": [
      "2026-07-17 21:35:09.510744+00:00"
    ]
  },
  "table_structure": {
    "scope": "page",
    "count": 1,
    "times": [
      3.2261013984680176e-05
    ],
    "start_timestamps": [
      "2026-07-17 21:35:09.572822+00:00"
    ]
  },
  "page_assemble": {
    "scope": "page",
    "count": 1,
    "times": [
      0.0001873224973678589
    ],
    "start_timestamps": [
      "2026-07-17 21:35:09.572987+00:00"
    ]
  },
  "doc_assemble": {
    "scope": "document",
    "count": 1,
    "times": [
      0.003909076564013958
    ],
    "start_timestamps": [
      "2026-07-17 21:35:09.573323+00:00"
    ]
  },
  "reading_order": {
    "scope": "document",
    "count": 1,
    "times": [
      0.003590896725654602
    ],
    "start_timestamps": [
      "2026-07-17 21:35:09.573346+00:00"
    ]
  },
  "doc_enrich": {
    "scope": "document",
    "count": 1,
    "times": [
      0.0002583358436822891
    ],
    "start_timestamps": [
      "2026-07-17 21:35:09.577254+00:00"
    ]
  }
}
Function parse_pdf took 1.9255 seconds to execute.
Running: get_tables
Function get_tables took 0.0000 seconds to execute.
Running: get_surrounding_paragraphs
Function get_surrounding_paragraphs took 0.0000 seconds to execute.
