Running: parse_pdf
Raw PDF conversion timings:
{
  "pipeline_total": {
    "scope": "document",
    "count": 1,
    "times": [
      2.6460755225270987
    ],
    "start_timestamps": [
      "2026-07-23 16:33:59.897098+00:00"
    ]
  },
  "page_parse": {
    "scope": "page",
    "count": 7,
    "times": [
      0.09576844237744808,
      0.1201605275273323,
      0.12801079079508781,
      0.10790268890559673,
      0.20141615718603134,
      0.14829994458705187,
      0.04506206512451172
    ],
    "start_timestamps": [
      "2026-07-23 16:33:59.901183+00:00",
      "2026-07-23 16:33:59.996991+00:00",
      "2026-07-23 16:34:00.117193+00:00",
      "2026-07-23 16:34:00.245247+00:00",
      "2026-07-23 16:34:00.353191+00:00",
      "2026-07-23 16:34:00.554652+00:00",
      "2026-07-23 16:34:00.702994+00:00"
    ]
  },
  "ocr": {
    "scope": "page",
    "count": 7,
    "times": [
      0.1263411697000265,
      0.9667143253609538,
      0.14058851264417171,
      0.6526806270703673,
      0.12684328481554985,
      0.12302951607853174,
      0.11814810987561941
    ],
    "start_timestamps": [
      "2026-07-23 16:33:59.997564+00:00",
      "2026-07-23 16:34:00.123944+00:00",
      "2026-07-23 16:34:01.090752+00:00",
      "2026-07-23 16:34:01.231348+00:00",
      "2026-07-23 16:34:01.884047+00:00",
      "2026-07-23 16:34:02.010902+00:00",
      "2026-07-23 16:34:02.133940+00:00"
    ]
  },
  "layout": {
    "scope": "page",
    "count": 3,
    "times": [
      0.5836137467995286,
      0.026719896122813225,
      0.07122743781656027
    ],
    "start_timestamps": [
      "2026-07-23 16:34:00.124029+00:00",
      "2026-07-23 16:34:01.090811+00:00",
      "2026-07-23 16:34:02.252253+00:00"
    ]
  },
  "table_structure": {
    "scope": "page",
    "count": 7,
    "times": [
      2.0658597350120544e-05,
      2.4366192519664764e-05,
      2.0518898963928223e-05,
      9.609386324882507e-06,
      6.16069883108139e-06,
      7.214024662971497e-06,
      6.46151602268219e-06
    ],
    "start_timestamps": [
      "2026-07-23 16:34:00.804175+00:00",
      "2026-07-23 16:34:01.141939+00:00",
      "2026-07-23 16:34:02.512627+00:00",
      "2026-07-23 16:34:02.512651+00:00",
      "2026-07-23 16:34:02.512667+00:00",
      "2026-07-23 16:34:02.512676+00:00",
      "2026-07-23 16:34:02.512716+00:00"
    ]
  },
  "page_assemble": {
    "scope": "page",
    "count": 7,
    "times": [
      0.0007356433197855949,
      0.00026837456971406937,
      0.0003132997080683708,
      0.0002181297168135643,
      0.00027472712099552155,
      0.00039371103048324585,
      9.613018482923508e-05
    ],
    "start_timestamps": [
      "2026-07-23 16:34:00.804248+00:00",
      "2026-07-23 16:34:01.142004+00:00",
      "2026-07-23 16:34:02.512807+00:00",
      "2026-07-23 16:34:02.513148+00:00",
      "2026-07-23 16:34:02.513386+00:00",
      "2026-07-23 16:34:02.513679+00:00",
      "2026-07-23 16:34:02.514091+00:00"
    ]
  },
  "doc_assemble": {
    "scope": "document",
    "count": 1,
    "times": [
      0.027361423708498478
    ],
    "start_timestamps": [
      "2026-07-23 16:34:02.514343+00:00"
    ]
  },
  "reading_order": {
    "scope": "document",
    "count": 1,
    "times": [
      0.02691015414893627
    ],
    "start_timestamps": [
      "2026-07-23 16:34:02.514423+00:00"
    ]
  },
  "doc_enrich": {
    "scope": "document",
    "count": 1,
    "times": [
      0.0014397995546460152
    ],
    "start_timestamps": [
      "2026-07-23 16:34:02.541728+00:00"
    ]
  }
}
All hyperlinked elements redacted in-memory.
Clean PDF conversion timings:
{
  "pipeline_total": {
    "scope": "document",
    "count": 1,
    "times": [
      2.63885941170156
    ],
    "start_timestamps": [
      "2026-07-23 16:34:02.695458+00:00"
    ]
  },
  "page_parse": {
    "scope": "page",
    "count": 7,
    "times": [
      0.09345312509685755,
      0.11960254702717066,
      0.1284122271463275,
      0.10828117188066244,
      0.19570857472717762,
      0.23571119830012321,
      0.047497328370809555
    ],
    "start_timestamps": [
      "2026-07-23 16:34:02.699128+00:00",
      "2026-07-23 16:34:02.792624+00:00",
      "2026-07-23 16:34:02.912267+00:00",
      "2026-07-23 16:34:03.040721+00:00",
      "2026-07-23 16:34:03.149049+00:00",
      "2026-07-23 16:34:03.344809+00:00",
      "2026-07-23 16:34:03.580562+00:00"
    ]
  },
  "ocr": {
    "scope": "page",
    "count": 7,
    "times": [
      0.12732078321278095,
      0.934329298324883,
      0.1345732705667615,
      0.6561982175335288,
      0.12229917198419571,
      0.12938565853983164,
      0.12821884267032146
    ],
    "start_timestamps": [
      "2026-07-23 16:34:02.792934+00:00",
      "2026-07-23 16:34:02.920296+00:00",
      "2026-07-23 16:34:03.854693+00:00",
      "2026-07-23 16:34:03.989276+00:00",
      "2026-07-23 16:34:04.645492+00:00",
      "2026-07-23 16:34:04.767802+00:00",
      "2026-07-23 16:34:04.897197+00:00"
    ]
  },
  "layout": {
    "scope": "page",
    "count": 3,
    "times": [
      0.3539872793480754,
      0.02617013081908226,
      0.07327885832637548
    ],
    "start_timestamps": [
      "2026-07-23 16:34:02.920370+00:00",
      "2026-07-23 16:34:03.854750+00:00",
      "2026-07-23 16:34:05.025591+00:00"
    ]
  },
  "table_structure": {
    "scope": "page",
    "count": 7,
    "times": [
      1.728348433971405e-05,
      2.945493906736374e-05,
      2.3774802684783936e-05,
      9.197741746902466e-06,
      1.3325363397598267e-05,
      9.156763553619385e-06,
      8.735805749893188e-06
    ],
    "start_timestamps": [
      "2026-07-23 16:34:03.349498+00:00",
      "2026-07-23 16:34:03.906199+00:00",
      "2026-07-23 16:34:05.302515+00:00",
      "2026-07-23 16:34:05.302543+00:00",
      "2026-07-23 16:34:05.302560+00:00",
      "2026-07-23 16:34:05.302579+00:00",
      "2026-07-23 16:34:05.302628+00:00"
    ]
  },
  "page_assemble": {
    "scope": "page",
    "count": 7,
    "times": [
      0.0002835923805832863,
      0.00032869819551706314,
      0.0003826599568128586,
      0.0002643465995788574,
      0.00031616538763046265,
      0.0004258016124367714,
      9.951833635568619e-05
    ],
    "start_timestamps": [
      "2026-07-23 16:34:03.349715+00:00",
      "2026-07-23 16:34:03.906275+00:00",
      "2026-07-23 16:34:05.302702+00:00",
      "2026-07-23 16:34:05.303119+00:00",
      "2026-07-23 16:34:05.303421+00:00",
      "2026-07-23 16:34:05.303756+00:00",
      "2026-07-23 16:34:05.304202+00:00"
    ]
  },
  "doc_assemble": {
    "scope": "document",
    "count": 1,
    "times": [
      0.028398443944752216
    ],
    "start_timestamps": [
      "2026-07-23 16:34:05.304470+00:00"
    ]
  },
  "reading_order": {
    "scope": "document",
    "count": 1,
    "times": [
      0.02795367781072855
    ],
    "start_timestamps": [
      "2026-07-23 16:34:05.304543+00:00"
    ]
  },
  "doc_enrich": {
    "scope": "document",
    "count": 1,
    "times": [
      0.001418760046362877
    ],
    "start_timestamps": [
      "2026-07-23 16:34:05.332893+00:00"
    ]
  }
}
Function parse_pdf took 5.6274 seconds to execute.
Running: get_tables
Function get_tables took 0.0001 seconds to execute.
Running: get_surrounding_paragraphs
Function get_surrounding_paragraphs took 0.0001 seconds to execute.
