Running: parse_pdf
Raw PDF conversion timings:
{
  "pipeline_total": {
    "scope": "document",
    "count": 1,
    "times": [
      33.0673862863332
    ],
    "start_timestamps": [
      "2026-07-23 15:44:28.637741+00:00"
    ]
  },
  "page_parse": {
    "scope": "page",
    "count": 6,
    "times": [
      0.24055182561278343,
      0.26775038428604603,
      0.3565086303278804,
      0.25327043794095516,
      0.2947786711156368,
      0.5159763861447573
    ],
    "start_timestamps": [
      "2026-07-23 15:44:28.642223+00:00",
      "2026-07-23 15:44:28.882815+00:00",
      "2026-07-23 15:44:29.150607+00:00",
      "2026-07-23 15:44:29.507158+00:00",
      "2026-07-23 15:44:29.760491+00:00",
      "2026-07-23 15:44:30.055321+00:00"
    ]
  },
  "ocr": {
    "scope": "page",
    "count": 6,
    "times": [
      4.759977458044887,
      4.140454975888133,
      3.8830658802762628,
      3.937796426936984,
      4.1049497770145535,
      3.811293348670006
    ],
    "start_timestamps": [
      "2026-07-23 15:44:28.884364+00:00",
      "2026-07-23 15:44:33.644490+00:00",
      "2026-07-23 15:44:37.784959+00:00",
      "2026-07-23 15:44:41.668039+00:00",
      "2026-07-23 15:44:45.605851+00:00",
      "2026-07-23 15:44:49.710816+00:00"
    ]
  },
  "layout": {
    "scope": "page",
    "count": 2,
    "times": [
      0.06451345421373844,
      0.07868923805654049
    ],
    "start_timestamps": [
      "2026-07-23 15:44:33.644583+00:00",
      "2026-07-23 15:44:53.522282+00:00"
    ]
  },
  "table_structure": {
    "scope": "page",
    "count": 6,
    "times": [
      2.689007669687271e-05,
      3.1218864023685455e-05,
      0.275088369846344,
      0.4396137660369277,
      2.75513157248497e-05,
      2.379436045885086e-05
    ],
    "start_timestamps": [
      "2026-07-23 15:44:33.736825+00:00",
      "2026-07-23 15:44:53.862332+00:00",
      "2026-07-23 15:44:53.862369+00:00",
      "2026-07-23 15:44:54.137473+00:00",
      "2026-07-23 15:44:54.577102+00:00",
      "2026-07-23 15:44:54.577284+00:00"
    ]
  },
  "page_assemble": {
    "scope": "page",
    "count": 6,
    "times": [
      0.0002971803769469261,
      0.0003725513815879822,
      0.00039262883365154266,
      0.00025629159063100815,
      0.0002640159800648689,
      0.00036700163036584854
    ],
    "start_timestamps": [
      "2026-07-23 15:44:33.736921+00:00",
      "2026-07-23 15:44:54.577438+00:00",
      "2026-07-23 15:44:54.577851+00:00",
      "2026-07-23 15:44:54.578268+00:00",
      "2026-07-23 15:44:54.578544+00:00",
      "2026-07-23 15:44:54.578827+00:00"
    ]
  },
  "doc_assemble": {
    "scope": "document",
    "count": 1,
    "times": [
      0.04584448505192995
    ],
    "start_timestamps": [
      "2026-07-23 15:44:54.579393+00:00"
    ]
  },
  "reading_order": {
    "scope": "document",
    "count": 1,
    "times": [
      0.04525079671293497
    ],
    "start_timestamps": [
      "2026-07-23 15:44:54.579562+00:00"
    ]
  },
  "doc_enrich": {
    "scope": "document",
    "count": 1,
    "times": [
      7.079839156009257
    ],
    "start_timestamps": [
      "2026-07-23 15:44:54.625269+00:00"
    ]
  }
}
All hyperlinked elements redacted in-memory.
Clean PDF conversion timings:
{
  "pipeline_total": {
    "scope": "document",
    "count": 1,
    "times": [
      32.833213998004794
    ],
    "start_timestamps": [
      "2026-07-23 15:45:01.759974+00:00"
    ]
  },
  "page_parse": {
    "scope": "page",
    "count": 6,
    "times": [
      0.2397331828251481,
      0.2681717351078987,
      0.3583762217313051,
      0.24908380676060915,
      0.27534487191587687,
      0.2804442187771201
    ],
    "start_timestamps": [
      "2026-07-23 15:45:01.765488+00:00",
      "2026-07-23 15:45:02.005263+00:00",
      "2026-07-23 15:45:02.273486+00:00",
      "2026-07-23 15:45:02.631905+00:00",
      "2026-07-23 15:45:02.881038+00:00",
      "2026-07-23 15:45:03.156458+00:00"
    ]
  },
  "ocr": {
    "scope": "page",
    "count": 6,
    "times": [
      4.618418775498867,
      4.122845437377691,
      3.847401361912489,
      3.9248401150107384,
      4.064639828167856,
      3.771654373034835
    ],
    "start_timestamps": [
      "2026-07-23 15:45:02.006829+00:00",
      "2026-07-23 15:45:06.625396+00:00",
      "2026-07-23 15:45:10.748258+00:00",
      "2026-07-23 15:45:14.595676+00:00",
      "2026-07-23 15:45:18.520532+00:00",
      "2026-07-23 15:45:22.585189+00:00"
    ]
  },
  "layout": {
    "scope": "page",
    "count": 2,
    "times": [
      0.06308117508888245,
      0.07847530394792557
    ],
    "start_timestamps": [
      "2026-07-23 15:45:06.625519+00:00",
      "2026-07-23 15:45:26.357158+00:00"
    ]
  },
  "table_structure": {
    "scope": "page",
    "count": 6,
    "times": [
      2.5056302547454834e-05,
      3.1620264053344727e-05,
      0.28270304575562477,
      0.44587759487330914,
      2.946518361568451e-05,
      2.5979243218898773e-05
    ],
    "start_timestamps": [
      "2026-07-23 15:45:06.716811+00:00",
      "2026-07-23 15:45:26.698832+00:00",
      "2026-07-23 15:45:26.698868+00:00",
      "2026-07-23 15:45:26.981587+00:00",
      "2026-07-23 15:45:27.427481+00:00",
      "2026-07-23 15:45:27.427663+00:00"
    ]
  },
  "page_assemble": {
    "scope": "page",
    "count": 6,
    "times": [
      0.0002498207613825798,
      0.00041799526661634445,
      0.0003820592537522316,
      0.0002503609284758568,
      0.00027129054069519043,
      0.00038468465209007263
    ],
    "start_timestamps": [
      "2026-07-23 15:45:06.716902+00:00",
      "2026-07-23 15:45:27.427773+00:00",
      "2026-07-23 15:45:27.428232+00:00",
      "2026-07-23 15:45:27.428636+00:00",
      "2026-07-23 15:45:27.428920+00:00",
      "2026-07-23 15:45:27.429211+00:00"
    ]
  },
  "doc_assemble": {
    "scope": "document",
    "count": 1,
    "times": [
      0.04593778494745493
    ],
    "start_timestamps": [
      "2026-07-23 15:45:27.430010+00:00"
    ]
  },
  "reading_order": {
    "scope": "document",
    "count": 1,
    "times": [
      0.04541483148932457
    ],
    "start_timestamps": [
      "2026-07-23 15:45:27.430089+00:00"
    ]
  },
  "doc_enrich": {
    "scope": "document",
    "count": 1,
    "times": [
      7.117185675539076
    ],
    "start_timestamps": [
      "2026-07-23 15:45:27.475980+00:00"
    ]
  }
}
Function parse_pdf took 66.0684 seconds to execute.
Running: get_tables
Function get_tables took 0.0001 seconds to execute.
Running: get_surrounding_paragraphs
Function get_surrounding_paragraphs took 0.0001 seconds to execute.
