Running: parse_pdf
Raw PDF conversion timings:
{
  "pipeline_total": {
    "scope": "document",
    "count": 1,
    "times": [
      66.07005996163934
    ],
    "start_timestamps": [
      "2026-07-17 17:30:14.695072+00:00"
    ]
  },
  "page_parse": {
    "scope": "page",
    "count": 6,
    "times": [
      0.20268824230879545,
      0.21665192674845457,
      0.2955899341031909,
      0.1551106022670865,
      0.24072857853025198,
      0.21369624510407448
    ],
    "start_timestamps": [
      "2026-07-17 17:30:14.698701+00:00",
      "2026-07-17 17:30:14.901445+00:00",
      "2026-07-17 17:30:15.118140+00:00",
      "2026-07-17 17:30:15.413775+00:00",
      "2026-07-17 17:30:15.568935+00:00",
      "2026-07-17 17:30:15.809721+00:00"
    ]
  },
  "ocr": {
    "scope": "page",
    "count": 6,
    "times": [
      4.55881346296519,
      4.425835769623518,
      3.3196763042360544,
      3.141019769012928,
      3.712253532372415,
      2.6412025773897767
    ],
    "start_timestamps": [
      "2026-07-17 17:30:14.901811+00:00",
      "2026-07-17 17:30:19.460764+00:00",
      "2026-07-17 17:30:23.886616+00:00",
      "2026-07-17 17:30:27.206334+00:00",
      "2026-07-17 17:30:30.347378+00:00",
      "2026-07-17 17:30:34.059649+00:00"
    ]
  },
  "layout": {
    "scope": "page",
    "count": 2,
    "times": [
      0.06359158270061016,
      0.0901333075016737
    ],
    "start_timestamps": [
      "2026-07-17 17:30:19.460872+00:00",
      "2026-07-17 17:30:36.701189+00:00"
    ]
  },
  "table_structure": {
    "scope": "page",
    "count": 6,
    "times": [
      2.7420930564403534e-05,
      3.2230280339717865e-05,
      7.945112884044647e-06,
      5.45009970664978e-06,
      0.5098838331177831,
      2.0638108253479004e-05
    ],
    "start_timestamps": [
      "2026-07-17 17:30:19.595955+00:00",
      "2026-07-17 17:30:37.044308+00:00",
      "2026-07-17 17:30:37.044345+00:00",
      "2026-07-17 17:30:37.044356+00:00",
      "2026-07-17 17:30:37.044365+00:00",
      "2026-07-17 17:30:37.554354+00:00"
    ]
  },
  "page_assemble": {
    "scope": "page",
    "count": 6,
    "times": [
      0.000346161425113678,
      0.0009875474497675896,
      0.0003858264535665512,
      0.0002734838053584099,
      0.0003230581060051918,
      0.00019567832350730896
    ],
    "start_timestamps": [
      "2026-07-17 17:30:19.596049+00:00",
      "2026-07-17 17:30:37.554599+00:00",
      "2026-07-17 17:30:37.555625+00:00",
      "2026-07-17 17:30:37.556038+00:00",
      "2026-07-17 17:30:37.556331+00:00",
      "2026-07-17 17:30:37.556678+00:00"
    ]
  },
  "doc_assemble": {
    "scope": "document",
    "count": 1,
    "times": [
      0.02422026079148054
    ],
    "start_timestamps": [
      "2026-07-17 17:30:37.557171+00:00"
    ]
  },
  "reading_order": {
    "scope": "document",
    "count": 1,
    "times": [
      0.02362643275409937
    ],
    "start_timestamps": [
      "2026-07-17 17:30:37.557264+00:00"
    ]
  },
  "doc_enrich": {
    "scope": "document",
    "count": 1,
    "times": [
      43.18363945372403
    ],
    "start_timestamps": [
      "2026-07-17 17:30:37.581438+00:00"
    ]
  }
}
All hyperlinked elements redacted in-memory.
Clean PDF conversion timings:
{
  "pipeline_total": {
    "scope": "document",
    "count": 1,
    "times": [
      66.30770488176495
    ],
    "start_timestamps": [
      "2026-07-17 17:31:20.821757+00:00"
    ]
  },
  "page_parse": {
    "scope": "page",
    "count": 6,
    "times": [
      0.20381469000130892,
      0.2186569245532155,
      0.20457083359360695,
      0.15418389905244112,
      0.36136756744235754,
      0.21396878454834223
    ],
    "start_timestamps": [
      "2026-07-17 17:31:20.825896+00:00",
      "2026-07-17 17:31:21.029758+00:00",
      "2026-07-17 17:31:21.248465+00:00",
      "2026-07-17 17:31:21.453080+00:00",
      "2026-07-17 17:31:21.607326+00:00",
      "2026-07-17 17:31:21.968748+00:00"
    ]
  },
  "ocr": {
    "scope": "page",
    "count": 6,
    "times": [
      4.568094719201326,
      4.406164085492492,
      3.3658440886065364,
      3.1558074932545424,
      3.7906269943341613,
      2.6775139570236206
    ],
    "start_timestamps": [
      "2026-07-17 17:31:21.029835+00:00",
      "2026-07-17 17:31:25.598092+00:00",
      "2026-07-17 17:31:30.004280+00:00",
      "2026-07-17 17:31:33.370145+00:00",
      "2026-07-17 17:31:36.525979+00:00",
      "2026-07-17 17:31:40.316630+00:00"
    ]
  },
  "layout": {
    "scope": "page",
    "count": 2,
    "times": [
      0.06558412779122591,
      0.09145738743245602
    ],
    "start_timestamps": [
      "2026-07-17 17:31:25.598255+00:00",
      "2026-07-17 17:31:42.994438+00:00"
    ]
  },
  "table_structure": {
    "scope": "page",
    "count": 6,
    "times": [
      2.567935734987259e-05,
      9.115040302276611e-05,
      2.7080997824668884e-05,
      2.0808540284633636e-05,
      0.5078561482951045,
      2.2932887077331543e-05
    ],
    "start_timestamps": [
      "2026-07-17 17:31:25.735903+00:00",
      "2026-07-17 17:31:43.340480+00:00",
      "2026-07-17 17:31:43.340583+00:00",
      "2026-07-17 17:31:43.340618+00:00",
      "2026-07-17 17:31:43.340646+00:00",
      "2026-07-17 17:31:43.848613+00:00"
    ]
  },
  "page_assemble": {
    "scope": "page",
    "count": 6,
    "times": [
      0.00032615382224321365,
      0.0007382389158010483,
      0.00042668264359235764,
      0.00026090070605278015,
      0.0003059264272451401,
      0.0001871120184659958
    ],
    "start_timestamps": [
      "2026-07-17 17:31:25.736008+00:00",
      "2026-07-17 17:31:43.848856+00:00",
      "2026-07-17 17:31:43.849643+00:00",
      "2026-07-17 17:31:43.850096+00:00",
      "2026-07-17 17:31:43.850377+00:00",
      "2026-07-17 17:31:43.850704+00:00"
    ]
  },
  "doc_assemble": {
    "scope": "document",
    "count": 1,
    "times": [
      0.02478763833642006
    ],
    "start_timestamps": [
      "2026-07-17 17:31:43.851159+00:00"
    ]
  },
  "reading_order": {
    "scope": "document",
    "count": 1,
    "times": [
      0.024188309907913208
    ],
    "start_timestamps": [
      "2026-07-17 17:31:43.851274+00:00"
    ]
  },
  "doc_enrich": {
    "scope": "document",
    "count": 1,
    "times": [
      43.25340729393065
    ],
    "start_timestamps": [
      "2026-07-17 17:31:43.875979+00:00"
    ]
  }
}
Function parse_pdf took 132.5575 seconds to execute.
Running: get_tables
Function get_tables took 0.0001 seconds to execute.
Running: get_surrounding_paragraphs
Function get_surrounding_paragraphs took 0.0001 seconds to execute.
