Running: parse_pdf
Raw PDF conversion timings:
{
  "pipeline_total": {
    "scope": "document",
    "count": 1,
    "times": [
      51.909788767807186
    ],
    "start_timestamps": [
      "2026-07-18 02:27:32.039188+00:00"
    ]
  },
  "page_parse": {
    "scope": "page",
    "count": 7,
    "times": [
      0.12695564236491919,
      0.1360245021060109,
      0.20195746514946222,
      0.3776673171669245,
      0.23840250447392464,
      2.328979754820466,
      0.09881556499749422
    ],
    "start_timestamps": [
      "2026-07-18 02:27:32.046309+00:00",
      "2026-07-18 02:27:32.173306+00:00",
      "2026-07-18 02:27:32.309375+00:00",
      "2026-07-18 02:27:32.511376+00:00",
      "2026-07-18 02:27:32.889095+00:00",
      "2026-07-18 02:27:33.127545+00:00",
      "2026-07-18 02:27:35.456567+00:00"
    ]
  },
  "ocr": {
    "scope": "page",
    "count": 7,
    "times": [
      3.7728529032319784,
      0.16090282052755356,
      0.1413348987698555,
      0.14416852220892906,
      0.14893505349755287,
      0.5609571235254407,
      0.1429120460525155
    ],
    "start_timestamps": [
      "2026-07-18 02:27:32.173372+00:00",
      "2026-07-18 02:27:35.946275+00:00",
      "2026-07-18 02:27:36.107195+00:00",
      "2026-07-18 02:27:36.248539+00:00",
      "2026-07-18 02:27:36.392718+00:00",
      "2026-07-18 02:27:36.541665+00:00",
      "2026-07-18 02:27:37.102642+00:00"
    ]
  },
  "layout": {
    "scope": "page",
    "count": 2,
    "times": [
      0.07855239603668451,
      0.0912465900182724
    ],
    "start_timestamps": [
      "2026-07-18 02:27:35.946358+00:00",
      "2026-07-18 02:27:37.245703+00:00"
    ]
  },
  "table_structure": {
    "scope": "page",
    "count": 7,
    "times": [
      5.021505057811737e-05,
      4.287157207727432e-05,
      0.3336441442370415,
      2.445559948682785e-05,
      1.2584030628204346e-05,
      0.4445445565506816,
      3.926362842321396e-05
    ],
    "start_timestamps": [
      "2026-07-18 02:27:36.095478+00:00",
      "2026-07-18 02:27:37.800815+00:00",
      "2026-07-18 02:27:37.800864+00:00",
      "2026-07-18 02:27:38.134524+00:00",
      "2026-07-18 02:27:38.134551+00:00",
      "2026-07-18 02:27:38.134653+00:00",
      "2026-07-18 02:27:38.579214+00:00"
    ]
  },
  "page_assemble": {
    "scope": "page",
    "count": 7,
    "times": [
      0.0027603954076766968,
      0.0008942931890487671,
      0.0006921431049704552,
      0.0011403970420360565,
      0.0013477271422743797,
      0.0014443378895521164,
      0.015824255533516407
    ],
    "start_timestamps": [
      "2026-07-18 02:27:36.095663+00:00",
      "2026-07-18 02:27:38.134718+00:00",
      "2026-07-18 02:27:38.135643+00:00",
      "2026-07-18 02:27:38.136357+00:00",
      "2026-07-18 02:27:38.137518+00:00",
      "2026-07-18 02:27:38.579526+00:00",
      "2026-07-18 02:27:38.581002+00:00"
    ]
  },
  "doc_assemble": {
    "scope": "document",
    "count": 1,
    "times": [
      0.03627460636198521
    ],
    "start_timestamps": [
      "2026-07-18 02:27:38.597031+00:00"
    ]
  },
  "reading_order": {
    "scope": "document",
    "count": 1,
    "times": [
      0.035758146084845066
    ],
    "start_timestamps": [
      "2026-07-18 02:27:38.597169+00:00"
    ]
  },
  "doc_enrich": {
    "scope": "document",
    "count": 1,
    "times": [
      45.31561242416501
    ],
    "start_timestamps": [
      "2026-07-18 02:27:38.633328+00:00"
    ]
  }
}
All hyperlinked elements redacted in-memory.
--- Logging error ---
Traceback (most recent call last):
  File "/mnt/iusers01/fatpou01/chem02/b07755hv/.local/lib/python3.12/site-packages/rapidocr/main.py", line 130, in run_ocr_steps
    cropped_img_list, det_res = self.detect_and_crop(img, op_record)
                                ^^^^^^^^^^^^^^^^^^^^^^^^^^^^^^^^^^^^
  File "/mnt/iusers01/fatpou01/chem02/b07755hv/.local/lib/python3.12/site-packages/rapidocr/main.py", line 298, in detect_and_crop
    raise RapidOCRError("The text detection result is empty")
rapidocr.main.RapidOCRError: The text detection result is empty

During handling of the above exception, another exception occurred:

Traceback (most recent call last):
  File "/mnt/iusers01/fatpou01/chem02/b07755hv/.conda/envs/env/lib/python3.12/logging/__init__.py", line 1163, in emit
    stream.write(msg + self.terminator)
  File "/mnt/iusers01/fatpou01/chem02/b07755hv/ChemistryExtract/src/chemstractor/lib/extractor.py", line 298, in write
    self.file.write(data)
ValueError: I/O operation on closed file.
Call stack:
  File "/mnt/iusers01/fatpou01/chem02/b07755hv/.conda/envs/env/lib/python3.12/threading.py", line 1030, in _bootstrap
    self._bootstrap_inner()
  File "/mnt/iusers01/fatpou01/chem02/b07755hv/.conda/envs/env/lib/python3.12/threading.py", line 1073, in _bootstrap_inner
    self.run()
  File "/mnt/iusers01/fatpou01/chem02/b07755hv/.conda/envs/env/lib/python3.12/threading.py", line 1010, in run
    self._target(*self._args, **self._kwargs)
  File "/mnt/iusers01/fatpou01/chem02/b07755hv/.local/lib/python3.12/site-packages/docling/pipeline/standard_pdf_pipeline.py", line 279, in _run
    processed = self._process_batch(batch)
  File "/mnt/iusers01/fatpou01/chem02/b07755hv/.local/lib/python3.12/site-packages/docling/pipeline/standard_pdf_pipeline.py", line 344, in _process_batch
    processed_pages = list(self.model(good[0].conv_res, pages))  # type: ignore[arg-type]
  File "/mnt/iusers01/fatpou01/chem02/b07755hv/.local/lib/python3.12/site-packages/docling/models/stages/ocr/rapid_ocr_model.py", line 491, in __call__
    result = self.reader(
  File "/mnt/iusers01/fatpou01/chem02/b07755hv/.local/lib/python3.12/site-packages/rapidocr/main.py", line 120, in __call__
    det_res, cls_res, rec_res, cropped_img_list = self.run_ocr_steps(img, op_record)
  File "/mnt/iusers01/fatpou01/chem02/b07755hv/.local/lib/python3.12/site-packages/rapidocr/main.py", line 132, in run_ocr_steps
    logger.warning(e)
Message: RapidOCRError('The text detection result is empty')
Arguments: ()
RapidOCR returned empty result!
Clean PDF conversion timings:
{
  "pipeline_total": {
    "scope": "document",
    "count": 1,
    "times": [
      51.54204321093857
    ],
    "start_timestamps": [
      "2026-07-18 02:28:25.490585+00:00"
    ]
  },
  "page_parse": {
    "scope": "page",
    "count": 7,
    "times": [
      0.1266662161797285,
      0.1362971505150199,
      0.1994052194058895,
      0.18800088670104742,
      0.24659517221152782,
      2.313400201499462,
      0.08548846002668142
    ],
    "start_timestamps": [
      "2026-07-18 02:28:25.497000+00:00",
      "2026-07-18 02:28:25.623710+00:00",
      "2026-07-18 02:28:25.760068+00:00",
      "2026-07-18 02:28:25.959518+00:00",
      "2026-07-18 02:28:26.147570+00:00",
      "2026-07-18 02:28:26.394211+00:00",
      "2026-07-18 02:28:28.707671+00:00"
    ]
  },
  "ocr": {
    "scope": "page",
    "count": 7,
    "times": [
      3.358924735337496,
      0.4109423328191042,
      0.13141670543700457,
      0.1353419441729784,
      0.1431141709908843,
      0.5533828549087048,
      0.13759871013462543
    ],
    "start_timestamps": [
      "2026-07-18 02:28:25.623848+00:00",
      "2026-07-18 02:28:28.982842+00:00",
      "2026-07-18 02:28:29.393808+00:00",
      "2026-07-18 02:28:29.525239+00:00",
      "2026-07-18 02:28:29.660596+00:00",
      "2026-07-18 02:28:29.803724+00:00",
      "2026-07-18 02:28:30.357287+00:00"
    ]
  },
  "layout": {
    "scope": "page",
    "count": 2,
    "times": [
      0.055408257991075516,
      0.08744106348603964
    ],
    "start_timestamps": [
      "2026-07-18 02:28:28.983031+00:00",
      "2026-07-18 02:28:30.495497+00:00"
    ]
  },
  "table_structure": {
    "scope": "page",
    "count": 7,
    "times": [
      2.1902844309806824e-05,
      2.6769936084747314e-05,
      0.3364870883524418,
      2.0829029381275177e-05,
      1.2604519724845886e-05,
      0.43814600817859173,
      3.0438415706157684e-05
    ],
    "start_timestamps": [
      "2026-07-18 02:28:29.385963+00:00",
      "2026-07-18 02:28:30.955327+00:00",
      "2026-07-18 02:28:30.955358+00:00",
      "2026-07-18 02:28:31.291861+00:00",
      "2026-07-18 02:28:31.291886+00:00",
      "2026-07-18 02:28:31.291991+00:00",
      "2026-07-18 02:28:31.730152+00:00"
    ]
  },
  "page_assemble": {
    "scope": "page",
    "count": 7,
    "times": [
      0.0004951022565364838,
      0.0005266014486551285,
      0.00045153964310884476,
      0.0006685191765427589,
      0.0006832852959632874,
      0.0008975798264145851,
      0.0009654471650719643
    ],
    "start_timestamps": [
      "2026-07-18 02:28:29.386065+00:00",
      "2026-07-18 02:28:31.292778+00:00",
      "2026-07-18 02:28:31.293336+00:00",
      "2026-07-18 02:28:31.293815+00:00",
      "2026-07-18 02:28:31.294503+00:00",
      "2026-07-18 02:28:31.730312+00:00",
      "2026-07-18 02:28:31.731248+00:00"
    ]
  },
  "doc_assemble": {
    "scope": "document",
    "count": 1,
    "times": [
      0.03696745354682207
    ],
    "start_timestamps": [
      "2026-07-18 02:28:31.732423+00:00"
    ]
  },
  "reading_order": {
    "scope": "document",
    "count": 1,
    "times": [
      0.03651281725615263
    ],
    "start_timestamps": [
      "2026-07-18 02:28:31.732498+00:00"
    ]
  },
  "doc_enrich": {
    "scope": "document",
    "count": 1,
    "times": [
      45.2631700783968
    ],
    "start_timestamps": [
      "2026-07-18 02:28:31.769424+00:00"
    ]
  }
}
Function parse_pdf took 105.1430 seconds to execute.
Running: get_tables
Function get_tables took 0.0001 seconds to execute.
Running: get_surrounding_paragraphs
Function get_surrounding_paragraphs took 0.0001 seconds to execute.
