Running: parse_pdf
Raw PDF conversion timings:
{
  "pipeline_total": {
    "scope": "document",
    "count": 1,
    "times": [
      58.77430453617126
    ],
    "start_timestamps": [
      "2026-07-23 20:17:28.013140+00:00"
    ]
  },
  "page_parse": {
    "scope": "page",
    "count": 11,
    "times": [
      0.12310702353715897,
      0.15527996513992548,
      0.11811305209994316,
      0.288873010315001,
      0.25080558098852634,
      0.16528896894305944,
      0.1609986824914813,
      0.20390614308416843,
      0.1668508192524314,
      0.17560361791402102,
      0.13349261600524187
    ],
    "start_timestamps": [
      "2026-07-23 20:17:28.019954+00:00",
      "2026-07-23 20:17:28.143104+00:00",
      "2026-07-23 20:17:28.298438+00:00",
      "2026-07-23 20:17:28.416599+00:00",
      "2026-07-23 20:17:28.705519+00:00",
      "2026-07-23 20:17:28.956364+00:00",
      "2026-07-23 20:17:29.121701+00:00",
      "2026-07-23 20:17:29.282742+00:00",
      "2026-07-23 20:17:29.486689+00:00",
      "2026-07-23 20:17:29.653579+00:00",
      "2026-07-23 20:17:29.829226+00:00"
    ]
  },
  "ocr": {
    "scope": "page",
    "count": 11,
    "times": [
      2.073867864906788,
      1.6153877656906843,
      0.12807571794837713,
      0.4772607870399952,
      1.5244843820109963,
      0.6965236831456423,
      1.475071582943201,
      0.8454437740147114,
      0.13202764745801687,
      0.12808579672127962,
      0.4874167684465647
    ],
    "start_timestamps": [
      "2026-07-23 20:17:28.143499+00:00",
      "2026-07-23 20:17:30.217460+00:00",
      "2026-07-23 20:17:31.832869+00:00",
      "2026-07-23 20:17:31.960956+00:00",
      "2026-07-23 20:17:32.438233+00:00",
      "2026-07-23 20:17:33.962733+00:00",
      "2026-07-23 20:17:34.659272+00:00",
      "2026-07-23 20:17:36.134360+00:00",
      "2026-07-23 20:17:36.979820+00:00",
      "2026-07-23 20:17:37.111859+00:00",
      "2026-07-23 20:17:37.239957+00:00"
    ]
  },
  "layout": {
    "scope": "page",
    "count": 2,
    "times": [
      0.07063748873770237,
      0.12447010912001133
    ],
    "start_timestamps": [
      "2026-07-23 20:17:30.217545+00:00",
      "2026-07-23 20:17:37.727652+00:00"
    ]
  },
  "table_structure": {
    "scope": "page",
    "count": 11,
    "times": [
      2.3874454200267792e-05,
      3.358442336320877e-05,
      0.4485817840322852,
      0.273912874981761,
      2.171192318201065e-05,
      0.4746404644101858,
      2.3214146494865417e-05,
      1.0750256478786469e-05,
      1.3436190783977509e-05,
      2.3894943296909332e-05,
      1.0970048606395721e-05
    ],
    "start_timestamps": [
      "2026-07-23 20:17:30.367104+00:00",
      "2026-07-23 20:17:38.622624+00:00",
      "2026-07-23 20:17:38.622663+00:00",
      "2026-07-23 20:17:39.071261+00:00",
      "2026-07-23 20:17:39.345188+00:00",
      "2026-07-23 20:17:39.345304+00:00",
      "2026-07-23 20:17:39.819961+00:00",
      "2026-07-23 20:17:39.819987+00:00",
      "2026-07-23 20:17:39.820002+00:00",
      "2026-07-23 20:17:39.820252+00:00",
      "2026-07-23 20:17:39.820280+00:00"
    ]
  },
  "page_assemble": {
    "scope": "page",
    "count": 11,
    "times": [
      0.0024955198168754578,
      0.0005606552585959435,
      0.0005186563357710838,
      0.0010814955458045006,
      0.0006186952814459801,
      0.0011248281225562096,
      0.0009463401511311531,
      0.0012117810547351837,
      0.0014708982780575752,
      0.019482649862766266,
      0.005706113763153553
    ],
    "start_timestamps": [
      "2026-07-23 20:17:30.367181+00:00",
      "2026-07-23 20:17:39.346278+00:00",
      "2026-07-23 20:17:39.346871+00:00",
      "2026-07-23 20:17:39.347421+00:00",
      "2026-07-23 20:17:39.348525+00:00",
      "2026-07-23 20:17:39.820378+00:00",
      "2026-07-23 20:17:39.821534+00:00",
      "2026-07-23 20:17:39.822501+00:00",
      "2026-07-23 20:17:39.823733+00:00",
      "2026-07-23 20:17:39.825225+00:00",
      "2026-07-23 20:17:39.844734+00:00"
    ]
  },
  "doc_assemble": {
    "scope": "document",
    "count": 1,
    "times": [
      0.04993239790201187
    ],
    "start_timestamps": [
      "2026-07-23 20:17:39.850648+00:00"
    ]
  },
  "reading_order": {
    "scope": "document",
    "count": 1,
    "times": [
      0.04929324425756931
    ],
    "start_timestamps": [
      "2026-07-23 20:17:39.850822+00:00"
    ]
  },
  "doc_enrich": {
    "scope": "document",
    "count": 1,
    "times": [
      46.886804005131125
    ],
    "start_timestamps": [
      "2026-07-23 20:17:39.900612+00:00"
    ]
  }
}
All hyperlinked elements redacted in-memory.
Clean PDF conversion timings:
{
  "pipeline_total": {
    "scope": "document",
    "count": 1,
    "times": [
      60.812649491243064
    ],
    "start_timestamps": [
      "2026-07-23 20:18:27.459837+00:00"
    ]
  },
  "page_parse": {
    "scope": "page",
    "count": 11,
    "times": [
      0.11958746425807476,
      0.14507848769426346,
      0.112485540099442,
      0.5086918594315648,
      0.15192293748259544,
      0.12044921610504389,
      0.14403606485575438,
      0.1675033289939165,
      0.1582472501322627,
      0.11801895312964916,
      0.13223254214972258
    ],
    "start_timestamps": [
      "2026-07-23 20:18:27.465733+00:00",
      "2026-07-23 20:18:27.585362+00:00",
      "2026-07-23 20:18:27.730484+00:00",
      "2026-07-23 20:18:27.843013+00:00",
      "2026-07-23 20:18:28.351746+00:00",
      "2026-07-23 20:18:28.503742+00:00",
      "2026-07-23 20:18:28.624236+00:00",
      "2026-07-23 20:18:28.768328+00:00",
      "2026-07-23 20:18:28.935874+00:00",
      "2026-07-23 20:18:29.094168+00:00",
      "2026-07-23 20:18:29.212231+00:00"
    ]
  },
  "ocr": {
    "scope": "page",
    "count": 11,
    "times": [
      1.9564308980479836,
      1.58049401268363,
      0.12708574626594782,
      0.4692344954237342,
      1.5071311499923468,
      0.688896351493895,
      1.431232993490994,
      0.835381786338985,
      0.12934152130037546,
      0.1270722895860672,
      0.4949926193803549
    ],
    "start_timestamps": [
      "2026-07-23 20:18:27.585710+00:00",
      "2026-07-23 20:18:29.542219+00:00",
      "2026-07-23 20:18:31.122728+00:00",
      "2026-07-23 20:18:31.249822+00:00",
      "2026-07-23 20:18:31.719075+00:00",
      "2026-07-23 20:18:33.226222+00:00",
      "2026-07-23 20:18:33.915134+00:00",
      "2026-07-23 20:18:35.346383+00:00",
      "2026-07-23 20:18:36.181781+00:00",
      "2026-07-23 20:18:36.311134+00:00",
      "2026-07-23 20:18:36.438216+00:00"
    ]
  },
  "layout": {
    "scope": "page",
    "count": 2,
    "times": [
      0.06940921302884817,
      0.1357888039201498
    ],
    "start_timestamps": [
      "2026-07-23 20:18:29.542368+00:00",
      "2026-07-23 20:18:36.933477+00:00"
    ]
  },
  "table_structure": {
    "scope": "page",
    "count": 11,
    "times": [
      2.6679597795009613e-05,
      2.7643516659736633e-05,
      0.4422172084450722,
      0.2737983474507928,
      2.2231601178646088e-05,
      0.47226198203861713,
      2.4176202714443207e-05,
      1.1282041668891907e-05,
      1.3276003301143646e-05,
      3.2531097531318665e-05,
      1.9045546650886536e-05
    ],
    "start_timestamps": [
      "2026-07-23 20:18:29.665662+00:00",
      "2026-07-23 20:18:37.888550+00:00",
      "2026-07-23 20:18:37.888583+00:00",
      "2026-07-23 20:18:38.330816+00:00",
      "2026-07-23 20:18:38.604629+00:00",
      "2026-07-23 20:18:38.604741+00:00",
      "2026-07-23 20:18:39.077019+00:00",
      "2026-07-23 20:18:39.077047+00:00",
      "2026-07-23 20:18:39.077062+00:00",
      "2026-07-23 20:18:39.077295+00:00",
      "2026-07-23 20:18:39.077331+00:00"
    ]
  },
  "page_assemble": {
    "scope": "page",
    "count": 11,
    "times": [
      0.0006430791690945625,
      0.000291287899017334,
      0.00033817626535892487,
      0.0006313472986221313,
      0.0003899941220879555,
      0.0006618564948439598,
      0.000571615993976593,
      0.0006692102178931236,
      0.000652107410132885,
      0.0030521750450134277,
      0.000386958010494709
    ],
    "start_timestamps": [
      "2026-07-23 20:18:29.665748+00:00",
      "2026-07-23 20:18:38.605696+00:00",
      "2026-07-23 20:18:38.606022+00:00",
      "2026-07-23 20:18:38.606386+00:00",
      "2026-07-23 20:18:38.607041+00:00",
      "2026-07-23 20:18:39.077474+00:00",
      "2026-07-23 20:18:39.078173+00:00",
      "2026-07-23 20:18:39.078766+00:00",
      "2026-07-23 20:18:39.079455+00:00",
      "2026-07-23 20:18:39.080127+00:00",
      "2026-07-23 20:18:39.083200+00:00"
    ]
  },
  "doc_assemble": {
    "scope": "document",
    "count": 1,
    "times": [
      0.10242522694170475
    ],
    "start_timestamps": [
      "2026-07-23 20:18:39.083802+00:00"
    ]
  },
  "reading_order": {
    "scope": "document",
    "count": 1,
    "times": [
      0.1017960924655199
    ],
    "start_timestamps": [
      "2026-07-23 20:18:39.083974+00:00"
    ]
  },
  "doc_enrich": {
    "scope": "document",
    "count": 1,
    "times": [
      49.08619990199804
    ],
    "start_timestamps": [
      "2026-07-23 20:18:39.186259+00:00"
    ]
  }
}
Function parse_pdf took 120.3461 seconds to execute.
Running: get_tables
Function get_tables took 0.0001 seconds to execute.
Running: get_surrounding_paragraphs
Function get_surrounding_paragraphs took 0.0001 seconds to execute.
