Running: parse_pdf
Raw PDF conversion timings:
{
  "pipeline_total": {
    "scope": "document",
    "count": 1,
    "times": [
      31.70166774839163
    ],
    "start_timestamps": [
      "2026-07-23 15:27:19.767933+00:00"
    ]
  },
  "page_parse": {
    "scope": "page",
    "count": 6,
    "times": [
      0.1810848331078887,
      0.173913711681962,
      0.30110134836286306,
      0.14409103710204363,
      0.29102996084839106,
      0.37509863916784525
    ],
    "start_timestamps": [
      "2026-07-23 15:27:19.771443+00:00",
      "2026-07-23 15:27:19.952570+00:00",
      "2026-07-23 15:27:20.126524+00:00",
      "2026-07-23 15:27:20.427666+00:00",
      "2026-07-23 15:27:20.571807+00:00",
      "2026-07-23 15:27:20.862892+00:00"
    ]
  },
  "ocr": {
    "scope": "page",
    "count": 6,
    "times": [
      3.9286993257701397,
      3.11499188747257,
      3.4170658458024263,
      3.0198120772838593,
      4.202876732684672,
      3.110017890110612
    ],
    "start_timestamps": [
      "2026-07-23 15:27:19.952864+00:00",
      "2026-07-23 15:27:23.881717+00:00",
      "2026-07-23 15:27:26.996727+00:00",
      "2026-07-23 15:27:30.413808+00:00",
      "2026-07-23 15:27:33.433644+00:00",
      "2026-07-23 15:27:37.636541+00:00"
    ]
  },
  "layout": {
    "scope": "page",
    "count": 2,
    "times": [
      0.05750539340078831,
      0.08002292551100254
    ],
    "start_timestamps": [
      "2026-07-23 15:27:23.881844+00:00",
      "2026-07-23 15:27:40.746801+00:00"
    ]
  },
  "table_structure": {
    "scope": "page",
    "count": 6,
    "times": [
      2.99159437417984e-05,
      4.230998456478119e-05,
      1.1120922863483429e-05,
      0.9466394819319248,
      2.0679086446762085e-05,
      1.8654391169548035e-05
    ],
    "start_timestamps": [
      "2026-07-23 15:27:23.995444+00:00",
      "2026-07-23 15:27:41.094502+00:00",
      "2026-07-23 15:27:41.094552+00:00",
      "2026-07-23 15:27:41.094567+00:00",
      "2026-07-23 15:27:42.041223+00:00",
      "2026-07-23 15:27:42.041517+00:00"
    ]
  },
  "page_assemble": {
    "scope": "page",
    "count": 6,
    "times": [
      0.0008459119126200676,
      0.0003572823479771614,
      0.0003035217523574829,
      0.00016896799206733704,
      0.0003127381205558777,
      0.00032982975244522095
    ],
    "start_timestamps": [
      "2026-07-23 15:27:23.995545+00:00",
      "2026-07-23 15:27:42.041598+00:00",
      "2026-07-23 15:27:42.041989+00:00",
      "2026-07-23 15:27:42.042312+00:00",
      "2026-07-23 15:27:42.042500+00:00",
      "2026-07-23 15:27:42.042837+00:00"
    ]
  },
  "doc_assemble": {
    "scope": "document",
    "count": 1,
    "times": [
      0.0305683771148324
    ],
    "start_timestamps": [
      "2026-07-23 15:27:42.043439+00:00"
    ]
  },
  "reading_order": {
    "scope": "document",
    "count": 1,
    "times": [
      0.030068958178162575
    ],
    "start_timestamps": [
      "2026-07-23 15:27:42.043512+00:00"
    ]
  },
  "doc_enrich": {
    "scope": "document",
    "count": 1,
    "times": [
      9.39553969912231
    ],
    "start_timestamps": [
      "2026-07-23 15:27:42.074038+00:00"
    ]
  }
}
All hyperlinked elements redacted in-memory.
Clean PDF conversion timings:
{
  "pipeline_total": {
    "scope": "document",
    "count": 1,
    "times": [
      31.103727490641177
    ],
    "start_timestamps": [
      "2026-07-23 15:27:51.514605+00:00"
    ]
  },
  "page_parse": {
    "scope": "page",
    "count": 6,
    "times": [
      0.18134894222021103,
      0.17724325973540545,
      0.20057047437876463,
      0.1437731869518757,
      0.2739025419577956,
      0.178525160998106
    ],
    "start_timestamps": [
      "2026-07-23 15:27:51.518060+00:00",
      "2026-07-23 15:27:51.699453+00:00",
      "2026-07-23 15:27:51.876747+00:00",
      "2026-07-23 15:27:52.077358+00:00",
      "2026-07-23 15:27:52.221177+00:00",
      "2026-07-23 15:27:52.495135+00:00"
    ]
  },
  "ocr": {
    "scope": "page",
    "count": 6,
    "times": [
      3.604604158550501,
      3.053314309567213,
      3.3907895935699344,
      3.0096482699736953,
      4.147400321438909,
      2.9949179738759995
    ],
    "start_timestamps": [
      "2026-07-23 15:27:51.699743+00:00",
      "2026-07-23 15:27:55.304490+00:00",
      "2026-07-23 15:27:58.357820+00:00",
      "2026-07-23 15:28:01.748624+00:00",
      "2026-07-23 15:28:04.758288+00:00",
      "2026-07-23 15:28:08.905703+00:00"
    ]
  },
  "layout": {
    "scope": "page",
    "count": 2,
    "times": [
      0.057478698901832104,
      0.07492205779999495
    ],
    "start_timestamps": [
      "2026-07-23 15:27:55.304598+00:00",
      "2026-07-23 15:28:11.900856+00:00"
    ]
  },
  "table_structure": {
    "scope": "page",
    "count": 6,
    "times": [
      2.5768764317035675e-05,
      2.4516135454177856e-05,
      1.1601485311985016e-05,
      0.9370149848982692,
      2.191215753555298e-05,
      1.894589513540268e-05
    ],
    "start_timestamps": [
      "2026-07-23 15:27:55.417280+00:00",
      "2026-07-23 15:28:12.242375+00:00",
      "2026-07-23 15:28:12.242414+00:00",
      "2026-07-23 15:28:12.242430+00:00",
      "2026-07-23 15:28:13.179462+00:00",
      "2026-07-23 15:28:13.179777+00:00"
    ]
  },
  "page_assemble": {
    "scope": "page",
    "count": 6,
    "times": [
      0.00044306274503469467,
      0.0004005925729870796,
      0.00037404242902994156,
      0.00019026827067136765,
      0.00033386796712875366,
      0.0003341780975461006
    ],
    "start_timestamps": [
      "2026-07-23 15:27:55.417388+00:00",
      "2026-07-23 15:28:13.179863+00:00",
      "2026-07-23 15:28:13.180305+00:00",
      "2026-07-23 15:28:13.180704+00:00",
      "2026-07-23 15:28:13.180918+00:00",
      "2026-07-23 15:28:13.181328+00:00"
    ]
  },
  "doc_assemble": {
    "scope": "document",
    "count": 1,
    "times": [
      0.030567453242838383
    ],
    "start_timestamps": [
      "2026-07-23 15:28:13.181867+00:00"
    ]
  },
  "reading_order": {
    "scope": "document",
    "count": 1,
    "times": [
      0.030060510151088238
    ],
    "start_timestamps": [
      "2026-07-23 15:28:13.181952+00:00"
    ]
  },
  "doc_enrich": {
    "scope": "document",
    "count": 1,
    "times": [
      9.40584509447217
    ],
    "start_timestamps": [
      "2026-07-23 15:28:13.212468+00:00"
    ]
  }
}
Function parse_pdf took 62.9407 seconds to execute.
Running: get_tables
Function get_tables took 0.0001 seconds to execute.
Running: get_surrounding_paragraphs
Function get_surrounding_paragraphs took 0.0001 seconds to execute.
