Running: parse_pdf
Raw PDF conversion timings:
{
  "pipeline_total": {
    "scope": "document",
    "count": 1,
    "times": [
      12.274493864737451
    ],
    "start_timestamps": [
      "2026-07-17 20:47:43.977055+00:00"
    ]
  },
  "page_parse": {
    "scope": "page",
    "count": 8,
    "times": [
      0.14189676754176617,
      0.21314466185867786,
      0.15767532959580421,
      0.1931641949340701,
      0.2313036611303687,
      0.2381080836057663,
      0.18974805809557438,
      0.33234391268342733
    ],
    "start_timestamps": [
      "2026-07-17 20:47:43.982942+00:00",
      "2026-07-17 20:47:44.124881+00:00",
      "2026-07-17 20:47:44.338068+00:00",
      "2026-07-17 20:47:44.495784+00:00",
      "2026-07-17 20:47:44.688995+00:00",
      "2026-07-17 20:47:44.920351+00:00",
      "2026-07-17 20:47:45.158503+00:00",
      "2026-07-17 20:47:45.348300+00:00"
    ]
  },
  "ocr": {
    "scope": "page",
    "count": 8,
    "times": [
      0.2228418691083789,
      0.8213593438267708,
      1.1639640042558312,
      1.2962141809985042,
      1.6370453145354986,
      1.3577512223273516,
      1.6057800827547908,
      0.14748517330735922
    ],
    "start_timestamps": [
      "2026-07-17 20:47:44.125246+00:00",
      "2026-07-17 20:47:44.348138+00:00",
      "2026-07-17 20:47:45.169554+00:00",
      "2026-07-17 20:47:46.333535+00:00",
      "2026-07-17 20:47:47.629768+00:00",
      "2026-07-17 20:47:49.266830+00:00",
      "2026-07-17 20:47:50.624640+00:00",
      "2026-07-17 20:47:52.230436+00:00"
    ]
  },
  "layout": {
    "scope": "page",
    "count": 4,
    "times": [
      0.36027622129768133,
      0.1866274457424879,
      0.07464823126792908,
      0.0918097821995616
    ],
    "start_timestamps": [
      "2026-07-17 20:47:44.348254+00:00",
      "2026-07-17 20:47:45.169630+00:00",
      "2026-07-17 20:47:50.624725+00:00",
      "2026-07-17 20:47:52.378148+00:00"
    ]
  },
  "table_structure": {
    "scope": "page",
    "count": 8,
    "times": [
      1.8503516912460327e-05,
      5.892198532819748e-05,
      0.938341872766614,
      1.1273435968905687,
      2.367515116930008e-05,
      0.8966000005602837,
      2.379436045885086e-05,
      1.3143755495548248e-05
    ],
    "start_timestamps": [
      "2026-07-17 20:47:45.008118+00:00",
      "2026-07-17 20:47:45.688026+00:00",
      "2026-07-17 20:47:51.160127+00:00",
      "2026-07-17 20:47:52.098484+00:00",
      "2026-07-17 20:47:53.225846+00:00",
      "2026-07-17 20:47:53.225873+00:00",
      "2026-07-17 20:47:54.122618+00:00",
      "2026-07-17 20:47:54.122645+00:00"
    ]
  },
  "page_assemble": {
    "scope": "page",
    "count": 8,
    "times": [
      0.0034733954817056656,
      0.0009876592084765434,
      0.0007188525050878525,
      0.000668797641992569,
      0.0003588749095797539,
      0.0005072243511676788,
      0.04148779530078173,
      0.10882293526083231
    ],
    "start_timestamps": [
      "2026-07-17 20:47:45.008192+00:00",
      "2026-07-17 20:47:45.688140+00:00",
      "2026-07-17 20:47:54.122798+00:00",
      "2026-07-17 20:47:54.123575+00:00",
      "2026-07-17 20:47:54.124272+00:00",
      "2026-07-17 20:47:54.124667+00:00",
      "2026-07-17 20:47:54.125197+00:00",
      "2026-07-17 20:47:54.166713+00:00"
    ]
  },
  "doc_assemble": {
    "scope": "document",
    "count": 1,
    "times": [
      0.3657336886972189
    ],
    "start_timestamps": [
      "2026-07-17 20:47:54.275764+00:00"
    ]
  },
  "reading_order": {
    "scope": "document",
    "count": 1,
    "times": [
      0.3651124509051442
    ],
    "start_timestamps": [
      "2026-07-17 20:47:54.275879+00:00"
    ]
  },
  "doc_enrich": {
    "scope": "document",
    "count": 1,
    "times": [
      1.6099995924159884
    ],
    "start_timestamps": [
      "2026-07-17 20:47:54.641528+00:00"
    ]
  }
}
All hyperlinked elements redacted in-memory.
Clean PDF conversion timings:
{
  "pipeline_total": {
    "scope": "document",
    "count": 1,
    "times": [
      11.31764661706984
    ],
    "start_timestamps": [
      "2026-07-17 20:48:02.672837+00:00"
    ]
  },
  "page_parse": {
    "scope": "page",
    "count": 8,
    "times": [
      0.13824693206697702,
      0.21518184524029493,
      0.15378765296190977,
      0.19091357104480267,
      0.2262830175459385,
      0.2503357231616974,
      0.13351840060204268,
      0.05901564937084913
    ],
    "start_timestamps": [
      "2026-07-17 20:48:02.677919+00:00",
      "2026-07-17 20:48:02.816212+00:00",
      "2026-07-17 20:48:03.031453+00:00",
      "2026-07-17 20:48:03.185282+00:00",
      "2026-07-17 20:48:03.376243+00:00",
      "2026-07-17 20:48:03.602569+00:00",
      "2026-07-17 20:48:03.852953+00:00",
      "2026-07-17 20:48:03.986519+00:00"
    ]
  },
  "ocr": {
    "scope": "page",
    "count": 8,
    "times": [
      0.22647364158183336,
      0.8318113191053271,
      0.9425972523167729,
      1.0715616224333644,
      1.3896498549729586,
      1.3583866627886891,
      1.7967389523983002,
      0.1308252215385437
    ],
    "start_timestamps": [
      "2026-07-17 20:48:02.816563+00:00",
      "2026-07-17 20:48:03.043091+00:00",
      "2026-07-17 20:48:03.874956+00:00",
      "2026-07-17 20:48:04.817569+00:00",
      "2026-07-17 20:48:05.889149+00:00",
      "2026-07-17 20:48:07.278816+00:00",
      "2026-07-17 20:48:08.637272+00:00",
      "2026-07-17 20:48:10.434028+00:00"
    ]
  },
  "layout": {
    "scope": "page",
    "count": 4,
    "times": [
      0.3607419366016984,
      0.17409279569983482,
      0.07472820673137903,
      0.08274457231163979
    ],
    "start_timestamps": [
      "2026-07-17 20:48:03.043353+00:00",
      "2026-07-17 20:48:03.875023+00:00",
      "2026-07-17 20:48:08.637387+00:00",
      "2026-07-17 20:48:10.565096+00:00"
    ]
  },
  "table_structure": {
    "scope": "page",
    "count": 8,
    "times": [
      1.7072074115276337e-05,
      2.7582049369812012e-05,
      0.7416114071384072,
      1.2014061091467738,
      2.2922642529010773e-05,
      0.895854277536273,
      2.63899564743042e-05,
      0.29106143303215504
    ],
    "start_timestamps": [
      "2026-07-17 20:48:03.865479+00:00",
      "2026-07-17 20:48:04.201233+00:00",
      "2026-07-17 20:48:09.210890+00:00",
      "2026-07-17 20:48:09.952516+00:00",
      "2026-07-17 20:48:11.153937+00:00",
      "2026-07-17 20:48:11.153963+00:00",
      "2026-07-17 20:48:12.049959+00:00",
      "2026-07-17 20:48:12.049989+00:00"
    ]
  },
  "page_assemble": {
    "scope": "page",
    "count": 8,
    "times": [
      0.0007821712642908096,
      0.0006780670955777168,
      0.0006066318601369858,
      0.0006902683526277542,
      0.00032678525894880295,
      0.0004298985004425049,
      0.0005478998646140099,
      2.6720575988292694e-05
    ],
    "start_timestamps": [
      "2026-07-17 20:48:03.865560+00:00",
      "2026-07-17 20:48:04.201303+00:00",
      "2026-07-17 20:48:12.050699+00:00",
      "2026-07-17 20:48:12.051353+00:00",
      "2026-07-17 20:48:12.052067+00:00",
      "2026-07-17 20:48:12.052421+00:00",
      "2026-07-17 20:48:12.341222+00:00",
      "2026-07-17 20:48:12.341805+00:00"
    ]
  },
  "doc_assemble": {
    "scope": "document",
    "count": 1,
    "times": [
      0.03663291782140732
    ],
    "start_timestamps": [
      "2026-07-17 20:48:12.344293+00:00"
    ]
  },
  "reading_order": {
    "scope": "document",
    "count": 1,
    "times": [
      0.03603329882025719
    ],
    "start_timestamps": [
      "2026-07-17 20:48:12.344450+00:00"
    ]
  },
  "doc_enrich": {
    "scope": "document",
    "count": 1,
    "times": [
      1.6095135547220707
    ],
    "start_timestamps": [
      "2026-07-17 20:48:12.380949+00:00"
    ]
  }
}
Function parse_pdf took 30.3351 seconds to execute.
Running: get_tables
Function get_tables took 0.0001 seconds to execute.
Running: get_surrounding_paragraphs
Function get_surrounding_paragraphs took 0.0001 seconds to execute.
