Running: parse_pdf
Raw PDF conversion timings:
{
  "pipeline_total": {
    "scope": "document",
    "count": 1,
    "times": [
      8.220816351473331
    ],
    "start_timestamps": [
      "2026-07-23 18:02:52.687081+00:00"
    ]
  },
  "page_parse": {
    "scope": "page",
    "count": 6,
    "times": [
      0.09229108691215515,
      0.09728413354605436,
      0.09545244555920362,
      0.09466704912483692,
      0.05727570690214634,
      0.06021662149578333
    ],
    "start_timestamps": [
      "2026-07-23 18:02:52.692635+00:00",
      "2026-07-23 18:02:52.784968+00:00",
      "2026-07-23 18:02:52.882293+00:00",
      "2026-07-23 18:02:52.977790+00:00",
      "2026-07-23 18:02:53.072501+00:00",
      "2026-07-23 18:02:53.129823+00:00"
    ]
  },
  "ocr": {
    "scope": "page",
    "count": 6,
    "times": [
      1.7383956843987107,
      1.4245237819850445,
      0.7832775581628084,
      0.9418501686304808,
      0.5823974050581455,
      0.9471301548182964
    ],
    "start_timestamps": [
      "2026-07-23 18:02:52.785271+00:00",
      "2026-07-23 18:02:54.523761+00:00",
      "2026-07-23 18:02:55.948301+00:00",
      "2026-07-23 18:02:56.731595+00:00",
      "2026-07-23 18:02:57.673461+00:00",
      "2026-07-23 18:02:58.255873+00:00"
    ]
  },
  "layout": {
    "scope": "page",
    "count": 2,
    "times": [
      0.07784149702638388,
      0.07908072881400585
    ],
    "start_timestamps": [
      "2026-07-23 18:02:54.523840+00:00",
      "2026-07-23 18:02:59.203179+00:00"
    ]
  },
  "table_structure": {
    "scope": "page",
    "count": 6,
    "times": [
      2.1129846572875977e-05,
      2.615898847579956e-05,
      9.11857932806015e-06,
      8.296221494674683e-06,
      8.17514955997467e-06,
      9.927898645401001e-06
    ],
    "start_timestamps": [
      "2026-07-23 18:02:54.663068+00:00",
      "2026-07-23 18:02:59.458991+00:00",
      "2026-07-23 18:02:59.459021+00:00",
      "2026-07-23 18:02:59.459035+00:00",
      "2026-07-23 18:02:59.459047+00:00",
      "2026-07-23 18:02:59.459093+00:00"
    ]
  },
  "page_assemble": {
    "scope": "page",
    "count": 6,
    "times": [
      0.0022759735584259033,
      0.0005786577239632607,
      0.0004823971539735794,
      0.003009623847901821,
      0.004672802984714508,
      0.00020636804401874542
    ],
    "start_timestamps": [
      "2026-07-23 18:02:54.663152+00:00",
      "2026-07-23 18:02:59.459166+00:00",
      "2026-07-23 18:02:59.459780+00:00",
      "2026-07-23 18:02:59.460289+00:00",
      "2026-07-23 18:02:59.463320+00:00",
      "2026-07-23 18:02:59.468019+00:00"
    ]
  },
  "doc_assemble": {
    "scope": "document",
    "count": 1,
    "times": [
      0.028155911713838577
    ],
    "start_timestamps": [
      "2026-07-23 18:02:59.468377+00:00"
    ]
  },
  "reading_order": {
    "scope": "document",
    "count": 1,
    "times": [
      0.027668293565511703
    ],
    "start_timestamps": [
      "2026-07-23 18:02:59.468481+00:00"
    ]
  },
  "doc_enrich": {
    "scope": "document",
    "count": 1,
    "times": [
      1.41132053732872
    ],
    "start_timestamps": [
      "2026-07-23 18:02:59.496557+00:00"
    ]
  }
}
All hyperlinked elements redacted in-memory.
Clean PDF conversion timings:
{
  "pipeline_total": {
    "scope": "document",
    "count": 1,
    "times": [
      8.071246090345085
    ],
    "start_timestamps": [
      "2026-07-23 18:03:01.072725+00:00"
    ]
  },
  "page_parse": {
    "scope": "page",
    "count": 6,
    "times": [
      0.09110802132636309,
      0.09722307790070772,
      0.09505169279873371,
      0.0913730300962925,
      0.04683587234467268,
      0.05888246092945337
    ],
    "start_timestamps": [
      "2026-07-23 18:03:01.077958+00:00",
      "2026-07-23 18:03:01.169110+00:00",
      "2026-07-23 18:03:01.266374+00:00",
      "2026-07-23 18:03:01.361472+00:00",
      "2026-07-23 18:03:01.452885+00:00",
      "2026-07-23 18:03:01.499766+00:00"
    ]
  },
  "ocr": {
    "scope": "page",
    "count": 6,
    "times": [
      1.6782659655436873,
      1.4080824526026845,
      0.779186730273068,
      0.9107872797176242,
      0.5757526867091656,
      0.9348523421213031
    ],
    "start_timestamps": [
      "2026-07-23 18:03:01.169463+00:00",
      "2026-07-23 18:03:02.847803+00:00",
      "2026-07-23 18:03:04.255900+00:00",
      "2026-07-23 18:03:05.035104+00:00",
      "2026-07-23 18:03:05.945907+00:00",
      "2026-07-23 18:03:06.521676+00:00"
    ]
  },
  "layout": {
    "scope": "page",
    "count": 2,
    "times": [
      0.07077173329889774,
      0.0783784156665206
    ],
    "start_timestamps": [
      "2026-07-23 18:03:02.847877+00:00",
      "2026-07-23 18:03:07.456690+00:00"
    ]
  },
  "table_structure": {
    "scope": "page",
    "count": 6,
    "times": [
      2.1510757505893707e-05,
      2.622883766889572e-05,
      1.4706514775753021e-05,
      1.0809861123561859e-05,
      1.0249204933643341e-05,
      9.49762761592865e-06
    ],
    "start_timestamps": [
      "2026-07-23 18:03:02.979949+00:00",
      "2026-07-23 18:03:07.694270+00:00",
      "2026-07-23 18:03:07.694301+00:00",
      "2026-07-23 18:03:07.694320+00:00",
      "2026-07-23 18:03:07.694335+00:00",
      "2026-07-23 18:03:07.694383+00:00"
    ]
  },
  "page_assemble": {
    "scope": "page",
    "count": 6,
    "times": [
      0.00035445764660835266,
      0.0003640754148364067,
      0.0002692565321922302,
      0.00021646730601787567,
      0.00019708089530467987,
      9.772460907697678e-05
    ],
    "start_timestamps": [
      "2026-07-23 18:03:02.980024+00:00",
      "2026-07-23 18:03:07.694468+00:00",
      "2026-07-23 18:03:07.694867+00:00",
      "2026-07-23 18:03:07.695156+00:00",
      "2026-07-23 18:03:07.695391+00:00",
      "2026-07-23 18:03:07.695607+00:00"
    ]
  },
  "doc_assemble": {
    "scope": "document",
    "count": 1,
    "times": [
      0.035179538652300835
    ],
    "start_timestamps": [
      "2026-07-23 18:03:07.695850+00:00"
    ]
  },
  "reading_order": {
    "scope": "document",
    "count": 1,
    "times": [
      0.03473188541829586
    ],
    "start_timestamps": [
      "2026-07-23 18:03:07.695934+00:00"
    ]
  },
  "doc_enrich": {
    "scope": "document",
    "count": 1,
    "times": [
      1.4129005055874586
    ],
    "start_timestamps": [
      "2026-07-23 18:03:07.731054+00:00"
    ]
  }
}
Function parse_pdf took 16.7496 seconds to execute.
Running: get_tables
Function get_tables took 0.0000 seconds to execute.
Running: get_surrounding_paragraphs
Function get_surrounding_paragraphs took 0.0000 seconds to execute.
