Running: parse_pdf
Raw PDF conversion timings:
{
  "pipeline_total": {
    "scope": "document",
    "count": 1,
    "times": [
      7.532384698279202
    ],
    "start_timestamps": [
      "2026-07-17 18:26:09.347515+00:00"
    ]
  },
  "page_parse": {
    "scope": "page",
    "count": 8,
    "times": [
      0.06239497475326061,
      0.06138607673346996,
      0.0493109580129385,
      0.02187522780150175,
      0.047827727161347866,
      0.03934380505234003,
      0.04453969094902277,
      0.03101387247443199
    ],
    "start_timestamps": [
      "2026-07-17 18:26:09.351030+00:00",
      "2026-07-17 18:26:09.413461+00:00",
      "2026-07-17 18:26:09.474883+00:00",
      "2026-07-17 18:26:09.524229+00:00",
      "2026-07-17 18:26:09.546135+00:00",
      "2026-07-17 18:26:09.594004+00:00",
      "2026-07-17 18:26:09.633385+00:00",
      "2026-07-17 18:26:09.677966+00:00"
    ]
  },
  "ocr": {
    "scope": "page",
    "count": 8,
    "times": [
      0.13324885349720716,
      0.13538386207073927,
      0.12658394407480955,
      0.1239289091899991,
      0.12828439474105835,
      0.1294904425740242,
      0.12934491969645023,
      0.126482293009758
    ],
    "start_timestamps": [
      "2026-07-17 18:26:09.413790+00:00",
      "2026-07-17 18:26:09.547069+00:00",
      "2026-07-17 18:26:09.682465+00:00",
      "2026-07-17 18:26:09.809060+00:00",
      "2026-07-17 18:26:09.933032+00:00",
      "2026-07-17 18:26:10.061336+00:00",
      "2026-07-17 18:26:10.190844+00:00",
      "2026-07-17 18:26:10.320202+00:00"
    ]
  },
  "layout": {
    "scope": "page",
    "count": 3,
    "times": [
      0.1422472046688199,
      0.06421978771686554,
      0.09434549883008003
    ],
    "start_timestamps": [
      "2026-07-17 18:26:09.547145+00:00",
      "2026-07-17 18:26:09.933136+00:00",
      "2026-07-17 18:26:10.446844+00:00"
    ]
  },
  "table_structure": {
    "scope": "page",
    "count": 8,
    "times": [
      6.596464663743973e-05,
      2.8594397008419037e-05,
      0.6558591527864337,
      2.2181309759616852e-05,
      0.5375514402985573,
      2.7832575142383575e-05,
      1.0350719094276428e-05,
      6.543472409248352e-06
    ],
    "start_timestamps": [
      "2026-07-17 18:26:09.709407+00:00",
      "2026-07-17 18:26:10.021180+00:00",
      "2026-07-17 18:26:10.021215+00:00",
      "2026-07-17 18:26:10.677095+00:00",
      "2026-07-17 18:26:10.677433+00:00",
      "2026-07-17 18:26:11.215004+00:00",
      "2026-07-17 18:26:11.215035+00:00",
      "2026-07-17 18:26:11.215049+00:00"
    ]
  },
  "page_assemble": {
    "scope": "page",
    "count": 8,
    "times": [
      0.00026248395442962646,
      0.0002619633451104164,
      0.00016570277512073517,
      4.200916737318039e-05,
      0.00013775937259197235,
      0.00025785528123378754,
      0.0001801084727048874,
      8.076243102550507e-05
    ],
    "start_timestamps": [
      "2026-07-17 18:26:09.709528+00:00",
      "2026-07-17 18:26:10.677507+00:00",
      "2026-07-17 18:26:10.677810+00:00",
      "2026-07-17 18:26:10.678002+00:00",
      "2026-07-17 18:26:11.215521+00:00",
      "2026-07-17 18:26:11.215699+00:00",
      "2026-07-17 18:26:11.215979+00:00",
      "2026-07-17 18:26:11.216180+00:00"
    ]
  },
  "doc_assemble": {
    "scope": "document",
    "count": 1,
    "times": [
      0.014864087104797363
    ],
    "start_timestamps": [
      "2026-07-17 18:26:11.216622+00:00"
    ]
  },
  "reading_order": {
    "scope": "document",
    "count": 1,
    "times": [
      0.014327467419207096
    ],
    "start_timestamps": [
      "2026-07-17 18:26:11.216773+00:00"
    ]
  },
  "doc_enrich": {
    "scope": "document",
    "count": 1,
    "times": [
      5.648369098082185
    ],
    "start_timestamps": [
      "2026-07-17 18:26:11.231509+00:00"
    ]
  }
}
All hyperlinked elements redacted in-memory.
Clean PDF conversion timings:
{
  "pipeline_total": {
    "scope": "document",
    "count": 1,
    "times": [
      7.506528992205858
    ],
    "start_timestamps": [
      "2026-07-17 18:26:16.933189+00:00"
    ]
  },
  "page_parse": {
    "scope": "page",
    "count": 8,
    "times": [
      0.039261700585484505,
      0.05840484704822302,
      0.050281173549592495,
      0.02136262319982052,
      0.05192130897194147,
      0.03428761102259159,
      0.04511587508022785,
      0.02806980162858963
    ],
    "start_timestamps": [
      "2026-07-17 18:26:16.936610+00:00",
      "2026-07-17 18:26:16.975910+00:00",
      "2026-07-17 18:26:17.034350+00:00",
      "2026-07-17 18:26:17.084666+00:00",
      "2026-07-17 18:26:17.106061+00:00",
      "2026-07-17 18:26:17.158025+00:00",
      "2026-07-17 18:26:17.192348+00:00",
      "2026-07-17 18:26:17.237502+00:00"
    ]
  },
  "ocr": {
    "scope": "page",
    "count": 8,
    "times": [
      0.13373831659555435,
      0.13234529457986355,
      0.12692855298519135,
      0.12773657403886318,
      0.12943104095757008,
      0.12787517346441746,
      0.12589050829410553,
      0.12481444515287876
    ],
    "start_timestamps": [
      "2026-07-17 18:26:16.976172+00:00",
      "2026-07-17 18:26:17.109961+00:00",
      "2026-07-17 18:26:17.242324+00:00",
      "2026-07-17 18:26:17.369262+00:00",
      "2026-07-17 18:26:17.497038+00:00",
      "2026-07-17 18:26:17.626493+00:00",
      "2026-07-17 18:26:17.754386+00:00",
      "2026-07-17 18:26:17.880290+00:00"
    ]
  },
  "layout": {
    "scope": "page",
    "count": 3,
    "times": [
      0.15694778319448233,
      0.06332895159721375,
      0.08556586969643831
    ],
    "start_timestamps": [
      "2026-07-17 18:26:17.110026+00:00",
      "2026-07-17 18:26:17.497100+00:00",
      "2026-07-17 18:26:18.005259+00:00"
    ]
  },
  "table_structure": {
    "scope": "page",
    "count": 8,
    "times": [
      1.3886019587516785e-05,
      1.9856728613376617e-05,
      0.6511709131300449,
      1.7493031919002533e-05,
      0.5349900107830763,
      1.9826926290988922e-05,
      6.913207471370697e-06,
      4.2887404561042786e-06
    ],
    "start_timestamps": [
      "2026-07-17 18:26:17.273750+00:00",
      "2026-07-17 18:26:17.583574+00:00",
      "2026-07-17 18:26:17.583598+00:00",
      "2026-07-17 18:26:18.234782+00:00",
      "2026-07-17 18:26:18.234998+00:00",
      "2026-07-17 18:26:18.770007+00:00",
      "2026-07-17 18:26:18.770030+00:00",
      "2026-07-17 18:26:18.770041+00:00"
    ]
  },
  "page_assemble": {
    "scope": "page",
    "count": 8,
    "times": [
      0.00014927145093679428,
      0.00019641034305095673,
      0.00013030506670475006,
      3.645848482847214e-05,
      0.00014262832701206207,
      0.0002337796613574028,
      0.00017454847693443298,
      6.808806210756302e-05
    ],
    "start_timestamps": [
      "2026-07-17 18:26:17.273818+00:00",
      "2026-07-17 18:26:18.236152+00:00",
      "2026-07-17 18:26:18.236384+00:00",
      "2026-07-17 18:26:18.236538+00:00",
      "2026-07-17 18:26:18.770365+00:00",
      "2026-07-17 18:26:18.770557+00:00",
      "2026-07-17 18:26:18.770817+00:00",
      "2026-07-17 18:26:18.771013+00:00"
    ]
  },
  "doc_assemble": {
    "scope": "document",
    "count": 1,
    "times": [
      0.014101671986281872
    ],
    "start_timestamps": [
      "2026-07-17 18:26:18.771263+00:00"
    ]
  },
  "reading_order": {
    "scope": "document",
    "count": 1,
    "times": [
      0.013674167916178703
    ],
    "start_timestamps": [
      "2026-07-17 18:26:18.771307+00:00"
    ]
  },
  "doc_enrich": {
    "scope": "document",
    "count": 1,
    "times": [
      5.654306180775166
    ],
    "start_timestamps": [
      "2026-07-17 18:26:18.785389+00:00"
    ]
  }
}
Function parse_pdf took 15.1424 seconds to execute.
Running: get_tables
Function get_tables took 0.0000 seconds to execute.
Running: get_surrounding_paragraphs
Function get_surrounding_paragraphs took 0.0000 seconds to execute.
