Running: parse_pdf
Raw PDF conversion timings:
{
  "pipeline_total": {
    "scope": "document",
    "count": 1,
    "times": [
      4.015922837890685
    ],
    "start_timestamps": [
      "2026-07-23 17:59:37.566938+00:00"
    ]
  },
  "page_parse": {
    "scope": "page",
    "count": 5,
    "times": [
      0.14660190604627132,
      0.22259086277335882,
      0.18894534278661013,
      0.17627771385014057,
      0.2717543141916394
    ],
    "start_timestamps": [
      "2026-07-23 17:59:37.572105+00:00",
      "2026-07-23 17:59:37.718751+00:00",
      "2026-07-23 17:59:37.941387+00:00",
      "2026-07-23 17:59:38.130375+00:00",
      "2026-07-23 17:59:38.306695+00:00"
    ]
  },
  "ocr": {
    "scope": "page",
    "count": 5,
    "times": [
      0.24060590378940105,
      0.3608250105753541,
      1.2304066261276603,
      0.7862512543797493,
      0.2930065104737878
    ],
    "start_timestamps": [
      "2026-07-23 17:59:37.719075+00:00",
      "2026-07-23 17:59:37.959723+00:00",
      "2026-07-23 17:59:38.320586+00:00",
      "2026-07-23 17:59:39.551010+00:00",
      "2026-07-23 17:59:40.337311+00:00"
    ]
  },
  "layout": {
    "scope": "page",
    "count": 4,
    "times": [
      0.6210836386308074,
      0.0878595057874918,
      0.05795058887451887,
      0.02630350086838007
    ],
    "start_timestamps": [
      "2026-07-23 17:59:37.959832+00:00",
      "2026-07-23 17:59:38.826045+00:00",
      "2026-07-23 17:59:40.337390+00:00",
      "2026-07-23 17:59:40.630446+00:00"
    ]
  },
  "table_structure": {
    "scope": "page",
    "count": 5,
    "times": [
      1.5087425708770752e-05,
      2.6399269700050354e-05,
      2.5789253413677216e-05,
      0.7990592485293746,
      2.4255365133285522e-05
    ],
    "start_timestamps": [
      "2026-07-23 17:59:38.826147+00:00",
      "2026-07-23 17:59:39.069767+00:00",
      "2026-07-23 17:59:40.593266+00:00",
      "2026-07-23 17:59:40.593297+00:00",
      "2026-07-23 17:59:41.392466+00:00"
    ]
  },
  "page_assemble": {
    "scope": "page",
    "count": 5,
    "times": [
      0.0013021109625697136,
      0.0006471872329711914,
      0.0007704086601734161,
      0.0005684597417712212,
      0.1591169284656644
    ],
    "start_timestamps": [
      "2026-07-23 17:59:38.826239+00:00",
      "2026-07-23 17:59:39.069839+00:00",
      "2026-07-23 17:59:41.392572+00:00",
      "2026-07-23 17:59:41.393380+00:00",
      "2026-07-23 17:59:41.393975+00:00"
    ]
  },
  "doc_assemble": {
    "scope": "document",
    "count": 1,
    "times": [
      0.027996296994388103
    ],
    "start_timestamps": [
      "2026-07-23 17:59:41.553278+00:00"
    ]
  },
  "reading_order": {
    "scope": "document",
    "count": 1,
    "times": [
      0.027550678700208664
    ],
    "start_timestamps": [
      "2026-07-23 17:59:41.553364+00:00"
    ]
  },
  "doc_enrich": {
    "scope": "document",
    "count": 1,
    "times": [
      0.001558554358780384
    ],
    "start_timestamps": [
      "2026-07-23 17:59:41.581297+00:00"
    ]
  }
}
All hyperlinked elements redacted in-memory.
Clean PDF conversion timings:
{
  "pipeline_total": {
    "scope": "document",
    "count": 1,
    "times": [
      4.458264612592757
    ],
    "start_timestamps": [
      "2026-07-23 17:59:48.250413+00:00"
    ]
  },
  "page_parse": {
    "scope": "page",
    "count": 5,
    "times": [
      0.14155659917742014,
      0.22101378999650478,
      0.5099391136318445,
      0.1732041323557496,
      0.11286765336990356
    ],
    "start_timestamps": [
      "2026-07-23 17:59:48.256245+00:00",
      "2026-07-23 17:59:48.397849+00:00",
      "2026-07-23 17:59:48.618906+00:00",
      "2026-07-23 17:59:49.128887+00:00",
      "2026-07-23 17:59:49.302137+00:00"
    ]
  },
  "ocr": {
    "scope": "page",
    "count": 5,
    "times": [
      0.23823168966919184,
      0.6833572993054986,
      1.1416139379143715,
      0.7989440094679594,
      0.29717038944363594
    ],
    "start_timestamps": [
      "2026-07-23 17:59:48.397959+00:00",
      "2026-07-23 17:59:48.636237+00:00",
      "2026-07-23 17:59:49.319636+00:00",
      "2026-07-23 17:59:50.461266+00:00",
      "2026-07-23 17:59:51.260278+00:00"
    ]
  },
  "layout": {
    "scope": "page",
    "count": 4,
    "times": [
      0.789626594632864,
      0.07089928537607193,
      0.05886582378298044,
      0.026029777713119984
    ],
    "start_timestamps": [
      "2026-07-23 17:59:48.636331+00:00",
      "2026-07-23 17:59:49.674280+00:00",
      "2026-07-23 17:59:51.260359+00:00",
      "2026-07-23 17:59:51.557557+00:00"
    ]
  },
  "table_structure": {
    "scope": "page",
    "count": 5,
    "times": [
      3.717001527547836e-05,
      2.7691945433616638e-05,
      2.640020102262497e-05,
      0.5918583068996668,
      0.5549192382022738
    ],
    "start_timestamps": [
      "2026-07-23 17:59:49.674630+00:00",
      "2026-07-23 17:59:49.903912+00:00",
      "2026-07-23 17:59:51.538277+00:00",
      "2026-07-23 17:59:51.538308+00:00",
      "2026-07-23 17:59:52.130279+00:00"
    ]
  },
  "page_assemble": {
    "scope": "page",
    "count": 5,
    "times": [
      0.0006380416452884674,
      0.0005767745897173882,
      0.0006957491859793663,
      0.0005365200340747833,
      0.00029680877923965454
    ],
    "start_timestamps": [
      "2026-07-23 17:59:49.674747+00:00",
      "2026-07-23 17:59:49.903981+00:00",
      "2026-07-23 17:59:52.131474+00:00",
      "2026-07-23 17:59:52.132203+00:00",
      "2026-07-23 17:59:52.685381+00:00"
    ]
  },
  "doc_assemble": {
    "scope": "document",
    "count": 1,
    "times": [
      0.021450177766382694
    ],
    "start_timestamps": [
      "2026-07-23 17:59:52.685873+00:00"
    ]
  },
  "reading_order": {
    "scope": "document",
    "count": 1,
    "times": [
      0.020995423197746277
    ],
    "start_timestamps": [
      "2026-07-23 17:59:52.685952+00:00"
    ]
  },
  "doc_enrich": {
    "scope": "document",
    "count": 1,
    "times": [
      0.0013217469677329063
    ],
    "start_timestamps": [
      "2026-07-23 17:59:52.707348+00:00"
    ]
  }
}
Function parse_pdf took 15.2539 seconds to execute.
Running: get_tables
Function get_tables took 0.0001 seconds to execute.
Running: get_surrounding_paragraphs
Function get_surrounding_paragraphs took 0.0001 seconds to execute.
