Running: parse_pdf
Raw PDF conversion timings:
{
  "pipeline_total": {
    "scope": "document",
    "count": 1,
    "times": [
      51.656245993450284
    ],
    "start_timestamps": [
      "2026-07-23 18:44:30.593173+00:00"
    ]
  },
  "page_parse": {
    "scope": "page",
    "count": 7,
    "times": [
      0.11347621958702803,
      0.11000318359583616,
      0.12589252181351185,
      0.18255993258208036,
      0.1777024995535612,
      0.09329771902412176,
      0.07647415343672037
    ],
    "start_timestamps": [
      "2026-07-23 18:44:30.600801+00:00",
      "2026-07-23 18:44:30.714319+00:00",
      "2026-07-23 18:44:30.824364+00:00",
      "2026-07-23 18:44:30.950298+00:00",
      "2026-07-23 18:44:31.132903+00:00",
      "2026-07-23 18:44:31.310648+00:00",
      "2026-07-23 18:44:31.403987+00:00"
    ]
  },
  "ocr": {
    "scope": "page",
    "count": 7,
    "times": [
      0.9924954799935222,
      0.4495017630979419,
      0.4697951106354594,
      1.5333593292161822,
      0.12913596630096436,
      0.1259678928181529,
      0.13313880003988743
    ],
    "start_timestamps": [
      "2026-07-23 18:44:30.714662+00:00",
      "2026-07-23 18:44:31.707253+00:00",
      "2026-07-23 18:44:32.156770+00:00",
      "2026-07-23 18:44:32.626581+00:00",
      "2026-07-23 18:44:34.159955+00:00",
      "2026-07-23 18:44:34.289099+00:00",
      "2026-07-23 18:44:34.415077+00:00"
    ]
  },
  "layout": {
    "scope": "page",
    "count": 2,
    "times": [
      0.06812882609665394,
      0.08331426791846752
    ],
    "start_timestamps": [
      "2026-07-23 18:44:31.707328+00:00",
      "2026-07-23 18:44:34.548373+00:00"
    ]
  },
  "table_structure": {
    "scope": "page",
    "count": 7,
    "times": [
      2.0930543541908264e-05,
      0.36946230940520763,
      2.2562220692634583e-05,
      7.874332368373871e-06,
      0.671934075653553,
      3.4475699067115784e-05,
      1.4387071132659912e-05
    ],
    "start_timestamps": [
      "2026-07-23 18:44:31.846202+00:00",
      "2026-07-23 18:44:35.102239+00:00",
      "2026-07-23 18:44:35.471714+00:00",
      "2026-07-23 18:44:35.471739+00:00",
      "2026-07-23 18:44:35.471751+00:00",
      "2026-07-23 18:44:36.143888+00:00",
      "2026-07-23 18:44:36.143925+00:00"
    ]
  },
  "page_assemble": {
    "scope": "page",
    "count": 7,
    "times": [
      0.002654275856912136,
      0.0023906398564577103,
      0.0016390951350331306,
      0.00042200367897748947,
      0.001096353866159916,
      0.009356080554425716,
      0.010098067112267017
    ],
    "start_timestamps": [
      "2026-07-23 18:44:31.846278+00:00",
      "2026-07-23 18:44:36.144023+00:00",
      "2026-07-23 18:44:36.146449+00:00",
      "2026-07-23 18:44:36.148110+00:00",
      "2026-07-23 18:44:36.148552+00:00",
      "2026-07-23 18:44:36.149670+00:00",
      "2026-07-23 18:44:36.159056+00:00"
    ]
  },
  "doc_assemble": {
    "scope": "document",
    "count": 1,
    "times": [
      0.04334941413253546
    ],
    "start_timestamps": [
      "2026-07-23 18:44:36.169334+00:00"
    ]
  },
  "reading_order": {
    "scope": "document",
    "count": 1,
    "times": [
      0.04282411653548479
    ],
    "start_timestamps": [
      "2026-07-23 18:44:36.169451+00:00"
    ]
  },
  "doc_enrich": {
    "scope": "document",
    "count": 1,
    "times": [
      46.036661522462964
    ],
    "start_timestamps": [
      "2026-07-23 18:44:36.212708+00:00"
    ]
  }
}
All hyperlinked elements redacted in-memory.
Clean PDF conversion timings:
{
  "pipeline_total": {
    "scope": "document",
    "count": 1,
    "times": [
      90.59330581501126
    ],
    "start_timestamps": [
      "2026-07-23 18:45:22.709593+00:00"
    ]
  },
  "page_parse": {
    "scope": "page",
    "count": 7,
    "times": [
      0.10990356560796499,
      0.10739414114505053,
      0.12562939897179604,
      0.28459308948367834,
      0.1524041322991252,
      0.09147392027080059,
      0.052420953288674355
    ],
    "start_timestamps": [
      "2026-07-23 18:45:22.717327+00:00",
      "2026-07-23 18:45:22.827273+00:00",
      "2026-07-23 18:45:22.934710+00:00",
      "2026-07-23 18:45:23.060387+00:00",
      "2026-07-23 18:45:23.345029+00:00",
      "2026-07-23 18:45:23.497478+00:00",
      "2026-07-23 18:45:23.588998+00:00"
    ]
  },
  "ocr": {
    "scope": "page",
    "count": 7,
    "times": [
      1.0511696767061949,
      0.4499410595744848,
      0.472548708319664,
      1.5188968684524298,
      0.1276650009676814,
      0.12776683177798986,
      0.12459247652441263
    ],
    "start_timestamps": [
      "2026-07-23 18:45:22.827692+00:00",
      "2026-07-23 18:45:23.878960+00:00",
      "2026-07-23 18:45:24.328922+00:00",
      "2026-07-23 18:45:24.801486+00:00",
      "2026-07-23 18:45:26.320411+00:00",
      "2026-07-23 18:45:26.448086+00:00",
      "2026-07-23 18:45:26.575863+00:00"
    ]
  },
  "layout": {
    "scope": "page",
    "count": 2,
    "times": [
      0.0695157740265131,
      0.09636680223047733
    ],
    "start_timestamps": [
      "2026-07-23 18:45:23.879053+00:00",
      "2026-07-23 18:45:26.700638+00:00"
    ]
  },
  "table_structure": {
    "scope": "page",
    "count": 7,
    "times": [
      2.3233704268932343e-05,
      0.36810717452317476,
      2.535805106163025e-05,
      7.74487853050232e-06,
      0.6720041036605835,
      2.5949440896511078e-05,
      6.883405148983002e-06
    ],
    "start_timestamps": [
      "2026-07-23 18:45:24.010773+00:00",
      "2026-07-23 18:45:27.325956+00:00",
      "2026-07-23 18:45:27.694076+00:00",
      "2026-07-23 18:45:27.694104+00:00",
      "2026-07-23 18:45:27.694115+00:00",
      "2026-07-23 18:45:28.366287+00:00",
      "2026-07-23 18:45:28.366316+00:00"
    ]
  },
  "page_assemble": {
    "scope": "page",
    "count": 7,
    "times": [
      0.0009271455928683281,
      0.0010054530575871468,
      0.0006398037075996399,
      0.0001675756648182869,
      0.000351891852915287,
      0.0011252090334892273,
      0.00022253859788179398
    ],
    "start_timestamps": [
      "2026-07-23 18:45:24.010865+00:00",
      "2026-07-23 18:45:28.366420+00:00",
      "2026-07-23 18:45:28.367462+00:00",
      "2026-07-23 18:45:28.368123+00:00",
      "2026-07-23 18:45:28.368309+00:00",
      "2026-07-23 18:45:28.368682+00:00",
      "2026-07-23 18:45:28.369828+00:00"
    ]
  },
  "doc_assemble": {
    "scope": "document",
    "count": 1,
    "times": [
      0.04990554787218571
    ],
    "start_timestamps": [
      "2026-07-23 18:45:28.370275+00:00"
    ]
  },
  "reading_order": {
    "scope": "document",
    "count": 1,
    "times": [
      0.049217142164707184
    ],
    "start_timestamps": [
      "2026-07-23 18:45:28.370505+00:00"
    ]
  },
  "doc_enrich": {
    "scope": "document",
    "count": 1,
    "times": [
      84.88262484315783
    ],
    "start_timestamps": [
      "2026-07-23 18:45:28.420213+00:00"
    ]
  }
}
Function parse_pdf took 142.9934 seconds to execute.
Running: get_tables
Function get_tables took 0.0001 seconds to execute.
Running: get_surrounding_paragraphs
Function get_surrounding_paragraphs took 0.0001 seconds to execute.
