Running: parse_pdf
Raw PDF conversion timings:
{
  "pipeline_total": {
    "scope": "document",
    "count": 1,
    "times": [
      47.80791146866977
    ],
    "start_timestamps": [
      "2026-07-17 20:03:54.489912+00:00"
    ]
  },
  "page_parse": {
    "scope": "page",
    "count": 5,
    "times": [
      0.12181167770177126,
      0.10839857440441847,
      0.10697027575224638,
      0.10123404208570719,
      0.05673093628138304
    ],
    "start_timestamps": [
      "2026-07-17 20:03:54.496640+00:00",
      "2026-07-17 20:03:54.618494+00:00",
      "2026-07-17 20:03:54.726934+00:00",
      "2026-07-17 20:03:54.833953+00:00",
      "2026-07-17 20:03:54.935231+00:00"
    ]
  },
  "ocr": {
    "scope": "page",
    "count": 5,
    "times": [
      0.12938910722732544,
      0.7910431129857898,
      1.8618673598393798,
      1.071896554902196,
      0.11756612826138735
    ],
    "start_timestamps": [
      "2026-07-17 20:03:54.618781+00:00",
      "2026-07-17 20:03:54.748223+00:00",
      "2026-07-17 20:03:55.539349+00:00",
      "2026-07-17 20:03:57.401232+00:00",
      "2026-07-17 20:03:58.473145+00:00"
    ]
  },
  "layout": {
    "scope": "page",
    "count": 3,
    "times": [
      0.2683623041957617,
      0.029396873898804188,
      0.06521244067698717
    ],
    "start_timestamps": [
      "2026-07-17 20:03:54.748299+00:00",
      "2026-07-17 20:03:55.539417+00:00",
      "2026-07-17 20:03:58.590887+00:00"
    ]
  },
  "table_structure": {
    "scope": "page",
    "count": 5,
    "times": [
      4.523526877164841e-05,
      0.48850838746875525,
      0.31019873917102814,
      0.42539101000875235,
      2.3174099624156952e-05
    ],
    "start_timestamps": [
      "2026-07-17 20:03:55.103241+00:00",
      "2026-07-17 20:03:55.628273+00:00",
      "2026-07-17 20:03:58.813385+00:00",
      "2026-07-17 20:03:59.123598+00:00",
      "2026-07-17 20:03:59.549011+00:00"
    ]
  },
  "page_assemble": {
    "scope": "page",
    "count": 5,
    "times": [
      0.0005456674844026566,
      0.00045860372483730316,
      0.0007423870265483856,
      0.00037779100239276886,
      0.00022984202951192856
    ],
    "start_timestamps": [
      "2026-07-17 20:03:55.103387+00:00",
      "2026-07-17 20:03:56.117049+00:00",
      "2026-07-17 20:03:59.549278+00:00",
      "2026-07-17 20:03:59.550102+00:00",
      "2026-07-17 20:03:59.550503+00:00"
    ]
  },
  "doc_assemble": {
    "scope": "document",
    "count": 1,
    "times": [
      0.02299430500715971
    ],
    "start_timestamps": [
      "2026-07-17 20:03:59.550931+00:00"
    ]
  },
  "reading_order": {
    "scope": "document",
    "count": 1,
    "times": [
      0.022552954964339733
    ],
    "start_timestamps": [
      "2026-07-17 20:03:59.550998+00:00"
    ]
  },
  "doc_enrich": {
    "scope": "document",
    "count": 1,
    "times": [
      42.72385004069656
    ],
    "start_timestamps": [
      "2026-07-17 20:03:59.573952+00:00"
    ]
  }
}
All hyperlinked elements redacted in-memory.
Clean PDF conversion timings:
{
  "pipeline_total": {
    "scope": "document",
    "count": 1,
    "times": [
      48.43953874241561
    ],
    "start_timestamps": [
      "2026-07-17 20:04:42.366598+00:00"
    ]
  },
  "page_parse": {
    "scope": "page",
    "count": 5,
    "times": [
      0.10194599255919456,
      0.10745359770953655,
      0.10560828354209661,
      0.09908991865813732,
      0.05487834569066763
    ],
    "start_timestamps": [
      "2026-07-17 20:04:42.372055+00:00",
      "2026-07-17 20:04:42.474041+00:00",
      "2026-07-17 20:04:42.581539+00:00",
      "2026-07-17 20:04:42.687186+00:00",
      "2026-07-17 20:04:42.786321+00:00"
    ]
  },
  "ocr": {
    "scope": "page",
    "count": 5,
    "times": [
      0.12858341075479984,
      0.7717708367854357,
      1.7724144496023655,
      1.8434420377016068,
      0.12331065908074379
    ],
    "start_timestamps": [
      "2026-07-17 20:04:42.474346+00:00",
      "2026-07-17 20:04:42.602977+00:00",
      "2026-07-17 20:04:43.374819+00:00",
      "2026-07-17 20:04:45.147250+00:00",
      "2026-07-17 20:04:46.990708+00:00"
    ]
  },
  "layout": {
    "scope": "page",
    "count": 3,
    "times": [
      0.19947346951812506,
      0.027936233207583427,
      0.06508268974721432
    ],
    "start_timestamps": [
      "2026-07-17 20:04:42.664549+00:00",
      "2026-07-17 20:04:43.374882+00:00",
      "2026-07-17 20:04:47.114180+00:00"
    ]
  },
  "table_structure": {
    "scope": "page",
    "count": 5,
    "times": [
      2.1851621568202972e-05,
      0.5821102140471339,
      0.3095887852832675,
      0.4209446869790554,
      2.4556182324886322e-05
    ],
    "start_timestamps": [
      "2026-07-17 20:04:42.980799+00:00",
      "2026-07-17 20:04:43.459606+00:00",
      "2026-07-17 20:04:47.329701+00:00",
      "2026-07-17 20:04:47.639304+00:00",
      "2026-07-17 20:04:48.060262+00:00"
    ]
  },
  "page_assemble": {
    "scope": "page",
    "count": 5,
    "times": [
      0.00038084574043750763,
      0.0003964267671108246,
      0.0004374329000711441,
      0.0003280173987150192,
      0.0002286592498421669
    ],
    "start_timestamps": [
      "2026-07-17 20:04:42.980869+00:00",
      "2026-07-17 20:04:44.041937+00:00",
      "2026-07-17 20:04:48.060496+00:00",
      "2026-07-17 20:04:48.060969+00:00",
      "2026-07-17 20:04:48.061318+00:00"
    ]
  },
  "doc_assemble": {
    "scope": "document",
    "count": 1,
    "times": [
      0.0218369048088789
    ],
    "start_timestamps": [
      "2026-07-17 20:04:48.061726+00:00"
    ]
  },
  "reading_order": {
    "scope": "document",
    "count": 1,
    "times": [
      0.021421602927148342
    ],
    "start_timestamps": [
      "2026-07-17 20:04:48.061779+00:00"
    ]
  },
  "doc_enrich": {
    "scope": "document",
    "count": 1,
    "times": [
      42.72252097632736
    ],
    "start_timestamps": [
      "2026-07-17 20:04:48.083588+00:00"
    ]
  }
}
Function parse_pdf took 96.4107 seconds to execute.
Running: get_tables
Function get_tables took 0.0000 seconds to execute.
Running: get_surrounding_paragraphs
Function get_surrounding_paragraphs took 0.0001 seconds to execute.
