Running: parse_pdf
Raw PDF conversion timings:
{
  "pipeline_total": {
    "scope": "document",
    "count": 1,
    "times": [
      18.142044950276613
    ],
    "start_timestamps": [
      "2026-07-18 00:27:56.390093+00:00"
    ]
  },
  "page_parse": {
    "scope": "page",
    "count": 15,
    "times": [
      0.131997044198215,
      0.11312345042824745,
      0.10659620817750692,
      0.11603833455592394,
      0.05571793206036091,
      0.11544703133404255,
      0.24387770611792803,
      0.15025518834590912,
      0.22154776845127344,
      0.17814849596470594,
      0.18314933590590954,
      0.15428526233881712,
      0.14410466700792313,
      0.11215891595929861,
      0.26434705313295126
    ],
    "start_timestamps": [
      "2026-07-18 00:27:56.394140+00:00",
      "2026-07-18 00:27:56.526179+00:00",
      "2026-07-18 00:27:56.639343+00:00",
      "2026-07-18 00:27:56.745980+00:00",
      "2026-07-18 00:27:56.862061+00:00",
      "2026-07-18 00:27:56.917818+00:00",
      "2026-07-18 00:27:57.033317+00:00",
      "2026-07-18 00:27:57.277241+00:00",
      "2026-07-18 00:27:57.427543+00:00",
      "2026-07-18 00:27:57.649132+00:00",
      "2026-07-18 00:27:57.827331+00:00",
      "2026-07-18 00:27:58.010525+00:00",
      "2026-07-18 00:27:58.164864+00:00",
      "2026-07-18 00:27:58.309013+00:00",
      "2026-07-18 00:27:58.421220+00:00"
    ]
  },
  "ocr": {
    "scope": "page",
    "count": 15,
    "times": [
      0.12584656104445457,
      0.21562074590474367,
      0.1785114174708724,
      0.23659569397568703,
      0.1527764331549406,
      0.39535808097571135,
      2.9111344469711185,
      3.1315565975382924,
      2.4376526530832052,
      1.3045840691775084,
      0.8795250598341227,
      2.2361337020993233,
      0.8513161214068532,
      0.12324884254485369,
      0.12010210193693638
    ],
    "start_timestamps": [
      "2026-07-18 00:27:56.526498+00:00",
      "2026-07-18 00:27:56.652393+00:00",
      "2026-07-18 00:27:56.868053+00:00",
      "2026-07-18 00:27:57.046580+00:00",
      "2026-07-18 00:27:57.283225+00:00",
      "2026-07-18 00:27:57.436020+00:00",
      "2026-07-18 00:27:57.831396+00:00",
      "2026-07-18 00:28:00.742631+00:00",
      "2026-07-18 00:28:03.874206+00:00",
      "2026-07-18 00:28:06.311876+00:00",
      "2026-07-18 00:28:07.616477+00:00",
      "2026-07-18 00:28:08.496020+00:00",
      "2026-07-18 00:28:10.732173+00:00",
      "2026-07-18 00:28:11.583507+00:00",
      "2026-07-18 00:28:11.706765+00:00"
    ]
  },
  "layout": {
    "scope": "page",
    "count": 5,
    "times": [
      0.27974132914096117,
      0.03535179141908884,
      0.15533861424773932,
      0.06751924753189087,
      0.09624892845749855
    ],
    "start_timestamps": [
      "2026-07-18 00:27:56.652502+00:00",
      "2026-07-18 00:27:57.034006+00:00",
      "2026-07-18 00:27:57.283319+00:00",
      "2026-07-18 00:28:00.742699+00:00",
      "2026-07-18 00:28:11.827181+00:00"
    ]
  },
  "table_structure": {
    "scope": "page",
    "count": 15,
    "times": [
      2.677086740732193e-05,
      2.7951784431934357e-05,
      1.5437566507607698,
      2.895388752222061e-05,
      3.3421563133597374,
      0.7952314587309957,
      2.445559948682785e-05,
      5.629565566778183e-05,
      7.34180212020874e-05,
      1.4347024261951447e-05,
      0.3675665771588683,
      2.1379441022872925e-05,
      1.2613832950592041e-05,
      1.556985080242157e-05,
      1.2602657079696655e-05
    ],
    "start_timestamps": [
      "2026-07-18 00:27:57.034298+00:00",
      "2026-07-18 00:27:57.114251+00:00",
      "2026-07-18 00:27:57.730139+00:00",
      "2026-07-18 00:27:59.273911+00:00",
      "2026-07-18 00:28:00.938880+00:00",
      "2026-07-18 00:28:04.281053+00:00",
      "2026-07-18 00:28:05.076306+00:00",
      "2026-07-18 00:28:12.181331+00:00",
      "2026-07-18 00:28:12.181397+00:00",
      "2026-07-18 00:28:12.181480+00:00",
      "2026-07-18 00:28:12.181501+00:00",
      "2026-07-18 00:28:12.549253+00:00",
      "2026-07-18 00:28:12.549277+00:00",
      "2026-07-18 00:28:12.549293+00:00",
      "2026-07-18 00:28:12.549312+00:00"
    ]
  },
  "page_assemble": {
    "scope": "page",
    "count": 15,
    "times": [
      0.001731719821691513,
      0.0004873471334576607,
      0.0004851631820201874,
      0.00047846976667642593,
      0.00012045633047819138,
      0.00032914895564317703,
      0.00018598977476358414,
      0.00020836200565099716,
      0.00013902224600315094,
      0.00015032291412353516,
      0.00013662688434123993,
      9.9988654255867e-05,
      0.00034252461045980453,
      0.004308477975428104,
      0.0078003983944654465
    ],
    "start_timestamps": [
      "2026-07-18 00:27:57.036041+00:00",
      "2026-07-18 00:27:57.114320+00:00",
      "2026-07-18 00:27:59.274103+00:00",
      "2026-07-18 00:27:59.274623+00:00",
      "2026-07-18 00:28:05.076978+00:00",
      "2026-07-18 00:28:05.077139+00:00",
      "2026-07-18 00:28:05.077492+00:00",
      "2026-07-18 00:28:12.549442+00:00",
      "2026-07-18 00:28:12.549692+00:00",
      "2026-07-18 00:28:12.549855+00:00",
      "2026-07-18 00:28:12.550026+00:00",
      "2026-07-18 00:28:12.550197+00:00",
      "2026-07-18 00:28:12.550314+00:00",
      "2026-07-18 00:28:12.550676+00:00",
      "2026-07-18 00:28:12.555011+00:00"
    ]
  },
  "doc_assemble": {
    "scope": "document",
    "count": 1,
    "times": [
      0.41466096229851246
    ],
    "start_timestamps": [
      "2026-07-18 00:28:12.563044+00:00"
    ]
  },
  "reading_order": {
    "scope": "document",
    "count": 1,
    "times": [
      0.4137504091486335
    ],
    "start_timestamps": [
      "2026-07-18 00:28:12.563160+00:00"
    ]
  },
  "doc_enrich": {
    "scope": "document",
    "count": 1,
    "times": [
      1.5543844485655427
    ],
    "start_timestamps": [
      "2026-07-18 00:28:12.977738+00:00"
    ]
  }
}
All hyperlinked elements redacted in-memory.
Clean PDF conversion timings:
{
  "pipeline_total": {
    "scope": "document",
    "count": 1,
    "times": [
      27.35870532412082
    ],
    "start_timestamps": [
      "2026-07-18 00:28:15.065050+00:00"
    ]
  },
  "page_parse": {
    "scope": "page",
    "count": 15,
    "times": [
      0.11936332285404205,
      0.10300252679735422,
      0.10073492862284184,
      0.10695728845894337,
      0.054006701335310936,
      0.07255728915333748,
      0.23560523055493832,
      0.174786108545959,
      0.2347608907148242,
      0.15558479819446802,
      0.180736324749887,
      0.2157157538458705,
      0.1948799891397357,
      0.10218330472707748,
      0.10826702229678631
    ],
    "start_timestamps": [
      "2026-07-18 00:28:15.068784+00:00",
      "2026-07-18 00:28:15.188191+00:00",
      "2026-07-18 00:28:15.291235+00:00",
      "2026-07-18 00:28:15.392016+00:00",
      "2026-07-18 00:28:15.499018+00:00",
      "2026-07-18 00:28:15.553068+00:00",
      "2026-07-18 00:28:15.625670+00:00",
      "2026-07-18 00:28:15.861324+00:00",
      "2026-07-18 00:28:16.036161+00:00",
      "2026-07-18 00:28:16.270972+00:00",
      "2026-07-18 00:28:16.426605+00:00",
      "2026-07-18 00:28:16.607395+00:00",
      "2026-07-18 00:28:16.823173+00:00",
      "2026-07-18 00:28:17.018108+00:00",
      "2026-07-18 00:28:17.120339+00:00"
    ]
  },
  "ocr": {
    "scope": "page",
    "count": 15,
    "times": [
      0.20654476713389158,
      0.16335369553416967,
      0.15010028891265392,
      0.16339631751179695,
      0.4028859557583928,
      0.15792154613882303,
      5.258225103840232,
      1.5607070298865438,
      1.8447041939944029,
      1.1920468723401427,
      1.3285674173384905,
      2.881068043410778,
      0.9041372975334525,
      0.12128313258290291,
      0.12332251947373152
    ],
    "start_timestamps": [
      "2026-07-18 00:28:15.188577+00:00",
      "2026-07-18 00:28:15.395163+00:00",
      "2026-07-18 00:28:15.558534+00:00",
      "2026-07-18 00:28:15.708692+00:00",
      "2026-07-18 00:28:15.872106+00:00",
      "2026-07-18 00:28:16.275008+00:00",
      "2026-07-18 00:28:16.432974+00:00",
      "2026-07-18 00:28:21.691215+00:00",
      "2026-07-18 00:28:23.251939+00:00",
      "2026-07-18 00:28:25.096658+00:00",
      "2026-07-18 00:28:26.288803+00:00",
      "2026-07-18 00:28:27.617385+00:00",
      "2026-07-18 00:28:30.498470+00:00",
      "2026-07-18 00:28:31.402624+00:00",
      "2026-07-18 00:28:31.523918+00:00"
    ]
  },
  "layout": {
    "scope": "page",
    "count": 5,
    "times": [
      0.2555632656440139,
      0.17700556479394436,
      0.2084799688309431,
      0.07171245291829109,
      0.08845532778650522
    ],
    "start_timestamps": [
      "2026-07-18 00:28:15.395276+00:00",
      "2026-07-18 00:28:15.708790+00:00",
      "2026-07-18 00:28:16.433082+00:00",
      "2026-07-18 00:28:26.288881+00:00",
      "2026-07-18 00:28:31.647379+00:00"
    ]
  },
  "table_structure": {
    "scope": "page",
    "count": 15,
    "times": [
      2.1270476281642914e-05,
      2.7101486921310425e-05,
      1.5850963303819299,
      2.8332695364952087e-05,
      2.4178823893889785,
      0.8197062965482473,
      2.693943679332733e-05,
      7.272697985172272e-06,
      5.129724740982056e-06,
      4.388391971588135e-06,
      0.3659672401845455,
      2.0419247448444366e-05,
      1.1892057955265045e-05,
      1.6991980373859406e-05,
      8.304780583828688
    ],
    "start_timestamps": [
      "2026-07-18 00:28:15.700427+00:00",
      "2026-07-18 00:28:16.271581+00:00",
      "2026-07-18 00:28:16.271613+00:00",
      "2026-07-18 00:28:17.856850+00:00",
      "2026-07-18 00:28:17.856881+00:00",
      "2026-07-18 00:28:20.274783+00:00",
      "2026-07-18 00:28:26.456864+00:00",
      "2026-07-18 00:28:26.456894+00:00",
      "2026-07-18 00:28:26.456905+00:00",
      "2026-07-18 00:28:26.456913+00:00",
      "2026-07-18 00:28:31.960915+00:00",
      "2026-07-18 00:28:32.326897+00:00",
      "2026-07-18 00:28:32.326920+00:00",
      "2026-07-18 00:28:32.326936+00:00",
      "2026-07-18 00:28:32.327117+00:00"
    ]
  },
  "page_assemble": {
    "scope": "page",
    "count": 15,
    "times": [
      0.0004863254725933075,
      0.0004944605752825737,
      0.0004756152629852295,
      0.0005311090499162674,
      5.143694579601288e-05,
      0.00033417902886867523,
      0.00019278284162282944,
      9.045004844665527e-05,
      9.685195982456207e-05,
      9.708292782306671e-05,
      0.00024632271379232407,
      8.54814425110817e-05,
      0.00032484158873558044,
      0.00040687620639801025,
      0.000294283963739872
    ],
    "start_timestamps": [
      "2026-07-18 00:28:15.700518+00:00",
      "2026-07-18 00:28:17.857572+00:00",
      "2026-07-18 00:28:17.858104+00:00",
      "2026-07-18 00:28:21.094742+00:00",
      "2026-07-18 00:28:21.095305+00:00",
      "2026-07-18 00:28:21.095376+00:00",
      "2026-07-18 00:28:26.456966+00:00",
      "2026-07-18 00:28:26.457192+00:00",
      "2026-07-18 00:28:26.457301+00:00",
      "2026-07-18 00:28:26.457426+00:00",
      "2026-07-18 00:28:32.327881+00:00",
      "2026-07-18 00:28:32.328166+00:00",
      "2026-07-18 00:28:32.328270+00:00",
      "2026-07-18 00:28:32.328614+00:00",
      "2026-07-18 00:28:40.632446+00:00"
    ]
  },
  "doc_assemble": {
    "scope": "document",
    "count": 1,
    "times": [
      0.07400848437100649
    ],
    "start_timestamps": [
      "2026-07-18 00:28:40.632967+00:00"
    ]
  },
  "reading_order": {
    "scope": "document",
    "count": 1,
    "times": [
      0.07345222681760788
    ],
    "start_timestamps": [
      "2026-07-18 00:28:40.633080+00:00"
    ]
  },
  "doc_enrich": {
    "scope": "document",
    "count": 1,
    "times": [
      1.716735783033073
    ],
    "start_timestamps": [
      "2026-07-18 00:28:40.707002+00:00"
    ]
  }
}
Function parse_pdf took 46.8971 seconds to execute.
Running: get_tables
Function get_tables took 0.0001 seconds to execute.
Running: get_surrounding_paragraphs
Function get_surrounding_paragraphs took 0.0001 seconds to execute.
