Running: parse_pdf
Raw PDF conversion timings:
{
  "pipeline_total": {
    "scope": "document",
    "count": 1,
    "times": [
      18.50443852506578
    ],
    "start_timestamps": [
      "2026-07-23 17:45:03.305611+00:00"
    ]
  },
  "page_parse": {
    "scope": "page",
    "count": 10,
    "times": [
      0.08819590415805578,
      0.13423224352300167,
      0.10030435211956501,
      0.29206245858222246,
      0.14347004890441895,
      0.15937702637165785,
      0.12728164345026016,
      0.14918328076601028,
      0.18101340532302856,
      0.13738822378218174
    ],
    "start_timestamps": [
      "2026-07-23 17:45:03.310501+00:00",
      "2026-07-23 17:45:03.398928+00:00",
      "2026-07-23 17:45:03.533006+00:00",
      "2026-07-23 17:45:03.633355+00:00",
      "2026-07-23 17:45:03.925463+00:00",
      "2026-07-23 17:45:04.068981+00:00",
      "2026-07-23 17:45:04.228427+00:00",
      "2026-07-23 17:45:04.355751+00:00",
      "2026-07-23 17:45:04.504977+00:00",
      "2026-07-23 17:45:04.686033+00:00"
    ]
  },
  "ocr": {
    "scope": "page",
    "count": 10,
    "times": [
      1.8650102112442255,
      0.13060941640287638,
      0.12278102338314056,
      1.1565423225983977,
      1.8577512195333838,
      1.4127619741484523,
      1.719899544492364,
      1.164180857129395,
      1.2991467313840985,
      0.12142512109130621
    ],
    "start_timestamps": [
      "2026-07-23 17:45:03.399087+00:00",
      "2026-07-23 17:45:05.264197+00:00",
      "2026-07-23 17:45:05.394814+00:00",
      "2026-07-23 17:45:05.517604+00:00",
      "2026-07-23 17:45:06.674163+00:00",
      "2026-07-23 17:45:08.531932+00:00",
      "2026-07-23 17:45:09.944711+00:00",
      "2026-07-23 17:45:11.664628+00:00",
      "2026-07-23 17:45:12.828825+00:00",
      "2026-07-23 17:45:14.127990+00:00"
    ]
  },
  "layout": {
    "scope": "page",
    "count": 2,
    "times": [
      0.06743516307324171,
      0.10753877740353346
    ],
    "start_timestamps": [
      "2026-07-23 17:45:05.264274+00:00",
      "2026-07-23 17:45:14.249602+00:00"
    ]
  },
  "table_structure": {
    "scope": "page",
    "count": 10,
    "times": [
      1.7764046788215637e-05,
      2.4165958166122437e-05,
      0.4718944514170289,
      2.2923573851585388e-05,
      6.622634828090668e-06,
      8.767470717430115e-06,
      7.08363950252533e-06,
      5.731359124183655e-06,
      5.389563739299774e-06,
      9.757466614246368e-06
    ],
    "start_timestamps": [
      "2026-07-23 17:45:05.367639+00:00",
      "2026-07-23 17:45:14.675762+00:00",
      "2026-07-23 17:45:14.675791+00:00",
      "2026-07-23 17:45:15.147702+00:00",
      "2026-07-23 17:45:15.147727+00:00",
      "2026-07-23 17:45:15.147877+00:00",
      "2026-07-23 17:45:15.147890+00:00",
      "2026-07-23 17:45:15.147900+00:00",
      "2026-07-23 17:45:15.147909+00:00",
      "2026-07-23 17:45:15.147935+00:00"
    ]
  },
  "page_assemble": {
    "scope": "page",
    "count": 10,
    "times": [
      0.00022098422050476074,
      0.0003957245498895645,
      0.0002943342551589012,
      0.0003923075273633003,
      0.00019106920808553696,
      0.0002035936340689659,
      0.000242636539041996,
      0.00022774934768676758,
      0.00020988471806049347,
      0.0003477437421679497
    ],
    "start_timestamps": [
      "2026-07-23 17:45:05.367712+00:00",
      "2026-07-23 17:45:15.148019+00:00",
      "2026-07-23 17:45:15.148452+00:00",
      "2026-07-23 17:45:15.148772+00:00",
      "2026-07-23 17:45:15.149184+00:00",
      "2026-07-23 17:45:15.149393+00:00",
      "2026-07-23 17:45:15.149615+00:00",
      "2026-07-23 17:45:15.149877+00:00",
      "2026-07-23 17:45:15.150138+00:00",
      "2026-07-23 17:45:15.150366+00:00"
    ]
  },
  "doc_assemble": {
    "scope": "document",
    "count": 1,
    "times": [
      0.05053284205496311
    ],
    "start_timestamps": [
      "2026-07-23 17:45:15.150875+00:00"
    ]
  },
  "reading_order": {
    "scope": "document",
    "count": 1,
    "times": [
      0.05002779234200716
    ],
    "start_timestamps": [
      "2026-07-23 17:45:15.150976+00:00"
    ]
  },
  "doc_enrich": {
    "scope": "document",
    "count": 1,
    "times": [
      6.608597106300294
    ],
    "start_timestamps": [
      "2026-07-23 17:45:15.201433+00:00"
    ]
  }
}
All hyperlinked elements redacted in-memory.
Clean PDF conversion timings:
{
  "pipeline_total": {
    "scope": "document",
    "count": 1,
    "times": [
      19.001225584186614
    ],
    "start_timestamps": [
      "2026-07-23 17:45:21.889162+00:00"
    ]
  },
  "page_parse": {
    "scope": "page",
    "count": 10,
    "times": [
      0.08849348407238722,
      0.13253651186823845,
      0.09936105646193027,
      0.15742799825966358,
      0.21238044742494822,
      0.1672033555805683,
      0.20505642425268888,
      0.13025392685085535,
      0.1233161399140954,
      0.1322340127080679
    ],
    "start_timestamps": [
      "2026-07-23 17:45:21.893967+00:00",
      "2026-07-23 17:45:21.982503+00:00",
      "2026-07-23 17:45:22.115077+00:00",
      "2026-07-23 17:45:22.214484+00:00",
      "2026-07-23 17:45:22.371967+00:00",
      "2026-07-23 17:45:22.584392+00:00",
      "2026-07-23 17:45:22.751636+00:00",
      "2026-07-23 17:45:22.956733+00:00",
      "2026-07-23 17:45:23.087026+00:00",
      "2026-07-23 17:45:23.210386+00:00"
    ]
  },
  "ocr": {
    "scope": "page",
    "count": 10,
    "times": [
      1.849080421961844,
      0.12289904430508614,
      0.12070453353226185,
      1.180231023579836,
      1.8745056418702006,
      1.435153485275805,
      1.7903144648298621,
      1.174653846770525,
      1.3050803383812308,
      0.12046181783080101
    ],
    "start_timestamps": [
      "2026-07-23 17:45:21.982847+00:00",
      "2026-07-23 17:45:23.832049+00:00",
      "2026-07-23 17:45:23.954957+00:00",
      "2026-07-23 17:45:24.075671+00:00",
      "2026-07-23 17:45:25.255918+00:00",
      "2026-07-23 17:45:27.130440+00:00",
      "2026-07-23 17:45:28.565610+00:00",
      "2026-07-23 17:45:30.355942+00:00",
      "2026-07-23 17:45:31.530612+00:00",
      "2026-07-23 17:45:32.835709+00:00"
    ]
  },
  "layout": {
    "scope": "page",
    "count": 2,
    "times": [
      0.06638763099908829,
      0.10746171232312918
    ],
    "start_timestamps": [
      "2026-07-23 17:45:23.832141+00:00",
      "2026-07-23 17:45:32.956368+00:00"
    ]
  },
  "table_structure": {
    "scope": "page",
    "count": 10,
    "times": [
      1.5128403902053833e-05,
      2.675037831068039e-05,
      0.47138920053839684,
      2.8314068913459778e-05,
      1.1761672794818878e-05,
      1.3797543942928314e-05,
      1.4447607100009918e-05,
      9.668990969657898e-06,
      1.0308809578418732e-05,
      1.7842277884483337e-05
    ],
    "start_timestamps": [
      "2026-07-23 17:45:23.933694+00:00",
      "2026-07-23 17:45:33.374714+00:00",
      "2026-07-23 17:45:33.374746+00:00",
      "2026-07-23 17:45:33.846152+00:00",
      "2026-07-23 17:45:33.846183+00:00",
      "2026-07-23 17:45:33.846383+00:00",
      "2026-07-23 17:45:33.846409+00:00",
      "2026-07-23 17:45:33.846427+00:00",
      "2026-07-23 17:45:33.846440+00:00",
      "2026-07-23 17:45:33.846472+00:00"
    ]
  },
  "page_assemble": {
    "scope": "page",
    "count": 10,
    "times": [
      0.0002580266445875168,
      0.0003756266087293625,
      0.0002939430996775627,
      0.00040127523243427277,
      0.00019432604312896729,
      0.00020306184887886047,
      0.00026491936296224594,
      0.00022565387189388275,
      0.00020787212997674942,
      0.0003475239500403404
    ],
    "start_timestamps": [
      "2026-07-23 17:45:23.933771+00:00",
      "2026-07-23 17:45:33.846576+00:00",
      "2026-07-23 17:45:33.846985+00:00",
      "2026-07-23 17:45:33.847301+00:00",
      "2026-07-23 17:45:33.847722+00:00",
      "2026-07-23 17:45:33.847935+00:00",
      "2026-07-23 17:45:33.848157+00:00",
      "2026-07-23 17:45:33.848440+00:00",
      "2026-07-23 17:45:33.848683+00:00",
      "2026-07-23 17:45:33.848909+00:00"
    ]
  },
  "doc_assemble": {
    "scope": "document",
    "count": 1,
    "times": [
      0.35423766169697046
    ],
    "start_timestamps": [
      "2026-07-23 17:45:33.849447+00:00"
    ]
  },
  "reading_order": {
    "scope": "document",
    "count": 1,
    "times": [
      0.35354795306921005
    ],
    "start_timestamps": [
      "2026-07-23 17:45:33.849560+00:00"
    ]
  },
  "doc_enrich": {
    "scope": "document",
    "count": 1,
    "times": [
      6.686651133000851
    ],
    "start_timestamps": [
      "2026-07-23 17:45:34.203717+00:00"
    ]
  }
}
Function parse_pdf took 38.3091 seconds to execute.
Running: get_tables
Function get_tables took 0.0001 seconds to execute.
Running: get_surrounding_paragraphs
Function get_surrounding_paragraphs took 0.0001 seconds to execute.
