Running: parse_pdf
Raw PDF conversion timings:
{
  "pipeline_total": {
    "scope": "document",
    "count": 1,
    "times": [
      47.70355574693531
    ],
    "start_timestamps": [
      "2026-07-17 22:14:11.674914+00:00"
    ]
  },
  "page_parse": {
    "scope": "page",
    "count": 5,
    "times": [
      0.09442151710391045,
      0.11714701447635889,
      0.10709090065211058,
      0.13225356582552195,
      0.12355116941034794
    ],
    "start_timestamps": [
      "2026-07-17 22:14:11.679994+00:00",
      "2026-07-17 22:14:11.774458+00:00",
      "2026-07-17 22:14:11.891644+00:00",
      "2026-07-17 22:14:11.998769+00:00",
      "2026-07-17 22:14:12.131065+00:00"
    ]
  },
  "ocr": {
    "scope": "page",
    "count": 5,
    "times": [
      0.1998350014910102,
      0.8993711583316326,
      0.1471649380400777,
      1.45626540761441,
      0.13045065198093653
    ],
    "start_timestamps": [
      "2026-07-17 22:14:11.774758+00:00",
      "2026-07-17 22:14:11.974635+00:00",
      "2026-07-17 22:14:12.874094+00:00",
      "2026-07-17 22:14:13.021268+00:00",
      "2026-07-17 22:14:14.477554+00:00"
    ]
  },
  "layout": {
    "scope": "page",
    "count": 3,
    "times": [
      0.28067793417721987,
      0.027806390076875687,
      0.06783629395067692
    ],
    "start_timestamps": [
      "2026-07-17 22:14:11.974714+00:00",
      "2026-07-17 22:14:12.874152+00:00",
      "2026-07-17 22:14:14.608144+00:00"
    ]
  },
  "table_structure": {
    "scope": "page",
    "count": 5,
    "times": [
      1.9537284970283508e-05,
      1.6530975699424744e-05,
      0.28006177488714457,
      0.45044539868831635,
      2.7341768145561218e-05
    ],
    "start_timestamps": [
      "2026-07-17 22:14:12.322658+00:00",
      "2026-07-17 22:14:12.932784+00:00",
      "2026-07-17 22:14:14.854240+00:00",
      "2026-07-17 22:14:15.134316+00:00",
      "2026-07-17 22:14:15.584775+00:00"
    ]
  },
  "page_assemble": {
    "scope": "page",
    "count": 5,
    "times": [
      0.0005779778584837914,
      0.00024502165615558624,
      0.00047562550753355026,
      0.0001657521352171898,
      0.004637697711586952
    ],
    "start_timestamps": [
      "2026-07-17 22:14:12.322731+00:00",
      "2026-07-17 22:14:12.932832+00:00",
      "2026-07-17 22:14:15.585005+00:00",
      "2026-07-17 22:14:15.585526+00:00",
      "2026-07-17 22:14:15.585711+00:00"
    ]
  },
  "doc_assemble": {
    "scope": "document",
    "count": 1,
    "times": [
      0.02297690138220787
    ],
    "start_timestamps": [
      "2026-07-17 22:14:15.590534+00:00"
    ]
  },
  "reading_order": {
    "scope": "document",
    "count": 1,
    "times": [
      0.02250748872756958
    ],
    "start_timestamps": [
      "2026-07-17 22:14:15.590645+00:00"
    ]
  },
  "doc_enrich": {
    "scope": "document",
    "count": 1,
    "times": [
      43.76489012967795
    ],
    "start_timestamps": [
      "2026-07-17 22:14:15.613534+00:00"
    ]
  }
}
All hyperlinked elements redacted in-memory.
Clean PDF conversion timings:
{
  "pipeline_total": {
    "scope": "document",
    "count": 1,
    "times": [
      47.5711593804881
    ],
    "start_timestamps": [
      "2026-07-17 22:14:59.466219+00:00"
    ]
  },
  "page_parse": {
    "scope": "page",
    "count": 5,
    "times": [
      0.0959135852754116,
      0.11598860565572977,
      0.09889299236238003,
      0.1318775387480855,
      0.08900313079357147
    ],
    "start_timestamps": [
      "2026-07-17 22:14:59.471113+00:00",
      "2026-07-17 22:14:59.567068+00:00",
      "2026-07-17 22:14:59.683096+00:00",
      "2026-07-17 22:14:59.782029+00:00",
      "2026-07-17 22:14:59.913955+00:00"
    ]
  },
  "ocr": {
    "scope": "page",
    "count": 5,
    "times": [
      0.21894341334700584,
      0.8508725808933377,
      0.12850048299878836,
      1.7397753736004233,
      0.127390724606812
    ],
    "start_timestamps": [
      "2026-07-17 22:14:59.567446+00:00",
      "2026-07-17 22:14:59.786446+00:00",
      "2026-07-17 22:15:00.637336+00:00",
      "2026-07-17 22:15:00.765885+00:00",
      "2026-07-17 22:15:02.505680+00:00"
    ]
  },
  "layout": {
    "scope": "page",
    "count": 3,
    "times": [
      0.23264070134609938,
      0.06008598022162914,
      0.03440058045089245
    ],
    "start_timestamps": [
      "2026-07-17 22:14:59.786515+00:00",
      "2026-07-17 22:15:00.765947+00:00",
      "2026-07-17 22:15:02.633196+00:00"
    ]
  },
  "table_structure": {
    "scope": "page",
    "count": 5,
    "times": [
      2.3484230041503906e-05,
      2.3584812879562378e-05,
      0.29830839578062296,
      0.4528143806383014,
      2.8393231332302094e-05
    ],
    "start_timestamps": [
      "2026-07-17 22:15:00.088142+00:00",
      "2026-07-17 22:15:00.916301+00:00",
      "2026-07-17 22:15:00.916329+00:00",
      "2026-07-17 22:15:02.773219+00:00",
      "2026-07-17 22:15:03.226047+00:00"
    ]
  },
  "page_assemble": {
    "scope": "page",
    "count": 5,
    "times": [
      0.0004246095195412636,
      0.0003336183726787567,
      0.0003444291651248932,
      0.0002060169354081154,
      0.0003570821136236191
    ],
    "start_timestamps": [
      "2026-07-17 22:15:00.088234+00:00",
      "2026-07-17 22:15:01.214814+00:00",
      "2026-07-17 22:15:01.215179+00:00",
      "2026-07-17 22:15:03.226260+00:00",
      "2026-07-17 22:15:03.226505+00:00"
    ]
  },
  "doc_assemble": {
    "scope": "document",
    "count": 1,
    "times": [
      0.03138223011046648
    ],
    "start_timestamps": [
      "2026-07-17 22:15:03.227061+00:00"
    ]
  },
  "reading_order": {
    "scope": "document",
    "count": 1,
    "times": [
      0.030901686288416386
    ],
    "start_timestamps": [
      "2026-07-17 22:15:03.227164+00:00"
    ]
  },
  "doc_enrich": {
    "scope": "document",
    "count": 1,
    "times": [
      43.77889409754425
    ],
    "start_timestamps": [
      "2026-07-17 22:15:03.258466+00:00"
    ]
  }
}
Function parse_pdf took 95.4664 seconds to execute.
Running: get_tables
Function get_tables took 0.0001 seconds to execute.
Running: get_surrounding_paragraphs
Function get_surrounding_paragraphs took 0.0001 seconds to execute.
