Running: parse_pdf
Raw PDF conversion timings:
{
  "pipeline_total": {
    "scope": "document",
    "count": 1,
    "times": [
      7.008486183360219
    ],
    "start_timestamps": [
      "2026-07-17 19:41:24.438843+00:00"
    ]
  },
  "page_parse": {
    "scope": "page",
    "count": 7,
    "times": [
      0.07563166692852974,
      0.09019149839878082,
      0.04456211533397436,
      0.07701801508665085,
      0.07596469298005104,
      0.09039577282965183,
      0.1013893261551857
    ],
    "start_timestamps": [
      "2026-07-17 19:41:24.443085+00:00",
      "2026-07-17 19:41:24.518757+00:00",
      "2026-07-17 19:41:24.608984+00:00",
      "2026-07-17 19:41:24.653585+00:00",
      "2026-07-17 19:41:24.730642+00:00",
      "2026-07-17 19:41:24.806654+00:00",
      "2026-07-17 19:41:24.897092+00:00"
    ]
  },
  "ocr": {
    "scope": "page",
    "count": 7,
    "times": [
      0.1374242678284645,
      0.4995628846809268,
      0.9826759016141295,
      1.4976116279140115,
      0.8982503106817603,
      0.12318569142371416,
      0.11895408947020769
    ],
    "start_timestamps": [
      "2026-07-17 19:41:24.519006+00:00",
      "2026-07-17 19:41:24.656479+00:00",
      "2026-07-17 19:41:25.156058+00:00",
      "2026-07-17 19:41:26.138802+00:00",
      "2026-07-17 19:41:27.636430+00:00",
      "2026-07-17 19:41:28.534697+00:00",
      "2026-07-17 19:41:28.657892+00:00"
    ]
  },
  "layout": {
    "scope": "page",
    "count": 3,
    "times": [
      0.24447431229054928,
      0.06135916616767645,
      0.07219757605344057
    ],
    "start_timestamps": [
      "2026-07-17 19:41:24.656549+00:00",
      "2026-07-17 19:41:26.138902+00:00",
      "2026-07-17 19:41:28.777007+00:00"
    ]
  },
  "table_structure": {
    "scope": "page",
    "count": 7,
    "times": [
      1.6621313989162445e-05,
      2.6630237698554993e-05,
      7.934868335723877e-06,
      2.6159919798374176e-05,
      8.225440979003906e-06,
      0.2060781167820096,
      2.2683292627334595e-05
    ],
    "start_timestamps": [
      "2026-07-17 19:41:24.929218+00:00",
      "2026-07-17 19:41:26.238861+00:00",
      "2026-07-17 19:41:26.238893+00:00",
      "2026-07-17 19:41:28.929184+00:00",
      "2026-07-17 19:41:28.929215+00:00",
      "2026-07-17 19:41:28.929228+00:00",
      "2026-07-17 19:41:29.135324+00:00"
    ]
  },
  "page_assemble": {
    "scope": "page",
    "count": 7,
    "times": [
      0.0010735103860497475,
      0.0002902960404753685,
      5.589611828327179e-05,
      0.000257895328104496,
      0.00015861820429563522,
      0.0005448153242468834,
      0.00020399410277605057
    ],
    "start_timestamps": [
      "2026-07-17 19:41:24.929280+00:00",
      "2026-07-17 19:41:26.238943+00:00",
      "2026-07-17 19:41:26.239264+00:00",
      "2026-07-17 19:41:29.135515+00:00",
      "2026-07-17 19:41:29.135812+00:00",
      "2026-07-17 19:41:29.135993+00:00",
      "2026-07-17 19:41:29.136564+00:00"
    ]
  },
  "doc_assemble": {
    "scope": "document",
    "count": 1,
    "times": [
      0.02938187588006258
    ],
    "start_timestamps": [
      "2026-07-17 19:41:29.136951+00:00"
    ]
  },
  "reading_order": {
    "scope": "document",
    "count": 1,
    "times": [
      0.028930257074534893
    ],
    "start_timestamps": [
      "2026-07-17 19:41:29.137027+00:00"
    ]
  },
  "doc_enrich": {
    "scope": "document",
    "count": 1,
    "times": [
      2.2809570161625743
    ],
    "start_timestamps": [
      "2026-07-17 19:41:29.166357+00:00"
    ]
  }
}
All hyperlinked elements redacted in-memory.
Clean PDF conversion timings:
{
  "pipeline_total": {
    "scope": "document",
    "count": 1,
    "times": [
      7.500784323550761
    ],
    "start_timestamps": [
      "2026-07-17 19:41:31.564953+00:00"
    ]
  },
  "page_parse": {
    "scope": "page",
    "count": 7,
    "times": [
      0.07328147627413273,
      0.0900979321449995,
      0.04340481851249933,
      0.07593195233494043,
      0.07966873236000538,
      0.11650848854333162,
      0.1602619830518961
    ],
    "start_timestamps": [
      "2026-07-17 19:41:31.568462+00:00",
      "2026-07-17 19:41:31.641784+00:00",
      "2026-07-17 19:41:31.731922+00:00",
      "2026-07-17 19:41:31.775366+00:00",
      "2026-07-17 19:41:31.851340+00:00",
      "2026-07-17 19:41:31.931051+00:00",
      "2026-07-17 19:41:32.047609+00:00"
    ]
  },
  "ocr": {
    "scope": "page",
    "count": 7,
    "times": [
      0.13679198920726776,
      0.4921260140836239,
      0.898421443067491,
      1.4914159188047051,
      1.5177470846101642,
      0.12233352847397327,
      0.11913598235696554
    ],
    "start_timestamps": [
      "2026-07-17 19:41:31.642027+00:00",
      "2026-07-17 19:41:31.778862+00:00",
      "2026-07-17 19:41:32.271005+00:00",
      "2026-07-17 19:41:33.169490+00:00",
      "2026-07-17 19:41:34.660922+00:00",
      "2026-07-17 19:41:36.178685+00:00",
      "2026-07-17 19:41:36.301026+00:00"
    ]
  },
  "layout": {
    "scope": "page",
    "count": 3,
    "times": [
      0.1657182276248932,
      0.06070992909371853,
      0.07281682454049587
    ],
    "start_timestamps": [
      "2026-07-17 19:41:31.778934+00:00",
      "2026-07-17 19:41:33.169585+00:00",
      "2026-07-17 19:41:36.420419+00:00"
    ]
  },
  "table_structure": {
    "scope": "page",
    "count": 7,
    "times": [
      3.0768103897571564e-05,
      3.8282014429569244e-05,
      1.0468997061252594e-05,
      6.0152262449264526e-05,
      2.1911226212978363e-05,
      0.2054506205022335,
      2.7742236852645874e-05
    ],
    "start_timestamps": [
      "2026-07-17 19:41:32.052748+00:00",
      "2026-07-17 19:41:33.271692+00:00",
      "2026-07-17 19:41:33.271737+00:00",
      "2026-07-17 19:41:36.577451+00:00",
      "2026-07-17 19:41:36.577523+00:00",
      "2026-07-17 19:41:36.577552+00:00",
      "2026-07-17 19:41:36.783022+00:00"
    ]
  },
  "page_assemble": {
    "scope": "page",
    "count": 7,
    "times": [
      0.000301566906273365,
      0.00043852441012859344,
      7.79666006565094e-05,
      0.00031524430960416794,
      0.0001809699460864067,
      0.00033249426633119583,
      0.0002065291628241539
    ],
    "start_timestamps": [
      "2026-07-17 19:41:32.052856+00:00",
      "2026-07-17 19:41:33.271801+00:00",
      "2026-07-17 19:41:33.272276+00:00",
      "2026-07-17 19:41:36.783220+00:00",
      "2026-07-17 19:41:36.783573+00:00",
      "2026-07-17 19:41:36.783780+00:00",
      "2026-07-17 19:41:36.784140+00:00"
    ]
  },
  "doc_assemble": {
    "scope": "document",
    "count": 1,
    "times": [
      0.029188920743763447
    ],
    "start_timestamps": [
      "2026-07-17 19:41:36.784552+00:00"
    ]
  },
  "reading_order": {
    "scope": "document",
    "count": 1,
    "times": [
      0.02873435616493225
    ],
    "start_timestamps": [
      "2026-07-17 19:41:36.784613+00:00"
    ]
  },
  "doc_enrich": {
    "scope": "document",
    "count": 1,
    "times": [
      2.2519557094201446
    ],
    "start_timestamps": [
      "2026-07-17 19:41:36.813768+00:00"
    ]
  }
}
Function parse_pdf took 14.7211 seconds to execute.
Running: get_tables
Function get_tables took 0.0001 seconds to execute.
Running: get_surrounding_paragraphs
Function get_surrounding_paragraphs took 0.0000 seconds to execute.
