Running: parse_pdf
Raw PDF conversion timings:
{
  "pipeline_total": {
    "scope": "document",
    "count": 1,
    "times": [
      41.965978412888944
    ],
    "start_timestamps": [
      "2026-07-23 18:12:16.101553+00:00"
    ]
  },
  "page_parse": {
    "scope": "page",
    "count": 6,
    "times": [
      0.07349207252264023,
      0.08999887574464083,
      0.0935410913079977,
      0.0965490723028779,
      0.08759069349616766,
      0.06940475013107061
    ],
    "start_timestamps": [
      "2026-07-23 18:12:16.105937+00:00",
      "2026-07-23 18:12:16.179468+00:00",
      "2026-07-23 18:12:16.269503+00:00",
      "2026-07-23 18:12:16.363083+00:00",
      "2026-07-23 18:12:16.459674+00:00",
      "2026-07-23 18:12:16.547313+00:00"
    ]
  },
  "ocr": {
    "scope": "page",
    "count": 6,
    "times": [
      1.0347513817250729,
      0.13250999618321657,
      0.12947215884923935,
      1.3899213140830398,
      0.1266788924112916,
      0.1284813852980733
    ],
    "start_timestamps": [
      "2026-07-23 18:12:16.179717+00:00",
      "2026-07-23 18:12:17.214541+00:00",
      "2026-07-23 18:12:17.347060+00:00",
      "2026-07-23 18:12:17.476547+00:00",
      "2026-07-23 18:12:18.866486+00:00",
      "2026-07-23 18:12:18.993175+00:00"
    ]
  },
  "layout": {
    "scope": "page",
    "count": 2,
    "times": [
      0.07134776655584574,
      0.07304828707128763
    ],
    "start_timestamps": [
      "2026-07-23 18:12:17.214626+00:00",
      "2026-07-23 18:12:19.121838+00:00"
    ]
  },
  "table_structure": {
    "scope": "page",
    "count": 6,
    "times": [
      2.571847289800644e-05,
      3.310292959213257e-05,
      8.15466046333313e-06,
      0.19274196401238441,
      0.4454654362052679,
      2.1470710635185242e-05
    ],
    "start_timestamps": [
      "2026-07-23 18:12:17.299895+00:00",
      "2026-07-23 18:12:19.269439+00:00",
      "2026-07-23 18:12:19.269475+00:00",
      "2026-07-23 18:12:19.269487+00:00",
      "2026-07-23 18:12:19.462245+00:00",
      "2026-07-23 18:12:19.907816+00:00"
    ]
  },
  "page_assemble": {
    "scope": "page",
    "count": 6,
    "times": [
      0.0001715533435344696,
      0.00033593177795410156,
      0.00022577401250600815,
      0.00011337455362081528,
      0.00017764419317245483,
      0.00011709053069353104
    ],
    "start_timestamps": [
      "2026-07-23 18:12:17.299972+00:00",
      "2026-07-23 18:12:19.907948+00:00",
      "2026-07-23 18:12:19.908321+00:00",
      "2026-07-23 18:12:19.908573+00:00",
      "2026-07-23 18:12:19.908710+00:00",
      "2026-07-23 18:12:19.908907+00:00"
    ]
  },
  "doc_assemble": {
    "scope": "document",
    "count": 1,
    "times": [
      0.016004297882318497
    ],
    "start_timestamps": [
      "2026-07-23 18:12:19.909206+00:00"
    ]
  },
  "reading_order": {
    "scope": "document",
    "count": 1,
    "times": [
      0.015539242886006832
    ],
    "start_timestamps": [
      "2026-07-23 18:12:19.909279+00:00"
    ]
  },
  "doc_enrich": {
    "scope": "document",
    "count": 1,
    "times": [
      38.142262084409595
    ],
    "start_timestamps": [
      "2026-07-23 18:12:19.925239+00:00"
    ]
  }
}
All hyperlinked elements redacted in-memory.
Clean PDF conversion timings:
{
  "pipeline_total": {
    "scope": "document",
    "count": 1,
    "times": [
      41.922375350259244
    ],
    "start_timestamps": [
      "2026-07-23 18:12:58.160817+00:00"
    ]
  },
  "page_parse": {
    "scope": "page",
    "count": 6,
    "times": [
      0.07950333878397942,
      0.09426066000014544,
      0.09559701476246119,
      0.09800945408642292,
      0.09008215554058552,
      0.059848503209650517
    ],
    "start_timestamps": [
      "2026-07-23 18:12:58.165275+00:00",
      "2026-07-23 18:12:58.244818+00:00",
      "2026-07-23 18:12:58.339115+00:00",
      "2026-07-23 18:12:58.434753+00:00",
      "2026-07-23 18:12:58.532805+00:00",
      "2026-07-23 18:12:58.622936+00:00"
    ]
  },
  "ocr": {
    "scope": "page",
    "count": 6,
    "times": [
      0.9893794152885675,
      0.13397076539695263,
      0.128866670653224,
      1.367023777216673,
      0.13044021278619766,
      0.13097184337675571
    ],
    "start_timestamps": [
      "2026-07-23 18:12:58.245135+00:00",
      "2026-07-23 18:12:59.234620+00:00",
      "2026-07-23 18:12:59.368600+00:00",
      "2026-07-23 18:12:59.497476+00:00",
      "2026-07-23 18:13:00.864517+00:00",
      "2026-07-23 18:13:00.994967+00:00"
    ]
  },
  "layout": {
    "scope": "page",
    "count": 2,
    "times": [
      0.07185869477689266,
      0.07228232081979513
    ],
    "start_timestamps": [
      "2026-07-23 18:12:59.234771+00:00",
      "2026-07-23 18:13:01.126117+00:00"
    ]
  },
  "table_structure": {
    "scope": "page",
    "count": 6,
    "times": [
      2.243276685476303e-05,
      2.6038847863674164e-05,
      7.80448317527771e-06,
      0.20529448240995407,
      0.4467154098674655,
      2.0017847418785095e-05
    ],
    "start_timestamps": [
      "2026-07-23 18:12:59.320624+00:00",
      "2026-07-23 18:13:01.274142+00:00",
      "2026-07-23 18:13:01.274173+00:00",
      "2026-07-23 18:13:01.274185+00:00",
      "2026-07-23 18:13:01.479497+00:00",
      "2026-07-23 18:13:01.926312+00:00"
    ]
  },
  "page_assemble": {
    "scope": "page",
    "count": 6,
    "times": [
      0.0002592476084828377,
      0.00030398182570934296,
      0.00018856395035982132,
      0.0001056985929608345,
      0.0001662522554397583,
      0.0001454036682844162
    ],
    "start_timestamps": [
      "2026-07-23 18:12:59.320725+00:00",
      "2026-07-23 18:13:01.926468+00:00",
      "2026-07-23 18:13:01.926812+00:00",
      "2026-07-23 18:13:01.927026+00:00",
      "2026-07-23 18:13:01.927154+00:00",
      "2026-07-23 18:13:01.927344+00:00"
    ]
  },
  "doc_assemble": {
    "scope": "document",
    "count": 1,
    "times": [
      0.015484197996556759
    ],
    "start_timestamps": [
      "2026-07-23 18:13:01.927684+00:00"
    ]
  },
  "reading_order": {
    "scope": "document",
    "count": 1,
    "times": [
      0.01501177903264761
    ],
    "start_timestamps": [
      "2026-07-23 18:13:01.927746+00:00"
    ]
  },
  "doc_enrich": {
    "scope": "document",
    "count": 1,
    "times": [
      38.13997727818787
    ],
    "start_timestamps": [
      "2026-07-23 18:13:01.943202+00:00"
    ]
  }
}
Function parse_pdf took 84.1952 seconds to execute.
Running: get_tables
Function get_tables took 0.0000 seconds to execute.
Running: get_surrounding_paragraphs
Function get_surrounding_paragraphs took 0.0001 seconds to execute.
