Running: parse_pdf
Raw PDF conversion timings:
{
  "pipeline_total": {
    "scope": "document",
    "count": 1,
    "times": [
      71.99572296196129
    ],
    "start_timestamps": [
      "2026-07-23 09:51:15.967283+00:00"
    ]
  },
  "page_parse": {
    "scope": "page",
    "count": 13,
    "times": [
      0.14371327904518694,
      0.1825336740585044,
      0.14672793203499168,
      0.17002930992748588,
      0.18877830600831658,
      0.17047775501850992,
      0.24210009793750942,
      0.20703020493965596,
      0.13186401000712067,
      0.19497512793168426,
      0.19795999489724636,
      0.18144295690581203,
      0.10978409496601671
    ],
    "start_timestamps": [
      "2026-07-23 09:51:15.973894+00:00",
      "2026-07-23 09:51:16.117648+00:00",
      "2026-07-23 09:51:16.300222+00:00",
      "2026-07-23 09:51:16.446992+00:00",
      "2026-07-23 09:51:16.617063+00:00",
      "2026-07-23 09:51:16.805884+00:00",
      "2026-07-23 09:51:16.976405+00:00",
      "2026-07-23 09:51:17.218560+00:00",
      "2026-07-23 09:51:17.425639+00:00",
      "2026-07-23 09:51:17.557545+00:00",
      "2026-07-23 09:51:17.752566+00:00",
      "2026-07-23 09:51:17.950569+00:00",
      "2026-07-23 09:51:18.132066+00:00"
    ]
  },
  "ocr": {
    "scope": "page",
    "count": 13,
    "times": [
      0.18501162494067103,
      3.9637319929897785,
      0.12618771998677403,
      4.391680512926541,
      2.36672355607152,
      2.2978167830733582,
      3.1677478610072285,
      2.5780528750037774,
      0.11919800308533013,
      2.7903893509646878,
      4.317684174049646,
      0.11648591898847371,
      0.11884790298063308
    ],
    "start_timestamps": [
      "2026-07-23 09:51:16.117777+00:00",
      "2026-07-23 09:51:16.302822+00:00",
      "2026-07-23 09:51:20.266629+00:00",
      "2026-07-23 09:51:20.392827+00:00",
      "2026-07-23 09:51:24.784526+00:00",
      "2026-07-23 09:51:27.151273+00:00",
      "2026-07-23 09:51:29.449109+00:00",
      "2026-07-23 09:51:32.616877+00:00",
      "2026-07-23 09:51:35.194948+00:00",
      "2026-07-23 09:51:35.314156+00:00",
      "2026-07-23 09:51:38.104564+00:00",
      "2026-07-23 09:51:42.422268+00:00",
      "2026-07-23 09:51:42.538770+00:00"
    ]
  },
  "layout": {
    "scope": "page",
    "count": 3,
    "times": [
      0.18507505406159908,
      0.030155729968100786,
      0.1557150149019435
    ],
    "start_timestamps": [
      "2026-07-23 09:51:16.302919+00:00",
      "2026-07-23 09:51:20.266709+00:00",
      "2026-07-23 09:51:42.657878+00:00"
    ]
  },
  "table_structure": {
    "scope": "page",
    "count": 13,
    "times": [
      1.636100932955742e-05,
      3.0286959372460842e-05,
      0.5641935509629548,
      2.4495995603501797e-05,
      1.3545970432460308e-05,
      0.28352182707749307,
      2.1560932509601116e-05,
      1.2484029866755009e-05,
      0.9976399140432477,
      2.2341962903738022e-05,
      1.554901245981455e-05,
      0.23215712304227054,
      3.671902231872082e-05
    ],
    "start_timestamps": [
      "2026-07-23 09:51:16.618644+00:00",
      "2026-07-23 09:51:20.325587+00:00",
      "2026-07-23 09:51:43.172202+00:00",
      "2026-07-23 09:51:43.736412+00:00",
      "2026-07-23 09:51:43.736439+00:00",
      "2026-07-23 09:51:43.736456+00:00",
      "2026-07-23 09:51:44.020148+00:00",
      "2026-07-23 09:51:44.020172+00:00",
      "2026-07-23 09:51:44.020188+00:00",
      "2026-07-23 09:51:45.017848+00:00",
      "2026-07-23 09:51:45.018065+00:00",
      "2026-07-23 09:51:45.018085+00:00",
      "2026-07-23 09:51:45.250262+00:00"
    ]
  },
  "page_assemble": {
    "scope": "page",
    "count": 13,
    "times": [
      0.0012994800927117467,
      0.0004482449730858207,
      0.00044191302731633186,
      0.0003011069493368268,
      0.00029234110843390226,
      0.0001857000170275569,
      0.00017295591533184052,
      0.00017283600755035877,
      0.0004106340929865837,
      0.00025374803226441145,
      0.0002624249318614602,
      0.00032378104515373707,
      0.00040003506001085043
    ],
    "start_timestamps": [
      "2026-07-23 09:51:16.618727+00:00",
      "2026-07-23 09:51:20.325674+00:00",
      "2026-07-23 09:51:44.020254+00:00",
      "2026-07-23 09:51:44.020747+00:00",
      "2026-07-23 09:51:44.021080+00:00",
      "2026-07-23 09:51:44.021405+00:00",
      "2026-07-23 09:51:45.018774+00:00",
      "2026-07-23 09:51:45.018982+00:00",
      "2026-07-23 09:51:45.019176+00:00",
      "2026-07-23 09:51:45.019608+00:00",
      "2026-07-23 09:51:45.250527+00:00",
      "2026-07-23 09:51:45.250827+00:00",
      "2026-07-23 09:51:45.251178+00:00"
    ]
  },
  "doc_assemble": {
    "scope": "document",
    "count": 1,
    "times": [
      0.06468756892718375
    ],
    "start_timestamps": [
      "2026-07-23 09:51:45.251843+00:00"
    ]
  },
  "reading_order": {
    "scope": "document",
    "count": 1,
    "times": [
      0.06403359700925648
    ],
    "start_timestamps": [
      "2026-07-23 09:51:45.252019+00:00"
    ]
  },
  "doc_enrich": {
    "scope": "document",
    "count": 1,
    "times": [
      42.64642367104534
    ],
    "start_timestamps": [
      "2026-07-23 09:51:45.316561+00:00"
    ]
  }
}
All hyperlinked elements redacted in-memory.
Clean PDF conversion timings:
{
  "pipeline_total": {
    "scope": "document",
    "count": 1,
    "times": [
      72.71035376202781
    ],
    "start_timestamps": [
      "2026-07-23 09:52:28.067550+00:00"
    ]
  },
  "page_parse": {
    "scope": "page",
    "count": 13,
    "times": [
      0.14572772104293108,
      0.1775814170250669,
      0.15114023501519114,
      0.16618769604247063,
      0.19325934501830488,
      0.16995557898189873,
      0.5562522719847038,
      0.20251091802492738,
      0.12937156297266483,
      0.19436736404895782,
      0.19778706203214824,
      0.17936966905836016,
      0.11065655900165439
    ],
    "start_timestamps": [
      "2026-07-23 09:52:28.073755+00:00",
      "2026-07-23 09:52:28.219525+00:00",
      "2026-07-23 09:52:28.397147+00:00",
      "2026-07-23 09:52:28.548331+00:00",
      "2026-07-23 09:52:28.714561+00:00",
      "2026-07-23 09:52:28.907863+00:00",
      "2026-07-23 09:52:29.077862+00:00",
      "2026-07-23 09:52:29.634154+00:00",
      "2026-07-23 09:52:29.836709+00:00",
      "2026-07-23 09:52:29.966125+00:00",
      "2026-07-23 09:52:30.160535+00:00",
      "2026-07-23 09:52:30.358365+00:00",
      "2026-07-23 09:52:30.537806+00:00"
    ]
  },
  "ocr": {
    "scope": "page",
    "count": 13,
    "times": [
      0.1800171589711681,
      4.139140550047159,
      0.11929873598273844,
      4.432412359048612,
      2.3532696419861168,
      2.247848777915351,
      3.1090845220023766,
      2.584062620997429,
      0.11776127794291824,
      2.76102539699059,
      4.359804724925198,
      0.11775031802244484,
      0.12054150004405528
    ],
    "start_timestamps": [
      "2026-07-23 09:52:28.219632+00:00",
      "2026-07-23 09:52:28.399685+00:00",
      "2026-07-23 09:52:32.538925+00:00",
      "2026-07-23 09:52:32.658238+00:00",
      "2026-07-23 09:52:37.090676+00:00",
      "2026-07-23 09:52:39.443971+00:00",
      "2026-07-23 09:52:41.691837+00:00",
      "2026-07-23 09:52:44.800943+00:00",
      "2026-07-23 09:52:47.385028+00:00",
      "2026-07-23 09:52:47.502801+00:00",
      "2026-07-23 09:52:50.263847+00:00",
      "2026-07-23 09:52:54.623670+00:00",
      "2026-07-23 09:52:54.741440+00:00"
    ]
  },
  "layout": {
    "scope": "page",
    "count": 3,
    "times": [
      0.18807868799194694,
      0.02845060604158789,
      0.1500534500228241
    ],
    "start_timestamps": [
      "2026-07-23 09:52:28.399781+00:00",
      "2026-07-23 09:52:32.539003+00:00",
      "2026-07-23 09:52:54.862284+00:00"
    ]
  },
  "table_structure": {
    "scope": "page",
    "count": 13,
    "times": [
      1.7863931134343147e-05,
      2.5087036192417145e-05,
      0.5803101549390703,
      2.405606210231781e-05,
      1.4197081327438354e-05,
      0.28440560796298087,
      2.2612977772951126e-05,
      1.335598062723875e-05,
      1.00170577398967,
      2.417608629912138e-05,
      1.527892891317606e-05,
      0.2360482879448682,
      3.236101474612951e-05
    ],
    "start_timestamps": [
      "2026-07-23 09:52:28.720373+00:00",
      "2026-07-23 09:52:32.597458+00:00",
      "2026-07-23 09:52:55.376044+00:00",
      "2026-07-23 09:52:55.956372+00:00",
      "2026-07-23 09:52:55.956400+00:00",
      "2026-07-23 09:52:55.956418+00:00",
      "2026-07-23 09:52:56.240990+00:00",
      "2026-07-23 09:52:56.241016+00:00",
      "2026-07-23 09:52:56.241033+00:00",
      "2026-07-23 09:52:57.242766+00:00",
      "2026-07-23 09:52:57.242997+00:00",
      "2026-07-23 09:52:57.243016+00:00",
      "2026-07-23 09:52:57.479084+00:00"
    ]
  },
  "page_assemble": {
    "scope": "page",
    "count": 13,
    "times": [
      0.000302770989947021,
      0.00041151605546474457,
      0.0006169930566102266,
      0.00024054397363215685,
      0.0002683160128071904,
      0.00018083094619214535,
      0.00022708799224346876,
      0.0001792380353435874,
      0.00041608395986258984,
      0.000260651926510036,
      0.0002461939584463835,
      0.0003498889273032546,
      0.00039095699321478605
    ],
    "start_timestamps": [
      "2026-07-23 09:52:28.720449+00:00",
      "2026-07-23 09:52:32.597541+00:00",
      "2026-07-23 09:52:56.241795+00:00",
      "2026-07-23 09:52:56.242454+00:00",
      "2026-07-23 09:52:56.242718+00:00",
      "2026-07-23 09:52:56.243012+00:00",
      "2026-07-23 09:52:57.243641+00:00",
      "2026-07-23 09:52:57.243902+00:00",
      "2026-07-23 09:52:57.244103+00:00",
      "2026-07-23 09:52:57.244542+00:00",
      "2026-07-23 09:52:57.479347+00:00",
      "2026-07-23 09:52:57.479630+00:00",
      "2026-07-23 09:52:57.480011+00:00"
    ]
  },
  "doc_assemble": {
    "scope": "document",
    "count": 1,
    "times": [
      0.06523898697923869
    ],
    "start_timestamps": [
      "2026-07-23 09:52:57.480725+00:00"
    ]
  },
  "reading_order": {
    "scope": "document",
    "count": 1,
    "times": [
      0.06452836701646447
    ],
    "start_timestamps": [
      "2026-07-23 09:52:57.480902+00:00"
    ]
  },
  "doc_enrich": {
    "scope": "document",
    "count": 1,
    "times": [
      43.231887193978764
    ],
    "start_timestamps": [
      "2026-07-23 09:52:57.545997+00:00"
    ]
  }
}
Function parse_pdf took 144.9007 seconds to execute.
Running: get_tables
Function get_tables took 0.0001 seconds to execute.
Running: get_surrounding_paragraphs
Function get_surrounding_paragraphs took 0.0002 seconds to execute.
