Running: parse_pdf
Raw PDF conversion timings:
{
  "pipeline_total": {
    "scope": "document",
    "count": 1,
    "times": [
      3.0075717261061072
    ],
    "start_timestamps": [
      "2026-07-17 19:40:14.213640+00:00"
    ]
  },
  "page_parse": {
    "scope": "page",
    "count": 5,
    "times": [
      0.09928378742188215,
      0.10906081926077604,
      0.11632966343313456,
      0.09561149962246418,
      0.07635477278381586
    ],
    "start_timestamps": [
      "2026-07-17 19:40:14.218881+00:00",
      "2026-07-17 19:40:14.318204+00:00",
      "2026-07-17 19:40:14.427304+00:00",
      "2026-07-17 19:40:14.543676+00:00",
      "2026-07-17 19:40:14.639330+00:00"
    ]
  },
  "ocr": {
    "scope": "page",
    "count": 5,
    "times": [
      0.11935109924525023,
      0.127828617580235,
      1.13263132981956,
      1.2452482907101512,
      0.11747195292264223
    ],
    "start_timestamps": [
      "2026-07-17 19:40:14.318437+00:00",
      "2026-07-17 19:40:14.437831+00:00",
      "2026-07-17 19:40:14.565705+00:00",
      "2026-07-17 19:40:15.698441+00:00",
      "2026-07-17 19:40:16.943708+00:00"
    ]
  },
  "layout": {
    "scope": "page",
    "count": 4,
    "times": [
      0.28032626304775476,
      0.027461321093142033,
      0.0284050265327096,
      0.06026870012283325
    ],
    "start_timestamps": [
      "2026-07-17 19:40:14.437906+00:00",
      "2026-07-17 19:40:14.759177+00:00",
      "2026-07-17 19:40:15.698501+00:00",
      "2026-07-17 19:40:17.061323+00:00"
    ]
  },
  "table_structure": {
    "scope": "page",
    "count": 5,
    "times": [
      3.3272430300712585e-05,
      4.640687257051468e-05,
      4.615727812051773e-05,
      2.7812086045742035e-05,
      1.1640600860118866e-05
    ],
    "start_timestamps": [
      "2026-07-17 19:40:14.759292+00:00",
      "2026-07-17 19:40:14.832109+00:00",
      "2026-07-17 19:40:15.750186+00:00",
      "2026-07-17 19:40:17.197706+00:00",
      "2026-07-17 19:40:17.197739+00:00"
    ]
  },
  "page_assemble": {
    "scope": "page",
    "count": 5,
    "times": [
      0.001007184386253357,
      0.0004345579072833061,
      0.0004207417368888855,
      0.0005417196080088615,
      0.0004315916448831558
    ],
    "start_timestamps": [
      "2026-07-17 19:40:14.759743+00:00",
      "2026-07-17 19:40:14.832209+00:00",
      "2026-07-17 19:40:15.750294+00:00",
      "2026-07-17 19:40:17.197936+00:00",
      "2026-07-17 19:40:17.198556+00:00"
    ]
  },
  "doc_assemble": {
    "scope": "document",
    "count": 1,
    "times": [
      0.02054453920572996
    ],
    "start_timestamps": [
      "2026-07-17 19:40:17.199262+00:00"
    ]
  },
  "reading_order": {
    "scope": "document",
    "count": 1,
    "times": [
      0.02010184619575739
    ],
    "start_timestamps": [
      "2026-07-17 19:40:17.199335+00:00"
    ]
  },
  "doc_enrich": {
    "scope": "document",
    "count": 1,
    "times": [
      0.0013742661103606224
    ],
    "start_timestamps": [
      "2026-07-17 19:40:17.219831+00:00"
    ]
  }
}
All hyperlinked elements redacted in-memory.
Clean PDF conversion timings:
{
  "pipeline_total": {
    "scope": "document",
    "count": 1,
    "times": [
      3.0307660615071654
    ],
    "start_timestamps": [
      "2026-07-17 19:40:17.283376+00:00"
    ]
  },
  "page_parse": {
    "scope": "page",
    "count": 5,
    "times": [
      0.09333981573581696,
      0.10746059007942677,
      0.13088604900985956,
      0.09474699199199677,
      0.08185435924679041
    ],
    "start_timestamps": [
      "2026-07-17 19:40:17.288426+00:00",
      "2026-07-17 19:40:17.381809+00:00",
      "2026-07-17 19:40:17.489317+00:00",
      "2026-07-17 19:40:17.620250+00:00",
      "2026-07-17 19:40:17.715043+00:00"
    ]
  },
  "ocr": {
    "scope": "page",
    "count": 5,
    "times": [
      0.1192969772964716,
      0.12500956282019615,
      1.1225559255108237,
      1.2910075653344393,
      0.11801501642912626
    ],
    "start_timestamps": [
      "2026-07-17 19:40:17.382101+00:00",
      "2026-07-17 19:40:17.501459+00:00",
      "2026-07-17 19:40:17.626502+00:00",
      "2026-07-17 19:40:18.749145+00:00",
      "2026-07-17 19:40:20.040331+00:00"
    ]
  },
  "layout": {
    "scope": "page",
    "count": 4,
    "times": [
      0.22869366873055696,
      0.027019379660487175,
      0.0337085435166955,
      0.060038767755031586
    ],
    "start_timestamps": [
      "2026-07-17 19:40:17.501545+00:00",
      "2026-07-17 19:40:17.825668+00:00",
      "2026-07-17 19:40:18.749207+00:00",
      "2026-07-17 19:40:20.158573+00:00"
    ]
  },
  "table_structure": {
    "scope": "page",
    "count": 5,
    "times": [
      4.0626153349876404e-05,
      4.7167763113975525e-05,
      2.6910565793514252e-05,
      2.580881118774414e-05,
      1.2002885341644287e-05
    ],
    "start_timestamps": [
      "2026-07-17 19:40:17.825837+00:00",
      "2026-07-17 19:40:17.895818+00:00",
      "2026-07-17 19:40:18.804629+00:00",
      "2026-07-17 19:40:20.291595+00:00",
      "2026-07-17 19:40:20.291626+00:00"
    ]
  },
  "page_assemble": {
    "scope": "page",
    "count": 5,
    "times": [
      0.0004127565771341324,
      0.00043397676199674606,
      0.0002531064674258232,
      0.00025503989309072495,
      0.0002924501895904541
    ],
    "start_timestamps": [
      "2026-07-17 19:40:17.826288+00:00",
      "2026-07-17 19:40:17.895925+00:00",
      "2026-07-17 19:40:18.804697+00:00",
      "2026-07-17 19:40:20.291749+00:00",
      "2026-07-17 19:40:20.292044+00:00"
    ]
  },
  "doc_assemble": {
    "scope": "document",
    "count": 1,
    "times": [
      0.02022433653473854
    ],
    "start_timestamps": [
      "2026-07-17 19:40:20.292600+00:00"
    ]
  },
  "reading_order": {
    "scope": "document",
    "count": 1,
    "times": [
      0.019761507399380207
    ],
    "start_timestamps": [
      "2026-07-17 19:40:20.292681+00:00"
    ]
  },
  "doc_enrich": {
    "scope": "document",
    "count": 1,
    "times": [
      0.0012885956093668938
    ],
    "start_timestamps": [
      "2026-07-17 19:40:20.312848+00:00"
    ]
  }
}
Function parse_pdf took 6.1660 seconds to execute.
Running: get_tables
Function get_tables took 0.0000 seconds to execute.
Running: get_surrounding_paragraphs
Function get_surrounding_paragraphs took 0.0000 seconds to execute.
