Running: parse_pdf
Raw PDF conversion timings:
{
  "pipeline_total": {
    "scope": "document",
    "count": 1,
    "times": [
      53.338715760968626
    ],
    "start_timestamps": [
      "2026-07-23 19:52:00.986573+00:00"
    ]
  },
  "page_parse": {
    "scope": "page",
    "count": 9,
    "times": [
      0.17809941712766886,
      0.23891808465123177,
      0.19135970994830132,
      0.24428339209407568,
      0.23932968080043793,
      0.24771953839808702,
      0.21805668901652098,
      0.35172655805945396,
      0.31559193041175604
    ],
    "start_timestamps": [
      "2026-07-23 19:52:00.991297+00:00",
      "2026-07-23 19:52:01.169449+00:00",
      "2026-07-23 19:52:01.408423+00:00",
      "2026-07-23 19:52:01.599828+00:00",
      "2026-07-23 19:52:01.844155+00:00",
      "2026-07-23 19:52:02.083528+00:00",
      "2026-07-23 19:52:02.331304+00:00",
      "2026-07-23 19:52:02.549413+00:00",
      "2026-07-23 19:52:02.901185+00:00"
    ]
  },
  "ocr": {
    "scope": "page",
    "count": 9,
    "times": [
      0.24117725621908903,
      0.19267868250608444,
      0.2733626030385494,
      2.2210032902657986,
      0.4251847304403782,
      0.8354276940226555,
      0.716221971437335,
      0.12599236238747835,
      0.12871437519788742
    ],
    "start_timestamps": [
      "2026-07-23 19:52:01.169872+00:00",
      "2026-07-23 19:52:01.411081+00:00",
      "2026-07-23 19:52:01.603794+00:00",
      "2026-07-23 19:52:01.877187+00:00",
      "2026-07-23 19:52:04.098302+00:00",
      "2026-07-23 19:52:04.523503+00:00",
      "2026-07-23 19:52:05.358946+00:00",
      "2026-07-23 19:52:06.075183+00:00",
      "2026-07-23 19:52:06.201183+00:00"
    ]
  },
  "layout": {
    "scope": "page",
    "count": 5,
    "times": [
      0.2288122782483697,
      0.1642200779169798,
      0.22482895385473967,
      0.026138455606997013,
      0.07851916085928679
    ],
    "start_timestamps": [
      "2026-07-23 19:52:01.411170+00:00",
      "2026-07-23 19:52:01.680892+00:00",
      "2026-07-23 19:52:01.877240+00:00",
      "2026-07-23 19:52:04.098366+00:00",
      "2026-07-23 19:52:06.330066+00:00"
    ]
  },
  "table_structure": {
    "scope": "page",
    "count": 9,
    "times": [
      2.0909123122692108e-05,
      1.6821548342704773e-05,
      1.6743353279307485,
      2.3543834686279297e-05,
      2.3232772946357727e-05,
      7.695518434047699e-06,
      0.5813554599881172,
      2.2532418370246887e-05,
      1.1362135410308838e-05
    ],
    "start_timestamps": [
      "2026-07-23 19:52:01.680978+00:00",
      "2026-07-23 19:52:01.871777+00:00",
      "2026-07-23 19:52:02.331629+00:00",
      "2026-07-23 19:52:04.135366+00:00",
      "2026-07-23 19:52:06.712169+00:00",
      "2026-07-23 19:52:06.712203+00:00",
      "2026-07-23 19:52:06.712214+00:00",
      "2026-07-23 19:52:07.293586+00:00",
      "2026-07-23 19:52:07.293775+00:00"
    ]
  },
  "page_assemble": {
    "scope": "page",
    "count": 9,
    "times": [
      0.001296178437769413,
      0.0003630034625530243,
      0.0007639871910214424,
      0.00029199011623859406,
      0.00042151380330324173,
      0.0002374071627855301,
      0.0003613494336605072,
      0.008531933650374413,
      0.013338600285351276
    ],
    "start_timestamps": [
      "2026-07-23 19:52:01.681067+00:00",
      "2026-07-23 19:52:01.871833+00:00",
      "2026-07-23 19:52:04.006248+00:00",
      "2026-07-23 19:52:04.135448+00:00",
      "2026-07-23 19:52:07.293863+00:00",
      "2026-07-23 19:52:07.294322+00:00",
      "2026-07-23 19:52:07.294588+00:00",
      "2026-07-23 19:52:07.294971+00:00",
      "2026-07-23 19:52:07.303533+00:00"
    ]
  },
  "doc_assemble": {
    "scope": "document",
    "count": 1,
    "times": [
      0.046278453432023525
    ],
    "start_timestamps": [
      "2026-07-23 19:52:07.317055+00:00"
    ]
  },
  "reading_order": {
    "scope": "document",
    "count": 1,
    "times": [
      0.04579729773104191
    ],
    "start_timestamps": [
      "2026-07-23 19:52:07.317144+00:00"
    ]
  },
  "doc_enrich": {
    "scope": "document",
    "count": 1,
    "times": [
      46.96189409587532
    ],
    "start_timestamps": [
      "2026-07-23 19:52:07.363356+00:00"
    ]
  }
}
All hyperlinked elements redacted in-memory.
Clean PDF conversion timings:
{
  "pipeline_total": {
    "scope": "document",
    "count": 1,
    "times": [
      92.27977642789483
    ],
    "start_timestamps": [
      "2026-07-23 19:52:54.834996+00:00"
    ]
  },
  "page_parse": {
    "scope": "page",
    "count": 9,
    "times": [
      0.17129632271826267,
      0.23618866223841906,
      0.18577550817281008,
      0.23740887828171253,
      0.2517333421856165,
      0.23962091095745564,
      0.22569431457668543,
      0.6466211322695017,
      0.20099183171987534
    ],
    "start_timestamps": [
      "2026-07-23 19:52:54.839564+00:00",
      "2026-07-23 19:52:55.010910+00:00",
      "2026-07-23 19:52:55.247141+00:00",
      "2026-07-23 19:52:55.432959+00:00",
      "2026-07-23 19:52:55.670426+00:00",
      "2026-07-23 19:52:55.922237+00:00",
      "2026-07-23 19:52:56.161911+00:00",
      "2026-07-23 19:52:56.387683+00:00",
      "2026-07-23 19:52:57.034341+00:00"
    ]
  },
  "ocr": {
    "scope": "page",
    "count": 9,
    "times": [
      0.23838503379374743,
      0.18760519195348024,
      0.2422048319131136,
      2.3742310544475913,
      0.40550672076642513,
      0.8387564076110721,
      0.7326398948207498,
      0.12583954446017742,
      0.12219711020588875
    ],
    "start_timestamps": [
      "2026-07-23 19:52:55.011324+00:00",
      "2026-07-23 19:52:55.249746+00:00",
      "2026-07-23 19:52:55.437386+00:00",
      "2026-07-23 19:52:55.679624+00:00",
      "2026-07-23 19:52:58.053922+00:00",
      "2026-07-23 19:52:58.459445+00:00",
      "2026-07-23 19:52:59.298216+00:00",
      "2026-07-23 19:53:00.030872+00:00",
      "2026-07-23 19:53:00.156721+00:00"
    ]
  },
  "layout": {
    "scope": "page",
    "count": 5,
    "times": [
      0.22432721126824617,
      0.16425607539713383,
      0.22470738645642996,
      0.029017852619290352,
      0.08332140743732452
    ],
    "start_timestamps": [
      "2026-07-23 19:52:55.249841+00:00",
      "2026-07-23 19:52:55.517133+00:00",
      "2026-07-23 19:52:55.720675+00:00",
      "2026-07-23 19:52:58.053997+00:00",
      "2026-07-23 19:53:00.279066+00:00"
    ]
  },
  "table_structure": {
    "scope": "page",
    "count": 9,
    "times": [
      2.3424625396728516e-05,
      2.0819716155529022e-05,
      1.7738741803914309,
      2.4685636162757874e-05,
      2.4265609681606293e-05,
      7.052905857563019e-06,
      0.5818993328139186,
      2.2942200303077698e-05,
      1.1164971590042114
    ],
    "start_timestamps": [
      "2026-07-23 19:52:55.517245+00:00",
      "2026-07-23 19:52:55.720757+00:00",
      "2026-07-23 19:52:56.178313+00:00",
      "2026-07-23 19:52:58.093081+00:00",
      "2026-07-23 19:53:00.644327+00:00",
      "2026-07-23 19:53:00.644356+00:00",
      "2026-07-23 19:53:00.644366+00:00",
      "2026-07-23 19:53:01.226283+00:00",
      "2026-07-23 19:53:01.226531+00:00"
    ]
  },
  "page_assemble": {
    "scope": "page",
    "count": 9,
    "times": [
      0.0006342241540551186,
      0.0004031797870993614,
      0.0004983572289347649,
      0.00019086897373199463,
      0.00045564770698547363,
      0.00043185334652662277,
      0.00022068526595830917,
      0.00034542009234428406,
      0.000431290827691555
    ],
    "start_timestamps": [
      "2026-07-23 19:52:55.517345+00:00",
      "2026-07-23 19:52:55.720816+00:00",
      "2026-07-23 19:52:57.952434+00:00",
      "2026-07-23 19:52:58.093153+00:00",
      "2026-07-23 19:53:01.227555+00:00",
      "2026-07-23 19:53:01.228055+00:00",
      "2026-07-23 19:53:01.228508+00:00",
      "2026-07-23 19:53:01.228749+00:00",
      "2026-07-23 19:53:02.343908+00:00"
    ]
  },
  "doc_assemble": {
    "scope": "document",
    "count": 1,
    "times": [
      0.05011732690036297
    ],
    "start_timestamps": [
      "2026-07-23 19:53:02.344595+00:00"
    ]
  },
  "reading_order": {
    "scope": "document",
    "count": 1,
    "times": [
      0.04959323164075613
    ],
    "start_timestamps": [
      "2026-07-23 19:53:02.344687+00:00"
    ]
  },
  "doc_enrich": {
    "scope": "document",
    "count": 1,
    "times": [
      84.71999147627503
    ],
    "start_timestamps": [
      "2026-07-23 19:53:02.394745+00:00"
    ]
  }
}
Function parse_pdf took 146.2001 seconds to execute.
Running: get_tables
Function get_tables took 0.0001 seconds to execute.
Running: get_surrounding_paragraphs
Function get_surrounding_paragraphs took 0.0001 seconds to execute.
