Running: parse_pdf
Raw PDF conversion timings:
{
  "pipeline_total": {
    "scope": "document",
    "count": 1,
    "times": [
      5.311854369007051
    ],
    "start_timestamps": [
      "2026-07-17 20:39:29.370733+00:00"
    ]
  },
  "page_parse": {
    "scope": "page",
    "count": 4,
    "times": [
      0.10794658865779638,
      0.11171569209545851,
      0.11016200762242079,
      0.12829374428838491
    ],
    "start_timestamps": [
      "2026-07-17 20:39:29.382847+00:00",
      "2026-07-17 20:39:29.490841+00:00",
      "2026-07-17 20:39:29.602599+00:00",
      "2026-07-17 20:39:29.712803+00:00"
    ]
  },
  "ocr": {
    "scope": "page",
    "count": 4,
    "times": [
      0.13436225522309542,
      2.5534863397479057,
      1.7742315400391817,
      0.12498221173882484
    ],
    "start_timestamps": [
      "2026-07-17 20:39:29.490977+00:00",
      "2026-07-17 20:39:29.625398+00:00",
      "2026-07-17 20:39:32.178973+00:00",
      "2026-07-17 20:39:33.953222+00:00"
    ]
  },
  "layout": {
    "scope": "page",
    "count": 3,
    "times": [
      0.24889601208269596,
      0.028436491265892982,
      0.06203079968690872
    ],
    "start_timestamps": [
      "2026-07-17 20:39:29.625474+00:00",
      "2026-07-17 20:39:32.179036+00:00",
      "2026-07-17 20:39:34.078352+00:00"
    ]
  },
  "table_structure": {
    "scope": "page",
    "count": 4,
    "times": [
      3.0256807804107666e-05,
      4.6848319470882416e-05,
      2.9354356229305267e-05,
      0.29776388593018055
    ],
    "start_timestamps": [
      "2026-07-17 20:39:29.966618+00:00",
      "2026-07-17 20:39:32.258223+00:00",
      "2026-07-17 20:39:34.358236+00:00",
      "2026-07-17 20:39:34.358270+00:00"
    ]
  },
  "page_assemble": {
    "scope": "page",
    "count": 4,
    "times": [
      0.0004370836541056633,
      0.0005089780315756798,
      0.00044469721615314484,
      0.0006502941250801086
    ],
    "start_timestamps": [
      "2026-07-17 20:39:29.966696+00:00",
      "2026-07-17 20:39:32.258331+00:00",
      "2026-07-17 20:39:34.656239+00:00",
      "2026-07-17 20:39:34.656725+00:00"
    ]
  },
  "doc_assemble": {
    "scope": "document",
    "count": 1,
    "times": [
      0.023346710950136185
    ],
    "start_timestamps": [
      "2026-07-17 20:39:34.657634+00:00"
    ]
  },
  "reading_order": {
    "scope": "document",
    "count": 1,
    "times": [
      0.02283668052405119
    ],
    "start_timestamps": [
      "2026-07-17 20:39:34.657706+00:00"
    ]
  },
  "doc_enrich": {
    "scope": "document",
    "count": 1,
    "times": [
      0.001579231582581997
    ],
    "start_timestamps": [
      "2026-07-17 20:39:34.681002+00:00"
    ]
  }
}
All hyperlinked elements redacted in-memory.
Clean PDF conversion timings:
{
  "pipeline_total": {
    "scope": "document",
    "count": 1,
    "times": [
      4.789680436253548
    ],
    "start_timestamps": [
      "2026-07-17 20:39:34.773789+00:00"
    ]
  },
  "page_parse": {
    "scope": "page",
    "count": 4,
    "times": [
      0.10952755436301231,
      0.10945521760731936,
      0.12267196271568537,
      0.13761912658810616
    ],
    "start_timestamps": [
      "2026-07-17 20:39:34.784474+00:00",
      "2026-07-17 20:39:34.894052+00:00",
      "2026-07-17 20:39:35.003553+00:00",
      "2026-07-17 20:39:35.126273+00:00"
    ]
  },
  "ocr": {
    "scope": "page",
    "count": 4,
    "times": [
      0.13522209413349628,
      2.330383563414216,
      1.506898739375174,
      0.12357283756136894
    ],
    "start_timestamps": [
      "2026-07-17 20:39:34.894416+00:00",
      "2026-07-17 20:39:35.029683+00:00",
      "2026-07-17 20:39:37.360151+00:00",
      "2026-07-17 20:39:38.867067+00:00"
    ]
  },
  "layout": {
    "scope": "page",
    "count": 3,
    "times": [
      0.24530357029289007,
      0.028381027281284332,
      0.060954793356359005
    ],
    "start_timestamps": [
      "2026-07-17 20:39:35.029754+00:00",
      "2026-07-17 20:39:37.360210+00:00",
      "2026-07-17 20:39:38.990769+00:00"
    ]
  },
  "table_structure": {
    "scope": "page",
    "count": 4,
    "times": [
      2.8454698622226715e-05,
      2.3393891751766205e-05,
      2.633035182952881e-05,
      0.2932640565559268
    ],
    "start_timestamps": [
      "2026-07-17 20:39:35.317406+00:00",
      "2026-07-17 20:39:37.441939+00:00",
      "2026-07-17 20:39:39.244643+00:00",
      "2026-07-17 20:39:39.244675+00:00"
    ]
  },
  "page_assemble": {
    "scope": "page",
    "count": 4,
    "times": [
      0.0003321245312690735,
      0.00031110551208257675,
      0.0004447372630238533,
      0.0005005821585655212
    ],
    "start_timestamps": [
      "2026-07-17 20:39:35.317505+00:00",
      "2026-07-17 20:39:37.442001+00:00",
      "2026-07-17 20:39:39.538132+00:00",
      "2026-07-17 20:39:39.538614+00:00"
    ]
  },
  "doc_assemble": {
    "scope": "document",
    "count": 1,
    "times": [
      0.02264372818171978
    ],
    "start_timestamps": [
      "2026-07-17 20:39:39.539274+00:00"
    ]
  },
  "reading_order": {
    "scope": "document",
    "count": 1,
    "times": [
      0.022222035564482212
    ],
    "start_timestamps": [
      "2026-07-17 20:39:39.539333+00:00"
    ]
  },
  "doc_enrich": {
    "scope": "document",
    "count": 1,
    "times": [
      0.001520262099802494
    ],
    "start_timestamps": [
      "2026-07-17 20:39:39.561943+00:00"
    ]
  }
}
Function parse_pdf took 10.3681 seconds to execute.
Running: get_tables
Function get_tables took 0.0000 seconds to execute.
Running: get_surrounding_paragraphs
Function get_surrounding_paragraphs took 0.0000 seconds to execute.
