Running: parse_pdf
--- Logging error ---
Traceback (most recent call last):
  File "/mnt/iusers01/fatpou01/chem02/b07755hv/.local/lib/python3.12/site-packages/rapidocr/main.py", line 130, in run_ocr_steps
    cropped_img_list, det_res = self.detect_and_crop(img, op_record)
                                ^^^^^^^^^^^^^^^^^^^^^^^^^^^^^^^^^^^^
  File "/mnt/iusers01/fatpou01/chem02/b07755hv/.local/lib/python3.12/site-packages/rapidocr/main.py", line 298, in detect_and_crop
    raise RapidOCRError("The text detection result is empty")
rapidocr.main.RapidOCRError: The text detection result is empty

During handling of the above exception, another exception occurred:

Traceback (most recent call last):
  File "/mnt/iusers01/fatpou01/chem02/b07755hv/.conda/envs/env/lib/python3.12/logging/__init__.py", line 1163, in emit
    stream.write(msg + self.terminator)
  File "/mnt/iusers01/fatpou01/chem02/b07755hv/ChemistryExtract/src/chemstractor/lib/extractor.py", line 298, in write
    self.file.write(data)
ValueError: I/O operation on closed file.
Call stack:
  File "/mnt/iusers01/fatpou01/chem02/b07755hv/.conda/envs/env/lib/python3.12/threading.py", line 1030, in _bootstrap
    self._bootstrap_inner()
  File "/mnt/iusers01/fatpou01/chem02/b07755hv/.conda/envs/env/lib/python3.12/threading.py", line 1073, in _bootstrap_inner
    self.run()
  File "/mnt/iusers01/fatpou01/chem02/b07755hv/.conda/envs/env/lib/python3.12/threading.py", line 1010, in run
    self._target(*self._args, **self._kwargs)
  File "/mnt/iusers01/fatpou01/chem02/b07755hv/.local/lib/python3.12/site-packages/docling/pipeline/standard_pdf_pipeline.py", line 279, in _run
    processed = self._process_batch(batch)
  File "/mnt/iusers01/fatpou01/chem02/b07755hv/.local/lib/python3.12/site-packages/docling/pipeline/standard_pdf_pipeline.py", line 344, in _process_batch
    processed_pages = list(self.model(good[0].conv_res, pages))  # type: ignore[arg-type]
  File "/mnt/iusers01/fatpou01/chem02/b07755hv/.local/lib/python3.12/site-packages/docling/models/stages/ocr/rapid_ocr_model.py", line 491, in __call__
    result = self.reader(
  File "/mnt/iusers01/fatpou01/chem02/b07755hv/.local/lib/python3.12/site-packages/rapidocr/main.py", line 120, in __call__
    det_res, cls_res, rec_res, cropped_img_list = self.run_ocr_steps(img, op_record)
  File "/mnt/iusers01/fatpou01/chem02/b07755hv/.local/lib/python3.12/site-packages/rapidocr/main.py", line 132, in run_ocr_steps
    logger.warning(e)
Message: RapidOCRError('The text detection result is empty')
Arguments: ()
RapidOCR returned empty result!
Raw PDF conversion timings:
{
  "pipeline_total": {
    "scope": "document",
    "count": 1,
    "times": [
      50.0961882583797
    ],
    "start_timestamps": [
      "2026-07-23 18:24:56.901713+00:00"
    ]
  },
  "page_parse": {
    "scope": "page",
    "count": 7,
    "times": [
      0.14298627991229296,
      0.35435715317726135,
      0.20078495051711798,
      0.13845066353678703,
      0.14290695916861296,
      2.5725904796272516,
      0.13599378895014524
    ],
    "start_timestamps": [
      "2026-07-23 18:24:56.908290+00:00",
      "2026-07-23 18:24:57.051326+00:00",
      "2026-07-23 18:24:57.405722+00:00",
      "2026-07-23 18:24:57.606550+00:00",
      "2026-07-23 18:24:57.745051+00:00",
      "2026-07-23 18:24:57.888017+00:00",
      "2026-07-23 18:25:00.460659+00:00"
    ]
  },
  "ocr": {
    "scope": "page",
    "count": 7,
    "times": [
      3.7334493109956384,
      0.13270423654466867,
      0.12495838850736618,
      0.13004321977496147,
      0.1296140719205141,
      0.49853623751550913,
      0.1285854959860444
    ],
    "start_timestamps": [
      "2026-07-23 18:24:57.051429+00:00",
      "2026-07-23 18:25:00.784927+00:00",
      "2026-07-23 18:25:00.917640+00:00",
      "2026-07-23 18:25:01.042608+00:00",
      "2026-07-23 18:25:01.172660+00:00",
      "2026-07-23 18:25:01.302284+00:00",
      "2026-07-23 18:25:01.800838+00:00"
    ]
  },
  "layout": {
    "scope": "page",
    "count": 2,
    "times": [
      0.05576919112354517,
      0.08348799962550402
    ],
    "start_timestamps": [
      "2026-07-23 18:25:00.785114+00:00",
      "2026-07-23 18:25:01.929599+00:00"
    ]
  },
  "table_structure": {
    "scope": "page",
    "count": 7,
    "times": [
      2.809334546327591e-05,
      3.151874989271164e-05,
      0.3259537359699607,
      2.346467226743698e-05,
      1.1311843991279602e-05,
      0.4301186315715313,
      3.238022327423096e-05
    ],
    "start_timestamps": [
      "2026-07-23 18:25:00.902501+00:00",
      "2026-07-23 18:25:02.504451+00:00",
      "2026-07-23 18:25:02.504488+00:00",
      "2026-07-23 18:25:02.830457+00:00",
      "2026-07-23 18:25:02.830483+00:00",
      "2026-07-23 18:25:02.830585+00:00",
      "2026-07-23 18:25:03.260719+00:00"
    ]
  },
  "page_assemble": {
    "scope": "page",
    "count": 7,
    "times": [
      0.002249212935566902,
      0.000868605449795723,
      0.0006951680406928062,
      0.001100020483136177,
      0.0013295123353600502,
      0.0015878081321716309,
      0.015663319267332554
    ],
    "start_timestamps": [
      "2026-07-23 18:25:00.902585+00:00",
      "2026-07-23 18:25:02.831519+00:00",
      "2026-07-23 18:25:02.832432+00:00",
      "2026-07-23 18:25:02.833149+00:00",
      "2026-07-23 18:25:02.834271+00:00",
      "2026-07-23 18:25:03.260894+00:00",
      "2026-07-23 18:25:03.262513+00:00"
    ]
  },
  "doc_assemble": {
    "scope": "document",
    "count": 1,
    "times": [
      0.03579878620803356
    ],
    "start_timestamps": [
      "2026-07-23 18:25:03.278367+00:00"
    ]
  },
  "reading_order": {
    "scope": "document",
    "count": 1,
    "times": [
      0.03524177707731724
    ],
    "start_timestamps": [
      "2026-07-23 18:25:03.278522+00:00"
    ]
  },
  "doc_enrich": {
    "scope": "document",
    "count": 1,
    "times": [
      43.68368093017489
    ],
    "start_timestamps": [
      "2026-07-23 18:25:03.314197+00:00"
    ]
  }
}
All hyperlinked elements redacted in-memory.
--- Logging error ---
Traceback (most recent call last):
  File "/mnt/iusers01/fatpou01/chem02/b07755hv/.local/lib/python3.12/site-packages/rapidocr/main.py", line 130, in run_ocr_steps
    cropped_img_list, det_res = self.detect_and_crop(img, op_record)
                                ^^^^^^^^^^^^^^^^^^^^^^^^^^^^^^^^^^^^
  File "/mnt/iusers01/fatpou01/chem02/b07755hv/.local/lib/python3.12/site-packages/rapidocr/main.py", line 298, in detect_and_crop
    raise RapidOCRError("The text detection result is empty")
rapidocr.main.RapidOCRError: The text detection result is empty

During handling of the above exception, another exception occurred:

Traceback (most recent call last):
  File "/mnt/iusers01/fatpou01/chem02/b07755hv/.conda/envs/env/lib/python3.12/logging/__init__.py", line 1163, in emit
    stream.write(msg + self.terminator)
  File "/mnt/iusers01/fatpou01/chem02/b07755hv/ChemistryExtract/src/chemstractor/lib/extractor.py", line 298, in write
    self.file.write(data)
ValueError: I/O operation on closed file.
Call stack:
  File "/mnt/iusers01/fatpou01/chem02/b07755hv/.conda/envs/env/lib/python3.12/threading.py", line 1030, in _bootstrap
    self._bootstrap_inner()
  File "/mnt/iusers01/fatpou01/chem02/b07755hv/.conda/envs/env/lib/python3.12/threading.py", line 1073, in _bootstrap_inner
    self.run()
  File "/mnt/iusers01/fatpou01/chem02/b07755hv/.conda/envs/env/lib/python3.12/threading.py", line 1010, in run
    self._target(*self._args, **self._kwargs)
  File "/mnt/iusers01/fatpou01/chem02/b07755hv/.local/lib/python3.12/site-packages/docling/pipeline/standard_pdf_pipeline.py", line 279, in _run
    processed = self._process_batch(batch)
  File "/mnt/iusers01/fatpou01/chem02/b07755hv/.local/lib/python3.12/site-packages/docling/pipeline/standard_pdf_pipeline.py", line 344, in _process_batch
    processed_pages = list(self.model(good[0].conv_res, pages))  # type: ignore[arg-type]
  File "/mnt/iusers01/fatpou01/chem02/b07755hv/.local/lib/python3.12/site-packages/docling/models/stages/ocr/rapid_ocr_model.py", line 491, in __call__
    result = self.reader(
  File "/mnt/iusers01/fatpou01/chem02/b07755hv/.local/lib/python3.12/site-packages/rapidocr/main.py", line 120, in __call__
    det_res, cls_res, rec_res, cropped_img_list = self.run_ocr_steps(img, op_record)
  File "/mnt/iusers01/fatpou01/chem02/b07755hv/.local/lib/python3.12/site-packages/rapidocr/main.py", line 132, in run_ocr_steps
    logger.warning(e)
Message: RapidOCRError('The text detection result is empty')
Arguments: ()
RapidOCR returned empty result!
Clean PDF conversion timings:
{
  "pipeline_total": {
    "scope": "document",
    "count": 1,
    "times": [
      49.901043084450066
    ],
    "start_timestamps": [
      "2026-07-23 18:25:48.530427+00:00"
    ]
  },
  "page_parse": {
    "scope": "page",
    "count": 7,
    "times": [
      0.13685053028166294,
      0.35027376282960176,
      0.1993072461336851,
      0.25460200384259224,
      0.1823553116992116,
      2.166594530455768,
      0.3968339217826724
    ],
    "start_timestamps": [
      "2026-07-23 18:25:48.536358+00:00",
      "2026-07-23 18:25:48.673254+00:00",
      "2026-07-23 18:25:49.023571+00:00",
      "2026-07-23 18:25:49.222918+00:00",
      "2026-07-23 18:25:49.477566+00:00",
      "2026-07-23 18:25:49.659964+00:00",
      "2026-07-23 18:25:51.826605+00:00"
    ]
  },
  "ocr": {
    "scope": "page",
    "count": 7,
    "times": [
      3.6602039504796267,
      0.1369880586862564,
      0.1260898569598794,
      0.13197355158627033,
      0.1284027211368084,
      0.5195663403719664,
      0.12683232501149178
    ],
    "start_timestamps": [
      "2026-07-23 18:25:48.673321+00:00",
      "2026-07-23 18:25:52.333598+00:00",
      "2026-07-23 18:25:52.470596+00:00",
      "2026-07-23 18:25:52.596695+00:00",
      "2026-07-23 18:25:52.728678+00:00",
      "2026-07-23 18:25:52.857089+00:00",
      "2026-07-23 18:25:53.376674+00:00"
    ]
  },
  "layout": {
    "scope": "page",
    "count": 2,
    "times": [
      0.057535745203495026,
      0.08411604166030884
    ],
    "start_timestamps": [
      "2026-07-23 18:25:52.333715+00:00",
      "2026-07-23 18:25:53.503661+00:00"
    ]
  },
  "table_structure": {
    "scope": "page",
    "count": 7,
    "times": [
      1.4567747712135315e-05,
      2.4466775357723236e-05,
      0.3268520422279835,
      2.3523345589637756e-05,
      1.1261552572250366e-05,
      0.4335607225075364,
      3.453437238931656e-05
    ],
    "start_timestamps": [
      "2026-07-23 18:25:52.440907+00:00",
      "2026-07-23 18:25:54.008425+00:00",
      "2026-07-23 18:25:54.008454+00:00",
      "2026-07-23 18:25:54.335322+00:00",
      "2026-07-23 18:25:54.335349+00:00",
      "2026-07-23 18:25:54.335456+00:00",
      "2026-07-23 18:25:54.769031+00:00"
    ]
  },
  "page_assemble": {
    "scope": "page",
    "count": 7,
    "times": [
      0.0006166510283946991,
      0.0005514472723007202,
      0.00043846573680639267,
      0.0007017906755208969,
      0.0007145041599869728,
      0.0009305104613304138,
      0.0009496081620454788
    ],
    "start_timestamps": [
      "2026-07-23 18:25:52.440986+00:00",
      "2026-07-23 18:25:54.336363+00:00",
      "2026-07-23 18:25:54.336947+00:00",
      "2026-07-23 18:25:54.337418+00:00",
      "2026-07-23 18:25:54.338141+00:00",
      "2026-07-23 18:25:54.769204+00:00",
      "2026-07-23 18:25:54.770170+00:00"
    ]
  },
  "doc_assemble": {
    "scope": "document",
    "count": 1,
    "times": [
      0.03525061346590519
    ],
    "start_timestamps": [
      "2026-07-23 18:25:54.771305+00:00"
    ]
  },
  "reading_order": {
    "scope": "document",
    "count": 1,
    "times": [
      0.034786720760166645
    ],
    "start_timestamps": [
      "2026-07-23 18:25:54.771378+00:00"
    ]
  },
  "doc_enrich": {
    "scope": "document",
    "count": 1,
    "times": [
      43.62486561574042
    ],
    "start_timestamps": [
      "2026-07-23 18:25:54.806581+00:00"
    ]
  }
}
Function parse_pdf took 101.6720 seconds to execute.
Running: get_tables
Function get_tables took 0.0001 seconds to execute.
Running: get_surrounding_paragraphs
Function get_surrounding_paragraphs took 0.0001 seconds to execute.
