Running: parse_pdf
Raw PDF conversion timings:
{
  "pipeline_total": {
    "scope": "document",
    "count": 1,
    "times": [
      11.109621525742114
    ],
    "start_timestamps": [
      "2026-07-23 18:01:05.338567+00:00"
    ]
  },
  "page_parse": {
    "scope": "page",
    "count": 8,
    "times": [
      0.1453712172806263,
      0.1677690213546157,
      0.29223992209881544,
      0.18268698826432228,
      0.3023304780945182,
      0.1828081775456667,
      0.20799039956182241,
      0.08963134791702032
    ],
    "start_timestamps": [
      "2026-07-23 18:01:05.347683+00:00",
      "2026-07-23 18:01:05.493097+00:00",
      "2026-07-23 18:01:05.660906+00:00",
      "2026-07-23 18:01:05.953187+00:00",
      "2026-07-23 18:01:06.135915+00:00",
      "2026-07-23 18:01:06.438285+00:00",
      "2026-07-23 18:01:06.621152+00:00",
      "2026-07-23 18:01:06.829184+00:00"
    ]
  },
  "ocr": {
    "scope": "page",
    "count": 8,
    "times": [
      0.1707984497770667,
      1.721364920027554,
      1.7332044271752238,
      0.8426805082708597,
      1.2151554776355624,
      1.217264716513455,
      1.005332580767572,
      0.1152118407189846
    ],
    "start_timestamps": [
      "2026-07-23 18:01:05.493188+00:00",
      "2026-07-23 18:01:05.664024+00:00",
      "2026-07-23 18:01:07.385516+00:00",
      "2026-07-23 18:01:09.118735+00:00",
      "2026-07-23 18:01:09.961433+00:00",
      "2026-07-23 18:01:11.176605+00:00",
      "2026-07-23 18:01:12.393885+00:00",
      "2026-07-23 18:01:13.399234+00:00"
    ]
  },
  "layout": {
    "scope": "page",
    "count": 3,
    "times": [
      0.05598743446171284,
      0.029151509515941143,
      0.08319108095020056
    ],
    "start_timestamps": [
      "2026-07-23 18:01:05.664125+00:00",
      "2026-07-23 18:01:07.385577+00:00",
      "2026-07-23 18:01:13.514606+00:00"
    ]
  },
  "table_structure": {
    "scope": "page",
    "count": 8,
    "times": [
      2.0308420062065125e-05,
      2.5288201868534088e-05,
      2.607889473438263e-05,
      0.3859420893713832,
      2.400483936071396e-05,
      0.33276959136128426,
      3.3943913877010345e-05,
      1.28941610455513e-05
    ],
    "start_timestamps": [
      "2026-07-23 18:01:05.758133+00:00",
      "2026-07-23 18:01:07.437667+00:00",
      "2026-07-23 18:01:13.838111+00:00",
      "2026-07-23 18:01:13.838142+00:00",
      "2026-07-23 18:01:14.224101+00:00",
      "2026-07-23 18:01:14.224128+00:00",
      "2026-07-23 18:01:14.557060+00:00",
      "2026-07-23 18:01:14.557097+00:00"
    ]
  },
  "page_assemble": {
    "scope": "page",
    "count": 8,
    "times": [
      0.0003101043403148651,
      0.0003339778631925583,
      0.00033303629606962204,
      0.0003537246957421303,
      0.00030242931097745895,
      0.00022236909717321396,
      0.00036864448338747025,
      0.00041859783232212067
    ],
    "start_timestamps": [
      "2026-07-23 18:01:05.758208+00:00",
      "2026-07-23 18:01:07.437732+00:00",
      "2026-07-23 18:01:14.557200+00:00",
      "2026-07-23 18:01:14.557575+00:00",
      "2026-07-23 18:01:14.557953+00:00",
      "2026-07-23 18:01:14.558275+00:00",
      "2026-07-23 18:01:14.558517+00:00",
      "2026-07-23 18:01:14.558904+00:00"
    ]
  },
  "doc_assemble": {
    "scope": "document",
    "count": 1,
    "times": [
      0.04562795162200928
    ],
    "start_timestamps": [
      "2026-07-23 18:01:14.559500+00:00"
    ]
  },
  "reading_order": {
    "scope": "document",
    "count": 1,
    "times": [
      0.045151256024837494
    ],
    "start_timestamps": [
      "2026-07-23 18:01:14.559587+00:00"
    ]
  },
  "doc_enrich": {
    "scope": "document",
    "count": 1,
    "times": [
      1.843017048202455
    ],
    "start_timestamps": [
      "2026-07-23 18:01:14.605151+00:00"
    ]
  }
}
All hyperlinked elements redacted in-memory.
Clean PDF conversion timings:
{
  "pipeline_total": {
    "scope": "document",
    "count": 1,
    "times": [
      11.059196076355875
    ],
    "start_timestamps": [
      "2026-07-23 18:01:16.552511+00:00"
    ]
  },
  "page_parse": {
    "scope": "page",
    "count": 8,
    "times": [
      0.14110806584358215,
      0.16840094979852438,
      0.2917202338576317,
      0.18336910381913185,
      0.4918181737884879,
      0.1759567866101861,
      0.2326252916827798,
      0.08876325469464064
    ],
    "start_timestamps": [
      "2026-07-23 18:01:16.558715+00:00",
      "2026-07-23 18:01:16.699867+00:00",
      "2026-07-23 18:01:16.868310+00:00",
      "2026-07-23 18:01:17.160076+00:00",
      "2026-07-23 18:01:17.343493+00:00",
      "2026-07-23 18:01:17.835361+00:00",
      "2026-07-23 18:01:18.011363+00:00",
      "2026-07-23 18:01:18.244035+00:00"
    ]
  },
  "ocr": {
    "scope": "page",
    "count": 8,
    "times": [
      0.1709673786535859,
      1.7680519167333841,
      1.705044382251799,
      0.8448168970644474,
      1.216703831218183,
      1.1924126157537103,
      0.9600451281294227,
      0.1150399362668395
    ],
    "start_timestamps": [
      "2026-07-23 18:01:16.700019+00:00",
      "2026-07-23 18:01:16.871017+00:00",
      "2026-07-23 18:01:18.639179+00:00",
      "2026-07-23 18:01:20.344240+00:00",
      "2026-07-23 18:01:21.189073+00:00",
      "2026-07-23 18:01:22.405794+00:00",
      "2026-07-23 18:01:23.598221+00:00",
      "2026-07-23 18:01:24.558282+00:00"
    ]
  },
  "layout": {
    "scope": "page",
    "count": 3,
    "times": [
      0.05673624388873577,
      0.029578665271401405,
      0.0817605797201395
    ],
    "start_timestamps": [
      "2026-07-23 18:01:16.871106+00:00",
      "2026-07-23 18:01:18.639255+00:00",
      "2026-07-23 18:01:24.673509+00:00"
    ]
  },
  "table_structure": {
    "scope": "page",
    "count": 8,
    "times": [
      2.1870248019695282e-05,
      2.464745193719864e-05,
      2.721138298511505e-05,
      0.38387961871922016,
      2.2502616047859192e-05,
      0.33131503500044346,
      3.28822061419487e-05,
      1.3845972716808319e-05
    ],
    "start_timestamps": [
      "2026-07-23 18:01:16.966201+00:00",
      "2026-07-23 18:01:18.691648+00:00",
      "2026-07-23 18:01:24.992619+00:00",
      "2026-07-23 18:01:24.992651+00:00",
      "2026-07-23 18:01:25.376548+00:00",
      "2026-07-23 18:01:25.376573+00:00",
      "2026-07-23 18:01:25.708037+00:00",
      "2026-07-23 18:01:25.708073+00:00"
    ]
  },
  "page_assemble": {
    "scope": "page",
    "count": 8,
    "times": [
      0.00034927669912576675,
      0.00036614853888750076,
      0.0002816393971443176,
      0.0003037611022591591,
      0.00030111614614725113,
      0.00020613707602024078,
      0.00039080623537302017,
      0.0002266261726617813
    ],
    "start_timestamps": [
      "2026-07-23 18:01:16.966273+00:00",
      "2026-07-23 18:01:18.691721+00:00",
      "2026-07-23 18:01:25.708171+00:00",
      "2026-07-23 18:01:25.708486+00:00",
      "2026-07-23 18:01:25.708812+00:00",
      "2026-07-23 18:01:25.709133+00:00",
      "2026-07-23 18:01:25.709360+00:00",
      "2026-07-23 18:01:25.709771+00:00"
    ]
  },
  "doc_assemble": {
    "scope": "document",
    "count": 1,
    "times": [
      0.045849841088056564
    ],
    "start_timestamps": [
      "2026-07-23 18:01:25.710205+00:00"
    ]
  },
  "reading_order": {
    "scope": "document",
    "count": 1,
    "times": [
      0.045329040847718716
    ],
    "start_timestamps": [
      "2026-07-23 18:01:25.710313+00:00"
    ]
  },
  "doc_enrich": {
    "scope": "document",
    "count": 1,
    "times": [
      1.8556019673123956
    ],
    "start_timestamps": [
      "2026-07-23 18:01:25.756086+00:00"
    ]
  }
}
Function parse_pdf took 22.7963 seconds to execute.
Running: get_tables
Function get_tables took 0.0001 seconds to execute.
Running: get_surrounding_paragraphs
Function get_surrounding_paragraphs took 0.0001 seconds to execute.
