Running: parse_pdf
Raw PDF conversion timings:
{
  "pipeline_total": {
    "scope": "document",
    "count": 1,
    "times": [
      20.52226638200227
    ],
    "start_timestamps": [
      "2026-07-23 09:49:26.046985+00:00"
    ]
  },
  "page_parse": {
    "scope": "page",
    "count": 8,
    "times": [
      0.09222863102331758,
      0.14131049101706594,
      0.157991758082062,
      0.12483402900397778,
      0.13764586206525564,
      0.1514510370325297,
      0.20890918793156743,
      0.07229041401296854
    ],
    "start_timestamps": [
      "2026-07-23 09:49:26.052384+00:00",
      "2026-07-23 09:49:26.144655+00:00",
      "2026-07-23 09:49:26.286003+00:00",
      "2026-07-23 09:49:26.444048+00:00",
      "2026-07-23 09:49:26.568926+00:00",
      "2026-07-23 09:49:26.706614+00:00",
      "2026-07-23 09:49:26.858109+00:00",
      "2026-07-23 09:49:27.067061+00:00"
    ]
  },
  "ocr": {
    "scope": "page",
    "count": 8,
    "times": [
      3.638864037930034,
      4.626779170008376,
      0.11832277395296842,
      0.1179003679426387,
      4.963775584939867,
      3.648018180974759,
      0.12294813001062721,
      0.11838236101903021
    ],
    "start_timestamps": [
      "2026-07-23 09:49:26.144903+00:00",
      "2026-07-23 09:49:29.783815+00:00",
      "2026-07-23 09:49:34.410612+00:00",
      "2026-07-23 09:49:34.528945+00:00",
      "2026-07-23 09:49:34.646855+00:00",
      "2026-07-23 09:49:39.610650+00:00",
      "2026-07-23 09:49:43.258686+00:00",
      "2026-07-23 09:49:43.381646+00:00"
    ]
  },
  "layout": {
    "scope": "page",
    "count": 2,
    "times": [
      0.055837666033767164,
      0.09934830397833139
    ],
    "start_timestamps": [
      "2026-07-23 09:49:29.783885+00:00",
      "2026-07-23 09:49:43.500211+00:00"
    ]
  },
  "table_structure": {
    "scope": "page",
    "count": 8,
    "times": [
      1.973705366253853e-05,
      2.6399968191981316e-05,
      9.49797686189413e-06,
      0.4755389919737354,
      1.8634949810802937e-05,
      0.24160373606719077,
      3.7510995753109455e-05,
      1.4467048458755016e-05
    ],
    "start_timestamps": [
      "2026-07-23 09:49:29.859064+00:00",
      "2026-07-23 09:49:44.000268+00:00",
      "2026-07-23 09:49:44.000301+00:00",
      "2026-07-23 09:49:44.000314+00:00",
      "2026-07-23 09:49:44.475873+00:00",
      "2026-07-23 09:49:44.476021+00:00",
      "2026-07-23 09:49:44.717644+00:00",
      "2026-07-23 09:49:44.717685+00:00"
    ]
  },
  "page_assemble": {
    "scope": "page",
    "count": 8,
    "times": [
      0.00027892598882317543,
      0.0003928709775209427,
      0.0003460119478404522,
      0.00030609697569161654,
      0.0003618530463427305,
      0.0004914669552817941,
      0.0005212229443714023,
      0.00021556601859629154
    ],
    "start_timestamps": [
      "2026-07-23 09:49:29.859155+00:00",
      "2026-07-23 09:49:44.476081+00:00",
      "2026-07-23 09:49:44.476507+00:00",
      "2026-07-23 09:49:44.476875+00:00",
      "2026-07-23 09:49:44.477667+00:00",
      "2026-07-23 09:49:44.717926+00:00",
      "2026-07-23 09:49:44.719223+00:00",
      "2026-07-23 09:49:44.719776+00:00"
    ]
  },
  "doc_assemble": {
    "scope": "document",
    "count": 1,
    "times": [
      0.04560699895955622
    ],
    "start_timestamps": [
      "2026-07-23 09:49:44.720162+00:00"
    ]
  },
  "reading_order": {
    "scope": "document",
    "count": 1,
    "times": [
      0.045083250966854393
    ],
    "start_timestamps": [
      "2026-07-23 09:49:44.720256+00:00"
    ]
  },
  "doc_enrich": {
    "scope": "document",
    "count": 1,
    "times": [
      1.8034367830259725
    ],
    "start_timestamps": [
      "2026-07-23 09:49:44.765796+00:00"
    ]
  }
}
All hyperlinked elements redacted in-memory.
Clean PDF conversion timings:
{
  "pipeline_total": {
    "scope": "document",
    "count": 1,
    "times": [
      19.772816419950686
    ],
    "start_timestamps": [
      "2026-07-23 09:49:46.667965+00:00"
    ]
  },
  "page_parse": {
    "scope": "page",
    "count": 8,
    "times": [
      0.0996742689749226,
      0.14616931101772934,
      0.1617990400409326,
      0.13004055200144649,
      0.14242541196290404,
      0.14598754898179322,
      0.2162011309992522,
      0.07385634002275765
    ],
    "start_timestamps": [
      "2026-07-23 09:49:46.673104+00:00",
      "2026-07-23 09:49:46.772820+00:00",
      "2026-07-23 09:49:46.919031+00:00",
      "2026-07-23 09:49:47.080876+00:00",
      "2026-07-23 09:49:47.210959+00:00",
      "2026-07-23 09:49:47.353427+00:00",
      "2026-07-23 09:49:47.499459+00:00",
      "2026-07-23 09:49:47.715731+00:00"
    ]
  },
  "ocr": {
    "scope": "page",
    "count": 8,
    "times": [
      2.9946970330784097,
      4.638534063007683,
      0.12103816808667034,
      0.11698249098844826,
      5.032243411056697,
      3.6231037069810554,
      0.12198756891302764,
      0.12021102907601744
    ],
    "start_timestamps": [
      "2026-07-23 09:49:46.773068+00:00",
      "2026-07-23 09:49:49.767830+00:00",
      "2026-07-23 09:49:54.406380+00:00",
      "2026-07-23 09:49:54.527428+00:00",
      "2026-07-23 09:49:54.644420+00:00",
      "2026-07-23 09:49:59.676683+00:00",
      "2026-07-23 09:50:03.299805+00:00",
      "2026-07-23 09:50:03.421802+00:00"
    ]
  },
  "layout": {
    "scope": "page",
    "count": 2,
    "times": [
      0.05918219406157732,
      0.10846623498946428
    ],
    "start_timestamps": [
      "2026-07-23 09:49:49.767991+00:00",
      "2026-07-23 09:50:03.542216+00:00"
    ]
  },
  "table_structure": {
    "scope": "page",
    "count": 8,
    "times": [
      1.9205966964364052e-05,
      2.5707995519042015e-05,
      1.0590068995952606e-05,
      0.4544008378870785,
      2.5768065825104713e-05,
      0.23090436193160713,
      4.009599797427654e-05,
      1.2564007192850113e-05
    ],
    "start_timestamps": [
      "2026-07-23 09:49:49.846720+00:00",
      "2026-07-23 09:50:04.052517+00:00",
      "2026-07-23 09:50:04.052549+00:00",
      "2026-07-23 09:50:04.052564+00:00",
      "2026-07-23 09:50:04.506984+00:00",
      "2026-07-23 09:50:04.507193+00:00",
      "2026-07-23 09:50:04.738116+00:00",
      "2026-07-23 09:50:04.738160+00:00"
    ]
  },
  "page_assemble": {
    "scope": "page",
    "count": 8,
    "times": [
      0.00034506001975387335,
      0.0005527330795302987,
      0.0006144690560176969,
      0.00031656702049076557,
      0.0003764790017157793,
      0.00044072093442082405,
      0.0005196999991312623,
      0.00021177902817726135
    ],
    "start_timestamps": [
      "2026-07-23 09:49:49.846816+00:00",
      "2026-07-23 09:50:04.507891+00:00",
      "2026-07-23 09:50:04.508478+00:00",
      "2026-07-23 09:50:04.509117+00:00",
      "2026-07-23 09:50:04.509461+00:00",
      "2026-07-23 09:50:04.738410+00:00",
      "2026-07-23 09:50:04.738894+00:00",
      "2026-07-23 09:50:04.739440+00:00"
    ]
  },
  "doc_assemble": {
    "scope": "document",
    "count": 1,
    "times": [
      0.04498896305449307
    ],
    "start_timestamps": [
      "2026-07-23 09:50:04.739916+00:00"
    ]
  },
  "reading_order": {
    "scope": "document",
    "count": 1,
    "times": [
      0.0444520820165053
    ],
    "start_timestamps": [
      "2026-07-23 09:50:04.740017+00:00"
    ]
  },
  "doc_enrich": {
    "scope": "document",
    "count": 1,
    "times": [
      1.6558187400223687
    ],
    "start_timestamps": [
      "2026-07-23 09:50:04.784937+00:00"
    ]
  }
}
Function parse_pdf took 40.4489 seconds to execute.
Running: get_tables
Function get_tables took 0.0001 seconds to execute.
Running: get_surrounding_paragraphs
Function get_surrounding_paragraphs took 0.0001 seconds to execute.
