Running: parse_pdf
Raw PDF conversion timings:
{
  "pipeline_total": {
    "scope": "document",
    "count": 1,
    "times": [
      8.33252005558461
    ],
    "start_timestamps": [
      "2026-07-23 17:46:35.060199+00:00"
    ]
  },
  "page_parse": {
    "scope": "page",
    "count": 9,
    "times": [
      0.1294826539233327,
      0.12184458877891302,
      0.14232855662703514,
      0.18269352987408638,
      0.1640270221978426,
      0.18996956292539835,
      0.19066062476485968,
      0.1475566355511546,
      0.16414549481123686
    ],
    "start_timestamps": [
      "2026-07-23 17:46:35.066979+00:00",
      "2026-07-23 17:46:35.196506+00:00",
      "2026-07-23 17:46:35.318391+00:00",
      "2026-07-23 17:46:35.460772+00:00",
      "2026-07-23 17:46:35.643511+00:00",
      "2026-07-23 17:46:35.807594+00:00",
      "2026-07-23 17:46:35.997620+00:00",
      "2026-07-23 17:46:36.188321+00:00",
      "2026-07-23 17:46:36.335924+00:00"
    ]
  },
  "ocr": {
    "scope": "page",
    "count": 9,
    "times": [
      1.3076460231095552,
      0.9900175789371133,
      0.4958344781771302,
      0.38856097124516964,
      0.9182401215657592,
      0.9410915654152632,
      0.6382171474397182,
      0.13513978943228722,
      0.1378979990258813
    ],
    "start_timestamps": [
      "2026-07-23 17:46:35.196855+00:00",
      "2026-07-23 17:46:36.504549+00:00",
      "2026-07-23 17:46:37.494582+00:00",
      "2026-07-23 17:46:37.990433+00:00",
      "2026-07-23 17:46:38.379010+00:00",
      "2026-07-23 17:46:39.297267+00:00",
      "2026-07-23 17:46:40.238374+00:00",
      "2026-07-23 17:46:40.876608+00:00",
      "2026-07-23 17:46:41.011758+00:00"
    ]
  },
  "layout": {
    "scope": "page",
    "count": 2,
    "times": [
      0.05354069825261831,
      0.09759611543267965
    ],
    "start_timestamps": [
      "2026-07-23 17:46:36.504631+00:00",
      "2026-07-23 17:46:41.149853+00:00"
    ]
  },
  "table_structure": {
    "scope": "page",
    "count": 9,
    "times": [
      1.927744597196579e-05,
      0.4746171096339822,
      2.3463740944862366e-05,
      1.3294629752635956e-05,
      0.41016081906855106,
      2.485699951648712e-05,
      1.221243292093277e-05,
      1.664087176322937e-05,
      1.253373920917511e-05
    ],
    "start_timestamps": [
      "2026-07-23 17:46:36.628012+00:00",
      "2026-07-23 17:46:41.859085+00:00",
      "2026-07-23 17:46:42.333717+00:00",
      "2026-07-23 17:46:42.333743+00:00",
      "2026-07-23 17:46:42.333760+00:00",
      "2026-07-23 17:46:42.744089+00:00",
      "2026-07-23 17:46:42.744117+00:00",
      "2026-07-23 17:46:42.744132+00:00",
      "2026-07-23 17:46:42.744152+00:00"
    ]
  },
  "page_assemble": {
    "scope": "page",
    "count": 9,
    "times": [
      0.0007526865229010582,
      0.000599428080022335,
      0.0009527131915092468,
      0.0021533826366066933,
      0.0004962440580129623,
      0.0008603688329458237,
      0.0008348114788532257,
      0.0021489737555384636,
      0.0006521875038743019
    ],
    "start_timestamps": [
      "2026-07-23 17:46:36.628095+00:00",
      "2026-07-23 17:46:42.744261+00:00",
      "2026-07-23 17:46:42.744902+00:00",
      "2026-07-23 17:46:42.746058+00:00",
      "2026-07-23 17:46:42.748232+00:00",
      "2026-07-23 17:46:42.748749+00:00",
      "2026-07-23 17:46:42.749628+00:00",
      "2026-07-23 17:46:42.750487+00:00",
      "2026-07-23 17:46:42.752657+00:00"
    ]
  },
  "doc_assemble": {
    "scope": "document",
    "count": 1,
    "times": [
      0.03867517225444317
    ],
    "start_timestamps": [
      "2026-07-23 17:46:42.753544+00:00"
    ]
  },
  "reading_order": {
    "scope": "document",
    "count": 1,
    "times": [
      0.038109599612653255
    ],
    "start_timestamps": [
      "2026-07-23 17:46:42.753710+00:00"
    ]
  },
  "doc_enrich": {
    "scope": "document",
    "count": 1,
    "times": [
      0.6004600329324603
    ],
    "start_timestamps": [
      "2026-07-23 17:46:42.792243+00:00"
    ]
  }
}
All hyperlinked elements redacted in-memory.
Clean PDF conversion timings:
{
  "pipeline_total": {
    "scope": "document",
    "count": 1,
    "times": [
      9.008450427092612
    ],
    "start_timestamps": [
      "2026-07-23 17:46:43.694521+00:00"
    ]
  },
  "page_parse": {
    "scope": "page",
    "count": 9,
    "times": [
      0.12873803172260523,
      0.11973531916737556,
      0.13886125199496746,
      0.17550512216985226,
      0.4724731557071209,
      0.18847736530005932,
      0.16246088407933712,
      0.11995656508952379,
      0.1223703483119607
    ],
    "start_timestamps": [
      "2026-07-23 17:46:43.700560+00:00",
      "2026-07-23 17:46:43.829342+00:00",
      "2026-07-23 17:46:43.949119+00:00",
      "2026-07-23 17:46:44.088025+00:00",
      "2026-07-23 17:46:44.263577+00:00",
      "2026-07-23 17:46:44.736108+00:00",
      "2026-07-23 17:46:44.924648+00:00",
      "2026-07-23 17:46:45.087151+00:00",
      "2026-07-23 17:46:45.207148+00:00"
    ]
  },
  "ocr": {
    "scope": "page",
    "count": 9,
    "times": [
      1.5748833352699876,
      1.0091391038149595,
      0.4797375360503793,
      0.39562349300831556,
      0.9352457551285625,
      0.9430824732407928,
      0.6515222955495119,
      0.13316880073398352,
      0.13263149932026863
    ],
    "start_timestamps": [
      "2026-07-23 17:46:43.829477+00:00",
      "2026-07-23 17:46:45.404444+00:00",
      "2026-07-23 17:46:46.413598+00:00",
      "2026-07-23 17:46:46.893351+00:00",
      "2026-07-23 17:46:47.288992+00:00",
      "2026-07-23 17:46:48.224254+00:00",
      "2026-07-23 17:46:49.167353+00:00",
      "2026-07-23 17:46:49.818892+00:00",
      "2026-07-23 17:46:49.952071+00:00"
    ]
  },
  "layout": {
    "scope": "page",
    "count": 2,
    "times": [
      0.06716700177639723,
      0.09367098938673735
    ],
    "start_timestamps": [
      "2026-07-23 17:46:45.404529+00:00",
      "2026-07-23 17:46:50.084919+00:00"
    ]
  },
  "table_structure": {
    "scope": "page",
    "count": 9,
    "times": [
      2.7632340788841248e-05,
      0.4731383863836527,
      1.740269362926483e-05,
      7.543712854385376e-06,
      0.4090615212917328,
      2.6239082217216492e-05,
      1.2974254786968231e-05,
      1.7153099179267883e-05,
      1.3455748558044434e-05
    ],
    "start_timestamps": [
      "2026-07-23 17:46:45.528399+00:00",
      "2026-07-23 17:46:50.748795+00:00",
      "2026-07-23 17:46:51.221947+00:00",
      "2026-07-23 17:46:51.221967+00:00",
      "2026-07-23 17:46:51.221978+00:00",
      "2026-07-23 17:46:51.631196+00:00",
      "2026-07-23 17:46:51.631225+00:00",
      "2026-07-23 17:46:51.631242+00:00",
      "2026-07-23 17:46:51.631262+00:00"
    ]
  },
  "page_assemble": {
    "scope": "page",
    "count": 9,
    "times": [
      0.0002956073731184006,
      0.00042719393968582153,
      0.000507584773004055,
      0.0006436118856072426,
      0.00027784332633018494,
      0.0003320546820759773,
      0.0003228066489100456,
      0.00043804384768009186,
      0.00042165350168943405
    ],
    "start_timestamps": [
      "2026-07-23 17:46:45.528510+00:00",
      "2026-07-23 17:46:51.631370+00:00",
      "2026-07-23 17:46:51.631837+00:00",
      "2026-07-23 17:46:51.632369+00:00",
      "2026-07-23 17:46:51.633033+00:00",
      "2026-07-23 17:46:51.633332+00:00",
      "2026-07-23 17:46:51.633684+00:00",
      "2026-07-23 17:46:51.634024+00:00",
      "2026-07-23 17:46:51.634481+00:00"
    ]
  },
  "doc_assemble": {
    "scope": "document",
    "count": 1,
    "times": [
      0.03604578506201506
    ],
    "start_timestamps": [
      "2026-07-23 17:46:51.635066+00:00"
    ]
  },
  "reading_order": {
    "scope": "document",
    "count": 1,
    "times": [
      0.03558608889579773
    ],
    "start_timestamps": [
      "2026-07-23 17:46:51.635137+00:00"
    ]
  },
  "doc_enrich": {
    "scope": "document",
    "count": 1,
    "times": [
      1.0318189831450582
    ],
    "start_timestamps": [
      "2026-07-23 17:46:51.671136+00:00"
    ]
  }
}
Function parse_pdf took 18.2510 seconds to execute.
Running: get_tables
Function get_tables took 0.0001 seconds to execute.
Running: get_surrounding_paragraphs
Function get_surrounding_paragraphs took 0.0001 seconds to execute.
