Running: parse_pdf
Raw PDF conversion timings:
{
  "pipeline_total": {
    "scope": "document",
    "count": 1,
    "times": [
      20.237546728923917
    ],
    "start_timestamps": [
      "2026-07-17 20:50:24.272886+00:00"
    ]
  },
  "page_parse": {
    "scope": "page",
    "count": 10,
    "times": [
      0.08549886010587215,
      0.13640466425567865,
      0.1129258219152689,
      0.1793165747076273,
      0.3240912687033415,
      0.18832629919052124,
      0.15545723773539066,
      0.1615304546430707,
      0.12296879943460226,
      0.11703925207257271
    ],
    "start_timestamps": [
      "2026-07-17 20:50:24.277588+00:00",
      "2026-07-17 20:50:24.363124+00:00",
      "2026-07-17 20:50:24.499564+00:00",
      "2026-07-17 20:50:24.612538+00:00",
      "2026-07-17 20:50:24.791906+00:00",
      "2026-07-17 20:50:25.116039+00:00",
      "2026-07-17 20:50:25.304417+00:00",
      "2026-07-17 20:50:25.459930+00:00",
      "2026-07-17 20:50:25.621503+00:00",
      "2026-07-17 20:50:25.744515+00:00"
    ]
  },
  "ocr": {
    "scope": "page",
    "count": 10,
    "times": [
      1.9429286047816277,
      0.12230061274021864,
      0.1206321632489562,
      1.2521835248917341,
      2.027286298573017,
      1.506508668884635,
      1.9787117904052138,
      1.360138000920415,
      1.647132571786642,
      0.12103850767016411
    ],
    "start_timestamps": [
      "2026-07-17 20:50:24.363200+00:00",
      "2026-07-17 20:50:26.306224+00:00",
      "2026-07-17 20:50:26.428534+00:00",
      "2026-07-17 20:50:26.549175+00:00",
      "2026-07-17 20:50:27.801377+00:00",
      "2026-07-17 20:50:29.828681+00:00",
      "2026-07-17 20:50:31.335208+00:00",
      "2026-07-17 20:50:33.313937+00:00",
      "2026-07-17 20:50:34.674092+00:00",
      "2026-07-17 20:50:36.321242+00:00"
    ]
  },
  "layout": {
    "scope": "page",
    "count": 2,
    "times": [
      0.06920806411653757,
      0.1121422266587615
    ],
    "start_timestamps": [
      "2026-07-17 20:50:26.306298+00:00",
      "2026-07-17 20:50:36.442475+00:00"
    ]
  },
  "table_structure": {
    "scope": "page",
    "count": 10,
    "times": [
      1.524854451417923e-05,
      2.3764558136463165e-05,
      0.48176379408687353,
      2.1710991859436035e-05,
      6.543472409248352e-06,
      8.244998753070831e-06,
      6.3516199588775635e-06,
      5.359761416912079e-06,
      5.580484867095947e-06,
      8.546747267246246e-06
    ],
    "start_timestamps": [
      "2026-07-17 20:50:26.409952+00:00",
      "2026-07-17 20:50:36.862833+00:00",
      "2026-07-17 20:50:36.862862+00:00",
      "2026-07-17 20:50:37.344642+00:00",
      "2026-07-17 20:50:37.344666+00:00",
      "2026-07-17 20:50:37.344808+00:00",
      "2026-07-17 20:50:37.344820+00:00",
      "2026-07-17 20:50:37.344830+00:00",
      "2026-07-17 20:50:37.344839+00:00",
      "2026-07-17 20:50:37.344863+00:00"
    ]
  },
  "page_assemble": {
    "scope": "page",
    "count": 10,
    "times": [
      0.00019278191030025482,
      0.0003333166241645813,
      0.0002602599561214447,
      0.0003707483410835266,
      0.00019157025963068008,
      0.00019458681344985962,
      0.00024487078189849854,
      0.0002223290503025055,
      0.00020801089704036713,
      0.00034493952989578247
    ],
    "start_timestamps": [
      "2026-07-17 20:50:26.410007+00:00",
      "2026-07-17 20:50:37.344950+00:00",
      "2026-07-17 20:50:37.345314+00:00",
      "2026-07-17 20:50:37.345596+00:00",
      "2026-07-17 20:50:37.345987+00:00",
      "2026-07-17 20:50:37.346197+00:00",
      "2026-07-17 20:50:37.346420+00:00",
      "2026-07-17 20:50:37.346683+00:00",
      "2026-07-17 20:50:37.346923+00:00",
      "2026-07-17 20:50:37.347148+00:00"
    ]
  },
  "doc_assemble": {
    "scope": "document",
    "count": 1,
    "times": [
      0.04979582503437996
    ],
    "start_timestamps": [
      "2026-07-17 20:50:37.347665+00:00"
    ]
  },
  "reading_order": {
    "scope": "document",
    "count": 1,
    "times": [
      0.049304088577628136
    ],
    "start_timestamps": [
      "2026-07-17 20:50:37.347764+00:00"
    ]
  },
  "doc_enrich": {
    "scope": "document",
    "count": 1,
    "times": [
      7.11293170414865
    ],
    "start_timestamps": [
      "2026-07-17 20:50:37.397484+00:00"
    ]
  }
}
All hyperlinked elements redacted in-memory.
Clean PDF conversion timings:
{
  "pipeline_total": {
    "scope": "document",
    "count": 1,
    "times": [
      20.516827575862408
    ],
    "start_timestamps": [
      "2026-07-17 20:50:44.590585+00:00"
    ]
  },
  "page_parse": {
    "scope": "page",
    "count": 10,
    "times": [
      0.08500223513692617,
      0.13182445522397757,
      0.10155750904232264,
      0.2904836656525731,
      0.13788254465907812,
      0.1867132829502225,
      0.1605889331549406,
      0.13310395367443562,
      0.14029905200004578,
      0.13314441964030266
    ],
    "start_timestamps": [
      "2026-07-17 20:50:44.595243+00:00",
      "2026-07-17 20:50:44.680287+00:00",
      "2026-07-17 20:50:44.812151+00:00",
      "2026-07-17 20:50:44.913756+00:00",
      "2026-07-17 20:50:45.204278+00:00",
      "2026-07-17 20:50:45.342213+00:00",
      "2026-07-17 20:50:45.528976+00:00",
      "2026-07-17 20:50:45.689604+00:00",
      "2026-07-17 20:50:45.822748+00:00",
      "2026-07-17 20:50:45.963095+00:00"
    ]
  },
  "ocr": {
    "scope": "page",
    "count": 10,
    "times": [
      1.9297189749777317,
      0.12052441015839577,
      0.11970304418355227,
      1.698353205807507,
      2.0216399105265737,
      1.4875765992328525,
      1.8564595161005855,
      1.2494911961257458,
      1.5289896298199892,
      0.12051625456660986
    ],
    "start_timestamps": [
      "2026-07-17 20:50:44.680361+00:00",
      "2026-07-17 20:50:46.610187+00:00",
      "2026-07-17 20:50:46.730721+00:00",
      "2026-07-17 20:50:46.850435+00:00",
      "2026-07-17 20:50:48.548808+00:00",
      "2026-07-17 20:50:50.570465+00:00",
      "2026-07-17 20:50:52.058059+00:00",
      "2026-07-17 20:50:53.914536+00:00",
      "2026-07-17 20:50:55.164044+00:00",
      "2026-07-17 20:50:56.693052+00:00"
    ]
  },
  "layout": {
    "scope": "page",
    "count": 2,
    "times": [
      0.06882390100508928,
      0.11156552191823721
    ],
    "start_timestamps": [
      "2026-07-17 20:50:46.610262+00:00",
      "2026-07-17 20:50:56.813764+00:00"
    ]
  },
  "table_structure": {
    "scope": "page",
    "count": 10,
    "times": [
      2.8322450816631317e-05,
      5.1546841859817505e-05,
      0.4869740782305598,
      2.605840563774109e-05,
      9.568408131599426e-06,
      1.3574957847595215e-05,
      1.2133270502090454e-05,
      9.777955710887909e-06,
      8.887611329555511e-06,
      1.7251819372177124e-05
    ],
    "start_timestamps": [
      "2026-07-17 20:50:46.713719+00:00",
      "2026-07-17 20:50:57.229423+00:00",
      "2026-07-17 20:50:57.229457+00:00",
      "2026-07-17 20:50:57.716447+00:00",
      "2026-07-17 20:50:57.716476+00:00",
      "2026-07-17 20:50:57.716657+00:00",
      "2026-07-17 20:50:57.716674+00:00",
      "2026-07-17 20:50:57.716690+00:00",
      "2026-07-17 20:50:57.716703+00:00",
      "2026-07-17 20:50:57.716731+00:00"
    ]
  },
  "page_assemble": {
    "scope": "page",
    "count": 10,
    "times": [
      0.0005125449970364571,
      0.0003159632906317711,
      0.0002573644742369652,
      0.00038788001984357834,
      0.0001962697133421898,
      0.0002035936340689659,
      0.0002724425867199898,
      0.0002255542203783989,
      0.00020837225019931793,
      0.00033827684819698334
    ],
    "start_timestamps": [
      "2026-07-17 20:50:46.713806+00:00",
      "2026-07-17 20:50:57.716824+00:00",
      "2026-07-17 20:50:57.717172+00:00",
      "2026-07-17 20:50:57.717453+00:00",
      "2026-07-17 20:50:57.717860+00:00",
      "2026-07-17 20:50:57.718076+00:00",
      "2026-07-17 20:50:57.718297+00:00",
      "2026-07-17 20:50:57.718588+00:00",
      "2026-07-17 20:50:57.718830+00:00",
      "2026-07-17 20:50:57.719056+00:00"
    ]
  },
  "doc_assemble": {
    "scope": "document",
    "count": 1,
    "times": [
      0.36222438607364893
    ],
    "start_timestamps": [
      "2026-07-17 20:50:57.719576+00:00"
    ]
  },
  "reading_order": {
    "scope": "document",
    "count": 1,
    "times": [
      0.3615613589063287
    ],
    "start_timestamps": [
      "2026-07-17 20:50:57.719673+00:00"
    ]
  },
  "doc_enrich": {
    "scope": "document",
    "count": 1,
    "times": [
      7.025551204569638
    ],
    "start_timestamps": [
      "2026-07-17 20:50:58.081831+00:00"
    ]
  }
}
Function parse_pdf took 41.1737 seconds to execute.
Running: get_tables
Function get_tables took 0.0001 seconds to execute.
Running: get_surrounding_paragraphs
Function get_surrounding_paragraphs took 0.0001 seconds to execute.
