Running: parse_pdf
Raw PDF conversion timings:
{
  "pipeline_total": {
    "scope": "document",
    "count": 1,
    "times": [
      64.05298083089292
    ],
    "start_timestamps": [
      "2026-07-23 15:55:44.285255+00:00"
    ]
  },
  "page_parse": {
    "scope": "page",
    "count": 6,
    "times": [
      0.20305885933339596,
      0.21392049733549356,
      0.30017359647899866,
      0.15362250246107578,
      0.2919856794178486,
      0.3067031931132078
    ],
    "start_timestamps": [
      "2026-07-23 15:55:44.288744+00:00",
      "2026-07-23 15:55:44.491848+00:00",
      "2026-07-23 15:55:44.705810+00:00",
      "2026-07-23 15:55:45.006025+00:00",
      "2026-07-23 15:55:45.159695+00:00",
      "2026-07-23 15:55:45.451728+00:00"
    ]
  },
  "ocr": {
    "scope": "page",
    "count": 6,
    "times": [
      4.84563516266644,
      4.580898568965495,
      3.430736823938787,
      3.236647129058838,
      3.8314434541389346,
      2.7608005115762353
    ],
    "start_timestamps": [
      "2026-07-23 15:55:44.492225+00:00",
      "2026-07-23 15:55:49.338011+00:00",
      "2026-07-23 15:55:53.918925+00:00",
      "2026-07-23 15:55:57.349678+00:00",
      "2026-07-23 15:56:00.586342+00:00",
      "2026-07-23 15:56:04.417801+00:00"
    ]
  },
  "layout": {
    "scope": "page",
    "count": 2,
    "times": [
      0.0620391434058547,
      0.07468925882130861
    ],
    "start_timestamps": [
      "2026-07-23 15:55:49.338119+00:00",
      "2026-07-23 15:56:07.178808+00:00"
    ]
  },
  "table_structure": {
    "scope": "page",
    "count": 6,
    "times": [
      2.1801330149173737e-05,
      2.2822991013526917e-05,
      9.989365935325623e-06,
      6.8731606006622314e-06,
      0.4935187119990587,
      2.1000392735004425e-05
    ],
    "start_timestamps": [
      "2026-07-23 15:55:49.472814+00:00",
      "2026-07-23 15:56:07.510533+00:00",
      "2026-07-23 15:56:07.510568+00:00",
      "2026-07-23 15:56:07.510582+00:00",
      "2026-07-23 15:56:07.510593+00:00",
      "2026-07-23 15:56:08.004202+00:00"
    ]
  },
  "page_assemble": {
    "scope": "page",
    "count": 6,
    "times": [
      0.0003830511122941971,
      0.0005690306425094604,
      0.0003703376278281212,
      0.0002566026523709297,
      0.0002821004018187523,
      0.00017421692609786987
    ],
    "start_timestamps": [
      "2026-07-23 15:55:49.472895+00:00",
      "2026-07-23 15:56:08.004316+00:00",
      "2026-07-23 15:56:08.004920+00:00",
      "2026-07-23 15:56:08.005313+00:00",
      "2026-07-23 15:56:08.005589+00:00",
      "2026-07-23 15:56:08.005891+00:00"
    ]
  },
  "doc_assemble": {
    "scope": "document",
    "count": 1,
    "times": [
      0.023656396195292473
    ],
    "start_timestamps": [
      "2026-07-23 15:56:08.006302+00:00"
    ]
  },
  "reading_order": {
    "scope": "document",
    "count": 1,
    "times": [
      0.02316199615597725
    ],
    "start_timestamps": [
      "2026-07-23 15:56:08.006392+00:00"
    ]
  },
  "doc_enrich": {
    "scope": "document",
    "count": 1,
    "times": [
      40.308207754045725
    ],
    "start_timestamps": [
      "2026-07-23 15:56:08.029987+00:00"
    ]
  }
}
All hyperlinked elements redacted in-memory.
Clean PDF conversion timings:
{
  "pipeline_total": {
    "scope": "document",
    "count": 1,
    "times": [
      63.94371813908219
    ],
    "start_timestamps": [
      "2026-07-23 15:56:48.421622+00:00"
    ]
  },
  "page_parse": {
    "scope": "page",
    "count": 6,
    "times": [
      0.20472675003111362,
      0.21521244198083878,
      0.2977554090321064,
      0.15460733696818352,
      0.37947498727589846,
      0.14526561833918095
    ],
    "start_timestamps": [
      "2026-07-23 15:56:48.425437+00:00",
      "2026-07-23 15:56:48.630210+00:00",
      "2026-07-23 15:56:48.845467+00:00",
      "2026-07-23 15:56:49.143266+00:00",
      "2026-07-23 15:56:49.297921+00:00",
      "2026-07-23 15:56:49.677455+00:00"
    ]
  },
  "ocr": {
    "scope": "page",
    "count": 6,
    "times": [
      4.792378059588373,
      4.5548552088439465,
      3.426540106534958,
      3.206755801104009,
      3.7988861510530114,
      2.7383641600608826
    ],
    "start_timestamps": [
      "2026-07-23 15:56:48.630311+00:00",
      "2026-07-23 15:56:53.422824+00:00",
      "2026-07-23 15:56:57.977697+00:00",
      "2026-07-23 15:57:01.404252+00:00",
      "2026-07-23 15:57:04.611024+00:00",
      "2026-07-23 15:57:08.409924+00:00"
    ]
  },
  "layout": {
    "scope": "page",
    "count": 2,
    "times": [
      0.06202778220176697,
      0.07469714432954788
    ],
    "start_timestamps": [
      "2026-07-23 15:56:53.422932+00:00",
      "2026-07-23 15:57:11.148492+00:00"
    ]
  },
  "table_structure": {
    "scope": "page",
    "count": 6,
    "times": [
      2.506747841835022e-05,
      2.7752481400966644e-05,
      9.937211871147156e-06,
      7.103197276592255e-06,
      0.4944362100213766,
      2.064928412437439e-05
    ],
    "start_timestamps": [
      "2026-07-23 15:56:53.558745+00:00",
      "2026-07-23 15:57:11.483565+00:00",
      "2026-07-23 15:57:11.483598+00:00",
      "2026-07-23 15:57:11.483612+00:00",
      "2026-07-23 15:57:11.483623+00:00",
      "2026-07-23 15:57:11.978155+00:00"
    ]
  },
  "page_assemble": {
    "scope": "page",
    "count": 6,
    "times": [
      0.00033300742506980896,
      0.000567236915230751,
      0.0003865472972393036,
      0.00025123264640569687,
      0.000272311270236969,
      0.00016776565462350845
    ],
    "start_timestamps": [
      "2026-07-23 15:56:53.558824+00:00",
      "2026-07-23 15:57:11.978265+00:00",
      "2026-07-23 15:57:11.978870+00:00",
      "2026-07-23 15:57:11.979280+00:00",
      "2026-07-23 15:57:11.979552+00:00",
      "2026-07-23 15:57:11.979848+00:00"
    ]
  },
  "doc_assemble": {
    "scope": "document",
    "count": 1,
    "times": [
      0.024103487841784954
    ],
    "start_timestamps": [
      "2026-07-23 15:57:11.980229+00:00"
    ]
  },
  "reading_order": {
    "scope": "document",
    "count": 1,
    "times": [
      0.023569652810692787
    ],
    "start_timestamps": [
      "2026-07-23 15:57:11.980351+00:00"
    ]
  },
  "doc_enrich": {
    "scope": "document",
    "count": 1,
    "times": [
      40.360956931486726
    ],
    "start_timestamps": [
      "2026-07-23 15:57:12.004362+00:00"
    ]
  }
}
Function parse_pdf took 128.2506 seconds to execute.
Running: get_tables
Function get_tables took 0.0001 seconds to execute.
Running: get_surrounding_paragraphs
Function get_surrounding_paragraphs took 0.0001 seconds to execute.
