Running: parse_pdf
Raw PDF conversion timings:
{
  "pipeline_total": {
    "scope": "document",
    "count": 1,
    "times": [
      3.1842085206881166
    ],
    "start_timestamps": [
      "2026-07-23 16:18:14.481944+00:00"
    ]
  },
  "page_parse": {
    "scope": "page",
    "count": 6,
    "times": [
      0.07181065808981657,
      0.09216545335948467,
      0.09572071395814419,
      0.1036588903516531,
      0.10363425314426422,
      0.07860947959125042
    ],
    "start_timestamps": [
      "2026-07-23 16:18:14.485306+00:00",
      "2026-07-23 16:18:14.557155+00:00",
      "2026-07-23 16:18:14.649359+00:00",
      "2026-07-23 16:18:14.745116+00:00",
      "2026-07-23 16:18:14.848816+00:00",
      "2026-07-23 16:18:14.952490+00:00"
    ]
  },
  "ocr": {
    "scope": "page",
    "count": 6,
    "times": [
      0.19082917645573616,
      0.5945519106462598,
      0.6589071406051517,
      0.968259803019464,
      0.39097902830690145,
      0.12978435307741165
    ],
    "start_timestamps": [
      "2026-07-23 16:18:14.557448+00:00",
      "2026-07-23 16:18:14.748313+00:00",
      "2026-07-23 16:18:15.342881+00:00",
      "2026-07-23 16:18:16.001871+00:00",
      "2026-07-23 16:18:16.970144+00:00",
      "2026-07-23 16:18:17.361144+00:00"
    ]
  },
  "layout": {
    "scope": "page",
    "count": 3,
    "times": [
      0.11313624028116465,
      0.06000166013836861,
      0.06102034728974104
    ],
    "start_timestamps": [
      "2026-07-23 16:18:14.748428+00:00",
      "2026-07-23 16:18:16.001937+00:00",
      "2026-07-23 16:18:17.491087+00:00"
    ]
  },
  "table_structure": {
    "scope": "page",
    "count": 6,
    "times": [
      1.7723068594932556e-05,
      2.4685636162757874e-05,
      7.985159754753113e-06,
      3.676954656839371e-05,
      9.708106517791748e-06,
      8.206814527511597e-06
    ],
    "start_timestamps": [
      "2026-07-23 16:18:14.883273+00:00",
      "2026-07-23 16:18:16.086877+00:00",
      "2026-07-23 16:18:16.086906+00:00",
      "2026-07-23 16:18:17.643179+00:00",
      "2026-07-23 16:18:17.643215+00:00",
      "2026-07-23 16:18:17.643229+00:00"
    ]
  },
  "page_assemble": {
    "scope": "page",
    "count": 6,
    "times": [
      0.0003911759704351425,
      0.00026698317378759384,
      0.00018734298646450043,
      0.00017739273607730865,
      0.0002676127478480339,
      0.0007001766934990883
    ],
    "start_timestamps": [
      "2026-07-23 16:18:14.883346+00:00",
      "2026-07-23 16:18:16.086965+00:00",
      "2026-07-23 16:18:16.087273+00:00",
      "2026-07-23 16:18:17.643330+00:00",
      "2026-07-23 16:18:17.643541+00:00",
      "2026-07-23 16:18:17.643836+00:00"
    ]
  },
  "doc_assemble": {
    "scope": "document",
    "count": 1,
    "times": [
      0.02030704729259014
    ],
    "start_timestamps": [
      "2026-07-23 16:18:17.644690+00:00"
    ]
  },
  "reading_order": {
    "scope": "document",
    "count": 1,
    "times": [
      0.01991917658597231
    ],
    "start_timestamps": [
      "2026-07-23 16:18:17.644734+00:00"
    ]
  },
  "doc_enrich": {
    "scope": "document",
    "count": 1,
    "times": [
      0.001127932220697403
    ],
    "start_timestamps": [
      "2026-07-23 16:18:17.665019+00:00"
    ]
  }
}
All hyperlinked elements redacted in-memory.
Clean PDF conversion timings:
{
  "pipeline_total": {
    "scope": "document",
    "count": 1,
    "times": [
      3.178875877521932
    ],
    "start_timestamps": [
      "2026-07-23 16:18:17.751409+00:00"
    ]
  },
  "page_parse": {
    "scope": "page",
    "count": 6,
    "times": [
      0.06965276785194874,
      0.09035954717546701,
      0.09423432778567076,
      0.10274245496839285,
      0.10429125931113958,
      0.07742597348988056
    ],
    "start_timestamps": [
      "2026-07-23 16:18:17.754385+00:00",
      "2026-07-23 16:18:17.824077+00:00",
      "2026-07-23 16:18:17.914474+00:00",
      "2026-07-23 16:18:18.008750+00:00",
      "2026-07-23 16:18:18.111538+00:00",
      "2026-07-23 16:18:18.215868+00:00"
    ]
  },
  "ocr": {
    "scope": "page",
    "count": 6,
    "times": [
      0.18788261245936155,
      0.5990852890536189,
      0.6641595344990492,
      0.9611340761184692,
      0.3954231683164835,
      0.1214687367901206
    ],
    "start_timestamps": [
      "2026-07-23 16:18:17.824325+00:00",
      "2026-07-23 16:18:18.012239+00:00",
      "2026-07-23 16:18:18.611342+00:00",
      "2026-07-23 16:18:19.275568+00:00",
      "2026-07-23 16:18:20.236717+00:00",
      "2026-07-23 16:18:20.632155+00:00"
    ]
  },
  "layout": {
    "scope": "page",
    "count": 3,
    "times": [
      0.11105472408235073,
      0.057999623008072376,
      0.06161942332983017
    ],
    "start_timestamps": [
      "2026-07-23 16:18:18.012313+00:00",
      "2026-07-23 16:18:19.275631+00:00",
      "2026-07-23 16:18:20.753773+00:00"
    ]
  },
  "table_structure": {
    "scope": "page",
    "count": 6,
    "times": [
      2.039782702922821e-05,
      3.148987889289856e-05,
      9.13720577955246e-06,
      2.616923302412033e-05,
      1.0099261999130249e-05,
      8.81589949131012e-06
    ],
    "start_timestamps": [
      "2026-07-23 16:18:18.145621+00:00",
      "2026-07-23 16:18:19.364379+00:00",
      "2026-07-23 16:18:19.364415+00:00",
      "2026-07-23 16:18:20.907242+00:00",
      "2026-07-23 16:18:20.907272+00:00",
      "2026-07-23 16:18:20.907287+00:00"
    ]
  },
  "page_assemble": {
    "scope": "page",
    "count": 6,
    "times": [
      0.0002559507265686989,
      0.000265670008957386,
      0.00019196141511201859,
      0.00022523384541273117,
      0.00024380814284086227,
      0.00031675584614276886
    ],
    "start_timestamps": [
      "2026-07-23 16:18:18.145692+00:00",
      "2026-07-23 16:18:19.364477+00:00",
      "2026-07-23 16:18:19.364779+00:00",
      "2026-07-23 16:18:20.907397+00:00",
      "2026-07-23 16:18:20.907659+00:00",
      "2026-07-23 16:18:20.907927+00:00"
    ]
  },
  "doc_assemble": {
    "scope": "document",
    "count": 1,
    "times": [
      0.020605970174074173
    ],
    "start_timestamps": [
      "2026-07-23 16:18:20.908422+00:00"
    ]
  },
  "reading_order": {
    "scope": "document",
    "count": 1,
    "times": [
      0.02020333055406809
    ],
    "start_timestamps": [
      "2026-07-23 16:18:20.908472+00:00"
    ]
  },
  "doc_enrich": {
    "scope": "document",
    "count": 1,
    "times": [
      0.0012274403125047684
    ],
    "start_timestamps": [
      "2026-07-23 16:18:20.929052+00:00"
    ]
  }
}
Function parse_pdf took 6.5102 seconds to execute.
Running: get_tables
Function get_tables took 0.0000 seconds to execute.
Running: get_surrounding_paragraphs
Function get_surrounding_paragraphs took 0.0000 seconds to execute.
