Running: parse_pdf
--- Logging error ---
Traceback (most recent call last):
  File "/mnt/iusers01/fatpou01/chem02/b07755hv/.local/lib/python3.12/site-packages/rapidocr/main.py", line 130, in run_ocr_steps
    cropped_img_list, det_res = self.detect_and_crop(img, op_record)
                                ^^^^^^^^^^^^^^^^^^^^^^^^^^^^^^^^^^^^
  File "/mnt/iusers01/fatpou01/chem02/b07755hv/.local/lib/python3.12/site-packages/rapidocr/main.py", line 298, in detect_and_crop
    raise RapidOCRError("The text detection result is empty")
rapidocr.main.RapidOCRError: The text detection result is empty

During handling of the above exception, another exception occurred:

Traceback (most recent call last):
  File "/mnt/iusers01/fatpou01/chem02/b07755hv/.conda/envs/env/lib/python3.12/logging/__init__.py", line 1163, in emit
    stream.write(msg + self.terminator)
  File "/mnt/iusers01/fatpou01/chem02/b07755hv/ChemistryExtract/src/chemstractor/lib/extractor.py", line 298, in write
    self.file.write(data)
ValueError: I/O operation on closed file.
Call stack:
  File "/mnt/iusers01/fatpou01/chem02/b07755hv/.conda/envs/env/lib/python3.12/threading.py", line 1030, in _bootstrap
    self._bootstrap_inner()
  File "/mnt/iusers01/fatpou01/chem02/b07755hv/.conda/envs/env/lib/python3.12/threading.py", line 1073, in _bootstrap_inner
    self.run()
  File "/mnt/iusers01/fatpou01/chem02/b07755hv/.conda/envs/env/lib/python3.12/threading.py", line 1010, in run
    self._target(*self._args, **self._kwargs)
  File "/mnt/iusers01/fatpou01/chem02/b07755hv/.local/lib/python3.12/site-packages/docling/pipeline/standard_pdf_pipeline.py", line 279, in _run
    processed = self._process_batch(batch)
  File "/mnt/iusers01/fatpou01/chem02/b07755hv/.local/lib/python3.12/site-packages/docling/pipeline/standard_pdf_pipeline.py", line 344, in _process_batch
    processed_pages = list(self.model(good[0].conv_res, pages))  # type: ignore[arg-type]
  File "/mnt/iusers01/fatpou01/chem02/b07755hv/.local/lib/python3.12/site-packages/docling/models/stages/ocr/rapid_ocr_model.py", line 491, in __call__
    result = self.reader(
  File "/mnt/iusers01/fatpou01/chem02/b07755hv/.local/lib/python3.12/site-packages/rapidocr/main.py", line 120, in __call__
    det_res, cls_res, rec_res, cropped_img_list = self.run_ocr_steps(img, op_record)
  File "/mnt/iusers01/fatpou01/chem02/b07755hv/.local/lib/python3.12/site-packages/rapidocr/main.py", line 132, in run_ocr_steps
    logger.warning(e)
Message: RapidOCRError('The text detection result is empty')
Arguments: ()
RapidOCR returned empty result!
Raw PDF conversion timings:
{
  "pipeline_total": {
    "scope": "document",
    "count": 1,
    "times": [
      15.157923460938036
    ],
    "start_timestamps": [
      "2026-07-23 17:09:05.761569+00:00"
    ]
  },
  "page_parse": {
    "scope": "page",
    "count": 11,
    "times": [
      0.09692584723234177,
      0.10188176296651363,
      0.10122139006853104,
      0.0967370430007577,
      0.08673440106213093,
      0.10862468089908361,
      0.21362757589668036,
      0.11742840614169836,
      0.09604160394519567,
      0.10029342491179705,
      0.05282646045088768
    ],
    "start_timestamps": [
      "2026-07-23 17:09:05.769026+00:00",
      "2026-07-23 17:09:05.865994+00:00",
      "2026-07-23 17:09:05.967917+00:00",
      "2026-07-23 17:09:06.069178+00:00",
      "2026-07-23 17:09:06.165958+00:00",
      "2026-07-23 17:09:06.252734+00:00",
      "2026-07-23 17:09:06.361414+00:00",
      "2026-07-23 17:09:06.575082+00:00",
      "2026-07-23 17:09:06.692553+00:00",
      "2026-07-23 17:09:06.788636+00:00",
      "2026-07-23 17:09:06.888971+00:00"
    ]
  },
  "ocr": {
    "scope": "page",
    "count": 11,
    "times": [
      0.20464924350380898,
      1.513510461896658,
      0.1192276207730174,
      0.351454253308475,
      0.9653874868527055,
      0.5049704061821103,
      0.46229217015206814,
      0.25405936874449253,
      0.9617958115413785,
      0.12593377195298672,
      0.1175083527341485
    ],
    "start_timestamps": [
      "2026-07-23 17:09:05.866567+00:00",
      "2026-07-23 17:09:06.071252+00:00",
      "2026-07-23 17:09:07.584779+00:00",
      "2026-07-23 17:09:07.704077+00:00",
      "2026-07-23 17:09:08.055548+00:00",
      "2026-07-23 17:09:09.020951+00:00",
      "2026-07-23 17:09:09.525937+00:00",
      "2026-07-23 17:09:09.988247+00:00",
      "2026-07-23 17:09:10.242323+00:00",
      "2026-07-23 17:09:11.204134+00:00",
      "2026-07-23 17:09:11.330077+00:00"
    ]
  },
  "layout": {
    "scope": "page",
    "count": 3,
    "times": [
      0.2005908563733101,
      0.05786773469299078,
      0.09287474676966667
    ],
    "start_timestamps": [
      "2026-07-23 17:09:06.071332+00:00",
      "2026-07-23 17:09:07.704139+00:00",
      "2026-07-23 17:09:11.447773+00:00"
    ]
  },
  "table_structure": {
    "scope": "page",
    "count": 11,
    "times": [
      3.560725599527359e-05,
      2.9785558581352234e-05,
      1.0941177606582642e-05,
      3.451574593782425e-05,
      0.3304306911304593,
      0.18685611430555582,
      0.24698988161981106,
      2.677086740732193e-05,
      1.5098601579666138e-05,
      2.2843480110168457e-05,
      9.368173778057098e-06
    ],
    "start_timestamps": [
      "2026-07-23 17:09:06.531608+00:00",
      "2026-07-23 17:09:07.873874+00:00",
      "2026-07-23 17:09:07.873909+00:00",
      "2026-07-23 17:09:12.036243+00:00",
      "2026-07-23 17:09:12.036282+00:00",
      "2026-07-23 17:09:12.366730+00:00",
      "2026-07-23 17:09:12.553602+00:00",
      "2026-07-23 17:09:12.800717+00:00",
      "2026-07-23 17:09:12.800746+00:00",
      "2026-07-23 17:09:12.800765+00:00",
      "2026-07-23 17:09:12.800791+00:00"
    ]
  },
  "page_assemble": {
    "scope": "page",
    "count": 11,
    "times": [
      0.0006037456914782524,
      0.00035727210342884064,
      0.0003021378070116043,
      0.0005129249766469002,
      0.0003004167228937149,
      0.00037521589547395706,
      0.0003673005849123001,
      0.0002907766029238701,
      0.00026700180023908615,
      0.0005300883203744888,
      0.00020396430045366287
    ],
    "start_timestamps": [
      "2026-07-23 17:09:06.531707+00:00",
      "2026-07-23 17:09:07.873965+00:00",
      "2026-07-23 17:09:07.874349+00:00",
      "2026-07-23 17:09:12.800905+00:00",
      "2026-07-23 17:09:12.801456+00:00",
      "2026-07-23 17:09:12.801783+00:00",
      "2026-07-23 17:09:12.802180+00:00",
      "2026-07-23 17:09:12.802594+00:00",
      "2026-07-23 17:09:12.802904+00:00",
      "2026-07-23 17:09:12.803189+00:00",
      "2026-07-23 17:09:12.803738+00:00"
    ]
  },
  "doc_assemble": {
    "scope": "document",
    "count": 1,
    "times": [
      0.05100500490516424
    ],
    "start_timestamps": [
      "2026-07-23 17:09:12.804138+00:00"
    ]
  },
  "reading_order": {
    "scope": "document",
    "count": 1,
    "times": [
      0.05046933703124523
    ],
    "start_timestamps": [
      "2026-07-23 17:09:12.804257+00:00"
    ]
  },
  "doc_enrich": {
    "scope": "document",
    "count": 1,
    "times": [
      8.064309174194932
    ],
    "start_timestamps": [
      "2026-07-23 17:09:12.855166+00:00"
    ]
  }
}
All hyperlinked elements redacted in-memory.
--- Logging error ---
Traceback (most recent call last):
  File "/mnt/iusers01/fatpou01/chem02/b07755hv/.local/lib/python3.12/site-packages/rapidocr/main.py", line 130, in run_ocr_steps
    cropped_img_list, det_res = self.detect_and_crop(img, op_record)
                                ^^^^^^^^^^^^^^^^^^^^^^^^^^^^^^^^^^^^
  File "/mnt/iusers01/fatpou01/chem02/b07755hv/.local/lib/python3.12/site-packages/rapidocr/main.py", line 298, in detect_and_crop
    raise RapidOCRError("The text detection result is empty")
rapidocr.main.RapidOCRError: The text detection result is empty

During handling of the above exception, another exception occurred:

Traceback (most recent call last):
  File "/mnt/iusers01/fatpou01/chem02/b07755hv/.conda/envs/env/lib/python3.12/logging/__init__.py", line 1163, in emit
    stream.write(msg + self.terminator)
  File "/mnt/iusers01/fatpou01/chem02/b07755hv/ChemistryExtract/src/chemstractor/lib/extractor.py", line 298, in write
    self.file.write(data)
ValueError: I/O operation on closed file.
Call stack:
  File "/mnt/iusers01/fatpou01/chem02/b07755hv/.conda/envs/env/lib/python3.12/threading.py", line 1030, in _bootstrap
    self._bootstrap_inner()
  File "/mnt/iusers01/fatpou01/chem02/b07755hv/.conda/envs/env/lib/python3.12/threading.py", line 1073, in _bootstrap_inner
    self.run()
  File "/mnt/iusers01/fatpou01/chem02/b07755hv/.conda/envs/env/lib/python3.12/threading.py", line 1010, in run
    self._target(*self._args, **self._kwargs)
  File "/mnt/iusers01/fatpou01/chem02/b07755hv/.local/lib/python3.12/site-packages/docling/pipeline/standard_pdf_pipeline.py", line 279, in _run
    processed = self._process_batch(batch)
  File "/mnt/iusers01/fatpou01/chem02/b07755hv/.local/lib/python3.12/site-packages/docling/pipeline/standard_pdf_pipeline.py", line 344, in _process_batch
    processed_pages = list(self.model(good[0].conv_res, pages))  # type: ignore[arg-type]
  File "/mnt/iusers01/fatpou01/chem02/b07755hv/.local/lib/python3.12/site-packages/docling/models/stages/ocr/rapid_ocr_model.py", line 491, in __call__
    result = self.reader(
  File "/mnt/iusers01/fatpou01/chem02/b07755hv/.local/lib/python3.12/site-packages/rapidocr/main.py", line 120, in __call__
    det_res, cls_res, rec_res, cropped_img_list = self.run_ocr_steps(img, op_record)
  File "/mnt/iusers01/fatpou01/chem02/b07755hv/.local/lib/python3.12/site-packages/rapidocr/main.py", line 132, in run_ocr_steps
    logger.warning(e)
Message: RapidOCRError('The text detection result is empty')
Arguments: ()
RapidOCR returned empty result!
Clean PDF conversion timings:
{
  "pipeline_total": {
    "scope": "document",
    "count": 1,
    "times": [
      15.43997619766742
    ],
    "start_timestamps": [
      "2026-07-23 17:09:21.048399+00:00"
    ]
  },
  "page_parse": {
    "scope": "page",
    "count": 11,
    "times": [
      0.09448282234370708,
      0.10248233005404472,
      0.10264946334064007,
      0.09815244004130363,
      0.3701157486066222,
      0.15691686980426311,
      0.13322099763900042,
      0.11582089681178331,
      0.09261338412761688,
      0.09798183757811785,
      0.06346638966351748
    ],
    "start_timestamps": [
      "2026-07-23 17:09:21.054282+00:00",
      "2026-07-23 17:09:21.148809+00:00",
      "2026-07-23 17:09:21.251335+00:00",
      "2026-07-23 17:09:21.354025+00:00",
      "2026-07-23 17:09:21.452221+00:00",
      "2026-07-23 17:09:21.822377+00:00",
      "2026-07-23 17:09:21.979344+00:00",
      "2026-07-23 17:09:22.112607+00:00",
      "2026-07-23 17:09:22.228473+00:00",
      "2026-07-23 17:09:22.321128+00:00",
      "2026-07-23 17:09:22.419155+00:00"
    ]
  },
  "ocr": {
    "scope": "page",
    "count": 11,
    "times": [
      0.1195470904931426,
      1.84929667878896,
      0.1350096147507429,
      0.3283915026113391,
      0.9544079750776291,
      0.5089966300874949,
      0.4671850297600031,
      0.22587312385439873,
      0.9751159427687526,
      0.1238689748570323,
      0.11922660749405622
    ],
    "start_timestamps": [
      "2026-07-23 17:09:21.149098+00:00",
      "2026-07-23 17:09:21.268685+00:00",
      "2026-07-23 17:09:23.118077+00:00",
      "2026-07-23 17:09:23.253095+00:00",
      "2026-07-23 17:09:23.581504+00:00",
      "2026-07-23 17:09:24.535928+00:00",
      "2026-07-23 17:09:25.044944+00:00",
      "2026-07-23 17:09:25.512145+00:00",
      "2026-07-23 17:09:25.738035+00:00",
      "2026-07-23 17:09:26.713173+00:00",
      "2026-07-23 17:09:26.837051+00:00"
    ]
  },
  "layout": {
    "scope": "page",
    "count": 3,
    "times": [
      0.5642791157588363,
      0.025631606578826904,
      0.10603581834584475
    ],
    "start_timestamps": [
      "2026-07-23 17:09:21.268776+00:00",
      "2026-07-23 17:09:23.118135+00:00",
      "2026-07-23 17:09:26.956500+00:00"
    ]
  },
  "table_structure": {
    "scope": "page",
    "count": 11,
    "times": [
      2.037733793258667e-05,
      2.470705658197403e-05,
      3.064796328544617e-05,
      1.050904393196106e-05,
      0.3355464991182089,
      0.18631677888333797,
      0.2482917420566082,
      2.4516135454177856e-05,
      1.225341111421585e-05,
      2.2493302822113037e-05,
      1.5729106962680817e-05
    ],
    "start_timestamps": [
      "2026-07-23 17:09:22.007249+00:00",
      "2026-07-23 17:09:23.182628+00:00",
      "2026-07-23 17:09:27.594232+00:00",
      "2026-07-23 17:09:27.594267+00:00",
      "2026-07-23 17:09:27.594285+00:00",
      "2026-07-23 17:09:27.929848+00:00",
      "2026-07-23 17:09:28.116272+00:00",
      "2026-07-23 17:09:28.364579+00:00",
      "2026-07-23 17:09:28.364606+00:00",
      "2026-07-23 17:09:28.364622+00:00",
      "2026-07-23 17:09:28.364759+00:00"
    ]
  },
  "page_assemble": {
    "scope": "page",
    "count": 11,
    "times": [
      0.0002999845892190933,
      0.00037186965346336365,
      0.0004940284416079521,
      0.00036418531090021133,
      0.0002422761172056198,
      0.00032457150518894196,
      0.0004677707329392433,
      0.00028837285935878754,
      0.0002617323771119118,
      0.0005005514249205589,
      0.00038587674498558044
    ],
    "start_timestamps": [
      "2026-07-23 17:09:22.007371+00:00",
      "2026-07-23 17:09:23.182698+00:00",
      "2026-07-23 17:09:28.116350+00:00",
      "2026-07-23 17:09:28.116880+00:00",
      "2026-07-23 17:09:28.117268+00:00",
      "2026-07-23 17:09:28.117531+00:00",
      "2026-07-23 17:09:28.364861+00:00",
      "2026-07-23 17:09:28.365363+00:00",
      "2026-07-23 17:09:28.365675+00:00",
      "2026-07-23 17:09:28.365955+00:00",
      "2026-07-23 17:09:28.366475+00:00"
    ]
  },
  "doc_assemble": {
    "scope": "document",
    "count": 1,
    "times": [
      0.05068518314510584
    ],
    "start_timestamps": [
      "2026-07-23 17:09:28.367072+00:00"
    ]
  },
  "reading_order": {
    "scope": "document",
    "count": 1,
    "times": [
      0.05009079538285732
    ],
    "start_timestamps": [
      "2026-07-23 17:09:28.367194+00:00"
    ]
  },
  "doc_enrich": {
    "scope": "document",
    "count": 1,
    "times": [
      8.070568989031017
    ],
    "start_timestamps": [
      "2026-07-23 17:09:28.417789+00:00"
    ]
  }
}
Function parse_pdf took 30.8972 seconds to execute.
Running: get_tables
Function get_tables took 0.0001 seconds to execute.
Running: get_surrounding_paragraphs
Function get_surrounding_paragraphs took 0.0001 seconds to execute.
