Running: parse_pdf
Raw PDF conversion timings:
{
  "pipeline_total": {
    "scope": "document",
    "count": 1,
    "times": [
      49.098016693256795
    ],
    "start_timestamps": [
      "2026-07-23 18:59:46.163562+00:00"
    ]
  },
  "page_parse": {
    "scope": "page",
    "count": 6,
    "times": [
      0.10812217835336924,
      0.1207023048773408,
      0.11045487876981497,
      0.14710671175271273,
      0.19302376359701157,
      0.10356873739510775
    ],
    "start_timestamps": [
      "2026-07-23 18:59:46.170075+00:00",
      "2026-07-23 18:59:46.278240+00:00",
      "2026-07-23 18:59:46.398983+00:00",
      "2026-07-23 18:59:46.509480+00:00",
      "2026-07-23 18:59:46.656635+00:00",
      "2026-07-23 18:59:46.849698+00:00"
    ]
  },
  "ocr": {
    "scope": "page",
    "count": 6,
    "times": [
      1.0100617203861475,
      0.1422485178336501,
      0.7089572073891759,
      1.074650072492659,
      1.2913528308272362,
      0.46117669716477394
    ],
    "start_timestamps": [
      "2026-07-23 18:59:46.278587+00:00",
      "2026-07-23 18:59:47.288709+00:00",
      "2026-07-23 18:59:47.430967+00:00",
      "2026-07-23 18:59:48.139941+00:00",
      "2026-07-23 18:59:49.214624+00:00",
      "2026-07-23 18:59:50.505993+00:00"
    ]
  },
  "layout": {
    "scope": "page",
    "count": 2,
    "times": [
      0.0703777689486742,
      0.08347422815859318
    ],
    "start_timestamps": [
      "2026-07-23 18:59:47.288824+00:00",
      "2026-07-23 18:59:50.967354+00:00"
    ]
  },
  "table_structure": {
    "scope": "page",
    "count": 6,
    "times": [
      2.0347535610198975e-05,
      3.3381395041942596e-05,
      9.708106517791748e-06,
      7.202848792076111e-06,
      6.211921572685242e-06,
      1.719314604997635e-05
    ],
    "start_timestamps": [
      "2026-07-23 18:59:47.421145+00:00",
      "2026-07-23 18:59:51.367628+00:00",
      "2026-07-23 18:59:51.367667+00:00",
      "2026-07-23 18:59:51.367681+00:00",
      "2026-07-23 18:59:51.367692+00:00",
      "2026-07-23 18:59:51.367739+00:00"
    ]
  },
  "page_assemble": {
    "scope": "page",
    "count": 6,
    "times": [
      0.002293696627020836,
      0.0008916575461626053,
      0.0012454744428396225,
      0.0018827542662620544,
      0.000666455365717411,
      0.010205868631601334
    ],
    "start_timestamps": [
      "2026-07-23 18:59:47.421215+00:00",
      "2026-07-23 18:59:51.367839+00:00",
      "2026-07-23 18:59:51.368761+00:00",
      "2026-07-23 18:59:51.370028+00:00",
      "2026-07-23 18:59:51.371932+00:00",
      "2026-07-23 18:59:51.372618+00:00"
    ]
  },
  "doc_assemble": {
    "scope": "document",
    "count": 1,
    "times": [
      0.0350655373185873
    ],
    "start_timestamps": [
      "2026-07-23 18:59:51.382983+00:00"
    ]
  },
  "reading_order": {
    "scope": "document",
    "count": 1,
    "times": [
      0.034582107327878475
    ],
    "start_timestamps": [
      "2026-07-23 18:59:51.383062+00:00"
    ]
  },
  "doc_enrich": {
    "scope": "document",
    "count": 1,
    "times": [
      43.84346816781908
    ],
    "start_timestamps": [
      "2026-07-23 18:59:51.418078+00:00"
    ]
  }
}
All hyperlinked elements redacted in-memory.
Clean PDF conversion timings:
{
  "pipeline_total": {
    "scope": "document",
    "count": 1,
    "times": [
      49.224114399403334
    ],
    "start_timestamps": [
      "2026-07-23 19:00:35.607076+00:00"
    ]
  },
  "page_parse": {
    "scope": "page",
    "count": 6,
    "times": [
      0.10305338446050882,
      0.11904600169509649,
      0.10865899454802275,
      0.15572902467101812,
      0.13509408198297024,
      0.09514099545776844
    ],
    "start_timestamps": [
      "2026-07-23 19:00:35.613038+00:00",
      "2026-07-23 19:00:35.716136+00:00",
      "2026-07-23 19:00:35.835225+00:00",
      "2026-07-23 19:00:35.943930+00:00",
      "2026-07-23 19:00:36.099707+00:00",
      "2026-07-23 19:00:36.234844+00:00"
    ]
  },
  "ocr": {
    "scope": "page",
    "count": 6,
    "times": [
      0.9791479296982288,
      0.1277949959039688,
      0.719836262986064,
      1.0451671704649925,
      1.3060841262340546,
      0.47541031148284674
    ],
    "start_timestamps": [
      "2026-07-23 19:00:35.716504+00:00",
      "2026-07-23 19:00:36.695720+00:00",
      "2026-07-23 19:00:36.823524+00:00",
      "2026-07-23 19:00:37.543377+00:00",
      "2026-07-23 19:00:38.588560+00:00",
      "2026-07-23 19:00:39.894672+00:00"
    ]
  },
  "layout": {
    "scope": "page",
    "count": 2,
    "times": [
      0.06888576503843069,
      0.08176593482494354
    ],
    "start_timestamps": [
      "2026-07-23 19:00:36.695883+00:00",
      "2026-07-23 19:00:40.370334+00:00"
    ]
  },
  "table_structure": {
    "scope": "page",
    "count": 6,
    "times": [
      2.237129956483841e-05,
      3.180932253599167e-05,
      9.337440133094788e-06,
      7.0938840508461e-06,
      8.995644748210907e-06,
      1.3855285942554474e-05
    ],
    "start_timestamps": [
      "2026-07-23 19:00:36.806937+00:00",
      "2026-07-23 19:00:40.702189+00:00",
      "2026-07-23 19:00:40.702227+00:00",
      "2026-07-23 19:00:40.702240+00:00",
      "2026-07-23 19:00:40.702250+00:00",
      "2026-07-23 19:00:40.702298+00:00"
    ]
  },
  "page_assemble": {
    "scope": "page",
    "count": 6,
    "times": [
      0.0006471183151006699,
      0.000445658341050148,
      0.0006883852183818817,
      0.0007643094286322594,
      0.00036747194826602936,
      0.0010304292663931847
    ],
    "start_timestamps": [
      "2026-07-23 19:00:36.807017+00:00",
      "2026-07-23 19:00:40.702420+00:00",
      "2026-07-23 19:00:40.702902+00:00",
      "2026-07-23 19:00:40.703612+00:00",
      "2026-07-23 19:00:40.704397+00:00",
      "2026-07-23 19:00:40.704783+00:00"
    ]
  },
  "doc_assemble": {
    "scope": "document",
    "count": 1,
    "times": [
      0.03428058233112097
    ],
    "start_timestamps": [
      "2026-07-23 19:00:40.705999+00:00"
    ]
  },
  "reading_order": {
    "scope": "document",
    "count": 1,
    "times": [
      0.033790298737585545
    ],
    "start_timestamps": [
      "2026-07-23 19:00:40.706081+00:00"
    ]
  },
  "doc_enrich": {
    "scope": "document",
    "count": 1,
    "times": [
      44.09084620140493
    ],
    "start_timestamps": [
      "2026-07-23 19:00:40.740318+00:00"
    ]
  }
}
Function parse_pdf took 99.2609 seconds to execute.
Running: get_tables
Function get_tables took 0.0001 seconds to execute.
Running: get_surrounding_paragraphs
Function get_surrounding_paragraphs took 0.0001 seconds to execute.
