Running: parse_pdf
Raw PDF conversion timings:
{
  "pipeline_total": {
    "scope": "document",
    "count": 1,
    "times": [
      7.654548911377788
    ],
    "start_timestamps": [
      "2026-07-23 19:50:59.797181+00:00"
    ]
  },
  "page_parse": {
    "scope": "page",
    "count": 9,
    "times": [
      0.09514448326081038,
      0.13720179721713066,
      0.11116130277514458,
      0.14242564607411623,
      0.1458507413044572,
      0.1916444068774581,
      0.2630132082849741,
      0.18671658262610435,
      0.0889082383364439
    ],
    "start_timestamps": [
      "2026-07-23 19:50:59.801557+00:00",
      "2026-07-23 19:50:59.896743+00:00",
      "2026-07-23 19:51:00.033985+00:00",
      "2026-07-23 19:51:00.145191+00:00",
      "2026-07-23 19:51:00.287665+00:00",
      "2026-07-23 19:51:00.433565+00:00",
      "2026-07-23 19:51:00.625255+00:00",
      "2026-07-23 19:51:00.888335+00:00",
      "2026-07-23 19:51:01.075091+00:00"
    ]
  },
  "ocr": {
    "scope": "page",
    "count": 9,
    "times": [
      0.1481607286259532,
      1.7034497587010264,
      0.13808569870889187,
      2.2741158856078982,
      0.12258283607661724,
      1.268807739019394,
      1.2397606782615185,
      0.12219171039760113,
      0.11932809092104435
    ],
    "start_timestamps": [
      "2026-07-23 19:50:59.897113+00:00",
      "2026-07-23 19:51:00.045313+00:00",
      "2026-07-23 19:51:01.748839+00:00",
      "2026-07-23 19:51:01.886934+00:00",
      "2026-07-23 19:51:04.161071+00:00",
      "2026-07-23 19:51:04.283664+00:00",
      "2026-07-23 19:51:05.552489+00:00",
      "2026-07-23 19:51:06.792266+00:00",
      "2026-07-23 19:51:06.914467+00:00"
    ]
  },
  "layout": {
    "scope": "page",
    "count": 3,
    "times": [
      0.24404653627425432,
      0.031518520787358284,
      0.08972826041281223
    ],
    "start_timestamps": [
      "2026-07-23 19:51:00.045397+00:00",
      "2026-07-23 19:51:01.748902+00:00",
      "2026-07-23 19:51:07.034032+00:00"
    ]
  },
  "table_structure": {
    "scope": "page",
    "count": 9,
    "times": [
      2.039782702922821e-05,
      2.538692206144333e-05,
      3.7239864468574524e-05,
      9.12696123123169e-06,
      6.6123902797698975e-06,
      6.211921572685242e-06,
      8.47596675157547e-06,
      1.2032687664031982e-05,
      7.654540240764618e-06
    ],
    "start_timestamps": [
      "2026-07-23 19:51:00.318555+00:00",
      "2026-07-23 19:51:01.821099+00:00",
      "2026-07-23 19:51:07.399632+00:00",
      "2026-07-23 19:51:07.399675+00:00",
      "2026-07-23 19:51:07.399688+00:00",
      "2026-07-23 19:51:07.399699+00:00",
      "2026-07-23 19:51:07.399745+00:00",
      "2026-07-23 19:51:07.399761+00:00",
      "2026-07-23 19:51:07.399777+00:00"
    ]
  },
  "page_assemble": {
    "scope": "page",
    "count": 9,
    "times": [
      0.000845680944621563,
      0.0002209758386015892,
      0.0004160124808549881,
      8.408911526203156e-05,
      0.0002770405262708664,
      0.00015482213348150253,
      0.00014170631766319275,
      0.0003205128014087677,
      0.0006034653633832932
    ],
    "start_timestamps": [
      "2026-07-23 19:51:00.318627+00:00",
      "2026-07-23 19:51:01.821165+00:00",
      "2026-07-23 19:51:07.399858+00:00",
      "2026-07-23 19:51:07.400310+00:00",
      "2026-07-23 19:51:07.400433+00:00",
      "2026-07-23 19:51:07.400729+00:00",
      "2026-07-23 19:51:07.400902+00:00",
      "2026-07-23 19:51:07.401062+00:00",
      "2026-07-23 19:51:07.401413+00:00"
    ]
  },
  "doc_assemble": {
    "scope": "document",
    "count": 1,
    "times": [
      0.04646648000925779
    ],
    "start_timestamps": [
      "2026-07-23 19:51:07.402209+00:00"
    ]
  },
  "reading_order": {
    "scope": "document",
    "count": 1,
    "times": [
      0.04583187587559223
    ],
    "start_timestamps": [
      "2026-07-23 19:51:07.402354+00:00"
    ]
  },
  "doc_enrich": {
    "scope": "document",
    "count": 1,
    "times": [
      0.003018309362232685
    ],
    "start_timestamps": [
      "2026-07-23 19:51:07.448706+00:00"
    ]
  }
}
All hyperlinked elements redacted in-memory.
Clean PDF conversion timings:
{
  "pipeline_total": {
    "scope": "document",
    "count": 1,
    "times": [
      7.881308034993708
    ],
    "start_timestamps": [
      "2026-07-23 19:51:07.687811+00:00"
    ]
  },
  "page_parse": {
    "scope": "page",
    "count": 9,
    "times": [
      0.0932866670191288,
      0.13566177897155285,
      0.11271549854427576,
      0.14322951901704073,
      0.1471674796193838,
      0.16875715553760529,
      0.2946123005822301,
      0.11470036301761866,
      0.0677807005122304
    ],
    "start_timestamps": [
      "2026-07-23 19:51:07.692175+00:00",
      "2026-07-23 19:51:07.785504+00:00",
      "2026-07-23 19:51:07.921207+00:00",
      "2026-07-23 19:51:08.033964+00:00",
      "2026-07-23 19:51:08.177250+00:00",
      "2026-07-23 19:51:08.324467+00:00",
      "2026-07-23 19:51:08.493271+00:00",
      "2026-07-23 19:51:08.787934+00:00",
      "2026-07-23 19:51:08.902682+00:00"
    ]
  },
  "ocr": {
    "scope": "page",
    "count": 9,
    "times": [
      0.1521120434626937,
      1.6444882545620203,
      0.13934444822371006,
      2.217767789028585,
      0.12718229088932276,
      1.2560077719390392,
      1.2302151871845126,
      0.1209423178806901,
      0.12082977686077356
    ],
    "start_timestamps": [
      "2026-07-23 19:51:07.785869+00:00",
      "2026-07-23 19:51:07.938023+00:00",
      "2026-07-23 19:51:09.582609+00:00",
      "2026-07-23 19:51:09.721962+00:00",
      "2026-07-23 19:51:11.939747+00:00",
      "2026-07-23 19:51:12.066939+00:00",
      "2026-07-23 19:51:13.322969+00:00",
      "2026-07-23 19:51:14.553201+00:00",
      "2026-07-23 19:51:14.674153+00:00"
    ]
  },
  "layout": {
    "scope": "page",
    "count": 3,
    "times": [
      0.24318852089345455,
      0.030309616588056087,
      0.09069039113819599
    ],
    "start_timestamps": [
      "2026-07-23 19:51:07.938125+00:00",
      "2026-07-23 19:51:09.582668+00:00",
      "2026-07-23 19:51:14.795197+00:00"
    ]
  },
  "table_structure": {
    "scope": "page",
    "count": 9,
    "times": [
      2.0449049770832062e-05,
      2.5588087737560272e-05,
      2.7572736144065857e-05,
      8.084811270236969e-06,
      6.682239472866058e-06,
      6.522051990032196e-06,
      8.106231689453125e-06,
      1.0460615158081055e-05,
      7.725320756435394e-06
    ],
    "start_timestamps": [
      "2026-07-23 19:51:08.209859+00:00",
      "2026-07-23 19:51:09.657970+00:00",
      "2026-07-23 19:51:15.182771+00:00",
      "2026-07-23 19:51:15.182804+00:00",
      "2026-07-23 19:51:15.182816+00:00",
      "2026-07-23 19:51:15.182827+00:00",
      "2026-07-23 19:51:15.182869+00:00",
      "2026-07-23 19:51:15.182881+00:00",
      "2026-07-23 19:51:15.182895+00:00"
    ]
  },
  "page_assemble": {
    "scope": "page",
    "count": 9,
    "times": [
      0.000291408970952034,
      0.00023109465837478638,
      0.0003895629197359085,
      6.865896284580231e-05,
      0.00026352517306804657,
      0.00015588384121656418,
      0.00014566350728273392,
      0.0003135697916150093,
      0.00020444486290216446
    ],
    "start_timestamps": [
      "2026-07-23 19:51:08.209945+00:00",
      "2026-07-23 19:51:09.658042+00:00",
      "2026-07-23 19:51:15.183002+00:00",
      "2026-07-23 19:51:15.183434+00:00",
      "2026-07-23 19:51:15.183522+00:00",
      "2026-07-23 19:51:15.183805+00:00",
      "2026-07-23 19:51:15.183979+00:00",
      "2026-07-23 19:51:15.184142+00:00",
      "2026-07-23 19:51:15.184475+00:00"
    ]
  },
  "doc_assemble": {
    "scope": "document",
    "count": 1,
    "times": [
      0.3808628171682358
    ],
    "start_timestamps": [
      "2026-07-23 19:51:15.184868+00:00"
    ]
  },
  "reading_order": {
    "scope": "document",
    "count": 1,
    "times": [
      0.38022174034267664
    ],
    "start_timestamps": [
      "2026-07-23 19:51:15.184970+00:00"
    ]
  },
  "doc_enrich": {
    "scope": "document",
    "count": 1,
    "times": [
      0.0033519668504595757
    ],
    "start_timestamps": [
      "2026-07-23 19:51:15.565762+00:00"
    ]
  }
}
Function parse_pdf took 15.8316 seconds to execute.
Running: get_tables
Function get_tables took 0.0001 seconds to execute.
Running: get_surrounding_paragraphs
Function get_surrounding_paragraphs took 0.0001 seconds to execute.
