Running: parse_pdf
Raw PDF conversion timings:
{
  "pipeline_total": {
    "scope": "document",
    "count": 1,
    "times": [
      10.666535421274602
    ],
    "start_timestamps": [
      "2026-07-23 18:43:54.126286+00:00"
    ]
  },
  "page_parse": {
    "scope": "page",
    "count": 10,
    "times": [
      0.09808188304305077,
      0.10918669402599335,
      0.15921171568334103,
      0.15221717208623886,
      0.16476876568049192,
      0.18038189224898815,
      0.25449230521917343,
      0.13501695916056633,
      0.09823410958051682,
      0.07800370268523693
    ],
    "start_timestamps": [
      "2026-07-23 18:43:54.133077+00:00",
      "2026-07-23 18:43:54.231199+00:00",
      "2026-07-23 18:43:54.340439+00:00",
      "2026-07-23 18:43:54.499693+00:00",
      "2026-07-23 18:43:54.651949+00:00",
      "2026-07-23 18:43:54.816784+00:00",
      "2026-07-23 18:43:54.997214+00:00",
      "2026-07-23 18:43:55.251748+00:00",
      "2026-07-23 18:43:55.386806+00:00",
      "2026-07-23 18:43:55.485085+00:00"
    ]
  },
  "ocr": {
    "scope": "page",
    "count": 10,
    "times": [
      0.12390436418354511,
      0.15406042151153088,
      1.873209422454238,
      0.8764800941571593,
      1.061218104325235,
      0.763419670984149,
      1.2280305353924632,
      1.0212736139073968,
      0.12455256376415491,
      0.12024018727242947
    ],
    "start_timestamps": [
      "2026-07-23 18:43:54.231490+00:00",
      "2026-07-23 18:43:54.355439+00:00",
      "2026-07-23 18:43:54.509534+00:00",
      "2026-07-23 18:43:56.382838+00:00",
      "2026-07-23 18:43:57.259335+00:00",
      "2026-07-23 18:43:58.320569+00:00",
      "2026-07-23 18:43:59.084005+00:00",
      "2026-07-23 18:44:00.312053+00:00",
      "2026-07-23 18:44:01.333342+00:00",
      "2026-07-23 18:44:01.457905+00:00"
    ]
  },
  "layout": {
    "scope": "page",
    "count": 4,
    "times": [
      0.16765234246850014,
      0.028368834406137466,
      0.026066260412335396,
      0.08818086702376604
    ],
    "start_timestamps": [
      "2026-07-23 18:43:54.355531+00:00",
      "2026-07-23 18:43:54.663796+00:00",
      "2026-07-23 18:43:56.382897+00:00",
      "2026-07-23 18:44:01.578303+00:00"
    ]
  },
  "table_structure": {
    "scope": "page",
    "count": 10,
    "times": [
      2.5588087737560272e-05,
      2.994667738676071e-05,
      2.4946406483650208e-05,
      0.7294000005349517,
      2.434663474559784e-05,
      1.145247370004654e-05,
      1.1302530765533447e-05,
      1.3754703104496002e-05,
      2.3324042558670044e-05,
      1.5849247574806213e-05
    ],
    "start_timestamps": [
      "2026-07-23 18:43:54.663919+00:00",
      "2026-07-23 18:43:54.839162+00:00",
      "2026-07-23 18:43:56.452368+00:00",
      "2026-07-23 18:44:02.120896+00:00",
      "2026-07-23 18:44:02.850312+00:00",
      "2026-07-23 18:44:02.850339+00:00",
      "2026-07-23 18:44:02.850355+00:00",
      "2026-07-23 18:44:02.850733+00:00",
      "2026-07-23 18:44:02.850750+00:00",
      "2026-07-23 18:44:02.850777+00:00"
    ]
  },
  "page_assemble": {
    "scope": "page",
    "count": 10,
    "times": [
      0.0010805735364556313,
      0.00042614154517650604,
      0.0003849342465400696,
      0.0003634737804532051,
      0.0004731910303235054,
      0.00037456583231687546,
      0.0005697617307305336,
      0.0003124075010418892,
      0.0005009034648537636,
      0.0003497479483485222
    ],
    "start_timestamps": [
      "2026-07-23 18:43:54.664016+00:00",
      "2026-07-23 18:43:54.839237+00:00",
      "2026-07-23 18:43:56.452452+00:00",
      "2026-07-23 18:44:02.850881+00:00",
      "2026-07-23 18:44:02.851284+00:00",
      "2026-07-23 18:44:02.851783+00:00",
      "2026-07-23 18:44:02.852176+00:00",
      "2026-07-23 18:44:02.852771+00:00",
      "2026-07-23 18:44:02.853102+00:00",
      "2026-07-23 18:44:02.853622+00:00"
    ]
  },
  "doc_assemble": {
    "scope": "document",
    "count": 1,
    "times": [
      0.04570160526782274
    ],
    "start_timestamps": [
      "2026-07-23 18:44:02.854192+00:00"
    ]
  },
  "reading_order": {
    "scope": "document",
    "count": 1,
    "times": [
      0.04518930148333311
    ],
    "start_timestamps": [
      "2026-07-23 18:44:02.854301+00:00"
    ]
  },
  "doc_enrich": {
    "scope": "document",
    "count": 1,
    "times": [
      1.892884874716401
    ],
    "start_timestamps": [
      "2026-07-23 18:44:02.899916+00:00"
    ]
  }
}
All hyperlinked elements redacted in-memory.
Clean PDF conversion timings:
{
  "pipeline_total": {
    "scope": "document",
    "count": 1,
    "times": [
      8.89718157146126
    ],
    "start_timestamps": [
      "2026-07-23 18:44:04.938961+00:00"
    ]
  },
  "page_parse": {
    "scope": "page",
    "count": 10,
    "times": [
      0.09744606632739305,
      0.1089038010686636,
      0.1591020505875349,
      0.1468532755970955,
      0.14372321497648954,
      0.13603174965828657,
      0.4298251932486892,
      0.15179012808948755,
      0.20189060270786285,
      0.09545145090669394
    ],
    "start_timestamps": [
      "2026-07-23 18:44:04.944759+00:00",
      "2026-07-23 18:44:05.042248+00:00",
      "2026-07-23 18:44:05.151194+00:00",
      "2026-07-23 18:44:05.310339+00:00",
      "2026-07-23 18:44:05.457231+00:00",
      "2026-07-23 18:44:05.601000+00:00",
      "2026-07-23 18:44:05.737072+00:00",
      "2026-07-23 18:44:06.166962+00:00",
      "2026-07-23 18:44:06.318799+00:00",
      "2026-07-23 18:44:06.520732+00:00"
    ]
  },
  "ocr": {
    "scope": "page",
    "count": 10,
    "times": [
      0.12352772522717714,
      0.15197306219488382,
      1.8461671248078346,
      0.5639929343014956,
      0.7272031623870134,
      0.4442851338535547,
      0.8664969000965357,
      0.6517048981040716,
      0.12137011904269457,
      0.1209440166130662
    ],
    "start_timestamps": [
      "2026-07-23 18:44:05.042533+00:00",
      "2026-07-23 18:44:05.166099+00:00",
      "2026-07-23 18:44:05.318104+00:00",
      "2026-07-23 18:44:07.164357+00:00",
      "2026-07-23 18:44:07.728366+00:00",
      "2026-07-23 18:44:08.455585+00:00",
      "2026-07-23 18:44:08.899886+00:00",
      "2026-07-23 18:44:09.766407+00:00",
      "2026-07-23 18:44:10.418121+00:00",
      "2026-07-23 18:44:10.539502+00:00"
    ]
  },
  "layout": {
    "scope": "page",
    "count": 4,
    "times": [
      0.16270400863140821,
      0.025969057343900204,
      0.02635879162698984,
      0.08732499741017818
    ],
    "start_timestamps": [
      "2026-07-23 18:44:05.166178+00:00",
      "2026-07-23 18:44:05.463674+00:00",
      "2026-07-23 18:44:07.164423+00:00",
      "2026-07-23 18:44:10.660641+00:00"
    ]
  },
  "table_structure": {
    "scope": "page",
    "count": 10,
    "times": [
      1.8765218555927277e-05,
      2.682022750377655e-05,
      2.5598332285881042e-05,
      0.7247216943651438,
      1.8073245882987976e-05,
      6.903894245624542e-06,
      5.820766091346741e-06,
      9.236857295036316e-06,
      9.619630873203278e-06,
      7.053837180137634e-06
    ],
    "start_timestamps": [
      "2026-07-23 18:44:05.463765+00:00",
      "2026-07-23 18:44:05.629258+00:00",
      "2026-07-23 18:44:07.230596+00:00",
      "2026-07-23 18:44:11.176602+00:00",
      "2026-07-23 18:44:11.901338+00:00",
      "2026-07-23 18:44:11.901359+00:00",
      "2026-07-23 18:44:11.901370+00:00",
      "2026-07-23 18:44:11.901597+00:00",
      "2026-07-23 18:44:11.901610+00:00",
      "2026-07-23 18:44:11.901623+00:00"
    ]
  },
  "page_assemble": {
    "scope": "page",
    "count": 10,
    "times": [
      0.00037368293851614,
      0.00043472740799188614,
      0.00037848297506570816,
      0.0003285277634859085,
      0.00036053918302059174,
      0.0003151232376694679,
      0.0003396701067686081,
      0.0002928823232650757,
      0.0004494860768318176,
      0.0003233775496482849
    ],
    "start_timestamps": [
      "2026-07-23 18:44:05.463925+00:00",
      "2026-07-23 18:44:05.629333+00:00",
      "2026-07-23 18:44:07.230671+00:00",
      "2026-07-23 18:44:11.901708+00:00",
      "2026-07-23 18:44:11.902074+00:00",
      "2026-07-23 18:44:11.902456+00:00",
      "2026-07-23 18:44:11.902790+00:00",
      "2026-07-23 18:44:11.903147+00:00",
      "2026-07-23 18:44:11.903458+00:00",
      "2026-07-23 18:44:11.903927+00:00"
    ]
  },
  "doc_assemble": {
    "scope": "document",
    "count": 1,
    "times": [
      0.044998038560152054
    ],
    "start_timestamps": [
      "2026-07-23 18:44:11.904428+00:00"
    ]
  },
  "reading_order": {
    "scope": "document",
    "count": 1,
    "times": [
      0.044452471658587456
    ],
    "start_timestamps": [
      "2026-07-23 18:44:11.904556+00:00"
    ]
  },
  "doc_enrich": {
    "scope": "document",
    "count": 1,
    "times": [
      1.8866688748821616
    ],
    "start_timestamps": [
      "2026-07-23 18:44:11.949451+00:00"
    ]
  }
}
Function parse_pdf took 19.9048 seconds to execute.
Running: get_tables
Function get_tables took 0.0001 seconds to execute.
Running: get_surrounding_paragraphs
Function get_surrounding_paragraphs took 0.0001 seconds to execute.
