Running: parse_pdf
Raw PDF conversion timings:
{
  "pipeline_total": {
    "scope": "document",
    "count": 1,
    "times": [
      71.80050012795255
    ],
    "start_timestamps": [
      "2026-07-23 11:17:20.207430+00:00"
    ]
  },
  "page_parse": {
    "scope": "page",
    "count": 13,
    "times": [
      0.1309583600377664,
      0.17404449195601046,
      0.14303956693038344,
      0.17201026692055166,
      0.17881031800061464,
      0.16418566403444856,
      0.22646210703533143,
      0.1968315829290077,
      0.12718685891013592,
      0.18873027001973242,
      0.19559489097446203,
      0.1733712019631639,
      0.1497439770027995
    ],
    "start_timestamps": [
      "2026-07-23 11:17:20.213724+00:00",
      "2026-07-23 11:17:20.344724+00:00",
      "2026-07-23 11:17:20.518809+00:00",
      "2026-07-23 11:17:20.661892+00:00",
      "2026-07-23 11:17:20.833943+00:00",
      "2026-07-23 11:17:21.012809+00:00",
      "2026-07-23 11:17:21.177038+00:00",
      "2026-07-23 11:17:21.403542+00:00",
      "2026-07-23 11:17:21.600414+00:00",
      "2026-07-23 11:17:21.727648+00:00",
      "2026-07-23 11:17:21.916420+00:00",
      "2026-07-23 11:17:22.112060+00:00",
      "2026-07-23 11:17:22.285473+00:00"
    ]
  },
  "ocr": {
    "scope": "page",
    "count": 13,
    "times": [
      0.17629084701184183,
      3.9367799729807302,
      0.11848836007993668,
      4.381334646954201,
      2.3163699590368196,
      2.2420850170310587,
      3.0533376099774614,
      2.555970155983232,
      0.12147111294325441,
      2.777143250918016,
      4.314251592033543,
      0.11701898998580873,
      0.11646196898072958
    ],
    "start_timestamps": [
      "2026-07-23 11:17:20.344890+00:00",
      "2026-07-23 11:17:20.521213+00:00",
      "2026-07-23 11:17:24.458058+00:00",
      "2026-07-23 11:17:24.576555+00:00",
      "2026-07-23 11:17:28.957911+00:00",
      "2026-07-23 11:17:31.274298+00:00",
      "2026-07-23 11:17:33.516401+00:00",
      "2026-07-23 11:17:36.569756+00:00",
      "2026-07-23 11:17:39.125755+00:00",
      "2026-07-23 11:17:39.247242+00:00",
      "2026-07-23 11:17:42.024412+00:00",
      "2026-07-23 11:17:46.338685+00:00",
      "2026-07-23 11:17:46.455718+00:00"
    ]
  },
  "layout": {
    "scope": "page",
    "count": 3,
    "times": [
      0.18434762698598206,
      0.027925938949920237,
      0.13316775497514755
    ],
    "start_timestamps": [
      "2026-07-23 11:17:20.521295+00:00",
      "2026-07-23 11:17:24.458120+00:00",
      "2026-07-23 11:17:46.572460+00:00"
    ]
  },
  "table_structure": {
    "scope": "page",
    "count": 13,
    "times": [
      1.5287892892956734e-05,
      2.5528017431497574e-05,
      0.5686939680017531,
      2.526806201785803e-05,
      1.327507197856903e-05,
      0.28558569494634867,
      2.1190033294260502e-05,
      1.2233038432896137e-05,
      1.0061572620179504,
      2.3795058950781822e-05,
      1.4347024261951447e-05,
      0.23210935294628143,
      3.487500362098217e-05
    ],
    "start_timestamps": [
      "2026-07-23 11:17:20.834962+00:00",
      "2026-07-23 11:17:24.515092+00:00",
      "2026-07-23 11:17:47.063510+00:00",
      "2026-07-23 11:17:47.632219+00:00",
      "2026-07-23 11:17:47.632247+00:00",
      "2026-07-23 11:17:47.632264+00:00",
      "2026-07-23 11:17:47.918005+00:00",
      "2026-07-23 11:17:47.918030+00:00",
      "2026-07-23 11:17:47.918045+00:00",
      "2026-07-23 11:17:48.924221+00:00",
      "2026-07-23 11:17:48.924432+00:00",
      "2026-07-23 11:17:48.924451+00:00",
      "2026-07-23 11:17:49.156578+00:00"
    ]
  },
  "page_assemble": {
    "scope": "page",
    "count": 13,
    "times": [
      0.0011453800834715366,
      0.00039419298991560936,
      0.0004935299511998892,
      0.0003016290720552206,
      0.0002843959955498576,
      0.0001838069874793291,
      0.00016775599215179682,
      0.00019134092144668102,
      0.00022844993509352207,
      0.0002448620507493615,
      0.0002478969981893897,
      0.0003101249458268285,
      0.0003580650081858039
    ],
    "start_timestamps": [
      "2026-07-23 11:17:20.835033+00:00",
      "2026-07-23 11:17:24.515169+00:00",
      "2026-07-23 11:17:47.918113+00:00",
      "2026-07-23 11:17:47.918647+00:00",
      "2026-07-23 11:17:47.918975+00:00",
      "2026-07-23 11:17:47.919287+00:00",
      "2026-07-23 11:17:48.925437+00:00",
      "2026-07-23 11:17:48.925641+00:00",
      "2026-07-23 11:17:48.925856+00:00",
      "2026-07-23 11:17:48.926106+00:00",
      "2026-07-23 11:17:49.156837+00:00",
      "2026-07-23 11:17:49.157123+00:00",
      "2026-07-23 11:17:49.157459+00:00"
    ]
  },
  "doc_assemble": {
    "scope": "document",
    "count": 1,
    "times": [
      0.06486319797113538
    ],
    "start_timestamps": [
      "2026-07-23 11:17:49.158056+00:00"
    ]
  },
  "reading_order": {
    "scope": "document",
    "count": 1,
    "times": [
      0.06416118505876511
    ],
    "start_timestamps": [
      "2026-07-23 11:17:49.158239+00:00"
    ]
  },
  "doc_enrich": {
    "scope": "document",
    "count": 1,
    "times": [
      42.784956165007316
    ],
    "start_timestamps": [
      "2026-07-23 11:17:49.222950+00:00"
    ]
  }
}
All hyperlinked elements redacted in-memory.
Clean PDF conversion timings:
{
  "pipeline_total": {
    "scope": "document",
    "count": 1,
    "times": [
      71.41066239401698
    ],
    "start_timestamps": [
      "2026-07-23 11:18:32.104591+00:00"
    ]
  },
  "page_parse": {
    "scope": "page",
    "count": 13,
    "times": [
      0.1367342999437824,
      0.17915154004003853,
      0.14829583698883653,
      0.1669342169770971,
      0.17997328902129084,
      0.16826310195028782,
      0.22651546692941338,
      0.5079099090071395,
      0.12834414199460298,
      0.1909634800394997,
      0.1961272560292855,
      0.17408502800390124,
      0.10929465701337904
    ],
    "start_timestamps": [
      "2026-07-23 11:18:32.111258+00:00",
      "2026-07-23 11:18:32.248039+00:00",
      "2026-07-23 11:18:32.427232+00:00",
      "2026-07-23 11:18:32.575572+00:00",
      "2026-07-23 11:18:32.742548+00:00",
      "2026-07-23 11:18:32.922565+00:00",
      "2026-07-23 11:18:33.090872+00:00",
      "2026-07-23 11:18:33.317429+00:00",
      "2026-07-23 11:18:33.825377+00:00",
      "2026-07-23 11:18:33.953774+00:00",
      "2026-07-23 11:18:34.144788+00:00",
      "2026-07-23 11:18:34.340957+00:00",
      "2026-07-23 11:18:34.515092+00:00"
    ]
  },
  "ocr": {
    "scope": "page",
    "count": 13,
    "times": [
      0.18175156298093498,
      4.1937570999143645,
      0.11955486098304391,
      4.379242721945047,
      2.3170900569530204,
      2.23625267110765,
      3.0521205050172284,
      2.556207863963209,
      0.11983556998893619,
      2.7683058289112523,
      4.293756562983617,
      0.11995861202012748,
      0.1178964840946719
    ],
    "start_timestamps": [
      "2026-07-23 11:18:32.248102+00:00",
      "2026-07-23 11:18:32.429887+00:00",
      "2026-07-23 11:18:36.623719+00:00",
      "2026-07-23 11:18:36.743284+00:00",
      "2026-07-23 11:18:41.122568+00:00",
      "2026-07-23 11:18:43.439676+00:00",
      "2026-07-23 11:18:45.675947+00:00",
      "2026-07-23 11:18:48.728088+00:00",
      "2026-07-23 11:18:51.284319+00:00",
      "2026-07-23 11:18:51.404172+00:00",
      "2026-07-23 11:18:54.172498+00:00",
      "2026-07-23 11:18:58.466273+00:00",
      "2026-07-23 11:18:58.586249+00:00"
    ]
  },
  "layout": {
    "scope": "page",
    "count": 3,
    "times": [
      0.18208708509337157,
      0.029073812998831272,
      0.1329517790582031
    ],
    "start_timestamps": [
      "2026-07-23 11:18:32.429965+00:00",
      "2026-07-23 11:18:36.623822+00:00",
      "2026-07-23 11:18:58.704408+00:00"
    ]
  },
  "table_structure": {
    "scope": "page",
    "count": 13,
    "times": [
      1.618999522179365e-05,
      2.3585045710206032e-05,
      0.5761084870900959,
      2.2783060558140278e-05,
      1.2713950127363205e-05,
      0.28612897801212966,
      2.2943015210330486e-05,
      1.2522912584245205e-05,
      1.0002496739616618,
      2.4195993319153786e-05,
      1.5168101526796818e-05,
      0.2346077630063519,
      3.66290332749486e-05
    ],
    "start_timestamps": [
      "2026-07-23 11:18:32.743000+00:00",
      "2026-07-23 11:18:36.681474+00:00",
      "2026-07-23 11:18:59.198934+00:00",
      "2026-07-23 11:18:59.775054+00:00",
      "2026-07-23 11:18:59.775080+00:00",
      "2026-07-23 11:18:59.775097+00:00",
      "2026-07-23 11:19:00.061393+00:00",
      "2026-07-23 11:19:00.061419+00:00",
      "2026-07-23 11:19:00.061435+00:00",
      "2026-07-23 11:19:01.061705+00:00",
      "2026-07-23 11:19:01.061942+00:00",
      "2026-07-23 11:19:01.061962+00:00",
      "2026-07-23 11:19:01.296588+00:00"
    ]
  },
  "page_assemble": {
    "scope": "page",
    "count": 13,
    "times": [
      0.000267944997176528,
      0.00033095397520810366,
      0.0004421940539032221,
      0.00025205500423908234,
      0.00044247391633689404,
      0.000175591092556715,
      0.0001913110027089715,
      0.00018715299665927887,
      0.0002503519644960761,
      0.00026288500521332026,
      0.0002593989484012127,
      0.0003255540505051613,
      0.00042265700176358223
    ],
    "start_timestamps": [
      "2026-07-23 11:18:32.743091+00:00",
      "2026-07-23 11:18:36.681537+00:00",
      "2026-07-23 11:19:00.062130+00:00",
      "2026-07-23 11:19:00.062614+00:00",
      "2026-07-23 11:19:00.062891+00:00",
      "2026-07-23 11:19:00.063355+00:00",
      "2026-07-23 11:19:01.062600+00:00",
      "2026-07-23 11:19:01.062828+00:00",
      "2026-07-23 11:19:01.063037+00:00",
      "2026-07-23 11:19:01.063312+00:00",
      "2026-07-23 11:19:01.296847+00:00",
      "2026-07-23 11:19:01.297145+00:00",
      "2026-07-23 11:19:01.297536+00:00"
    ]
  },
  "doc_assemble": {
    "scope": "document",
    "count": 1,
    "times": [
      0.06492791103664786
    ],
    "start_timestamps": [
      "2026-07-23 11:19:01.298283+00:00"
    ]
  },
  "reading_order": {
    "scope": "document",
    "count": 1,
    "times": [
      0.06424980191513896
    ],
    "start_timestamps": [
      "2026-07-23 11:19:01.298426+00:00"
    ]
  },
  "doc_enrich": {
    "scope": "document",
    "count": 1,
    "times": [
      42.151986325974576
    ],
    "start_timestamps": [
      "2026-07-23 11:19:01.363247+00:00"
    ]
  }
}
Function parse_pdf took 143.5491 seconds to execute.
Running: get_tables
Function get_tables took 0.0003 seconds to execute.
Running: get_surrounding_paragraphs
Function get_surrounding_paragraphs took 0.0001 seconds to execute.
PROCESSOR ERROR: Error in save_all: '/mnt/iusers01/fatpou01/chem02/b07755hv/ChemistryExtract/tests/runs/2026-07-23_14-48-00/2019 - Quantitative Studies of Block Copolymers and Their Containing Homopolymer Components by Diffusion Ordered Spectroscopy/extract/2019 - Quantitative Studies of Block Copolymers and Their Containing Homopolymer Components by Diffusion Ordered Spectroscopy.pdf' and '/mnt/iusers01/fatpou01/chem02/b07755hv/ChemistryExtract/tests/runs/2026-07-23_14-48-00/2019 - Quantitative Studies of Block Copolymers and Their Containing Homopolymer Components by Diffusion Ordered Spectroscopy/extract/2019 - Quantitative Studies of Block Copolymers and Their Containing Homopolymer Components by Diffusion Ordered Spectroscopy.pdf' are the same file
