Running: parse_pdf
Raw PDF conversion timings:
{
  "pipeline_total": {
    "scope": "document",
    "count": 1,
    "times": [
      7.228180926293135
    ],
    "start_timestamps": [
      "2026-07-23 16:33:07.513282+00:00"
    ]
  },
  "page_parse": {
    "scope": "page",
    "count": 8,
    "times": [
      0.06431449111551046,
      0.06146696303039789,
      0.04967735055834055,
      0.021838891319930553,
      0.047706822864711285,
      0.040793053805828094,
      0.04612888302654028,
      0.03294781222939491
    ],
    "start_timestamps": [
      "2026-07-23 16:33:07.516795+00:00",
      "2026-07-23 16:33:07.581146+00:00",
      "2026-07-23 16:33:07.642646+00:00",
      "2026-07-23 16:33:07.692357+00:00",
      "2026-07-23 16:33:07.714229+00:00",
      "2026-07-23 16:33:07.761977+00:00",
      "2026-07-23 16:33:07.802809+00:00",
      "2026-07-23 16:33:07.848976+00:00"
    ]
  },
  "ocr": {
    "scope": "page",
    "count": 8,
    "times": [
      0.1336852852255106,
      0.13700664322823286,
      0.12673150189220905,
      0.12436981685459614,
      0.13090973254293203,
      0.12867369689047337,
      0.13111750409007072,
      0.1299608675763011
    ],
    "start_timestamps": [
      "2026-07-23 16:33:07.581419+00:00",
      "2026-07-23 16:33:07.715137+00:00",
      "2026-07-23 16:33:07.852157+00:00",
      "2026-07-23 16:33:07.978897+00:00",
      "2026-07-23 16:33:08.103304+00:00",
      "2026-07-23 16:33:08.234231+00:00",
      "2026-07-23 16:33:08.362922+00:00",
      "2026-07-23 16:33:08.494047+00:00"
    ]
  },
  "layout": {
    "scope": "page",
    "count": 3,
    "times": [
      0.14256395027041435,
      0.06229897774755955,
      0.08343980647623539
    ],
    "start_timestamps": [
      "2026-07-23 16:33:07.715237+00:00",
      "2026-07-23 16:33:08.103369+00:00",
      "2026-07-23 16:33:08.624163+00:00"
    ]
  },
  "table_structure": {
    "scope": "page",
    "count": 8,
    "times": [
      1.6811303794384003e-05,
      2.042856067419052e-05,
      0.6371144400909543,
      1.9556842744350433e-05,
      0.5258070016279817,
      2.5248154997825623e-05,
      9.13720577955246e-06,
      5.641020834445953e-06
    ],
    "start_timestamps": [
      "2026-07-23 16:33:07.864758+00:00",
      "2026-07-23 16:33:08.189091+00:00",
      "2026-07-23 16:33:08.189116+00:00",
      "2026-07-23 16:33:08.826243+00:00",
      "2026-07-23 16:33:08.826517+00:00",
      "2026-07-23 16:33:09.352341+00:00",
      "2026-07-23 16:33:09.352369+00:00",
      "2026-07-23 16:33:09.352382+00:00"
    ]
  },
  "page_assemble": {
    "scope": "page",
    "count": 8,
    "times": [
      0.0002103261649608612,
      0.00022644642740488052,
      0.00012515578418970108,
      3.414414823055267e-05,
      0.00013848021626472473,
      0.00023492146283388138,
      0.00019161030650138855,
      7.612258195877075e-05
    ],
    "start_timestamps": [
      "2026-07-23 16:33:07.864826+00:00",
      "2026-07-23 16:33:08.827481+00:00",
      "2026-07-23 16:33:08.827737+00:00",
      "2026-07-23 16:33:08.827883+00:00",
      "2026-07-23 16:33:09.352850+00:00",
      "2026-07-23 16:33:09.353025+00:00",
      "2026-07-23 16:33:09.353283+00:00",
      "2026-07-23 16:33:09.353497+00:00"
    ]
  },
  "doc_assemble": {
    "scope": "document",
    "count": 1,
    "times": [
      0.014724253676831722
    ],
    "start_timestamps": [
      "2026-07-23 16:33:09.353787+00:00"
    ]
  },
  "reading_order": {
    "scope": "document",
    "count": 1,
    "times": [
      0.014247276820242405
    ],
    "start_timestamps": [
      "2026-07-23 16:33:09.353840+00:00"
    ]
  },
  "doc_enrich": {
    "scope": "document",
    "count": 1,
    "times": [
      5.372890670783818
    ],
    "start_timestamps": [
      "2026-07-23 16:33:09.368543+00:00"
    ]
  }
}
All hyperlinked elements redacted in-memory.
Clean PDF conversion timings:
{
  "pipeline_total": {
    "scope": "document",
    "count": 1,
    "times": [
      7.111484174616635
    ],
    "start_timestamps": [
      "2026-07-23 16:33:14.795790+00:00"
    ]
  },
  "page_parse": {
    "scope": "page",
    "count": 8,
    "times": [
      0.040689810179173946,
      0.058876339346170425,
      0.05092949699610472,
      0.021745605394244194,
      0.04744150396436453,
      0.03430584818124771,
      0.04574883822351694,
      0.034079001285135746
    ],
    "start_timestamps": [
      "2026-07-23 16:33:14.799246+00:00",
      "2026-07-23 16:33:14.839972+00:00",
      "2026-07-23 16:33:14.898880+00:00",
      "2026-07-23 16:33:14.949843+00:00",
      "2026-07-23 16:33:14.971621+00:00",
      "2026-07-23 16:33:15.019103+00:00",
      "2026-07-23 16:33:15.053448+00:00",
      "2026-07-23 16:33:15.099235+00:00"
    ]
  },
  "ocr": {
    "scope": "page",
    "count": 8,
    "times": [
      0.13325744029134512,
      0.13052603136748075,
      0.12597437668591738,
      0.12541541550308466,
      0.13065337110310793,
      0.12818787060678005,
      0.1264560529962182,
      0.124817980453372
    ],
    "start_timestamps": [
      "2026-07-23 16:33:14.840182+00:00",
      "2026-07-23 16:33:14.973472+00:00",
      "2026-07-23 16:33:15.104012+00:00",
      "2026-07-23 16:33:15.229995+00:00",
      "2026-07-23 16:33:15.355447+00:00",
      "2026-07-23 16:33:15.486119+00:00",
      "2026-07-23 16:33:15.614322+00:00",
      "2026-07-23 16:33:15.740786+00:00"
    ]
  },
  "layout": {
    "scope": "page",
    "count": 3,
    "times": [
      0.1357465535402298,
      0.060095212422311306,
      0.08327988348901272
    ],
    "start_timestamps": [
      "2026-07-23 16:33:14.973557+00:00",
      "2026-07-23 16:33:15.355511+00:00",
      "2026-07-23 16:33:15.865773+00:00"
    ]
  },
  "table_structure": {
    "scope": "page",
    "count": 8,
    "times": [
      1.665111631155014e-05,
      2.1209940314292908e-05,
      0.6330144163221121,
      1.625996083021164e-05,
      0.5200779205188155,
      2.0679086446762085e-05,
      7.0231035351753235e-06,
      4.4889748096466064e-06
    ],
    "start_timestamps": [
      "2026-07-23 16:33:15.116278+00:00",
      "2026-07-23 16:33:15.438716+00:00",
      "2026-07-23 16:33:15.438741+00:00",
      "2026-07-23 16:33:16.071766+00:00",
      "2026-07-23 16:33:16.071931+00:00",
      "2026-07-23 16:33:16.592026+00:00",
      "2026-07-23 16:33:16.592050+00:00",
      "2026-07-23 16:33:16.592060+00:00"
    ]
  },
  "page_assemble": {
    "scope": "page",
    "count": 8,
    "times": [
      0.00016644317656755447,
      0.0002077212557196617,
      0.00010756123811006546,
      3.397371619939804e-05,
      0.0001483587548136711,
      0.0002086823806166649,
      0.00015974976122379303,
      6.989110261201859e-05
    ],
    "start_timestamps": [
      "2026-07-23 16:33:15.116375+00:00",
      "2026-07-23 16:33:16.072995+00:00",
      "2026-07-23 16:33:16.073234+00:00",
      "2026-07-23 16:33:16.073362+00:00",
      "2026-07-23 16:33:16.592367+00:00",
      "2026-07-23 16:33:16.592551+00:00",
      "2026-07-23 16:33:16.592782+00:00",
      "2026-07-23 16:33:16.592962+00:00"
    ]
  },
  "doc_assemble": {
    "scope": "document",
    "count": 1,
    "times": [
      0.014278456568717957
    ],
    "start_timestamps": [
      "2026-07-23 16:33:16.593194+00:00"
    ]
  },
  "reading_order": {
    "scope": "document",
    "count": 1,
    "times": [
      0.013879645615816116
    ],
    "start_timestamps": [
      "2026-07-23 16:33:16.593229+00:00"
    ]
  },
  "doc_enrich": {
    "scope": "document",
    "count": 1,
    "times": [
      5.2997472286224365
    ],
    "start_timestamps": [
      "2026-07-23 16:33:16.607496+00:00"
    ]
  }
}
Function parse_pdf took 14.4463 seconds to execute.
Running: get_tables
Function get_tables took 0.0000 seconds to execute.
Running: get_surrounding_paragraphs
Function get_surrounding_paragraphs took 0.0000 seconds to execute.
