Running: parse_pdf
Raw PDF conversion timings:
{
  "pipeline_total": {
    "scope": "document",
    "count": 1,
    "times": [
      44.92668824736029
    ],
    "start_timestamps": [
      "2026-07-23 18:32:21.724560+00:00"
    ]
  },
  "page_parse": {
    "scope": "page",
    "count": 5,
    "times": [
      0.09560918807983398,
      0.1190171604976058,
      0.10114992596209049,
      0.12819431070238352,
      0.09882663376629353
    ],
    "start_timestamps": [
      "2026-07-23 18:32:21.729888+00:00",
      "2026-07-23 18:32:21.825539+00:00",
      "2026-07-23 18:32:21.944597+00:00",
      "2026-07-23 18:32:22.045789+00:00",
      "2026-07-23 18:32:22.174028+00:00"
    ]
  },
  "ocr": {
    "scope": "page",
    "count": 5,
    "times": [
      0.224205045029521,
      0.8176781125366688,
      0.12824594788253307,
      1.5731929391622543,
      0.1281021572649479
    ],
    "start_timestamps": [
      "2026-07-23 18:32:21.825905+00:00",
      "2026-07-23 18:32:22.050146+00:00",
      "2026-07-23 18:32:22.867841+00:00",
      "2026-07-23 18:32:22.996134+00:00",
      "2026-07-23 18:32:24.569346+00:00"
    ]
  },
  "layout": {
    "scope": "page",
    "count": 3,
    "times": [
      0.23028511740267277,
      0.0578773207962513,
      0.03271702118217945
    ],
    "start_timestamps": [
      "2026-07-23 18:32:22.050245+00:00",
      "2026-07-23 18:32:22.996198+00:00",
      "2026-07-23 18:32:24.697566+00:00"
    ]
  },
  "table_structure": {
    "scope": "page",
    "count": 5,
    "times": [
      2.3595057427883148e-05,
      2.4145469069480896e-05,
      0.5092268530279398,
      0.4509703991934657,
      2.7140602469444275e-05
    ],
    "start_timestamps": [
      "2026-07-23 18:32:22.350031+00:00",
      "2026-07-23 18:32:23.143575+00:00",
      "2026-07-23 18:32:23.143603+00:00",
      "2026-07-23 18:32:24.856668+00:00",
      "2026-07-23 18:32:25.307651+00:00"
    ]
  },
  "page_assemble": {
    "scope": "page",
    "count": 5,
    "times": [
      0.0006705326959490776,
      0.00037979520857334137,
      0.0003344286233186722,
      0.00023928005248308182,
      0.004804210737347603
    ],
    "start_timestamps": [
      "2026-07-23 18:32:22.350114+00:00",
      "2026-07-23 18:32:23.653067+00:00",
      "2026-07-23 18:32:23.653475+00:00",
      "2026-07-23 18:32:25.307861+00:00",
      "2026-07-23 18:32:25.308138+00:00"
    ]
  },
  "doc_assemble": {
    "scope": "document",
    "count": 1,
    "times": [
      0.023491159081459045
    ],
    "start_timestamps": [
      "2026-07-23 18:32:25.313145+00:00"
    ]
  },
  "reading_order": {
    "scope": "document",
    "count": 1,
    "times": [
      0.023019781336188316
    ],
    "start_timestamps": [
      "2026-07-23 18:32:25.313217+00:00"
    ]
  },
  "doc_enrich": {
    "scope": "document",
    "count": 1,
    "times": [
      41.314566121436656
    ],
    "start_timestamps": [
      "2026-07-23 18:32:25.336666+00:00"
    ]
  }
}
All hyperlinked elements redacted in-memory.
Clean PDF conversion timings:
{
  "pipeline_total": {
    "scope": "document",
    "count": 1,
    "times": [
      44.82924916408956
    ],
    "start_timestamps": [
      "2026-07-23 18:33:06.740275+00:00"
    ]
  },
  "page_parse": {
    "scope": "page",
    "count": 5,
    "times": [
      0.09735857136547565,
      0.11903199832886457,
      0.10140976496040821,
      0.12930112518370152,
      0.09092710819095373
    ],
    "start_timestamps": [
      "2026-07-23 18:33:06.745369+00:00",
      "2026-07-23 18:33:06.842770+00:00",
      "2026-07-23 18:33:06.961844+00:00",
      "2026-07-23 18:33:07.063297+00:00",
      "2026-07-23 18:33:07.192642+00:00"
    ]
  },
  "ocr": {
    "scope": "page",
    "count": 5,
    "times": [
      0.2255088808014989,
      0.798210296779871,
      0.1288611264899373,
      1.518456470221281,
      0.12776620499789715
    ],
    "start_timestamps": [
      "2026-07-23 18:33:06.843094+00:00",
      "2026-07-23 18:33:07.068640+00:00",
      "2026-07-23 18:33:07.866876+00:00",
      "2026-07-23 18:33:07.995784+00:00",
      "2026-07-23 18:33:09.514257+00:00"
    ]
  },
  "layout": {
    "scope": "page",
    "count": 3,
    "times": [
      0.22237129509449005,
      0.05871259234845638,
      0.03213735017925501
    ],
    "start_timestamps": [
      "2026-07-23 18:33:07.068730+00:00",
      "2026-07-23 18:33:07.995853+00:00",
      "2026-07-23 18:33:09.642163+00:00"
    ]
  },
  "table_structure": {
    "scope": "page",
    "count": 5,
    "times": [
      1.825392246246338e-05,
      2.8263777494430542e-05,
      0.3948739692568779,
      0.4446329129859805,
      2.8663314878940582e-05
    ],
    "start_timestamps": [
      "2026-07-23 18:33:07.361513+00:00",
      "2026-07-23 18:33:08.145166+00:00",
      "2026-07-23 18:33:08.145200+00:00",
      "2026-07-23 18:33:09.781372+00:00",
      "2026-07-23 18:33:10.226019+00:00"
    ]
  },
  "page_assemble": {
    "scope": "page",
    "count": 5,
    "times": [
      0.00034691300243139267,
      0.0003802962601184845,
      0.0003413120284676552,
      0.0002737557515501976,
      0.00044516660273075104
    ],
    "start_timestamps": [
      "2026-07-23 18:33:07.361578+00:00",
      "2026-07-23 18:33:08.540253+00:00",
      "2026-07-23 18:33:08.540664+00:00",
      "2026-07-23 18:33:10.226250+00:00",
      "2026-07-23 18:33:10.226564+00:00"
    ]
  },
  "doc_assemble": {
    "scope": "document",
    "count": 1,
    "times": [
      0.03217966016381979
    ],
    "start_timestamps": [
      "2026-07-23 18:33:10.227218+00:00"
    ]
  },
  "reading_order": {
    "scope": "document",
    "count": 1,
    "times": [
      0.03159651067107916
    ],
    "start_timestamps": [
      "2026-07-23 18:33:10.227396+00:00"
    ]
  },
  "doc_enrich": {
    "scope": "document",
    "count": 1,
    "times": [
      41.310063366778195
    ],
    "start_timestamps": [
      "2026-07-23 18:33:10.259436+00:00"
    ]
  }
}
Function parse_pdf took 89.9867 seconds to execute.
Running: get_tables
Function get_tables took 0.0001 seconds to execute.
Running: get_surrounding_paragraphs
Function get_surrounding_paragraphs took 0.0001 seconds to execute.
