Running: parse_pdf
Raw PDF conversion timings:
{
  "pipeline_total": {
    "scope": "document",
    "count": 1,
    "times": [
      12.692661572247744
    ],
    "start_timestamps": [
      "2026-07-17 22:35:22.750377+00:00"
    ]
  },
  "page_parse": {
    "scope": "page",
    "count": 10,
    "times": [
      0.09694577660411596,
      0.10848065465688705,
      0.16965476050972939,
      0.15208708867430687,
      0.15790483728051186,
      0.19012602511793375,
      0.15183002408593893,
      0.1216888902708888,
      0.14126940071582794,
      0.10669237840920687
    ],
    "start_timestamps": [
      "2026-07-17 22:35:22.758097+00:00",
      "2026-07-17 22:35:22.855081+00:00",
      "2026-07-17 22:35:22.963603+00:00",
      "2026-07-17 22:35:23.133304+00:00",
      "2026-07-17 22:35:23.285451+00:00",
      "2026-07-17 22:35:23.443420+00:00",
      "2026-07-17 22:35:23.633596+00:00",
      "2026-07-17 22:35:23.785478+00:00",
      "2026-07-17 22:35:23.907212+00:00",
      "2026-07-17 22:35:24.048531+00:00"
    ]
  },
  "ocr": {
    "scope": "page",
    "count": 10,
    "times": [
      0.12222748342901468,
      0.16703766491264105,
      2.981665530242026,
      1.4513366958126426,
      1.1721946066245437,
      0.8837235830724239,
      1.287813425064087,
      0.9755290746688843,
      0.12145128287374973,
      0.11847999226301908
    ],
    "start_timestamps": [
      "2026-07-17 22:35:22.855390+00:00",
      "2026-07-17 22:35:22.977669+00:00",
      "2026-07-17 22:35:23.144751+00:00",
      "2026-07-17 22:35:26.126496+00:00",
      "2026-07-17 22:35:27.577849+00:00",
      "2026-07-17 22:35:28.750060+00:00",
      "2026-07-17 22:35:29.633801+00:00",
      "2026-07-17 22:35:30.921632+00:00",
      "2026-07-17 22:35:31.897178+00:00",
      "2026-07-17 22:35:32.018640+00:00"
    ]
  },
  "layout": {
    "scope": "page",
    "count": 4,
    "times": [
      0.1701518753543496,
      0.028518280014395714,
      0.028790922835469246,
      0.09334445837885141
    ],
    "start_timestamps": [
      "2026-07-17 22:35:22.977740+00:00",
      "2026-07-17 22:35:23.286897+00:00",
      "2026-07-17 22:35:26.126565+00:00",
      "2026-07-17 22:35:32.137367+00:00"
    ]
  },
  "table_structure": {
    "scope": "page",
    "count": 10,
    "times": [
      1.3465993106365204e-05,
      4.697870463132858e-05,
      2.039782702922821e-05,
      0.7358653228729963,
      2.329424023628235e-05,
      1.049041748046875e-05,
      9.609386324882507e-06,
      1.1801719665527344e-05,
      2.1651387214660645e-05,
      1.4095567166805267e-05
    ],
    "start_timestamps": [
      "2026-07-17 22:35:23.286966+00:00",
      "2026-07-17 22:35:23.471770+00:00",
      "2026-07-17 22:35:26.198086+00:00",
      "2026-07-17 22:35:32.676549+00:00",
      "2026-07-17 22:35:33.412430+00:00",
      "2026-07-17 22:35:33.412456+00:00",
      "2026-07-17 22:35:33.412470+00:00",
      "2026-07-17 22:35:33.412805+00:00",
      "2026-07-17 22:35:33.412821+00:00",
      "2026-07-17 22:35:33.412846+00:00"
    ]
  },
  "page_assemble": {
    "scope": "page",
    "count": 10,
    "times": [
      0.0007373075932264328,
      0.0004672883078455925,
      0.000311264768242836,
      0.00032845791429281235,
      0.0003859652206301689,
      0.00033666379749774933,
      0.00037854257971048355,
      0.0002967687323689461,
      0.0004906831309199333,
      0.000354887917637825
    ],
    "start_timestamps": [
      "2026-07-17 22:35:23.287020+00:00",
      "2026-07-17 22:35:23.471862+00:00",
      "2026-07-17 22:35:26.198142+00:00",
      "2026-07-17 22:35:33.412950+00:00",
      "2026-07-17 22:35:33.413312+00:00",
      "2026-07-17 22:35:33.413718+00:00",
      "2026-07-17 22:35:33.414073+00:00",
      "2026-07-17 22:35:33.414472+00:00",
      "2026-07-17 22:35:33.414785+00:00",
      "2026-07-17 22:35:33.415294+00:00"
    ]
  },
  "doc_assemble": {
    "scope": "document",
    "count": 1,
    "times": [
      0.045830460265278816
    ],
    "start_timestamps": [
      "2026-07-17 22:35:33.415846+00:00"
    ]
  },
  "reading_order": {
    "scope": "document",
    "count": 1,
    "times": [
      0.04531193431466818
    ],
    "start_timestamps": [
      "2026-07-17 22:35:33.415958+00:00"
    ]
  },
  "doc_enrich": {
    "scope": "document",
    "count": 1,
    "times": [
      1.9813177771866322
    ],
    "start_timestamps": [
      "2026-07-17 22:35:33.461700+00:00"
    ]
  }
}
All hyperlinked elements redacted in-memory.
Clean PDF conversion timings:
{
  "pipeline_total": {
    "scope": "document",
    "count": 1,
    "times": [
      9.3128582816571
    ],
    "start_timestamps": [
      "2026-07-17 22:35:35.587420+00:00"
    ]
  },
  "page_parse": {
    "scope": "page",
    "count": 10,
    "times": [
      0.09492800757288933,
      0.10688844695687294,
      0.15643843822181225,
      0.14994090888649225,
      0.12773764412850142,
      0.14676231797784567,
      0.48471996281296015,
      0.14634867943823338,
      0.09528985992074013,
      0.1340496428310871
    ],
    "start_timestamps": [
      "2026-07-17 22:35:35.592862+00:00",
      "2026-07-17 22:35:35.687835+00:00",
      "2026-07-17 22:35:35.794771+00:00",
      "2026-07-17 22:35:35.951256+00:00",
      "2026-07-17 22:35:36.101240+00:00",
      "2026-07-17 22:35:36.229030+00:00",
      "2026-07-17 22:35:36.375836+00:00",
      "2026-07-17 22:35:36.860600+00:00",
      "2026-07-17 22:35:37.006989+00:00",
      "2026-07-17 22:35:37.102319+00:00"
    ]
  },
  "ocr": {
    "scope": "page",
    "count": 10,
    "times": [
      0.12285713013261557,
      0.1479258667677641,
      1.7780133001506329,
      0.6473443917930126,
      0.8112765830010176,
      0.48586109932512045,
      0.982170564122498,
      0.7010803399607539,
      0.12152997218072414,
      0.12388602551072836
    ],
    "start_timestamps": [
      "2026-07-17 22:35:35.688104+00:00",
      "2026-07-17 22:35:35.811017+00:00",
      "2026-07-17 22:35:35.958990+00:00",
      "2026-07-17 22:35:37.737104+00:00",
      "2026-07-17 22:35:38.384467+00:00",
      "2026-07-17 22:35:39.195762+00:00",
      "2026-07-17 22:35:39.681639+00:00",
      "2026-07-17 22:35:40.663826+00:00",
      "2026-07-17 22:35:41.364922+00:00",
      "2026-07-17 22:35:41.486462+00:00"
    ]
  },
  "layout": {
    "scope": "page",
    "count": 4,
    "times": [
      0.16590645536780357,
      0.11996926460415125,
      0.030484801158308983,
      0.09105317573994398
    ],
    "start_timestamps": [
      "2026-07-17 22:35:35.811088+00:00",
      "2026-07-17 22:35:36.111587+00:00",
      "2026-07-17 22:35:37.737165+00:00",
      "2026-07-17 22:35:41.610531+00:00"
    ]
  },
  "table_structure": {
    "scope": "page",
    "count": 10,
    "times": [
      3.0858442187309265e-05,
      3.017578274011612e-05,
      2.0588748157024384e-05,
      0.7388667427003384,
      1.7393380403518677e-05,
      7.603317499160767e-06,
      5.790963768959045e-06,
      8.545815944671631e-06,
      1.0319054126739502e-05,
      7.743947207927704e-06
    ],
    "start_timestamps": [
      "2026-07-17 22:35:36.111691+00:00",
      "2026-07-17 22:35:36.277664+00:00",
      "2026-07-17 22:35:37.806308+00:00",
      "2026-07-17 22:35:42.127887+00:00",
      "2026-07-17 22:35:42.866768+00:00",
      "2026-07-17 22:35:42.866789+00:00",
      "2026-07-17 22:35:42.866800+00:00",
      "2026-07-17 22:35:42.867025+00:00",
      "2026-07-17 22:35:42.867037+00:00",
      "2026-07-17 22:35:42.867052+00:00"
    ]
  },
  "page_assemble": {
    "scope": "page",
    "count": 10,
    "times": [
      0.0004764264449477196,
      0.0005699330940842628,
      0.00030383095145225525,
      0.00036552734673023224,
      0.0004573604092001915,
      0.0003476552665233612,
      0.0003799945116043091,
      0.0003170361742377281,
      0.000491064041852951,
      0.00035717152059078217
    ],
    "start_timestamps": [
      "2026-07-17 22:35:36.111779+00:00",
      "2026-07-17 22:35:36.278085+00:00",
      "2026-07-17 22:35:37.806365+00:00",
      "2026-07-17 22:35:42.867152+00:00",
      "2026-07-17 22:35:42.867555+00:00",
      "2026-07-17 22:35:42.868036+00:00",
      "2026-07-17 22:35:42.868412+00:00",
      "2026-07-17 22:35:42.868810+00:00",
      "2026-07-17 22:35:42.869144+00:00",
      "2026-07-17 22:35:42.869654+00:00"
    ]
  },
  "doc_assemble": {
    "scope": "document",
    "count": 1,
    "times": [
      0.044691476970911026
    ],
    "start_timestamps": [
      "2026-07-17 22:35:42.870210+00:00"
    ]
  },
  "reading_order": {
    "scope": "document",
    "count": 1,
    "times": [
      0.04414397571235895
    ],
    "start_timestamps": [
      "2026-07-17 22:35:42.870327+00:00"
    ]
  },
  "doc_enrich": {
    "scope": "document",
    "count": 1,
    "times": [
      1.9853339958935976
    ],
    "start_timestamps": [
      "2026-07-17 22:35:42.914925+00:00"
    ]
  }
}
Function parse_pdf took 22.3432 seconds to execute.
Running: get_tables
Function get_tables took 0.0001 seconds to execute.
Running: get_surrounding_paragraphs
Function get_surrounding_paragraphs took 0.0001 seconds to execute.
