Running: parse_pdf
Raw PDF conversion timings:
{
  "pipeline_total": {
    "scope": "document",
    "count": 1,
    "times": [
      8.314212490804493
    ],
    "start_timestamps": [
      "2026-07-17 21:25:11.727230+00:00"
    ]
  },
  "page_parse": {
    "scope": "page",
    "count": 6,
    "times": [
      0.09134700801223516,
      0.0971094137057662,
      0.09388681780546904,
      0.09552375879138708,
      0.05653922073543072,
      0.08499812707304955
    ],
    "start_timestamps": [
      "2026-07-17 21:25:11.732623+00:00",
      "2026-07-17 21:25:11.824012+00:00",
      "2026-07-17 21:25:11.921164+00:00",
      "2026-07-17 21:25:12.015091+00:00",
      "2026-07-17 21:25:12.110655+00:00",
      "2026-07-17 21:25:12.167241+00:00"
    ]
  },
  "ocr": {
    "scope": "page",
    "count": 6,
    "times": [
      1.786862226203084,
      1.4180681044235826,
      0.7816362027078867,
      0.9510238105431199,
      0.5511132404208183,
      0.9310745215043426
    ],
    "start_timestamps": [
      "2026-07-17 21:25:11.824115+00:00",
      "2026-07-17 21:25:13.611058+00:00",
      "2026-07-17 21:25:15.029143+00:00",
      "2026-07-17 21:25:15.810799+00:00",
      "2026-07-17 21:25:16.761838+00:00",
      "2026-07-17 21:25:17.312968+00:00"
    ]
  },
  "layout": {
    "scope": "page",
    "count": 2,
    "times": [
      0.0726664662361145,
      0.0829989854246378
    ],
    "start_timestamps": [
      "2026-07-17 21:25:13.611134+00:00",
      "2026-07-17 21:25:18.244241+00:00"
    ]
  },
  "table_structure": {
    "scope": "page",
    "count": 6,
    "times": [
      4.9573369324207306e-05,
      6.45611435174942e-05,
      2.7311965823173523e-05,
      2.9284507036209106e-05,
      2.788286656141281e-05,
      2.272333949804306e-05
    ],
    "start_timestamps": [
      "2026-07-17 21:25:13.745838+00:00",
      "2026-07-17 21:25:18.503595+00:00",
      "2026-07-17 21:25:18.503669+00:00",
      "2026-07-17 21:25:18.503704+00:00",
      "2026-07-17 21:25:18.503740+00:00",
      "2026-07-17 21:25:18.503832+00:00"
    ]
  },
  "page_assemble": {
    "scope": "page",
    "count": 6,
    "times": [
      0.002467694692313671,
      0.0005419198423624039,
      0.00038991402834653854,
      0.0028994278982281685,
      0.004696439951658249,
      0.00019576866179704666
    ],
    "start_timestamps": [
      "2026-07-17 21:25:13.745989+00:00",
      "2026-07-17 21:25:18.503959+00:00",
      "2026-07-17 21:25:18.504539+00:00",
      "2026-07-17 21:25:18.504951+00:00",
      "2026-07-17 21:25:18.507872+00:00",
      "2026-07-17 21:25:18.512596+00:00"
    ]
  },
  "doc_assemble": {
    "scope": "document",
    "count": 1,
    "times": [
      0.028547324240207672
    ],
    "start_timestamps": [
      "2026-07-17 21:25:18.513003+00:00"
    ]
  },
  "reading_order": {
    "scope": "document",
    "count": 1,
    "times": [
      0.02802056260406971
    ],
    "start_timestamps": [
      "2026-07-17 21:25:18.513128+00:00"
    ]
  },
  "doc_enrich": {
    "scope": "document",
    "count": 1,
    "times": [
      1.499852903187275
    ],
    "start_timestamps": [
      "2026-07-17 21:25:18.541572+00:00"
    ]
  }
}
All hyperlinked elements redacted in-memory.
Clean PDF conversion timings:
{
  "pipeline_total": {
    "scope": "document",
    "count": 1,
    "times": [
      8.345264838077128
    ],
    "start_timestamps": [
      "2026-07-17 21:25:20.201677+00:00"
    ]
  },
  "page_parse": {
    "scope": "page",
    "count": 6,
    "times": [
      0.09010042250156403,
      0.09650280140340328,
      0.09385926555842161,
      0.09073085803538561,
      0.046300048008561134,
      0.06349996291100979
    ],
    "start_timestamps": [
      "2026-07-17 21:25:20.206799+00:00",
      "2026-07-17 21:25:20.296943+00:00",
      "2026-07-17 21:25:20.393487+00:00",
      "2026-07-17 21:25:20.487386+00:00",
      "2026-07-17 21:25:20.578161+00:00",
      "2026-07-17 21:25:20.624503+00:00"
    ]
  },
  "ocr": {
    "scope": "page",
    "count": 6,
    "times": [
      1.5083184875547886,
      1.4700477235019207,
      1.004343111999333,
      0.9420897252857685,
      0.5741882137954235,
      0.988912096247077
    ],
    "start_timestamps": [
      "2026-07-17 21:25:20.297278+00:00",
      "2026-07-17 21:25:21.805651+00:00",
      "2026-07-17 21:25:23.275715+00:00",
      "2026-07-17 21:25:24.280075+00:00",
      "2026-07-17 21:25:25.222184+00:00",
      "2026-07-17 21:25:25.796392+00:00"
    ]
  },
  "layout": {
    "scope": "page",
    "count": 2,
    "times": [
      0.06364661920815706,
      0.08366075064986944
    ],
    "start_timestamps": [
      "2026-07-17 21:25:21.805764+00:00",
      "2026-07-17 21:25:26.785479+00:00"
    ]
  },
  "table_structure": {
    "scope": "page",
    "count": 6,
    "times": [
      1.6831792891025543e-05,
      2.2943131625652313e-05,
      9.117648005485535e-06,
      8.866190910339355e-06,
      9.648501873016357e-06,
      8.446164429187775e-06
    ],
    "start_timestamps": [
      "2026-07-17 21:25:21.930160+00:00",
      "2026-07-17 21:25:27.027418+00:00",
      "2026-07-17 21:25:27.027447+00:00",
      "2026-07-17 21:25:27.027460+00:00",
      "2026-07-17 21:25:27.027473+00:00",
      "2026-07-17 21:25:27.027518+00:00"
    ]
  },
  "page_assemble": {
    "scope": "page",
    "count": 6,
    "times": [
      0.000359545461833477,
      0.0005243271589279175,
      0.0004420420154929161,
      0.0003300616517663002,
      0.0002695685252547264,
      0.00013438332825899124
    ],
    "start_timestamps": [
      "2026-07-17 21:25:21.930263+00:00",
      "2026-07-17 21:25:27.027637+00:00",
      "2026-07-17 21:25:27.028208+00:00",
      "2026-07-17 21:25:27.028676+00:00",
      "2026-07-17 21:25:27.029029+00:00",
      "2026-07-17 21:25:27.029320+00:00"
    ]
  },
  "doc_assemble": {
    "scope": "document",
    "count": 1,
    "times": [
      0.035378480330109596
    ],
    "start_timestamps": [
      "2026-07-17 21:25:27.029653+00:00"
    ]
  },
  "reading_order": {
    "scope": "document",
    "count": 1,
    "times": [
      0.03491035010665655
    ],
    "start_timestamps": [
      "2026-07-17 21:25:27.029753+00:00"
    ]
  },
  "doc_enrich": {
    "scope": "document",
    "count": 1,
    "times": [
      1.4818698456510901
    ],
    "start_timestamps": [
      "2026-07-17 21:25:27.065054+00:00"
    ]
  }
}
Function parse_pdf took 16.9953 seconds to execute.
Running: get_tables
Function get_tables took 0.0000 seconds to execute.
Running: get_surrounding_paragraphs
Function get_surrounding_paragraphs took 0.0000 seconds to execute.
