Running: parse_pdf
Raw PDF conversion timings:
{
  "pipeline_total": {
    "scope": "document",
    "count": 1,
    "times": [
      7.04453301243484
    ],
    "start_timestamps": [
      "2026-07-17 22:22:20.884960+00:00"
    ]
  },
  "page_parse": {
    "scope": "page",
    "count": 10,
    "times": [
      0.03354055993258953,
      0.09118368942290545,
      0.10435948427766562,
      0.07482132501900196,
      0.07016092352569103,
      0.07266238238662481,
      0.06661228649318218,
      0.09764889441430569,
      0.05031657963991165,
      0.037707491777837276
    ],
    "start_timestamps": [
      "2026-07-17 22:22:20.887381+00:00",
      "2026-07-17 22:22:20.920956+00:00",
      "2026-07-17 22:22:21.012176+00:00",
      "2026-07-17 22:22:21.116572+00:00",
      "2026-07-17 22:22:21.191442+00:00",
      "2026-07-17 22:22:21.261648+00:00",
      "2026-07-17 22:22:21.334359+00:00",
      "2026-07-17 22:22:21.401010+00:00",
      "2026-07-17 22:22:21.498699+00:00",
      "2026-07-17 22:22:21.549058+00:00"
    ]
  },
  "ocr": {
    "scope": "page",
    "count": 10,
    "times": [
      0.8270249292254448,
      0.13165976852178574,
      0.7687773015350103,
      0.6330196401104331,
      0.12794611044228077,
      0.8794240057468414,
      0.6814370071515441,
      0.1292167203500867,
      0.12691844627261162,
      0.12551408261060715
    ],
    "start_timestamps": [
      "2026-07-17 22:22:20.921146+00:00",
      "2026-07-17 22:22:21.748257+00:00",
      "2026-07-17 22:22:21.879932+00:00",
      "2026-07-17 22:22:22.648726+00:00",
      "2026-07-17 22:22:23.281763+00:00",
      "2026-07-17 22:22:23.409724+00:00",
      "2026-07-17 22:22:24.289166+00:00",
      "2026-07-17 22:22:24.970621+00:00",
      "2026-07-17 22:22:25.099851+00:00",
      "2026-07-17 22:22:25.226780+00:00"
    ]
  },
  "layout": {
    "scope": "page",
    "count": 2,
    "times": [
      0.06893483828753233,
      0.10446987114846706
    ],
    "start_timestamps": [
      "2026-07-17 22:22:21.748382+00:00",
      "2026-07-17 22:22:25.352487+00:00"
    ]
  },
  "table_structure": {
    "scope": "page",
    "count": 10,
    "times": [
      3.510620445013046e-05,
      0.2319099884480238,
      2.1540559828281403e-05,
      0.19811970926821232,
      0.17135588265955448,
      2.0959414541721344e-05,
      0.2613420058041811,
      1.937616616487503e-05,
      0.12765816878527403,
      0.20297721028327942
    ],
    "start_timestamps": [
      "2026-07-17 22:22:21.818522+00:00",
      "2026-07-17 22:22:25.521037+00:00",
      "2026-07-17 22:22:25.752962+00:00",
      "2026-07-17 22:22:25.752986+00:00",
      "2026-07-17 22:22:25.951124+00:00",
      "2026-07-17 22:22:26.122556+00:00",
      "2026-07-17 22:22:26.122580+00:00",
      "2026-07-17 22:22:26.383937+00:00",
      "2026-07-17 22:22:26.383960+00:00",
      "2026-07-17 22:22:26.511702+00:00"
    ]
  },
  "page_assemble": {
    "scope": "page",
    "count": 10,
    "times": [
      0.00016644317656755447,
      0.00021171849220991135,
      0.0001355959102511406,
      0.00011816248297691345,
      0.00010756123811006546,
      0.00010074861347675323,
      7.579196244478226e-05,
      4.6076253056526184e-05,
      7.064267992973328e-05,
      9.659212082624435e-05
    ],
    "start_timestamps": [
      "2026-07-17 22:22:21.818673+00:00",
      "2026-07-17 22:22:26.122639+00:00",
      "2026-07-17 22:22:26.122891+00:00",
      "2026-07-17 22:22:26.123051+00:00",
      "2026-07-17 22:22:26.123192+00:00",
      "2026-07-17 22:22:26.512416+00:00",
      "2026-07-17 22:22:26.512546+00:00",
      "2026-07-17 22:22:26.512642+00:00",
      "2026-07-17 22:22:26.512704+00:00",
      "2026-07-17 22:22:26.714842+00:00"
    ]
  },
  "doc_assemble": {
    "scope": "document",
    "count": 1,
    "times": [
      0.021946090273559093
    ],
    "start_timestamps": [
      "2026-07-17 22:22:26.715240+00:00"
    ]
  },
  "reading_order": {
    "scope": "document",
    "count": 1,
    "times": [
      0.021524816751480103
    ],
    "start_timestamps": [
      "2026-07-17 22:22:26.715311+00:00"
    ]
  },
  "doc_enrich": {
    "scope": "document",
    "count": 1,
    "times": [
      1.192270416766405
    ],
    "start_timestamps": [
      "2026-07-17 22:22:26.737209+00:00"
    ]
  }
}
All hyperlinked elements redacted in-memory.
Clean PDF conversion timings:
{
  "pipeline_total": {
    "scope": "document",
    "count": 1,
    "times": [
      7.21296062041074
    ],
    "start_timestamps": [
      "2026-07-17 22:22:28.015173+00:00"
    ]
  },
  "page_parse": {
    "scope": "page",
    "count": 10,
    "times": [
      0.032563420943915844,
      0.055469898506999016,
      0.10487022344022989,
      0.07480602711439133,
      0.0699315732344985,
      0.1208719564601779,
      0.06568099372088909,
      0.05576319992542267,
      0.04876802582293749,
      0.03739157598465681
    ],
    "start_timestamps": [
      "2026-07-17 22:22:28.017414+00:00",
      "2026-07-17 22:22:28.050012+00:00",
      "2026-07-17 22:22:28.105511+00:00",
      "2026-07-17 22:22:28.210427+00:00",
      "2026-07-17 22:22:28.285272+00:00",
      "2026-07-17 22:22:28.355249+00:00",
      "2026-07-17 22:22:28.476179+00:00",
      "2026-07-17 22:22:28.541902+00:00",
      "2026-07-17 22:22:28.597711+00:00",
      "2026-07-17 22:22:28.646520+00:00"
    ]
  },
  "ocr": {
    "scope": "page",
    "count": 10,
    "times": [
      0.8905180329456925,
      0.12870111037045717,
      0.8137329630553722,
      0.7896072110161185,
      0.125636694021523,
      0.8256977293640375,
      0.8839892065152526,
      0.12462366744875908,
      0.12454508990049362,
      0.1251040119677782
    ],
    "start_timestamps": [
      "2026-07-17 22:22:28.050185+00:00",
      "2026-07-17 22:22:28.940762+00:00",
      "2026-07-17 22:22:29.069476+00:00",
      "2026-07-17 22:22:29.883225+00:00",
      "2026-07-17 22:22:30.672849+00:00",
      "2026-07-17 22:22:30.798495+00:00",
      "2026-07-17 22:22:31.624209+00:00",
      "2026-07-17 22:22:32.508214+00:00",
      "2026-07-17 22:22:32.632848+00:00",
      "2026-07-17 22:22:32.757412+00:00"
    ]
  },
  "layout": {
    "scope": "page",
    "count": 2,
    "times": [
      0.07014704775065184,
      0.10337555129081011
    ],
    "start_timestamps": [
      "2026-07-17 22:22:28.940899+00:00",
      "2026-07-17 22:22:32.882704+00:00"
    ]
  },
  "table_structure": {
    "scope": "page",
    "count": 10,
    "times": [
      2.2152438759803772e-05,
      4.9143098294734955e-05,
      1.4658086001873016e-05,
      0.2076322203502059,
      0.17099246848374605,
      2.0979903638362885e-05,
      0.25945883244276047,
      2.067815512418747e-05,
      0.1277939546853304,
      0.20347600895911455
    ],
    "start_timestamps": [
      "2026-07-17 22:22:29.012524+00:00",
      "2026-07-17 22:22:33.045872+00:00",
      "2026-07-17 22:22:33.045927+00:00",
      "2026-07-17 22:22:33.045946+00:00",
      "2026-07-17 22:22:33.253594+00:00",
      "2026-07-17 22:22:33.424667+00:00",
      "2026-07-17 22:22:33.424691+00:00",
      "2026-07-17 22:22:33.684166+00:00",
      "2026-07-17 22:22:33.684189+00:00",
      "2026-07-17 22:22:33.812068+00:00"
    ]
  },
  "page_assemble": {
    "scope": "page",
    "count": 10,
    "times": [
      9.89474356174469e-05,
      0.00014543253928422928,
      0.00013613607734441757,
      0.00010420568287372589,
      0.00010069925338029861,
      0.00010847393423318863,
      7.906928658485413e-05,
      5.033519119024277e-05,
      7.837731391191483e-05,
      0.00010067969560623169
    ],
    "start_timestamps": [
      "2026-07-17 22:22:29.012692+00:00",
      "2026-07-17 22:22:33.425539+00:00",
      "2026-07-17 22:22:33.425720+00:00",
      "2026-07-17 22:22:33.425877+00:00",
      "2026-07-17 22:22:33.426002+00:00",
      "2026-07-17 22:22:33.812932+00:00",
      "2026-07-17 22:22:33.813069+00:00",
      "2026-07-17 22:22:33.813168+00:00",
      "2026-07-17 22:22:33.813236+00:00",
      "2026-07-17 22:22:34.015706+00:00"
    ]
  },
  "doc_assemble": {
    "scope": "document",
    "count": 1,
    "times": [
      0.023612656630575657
    ],
    "start_timestamps": [
      "2026-07-17 22:22:34.016097+00:00"
    ]
  },
  "reading_order": {
    "scope": "document",
    "count": 1,
    "times": [
      0.023026232607662678
    ],
    "start_timestamps": [
      "2026-07-17 22:22:34.016186+00:00"
    ]
  },
  "doc_enrich": {
    "scope": "document",
    "count": 1,
    "times": [
      1.1883809780701995
    ],
    "start_timestamps": [
      "2026-07-17 22:22:34.039739+00:00"
    ]
  }
}
Function parse_pdf took 14.4192 seconds to execute.
Running: get_tables
Function get_tables took 0.0000 seconds to execute.
Running: get_surrounding_paragraphs
Function get_surrounding_paragraphs took 0.0001 seconds to execute.
