Running: parse_pdf
Raw PDF conversion timings:
{
  "pipeline_total": {
    "scope": "document",
    "count": 1,
    "times": [
      47.32997174747288
    ],
    "start_timestamps": [
      "2026-07-18 00:14:53.290141+00:00"
    ]
  },
  "page_parse": {
    "scope": "page",
    "count": 7,
    "times": [
      0.09623602963984013,
      0.10060084331780672,
      0.12419297266751528,
      0.1234010923653841,
      0.14129819255322218,
      0.15367983374744654,
      0.1327305594459176
    ],
    "start_timestamps": [
      "2026-07-18 00:14:53.296898+00:00",
      "2026-07-18 00:14:53.393174+00:00",
      "2026-07-18 00:14:53.493814+00:00",
      "2026-07-18 00:14:53.618053+00:00",
      "2026-07-18 00:14:53.741504+00:00",
      "2026-07-18 00:14:53.882852+00:00",
      "2026-07-18 00:14:54.036580+00:00"
    ]
  },
  "ocr": {
    "scope": "page",
    "count": 7,
    "times": [
      0.12234333157539368,
      0.23301865346729755,
      1.157382007688284,
      1.0957679646089673,
      0.9607671033591032,
      0.6553343115374446,
      0.1234369883313775
    ],
    "start_timestamps": [
      "2026-07-18 00:14:53.393447+00:00",
      "2026-07-18 00:14:53.515838+00:00",
      "2026-07-18 00:14:53.748902+00:00",
      "2026-07-18 00:14:54.906299+00:00",
      "2026-07-18 00:14:56.002119+00:00",
      "2026-07-18 00:14:56.962903+00:00",
      "2026-07-18 00:14:57.618254+00:00"
    ]
  },
  "layout": {
    "scope": "page",
    "count": 4,
    "times": [
      0.24098874256014824,
      0.10966233629733324,
      0.05991482548415661,
      0.06588969007134438
    ],
    "start_timestamps": [
      "2026-07-18 00:14:53.515909+00:00",
      "2026-07-18 00:14:53.890913+00:00",
      "2026-07-18 00:14:56.002229+00:00",
      "2026-07-18 00:14:57.741822+00:00"
    ]
  },
  "table_structure": {
    "scope": "page",
    "count": 7,
    "times": [
      1.3435259461402893e-05,
      2.5568529963493347e-05,
      1.9846484065055847e-05,
      7.202848792076111e-06,
      2.6059336960315704e-05,
      9.537674486637115e-06,
      1.0520219802856445e-05
    ],
    "start_timestamps": [
      "2026-07-18 00:14:53.890990+00:00",
      "2026-07-18 00:14:54.180845+00:00",
      "2026-07-18 00:14:56.123798+00:00",
      "2026-07-18 00:14:56.123820+00:00",
      "2026-07-18 00:14:58.016527+00:00",
      "2026-07-18 00:14:58.016558+00:00",
      "2026-07-18 00:14:58.016572+00:00"
    ]
  },
  "page_assemble": {
    "scope": "page",
    "count": 7,
    "times": [
      0.0013000871986150742,
      0.0003621317446231842,
      0.00026865676045417786,
      0.00020747072994709015,
      0.00033457018435001373,
      0.0005685193464159966,
      0.00036794133484363556
    ],
    "start_timestamps": [
      "2026-07-18 00:14:53.891044+00:00",
      "2026-07-18 00:14:54.180904+00:00",
      "2026-07-18 00:14:56.123875+00:00",
      "2026-07-18 00:14:56.124171+00:00",
      "2026-07-18 00:14:58.016692+00:00",
      "2026-07-18 00:14:58.017061+00:00",
      "2026-07-18 00:14:58.017651+00:00"
    ]
  },
  "doc_assemble": {
    "scope": "document",
    "count": 1,
    "times": [
      0.03226470947265625
    ],
    "start_timestamps": [
      "2026-07-18 00:14:58.018178+00:00"
    ]
  },
  "reading_order": {
    "scope": "document",
    "count": 1,
    "times": [
      0.031786780804395676
    ],
    "start_timestamps": [
      "2026-07-18 00:14:58.018284+00:00"
    ]
  },
  "doc_enrich": {
    "scope": "document",
    "count": 1,
    "times": [
      42.56962733902037
    ],
    "start_timestamps": [
      "2026-07-18 00:14:58.050466+00:00"
    ]
  }
}
All hyperlinked elements redacted in-memory.
Clean PDF conversion timings:
{
  "pipeline_total": {
    "scope": "document",
    "count": 1,
    "times": [
      47.39411529246718
    ],
    "start_timestamps": [
      "2026-07-18 00:15:40.726832+00:00"
    ]
  },
  "page_parse": {
    "scope": "page",
    "count": 7,
    "times": [
      0.09279792103916407,
      0.10027250461280346,
      0.12030971236526966,
      0.11699509341269732,
      0.13523453567177057,
      0.12568416260182858,
      0.17907867953181267
    ],
    "start_timestamps": [
      "2026-07-18 00:15:40.732502+00:00",
      "2026-07-18 00:15:40.825344+00:00",
      "2026-07-18 00:15:40.925665+00:00",
      "2026-07-18 00:15:41.046018+00:00",
      "2026-07-18 00:15:41.163057+00:00",
      "2026-07-18 00:15:41.298334+00:00",
      "2026-07-18 00:15:41.424063+00:00"
    ]
  },
  "ocr": {
    "scope": "page",
    "count": 7,
    "times": [
      0.12220796849578619,
      0.12448115926235914,
      1.2490655053406954,
      1.223459736444056,
      1.0047782836481929,
      0.6404428230598569,
      0.1208771113306284
    ],
    "start_timestamps": [
      "2026-07-18 00:15:40.825651+00:00",
      "2026-07-18 00:15:40.947915+00:00",
      "2026-07-18 00:15:41.072456+00:00",
      "2026-07-18 00:15:42.321610+00:00",
      "2026-07-18 00:15:43.545087+00:00",
      "2026-07-18 00:15:44.549890+00:00",
      "2026-07-18 00:15:45.190351+00:00"
    ]
  },
  "layout": {
    "scope": "page",
    "count": 4,
    "times": [
      0.23929392267018557,
      0.2243591407313943,
      0.027064002119004726,
      0.0722113260999322
    ],
    "start_timestamps": [
      "2026-07-18 00:15:40.947985+00:00",
      "2026-07-18 00:15:41.318319+00:00",
      "2026-07-18 00:15:42.321666+00:00",
      "2026-07-18 00:15:45.311362+00:00"
    ]
  },
  "table_structure": {
    "scope": "page",
    "count": 7,
    "times": [
      2.6689842343330383e-05,
      4.487484693527222e-05,
      5.829986184835434e-05,
      6.757676601409912e-05,
      2.3543834686279297e-05,
      2.0087696611881256e-05,
      3.104843199253082e-05
    ],
    "start_timestamps": [
      "2026-07-18 00:15:41.318450+00:00",
      "2026-07-18 00:15:41.648931+00:00",
      "2026-07-18 00:15:42.377199+00:00",
      "2026-07-18 00:15:45.602195+00:00",
      "2026-07-18 00:15:45.602274+00:00",
      "2026-07-18 00:15:45.602305+00:00",
      "2026-07-18 00:15:45.602332+00:00"
    ]
  },
  "page_assemble": {
    "scope": "page",
    "count": 7,
    "times": [
      0.0004495671018958092,
      0.0006989762187004089,
      0.0004886593669652939,
      0.0005927961319684982,
      0.00041103456169366837,
      0.0003197425976395607,
      0.000516911968588829
    ],
    "start_timestamps": [
      "2026-07-18 00:15:41.318561+00:00",
      "2026-07-18 00:15:41.649250+00:00",
      "2026-07-18 00:15:42.377312+00:00",
      "2026-07-18 00:15:45.602509+00:00",
      "2026-07-18 00:15:45.603158+00:00",
      "2026-07-18 00:15:45.603589+00:00",
      "2026-07-18 00:15:45.603927+00:00"
    ]
  },
  "doc_assemble": {
    "scope": "document",
    "count": 1,
    "times": [
      0.031451969407498837
    ],
    "start_timestamps": [
      "2026-07-18 00:15:45.604627+00:00"
    ]
  },
  "reading_order": {
    "scope": "document",
    "count": 1,
    "times": [
      0.030941229313611984
    ],
    "start_timestamps": [
      "2026-07-18 00:15:45.604735+00:00"
    ]
  },
  "doc_enrich": {
    "scope": "document",
    "count": 1,
    "times": [
      42.484826227650046
    ],
    "start_timestamps": [
      "2026-07-18 00:15:45.636102+00:00"
    ]
  }
}
Function parse_pdf took 94.9897 seconds to execute.
Running: get_tables
Function get_tables took 0.0001 seconds to execute.
Running: get_surrounding_paragraphs
Function get_surrounding_paragraphs took 0.0001 seconds to execute.
