Running: parse_pdf
Raw PDF conversion timings:
{
  "pipeline_total": {
    "scope": "document",
    "count": 1,
    "times": [
      47.4055000199005
    ],
    "start_timestamps": [
      "2026-07-18 00:17:07.549178+00:00"
    ]
  },
  "page_parse": {
    "scope": "page",
    "count": 7,
    "times": [
      0.09495485108345747,
      0.10145106725394726,
      0.12198219541460276,
      0.12296713888645172,
      0.1423999909311533,
      0.17902377620339394,
      0.1455244105309248
    ],
    "start_timestamps": [
      "2026-07-18 00:17:07.555857+00:00",
      "2026-07-18 00:17:07.650852+00:00",
      "2026-07-18 00:17:07.752343+00:00",
      "2026-07-18 00:17:07.874370+00:00",
      "2026-07-18 00:17:07.997387+00:00",
      "2026-07-18 00:17:08.139833+00:00",
      "2026-07-18 00:17:08.318897+00:00"
    ]
  },
  "ocr": {
    "scope": "page",
    "count": 7,
    "times": [
      0.12252714019268751,
      0.1251695640385151,
      1.2788518480956554,
      1.1415406838059425,
      0.9352110400795937,
      0.653378983028233,
      0.12047091219574213
    ],
    "start_timestamps": [
      "2026-07-18 00:17:07.651136+00:00",
      "2026-07-18 00:17:07.773708+00:00",
      "2026-07-18 00:17:07.898926+00:00",
      "2026-07-18 00:17:09.177858+00:00",
      "2026-07-18 00:17:10.319424+00:00",
      "2026-07-18 00:17:11.254653+00:00",
      "2026-07-18 00:17:11.908047+00:00"
    ]
  },
  "layout": {
    "scope": "page",
    "count": 4,
    "times": [
      0.2432708265259862,
      0.14630998019129038,
      0.02801374066621065,
      0.07272841222584248
    ],
    "start_timestamps": [
      "2026-07-18 00:17:07.773863+00:00",
      "2026-07-18 00:17:08.153727+00:00",
      "2026-07-18 00:17:09.177915+00:00",
      "2026-07-18 00:17:12.028723+00:00"
    ]
  },
  "table_structure": {
    "scope": "page",
    "count": 7,
    "times": [
      1.3886019587516785e-05,
      4.245992749929428e-05,
      3.367289900779724e-05,
      2.0228326320648193e-05,
      7.244758307933807e-06,
      5.681067705154419e-06,
      7.813796401023865e-06
    ],
    "start_timestamps": [
      "2026-07-18 00:17:08.153825+00:00",
      "2026-07-18 00:17:08.464891+00:00",
      "2026-07-18 00:17:09.236603+00:00",
      "2026-07-18 00:17:12.335860+00:00",
      "2026-07-18 00:17:12.335884+00:00",
      "2026-07-18 00:17:12.335895+00:00",
      "2026-07-18 00:17:12.335903+00:00"
    ]
  },
  "page_assemble": {
    "scope": "page",
    "count": 7,
    "times": [
      0.0013346821069717407,
      0.00039741769433021545,
      0.0004276242107152939,
      0.00044780317693948746,
      0.0003325659781694412,
      0.0006320104002952576,
      0.0005347765982151031
    ],
    "start_timestamps": [
      "2026-07-18 00:17:08.153888+00:00",
      "2026-07-18 00:17:08.465111+00:00",
      "2026-07-18 00:17:09.236683+00:00",
      "2026-07-18 00:17:12.336075+00:00",
      "2026-07-18 00:17:12.336563+00:00",
      "2026-07-18 00:17:12.336917+00:00",
      "2026-07-18 00:17:12.337571+00:00"
    ]
  },
  "doc_assemble": {
    "scope": "document",
    "count": 1,
    "times": [
      0.03219916671514511
    ],
    "start_timestamps": [
      "2026-07-18 00:17:12.338291+00:00"
    ]
  },
  "reading_order": {
    "scope": "document",
    "count": 1,
    "times": [
      0.031704677268862724
    ],
    "start_timestamps": [
      "2026-07-18 00:17:12.338398+00:00"
    ]
  },
  "doc_enrich": {
    "scope": "document",
    "count": 1,
    "times": [
      42.584145944565535
    ],
    "start_timestamps": [
      "2026-07-18 00:17:12.370514+00:00"
    ]
  }
}
All hyperlinked elements redacted in-memory.
Clean PDF conversion timings:
{
  "pipeline_total": {
    "scope": "document",
    "count": 1,
    "times": [
      47.66495018173009
    ],
    "start_timestamps": [
      "2026-07-18 00:17:55.054301+00:00"
    ]
  },
  "page_parse": {
    "scope": "page",
    "count": 7,
    "times": [
      0.09271194320172071,
      0.10131195932626724,
      0.14254997298121452,
      0.11893381550908089,
      0.1382487379014492,
      0.11053940560668707,
      0.148689778521657
    ],
    "start_timestamps": [
      "2026-07-18 00:17:55.059784+00:00",
      "2026-07-18 00:17:55.152729+00:00",
      "2026-07-18 00:17:55.254080+00:00",
      "2026-07-18 00:17:55.396673+00:00",
      "2026-07-18 00:17:55.515650+00:00",
      "2026-07-18 00:17:55.653945+00:00",
      "2026-07-18 00:17:55.764528+00:00"
    ]
  },
  "ocr": {
    "scope": "page",
    "count": 7,
    "times": [
      0.12437773123383522,
      0.12398252822458744,
      1.2937368303537369,
      1.3567226957529783,
      0.977972200140357,
      0.633221885189414,
      0.12125583458691835
    ],
    "start_timestamps": [
      "2026-07-18 00:17:55.153036+00:00",
      "2026-07-18 00:17:55.277464+00:00",
      "2026-07-18 00:17:55.401479+00:00",
      "2026-07-18 00:17:56.695309+00:00",
      "2026-07-18 00:17:58.052052+00:00",
      "2026-07-18 00:17:59.030044+00:00",
      "2026-07-18 00:17:59.663283+00:00"
    ]
  },
  "layout": {
    "scope": "page",
    "count": 4,
    "times": [
      0.24490298237651587,
      0.27551013696938753,
      0.03388472553342581,
      0.07091300468891859
    ],
    "start_timestamps": [
      "2026-07-18 00:17:55.277544+00:00",
      "2026-07-18 00:17:55.561979+00:00",
      "2026-07-18 00:17:56.695367+00:00",
      "2026-07-18 00:17:59.784732+00:00"
    ]
  },
  "table_structure": {
    "scope": "page",
    "count": 7,
    "times": [
      2.8382986783981323e-05,
      1.9837170839309692e-05,
      2.565886825323105e-05,
      2.781301736831665e-05,
      9.417533874511719e-06,
      6.853602826595306e-06,
      9.247101843357086e-06
    ],
    "start_timestamps": [
      "2026-07-18 00:17:55.562075+00:00",
      "2026-07-18 00:17:55.930940+00:00",
      "2026-07-18 00:17:56.759205+00:00",
      "2026-07-18 00:18:00.075859+00:00",
      "2026-07-18 00:18:00.075892+00:00",
      "2026-07-18 00:18:00.075906+00:00",
      "2026-07-18 00:18:00.075917+00:00"
    ]
  },
  "page_assemble": {
    "scope": "page",
    "count": 7,
    "times": [
      0.0003777509555220604,
      0.00033121369779109955,
      0.00029279012233018875,
      0.00033611152321100235,
      0.00030332058668136597,
      0.0002529360353946686,
      0.00038051605224609375
    ],
    "start_timestamps": [
      "2026-07-18 00:17:55.562153+00:00",
      "2026-07-18 00:17:55.930995+00:00",
      "2026-07-18 00:17:56.759270+00:00",
      "2026-07-18 00:18:00.076030+00:00",
      "2026-07-18 00:18:00.076452+00:00",
      "2026-07-18 00:18:00.076776+00:00",
      "2026-07-18 00:18:00.077048+00:00"
    ]
  },
  "doc_assemble": {
    "scope": "document",
    "count": 1,
    "times": [
      0.031493314541876316
    ],
    "start_timestamps": [
      "2026-07-18 00:18:00.077627+00:00"
    ]
  },
  "reading_order": {
    "scope": "document",
    "count": 1,
    "times": [
      0.031019821763038635
    ],
    "start_timestamps": [
      "2026-07-18 00:18:00.077728+00:00"
    ]
  },
  "doc_enrich": {
    "scope": "document",
    "count": 1,
    "times": [
      42.61008017975837
    ],
    "start_timestamps": [
      "2026-07-18 00:18:00.109144+00:00"
    ]
  }
}
Function parse_pdf took 95.3944 seconds to execute.
Running: get_tables
Function get_tables took 0.0001 seconds to execute.
Running: get_surrounding_paragraphs
Function get_surrounding_paragraphs took 0.0001 seconds to execute.
