Running: parse_pdf
Raw PDF conversion timings:
{
  "pipeline_total": {
    "scope": "document",
    "count": 1,
    "times": [
      78.52645456790924
    ],
    "start_timestamps": [
      "2026-07-17 16:30:47.863501+00:00"
    ]
  },
  "page_parse": {
    "scope": "page",
    "count": 9,
    "times": [
      0.2662722170352936,
      0.33025822322815657,
      0.4514141622930765,
      0.307257398031652,
      0.3135869465768337,
      0.17443475034087896,
      0.1032433370128274,
      0.2160701546818018,
      0.171112809330225
    ],
    "start_timestamps": [
      "2026-07-17 16:30:47.868184+00:00",
      "2026-07-17 16:30:48.134499+00:00",
      "2026-07-17 16:30:48.464803+00:00",
      "2026-07-17 16:30:48.916264+00:00",
      "2026-07-17 16:30:49.223591+00:00",
      "2026-07-17 16:30:49.537227+00:00",
      "2026-07-17 16:30:49.711711+00:00",
      "2026-07-17 16:30:49.815000+00:00",
      "2026-07-17 16:30:50.031127+00:00"
    ]
  },
  "ocr": {
    "scope": "page",
    "count": 9,
    "times": [
      5.356531477533281,
      4.526653066277504,
      4.887506392784417,
      4.499314860440791,
      4.360743014141917,
      2.859215062111616,
      2.3747108010575175,
      3.4737234795466065,
      2.53901928011328
    ],
    "start_timestamps": [
      "2026-07-17 16:30:48.134831+00:00",
      "2026-07-17 16:30:53.491502+00:00",
      "2026-07-17 16:30:58.018171+00:00",
      "2026-07-17 16:31:02.905707+00:00",
      "2026-07-17 16:31:07.405040+00:00",
      "2026-07-17 16:31:11.765802+00:00",
      "2026-07-17 16:31:14.625044+00:00",
      "2026-07-17 16:31:16.999773+00:00",
      "2026-07-17 16:31:20.473514+00:00"
    ]
  },
  "layout": {
    "scope": "page",
    "count": 2,
    "times": [
      0.06343744415789843,
      0.10852669831365347
    ],
    "start_timestamps": [
      "2026-07-17 16:30:53.491579+00:00",
      "2026-07-17 16:31:23.012776+00:00"
    ]
  },
  "table_structure": {
    "scope": "page",
    "count": 9,
    "times": [
      2.139061689376831e-05,
      3.071874380111694e-05,
      9.16793942451477e-06,
      7.154420018196106e-06,
      5.921348929405212e-06,
      8.867122232913971e-06,
      6.361864507198334e-06,
      1.0590068995952606e-05,
      4.649162292480469e-06
    ],
    "start_timestamps": [
      "2026-07-17 16:30:53.596199+00:00",
      "2026-07-17 16:31:23.327736+00:00",
      "2026-07-17 16:31:23.327772+00:00",
      "2026-07-17 16:31:23.327785+00:00",
      "2026-07-17 16:31:23.327796+00:00",
      "2026-07-17 16:31:23.327842+00:00",
      "2026-07-17 16:31:23.327855+00:00",
      "2026-07-17 16:31:23.327865+00:00",
      "2026-07-17 16:31:23.327879+00:00"
    ]
  },
  "page_assemble": {
    "scope": "page",
    "count": 9,
    "times": [
      0.00031030457466840744,
      0.0003621308133006096,
      0.0002215765416622162,
      0.00019738171249628067,
      0.00016303732991218567,
      0.0001646103337407112,
      0.00010610837489366531,
      0.00015966128557920456,
      9.94168221950531e-05
    ],
    "start_timestamps": [
      "2026-07-17 16:30:53.596272+00:00",
      "2026-07-17 16:31:23.327976+00:00",
      "2026-07-17 16:31:23.328368+00:00",
      "2026-07-17 16:31:23.328610+00:00",
      "2026-07-17 16:31:23.328825+00:00",
      "2026-07-17 16:31:23.329006+00:00",
      "2026-07-17 16:31:23.329191+00:00",
      "2026-07-17 16:31:23.329316+00:00",
      "2026-07-17 16:31:23.329492+00:00"
    ]
  },
  "doc_assemble": {
    "scope": "document",
    "count": 1,
    "times": [
      0.028391698375344276
    ],
    "start_timestamps": [
      "2026-07-17 16:31:23.329831+00:00"
    ]
  },
  "reading_order": {
    "scope": "document",
    "count": 1,
    "times": [
      0.0278773196041584
    ],
    "start_timestamps": [
      "2026-07-17 16:31:23.329914+00:00"
    ]
  },
  "doc_enrich": {
    "scope": "document",
    "count": 1,
    "times": [
      43.031632117927074
    ],
    "start_timestamps": [
      "2026-07-17 16:31:23.358253+00:00"
    ]
  }
}
All hyperlinked elements redacted in-memory.
Clean PDF conversion timings:
{
  "pipeline_total": {
    "scope": "document",
    "count": 1,
    "times": [
      78.34635633789003
    ],
    "start_timestamps": [
      "2026-07-17 16:32:06.472932+00:00"
    ]
  },
  "page_parse": {
    "scope": "page",
    "count": 9,
    "times": [
      0.26726398430764675,
      0.2776440940797329,
      0.44536092411726713,
      0.3060394488275051,
      0.31284412182867527,
      0.1733953356742859,
      0.09946139249950647,
      0.21364607382565737,
      0.16533799562603235
    ],
    "start_timestamps": [
      "2026-07-17 16:32:06.477966+00:00",
      "2026-07-17 16:32:06.745279+00:00",
      "2026-07-17 16:32:07.022969+00:00",
      "2026-07-17 16:32:07.468376+00:00",
      "2026-07-17 16:32:07.774491+00:00",
      "2026-07-17 16:32:08.087385+00:00",
      "2026-07-17 16:32:08.260831+00:00",
      "2026-07-17 16:32:08.360339+00:00",
      "2026-07-17 16:32:08.574035+00:00"
    ]
  },
  "ocr": {
    "scope": "page",
    "count": 9,
    "times": [
      5.2049562288448215,
      4.5495639611035585,
      4.8927853256464005,
      4.40552619099617,
      4.715418967418373,
      2.8858906608074903,
      2.341361105442047,
      3.462489633820951,
      2.5071153240278363
    ],
    "start_timestamps": [
      "2026-07-17 16:32:06.745746+00:00",
      "2026-07-17 16:32:11.950822+00:00",
      "2026-07-17 16:32:16.500434+00:00",
      "2026-07-17 16:32:21.393238+00:00",
      "2026-07-17 16:32:25.798781+00:00",
      "2026-07-17 16:32:30.514216+00:00",
      "2026-07-17 16:32:33.400127+00:00",
      "2026-07-17 16:32:35.741506+00:00",
      "2026-07-17 16:32:39.204014+00:00"
    ]
  },
  "layout": {
    "scope": "page",
    "count": 2,
    "times": [
      0.06483177747577429,
      0.10791806317865849
    ],
    "start_timestamps": [
      "2026-07-17 16:32:11.950959+00:00",
      "2026-07-17 16:32:41.711345+00:00"
    ]
  },
  "table_structure": {
    "scope": "page",
    "count": 9,
    "times": [
      2.5877729058265686e-05,
      2.3925676941871643e-05,
      7.14324414730072e-06,
      5.239620804786682e-06,
      4.308298230171204e-06,
      7.874332368373871e-06,
      5.159527063369751e-06,
      4.870817065238953e-06,
      4.349276423454285e-06
    ],
    "start_timestamps": [
      "2026-07-17 16:32:12.056586+00:00",
      "2026-07-17 16:32:42.028609+00:00",
      "2026-07-17 16:32:42.028637+00:00",
      "2026-07-17 16:32:42.028647+00:00",
      "2026-07-17 16:32:42.028656+00:00",
      "2026-07-17 16:32:42.028692+00:00",
      "2026-07-17 16:32:42.028703+00:00",
      "2026-07-17 16:32:42.028711+00:00",
      "2026-07-17 16:32:42.028719+00:00"
    ]
  },
  "page_assemble": {
    "scope": "page",
    "count": 9,
    "times": [
      0.0003282986581325531,
      0.00039230939000844955,
      0.0002905558794736862,
      0.0002290811389684677,
      0.00015725567936897278,
      0.000141095370054245,
      9.930692613124847e-05,
      0.0001612342894077301,
      9.655207395553589e-05
    ],
    "start_timestamps": [
      "2026-07-17 16:32:12.056673+00:00",
      "2026-07-17 16:32:42.028828+00:00",
      "2026-07-17 16:32:42.029254+00:00",
      "2026-07-17 16:32:42.029568+00:00",
      "2026-07-17 16:32:42.029814+00:00",
      "2026-07-17 16:32:42.029989+00:00",
      "2026-07-17 16:32:42.030148+00:00",
      "2026-07-17 16:32:42.030263+00:00",
      "2026-07-17 16:32:42.030442+00:00"
    ]
  },
  "doc_assemble": {
    "scope": "document",
    "count": 1,
    "times": [
      0.027554462663829327
    ],
    "start_timestamps": [
      "2026-07-17 16:32:42.030704+00:00"
    ]
  },
  "reading_order": {
    "scope": "document",
    "count": 1,
    "times": [
      0.02708555944263935
    ],
    "start_timestamps": [
      "2026-07-17 16:32:42.030797+00:00"
    ]
  },
  "doc_enrich": {
    "scope": "document",
    "count": 1,
    "times": [
      42.760930091142654
    ],
    "start_timestamps": [
      "2026-07-17 16:32:42.058283+00:00"
    ]
  }
}
Function parse_pdf took 157.2160 seconds to execute.
Running: get_tables
Function get_tables took 0.0001 seconds to execute.
Running: get_surrounding_paragraphs
Function get_surrounding_paragraphs took 0.0001 seconds to execute.
