Running: parse_pdf
Raw PDF conversion timings:
{
  "pipeline_total": {
    "scope": "document",
    "count": 1,
    "times": [
      6.782966147991829
    ],
    "start_timestamps": [
      "2026-07-23 11:10:18.254522+00:00"
    ]
  },
  "page_parse": {
    "scope": "page",
    "count": 7,
    "times": [
      0.07239787897560745,
      0.1131050419062376,
      0.08528473298065364,
      0.1597357130376622,
      0.08487921894993633,
      0.08971318299882114,
      0.05746054800692946
    ],
    "start_timestamps": [
      "2026-07-23 11:10:18.259654+00:00",
      "2026-07-23 11:10:18.332090+00:00",
      "2026-07-23 11:10:18.445230+00:00",
      "2026-07-23 11:10:18.530559+00:00",
      "2026-07-23 11:10:18.690337+00:00",
      "2026-07-23 11:10:18.775256+00:00",
      "2026-07-23 11:10:18.865010+00:00"
    ]
  },
  "ocr": {
    "scope": "page",
    "count": 7,
    "times": [
      0.1218604079913348,
      0.23917252104729414,
      0.17775437200907618,
      0.11856509500648826,
      2.9549584430642426,
      0.11916135903447866,
      0.12294423091225326
    ],
    "start_timestamps": [
      "2026-07-23 11:10:18.332341+00:00",
      "2026-07-23 11:10:18.454240+00:00",
      "2026-07-23 11:10:18.693448+00:00",
      "2026-07-23 11:10:18.871227+00:00",
      "2026-07-23 11:10:18.989829+00:00",
      "2026-07-23 11:10:21.944807+00:00",
      "2026-07-23 11:10:22.063982+00:00"
    ]
  },
  "layout": {
    "scope": "page",
    "count": 4,
    "times": [
      0.32960168400313705,
      0.06852529791649431,
      0.06015470705460757,
      0.06569861900061369
    ],
    "start_timestamps": [
      "2026-07-23 11:10:18.454317+00:00",
      "2026-07-23 11:10:18.865435+00:00",
      "2026-07-23 11:10:18.989891+00:00",
      "2026-07-23 11:10:22.187071+00:00"
    ]
  },
  "table_structure": {
    "scope": "page",
    "count": 7,
    "times": [
      1.7573009245097637e-05,
      2.1048937924206257e-05,
      0.4913389290450141,
      0.3951584550086409,
      0.3758876450592652,
      0.4090645620599389,
      2.6609981432557106e-05
    ],
    "start_timestamps": [
      "2026-07-23 11:10:18.865528+00:00",
      "2026-07-23 11:10:18.947541+00:00",
      "2026-07-23 11:10:19.099353+00:00",
      "2026-07-23 11:10:19.590707+00:00",
      "2026-07-23 11:10:22.343675+00:00",
      "2026-07-23 11:10:22.719577+00:00",
      "2026-07-23 11:10:23.128658+00:00"
    ]
  },
  "page_assemble": {
    "scope": "page",
    "count": 7,
    "times": [
      0.00019057909958064556,
      0.00016405002679675817,
      0.00026519002858549356,
      0.00018774403724819422,
      0.00025226606521755457,
      0.00022126792464405298,
      0.0002301940694451332
    ],
    "start_timestamps": [
      "2026-07-23 11:10:18.865603+00:00",
      "2026-07-23 11:10:18.947603+00:00",
      "2026-07-23 11:10:19.986049+00:00",
      "2026-07-23 11:10:19.986352+00:00",
      "2026-07-23 11:10:23.128920+00:00",
      "2026-07-23 11:10:23.129212+00:00",
      "2026-07-23 11:10:23.129460+00:00"
    ]
  },
  "doc_assemble": {
    "scope": "document",
    "count": 1,
    "times": [
      0.021272063022479415
    ],
    "start_timestamps": [
      "2026-07-23 11:10:23.129879+00:00"
    ]
  },
  "reading_order": {
    "scope": "document",
    "count": 1,
    "times": [
      0.02081619400996715
    ],
    "start_timestamps": [
      "2026-07-23 11:10:23.129934+00:00"
    ]
  },
  "doc_enrich": {
    "scope": "document",
    "count": 1,
    "times": [
      1.8862935160286725
    ],
    "start_timestamps": [
      "2026-07-23 11:10:23.151177+00:00"
    ]
  }
}
All hyperlinked elements redacted in-memory.
Clean PDF conversion timings:
{
  "pipeline_total": {
    "scope": "document",
    "count": 1,
    "times": [
      7.137986612971872
    ],
    "start_timestamps": [
      "2026-07-23 11:10:25.072482+00:00"
    ]
  },
  "page_parse": {
    "scope": "page",
    "count": 7,
    "times": [
      0.07097139908000827,
      0.11342114803846925,
      0.08495980105362833,
      0.0779569789301604,
      0.08333540905732661,
      0.0891937529668212,
      0.05759783589746803
    ],
    "start_timestamps": [
      "2026-07-23 11:10:25.076477+00:00",
      "2026-07-23 11:10:25.147486+00:00",
      "2026-07-23 11:10:25.260944+00:00",
      "2026-07-23 11:10:25.345947+00:00",
      "2026-07-23 11:10:25.423946+00:00",
      "2026-07-23 11:10:25.507324+00:00",
      "2026-07-23 11:10:25.596557+00:00"
    ]
  },
  "ocr": {
    "scope": "page",
    "count": 7,
    "times": [
      0.12184658192563802,
      0.15762054501101375,
      0.17561196407768875,
      0.11913028103299439,
      3.4026586229447275,
      0.12785556097514927,
      0.12167384696658701
    ],
    "start_timestamps": [
      "2026-07-23 11:10:25.147711+00:00",
      "2026-07-23 11:10:25.269593+00:00",
      "2026-07-23 11:10:25.427245+00:00",
      "2026-07-23 11:10:25.602875+00:00",
      "2026-07-23 11:10:25.722041+00:00",
      "2026-07-23 11:10:29.124718+00:00",
      "2026-07-23 11:10:29.252583+00:00"
    ]
  },
  "layout": {
    "scope": "page",
    "count": 4,
    "times": [
      0.24698407796677202,
      0.0687893059803173,
      0.05848602089099586,
      0.06514455401338637
    ],
    "start_timestamps": [
      "2026-07-23 11:10:25.269710+00:00",
      "2026-07-23 11:10:25.595889+00:00",
      "2026-07-23 11:10:25.722102+00:00",
      "2026-07-23 11:10:29.374406+00:00"
    ]
  },
  "table_structure": {
    "scope": "page",
    "count": 7,
    "times": [
      1.596100628376007e-05,
      2.2822991013526917e-05,
      0.48132816702127457,
      0.38808152300771326,
      0.3735901030013338,
      0.4099000069545582,
      2.1790037862956524e-05
    ],
    "start_timestamps": [
      "2026-07-23 11:10:25.596619+00:00",
      "2026-07-23 11:10:25.678105+00:00",
      "2026-07-23 11:10:25.830630+00:00",
      "2026-07-23 11:10:26.311974+00:00",
      "2026-07-23 11:10:29.529322+00:00",
      "2026-07-23 11:10:29.902928+00:00",
      "2026-07-23 11:10:30.312844+00:00"
    ]
  },
  "page_assemble": {
    "scope": "page",
    "count": 7,
    "times": [
      0.0001958790235221386,
      0.00019716192036867142,
      0.00023963197600096464,
      0.00017009105067700148,
      0.0002532879589125514,
      0.00020192109514027834,
      0.00021843204740434885
    ],
    "start_timestamps": [
      "2026-07-23 11:10:25.596908+00:00",
      "2026-07-23 11:10:25.678183+00:00",
      "2026-07-23 11:10:26.700905+00:00",
      "2026-07-23 11:10:26.701501+00:00",
      "2026-07-23 11:10:30.313081+00:00",
      "2026-07-23 11:10:30.313374+00:00",
      "2026-07-23 11:10:30.313602+00:00"
    ]
  },
  "doc_assemble": {
    "scope": "document",
    "count": 1,
    "times": [
      0.021969216992147267
    ],
    "start_timestamps": [
      "2026-07-23 11:10:30.313993+00:00"
    ]
  },
  "reading_order": {
    "scope": "document",
    "count": 1,
    "times": [
      0.021523577976040542
    ],
    "start_timestamps": [
      "2026-07-23 11:10:30.314047+00:00"
    ]
  },
  "doc_enrich": {
    "scope": "document",
    "count": 1,
    "times": [
      1.874462552019395
    ],
    "start_timestamps": [
      "2026-07-23 11:10:30.335987+00:00"
    ]
  }
}
Function parse_pdf took 13.9902 seconds to execute.
Running: get_tables
Function get_tables took 0.0000 seconds to execute.
Running: get_surrounding_paragraphs
Function get_surrounding_paragraphs took 0.0001 seconds to execute.
PROCESSOR ERROR: Error in save_all: '/mnt/iusers01/fatpou01/chem02/b07755hv/ChemistryExtract/tests/runs/2026-07-23_14-48-00/2015 - Determination of the parameters of molecular-weight distribution of hydroxyethyl starches by diffusion-ordered NMR spectroscopy/extract/2015 - Determination of the parameters of molecular-weight distribution of hydroxyethyl starches by diffusion-ordered NMR spectroscopy.pdf' and '/mnt/iusers01/fatpou01/chem02/b07755hv/ChemistryExtract/tests/runs/2026-07-23_14-48-00/2015 - Determination of the parameters of molecular-weight distribution of hydroxyethyl starches by diffusion-ordered NMR spectroscopy/extract/2015 - Determination of the parameters of molecular-weight distribution of hydroxyethyl starches by diffusion-ordered NMR spectroscopy.pdf' are the same file
