Running: parse_pdf
--- Logging error ---
Traceback (most recent call last):
  File "/mnt/iusers01/fatpou01/chem02/b07755hv/.local/lib/python3.12/site-packages/rapidocr/main.py", line 130, in run_ocr_steps
    cropped_img_list, det_res = self.detect_and_crop(img, op_record)
                                ^^^^^^^^^^^^^^^^^^^^^^^^^^^^^^^^^^^^
  File "/mnt/iusers01/fatpou01/chem02/b07755hv/.local/lib/python3.12/site-packages/rapidocr/main.py", line 298, in detect_and_crop
    raise RapidOCRError("The text detection result is empty")
rapidocr.main.RapidOCRError: The text detection result is empty

During handling of the above exception, another exception occurred:

Traceback (most recent call last):
  File "/mnt/iusers01/fatpou01/chem02/b07755hv/.conda/envs/env/lib/python3.12/logging/__init__.py", line 1163, in emit
    stream.write(msg + self.terminator)
  File "/mnt/iusers01/fatpou01/chem02/b07755hv/ChemistryExtract/src/chemstractor/lib/extractor.py", line 298, in write
    self.file.write(data)
ValueError: I/O operation on closed file.
Call stack:
  File "/mnt/iusers01/fatpou01/chem02/b07755hv/.conda/envs/env/lib/python3.12/threading.py", line 1030, in _bootstrap
    self._bootstrap_inner()
  File "/mnt/iusers01/fatpou01/chem02/b07755hv/.conda/envs/env/lib/python3.12/threading.py", line 1073, in _bootstrap_inner
    self.run()
  File "/mnt/iusers01/fatpou01/chem02/b07755hv/.conda/envs/env/lib/python3.12/threading.py", line 1010, in run
    self._target(*self._args, **self._kwargs)
  File "/mnt/iusers01/fatpou01/chem02/b07755hv/.local/lib/python3.12/site-packages/docling/pipeline/standard_pdf_pipeline.py", line 279, in _run
    processed = self._process_batch(batch)
  File "/mnt/iusers01/fatpou01/chem02/b07755hv/.local/lib/python3.12/site-packages/docling/pipeline/standard_pdf_pipeline.py", line 344, in _process_batch
    processed_pages = list(self.model(good[0].conv_res, pages))  # type: ignore[arg-type]
  File "/mnt/iusers01/fatpou01/chem02/b07755hv/.local/lib/python3.12/site-packages/docling/models/stages/ocr/rapid_ocr_model.py", line 491, in __call__
    result = self.reader(
  File "/mnt/iusers01/fatpou01/chem02/b07755hv/.local/lib/python3.12/site-packages/rapidocr/main.py", line 120, in __call__
    det_res, cls_res, rec_res, cropped_img_list = self.run_ocr_steps(img, op_record)
  File "/mnt/iusers01/fatpou01/chem02/b07755hv/.local/lib/python3.12/site-packages/rapidocr/main.py", line 132, in run_ocr_steps
    logger.warning(e)
Message: RapidOCRError('The text detection result is empty')
Arguments: ()
RapidOCR returned empty result!
Raw PDF conversion timings:
{
  "pipeline_total": {
    "scope": "document",
    "count": 1,
    "times": [
      132.00102742109448
    ],
    "start_timestamps": [
      "2026-07-23 19:35:16.972090+00:00"
    ]
  },
  "page_parse": {
    "scope": "page",
    "count": 7,
    "times": [
      0.11383932642638683,
      0.11167331971228123,
      0.14011706598103046,
      0.11009069159626961,
      0.24037662241607904,
      0.17333215195685625,
      0.03867703676223755
    ],
    "start_timestamps": [
      "2026-07-23 19:35:16.980006+00:00",
      "2026-07-23 19:35:17.093887+00:00",
      "2026-07-23 19:35:17.205602+00:00",
      "2026-07-23 19:35:17.345760+00:00",
      "2026-07-23 19:35:17.455899+00:00",
      "2026-07-23 19:35:17.696322+00:00",
      "2026-07-23 19:35:17.869697+00:00"
    ]
  },
  "ocr": {
    "scope": "page",
    "count": 7,
    "times": [
      1.0770418271422386,
      0.6021469188854098,
      2.0641106087714434,
      0.12937923520803452,
      0.12823436968028545,
      0.12891303841024637,
      0.12155227269977331
    ],
    "start_timestamps": [
      "2026-07-23 19:35:17.094293+00:00",
      "2026-07-23 19:35:18.171383+00:00",
      "2026-07-23 19:35:18.773549+00:00",
      "2026-07-23 19:35:20.837678+00:00",
      "2026-07-23 19:35:20.967067+00:00",
      "2026-07-23 19:35:21.095311+00:00",
      "2026-07-23 19:35:21.224234+00:00"
    ]
  },
  "layout": {
    "scope": "page",
    "count": 2,
    "times": [
      0.055268535390496254,
      0.08525823149830103
    ],
    "start_timestamps": [
      "2026-07-23 19:35:18.171486+00:00",
      "2026-07-23 19:35:21.345954+00:00"
    ]
  },
  "table_structure": {
    "scope": "page",
    "count": 7,
    "times": [
      2.1299347281455994e-05,
      3.496650606393814e-05,
      1.0168179869651794e-05,
      1.2396108219400048,
      2.3213215172290802e-05,
      1.862458884716034e-05,
      8.244998753070831e-06
    ],
    "start_timestamps": [
      "2026-07-23 19:35:18.281895+00:00",
      "2026-07-23 19:35:21.966681+00:00",
      "2026-07-23 19:35:21.966722+00:00",
      "2026-07-23 19:35:21.966737+00:00",
      "2026-07-23 19:35:23.206364+00:00",
      "2026-07-23 19:35:23.206508+00:00",
      "2026-07-23 19:35:23.206530+00:00"
    ]
  },
  "page_assemble": {
    "scope": "page",
    "count": 7,
    "times": [
      0.0026983991265296936,
      0.002077009528875351,
      0.0018317177891731262,
      0.000658329576253891,
      0.0016212612390518188,
      0.0223929388448596,
      0.002875220961868763
    ],
    "start_timestamps": [
      "2026-07-23 19:35:18.281984+00:00",
      "2026-07-23 19:35:23.206621+00:00",
      "2026-07-23 19:35:23.208730+00:00",
      "2026-07-23 19:35:23.210584+00:00",
      "2026-07-23 19:35:23.211264+00:00",
      "2026-07-23 19:35:23.212906+00:00",
      "2026-07-23 19:35:23.235331+00:00"
    ]
  },
  "doc_assemble": {
    "scope": "document",
    "count": 1,
    "times": [
      0.055216738022863865
    ],
    "start_timestamps": [
      "2026-07-23 19:35:23.238426+00:00"
    ]
  },
  "reading_order": {
    "scope": "document",
    "count": 1,
    "times": [
      0.054644652642309666
    ],
    "start_timestamps": [
      "2026-07-23 19:35:23.238543+00:00"
    ]
  },
  "doc_enrich": {
    "scope": "document",
    "count": 1,
    "times": [
      125.67941192910075
    ],
    "start_timestamps": [
      "2026-07-23 19:35:23.293675+00:00"
    ]
  }
}
All hyperlinked elements redacted in-memory.
--- Logging error ---
Traceback (most recent call last):
  File "/mnt/iusers01/fatpou01/chem02/b07755hv/.local/lib/python3.12/site-packages/rapidocr/main.py", line 130, in run_ocr_steps
    cropped_img_list, det_res = self.detect_and_crop(img, op_record)
                                ^^^^^^^^^^^^^^^^^^^^^^^^^^^^^^^^^^^^
  File "/mnt/iusers01/fatpou01/chem02/b07755hv/.local/lib/python3.12/site-packages/rapidocr/main.py", line 298, in detect_and_crop
    raise RapidOCRError("The text detection result is empty")
rapidocr.main.RapidOCRError: The text detection result is empty

During handling of the above exception, another exception occurred:

Traceback (most recent call last):
  File "/mnt/iusers01/fatpou01/chem02/b07755hv/.conda/envs/env/lib/python3.12/logging/__init__.py", line 1163, in emit
    stream.write(msg + self.terminator)
  File "/mnt/iusers01/fatpou01/chem02/b07755hv/ChemistryExtract/src/chemstractor/lib/extractor.py", line 298, in write
    self.file.write(data)
ValueError: I/O operation on closed file.
Call stack:
  File "/mnt/iusers01/fatpou01/chem02/b07755hv/.conda/envs/env/lib/python3.12/threading.py", line 1030, in _bootstrap
    self._bootstrap_inner()
  File "/mnt/iusers01/fatpou01/chem02/b07755hv/.conda/envs/env/lib/python3.12/threading.py", line 1073, in _bootstrap_inner
    self.run()
  File "/mnt/iusers01/fatpou01/chem02/b07755hv/.conda/envs/env/lib/python3.12/threading.py", line 1010, in run
    self._target(*self._args, **self._kwargs)
  File "/mnt/iusers01/fatpou01/chem02/b07755hv/.local/lib/python3.12/site-packages/docling/pipeline/standard_pdf_pipeline.py", line 279, in _run
    processed = self._process_batch(batch)
  File "/mnt/iusers01/fatpou01/chem02/b07755hv/.local/lib/python3.12/site-packages/docling/pipeline/standard_pdf_pipeline.py", line 344, in _process_batch
    processed_pages = list(self.model(good[0].conv_res, pages))  # type: ignore[arg-type]
  File "/mnt/iusers01/fatpou01/chem02/b07755hv/.local/lib/python3.12/site-packages/docling/models/stages/ocr/rapid_ocr_model.py", line 491, in __call__
    result = self.reader(
  File "/mnt/iusers01/fatpou01/chem02/b07755hv/.local/lib/python3.12/site-packages/rapidocr/main.py", line 120, in __call__
    det_res, cls_res, rec_res, cropped_img_list = self.run_ocr_steps(img, op_record)
  File "/mnt/iusers01/fatpou01/chem02/b07755hv/.local/lib/python3.12/site-packages/rapidocr/main.py", line 132, in run_ocr_steps
    logger.warning(e)
Message: RapidOCRError('The text detection result is empty')
Arguments: ()
RapidOCR returned empty result!
Clean PDF conversion timings:
{
  "pipeline_total": {
    "scope": "document",
    "count": 1,
    "times": [
      132.22797993663698
    ],
    "start_timestamps": [
      "2026-07-23 19:37:29.419099+00:00"
    ]
  },
  "page_parse": {
    "scope": "page",
    "count": 7,
    "times": [
      0.10774458106607199,
      0.11064536031335592,
      0.13583019468933344,
      0.09549894090741873,
      0.14801964815706015,
      0.1399440886452794,
      0.05670406110584736
    ],
    "start_timestamps": [
      "2026-07-23 19:37:29.426604+00:00",
      "2026-07-23 19:37:29.534394+00:00",
      "2026-07-23 19:37:29.645083+00:00",
      "2026-07-23 19:37:29.780959+00:00",
      "2026-07-23 19:37:29.876502+00:00",
      "2026-07-23 19:37:30.024570+00:00",
      "2026-07-23 19:37:30.164565+00:00"
    ]
  },
  "ocr": {
    "scope": "page",
    "count": 7,
    "times": [
      1.0649999156594276,
      0.5957905808463693,
      2.044716665521264,
      0.13007711619138718,
      0.12896818853914738,
      0.12385791912674904,
      0.12122865114361048
    ],
    "start_timestamps": [
      "2026-07-23 19:37:29.534787+00:00",
      "2026-07-23 19:37:30.599835+00:00",
      "2026-07-23 19:37:31.195642+00:00",
      "2026-07-23 19:37:33.240374+00:00",
      "2026-07-23 19:37:33.370460+00:00",
      "2026-07-23 19:37:33.499439+00:00",
      "2026-07-23 19:37:33.623306+00:00"
    ]
  },
  "layout": {
    "scope": "page",
    "count": 2,
    "times": [
      0.05478094145655632,
      0.08865946810692549
    ],
    "start_timestamps": [
      "2026-07-23 19:37:30.599936+00:00",
      "2026-07-23 19:37:33.744699+00:00"
    ]
  },
  "table_structure": {
    "scope": "page",
    "count": 7,
    "times": [
      2.4886801838874817e-05,
      3.2981857657432556e-05,
      1.5700235962867737e-05,
      1.2405128115788102,
      3.201980143785477e-05,
      2.8323382139205933e-05,
      1.0007992386817932e-05
    ],
    "start_timestamps": [
      "2026-07-23 19:37:30.701173+00:00",
      "2026-07-23 19:37:34.244069+00:00",
      "2026-07-23 19:37:34.244109+00:00",
      "2026-07-23 19:37:34.244128+00:00",
      "2026-07-23 19:37:35.484657+00:00",
      "2026-07-23 19:37:35.484813+00:00",
      "2026-07-23 19:37:35.484845+00:00"
    ]
  },
  "page_assemble": {
    "scope": "page",
    "count": 7,
    "times": [
      0.0005348268896341324,
      0.000907648354768753,
      0.001101834699511528,
      0.0002924203872680664,
      0.0004151221364736557,
      0.0014070579782128334,
      8.99098813533783e-05
    ],
    "start_timestamps": [
      "2026-07-23 19:37:30.701267+00:00",
      "2026-07-23 19:37:35.484944+00:00",
      "2026-07-23 19:37:35.485886+00:00",
      "2026-07-23 19:37:35.487010+00:00",
      "2026-07-23 19:37:35.487326+00:00",
      "2026-07-23 19:37:35.487760+00:00",
      "2026-07-23 19:37:35.489188+00:00"
    ]
  },
  "doc_assemble": {
    "scope": "document",
    "count": 1,
    "times": [
      0.054681193083524704
    ],
    "start_timestamps": [
      "2026-07-23 19:37:35.489480+00:00"
    ]
  },
  "reading_order": {
    "scope": "document",
    "count": 1,
    "times": [
      0.05412857327610254
    ],
    "start_timestamps": [
      "2026-07-23 19:37:35.489634+00:00"
    ]
  },
  "doc_enrich": {
    "scope": "document",
    "count": 1,
    "times": [
      126.1028464101255
    ],
    "start_timestamps": [
      "2026-07-23 19:37:35.544190+00:00"
    ]
  }
}
Function parse_pdf took 264.7401 seconds to execute.
Running: get_tables
Function get_tables took 0.0001 seconds to execute.
Running: get_surrounding_paragraphs
Function get_surrounding_paragraphs took 0.0001 seconds to execute.
