Running: parse_pdf
Raw PDF conversion timings:
{
  "pipeline_total": {
    "scope": "document",
    "count": 1,
    "times": [
      59.62640795391053
    ],
    "start_timestamps": [
      "2026-07-17 21:35:26.161087+00:00"
    ]
  },
  "page_parse": {
    "scope": "page",
    "count": 15,
    "times": [
      0.08423206210136414,
      0.09498405549675226,
      0.0892119724303484,
      0.08828699216246605,
      0.23697662446647882,
      0.06187784764915705,
      0.2605010224506259,
      0.1616495894268155,
      0.11686818394809961,
      0.08822517562657595,
      0.3975538183003664,
      0.13441988080739975,
      0.059552060440182686,
      0.152298784814775,
      0.052034253254532814
    ],
    "start_timestamps": [
      "2026-07-17 21:35:26.164376+00:00",
      "2026-07-17 21:35:26.248650+00:00",
      "2026-07-17 21:35:26.343670+00:00",
      "2026-07-17 21:35:26.432919+00:00",
      "2026-07-17 21:35:26.521256+00:00",
      "2026-07-17 21:35:26.758276+00:00",
      "2026-07-17 21:35:26.820185+00:00",
      "2026-07-17 21:35:27.080727+00:00",
      "2026-07-17 21:35:27.242429+00:00",
      "2026-07-17 21:35:27.359344+00:00",
      "2026-07-17 21:35:27.447602+00:00",
      "2026-07-17 21:35:27.845205+00:00",
      "2026-07-17 21:35:27.979661+00:00",
      "2026-07-17 21:35:28.039254+00:00",
      "2026-07-17 21:35:28.191599+00:00"
    ]
  },
  "ocr": {
    "scope": "page",
    "count": 15,
    "times": [
      0.18649728689342737,
      0.3278017146512866,
      0.31935657281428576,
      0.1656232876703143,
      1.1786851147189736,
      0.12004962097853422,
      1.2310130530968308,
      1.3514733165502548,
      0.9496654830873013,
      0.12161795143038034,
      3.672459229826927,
      0.5661847861483693,
      0.11846287455409765,
      0.12128313072025776,
      0.11831456609070301
    ],
    "start_timestamps": [
      "2026-07-17 21:35:26.248949+00:00",
      "2026-07-17 21:35:26.435484+00:00",
      "2026-07-17 21:35:26.763298+00:00",
      "2026-07-17 21:35:27.082710+00:00",
      "2026-07-17 21:35:27.248350+00:00",
      "2026-07-17 21:35:28.427051+00:00",
      "2026-07-17 21:35:28.547109+00:00",
      "2026-07-17 21:35:29.778229+00:00",
      "2026-07-17 21:35:31.129720+00:00",
      "2026-07-17 21:35:32.079409+00:00",
      "2026-07-17 21:35:32.201037+00:00",
      "2026-07-17 21:35:35.873514+00:00",
      "2026-07-17 21:35:36.439716+00:00",
      "2026-07-17 21:35:36.558187+00:00",
      "2026-07-17 21:35:36.679479+00:00"
    ]
  },
  "layout": {
    "scope": "page",
    "count": 4,
    "times": [
      0.11366987600922585,
      0.19798404164612293,
      0.07519643008708954,
      0.09157298598438501
    ],
    "start_timestamps": [
      "2026-07-17 21:35:26.435590+00:00",
      "2026-07-17 21:35:27.082773+00:00",
      "2026-07-17 21:35:29.778303+00:00",
      "2026-07-17 21:35:36.798086+00:00"
    ]
  },
  "table_structure": {
    "scope": "page",
    "count": 15,
    "times": [
      1.3696029782295227e-05,
      3.2100826501846313e-05,
      1.3976357877254486e-05,
      1.2247286261990666,
      2.4355947971343994e-05,
      2.565556309185922,
      0.61343948636204,
      2.7501024305820465e-05,
      1.2403354048728943e-05,
      1.7583385854959488,
      1.842435449361801e-05,
      8.696690201759338e-06,
      4.364156447350979,
      3.054644912481308e-05,
      7.683411240577698e-06
    ],
    "start_timestamps": [
      "2026-07-17 21:35:26.780080+00:00",
      "2026-07-17 21:35:27.430995+00:00",
      "2026-07-17 21:35:27.431032+00:00",
      "2026-07-17 21:35:29.972470+00:00",
      "2026-07-17 21:35:31.197214+00:00",
      "2026-07-17 21:35:31.197241+00:00",
      "2026-07-17 21:35:33.762820+00:00",
      "2026-07-17 21:35:37.111206+00:00",
      "2026-07-17 21:35:37.111239+00:00",
      "2026-07-17 21:35:37.111258+00:00",
      "2026-07-17 21:35:38.869615+00:00",
      "2026-07-17 21:35:38.869984+00:00",
      "2026-07-17 21:35:38.869996+00:00",
      "2026-07-17 21:35:43.234169+00:00",
      "2026-07-17 21:35:43.234203+00:00"
    ]
  },
  "page_assemble": {
    "scope": "page",
    "count": 15,
    "times": [
      0.001337607391178608,
      0.0004803938791155815,
      0.00033525098115205765,
      0.00032274704426527023,
      0.00022485293447971344,
      8.173380047082901e-05,
      0.0001063002273440361,
      0.0005344953387975693,
      0.000229773111641407,
      9.447801858186722e-05,
      0.00011896248906850815,
      0.000423346646130085,
      0.0001683272421360016,
      0.001599479466676712,
      0.00013957172632217407
    ],
    "start_timestamps": [
      "2026-07-17 21:35:26.780146+00:00",
      "2026-07-17 21:35:27.431168+00:00",
      "2026-07-17 21:35:27.431703+00:00",
      "2026-07-17 21:35:34.376875+00:00",
      "2026-07-17 21:35:34.377235+00:00",
      "2026-07-17 21:35:34.377482+00:00",
      "2026-07-17 21:35:34.377582+00:00",
      "2026-07-17 21:35:38.870774+00:00",
      "2026-07-17 21:35:38.871351+00:00",
      "2026-07-17 21:35:38.871603+00:00",
      "2026-07-17 21:35:38.871723+00:00",
      "2026-07-17 21:35:43.234509+00:00",
      "2026-07-17 21:35:43.234970+00:00",
      "2026-07-17 21:35:43.235159+00:00",
      "2026-07-17 21:35:43.236780+00:00"
    ]
  },
  "doc_assemble": {
    "scope": "document",
    "count": 1,
    "times": [
      0.04546450171619654
    ],
    "start_timestamps": [
      "2026-07-17 21:35:43.237138+00:00"
    ]
  },
  "reading_order": {
    "scope": "document",
    "count": 1,
    "times": [
      0.044910138472914696
    ],
    "start_timestamps": [
      "2026-07-17 21:35:43.237280+00:00"
    ]
  },
  "doc_enrich": {
    "scope": "document",
    "count": 1,
    "times": [
      42.5048488099128
    ],
    "start_timestamps": [
      "2026-07-17 21:35:43.282629+00:00"
    ]
  }
}
All hyperlinked elements redacted in-memory.
Clean PDF conversion timings:
{
  "pipeline_total": {
    "scope": "document",
    "count": 1,
    "times": [
      59.00098341796547
    ],
    "start_timestamps": [
      "2026-07-17 21:36:25.910229+00:00"
    ]
  },
  "page_parse": {
    "scope": "page",
    "count": 15,
    "times": [
      0.07798184081912041,
      0.09470278583467007,
      0.10523096844553947,
      0.0780799351632595,
      0.5604018094018102,
      0.05486817378550768,
      0.26660645101219416,
      0.1615199949592352,
      0.12289785500615835,
      0.09481837321072817,
      0.4757809164002538,
      0.1115965573117137,
      0.07265324238687754,
      0.20928096491843462,
      0.06875550746917725
    ],
    "start_timestamps": [
      "2026-07-17 21:36:25.913515+00:00",
      "2026-07-17 21:36:25.991539+00:00",
      "2026-07-17 21:36:26.086278+00:00",
      "2026-07-17 21:36:26.191553+00:00",
      "2026-07-17 21:36:26.269681+00:00",
      "2026-07-17 21:36:26.830135+00:00",
      "2026-07-17 21:36:26.885050+00:00",
      "2026-07-17 21:36:27.151710+00:00",
      "2026-07-17 21:36:27.313276+00:00",
      "2026-07-17 21:36:27.436224+00:00",
      "2026-07-17 21:36:27.531093+00:00",
      "2026-07-17 21:36:28.006915+00:00",
      "2026-07-17 21:36:28.118558+00:00",
      "2026-07-17 21:36:28.191257+00:00",
      "2026-07-17 21:36:28.400588+00:00"
    ]
  },
  "ocr": {
    "scope": "page",
    "count": 15,
    "times": [
      0.18381136376410723,
      0.14737911522388458,
      0.5124523052945733,
      0.3201879533007741,
      1.6495390459895134,
      0.12650817912071943,
      1.3265015296638012,
      1.3569852653890848,
      0.9740592986345291,
      0.1396857164800167,
      2.3325337963178754,
      0.5339306248351932,
      0.11765156127512455,
      0.12175410147756338,
      0.11744600534439087
    ],
    "start_timestamps": [
      "2026-07-17 21:36:25.992013+00:00",
      "2026-07-17 21:36:26.175865+00:00",
      "2026-07-17 21:36:26.323273+00:00",
      "2026-07-17 21:36:26.835743+00:00",
      "2026-07-17 21:36:27.155969+00:00",
      "2026-07-17 21:36:28.805525+00:00",
      "2026-07-17 21:36:28.932045+00:00",
      "2026-07-17 21:36:30.258653+00:00",
      "2026-07-17 21:36:31.615656+00:00",
      "2026-07-17 21:36:32.589732+00:00",
      "2026-07-17 21:36:32.729433+00:00",
      "2026-07-17 21:36:35.061984+00:00",
      "2026-07-17 21:36:35.595930+00:00",
      "2026-07-17 21:36:35.713589+00:00",
      "2026-07-17 21:36:35.835352+00:00"
    ]
  },
  "layout": {
    "scope": "page",
    "count": 5,
    "times": [
      0.11221987940371037,
      0.5718989046290517,
      0.1947395596653223,
      0.06430256739258766,
      0.09249685518443584
    ],
    "start_timestamps": [
      "2026-07-17 21:36:26.175941+00:00",
      "2026-07-17 21:36:26.323321+00:00",
      "2026-07-17 21:36:27.156026+00:00",
      "2026-07-17 21:36:30.258725+00:00",
      "2026-07-17 21:36:35.953033+00:00"
    ]
  },
  "table_structure": {
    "scope": "page",
    "count": 15,
    "times": [
      1.704227179288864e-05,
      1.532863825559616e-05,
      3.9723701775074005e-05,
      1.8944230005145073,
      2.5719404220581055e-05,
      2.335695597343147,
      0.7594323642551899,
      2.570822834968567e-05,
      8.15466046333313e-06,
      1.7535863677039742,
      1.939665526151657e-05,
      8.975155651569366e-06,
      4.355387502349913,
      3.071781247854233e-05,
      6.080605089664459e-06
    ],
    "start_timestamps": [
      "2026-07-17 21:36:26.318232+00:00",
      "2026-07-17 21:36:26.931111+00:00",
      "2026-07-17 21:36:27.533394+00:00",
      "2026-07-17 21:36:27.533439+00:00",
      "2026-07-17 21:36:30.388351+00:00",
      "2026-07-17 21:36:30.388381+00:00",
      "2026-07-17 21:36:32.724089+00:00",
      "2026-07-17 21:36:36.272920+00:00",
      "2026-07-17 21:36:36.272950+00:00",
      "2026-07-17 21:36:36.272963+00:00",
      "2026-07-17 21:36:38.026565+00:00",
      "2026-07-17 21:36:38.026910+00:00",
      "2026-07-17 21:36:38.026923+00:00",
      "2026-07-17 21:36:42.382328+00:00",
      "2026-07-17 21:36:42.382361+00:00"
    ]
  },
  "page_assemble": {
    "scope": "page",
    "count": 15,
    "times": [
      0.00027552898973226547,
      0.00031526293605566025,
      0.000409930944442749,
      0.00030955206602811813,
      0.00026236381381750107,
      9.181257337331772e-05,
      0.00010726228356361389,
      0.0002568541094660759,
      0.0002329675480723381,
      8.089188486337662e-05,
      9.773392230272293e-05,
      0.00033305585384368896,
      0.0001615835353732109,
      0.0004280051216483116,
      5.559530109167099e-05
    ],
    "start_timestamps": [
      "2026-07-17 21:36:26.318339+00:00",
      "2026-07-17 21:36:26.931157+00:00",
      "2026-07-17 21:36:29.428037+00:00",
      "2026-07-17 21:36:29.428492+00:00",
      "2026-07-17 21:36:33.483751+00:00",
      "2026-07-17 21:36:33.484045+00:00",
      "2026-07-17 21:36:33.484156+00:00",
      "2026-07-17 21:36:38.026997+00:00",
      "2026-07-17 21:36:38.027284+00:00",
      "2026-07-17 21:36:38.027538+00:00",
      "2026-07-17 21:36:38.027637+00:00",
      "2026-07-17 21:36:42.382601+00:00",
      "2026-07-17 21:36:42.382962+00:00",
      "2026-07-17 21:36:42.383143+00:00",
      "2026-07-17 21:36:42.383590+00:00"
    ]
  },
  "doc_assemble": {
    "scope": "document",
    "count": 1,
    "times": [
      0.04592778906226158
    ],
    "start_timestamps": [
      "2026-07-17 21:36:42.383843+00:00"
    ]
  },
  "reading_order": {
    "scope": "document",
    "count": 1,
    "times": [
      0.04520941711962223
    ],
    "start_timestamps": [
      "2026-07-17 21:36:42.384150+00:00"
    ]
  },
  "doc_enrich": {
    "scope": "document",
    "count": 1,
    "times": [
      42.48140056990087
    ],
    "start_timestamps": [
      "2026-07-17 21:36:42.429795+00:00"
    ]
  }
}
Function parse_pdf took 118.8990 seconds to execute.
Running: get_tables
Function get_tables took 0.0001 seconds to execute.
Running: get_surrounding_paragraphs
Function get_surrounding_paragraphs took 0.0001 seconds to execute.
