Running: parse_pdf
Raw PDF conversion timings:
{
  "pipeline_total": {
    "scope": "document",
    "count": 1,
    "times": [
      9.127284969203174
    ],
    "start_timestamps": [
      "2026-07-18 00:34:04.301247+00:00"
    ]
  },
  "page_parse": {
    "scope": "page",
    "count": 22,
    "times": [
      0.06650625448673964,
      0.06846045237034559,
      0.06007353216409683,
      0.19220709893852472,
      0.062262400053441525,
      0.16361869871616364,
      0.05854974500834942,
      0.15069566201418638,
      0.06700095627456903,
      0.05729882139712572,
      0.06139939557760954,
      0.36129099875688553,
      0.10927285347133875,
      0.15918580628931522,
      0.07723985146731138,
      0.09969108458608389,
      0.05944833531975746,
      0.0819928739219904,
      0.08588594850152731,
      0.14489316381514072,
      0.10786912124603987,
      0.030947670340538025
    ],
    "start_timestamps": [
      "2026-07-18 00:34:04.305012+00:00",
      "2026-07-18 00:34:04.371559+00:00",
      "2026-07-18 00:34:04.440053+00:00",
      "2026-07-18 00:34:04.500163+00:00",
      "2026-07-18 00:34:04.692423+00:00",
      "2026-07-18 00:34:04.754729+00:00",
      "2026-07-18 00:34:04.918386+00:00",
      "2026-07-18 00:34:04.976976+00:00",
      "2026-07-18 00:34:05.127714+00:00",
      "2026-07-18 00:34:05.194751+00:00",
      "2026-07-18 00:34:05.252103+00:00",
      "2026-07-18 00:34:05.313547+00:00",
      "2026-07-18 00:34:05.674883+00:00",
      "2026-07-18 00:34:05.784199+00:00",
      "2026-07-18 00:34:05.943439+00:00",
      "2026-07-18 00:34:06.020724+00:00",
      "2026-07-18 00:34:06.120464+00:00",
      "2026-07-18 00:34:06.179953+00:00",
      "2026-07-18 00:34:06.261974+00:00",
      "2026-07-18 00:34:06.347904+00:00",
      "2026-07-18 00:34:06.492841+00:00",
      "2026-07-18 00:34:06.600751+00:00"
    ]
  },
  "ocr": {
    "scope": "page",
    "count": 22,
    "times": [
      0.13183682970702648,
      0.1921571735292673,
      0.22729291394352913,
      1.6815690025687218,
      0.12708976585417986,
      1.20127141661942,
      0.14340545516461134,
      0.7187696732580662,
      0.12493985146284103,
      0.12517921160906553,
      0.12606365513056517,
      1.380937929265201,
      0.12576180696487427,
      0.13050986267626286,
      0.12890591379255056,
      0.1315274154767394,
      0.13051602244377136,
      0.12547385599464178,
      0.12691630981862545,
      0.12928786128759384,
      0.1299450183287263,
      0.124374576844275
    ],
    "start_timestamps": [
      "2026-07-18 00:34:04.371646+00:00",
      "2026-07-18 00:34:04.503531+00:00",
      "2026-07-18 00:34:04.695710+00:00",
      "2026-07-18 00:34:04.923059+00:00",
      "2026-07-18 00:34:06.604642+00:00",
      "2026-07-18 00:34:06.731742+00:00",
      "2026-07-18 00:34:07.933115+00:00",
      "2026-07-18 00:34:08.076538+00:00",
      "2026-07-18 00:34:08.795325+00:00",
      "2026-07-18 00:34:08.920281+00:00",
      "2026-07-18 00:34:09.045475+00:00",
      "2026-07-18 00:34:09.171553+00:00",
      "2026-07-18 00:34:10.552508+00:00",
      "2026-07-18 00:34:10.678284+00:00",
      "2026-07-18 00:34:10.808809+00:00",
      "2026-07-18 00:34:10.937730+00:00",
      "2026-07-18 00:34:11.069273+00:00",
      "2026-07-18 00:34:11.199803+00:00",
      "2026-07-18 00:34:11.325295+00:00",
      "2026-07-18 00:34:11.452228+00:00",
      "2026-07-18 00:34:11.581536+00:00",
      "2026-07-18 00:34:11.711489+00:00"
    ]
  },
  "layout": {
    "scope": "page",
    "count": 4,
    "times": [
      0.2775224130600691,
      0.21648131031543016,
      0.06362652685493231,
      0.1613315138965845
    ],
    "start_timestamps": [
      "2026-07-18 00:34:04.503596+00:00",
      "2026-07-18 00:34:04.923133+00:00",
      "2026-07-18 00:34:07.933185+00:00",
      "2026-07-18 00:34:11.836202+00:00"
    ]
  },
  "table_structure": {
    "scope": "page",
    "count": 22,
    "times": [
      1.2945383787155151e-05,
      0.6015194412320852,
      0.4550133924931288,
      2.1851621568202972e-05,
      6.581656634807587e-06,
      6.1104074120521545e-06,
      2.951454371213913e-05,
      1.1312775313854218e-05,
      1.2213364243507385e-05,
      0.20420395117253065,
      2.142973244190216e-05,
      0.16660126950591803,
      0.18092122301459312,
      1.821480691432953e-05,
      8.775852620601654e-06,
      0.24805266503244638,
      2.6891008019447327e-05,
      0.3460853789001703,
      2.6520341634750366e-05,
      1.6401521861553192e-05,
      1.3135373592376709e-05,
      5.709938704967499e-06
    ],
    "start_timestamps": [
      "2026-07-18 00:34:04.920202+00:00",
      "2026-07-18 00:34:05.195136+00:00",
      "2026-07-18 00:34:05.796675+00:00",
      "2026-07-18 00:34:08.027366+00:00",
      "2026-07-18 00:34:08.027392+00:00",
      "2026-07-18 00:34:08.027411+00:00",
      "2026-07-18 00:34:12.204369+00:00",
      "2026-07-18 00:34:12.204413+00:00",
      "2026-07-18 00:34:12.204428+00:00",
      "2026-07-18 00:34:12.204449+00:00",
      "2026-07-18 00:34:12.408855+00:00",
      "2026-07-18 00:34:12.408879+00:00",
      "2026-07-18 00:34:12.575500+00:00",
      "2026-07-18 00:34:12.756436+00:00",
      "2026-07-18 00:34:12.756567+00:00",
      "2026-07-18 00:34:12.756580+00:00",
      "2026-07-18 00:34:13.004653+00:00",
      "2026-07-18 00:34:13.004684+00:00",
      "2026-07-18 00:34:13.350888+00:00",
      "2026-07-18 00:34:13.350917+00:00",
      "2026-07-18 00:34:13.350937+00:00",
      "2026-07-18 00:34:13.350954+00:00"
    ]
  },
  "page_assemble": {
    "scope": "page",
    "count": 22,
    "times": [
      0.0006996951997280121,
      0.00018368661403656006,
      0.0001426776871085167,
      0.0002890937030315399,
      9.411666542291641e-05,
      0.00018314458429813385,
      0.00017189420759677887,
      0.0004982883110642433,
      0.0002554217353463173,
      0.00013668742030858994,
      0.0002812892198562622,
      0.00015621352940797806,
      0.00010726228356361389,
      0.00011665932834148407,
      0.00030194874852895737,
      0.00021603703498840332,
      0.00022125616669654846,
      0.0007104761898517609,
      0.003797825425863266,
      0.004162070341408253,
      0.003997091203927994,
      0.00010874401777982712
    ],
    "start_timestamps": [
      "2026-07-18 00:34:04.920263+00:00",
      "2026-07-18 00:34:06.251842+00:00",
      "2026-07-18 00:34:06.252077+00:00",
      "2026-07-18 00:34:08.027464+00:00",
      "2026-07-18 00:34:08.027785+00:00",
      "2026-07-18 00:34:08.027896+00:00",
      "2026-07-18 00:34:12.408945+00:00",
      "2026-07-18 00:34:12.409155+00:00",
      "2026-07-18 00:34:12.409740+00:00",
      "2026-07-18 00:34:12.410031+00:00",
      "2026-07-18 00:34:12.757375+00:00",
      "2026-07-18 00:34:12.757703+00:00",
      "2026-07-18 00:34:12.757881+00:00",
      "2026-07-18 00:34:12.758008+00:00",
      "2026-07-18 00:34:13.351068+00:00",
      "2026-07-18 00:34:13.351431+00:00",
      "2026-07-18 00:34:13.351684+00:00",
      "2026-07-18 00:34:13.351923+00:00",
      "2026-07-18 00:34:13.352656+00:00",
      "2026-07-18 00:34:13.356475+00:00",
      "2026-07-18 00:34:13.360659+00:00",
      "2026-07-18 00:34:13.364675+00:00"
    ]
  },
  "doc_assemble": {
    "scope": "document",
    "count": 1,
    "times": [
      0.06009467039257288
    ],
    "start_timestamps": [
      "2026-07-18 00:34:13.365082+00:00"
    ]
  },
  "reading_order": {
    "scope": "document",
    "count": 1,
    "times": [
      0.05951099283993244
    ],
    "start_timestamps": [
      "2026-07-18 00:34:13.365199+00:00"
    ]
  },
  "doc_enrich": {
    "scope": "document",
    "count": 1,
    "times": [
      0.0033261291682720184
    ],
    "start_timestamps": [
      "2026-07-18 00:34:13.425201+00:00"
    ]
  }
}
All hyperlinked elements redacted in-memory.
Clean PDF conversion timings:
{
  "pipeline_total": {
    "scope": "document",
    "count": 1,
    "times": [
      9.108449570834637
    ],
    "start_timestamps": [
      "2026-07-18 00:34:13.833221+00:00"
    ]
  },
  "page_parse": {
    "scope": "page",
    "count": 22,
    "times": [
      0.06480675749480724,
      0.07185953855514526,
      0.05996264237910509,
      0.1900486471131444,
      0.06192827131599188,
      0.43511428125202656,
      0.056719811633229256,
      0.14967336878180504,
      0.0657949959859252,
      0.05568819027394056,
      0.06245735753327608,
      0.30979912262409925,
      0.09486009459942579,
      0.09498389717191458,
      0.08729447890073061,
      0.08448830898851156,
      0.1277425242587924,
      0.11648197751492262,
      0.14711273089051247,
      0.08410671260207891,
      0.10190591216087341,
      0.030514064244925976
    ],
    "start_timestamps": [
      "2026-07-18 00:34:13.837565+00:00",
      "2026-07-18 00:34:13.902416+00:00",
      "2026-07-18 00:34:13.974314+00:00",
      "2026-07-18 00:34:14.034313+00:00",
      "2026-07-18 00:34:14.224413+00:00",
      "2026-07-18 00:34:14.286384+00:00",
      "2026-07-18 00:34:14.721544+00:00",
      "2026-07-18 00:34:14.778312+00:00",
      "2026-07-18 00:34:14.928027+00:00",
      "2026-07-18 00:34:14.993856+00:00",
      "2026-07-18 00:34:15.049605+00:00",
      "2026-07-18 00:34:15.112106+00:00",
      "2026-07-18 00:34:15.421945+00:00",
      "2026-07-18 00:34:15.516861+00:00",
      "2026-07-18 00:34:15.611897+00:00",
      "2026-07-18 00:34:15.699235+00:00",
      "2026-07-18 00:34:15.783772+00:00",
      "2026-07-18 00:34:15.911560+00:00",
      "2026-07-18 00:34:16.028084+00:00",
      "2026-07-18 00:34:16.175240+00:00",
      "2026-07-18 00:34:16.259389+00:00",
      "2026-07-18 00:34:16.361336+00:00"
    ]
  },
  "ocr": {
    "scope": "page",
    "count": 22,
    "times": [
      0.13542963843792677,
      0.18896776251494884,
      0.4960094979032874,
      1.5543985050171614,
      0.13392316363751888,
      1.090778629295528,
      0.14228592906147242,
      0.7004522383213043,
      0.12470518983900547,
      0.12496478762477636,
      0.12651047576218843,
      1.3848727624863386,
      0.12957000359892845,
      0.12478363700211048,
      0.12532018683850765,
      0.12501872051507235,
      0.12630282528698444,
      0.12574594747275114,
      0.1322704739868641,
      0.12669277843087912,
      0.1280793584883213,
      0.12598193157464266
    ],
    "start_timestamps": [
      "2026-07-18 00:34:13.902501+00:00",
      "2026-07-18 00:34:14.037968+00:00",
      "2026-07-18 00:34:14.226948+00:00",
      "2026-07-18 00:34:14.723002+00:00",
      "2026-07-18 00:34:16.277425+00:00",
      "2026-07-18 00:34:16.411365+00:00",
      "2026-07-18 00:34:17.502249+00:00",
      "2026-07-18 00:34:17.644547+00:00",
      "2026-07-18 00:34:18.345017+00:00",
      "2026-07-18 00:34:18.469737+00:00",
      "2026-07-18 00:34:18.594715+00:00",
      "2026-07-18 00:34:18.721243+00:00",
      "2026-07-18 00:34:20.106132+00:00",
      "2026-07-18 00:34:20.235719+00:00",
      "2026-07-18 00:34:20.360517+00:00",
      "2026-07-18 00:34:20.485854+00:00",
      "2026-07-18 00:34:20.610887+00:00",
      "2026-07-18 00:34:20.737207+00:00",
      "2026-07-18 00:34:20.862970+00:00",
      "2026-07-18 00:34:20.995257+00:00",
      "2026-07-18 00:34:21.121966+00:00",
      "2026-07-18 00:34:21.250059+00:00"
    ]
  },
  "layout": {
    "scope": "page",
    "count": 4,
    "times": [
      0.2629870744422078,
      0.2148398021236062,
      0.0637549888342619,
      0.1620316719636321
    ],
    "start_timestamps": [
      "2026-07-18 00:34:14.038039+00:00",
      "2026-07-18 00:34:14.723103+00:00",
      "2026-07-18 00:34:17.502319+00:00",
      "2026-07-18 00:34:21.376359+00:00"
    ]
  },
  "table_structure": {
    "scope": "page",
    "count": 22,
    "times": [
      2.437736839056015e-05,
      0.5488498508930206,
      0.2853604508563876,
      1.6940757632255554e-05,
      5.75091689825058e-06,
      5.270354449748993e-06,
      2.5248154997825623e-05,
      1.1000782251358032e-05,
      6.943009793758392e-06,
      0.20037621166557074,
      1.9817613065242767e-05,
      0.16599338315427303,
      0.17782066855579615,
      2.0308420062065125e-05,
      1.2433156371116638e-05,
      0.24537328351289034,
      1.859571784734726e-05,
      0.33861804474145174,
      2.3914501070976257e-05,
      1.3435259461402893e-05,
      1.9857659935951233e-05,
      6.251968443393707e-06
    ],
    "start_timestamps": [
      "2026-07-18 00:34:14.317489+00:00",
      "2026-07-18 00:34:14.993906+00:00",
      "2026-07-18 00:34:15.542774+00:00",
      "2026-07-18 00:34:17.598296+00:00",
      "2026-07-18 00:34:17.598317+00:00",
      "2026-07-18 00:34:17.598326+00:00",
      "2026-07-18 00:34:21.746568+00:00",
      "2026-07-18 00:34:21.746598+00:00",
      "2026-07-18 00:34:21.746613+00:00",
      "2026-07-18 00:34:21.746624+00:00",
      "2026-07-18 00:34:21.947196+00:00",
      "2026-07-18 00:34:21.947219+00:00",
      "2026-07-18 00:34:22.113230+00:00",
      "2026-07-18 00:34:22.291065+00:00",
      "2026-07-18 00:34:22.291204+00:00",
      "2026-07-18 00:34:22.291221+00:00",
      "2026-07-18 00:34:22.536612+00:00",
      "2026-07-18 00:34:22.536633+00:00",
      "2026-07-18 00:34:22.875347+00:00",
      "2026-07-18 00:34:22.875374+00:00",
      "2026-07-18 00:34:22.875391+00:00",
      "2026-07-18 00:34:22.875414+00:00"
    ]
  },
  "page_assemble": {
    "scope": "page",
    "count": 22,
    "times": [
      0.0003679618239402771,
      0.00017967820167541504,
      0.00013702735304832458,
      0.0002879202365875244,
      8.927751332521439e-05,
      0.00016977917402982712,
      0.000172395259141922,
      0.000229591503739357,
      0.00012898258864879608,
      9.774323552846909e-05,
      0.00020156893879175186,
      0.00019302312284708023,
      0.00012466497719287872,
      0.0001250552013516426,
      0.0003186101093888283,
      0.00011688843369483948,
      0.0001297537237405777,
      0.00010720081627368927,
      0.00027772318571805954,
      0.00024400930851697922,
      0.0002539586275815964,
      4.822108894586563e-05
    ],
    "start_timestamps": [
      "2026-07-18 00:34:14.317569+00:00",
      "2026-07-18 00:34:15.828321+00:00",
      "2026-07-18 00:34:15.828538+00:00",
      "2026-07-18 00:34:17.598371+00:00",
      "2026-07-18 00:34:17.598690+00:00",
      "2026-07-18 00:34:17.598796+00:00",
      "2026-07-18 00:34:21.948004+00:00",
      "2026-07-18 00:34:21.948212+00:00",
      "2026-07-18 00:34:21.948465+00:00",
      "2026-07-18 00:34:21.948612+00:00",
      "2026-07-18 00:34:22.291968+00:00",
      "2026-07-18 00:34:22.292206+00:00",
      "2026-07-18 00:34:22.292436+00:00",
      "2026-07-18 00:34:22.292583+00:00",
      "2026-07-18 00:34:22.875572+00:00",
      "2026-07-18 00:34:22.875921+00:00",
      "2026-07-18 00:34:22.876060+00:00",
      "2026-07-18 00:34:22.876207+00:00",
      "2026-07-18 00:34:22.876336+00:00",
      "2026-07-18 00:34:22.876632+00:00",
      "2026-07-18 00:34:22.876893+00:00",
      "2026-07-18 00:34:22.877164+00:00"
    ]
  },
  "doc_assemble": {
    "scope": "document",
    "count": 1,
    "times": [
      0.06057348195463419
    ],
    "start_timestamps": [
      "2026-07-18 00:34:22.877814+00:00"
    ]
  },
  "reading_order": {
    "scope": "document",
    "count": 1,
    "times": [
      0.059866802766919136
    ],
    "start_timestamps": [
      "2026-07-18 00:34:22.877944+00:00"
    ]
  },
  "doc_enrich": {
    "scope": "document",
    "count": 1,
    "times": [
      0.0032324427738785744
    ],
    "start_timestamps": [
      "2026-07-18 00:34:22.938432+00:00"
    ]
  }
}
Function parse_pdf took 18.9525 seconds to execute.
Running: get_tables
Function get_tables took 0.0002 seconds to execute.
Running: get_surrounding_paragraphs
Function get_surrounding_paragraphs took 0.0002 seconds to execute.
