Running: parse_pdf
Raw PDF conversion timings:
{
  "pipeline_total": {
    "scope": "document",
    "count": 1,
    "times": [
      47.39730115700513
    ],
    "start_timestamps": [
      "2026-07-18 00:40:57.027941+00:00"
    ]
  },
  "page_parse": {
    "scope": "page",
    "count": 7,
    "times": [
      0.10628593992441893,
      0.09372013341635466,
      0.10621936526149511,
      0.1205906867980957,
      0.13935107924044132,
      0.0968604227527976,
      0.11817210726439953
    ],
    "start_timestamps": [
      "2026-07-18 00:40:57.034597+00:00",
      "2026-07-18 00:40:57.140924+00:00",
      "2026-07-18 00:40:57.234684+00:00",
      "2026-07-18 00:40:57.340944+00:00",
      "2026-07-18 00:40:57.461580+00:00",
      "2026-07-18 00:40:57.600972+00:00",
      "2026-07-18 00:40:57.697875+00:00"
    ]
  },
  "ocr": {
    "scope": "page",
    "count": 7,
    "times": [
      1.1253573903813958,
      0.14954781532287598,
      0.7462393790483475,
      0.4394254432991147,
      1.3737385729327798,
      0.12837102822959423,
      0.4734294889494777
    ],
    "start_timestamps": [
      "2026-07-18 00:40:57.141266+00:00",
      "2026-07-18 00:40:58.266674+00:00",
      "2026-07-18 00:40:58.416235+00:00",
      "2026-07-18 00:40:59.162492+00:00",
      "2026-07-18 00:40:59.601938+00:00",
      "2026-07-18 00:41:00.975694+00:00",
      "2026-07-18 00:41:01.104079+00:00"
    ]
  },
  "layout": {
    "scope": "page",
    "count": 2,
    "times": [
      0.07381587009876966,
      0.09327642899006605
    ],
    "start_timestamps": [
      "2026-07-18 00:40:58.266833+00:00",
      "2026-07-18 00:41:01.577702+00:00"
    ]
  },
  "table_structure": {
    "scope": "page",
    "count": 7,
    "times": [
      7.495097815990448e-05,
      0.2528917696326971,
      2.4236738681793213e-05,
      1.4687888324260712e-05,
      1.965649425983429e-05,
      2.4286098778247833e-05,
      5.841255187988281e-06
    ],
    "start_timestamps": [
      "2026-07-18 00:40:58.406841+00:00",
      "2026-07-18 00:41:02.027795+00:00",
      "2026-07-18 00:41:02.280699+00:00",
      "2026-07-18 00:41:02.280726+00:00",
      "2026-07-18 00:41:02.280745+00:00",
      "2026-07-18 00:41:02.280866+00:00",
      "2026-07-18 00:41:02.280894+00:00"
    ]
  },
  "page_assemble": {
    "scope": "page",
    "count": 7,
    "times": [
      0.0036803055554628372,
      0.0009516105055809021,
      0.001138211227953434,
      0.0013064490631222725,
      0.0028503136709332466,
      0.01595073565840721,
      0.0007490403950214386
    ],
    "start_timestamps": [
      "2026-07-18 00:40:58.406993+00:00",
      "2026-07-18 00:41:02.280978+00:00",
      "2026-07-18 00:41:02.281965+00:00",
      "2026-07-18 00:41:02.283125+00:00",
      "2026-07-18 00:41:02.284452+00:00",
      "2026-07-18 00:41:02.287326+00:00",
      "2026-07-18 00:41:02.303303+00:00"
    ]
  },
  "doc_assemble": {
    "scope": "document",
    "count": 1,
    "times": [
      0.034899710677564144
    ],
    "start_timestamps": [
      "2026-07-18 00:41:02.304237+00:00"
    ]
  },
  "reading_order": {
    "scope": "document",
    "count": 1,
    "times": [
      0.034412684850394726
    ],
    "start_timestamps": [
      "2026-07-18 00:41:02.304346+00:00"
    ]
  },
  "doc_enrich": {
    "scope": "document",
    "count": 1,
    "times": [
      42.086068474687636
    ],
    "start_timestamps": [
      "2026-07-18 00:41:02.339159+00:00"
    ]
  }
}
All hyperlinked elements redacted in-memory.
--- Logging error ---
Traceback (most recent call last):
  File "/mnt/iusers01/fatpou01/chem02/b07755hv/.local/lib/python3.12/site-packages/rapidocr/main.py", line 130, in run_ocr_steps
    cropped_img_list, det_res = self.detect_and_crop(img, op_record)
                                ^^^^^^^^^^^^^^^^^^^^^^^^^^^^^^^^^^^^
  File "/mnt/iusers01/fatpou01/chem02/b07755hv/.local/lib/python3.12/site-packages/rapidocr/main.py", line 298, in detect_and_crop
    raise RapidOCRError("The text detection result is empty")
rapidocr.main.RapidOCRError: The text detection result is empty

During handling of the above exception, another exception occurred:

Traceback (most recent call last):
  File "/mnt/iusers01/fatpou01/chem02/b07755hv/.conda/envs/env/lib/python3.12/logging/__init__.py", line 1163, in emit
    stream.write(msg + self.terminator)
  File "/mnt/iusers01/fatpou01/chem02/b07755hv/ChemistryExtract/src/chemstractor/lib/extractor.py", line 298, in write
    self.file.write(data)
ValueError: I/O operation on closed file.
Call stack:
  File "/mnt/iusers01/fatpou01/chem02/b07755hv/.conda/envs/env/lib/python3.12/threading.py", line 1030, in _bootstrap
    self._bootstrap_inner()
  File "/mnt/iusers01/fatpou01/chem02/b07755hv/.conda/envs/env/lib/python3.12/threading.py", line 1073, in _bootstrap_inner
    self.run()
  File "/mnt/iusers01/fatpou01/chem02/b07755hv/.conda/envs/env/lib/python3.12/threading.py", line 1010, in run
    self._target(*self._args, **self._kwargs)
  File "/mnt/iusers01/fatpou01/chem02/b07755hv/.local/lib/python3.12/site-packages/docling/pipeline/standard_pdf_pipeline.py", line 279, in _run
    processed = self._process_batch(batch)
  File "/mnt/iusers01/fatpou01/chem02/b07755hv/.local/lib/python3.12/site-packages/docling/pipeline/standard_pdf_pipeline.py", line 344, in _process_batch
    processed_pages = list(self.model(good[0].conv_res, pages))  # type: ignore[arg-type]
  File "/mnt/iusers01/fatpou01/chem02/b07755hv/.local/lib/python3.12/site-packages/docling/models/stages/ocr/rapid_ocr_model.py", line 491, in __call__
    result = self.reader(
  File "/mnt/iusers01/fatpou01/chem02/b07755hv/.local/lib/python3.12/site-packages/rapidocr/main.py", line 120, in __call__
    det_res, cls_res, rec_res, cropped_img_list = self.run_ocr_steps(img, op_record)
  File "/mnt/iusers01/fatpou01/chem02/b07755hv/.local/lib/python3.12/site-packages/rapidocr/main.py", line 132, in run_ocr_steps
    logger.warning(e)
Message: RapidOCRError('The text detection result is empty')
Arguments: ()
RapidOCR returned empty result!
Clean PDF conversion timings:
{
  "pipeline_total": {
    "scope": "document",
    "count": 1,
    "times": [
      47.2927655428648
    ],
    "start_timestamps": [
      "2026-07-18 00:41:44.805186+00:00"
    ]
  },
  "page_parse": {
    "scope": "page",
    "count": 7,
    "times": [
      0.10055751353502274,
      0.09257279708981514,
      0.10400180518627167,
      0.1035939073190093,
      0.16967382933944464,
      0.07875579595565796,
      0.07281115837395191
    ],
    "start_timestamps": [
      "2026-07-18 00:41:44.811216+00:00",
      "2026-07-18 00:41:44.911814+00:00",
      "2026-07-18 00:41:45.004435+00:00",
      "2026-07-18 00:41:45.108479+00:00",
      "2026-07-18 00:41:45.212121+00:00",
      "2026-07-18 00:41:45.381844+00:00",
      "2026-07-18 00:41:45.460642+00:00"
    ]
  },
  "ocr": {
    "scope": "page",
    "count": 7,
    "times": [
      1.21713678073138,
      0.13969842065125704,
      0.6158719146624207,
      0.43657076731324196,
      1.3968849191442132,
      0.12567246612161398,
      0.4948785835877061
    ],
    "start_timestamps": [
      "2026-07-18 00:41:44.911934+00:00",
      "2026-07-18 00:41:46.129129+00:00",
      "2026-07-18 00:41:46.268837+00:00",
      "2026-07-18 00:41:46.884731+00:00",
      "2026-07-18 00:41:47.321319+00:00",
      "2026-07-18 00:41:48.718222+00:00",
      "2026-07-18 00:41:48.843911+00:00"
    ]
  },
  "layout": {
    "scope": "page",
    "count": 2,
    "times": [
      0.07049079332500696,
      0.09994824696332216
    ],
    "start_timestamps": [
      "2026-07-18 00:41:46.129210+00:00",
      "2026-07-18 00:41:49.338975+00:00"
    ]
  },
  "table_structure": {
    "scope": "page",
    "count": 7,
    "times": [
      2.1620653569698334e-05,
      0.2526313532143831,
      2.113915979862213e-05,
      1.017935574054718e-05,
      1.287367194890976e-05,
      1.4748424291610718e-05,
      9.506940841674805e-06
    ],
    "start_timestamps": [
      "2026-07-18 00:41:46.245770+00:00",
      "2026-07-18 00:41:49.821286+00:00",
      "2026-07-18 00:41:50.073931+00:00",
      "2026-07-18 00:41:50.073955+00:00",
      "2026-07-18 00:41:50.073969+00:00",
      "2026-07-18 00:41:50.074077+00:00",
      "2026-07-18 00:41:50.074096+00:00"
    ]
  },
  "page_assemble": {
    "scope": "page",
    "count": 7,
    "times": [
      0.0006769942119717598,
      0.0007476471364498138,
      0.0006980141624808311,
      0.0005394648760557175,
      0.0010970653966069221,
      0.0007997844368219376,
      0.00011224206537008286
    ],
    "start_timestamps": [
      "2026-07-18 00:41:46.245840+00:00",
      "2026-07-18 00:41:50.074245+00:00",
      "2026-07-18 00:41:50.075032+00:00",
      "2026-07-18 00:41:50.075768+00:00",
      "2026-07-18 00:41:50.076328+00:00",
      "2026-07-18 00:41:50.077446+00:00",
      "2026-07-18 00:41:50.078265+00:00"
    ]
  },
  "doc_assemble": {
    "scope": "document",
    "count": 1,
    "times": [
      0.022651356644928455
    ],
    "start_timestamps": [
      "2026-07-18 00:41:50.078556+00:00"
    ]
  },
  "reading_order": {
    "scope": "document",
    "count": 1,
    "times": [
      0.02215032372623682
    ],
    "start_timestamps": [
      "2026-07-18 00:41:50.078652+00:00"
    ]
  },
  "doc_enrich": {
    "scope": "document",
    "count": 1,
    "times": [
      41.996700246818364
    ],
    "start_timestamps": [
      "2026-07-18 00:41:50.101231+00:00"
    ]
  }
}
Function parse_pdf took 95.3032 seconds to execute.
Running: get_tables
Function get_tables took 0.0001 seconds to execute.
Running: get_surrounding_paragraphs
Function get_surrounding_paragraphs took 0.0001 seconds to execute.
