Running: parse_pdf
RapidOCR returned empty result!
RapidOCR returned empty result!
RapidOCR returned empty result!
RapidOCR returned empty result!
Raw PDF conversion timings:
{
  "pipeline_total": {
    "scope": "document",
    "count": 1,
    "times": [
      11.952569023706019
    ],
    "start_timestamps": [
      "2026-07-17 18:01:39.259139+00:00"
    ]
  },
  "page_parse": {
    "scope": "page",
    "count": 12,
    "times": [
      0.14609796926379204,
      0.0755035849288106,
      0.08528717886656523,
      0.09223516844213009,
      0.17356475815176964,
      0.14149800036102533,
      0.16301603242754936,
      0.16502108704298735,
      0.12691080570220947,
      0.12003939133137465,
      0.09240954555571079,
      0.06867065280675888
    ],
    "start_timestamps": [
      "2026-07-17 18:01:39.261603+00:00",
      "2026-07-17 18:01:39.407747+00:00",
      "2026-07-17 18:01:39.483286+00:00",
      "2026-07-17 18:01:39.568617+00:00",
      "2026-07-17 18:01:39.660903+00:00",
      "2026-07-17 18:01:39.834508+00:00",
      "2026-07-17 18:01:39.976049+00:00",
      "2026-07-17 18:01:40.139107+00:00",
      "2026-07-17 18:01:40.304174+00:00",
      "2026-07-17 18:01:40.431131+00:00",
      "2026-07-17 18:01:40.551215+00:00",
      "2026-07-17 18:01:40.643683+00:00"
    ]
  },
  "ocr": {
    "scope": "page",
    "count": 12,
    "times": [
      2.3412478836253285,
      0.11981592979282141,
      0.11876353994011879,
      0.11271155904978514,
      1.6182984802871943,
      0.5641731098294258,
      0.9580141678452492,
      1.3286113245412707,
      0.12067024782299995,
      0.7498641824349761,
      0.11656424030661583,
      0.11622540280222893
    ],
    "start_timestamps": [
      "2026-07-17 18:01:39.407812+00:00",
      "2026-07-17 18:01:41.749148+00:00",
      "2026-07-17 18:01:41.868972+00:00",
      "2026-07-17 18:01:41.987746+00:00",
      "2026-07-17 18:01:42.100468+00:00",
      "2026-07-17 18:01:43.718785+00:00",
      "2026-07-17 18:01:44.282974+00:00",
      "2026-07-17 18:01:45.241005+00:00",
      "2026-07-17 18:01:46.569634+00:00",
      "2026-07-17 18:01:46.690315+00:00",
      "2026-07-17 18:01:47.440199+00:00",
      "2026-07-17 18:01:47.556773+00:00"
    ]
  },
  "layout": {
    "scope": "page",
    "count": 2,
    "times": [
      0.08178008813410997,
      0.12737656105309725
    ],
    "start_timestamps": [
      "2026-07-17 18:01:41.749241+00:00",
      "2026-07-17 18:01:47.673310+00:00"
    ]
  },
  "table_structure": {
    "scope": "page",
    "count": 12,
    "times": [
      1.865532249212265e-05,
      2.8312206268310547e-05,
      9.768642485141754e-06,
      0.3068280192092061,
      1.9857659935951233e-05,
      1.2113712728023529e-05,
      9.628012776374817e-06,
      7.203780114650726e-06,
      0.7308238847181201,
      0.25908634904772043,
      0.3540572552010417,
      2.8743408620357513e-05
    ],
    "start_timestamps": [
      "2026-07-17 18:01:41.837292+00:00",
      "2026-07-17 18:01:48.002689+00:00",
      "2026-07-17 18:01:48.002723+00:00",
      "2026-07-17 18:01:48.002737+00:00",
      "2026-07-17 18:01:48.309583+00:00",
      "2026-07-17 18:01:48.309726+00:00",
      "2026-07-17 18:01:48.309742+00:00",
      "2026-07-17 18:01:48.309755+00:00",
      "2026-07-17 18:01:48.309766+00:00",
      "2026-07-17 18:01:49.040715+00:00",
      "2026-07-17 18:01:49.299816+00:00",
      "2026-07-17 18:01:49.653889+00:00"
    ]
  },
  "page_assemble": {
    "scope": "page",
    "count": 12,
    "times": [
      0.0004597660154104233,
      0.00034454744309186935,
      0.0003916863352060318,
      0.00023709703236818314,
      4.385318607091904e-05,
      0.0001755310222506523,
      0.00018749292939901352,
      9.715277701616287e-05,
      0.00019088946282863617,
      0.0002790261059999466,
      0.0002083219587802887,
      0.0002768617123365402
    ],
    "start_timestamps": [
      "2026-07-17 18:01:41.837436+00:00",
      "2026-07-17 18:01:48.309828+00:00",
      "2026-07-17 18:01:48.310208+00:00",
      "2026-07-17 18:01:48.310630+00:00",
      "2026-07-17 18:01:48.310928+00:00",
      "2026-07-17 18:01:49.041619+00:00",
      "2026-07-17 18:01:49.041834+00:00",
      "2026-07-17 18:01:49.042053+00:00",
      "2026-07-17 18:01:49.042168+00:00",
      "2026-07-17 18:01:49.654172+00:00",
      "2026-07-17 18:01:49.654484+00:00",
      "2026-07-17 18:01:49.654711+00:00"
    ]
  },
  "doc_assemble": {
    "scope": "document",
    "count": 1,
    "times": [
      0.037854901514947414
    ],
    "start_timestamps": [
      "2026-07-17 18:01:49.655349+00:00"
    ]
  },
  "reading_order": {
    "scope": "document",
    "count": 1,
    "times": [
      0.03706922195851803
    ],
    "start_timestamps": [
      "2026-07-17 18:01:49.655667+00:00"
    ]
  },
  "doc_enrich": {
    "scope": "document",
    "count": 1,
    "times": [
      1.518465212546289
    ],
    "start_timestamps": [
      "2026-07-17 18:01:49.693226+00:00"
    ]
  }
}
All hyperlinked elements redacted in-memory.
RapidOCR returned empty result!
RapidOCR returned empty result!
Clean PDF conversion timings:
{
  "pipeline_total": {
    "scope": "document",
    "count": 1,
    "times": [
      11.683425098657608
    ],
    "start_timestamps": [
      "2026-07-17 18:01:51.311243+00:00"
    ]
  },
  "page_parse": {
    "scope": "page",
    "count": 12,
    "times": [
      0.13828269951045513,
      0.07525533810257912,
      0.08360349107533693,
      0.0910648936405778,
      0.1867241058498621,
      0.1753975972533226,
      0.16665417980402708,
      0.2876752195879817,
      0.07616708241403103,
      0.1210181238129735,
      0.11013753432780504,
      0.09722967818379402
    ],
    "start_timestamps": [
      "2026-07-17 18:01:51.313478+00:00",
      "2026-07-17 18:01:51.451810+00:00",
      "2026-07-17 18:01:51.527100+00:00",
      "2026-07-17 18:01:51.610744+00:00",
      "2026-07-17 18:01:51.701862+00:00",
      "2026-07-17 18:01:51.888641+00:00",
      "2026-07-17 18:01:52.064082+00:00",
      "2026-07-17 18:01:52.230786+00:00",
      "2026-07-17 18:01:52.518505+00:00",
      "2026-07-17 18:01:52.594720+00:00",
      "2026-07-17 18:01:52.715781+00:00",
      "2026-07-17 18:01:52.825962+00:00"
    ]
  },
  "ocr": {
    "scope": "page",
    "count": 12,
    "times": [
      2.32040679641068,
      0.14945225324481726,
      0.12187640927731991,
      0.11216433811932802,
      1.3139355508610606,
      0.5591631811112165,
      1.025004768744111,
      1.362806768156588,
      0.11710335407406092,
      0.7301353793591261,
      0.12263443600386381,
      0.12000763136893511
    ],
    "start_timestamps": [
      "2026-07-17 18:01:51.452114+00:00",
      "2026-07-17 18:01:53.772596+00:00",
      "2026-07-17 18:01:53.922059+00:00",
      "2026-07-17 18:01:54.043945+00:00",
      "2026-07-17 18:01:54.156119+00:00",
      "2026-07-17 18:01:55.470077+00:00",
      "2026-07-17 18:01:56.029257+00:00",
      "2026-07-17 18:01:57.054278+00:00",
      "2026-07-17 18:01:58.417102+00:00",
      "2026-07-17 18:01:58.534215+00:00",
      "2026-07-17 18:01:59.264370+00:00",
      "2026-07-17 18:01:59.387014+00:00"
    ]
  },
  "layout": {
    "scope": "page",
    "count": 2,
    "times": [
      0.11307030357420444,
      0.12537972256541252
    ],
    "start_timestamps": [
      "2026-07-17 18:01:53.772809+00:00",
      "2026-07-17 18:01:59.507341+00:00"
    ]
  },
  "table_structure": {
    "scope": "page",
    "count": 12,
    "times": [
      3.285147249698639e-05,
      4.2770057916641235e-05,
      2.0036473870277405e-05,
      0.3070776890963316,
      1.9837170839309692e-05,
      1.1171214282512665e-05,
      8.424744009971619e-06,
      7.162801921367645e-06,
      0.7363527305424213,
      0.26068860944360495,
      0.3556086663156748,
      3.484543412923813e-05
    ],
    "start_timestamps": [
      "2026-07-17 18:01:53.890547+00:00",
      "2026-07-17 18:01:59.835029+00:00",
      "2026-07-17 18:01:59.835078+00:00",
      "2026-07-17 18:01:59.835104+00:00",
      "2026-07-17 18:02:00.142200+00:00",
      "2026-07-17 18:02:00.142313+00:00",
      "2026-07-17 18:02:00.142329+00:00",
      "2026-07-17 18:02:00.142341+00:00",
      "2026-07-17 18:02:00.142352+00:00",
      "2026-07-17 18:02:00.878828+00:00",
      "2026-07-17 18:02:01.139535+00:00",
      "2026-07-17 18:02:01.495161+00:00"
    ]
  },
  "page_assemble": {
    "scope": "page",
    "count": 12,
    "times": [
      0.0003035822883248329,
      0.00039188843220472336,
      0.00042387843132019043,
      0.000286029651761055,
      5.5254437029361725e-05,
      0.0001435810700058937,
      0.00015636347234249115,
      9.422656148672104e-05,
      0.00020859204232692719,
      0.0004834495484828949,
      0.0004132073372602463,
      0.00038162805140018463
    ],
    "start_timestamps": [
      "2026-07-17 18:01:53.890683+00:00",
      "2026-07-17 18:02:00.143740+00:00",
      "2026-07-17 18:02:00.144171+00:00",
      "2026-07-17 18:02:00.144622+00:00",
      "2026-07-17 18:02:00.144932+00:00",
      "2026-07-17 18:02:00.879802+00:00",
      "2026-07-17 18:02:00.879972+00:00",
      "2026-07-17 18:02:00.880148+00:00",
      "2026-07-17 18:02:00.880260+00:00",
      "2026-07-17 18:02:01.495471+00:00",
      "2026-07-17 18:02:01.496024+00:00",
      "2026-07-17 18:02:01.496480+00:00"
    ]
  },
  "doc_assemble": {
    "scope": "document",
    "count": 1,
    "times": [
      0.03667035326361656
    ],
    "start_timestamps": [
      "2026-07-17 18:02:01.497144+00:00"
    ]
  },
  "reading_order": {
    "scope": "document",
    "count": 1,
    "times": [
      0.03612205199897289
    ],
    "start_timestamps": [
      "2026-07-17 18:02:01.497270+00:00"
    ]
  },
  "doc_enrich": {
    "scope": "document",
    "count": 1,
    "times": [
      1.460811460390687
    ],
    "start_timestamps": [
      "2026-07-17 18:02:01.533838+00:00"
    ]
  }
}
Function parse_pdf took 23.9620 seconds to execute.
Running: get_tables
Function get_tables took 0.0001 seconds to execute.
Running: get_surrounding_paragraphs
Function get_surrounding_paragraphs took 0.0001 seconds to execute.
