Running: parse_pdf
Raw PDF conversion timings:
{
  "pipeline_total": {
    "scope": "document",
    "count": 1,
    "times": [
      105.64056943822652
    ],
    "start_timestamps": [
      "2026-07-23 16:23:43.776708+00:00"
    ]
  },
  "page_parse": {
    "scope": "page",
    "count": 7,
    "times": [
      0.13662273436784744,
      0.16183901950716972,
      0.1336821811273694,
      0.22913449071347713,
      0.2736288998275995,
      0.16902866773307323,
      0.1260960977524519
    ],
    "start_timestamps": [
      "2026-07-23 16:23:43.781874+00:00",
      "2026-07-23 16:23:43.918537+00:00",
      "2026-07-23 16:23:44.080438+00:00",
      "2026-07-23 16:23:44.214163+00:00",
      "2026-07-23 16:23:44.443337+00:00",
      "2026-07-23 16:23:44.717009+00:00",
      "2026-07-23 16:23:44.886078+00:00"
    ]
  },
  "ocr": {
    "scope": "page",
    "count": 7,
    "times": [
      0.16434360295534134,
      0.1384287429973483,
      0.23227242473512888,
      0.987984917126596,
      1.01940683927387,
      0.14159167371690273,
      0.1211254745721817
    ],
    "start_timestamps": [
      "2026-07-23 16:23:43.918837+00:00",
      "2026-07-23 16:23:44.083211+00:00",
      "2026-07-23 16:23:44.221672+00:00",
      "2026-07-23 16:23:44.453979+00:00",
      "2026-07-23 16:23:45.442021+00:00",
      "2026-07-23 16:23:46.461443+00:00",
      "2026-07-23 16:23:46.603051+00:00"
    ]
  },
  "layout": {
    "scope": "page",
    "count": 5,
    "times": [
      0.16836224403232336,
      0.0302714379504323,
      0.13668385986238718,
      0.04219615366309881,
      0.08444379549473524
    ],
    "start_timestamps": [
      "2026-07-23 16:23:44.083291+00:00",
      "2026-07-23 16:23:44.445792+00:00",
      "2026-07-23 16:23:44.890295+00:00",
      "2026-07-23 16:23:45.442097+00:00",
      "2026-07-23 16:23:46.724343+00:00"
    ]
  },
  "table_structure": {
    "scope": "page",
    "count": 7,
    "times": [
      1.6219913959503174e-05,
      2.5908462703227997e-05,
      1.2699413057416677,
      0.785772230476141,
      1.799408346414566e-05,
      7.554888725280762e-06,
      0.7290363581851125
    ],
    "start_timestamps": [
      "2026-07-23 16:23:44.446466+00:00",
      "2026-07-23 16:23:44.890366+00:00",
      "2026-07-23 16:23:45.066438+00:00",
      "2026-07-23 16:23:46.336737+00:00",
      "2026-07-23 16:23:47.122648+00:00",
      "2026-07-23 16:23:47.122669+00:00",
      "2026-07-23 16:23:47.122680+00:00"
    ]
  },
  "page_assemble": {
    "scope": "page",
    "count": 7,
    "times": [
      0.0002608615905046463,
      0.0005461685359477997,
      0.0003187786787748337,
      0.0003088805824518204,
      0.00045991502702236176,
      0.0005028359591960907,
      0.00022702664136886597
    ],
    "start_timestamps": [
      "2026-07-23 16:23:44.446540+00:00",
      "2026-07-23 16:23:44.890481+00:00",
      "2026-07-23 16:23:46.337645+00:00",
      "2026-07-23 16:23:47.123483+00:00",
      "2026-07-23 16:23:47.851963+00:00",
      "2026-07-23 16:23:47.852460+00:00",
      "2026-07-23 16:23:47.852983+00:00"
    ]
  },
  "doc_assemble": {
    "scope": "document",
    "count": 1,
    "times": [
      0.031462037935853004
    ],
    "start_timestamps": [
      "2026-07-23 16:23:47.853407+00:00"
    ]
  },
  "reading_order": {
    "scope": "document",
    "count": 1,
    "times": [
      0.03099443856626749
    ],
    "start_timestamps": [
      "2026-07-23 16:23:47.853467+00:00"
    ]
  },
  "doc_enrich": {
    "scope": "document",
    "count": 1,
    "times": [
      101.53235116228461
    ],
    "start_timestamps": [
      "2026-07-23 16:23:47.884891+00:00"
    ]
  }
}
All hyperlinked elements redacted in-memory.
Clean PDF conversion timings:
{
  "pipeline_total": {
    "scope": "document",
    "count": 1,
    "times": [
      105.91218218859285
    ],
    "start_timestamps": [
      "2026-07-23 16:25:29.490474+00:00"
    ]
  },
  "page_parse": {
    "scope": "page",
    "count": 7,
    "times": [
      0.1329736951738596,
      0.16146840993314981,
      0.13284988049417734,
      0.19519502110779285,
      0.22337323054671288,
      0.1161303911358118,
      0.44386386778205633
    ],
    "start_timestamps": [
      "2026-07-23 16:25:29.495524+00:00",
      "2026-07-23 16:25:29.628541+00:00",
      "2026-07-23 16:25:29.790052+00:00",
      "2026-07-23 16:25:29.922943+00:00",
      "2026-07-23 16:25:30.118178+00:00",
      "2026-07-23 16:25:30.341595+00:00",
      "2026-07-23 16:25:30.457768+00:00"
    ]
  },
  "ocr": {
    "scope": "page",
    "count": 7,
    "times": [
      0.1636238656938076,
      0.13836354576051235,
      0.19778870046138763,
      1.2373734917491674,
      1.107424850575626,
      0.12953765876591206,
      0.12303135637193918
    ],
    "start_timestamps": [
      "2026-07-23 16:25:29.628881+00:00",
      "2026-07-23 16:25:29.792536+00:00",
      "2026-07-23 16:25:29.930933+00:00",
      "2026-07-23 16:25:30.128753+00:00",
      "2026-07-23 16:25:31.366192+00:00",
      "2026-07-23 16:25:32.473634+00:00",
      "2026-07-23 16:25:32.603186+00:00"
    ]
  },
  "layout": {
    "scope": "page",
    "count": 4,
    "times": [
      0.33523851819336414,
      0.7580460570752621,
      0.0427993219345808,
      0.08668587915599346
    ],
    "start_timestamps": [
      "2026-07-23 16:25:29.792633+00:00",
      "2026-07-23 16:25:30.162687+00:00",
      "2026-07-23 16:25:31.366261+00:00",
      "2026-07-23 16:25:32.726412+00:00"
    ]
  },
  "table_structure": {
    "scope": "page",
    "count": 7,
    "times": [
      2.301391214132309e-05,
      2.842303365468979e-05,
      0.9434072030708194,
      0.7100756233558059,
      1.9315630197525024e-05,
      9.628012776374817e-06,
      0.730688339099288
    ],
    "start_timestamps": [
      "2026-07-23 16:25:30.162894+00:00",
      "2026-07-23 16:25:31.124625+00:00",
      "2026-07-23 16:25:31.124658+00:00",
      "2026-07-23 16:25:32.074486+00:00",
      "2026-07-23 16:25:33.029184+00:00",
      "2026-07-23 16:25:33.029208+00:00",
      "2026-07-23 16:25:33.029222+00:00"
    ]
  },
  "page_assemble": {
    "scope": "page",
    "count": 7,
    "times": [
      0.00027756206691265106,
      0.0006211083382368088,
      0.00028423499315977097,
      0.00038772914558649063,
      0.00045324303209781647,
      0.0005108322948217392,
      0.0002216678112745285
    ],
    "start_timestamps": [
      "2026-07-23 16:25:30.162968+00:00",
      "2026-07-23 16:25:32.073780+00:00",
      "2026-07-23 16:25:32.074554+00:00",
      "2026-07-23 16:25:32.784802+00:00",
      "2026-07-23 16:25:33.760155+00:00",
      "2026-07-23 16:25:33.760644+00:00",
      "2026-07-23 16:25:33.761175+00:00"
    ]
  },
  "doc_assemble": {
    "scope": "document",
    "count": 1,
    "times": [
      0.031524126417934895
    ],
    "start_timestamps": [
      "2026-07-23 16:25:33.761602+00:00"
    ]
  },
  "reading_order": {
    "scope": "document",
    "count": 1,
    "times": [
      0.03102140035480261
    ],
    "start_timestamps": [
      "2026-07-23 16:25:33.761684+00:00"
    ]
  },
  "doc_enrich": {
    "scope": "document",
    "count": 1,
    "times": [
      101.60945875570178
    ],
    "start_timestamps": [
      "2026-07-23 16:25:33.793157+00:00"
    ]
  }
}
Function parse_pdf took 211.7630 seconds to execute.
Running: get_tables
Function get_tables took 0.0001 seconds to execute.
Running: get_surrounding_paragraphs
Function get_surrounding_paragraphs took 0.0001 seconds to execute.
