Running: parse_pdf
Raw PDF conversion timings:
{
  "pipeline_total": {
    "scope": "document",
    "count": 1,
    "times": [
      76.11603212263435
    ],
    "start_timestamps": [
      "2026-07-17 18:33:47.579669+00:00"
    ]
  },
  "page_parse": {
    "scope": "page",
    "count": 7,
    "times": [
      0.09936134051531553,
      0.32562790531665087,
      0.32781337667256594,
      0.32533846981823444,
      0.3732289569452405,
      0.315165719948709,
      0.3085998259484768
    ],
    "start_timestamps": [
      "2026-07-17 18:33:47.581419+00:00",
      "2026-07-17 18:33:47.680825+00:00",
      "2026-07-17 18:33:48.006494+00:00",
      "2026-07-17 18:33:48.334361+00:00",
      "2026-07-17 18:33:48.659749+00:00",
      "2026-07-17 18:33:49.033027+00:00",
      "2026-07-17 18:33:49.348268+00:00"
    ]
  },
  "ocr": {
    "scope": "page",
    "count": 7,
    "times": [
      3.262234072200954,
      2.919578680768609,
      3.2836931655183434,
      3.2470998587086797,
      3.081198045052588,
      2.753034661523998,
      2.290173640474677
    ],
    "start_timestamps": [
      "2026-07-17 18:33:47.681050+00:00",
      "2026-07-17 18:33:50.943343+00:00",
      "2026-07-17 18:33:53.862939+00:00",
      "2026-07-17 18:33:57.146647+00:00",
      "2026-07-17 18:34:00.393764+00:00",
      "2026-07-17 18:34:03.474979+00:00",
      "2026-07-17 18:34:06.228030+00:00"
    ]
  },
  "layout": {
    "scope": "page",
    "count": 2,
    "times": [
      0.07342881709337234,
      0.09066215623170137
    ],
    "start_timestamps": [
      "2026-07-17 18:33:50.943471+00:00",
      "2026-07-17 18:34:08.518466+00:00"
    ]
  },
  "table_structure": {
    "scope": "page",
    "count": 7,
    "times": [
      1.8443912267684937e-05,
      7.745623588562012e-05,
      0.7682001255452633,
      0.7640734612941742,
      0.6851509148254991,
      0.6745608281344175,
      3.6368146538734436e-05
    ],
    "start_timestamps": [
      "2026-07-17 18:33:51.027743+00:00",
      "2026-07-17 18:34:08.827941+00:00",
      "2026-07-17 18:34:08.828029+00:00",
      "2026-07-17 18:34:09.596244+00:00",
      "2026-07-17 18:34:10.360333+00:00",
      "2026-07-17 18:34:11.045701+00:00",
      "2026-07-17 18:34:11.720276+00:00"
    ]
  },
  "page_assemble": {
    "scope": "page",
    "count": 7,
    "times": [
      0.0013312539085745811,
      0.00027828384190797806,
      0.00020486488938331604,
      0.00016763526946306229,
      0.0004323543980717659,
      0.0002824319526553154,
      0.0003095017746090889
    ],
    "start_timestamps": [
      "2026-07-17 18:33:51.027818+00:00",
      "2026-07-17 18:34:11.046714+00:00",
      "2026-07-17 18:34:11.047029+00:00",
      "2026-07-17 18:34:11.047256+00:00",
      "2026-07-17 18:34:11.047444+00:00",
      "2026-07-17 18:34:11.720551+00:00",
      "2026-07-17 18:34:11.720874+00:00"
    ]
  },
  "doc_assemble": {
    "scope": "document",
    "count": 1,
    "times": [
      0.036762665025889874
    ],
    "start_timestamps": [
      "2026-07-17 18:34:11.721616+00:00"
    ]
  },
  "reading_order": {
    "scope": "document",
    "count": 1,
    "times": [
      0.036156133748590946
    ],
    "start_timestamps": [
      "2026-07-17 18:34:11.721777+00:00"
    ]
  },
  "doc_enrich": {
    "scope": "document",
    "count": 1,
    "times": [
      51.93726636841893
    ],
    "start_timestamps": [
      "2026-07-17 18:34:11.758413+00:00"
    ]
  }
}
All hyperlinked elements redacted in-memory.
Clean PDF conversion timings:
{
  "pipeline_total": {
    "scope": "document",
    "count": 1,
    "times": [
      75.50668798200786
    ],
    "start_timestamps": [
      "2026-07-17 18:35:03.766254+00:00"
    ]
  },
  "page_parse": {
    "scope": "page",
    "count": 7,
    "times": [
      0.09047826658934355,
      0.3259043078869581,
      0.3263945896178484,
      0.32840077579021454,
      0.5769366528838873,
      0.3822031356394291,
      0.3243925040587783
    ],
    "start_timestamps": [
      "2026-07-17 18:35:03.767853+00:00",
      "2026-07-17 18:35:03.858371+00:00",
      "2026-07-17 18:35:04.184314+00:00",
      "2026-07-17 18:35:04.510754+00:00",
      "2026-07-17 18:35:04.839201+00:00",
      "2026-07-17 18:35:05.416191+00:00",
      "2026-07-17 18:35:05.798445+00:00"
    ]
  },
  "ocr": {
    "scope": "page",
    "count": 7,
    "times": [
      2.951242637820542,
      2.855227801948786,
      3.234290731139481,
      3.237263575196266,
      3.0651665395125747,
      2.774397629313171,
      2.290886820293963
    ],
    "start_timestamps": [
      "2026-07-17 18:35:03.858642+00:00",
      "2026-07-17 18:35:06.809963+00:00",
      "2026-07-17 18:35:09.665207+00:00",
      "2026-07-17 18:35:12.899515+00:00",
      "2026-07-17 18:35:16.136797+00:00",
      "2026-07-17 18:35:19.201980+00:00",
      "2026-07-17 18:35:21.976396+00:00"
    ]
  },
  "layout": {
    "scope": "page",
    "count": 2,
    "times": [
      0.09042152110487223,
      0.09537889901548624
    ],
    "start_timestamps": [
      "2026-07-17 18:35:06.810041+00:00",
      "2026-07-17 18:35:24.267524+00:00"
    ]
  },
  "table_structure": {
    "scope": "page",
    "count": 7,
    "times": [
      1.8203631043434143e-05,
      8.678436279296875e-05,
      0.7600531224161386,
      0.7629906488582492,
      0.6884811166673899,
      0.677425074391067,
      3.3804215490818024e-05
    ],
    "start_timestamps": [
      "2026-07-17 18:35:06.907679+00:00",
      "2026-07-17 18:35:24.579527+00:00",
      "2026-07-17 18:35:24.579626+00:00",
      "2026-07-17 18:35:25.339694+00:00",
      "2026-07-17 18:35:26.102702+00:00",
      "2026-07-17 18:35:26.791392+00:00",
      "2026-07-17 18:35:27.468831+00:00"
    ]
  },
  "page_assemble": {
    "scope": "page",
    "count": 7,
    "times": [
      0.0002999342978000641,
      0.00027041882276535034,
      0.00020539667457342148,
      0.00015348941087722778,
      0.00026804395020008087,
      0.00025975797325372696,
      0.0002788044512271881
    ],
    "start_timestamps": [
      "2026-07-17 18:35:06.907769+00:00",
      "2026-07-17 18:35:26.791491+00:00",
      "2026-07-17 18:35:26.791801+00:00",
      "2026-07-17 18:35:26.792032+00:00",
      "2026-07-17 18:35:26.792213+00:00",
      "2026-07-17 18:35:27.469079+00:00",
      "2026-07-17 18:35:27.469379+00:00"
    ]
  },
  "doc_assemble": {
    "scope": "document",
    "count": 1,
    "times": [
      0.03524178825318813
    ],
    "start_timestamps": [
      "2026-07-17 18:35:27.470030+00:00"
    ]
  },
  "reading_order": {
    "scope": "document",
    "count": 1,
    "times": [
      0.03453068993985653
    ],
    "start_timestamps": [
      "2026-07-17 18:35:27.470231+00:00"
    ]
  },
  "doc_enrich": {
    "scope": "document",
    "count": 1,
    "times": [
      51.767615826800466
    ],
    "start_timestamps": [
      "2026-07-17 18:35:27.505299+00:00"
    ]
  }
}
Function parse_pdf took 151.8315 seconds to execute.
Running: get_tables
Function get_tables took 0.0001 seconds to execute.
Running: get_surrounding_paragraphs
Function get_surrounding_paragraphs took 0.0001 seconds to execute.
