Running: parse_pdf
Raw PDF conversion timings:
{
  "pipeline_total": {
    "scope": "document",
    "count": 1,
    "times": [
      8.87069834023714
    ],
    "start_timestamps": [
      "2026-07-17 23:22:58.284788+00:00"
    ]
  },
  "page_parse": {
    "scope": "page",
    "count": 5,
    "times": [
      0.07358350697904825,
      0.11991010326892138,
      0.1909570274874568,
      0.16167296096682549,
      0.09726602025330067
    ],
    "start_timestamps": [
      "2026-07-17 23:22:58.288697+00:00",
      "2026-07-17 23:22:58.362323+00:00",
      "2026-07-17 23:22:58.482273+00:00",
      "2026-07-17 23:22:58.673271+00:00",
      "2026-07-17 23:22:58.834988+00:00"
    ]
  },
  "ocr": {
    "scope": "page",
    "count": 5,
    "times": [
      0.13221883494406939,
      0.18957556691020727,
      2.727819020859897,
      1.473512296564877,
      0.11689438857138157
    ],
    "start_timestamps": [
      "2026-07-17 23:22:58.362460+00:00",
      "2026-07-17 23:22:58.494720+00:00",
      "2026-07-17 23:22:58.684351+00:00",
      "2026-07-17 23:23:01.412267+00:00",
      "2026-07-17 23:23:02.885797+00:00"
    ]
  },
  "layout": {
    "scope": "page",
    "count": 4,
    "times": [
      0.19205533433705568,
      0.20851752161979675,
      0.028739471919834614,
      0.0625368906185031
    ],
    "start_timestamps": [
      "2026-07-17 23:22:58.494837+00:00",
      "2026-07-17 23:22:58.726542+00:00",
      "2026-07-17 23:23:01.412328+00:00",
      "2026-07-17 23:23:03.002881+00:00"
    ]
  },
  "table_structure": {
    "scope": "page",
    "count": 5,
    "times": [
      6.529316306114197e-05,
      5.16185536980629e-05,
      3.642868250608444e-05,
      8.76355916261673e-05,
      4.153791815042496e-05
    ],
    "start_timestamps": [
      "2026-07-17 23:22:58.726730+00:00",
      "2026-07-17 23:22:58.969118+00:00",
      "2026-07-17 23:23:01.469590+00:00",
      "2026-07-17 23:23:03.152370+00:00",
      "2026-07-17 23:23:03.152468+00:00"
    ]
  },
  "page_assemble": {
    "scope": "page",
    "count": 5,
    "times": [
      0.0013437587767839432,
      0.0007969997823238373,
      0.0006094565615057945,
      0.0008856765925884247,
      0.0011219512671232224
    ],
    "start_timestamps": [
      "2026-07-17 23:22:58.726871+00:00",
      "2026-07-17 23:22:58.969236+00:00",
      "2026-07-17 23:23:01.469679+00:00",
      "2026-07-17 23:23:03.152640+00:00",
      "2026-07-17 23:23:03.153554+00:00"
    ]
  },
  "doc_assemble": {
    "scope": "document",
    "count": 1,
    "times": [
      0.03582593612372875
    ],
    "start_timestamps": [
      "2026-07-17 23:23:03.154831+00:00"
    ]
  },
  "reading_order": {
    "scope": "document",
    "count": 1,
    "times": [
      0.03523101657629013
    ],
    "start_timestamps": [
      "2026-07-17 23:23:03.155032+00:00"
    ]
  },
  "doc_enrich": {
    "scope": "document",
    "count": 1,
    "times": [
      3.9647782500833273
    ],
    "start_timestamps": [
      "2026-07-17 23:23:03.190686+00:00"
    ]
  }
}
All hyperlinked elements redacted in-memory.
Clean PDF conversion timings:
{
  "pipeline_total": {
    "scope": "document",
    "count": 1,
    "times": [
      8.688582270406187
    ],
    "start_timestamps": [
      "2026-07-17 23:23:07.271632+00:00"
    ]
  },
  "page_parse": {
    "scope": "page",
    "count": 5,
    "times": [
      0.07230178453028202,
      0.1167881777510047,
      0.18228971678763628,
      0.1538845943287015,
      0.1490668086335063
    ],
    "start_timestamps": [
      "2026-07-17 23:23:07.275077+00:00",
      "2026-07-17 23:23:07.347435+00:00",
      "2026-07-17 23:23:07.464271+00:00",
      "2026-07-17 23:23:07.646606+00:00",
      "2026-07-17 23:23:07.800538+00:00"
    ]
  },
  "ocr": {
    "scope": "page",
    "count": 5,
    "times": [
      0.13021404203027487,
      0.17363415006548166,
      2.5596819054335356,
      1.4712402420118451,
      0.11612785514444113
    ],
    "start_timestamps": [
      "2026-07-17 23:23:07.347740+00:00",
      "2026-07-17 23:23:07.478013+00:00",
      "2026-07-17 23:23:07.651680+00:00",
      "2026-07-17 23:23:10.211481+00:00",
      "2026-07-17 23:23:11.682738+00:00"
    ]
  },
  "layout": {
    "scope": "page",
    "count": 4,
    "times": [
      0.17574963998049498,
      0.1294683888554573,
      0.031246919184923172,
      0.061949554830789566
    ],
    "start_timestamps": [
      "2026-07-17 23:23:07.478107+00:00",
      "2026-07-17 23:23:07.692775+00:00",
      "2026-07-17 23:23:10.211541+00:00",
      "2026-07-17 23:23:11.799021+00:00"
    ]
  },
  "table_structure": {
    "scope": "page",
    "count": 5,
    "times": [
      3.304239362478256e-05,
      4.1056424379348755e-05,
      3.8943253457546234e-05,
      4.757009446620941e-05,
      2.7812086045742035e-05
    ],
    "start_timestamps": [
      "2026-07-17 23:23:07.692954+00:00",
      "2026-07-17 23:23:07.931500+00:00",
      "2026-07-17 23:23:10.269862+00:00",
      "2026-07-17 23:23:11.941765+00:00",
      "2026-07-17 23:23:11.941822+00:00"
    ]
  },
  "page_assemble": {
    "scope": "page",
    "count": 5,
    "times": [
      0.0004066452383995056,
      0.0004386045038700104,
      0.0002809697762131691,
      0.0003043031319975853,
      0.0003132997080683708
    ],
    "start_timestamps": [
      "2026-07-17 23:23:07.693041+00:00",
      "2026-07-17 23:23:07.936738+00:00",
      "2026-07-17 23:23:10.269954+00:00",
      "2026-07-17 23:23:11.941945+00:00",
      "2026-07-17 23:23:11.942280+00:00"
    ]
  },
  "doc_assemble": {
    "scope": "document",
    "count": 1,
    "times": [
      0.03627673350274563
    ],
    "start_timestamps": [
      "2026-07-17 23:23:11.942781+00:00"
    ]
  },
  "reading_order": {
    "scope": "document",
    "count": 1,
    "times": [
      0.03581057861447334
    ],
    "start_timestamps": [
      "2026-07-17 23:23:11.942874+00:00"
    ]
  },
  "doc_enrich": {
    "scope": "document",
    "count": 1,
    "times": [
      3.981107648462057
    ],
    "start_timestamps": [
      "2026-07-17 23:23:11.979084+00:00"
    ]
  }
}
Function parse_pdf took 17.8248 seconds to execute.
Running: get_tables
Function get_tables took 0.0001 seconds to execute.
Running: get_surrounding_paragraphs
Function get_surrounding_paragraphs took 0.0000 seconds to execute.
