Running: parse_pdf
Raw PDF conversion timings:
{
  "pipeline_total": {
    "scope": "document",
    "count": 1,
    "times": [
      12.24620033428073
    ],
    "start_timestamps": [
      "2026-07-23 19:40:42.268764+00:00"
    ]
  },
  "page_parse": {
    "scope": "page",
    "count": 11,
    "times": [
      0.09839783981442451,
      0.11759526282548904,
      0.11934155877679586,
      0.11826370097696781,
      0.18104702699929476,
      0.2697129547595978,
      0.16206266451627016,
      0.13779966067522764,
      0.15158702433109283,
      0.13658683840185404,
      0.07385958824306726
    ],
    "start_timestamps": [
      "2026-07-23 19:40:42.276951+00:00",
      "2026-07-23 19:40:42.375387+00:00",
      "2026-07-23 19:40:42.493025+00:00",
      "2026-07-23 19:40:42.612420+00:00",
      "2026-07-23 19:40:42.730749+00:00",
      "2026-07-23 19:40:42.911864+00:00",
      "2026-07-23 19:40:43.181622+00:00",
      "2026-07-23 19:40:43.343727+00:00",
      "2026-07-23 19:40:43.481567+00:00",
      "2026-07-23 19:40:43.633203+00:00",
      "2026-07-23 19:40:43.769830+00:00"
    ]
  },
  "ocr": {
    "scope": "page",
    "count": 11,
    "times": [
      0.1295144809409976,
      1.532885174266994,
      0.6938042370602489,
      0.8228747323155403,
      1.4913498982787132,
      1.1673996383324265,
      1.317842036485672,
      1.2313278978690505,
      1.2395302718505263,
      0.12059600837528706,
      0.12250910885632038
    ],
    "start_timestamps": [
      "2026-07-23 19:40:42.375461+00:00",
      "2026-07-23 19:40:42.505022+00:00",
      "2026-07-23 19:40:44.038015+00:00",
      "2026-07-23 19:40:44.731835+00:00",
      "2026-07-23 19:40:45.554725+00:00",
      "2026-07-23 19:40:47.046091+00:00",
      "2026-07-23 19:40:48.213507+00:00",
      "2026-07-23 19:40:49.531364+00:00",
      "2026-07-23 19:40:50.762709+00:00",
      "2026-07-23 19:40:52.002255+00:00",
      "2026-07-23 19:40:52.122860+00:00"
    ]
  },
  "layout": {
    "scope": "page",
    "count": 3,
    "times": [
      0.25388976093381643,
      0.02733051683753729,
      0.1094695134088397
    ],
    "start_timestamps": [
      "2026-07-23 19:40:42.505126+00:00",
      "2026-07-23 19:40:44.038089+00:00",
      "2026-07-23 19:40:52.245558+00:00"
    ]
  },
  "table_structure": {
    "scope": "page",
    "count": 11,
    "times": [
      2.8192996978759766e-05,
      2.4877488613128662e-05,
      3.1218864023685455e-05,
      0.416769465431571,
      0.4920753436163068,
      0.24663593340665102,
      0.49116989970207214,
      2.7711503207683563e-05,
      1.3164244592189789e-05,
      1.2133270502090454e-05,
      2.100970596075058e-05
    ],
    "start_timestamps": [
      "2026-07-23 19:40:42.936714+00:00",
      "2026-07-23 19:40:44.103466+00:00",
      "2026-07-23 19:40:52.819856+00:00",
      "2026-07-23 19:40:52.819888+00:00",
      "2026-07-23 19:40:53.236673+00:00",
      "2026-07-23 19:40:53.728762+00:00",
      "2026-07-23 19:40:53.975519+00:00",
      "2026-07-23 19:40:54.466702+00:00",
      "2026-07-23 19:40:54.466732+00:00",
      "2026-07-23 19:40:54.466749+00:00",
      "2026-07-23 19:40:54.466936+00:00"
    ]
  },
  "page_assemble": {
    "scope": "page",
    "count": 11,
    "times": [
      0.0011919625103473663,
      0.0002994425594806671,
      0.0004525706171989441,
      0.00030270032584667206,
      0.0002391999587416649,
      0.0002557709813117981,
      0.00040307920426130295,
      0.0003108847886323929,
      0.0002972390502691269,
      0.0003207540139555931,
      0.0006145965307950974
    ],
    "start_timestamps": [
      "2026-07-23 19:40:42.936803+00:00",
      "2026-07-23 19:40:44.103529+00:00",
      "2026-07-23 19:40:53.975590+00:00",
      "2026-07-23 19:40:53.976078+00:00",
      "2026-07-23 19:40:53.976414+00:00",
      "2026-07-23 19:40:53.976675+00:00",
      "2026-07-23 19:40:54.467047+00:00",
      "2026-07-23 19:40:54.467487+00:00",
      "2026-07-23 19:40:54.467822+00:00",
      "2026-07-23 19:40:54.468198+00:00",
      "2026-07-23 19:40:54.468539+00:00"
    ]
  },
  "doc_assemble": {
    "scope": "document",
    "count": 1,
    "times": [
      0.042265208438038826
    ],
    "start_timestamps": [
      "2026-07-23 19:40:54.469369+00:00"
    ]
  },
  "reading_order": {
    "scope": "document",
    "count": 1,
    "times": [
      0.04159671068191528
    ],
    "start_timestamps": [
      "2026-07-23 19:40:54.469582+00:00"
    ]
  },
  "doc_enrich": {
    "scope": "document",
    "count": 1,
    "times": [
      0.003293076530098915
    ],
    "start_timestamps": [
      "2026-07-23 19:40:54.511666+00:00"
    ]
  }
}
All hyperlinked elements redacted in-memory.
Clean PDF conversion timings:
{
  "pipeline_total": {
    "scope": "document",
    "count": 1,
    "times": [
      9.259005176834762
    ],
    "start_timestamps": [
      "2026-07-23 19:40:54.686583+00:00"
    ]
  },
  "page_parse": {
    "scope": "page",
    "count": 11,
    "times": [
      0.09566945675760508,
      0.1145565751940012,
      0.11793065536767244,
      0.11677803471684456,
      0.1661262819543481,
      0.4789395369589329,
      0.15465487632900476,
      0.19152774848043919,
      0.13563042879104614,
      0.09251197520643473,
      0.09525732044130564
    ],
    "start_timestamps": [
      "2026-07-23 19:40:54.692875+00:00",
      "2026-07-23 19:40:54.788585+00:00",
      "2026-07-23 19:40:54.903184+00:00",
      "2026-07-23 19:40:55.021157+00:00",
      "2026-07-23 19:40:55.137978+00:00",
      "2026-07-23 19:40:55.304166+00:00",
      "2026-07-23 19:40:55.783147+00:00",
      "2026-07-23 19:40:55.937848+00:00",
      "2026-07-23 19:40:56.129429+00:00",
      "2026-07-23 19:40:56.265103+00:00",
      "2026-07-23 19:40:56.357656+00:00"
    ]
  },
  "ocr": {
    "scope": "page",
    "count": 11,
    "times": [
      0.1287008598446846,
      1.3205272303894162,
      0.4676648210734129,
      0.5026869205757976,
      1.1292064301669598,
      0.8607825320214033,
      0.971713887527585,
      0.8915620436891913,
      1.6986908484250307,
      0.12070921622216702,
      0.1271278578788042
    ],
    "start_timestamps": [
      "2026-07-23 19:40:54.788962+00:00",
      "2026-07-23 19:40:54.917704+00:00",
      "2026-07-23 19:40:56.238320+00:00",
      "2026-07-23 19:40:56.706012+00:00",
      "2026-07-23 19:40:57.208715+00:00",
      "2026-07-23 19:40:58.337941+00:00",
      "2026-07-23 19:40:59.198744+00:00",
      "2026-07-23 19:41:00.170474+00:00",
      "2026-07-23 19:41:01.062156+00:00",
      "2026-07-23 19:41:02.760864+00:00",
      "2026-07-23 19:41:02.881586+00:00"
    ]
  },
  "layout": {
    "scope": "page",
    "count": 4,
    "times": [
      0.2469740891829133,
      0.12414101045578718,
      0.08985643647611141,
      0.06423074379563332
    ],
    "start_timestamps": [
      "2026-07-23 19:40:54.917804+00:00",
      "2026-07-23 19:40:56.238380+00:00",
      "2026-07-23 19:41:01.062247+00:00",
      "2026-07-23 19:41:03.008862+00:00"
    ]
  },
  "table_structure": {
    "scope": "page",
    "count": 11,
    "times": [
      2.6168301701545715e-05,
      2.096034586429596e-05,
      3.0336901545524597e-05,
      0.7640153970569372,
      0.7478886749595404,
      0.4114290652796626,
      0.4877586318179965,
      2.3303553462028503e-05,
      7.1944668889045715e-06,
      6.7427754402160645e-06,
      1.0950490832328796e-05
    ],
    "start_timestamps": [
      "2026-07-23 19:40:55.331955+00:00",
      "2026-07-23 19:40:56.453321+00:00",
      "2026-07-23 19:41:01.488551+00:00",
      "2026-07-23 19:41:01.488586+00:00",
      "2026-07-23 19:41:02.252618+00:00",
      "2026-07-23 19:41:03.000516+00:00",
      "2026-07-23 19:41:03.412082+00:00",
      "2026-07-23 19:41:03.899855+00:00",
      "2026-07-23 19:41:03.899881+00:00",
      "2026-07-23 19:41:03.899892+00:00",
      "2026-07-23 19:41:03.900073+00:00"
    ]
  },
  "page_assemble": {
    "scope": "page",
    "count": 11,
    "times": [
      0.000303010456264019,
      0.0003946516662836075,
      0.0004463503137230873,
      0.00031819846481084824,
      0.00023687537759542465,
      0.0002662511542439461,
      0.0003898739814758301,
      0.00027502700686454773,
      0.00023854896426200867,
      0.00029159802943468094,
      0.00029513612389564514
    ],
    "start_timestamps": [
      "2026-07-23 19:40:55.332026+00:00",
      "2026-07-23 19:40:56.453379+00:00",
      "2026-07-23 19:41:03.412814+00:00",
      "2026-07-23 19:41:03.413292+00:00",
      "2026-07-23 19:41:03.413632+00:00",
      "2026-07-23 19:41:03.413894+00:00",
      "2026-07-23 19:41:03.900173+00:00",
      "2026-07-23 19:41:03.900598+00:00",
      "2026-07-23 19:41:03.900891+00:00",
      "2026-07-23 19:41:03.901148+00:00",
      "2026-07-23 19:41:03.901458+00:00"
    ]
  },
  "doc_assemble": {
    "scope": "document",
    "count": 1,
    "times": [
      0.040288450196385384
    ],
    "start_timestamps": [
      "2026-07-23 19:41:03.901969+00:00"
    ]
  },
  "reading_order": {
    "scope": "document",
    "count": 1,
    "times": [
      0.0397128164768219
    ],
    "start_timestamps": [
      "2026-07-23 19:41:03.902077+00:00"
    ]
  },
  "doc_enrich": {
    "scope": "document",
    "count": 1,
    "times": [
      0.0032929880544543266
    ],
    "start_timestamps": [
      "2026-07-23 19:41:03.942289+00:00"
    ]
  }
}
Function parse_pdf took 21.7471 seconds to execute.
Running: get_tables
Function get_tables took 0.0001 seconds to execute.
Running: get_surrounding_paragraphs
Function get_surrounding_paragraphs took 0.0001 seconds to execute.
