Running: parse_pdf
Raw PDF conversion timings:
{
  "pipeline_total": {
    "scope": "document",
    "count": 1,
    "times": [
      9.447417022660375
    ],
    "start_timestamps": [
      "2026-07-23 17:40:10.196702+00:00"
    ]
  },
  "page_parse": {
    "scope": "page",
    "count": 8,
    "times": [
      0.08141403272747993,
      0.10207704175263643,
      0.06749794259667397,
      0.0924701513722539,
      0.08991404063999653,
      0.08193415310233831,
      0.1269408343359828,
      0.1005393574014306
    ],
    "start_timestamps": [
      "2026-07-23 17:40:10.200523+00:00",
      "2026-07-23 17:40:10.281977+00:00",
      "2026-07-23 17:40:10.384095+00:00",
      "2026-07-23 17:40:10.451635+00:00",
      "2026-07-23 17:40:10.544148+00:00",
      "2026-07-23 17:40:10.634104+00:00",
      "2026-07-23 17:40:10.716075+00:00",
      "2026-07-23 17:40:10.843055+00:00"
    ]
  },
  "ocr": {
    "scope": "page",
    "count": 8,
    "times": [
      0.17421314306557178,
      0.18387322314083576,
      2.6817447058856487,
      1.4739978779107332,
      0.1266384469345212,
      1.3771968353539705,
      1.0721594486385584,
      0.13332386780530214
    ],
    "start_timestamps": [
      "2026-07-23 17:40:10.282308+00:00",
      "2026-07-23 17:40:10.456555+00:00",
      "2026-07-23 17:40:10.640441+00:00",
      "2026-07-23 17:40:13.322259+00:00",
      "2026-07-23 17:40:14.796273+00:00",
      "2026-07-23 17:40:14.922921+00:00",
      "2026-07-23 17:40:16.300136+00:00",
      "2026-07-23 17:40:17.372312+00:00"
    ]
  },
  "layout": {
    "scope": "page",
    "count": 3,
    "times": [
      0.26204895228147507,
      0.06608628574758768,
      0.07604980748146772
    ],
    "start_timestamps": [
      "2026-07-23 17:40:10.456633+00:00",
      "2026-07-23 17:40:13.322540+00:00",
      "2026-07-23 17:40:17.505789+00:00"
    ]
  },
  "table_structure": {
    "scope": "page",
    "count": 8,
    "times": [
      1.5890225768089294e-05,
      2.8253532946109772e-05,
      9.537674486637115e-06,
      3.475509583950043e-05,
      0.40281856432557106,
      0.31411248724907637,
      0.18040724005550146,
      2.9315240681171417e-05
    ],
    "start_timestamps": [
      "2026-07-23 17:40:10.845291+00:00",
      "2026-07-23 17:40:13.491293+00:00",
      "2026-07-23 17:40:13.491327+00:00",
      "2026-07-23 17:40:17.852601+00:00",
      "2026-07-23 17:40:17.852641+00:00",
      "2026-07-23 17:40:18.255477+00:00",
      "2026-07-23 17:40:18.569604+00:00",
      "2026-07-23 17:40:18.750119+00:00"
    ]
  },
  "page_assemble": {
    "scope": "page",
    "count": 8,
    "times": [
      0.0003245510160923004,
      0.00041335728019475937,
      0.00017102248966693878,
      0.000509568490087986,
      0.00036570895463228226,
      0.0003014570102095604,
      0.0003604777157306671,
      0.00041725579649209976
    ],
    "start_timestamps": [
      "2026-07-23 17:40:10.845362+00:00",
      "2026-07-23 17:40:13.491380+00:00",
      "2026-07-23 17:40:13.491821+00:00",
      "2026-07-23 17:40:18.750248+00:00",
      "2026-07-23 17:40:18.750799+00:00",
      "2026-07-23 17:40:18.751187+00:00",
      "2026-07-23 17:40:18.751508+00:00",
      "2026-07-23 17:40:18.751889+00:00"
    ]
  },
  "doc_assemble": {
    "scope": "document",
    "count": 1,
    "times": [
      0.03491360880434513
    ],
    "start_timestamps": [
      "2026-07-23 17:40:18.752484+00:00"
    ]
  },
  "reading_order": {
    "scope": "document",
    "count": 1,
    "times": [
      0.0344573799520731
    ],
    "start_timestamps": [
      "2026-07-23 17:40:18.752567+00:00"
    ]
  },
  "doc_enrich": {
    "scope": "document",
    "count": 1,
    "times": [
      0.8566737696528435
    ],
    "start_timestamps": [
      "2026-07-23 17:40:18.787431+00:00"
    ]
  }
}
All hyperlinked elements redacted in-memory.
Clean PDF conversion timings:
{
  "pipeline_total": {
    "scope": "document",
    "count": 1,
    "times": [
      9.648338675498962
    ],
    "start_timestamps": [
      "2026-07-23 17:40:19.695865+00:00"
    ]
  },
  "page_parse": {
    "scope": "page",
    "count": 8,
    "times": [
      0.08120772428810596,
      0.10273529961705208,
      0.06673239264637232,
      0.09552227426320314,
      0.0897077415138483,
      0.08310820162296295,
      0.12910723313689232,
      0.10110131464898586
    ],
    "start_timestamps": [
      "2026-07-23 17:40:19.699672+00:00",
      "2026-07-23 17:40:19.780921+00:00",
      "2026-07-23 17:40:19.883695+00:00",
      "2026-07-23 17:40:19.950469+00:00",
      "2026-07-23 17:40:20.046032+00:00",
      "2026-07-23 17:40:20.135782+00:00",
      "2026-07-23 17:40:20.218928+00:00",
      "2026-07-23 17:40:20.348075+00:00"
    ]
  },
  "ocr": {
    "scope": "page",
    "count": 8,
    "times": [
      0.1739236991852522,
      0.1874572793021798,
      2.935003502294421,
      1.4161567594856024,
      0.1270811501890421,
      1.3660469818860292,
      1.0939145628362894,
      0.1279923478141427
    ],
    "start_timestamps": [
      "2026-07-23 17:40:19.781219+00:00",
      "2026-07-23 17:40:19.955177+00:00",
      "2026-07-23 17:40:20.142649+00:00",
      "2026-07-23 17:40:23.077711+00:00",
      "2026-07-23 17:40:24.493884+00:00",
      "2026-07-23 17:40:24.620975+00:00",
      "2026-07-23 17:40:25.987039+00:00",
      "2026-07-23 17:40:27.080970+00:00"
    ]
  },
  "layout": {
    "scope": "page",
    "count": 3,
    "times": [
      0.2658414700999856,
      0.057456012815237045,
      0.07572486903518438
    ],
    "start_timestamps": [
      "2026-07-23 17:40:19.955267+00:00",
      "2026-07-23 17:40:23.077784+00:00",
      "2026-07-23 17:40:27.209128+00:00"
    ]
  },
  "table_structure": {
    "scope": "page",
    "count": 8,
    "times": [
      1.824554055929184e-05,
      2.6139430701732635e-05,
      9.737908840179443e-06,
      2.440623939037323e-05,
      0.39988028444349766,
      0.3105732128024101,
      0.18013336975127459,
      2.8974376618862152e-05
    ],
    "start_timestamps": [
      "2026-07-23 17:40:20.350605+00:00",
      "2026-07-23 17:40:23.238900+00:00",
      "2026-07-23 17:40:23.238931+00:00",
      "2026-07-23 17:40:27.559249+00:00",
      "2026-07-23 17:40:27.559278+00:00",
      "2026-07-23 17:40:27.959175+00:00",
      "2026-07-23 17:40:28.269763+00:00",
      "2026-07-23 17:40:28.449998+00:00"
    ]
  },
  "page_assemble": {
    "scope": "page",
    "count": 8,
    "times": [
      0.00032091420143842697,
      0.00046016648411750793,
      0.00020522624254226685,
      0.00048460066318511963,
      0.0003174562007188797,
      0.00027251336723566055,
      0.00036055874079465866,
      0.0004233364015817642
    ],
    "start_timestamps": [
      "2026-07-23 17:40:20.350685+00:00",
      "2026-07-23 17:40:23.238994+00:00",
      "2026-07-23 17:40:23.239489+00:00",
      "2026-07-23 17:40:28.450116+00:00",
      "2026-07-23 17:40:28.450635+00:00",
      "2026-07-23 17:40:28.450976+00:00",
      "2026-07-23 17:40:28.451270+00:00",
      "2026-07-23 17:40:28.451651+00:00"
    ]
  },
  "doc_assemble": {
    "scope": "document",
    "count": 1,
    "times": [
      0.03474242985248566
    ],
    "start_timestamps": [
      "2026-07-23 17:40:28.452251+00:00"
    ]
  },
  "reading_order": {
    "scope": "document",
    "count": 1,
    "times": [
      0.03428156301379204
    ],
    "start_timestamps": [
      "2026-07-23 17:40:28.452338+00:00"
    ]
  },
  "doc_enrich": {
    "scope": "document",
    "count": 1,
    "times": [
      0.8571718335151672
    ],
    "start_timestamps": [
      "2026-07-23 17:40:28.487017+00:00"
    ]
  }
}
Function parse_pdf took 19.2526 seconds to execute.
Running: get_tables
Function get_tables took 0.0001 seconds to execute.
Running: get_surrounding_paragraphs
Function get_surrounding_paragraphs took 0.0001 seconds to execute.
