Running: parse_pdf
Raw PDF conversion timings:
{
  "pipeline_total": {
    "scope": "document",
    "count": 1,
    "times": [
      10.4121063798666
    ],
    "start_timestamps": [
      "2026-07-17 20:40:48.852049+00:00"
    ]
  },
  "page_parse": {
    "scope": "page",
    "count": 8,
    "times": [
      0.08013422135263681,
      0.10133508034050465,
      0.0672774538397789,
      0.09217888861894608,
      0.08933088835328817,
      0.08148354943841696,
      0.13322721980512142,
      0.09743413887917995
    ],
    "start_timestamps": [
      "2026-07-17 20:40:48.855743+00:00",
      "2026-07-17 20:40:48.935920+00:00",
      "2026-07-17 20:40:49.037298+00:00",
      "2026-07-17 20:40:49.104615+00:00",
      "2026-07-17 20:40:49.196834+00:00",
      "2026-07-17 20:40:49.286208+00:00",
      "2026-07-17 20:40:49.367731+00:00",
      "2026-07-17 20:40:49.501007+00:00"
    ]
  },
  "ocr": {
    "scope": "page",
    "count": 8,
    "times": [
      0.1732558934018016,
      0.18375680595636368,
      2.8052744399756193,
      1.738796784542501,
      0.12617861479520798,
      1.7440897058695555,
      1.173345098271966,
      0.12744541838765144
    ],
    "start_timestamps": [
      "2026-07-17 20:40:48.936219+00:00",
      "2026-07-17 20:40:49.109517+00:00",
      "2026-07-17 20:40:49.293293+00:00",
      "2026-07-17 20:40:52.098657+00:00",
      "2026-07-17 20:40:53.837471+00:00",
      "2026-07-17 20:40:53.963658+00:00",
      "2026-07-17 20:40:55.707767+00:00",
      "2026-07-17 20:40:56.881129+00:00"
    ]
  },
  "layout": {
    "scope": "page",
    "count": 3,
    "times": [
      0.26367177348583937,
      0.08155102748423815,
      0.080843485891819
    ],
    "start_timestamps": [
      "2026-07-17 20:40:49.109590+00:00",
      "2026-07-17 20:40:52.098726+00:00",
      "2026-07-17 20:40:57.008771+00:00"
    ]
  },
  "table_structure": {
    "scope": "page",
    "count": 8,
    "times": [
      2.3774802684783936e-05,
      2.600904554128647e-05,
      9.869225323200226e-06,
      2.9606744647026062e-05,
      0.4129668641835451,
      0.3205895721912384,
      0.18390717916190624,
      2.818368375301361e-05
    ],
    "start_timestamps": [
      "2026-07-17 20:40:49.501085+00:00",
      "2026-07-17 20:40:52.281850+00:00",
      "2026-07-17 20:40:52.281882+00:00",
      "2026-07-17 20:40:57.359695+00:00",
      "2026-07-17 20:40:57.359730+00:00",
      "2026-07-17 20:40:57.772713+00:00",
      "2026-07-17 20:40:58.093319+00:00",
      "2026-07-17 20:40:58.277346+00:00"
    ]
  },
  "page_assemble": {
    "scope": "page",
    "count": 8,
    "times": [
      0.0004628114402294159,
      0.00036709103733301163,
      0.00018203351646661758,
      0.00044920481741428375,
      0.0003114258870482445,
      0.0002922499552369118,
      0.000355670228600502,
      0.0004149302840232849
    ],
    "start_timestamps": [
      "2026-07-17 20:40:49.501436+00:00",
      "2026-07-17 20:40:52.281934+00:00",
      "2026-07-17 20:40:52.282328+00:00",
      "2026-07-17 20:40:58.277450+00:00",
      "2026-07-17 20:40:58.277931+00:00",
      "2026-07-17 20:40:58.278264+00:00",
      "2026-07-17 20:40:58.278577+00:00",
      "2026-07-17 20:40:58.278952+00:00"
    ]
  },
  "doc_assemble": {
    "scope": "document",
    "count": 1,
    "times": [
      0.03555436246097088
    ],
    "start_timestamps": [
      "2026-07-17 20:40:58.279677+00:00"
    ]
  },
  "reading_order": {
    "scope": "document",
    "count": 1,
    "times": [
      0.034915379248559475
    ],
    "start_timestamps": [
      "2026-07-17 20:40:58.279888+00:00"
    ]
  },
  "doc_enrich": {
    "scope": "document",
    "count": 1,
    "times": [
      0.9488891772925854
    ],
    "start_timestamps": [
      "2026-07-17 20:40:58.315252+00:00"
    ]
  }
}
All hyperlinked elements redacted in-memory.
Clean PDF conversion timings:
{
  "pipeline_total": {
    "scope": "document",
    "count": 1,
    "times": [
      11.33773180283606
    ],
    "start_timestamps": [
      "2026-07-17 20:40:59.316316+00:00"
    ]
  },
  "page_parse": {
    "scope": "page",
    "count": 8,
    "times": [
      0.08013912010937929,
      0.10147826001048088,
      0.066447913646698,
      0.09367970284074545,
      0.08873077854514122,
      0.08112470526248217,
      0.1305246241390705,
      0.10771625861525536
    ],
    "start_timestamps": [
      "2026-07-17 20:40:59.320164+00:00",
      "2026-07-17 20:40:59.400346+00:00",
      "2026-07-17 20:40:59.501867+00:00",
      "2026-07-17 20:40:59.568356+00:00",
      "2026-07-17 20:40:59.662077+00:00",
      "2026-07-17 20:40:59.750857+00:00",
      "2026-07-17 20:40:59.832021+00:00",
      "2026-07-17 20:40:59.962591+00:00"
    ]
  },
  "ocr": {
    "scope": "page",
    "count": 8,
    "times": [
      0.1722546685487032,
      0.1853649914264679,
      3.401635719463229,
      1.5148129863664508,
      0.1298428112640977,
      2.2485398640856147,
      1.2733331257477403,
      0.12866272125393152
    ],
    "start_timestamps": [
      "2026-07-17 20:40:59.400639+00:00",
      "2026-07-17 20:40:59.572936+00:00",
      "2026-07-17 20:40:59.758318+00:00",
      "2026-07-17 20:41:03.160013+00:00",
      "2026-07-17 20:41:04.674843+00:00",
      "2026-07-17 20:41:04.804700+00:00",
      "2026-07-17 20:41:07.053257+00:00",
      "2026-07-17 20:41:08.326608+00:00"
    ]
  },
  "layout": {
    "scope": "page",
    "count": 3,
    "times": [
      0.2689690226688981,
      0.06273685023188591,
      0.07789538707584143
    ],
    "start_timestamps": [
      "2026-07-17 20:40:59.573005+00:00",
      "2026-07-17 20:41:03.160080+00:00",
      "2026-07-17 20:41:08.455483+00:00"
    ]
  },
  "table_structure": {
    "scope": "page",
    "count": 8,
    "times": [
      1.8965452909469604e-05,
      4.766974598169327e-05,
      1.807417720556259e-05,
      2.5527551770210266e-05,
      0.4066616576164961,
      0.31857726629823446,
      0.18250526022166014,
      2.7602538466453552e-05
    ],
    "start_timestamps": [
      "2026-07-17 20:40:59.973355+00:00",
      "2026-07-17 20:41:03.325202+00:00",
      "2026-07-17 20:41:03.325256+00:00",
      "2026-07-17 20:41:08.801333+00:00",
      "2026-07-17 20:41:08.801363+00:00",
      "2026-07-17 20:41:09.208044+00:00",
      "2026-07-17 20:41:09.526638+00:00",
      "2026-07-17 20:41:09.709247+00:00"
    ]
  },
  "page_assemble": {
    "scope": "page",
    "count": 8,
    "times": [
      0.0003048339858651161,
      0.0006252862513065338,
      0.00025054067373275757,
      0.0004177764058113098,
      0.0003123283386230469,
      0.0002823304384946823,
      0.000354766845703125,
      0.00041276682168245316
    ],
    "start_timestamps": [
      "2026-07-17 20:40:59.973433+00:00",
      "2026-07-17 20:41:03.325337+00:00",
      "2026-07-17 20:41:03.326002+00:00",
      "2026-07-17 20:41:09.709418+00:00",
      "2026-07-17 20:41:09.709866+00:00",
      "2026-07-17 20:41:09.710200+00:00",
      "2026-07-17 20:41:09.710506+00:00",
      "2026-07-17 20:41:09.710883+00:00"
    ]
  },
  "doc_assemble": {
    "scope": "document",
    "count": 1,
    "times": [
      0.03497714642435312
    ],
    "start_timestamps": [
      "2026-07-17 20:41:09.711481+00:00"
    ]
  },
  "reading_order": {
    "scope": "document",
    "count": 1,
    "times": [
      0.034435175359249115
    ],
    "start_timestamps": [
      "2026-07-17 20:41:09.711574+00:00"
    ]
  },
  "doc_enrich": {
    "scope": "document",
    "count": 1,
    "times": [
      0.9075506404042244
    ],
    "start_timestamps": [
      "2026-07-17 20:41:09.746483+00:00"
    ]
  }
}
Function parse_pdf took 21.9040 seconds to execute.
Running: get_tables
Function get_tables took 0.0001 seconds to execute.
Running: get_surrounding_paragraphs
Function get_surrounding_paragraphs took 0.0001 seconds to execute.
