Running: parse_pdf
Raw PDF conversion timings:
{
  "pipeline_total": {
    "scope": "document",
    "count": 1,
    "times": [
      6.536194293759763
    ],
    "start_timestamps": [
      "2026-07-23 18:50:07.627900+00:00"
    ]
  },
  "page_parse": {
    "scope": "page",
    "count": 7,
    "times": [
      0.09770534746348858,
      0.1069031311199069,
      0.10926342196762562,
      0.09827798698097467,
      0.088406166061759,
      0.1530864955857396,
      0.12020077928900719
    ],
    "start_timestamps": [
      "2026-07-23 18:50:07.635047+00:00",
      "2026-07-23 18:50:07.732795+00:00",
      "2026-07-23 18:50:07.839740+00:00",
      "2026-07-23 18:50:07.949048+00:00",
      "2026-07-23 18:50:08.047369+00:00",
      "2026-07-23 18:50:08.135815+00:00",
      "2026-07-23 18:50:08.288952+00:00"
    ]
  },
  "ocr": {
    "scope": "page",
    "count": 7,
    "times": [
      0.1300311628729105,
      0.5851818053051829,
      0.6333945905789733,
      0.4519447796046734,
      0.46219596453011036,
      0.45197599940001965,
      0.12045101076364517
    ],
    "start_timestamps": [
      "2026-07-23 18:50:07.733459+00:00",
      "2026-07-23 18:50:07.863532+00:00",
      "2026-07-23 18:50:08.448797+00:00",
      "2026-07-23 18:50:09.082213+00:00",
      "2026-07-23 18:50:09.534173+00:00",
      "2026-07-23 18:50:09.996387+00:00",
      "2026-07-23 18:50:10.448393+00:00"
    ]
  },
  "layout": {
    "scope": "page",
    "count": 3,
    "times": [
      0.3620017012581229,
      0.02612520195543766,
      0.0734080271795392
    ],
    "start_timestamps": [
      "2026-07-23 18:50:07.863616+00:00",
      "2026-07-23 18:50:08.448857+00:00",
      "2026-07-23 18:50:10.569014+00:00"
    ]
  },
  "table_structure": {
    "scope": "page",
    "count": 7,
    "times": [
      1.9297003746032715e-05,
      2.7953647077083588e-05,
      0.42511080391705036,
      0.8459640527144074,
      1.1625760234892368,
      2.7972273528575897e-05,
      1.8224120140075684e-05
    ],
    "start_timestamps": [
      "2026-07-23 18:50:08.402867+00:00",
      "2026-07-23 18:50:08.517613+00:00",
      "2026-07-23 18:50:10.862215+00:00",
      "2026-07-23 18:50:11.287341+00:00",
      "2026-07-23 18:50:12.133319+00:00",
      "2026-07-23 18:50:13.295911+00:00",
      "2026-07-23 18:50:13.296144+00:00"
    ]
  },
  "page_assemble": {
    "scope": "page",
    "count": 7,
    "times": [
      0.001424240879714489,
      0.00039057526737451553,
      0.0003605782985687256,
      0.00028052739799022675,
      0.00017485860735177994,
      0.00034320540726184845,
      0.00026321690529584885
    ],
    "start_timestamps": [
      "2026-07-23 18:50:08.402944+00:00",
      "2026-07-23 18:50:08.517698+00:00",
      "2026-07-23 18:50:13.296261+00:00",
      "2026-07-23 18:50:13.296656+00:00",
      "2026-07-23 18:50:13.296957+00:00",
      "2026-07-23 18:50:13.297230+00:00",
      "2026-07-23 18:50:13.297593+00:00"
    ]
  },
  "doc_assemble": {
    "scope": "document",
    "count": 1,
    "times": [
      0.027164497412741184
    ],
    "start_timestamps": [
      "2026-07-23 18:50:13.298074+00:00"
    ]
  },
  "reading_order": {
    "scope": "document",
    "count": 1,
    "times": [
      0.026600467041134834
    ],
    "start_timestamps": [
      "2026-07-23 18:50:13.298203+00:00"
    ]
  },
  "doc_enrich": {
    "scope": "document",
    "count": 1,
    "times": [
      0.8388075334951282
    ],
    "start_timestamps": [
      "2026-07-23 18:50:13.325270+00:00"
    ]
  }
}
All hyperlinked elements redacted in-memory.
Clean PDF conversion timings:
{
  "pipeline_total": {
    "scope": "document",
    "count": 1,
    "times": [
      6.564792231656611
    ],
    "start_timestamps": [
      "2026-07-23 18:50:14.262885+00:00"
    ]
  },
  "page_parse": {
    "scope": "page",
    "count": 7,
    "times": [
      0.09723959304392338,
      0.10596055630594492,
      0.1080164359882474,
      0.09674411080777645,
      0.0874945605173707,
      0.12973224930465221,
      0.11661718413233757
    ],
    "start_timestamps": [
      "2026-07-23 18:50:14.268757+00:00",
      "2026-07-23 18:50:14.366039+00:00",
      "2026-07-23 18:50:14.472039+00:00",
      "2026-07-23 18:50:14.580097+00:00",
      "2026-07-23 18:50:14.676885+00:00",
      "2026-07-23 18:50:14.764439+00:00",
      "2026-07-23 18:50:14.894222+00:00"
    ]
  },
  "ocr": {
    "scope": "page",
    "count": 7,
    "times": [
      0.1269556526094675,
      0.6101904567331076,
      0.6514863325282931,
      0.4545291643589735,
      0.471283839084208,
      0.45521148946136236,
      0.11838406976312399
    ],
    "start_timestamps": [
      "2026-07-23 18:50:14.366355+00:00",
      "2026-07-23 18:50:14.493353+00:00",
      "2026-07-23 18:50:15.103602+00:00",
      "2026-07-23 18:50:15.755102+00:00",
      "2026-07-23 18:50:16.209647+00:00",
      "2026-07-23 18:50:16.680946+00:00",
      "2026-07-23 18:50:17.136173+00:00"
    ]
  },
  "layout": {
    "scope": "page",
    "count": 3,
    "times": [
      0.35806980077177286,
      0.02620029356330633,
      0.07287862990051508
    ],
    "start_timestamps": [
      "2026-07-23 18:50:14.493459+00:00",
      "2026-07-23 18:50:15.103663+00:00",
      "2026-07-23 18:50:17.254679+00:00"
    ]
  },
  "table_structure": {
    "scope": "page",
    "count": 7,
    "times": [
      2.644956111907959e-05,
      2.3484230041503906e-05,
      0.42574892565608025,
      0.8453477341681719,
      1.1654728259891272,
      2.413615584373474e-05,
      1.761317253112793e-05
    ],
    "start_timestamps": [
      "2026-07-23 18:50:14.941299+00:00",
      "2026-07-23 18:50:15.170869+00:00",
      "2026-07-23 18:50:17.537911+00:00",
      "2026-07-23 18:50:17.963674+00:00",
      "2026-07-23 18:50:18.809036+00:00",
      "2026-07-23 18:50:19.974525+00:00",
      "2026-07-23 18:50:19.974799+00:00"
    ]
  },
  "page_assemble": {
    "scope": "page",
    "count": 7,
    "times": [
      0.0004121148958802223,
      0.0003964463248848915,
      0.00030420348048210144,
      0.00028014834970235825,
      0.00016261544078588486,
      0.0003127586096525192,
      0.0002463739365339279
    ],
    "start_timestamps": [
      "2026-07-23 18:50:14.941394+00:00",
      "2026-07-23 18:50:15.170938+00:00",
      "2026-07-23 18:50:19.974925+00:00",
      "2026-07-23 18:50:19.975266+00:00",
      "2026-07-23 18:50:19.975569+00:00",
      "2026-07-23 18:50:19.975751+00:00",
      "2026-07-23 18:50:19.976082+00:00"
    ]
  },
  "doc_assemble": {
    "scope": "document",
    "count": 1,
    "times": [
      0.026433001272380352
    ],
    "start_timestamps": [
      "2026-07-23 18:50:19.976498+00:00"
    ]
  },
  "reading_order": {
    "scope": "document",
    "count": 1,
    "times": [
      0.0259759109467268
    ],
    "start_timestamps": [
      "2026-07-23 18:50:19.976591+00:00"
    ]
  },
  "doc_enrich": {
    "scope": "document",
    "count": 1,
    "times": [
      0.8247059928253293
    ],
    "start_timestamps": [
      "2026-07-23 18:50:20.002956+00:00"
    ]
  }
}
Function parse_pdf took 13.5429 seconds to execute.
Running: get_tables
Function get_tables took 0.0001 seconds to execute.
Running: get_surrounding_paragraphs
Function get_surrounding_paragraphs took 0.0001 seconds to execute.
