Running: parse_pdf
Raw PDF conversion timings:
{
  "pipeline_total": {
    "scope": "document",
    "count": 1,
    "times": [
      54.42585442960262
    ],
    "start_timestamps": [
      "2026-07-23 17:57:47.917533+00:00"
    ]
  },
  "page_parse": {
    "scope": "page",
    "count": 13,
    "times": [
      0.14019710384309292,
      0.12715327180922031,
      0.1952402340248227,
      0.22034691367298365,
      0.16099532786756754,
      0.18268893752247095,
      0.1294040661305189,
      0.19127112533897161,
      0.16252764221280813,
      0.28244556952267885,
      0.137765740044415,
      0.13405561912804842,
      0.09187719598412514
    ],
    "start_timestamps": [
      "2026-07-23 17:57:47.923869+00:00",
      "2026-07-23 17:57:48.064110+00:00",
      "2026-07-23 17:57:48.191304+00:00",
      "2026-07-23 17:57:48.386593+00:00",
      "2026-07-23 17:57:48.606985+00:00",
      "2026-07-23 17:57:48.768026+00:00",
      "2026-07-23 17:57:48.950773+00:00",
      "2026-07-23 17:57:49.080224+00:00",
      "2026-07-23 17:57:49.271539+00:00",
      "2026-07-23 17:57:49.434119+00:00",
      "2026-07-23 17:57:49.716630+00:00",
      "2026-07-23 17:57:49.854451+00:00",
      "2026-07-23 17:57:49.988546+00:00"
    ]
  },
  "ocr": {
    "scope": "page",
    "count": 13,
    "times": [
      2.181195410899818,
      0.7017420763149858,
      0.13067431561648846,
      1.879767144098878,
      1.7865409012883902,
      1.687227020971477,
      0.13546519074589014,
      0.712689976207912,
      0.8263438167050481,
      0.13470924831926823,
      0.13444913923740387,
      0.13759628124535084,
      0.13148368895053864
    ],
    "start_timestamps": [
      "2026-07-23 17:57:48.064477+00:00",
      "2026-07-23 17:57:50.245772+00:00",
      "2026-07-23 17:57:50.947529+00:00",
      "2026-07-23 17:57:51.078215+00:00",
      "2026-07-23 17:57:52.957999+00:00",
      "2026-07-23 17:57:54.744555+00:00",
      "2026-07-23 17:57:56.431798+00:00",
      "2026-07-23 17:57:56.567274+00:00",
      "2026-07-23 17:57:57.279982+00:00",
      "2026-07-23 17:57:58.106343+00:00",
      "2026-07-23 17:57:58.241063+00:00",
      "2026-07-23 17:57:58.375521+00:00",
      "2026-07-23 17:57:58.513127+00:00"
    ]
  },
  "layout": {
    "scope": "page",
    "count": 2,
    "times": [
      0.06811349280178547,
      0.14123289473354816
    ],
    "start_timestamps": [
      "2026-07-23 17:57:50.245881+00:00",
      "2026-07-23 17:57:58.644850+00:00"
    ]
  },
  "table_structure": {
    "scope": "page",
    "count": 13,
    "times": [
      3.311224281787872e-05,
      2.783164381980896e-05,
      1.0108575224876404e-05,
      6.642192602157593e-06,
      6.913207471370697e-06,
      9.298324584960938e-06,
      7.363967597484589e-06,
      1.1150725185871124e-05,
      7.234513759613037e-06,
      8.10530036687851e-06,
      8.275732398033142e-06,
      9.82917845249176e-06,
      6.11133873462677e-06
    ],
    "start_timestamps": [
      "2026-07-23 17:57:50.359395+00:00",
      "2026-07-23 17:57:59.595933+00:00",
      "2026-07-23 17:57:59.595967+00:00",
      "2026-07-23 17:57:59.595981+00:00",
      "2026-07-23 17:57:59.595992+00:00",
      "2026-07-23 17:57:59.596036+00:00",
      "2026-07-23 17:57:59.596050+00:00",
      "2026-07-23 17:57:59.596061+00:00",
      "2026-07-23 17:57:59.596077+00:00",
      "2026-07-23 17:57:59.596109+00:00",
      "2026-07-23 17:57:59.596122+00:00",
      "2026-07-23 17:57:59.596134+00:00",
      "2026-07-23 17:57:59.596147+00:00"
    ]
  },
  "page_assemble": {
    "scope": "page",
    "count": 13,
    "times": [
      0.0006563747301697731,
      0.0007241033017635345,
      0.0010071052238345146,
      0.00030939187854528427,
      0.0002580564469099045,
      0.00030830036848783493,
      0.0009151818230748177,
      0.0009496072307229042,
      0.0007215775549411774,
      0.0008478043600916862,
      0.0021302085369825363,
      0.0012391014024615288,
      0.00046599749475717545
    ],
    "start_timestamps": [
      "2026-07-23 17:57:50.359490+00:00",
      "2026-07-23 17:57:59.596222+00:00",
      "2026-07-23 17:57:59.596991+00:00",
      "2026-07-23 17:57:59.598020+00:00",
      "2026-07-23 17:57:59.598349+00:00",
      "2026-07-23 17:57:59.598627+00:00",
      "2026-07-23 17:57:59.598955+00:00",
      "2026-07-23 17:57:59.599890+00:00",
      "2026-07-23 17:57:59.600860+00:00",
      "2026-07-23 17:57:59.601601+00:00",
      "2026-07-23 17:57:59.602474+00:00",
      "2026-07-23 17:57:59.604624+00:00",
      "2026-07-23 17:57:59.605884+00:00"
    ]
  },
  "doc_assemble": {
    "scope": "document",
    "count": 1,
    "times": [
      0.4057844029739499
    ],
    "start_timestamps": [
      "2026-07-23 17:57:59.606557+00:00"
    ]
  },
  "reading_order": {
    "scope": "document",
    "count": 1,
    "times": [
      0.4049272397533059
    ],
    "start_timestamps": [
      "2026-07-23 17:57:59.606769+00:00"
    ]
  },
  "doc_enrich": {
    "scope": "document",
    "count": 1,
    "times": [
      42.3309660917148
    ],
    "start_timestamps": [
      "2026-07-23 17:58:00.012373+00:00"
    ]
  }
}
All hyperlinked elements redacted in-memory.
Clean PDF conversion timings:
{
  "pipeline_total": {
    "scope": "document",
    "count": 1,
    "times": [
      54.18079685419798
    ],
    "start_timestamps": [
      "2026-07-23 17:58:42.740506+00:00"
    ]
  },
  "page_parse": {
    "scope": "page",
    "count": 13,
    "times": [
      0.1329018548130989,
      0.12333118449896574,
      0.14931711554527283,
      0.15222064964473248,
      0.15407044999301434,
      0.14907823596149683,
      0.13934120256453753,
      0.30732734967023134,
      0.13423165772110224,
      0.1383183477446437,
      0.23222831822931767,
      0.1865320960059762,
      0.06324389204382896
    ],
    "start_timestamps": [
      "2026-07-23 17:58:42.746364+00:00",
      "2026-07-23 17:58:42.879315+00:00",
      "2026-07-23 17:58:43.002689+00:00",
      "2026-07-23 17:58:43.152057+00:00",
      "2026-07-23 17:58:43.304319+00:00",
      "2026-07-23 17:58:43.458441+00:00",
      "2026-07-23 17:58:43.607565+00:00",
      "2026-07-23 17:58:43.746955+00:00",
      "2026-07-23 17:58:44.054327+00:00",
      "2026-07-23 17:58:44.188599+00:00",
      "2026-07-23 17:58:44.326964+00:00",
      "2026-07-23 17:58:44.559240+00:00",
      "2026-07-23 17:58:44.745813+00:00"
    ]
  },
  "ocr": {
    "scope": "page",
    "count": 13,
    "times": [
      2.1791635332629085,
      0.697633957490325,
      0.1302644219249487,
      1.8948784014210105,
      1.7866706987842917,
      1.686651119031012,
      0.13516839873045683,
      0.6983069395646453,
      0.8258987879380584,
      0.13386695832014084,
      0.13472469337284565,
      0.13684010412544012,
      0.13307923637330532
    ],
    "start_timestamps": [
      "2026-07-23 17:58:42.880009+00:00",
      "2026-07-23 17:58:45.059281+00:00",
      "2026-07-23 17:58:45.756939+00:00",
      "2026-07-23 17:58:45.887213+00:00",
      "2026-07-23 17:58:47.782113+00:00",
      "2026-07-23 17:58:49.568808+00:00",
      "2026-07-23 17:58:51.255472+00:00",
      "2026-07-23 17:58:51.390652+00:00",
      "2026-07-23 17:58:52.088977+00:00",
      "2026-07-23 17:58:52.914892+00:00",
      "2026-07-23 17:58:53.048770+00:00",
      "2026-07-23 17:58:53.183503+00:00",
      "2026-07-23 17:58:53.320353+00:00"
    ]
  },
  "layout": {
    "scope": "page",
    "count": 2,
    "times": [
      0.06971705239266157,
      0.13678585179150105
    ],
    "start_timestamps": [
      "2026-07-23 17:58:45.059424+00:00",
      "2026-07-23 17:58:53.453679+00:00"
    ]
  },
  "table_structure": {
    "scope": "page",
    "count": 13,
    "times": [
      7.500126957893372e-05,
      3.1218864023685455e-05,
      1.0981224477291107e-05,
      6.983056664466858e-06,
      7.222406566143036e-06,
      8.687376976013184e-06,
      6.802380084991455e-06,
      6.9122761487960815e-06,
      6.2016770243644714e-06,
      7.724389433860779e-06,
      9.378418326377869e-06,
      9.357929229736328e-06,
      6.021931767463684e-06
    ],
    "start_timestamps": [
      "2026-07-23 17:58:45.163305+00:00",
      "2026-07-23 17:58:54.417444+00:00",
      "2026-07-23 17:58:54.417480+00:00",
      "2026-07-23 17:58:54.417495+00:00",
      "2026-07-23 17:58:54.417506+00:00",
      "2026-07-23 17:58:54.417551+00:00",
      "2026-07-23 17:58:54.417564+00:00",
      "2026-07-23 17:58:54.417575+00:00",
      "2026-07-23 17:58:54.417585+00:00",
      "2026-07-23 17:58:54.417615+00:00",
      "2026-07-23 17:58:54.417627+00:00",
      "2026-07-23 17:58:54.417640+00:00",
      "2026-07-23 17:58:54.417653+00:00"
    ]
  },
  "page_assemble": {
    "scope": "page",
    "count": 13,
    "times": [
      0.00025769416242837906,
      0.0005276724696159363,
      0.0005014343187212944,
      0.00020282156765460968,
      0.00013221893459558487,
      0.0002032620832324028,
      0.0003382675349712372,
      0.0003040619194507599,
      0.00024181511253118515,
      0.0003010369837284088,
      0.00040056463330984116,
      0.0006219996139407158,
      0.00021161790937185287
    ],
    "start_timestamps": [
      "2026-07-23 17:58:45.163452+00:00",
      "2026-07-23 17:58:54.417769+00:00",
      "2026-07-23 17:58:54.418333+00:00",
      "2026-07-23 17:58:54.418859+00:00",
      "2026-07-23 17:58:54.419081+00:00",
      "2026-07-23 17:58:54.419231+00:00",
      "2026-07-23 17:58:54.419452+00:00",
      "2026-07-23 17:58:54.419808+00:00",
      "2026-07-23 17:58:54.420156+00:00",
      "2026-07-23 17:58:54.420426+00:00",
      "2026-07-23 17:58:54.420744+00:00",
      "2026-07-23 17:58:54.421162+00:00",
      "2026-07-23 17:58:54.421806+00:00"
    ]
  },
  "doc_assemble": {
    "scope": "document",
    "count": 1,
    "times": [
      0.06934400089085102
    ],
    "start_timestamps": [
      "2026-07-23 17:58:54.422254+00:00"
    ]
  },
  "reading_order": {
    "scope": "document",
    "count": 1,
    "times": [
      0.06867170613259077
    ],
    "start_timestamps": [
      "2026-07-23 17:58:54.422395+00:00"
    ]
  },
  "doc_enrich": {
    "scope": "document",
    "count": 1,
    "times": [
      42.429641175083816
    ],
    "start_timestamps": [
      "2026-07-23 17:58:54.491641+00:00"
    ]
  }
}
Function parse_pdf took 109.1541 seconds to execute.
Running: get_tables
Function get_tables took 0.0001 seconds to execute.
Running: get_surrounding_paragraphs
Function get_surrounding_paragraphs took 0.0001 seconds to execute.
