Running: parse_pdf
Raw PDF conversion timings:
{
  "pipeline_total": {
    "scope": "document",
    "count": 1,
    "times": [
      30.192682462744415
    ],
    "start_timestamps": [
      "2026-07-23 19:03:26.759353+00:00"
    ]
  },
  "page_parse": {
    "scope": "page",
    "count": 19,
    "times": [
      0.025278335437178612,
      0.038580543361604214,
      0.04753683973103762,
      0.05083933472633362,
      0.04444133397191763,
      0.07278686296194792,
      0.07297319360077381,
      0.07006123289465904,
      0.06971270684152842,
      0.07244826667010784,
      0.07262901589274406,
      0.08796357735991478,
      0.08606934174895287,
      0.07897416781634092,
      0.1398505251854658,
      0.09907563123852015,
      0.15485956240445375,
      0.12178186699748039,
      0.12398398201912642
    ],
    "start_timestamps": [
      "2026-07-23 19:03:26.761799+00:00",
      "2026-07-23 19:03:26.787111+00:00",
      "2026-07-23 19:03:26.825726+00:00",
      "2026-07-23 19:03:26.873296+00:00",
      "2026-07-23 19:03:26.924173+00:00",
      "2026-07-23 19:03:26.968655+00:00",
      "2026-07-23 19:03:27.041481+00:00",
      "2026-07-23 19:03:27.114491+00:00",
      "2026-07-23 19:03:27.184593+00:00",
      "2026-07-23 19:03:27.254348+00:00",
      "2026-07-23 19:03:27.326834+00:00",
      "2026-07-23 19:03:27.399508+00:00",
      "2026-07-23 19:03:27.487509+00:00",
      "2026-07-23 19:03:27.573620+00:00",
      "2026-07-23 19:03:27.652635+00:00",
      "2026-07-23 19:03:27.792548+00:00",
      "2026-07-23 19:03:27.891700+00:00",
      "2026-07-23 19:03:28.046607+00:00",
      "2026-07-23 19:03:28.168451+00:00"
    ]
  },
  "ocr": {
    "scope": "page",
    "count": 19,
    "times": [
      0.13861759286373854,
      0.12766625173389912,
      0.1358289960771799,
      0.14339688885957003,
      0.1768403733149171,
      2.449645929969847,
      1.853522696532309,
      1.2071319222450256,
      1.1132117863744497,
      0.9548469474539161,
      1.140898515470326,
      1.0975399166345596,
      1.183129613287747,
      1.2155619086697698,
      1.4295545043423772,
      1.312977109104395,
      1.1749438159167767,
      1.1301142806187272,
      1.0087305149063468
    ],
    "start_timestamps": [
      "2026-07-23 19:03:26.787310+00:00",
      "2026-07-23 19:03:26.925962+00:00",
      "2026-07-23 19:03:27.053638+00:00",
      "2026-07-23 19:03:27.189478+00:00",
      "2026-07-23 19:03:27.332922+00:00",
      "2026-07-23 19:03:27.509773+00:00",
      "2026-07-23 19:03:29.959438+00:00",
      "2026-07-23 19:03:31.812976+00:00",
      "2026-07-23 19:03:33.020125+00:00",
      "2026-07-23 19:03:34.133354+00:00",
      "2026-07-23 19:03:35.088305+00:00",
      "2026-07-23 19:03:36.229219+00:00",
      "2026-07-23 19:03:37.326774+00:00",
      "2026-07-23 19:03:38.509924+00:00",
      "2026-07-23 19:03:39.725501+00:00",
      "2026-07-23 19:03:41.155072+00:00",
      "2026-07-23 19:03:42.468064+00:00",
      "2026-07-23 19:03:43.643024+00:00",
      "2026-07-23 19:03:44.773154+00:00"
    ]
  },
  "layout": {
    "scope": "page",
    "count": 4,
    "times": [
      0.08033538982272148,
      0.09871557354927063,
      0.08306959550827742,
      0.10457118041813374
    ],
    "start_timestamps": [
      "2026-07-23 19:03:26.926041+00:00",
      "2026-07-23 19:03:27.333000+00:00",
      "2026-07-23 19:03:35.088395+00:00",
      "2026-07-23 19:03:45.782123+00:00"
    ]
  },
  "table_structure": {
    "scope": "page",
    "count": 19,
    "times": [
      1.5108846127986908e-05,
      2.6990659534931183e-05,
      1.3848275756463408,
      2.911068725399673,
      0.41558053623884916,
      2.87545844912529e-05,
      7.183291018009186e-06,
      5.859881639480591e-06,
      9.76957380771637e-06,
      6.251037120819092e-06,
      3.25813889503479e-05,
      8.234754204750061e-06,
      5.088746547698975e-06,
      4.9192458391189575e-06,
      7.1730464696884155e-06,
      5.340203642845154e-06,
      4.818663001060486e-06,
      6.643123924732208e-06,
      6.77257776260376e-06
    ],
    "start_timestamps": [
      "2026-07-23 19:03:27.043820+00:00",
      "2026-07-23 19:03:27.533367+00:00",
      "2026-07-23 19:03:27.533414+00:00",
      "2026-07-23 19:03:28.918246+00:00",
      "2026-07-23 19:03:35.190292+00:00",
      "2026-07-23 19:03:35.605902+00:00",
      "2026-07-23 19:03:35.605932+00:00",
      "2026-07-23 19:03:35.605943+00:00",
      "2026-07-23 19:03:35.606094+00:00",
      "2026-07-23 19:03:35.606108+00:00",
      "2026-07-23 19:03:45.907681+00:00",
      "2026-07-23 19:03:45.907720+00:00",
      "2026-07-23 19:03:45.907732+00:00",
      "2026-07-23 19:03:45.907741+00:00",
      "2026-07-23 19:03:45.907790+00:00",
      "2026-07-23 19:03:45.907801+00:00",
      "2026-07-23 19:03:45.907810+00:00",
      "2026-07-23 19:03:45.907819+00:00",
      "2026-07-23 19:03:45.907851+00:00"
    ]
  },
  "page_assemble": {
    "scope": "page",
    "count": 19,
    "times": [
      8.79550352692604e-05,
      0.00021607708185911179,
      0.00016714353114366531,
      2.7270987629890442e-05,
      0.00015860795974731445,
      5.8630481362342834e-05,
      2.6901252567768097e-05,
      2.7793459594249725e-05,
      2.3123808205127716e-05,
      2.2962689399719238e-05,
      0.00010733213275671005,
      4.286039620637894e-05,
      2.860371023416519e-05,
      2.644956111907959e-05,
      2.5698915123939514e-05,
      2.6258639991283417e-05,
      2.5288201868534088e-05,
      2.435501664876938e-05,
      3.006681799888611e-05
    ],
    "start_timestamps": [
      "2026-07-23 19:03:27.043893+00:00",
      "2026-07-23 19:03:31.829532+00:00",
      "2026-07-23 19:03:31.829776+00:00",
      "2026-07-23 19:03:31.829964+00:00",
      "2026-07-23 19:03:35.606162+00:00",
      "2026-07-23 19:03:35.606364+00:00",
      "2026-07-23 19:03:35.606442+00:00",
      "2026-07-23 19:03:35.606485+00:00",
      "2026-07-23 19:03:35.606530+00:00",
      "2026-07-23 19:03:35.606569+00:00",
      "2026-07-23 19:03:45.907920+00:00",
      "2026-07-23 19:03:45.908067+00:00",
      "2026-07-23 19:03:45.908134+00:00",
      "2026-07-23 19:03:45.908182+00:00",
      "2026-07-23 19:03:45.908228+00:00",
      "2026-07-23 19:03:45.908273+00:00",
      "2026-07-23 19:03:45.908318+00:00",
      "2026-07-23 19:03:45.908362+00:00",
      "2026-07-23 19:03:45.908439+00:00"
    ]
  },
  "doc_assemble": {
    "scope": "document",
    "count": 1,
    "times": [
      0.02770053595304489
    ],
    "start_timestamps": [
      "2026-07-23 19:03:45.908698+00:00"
    ]
  },
  "reading_order": {
    "scope": "document",
    "count": 1,
    "times": [
      0.02719617635011673
    ],
    "start_timestamps": [
      "2026-07-23 19:03:45.908776+00:00"
    ]
  },
  "doc_enrich": {
    "scope": "document",
    "count": 1,
    "times": [
      11.01557557657361
    ],
    "start_timestamps": [
      "2026-07-23 19:03:45.936438+00:00"
    ]
  }
}
All hyperlinked elements redacted in-memory.
Clean PDF conversion timings:
{
  "pipeline_total": {
    "scope": "document",
    "count": 1,
    "times": [
      29.390481513924897
    ],
    "start_timestamps": [
      "2026-07-23 19:03:56.999105+00:00"
    ]
  },
  "page_parse": {
    "scope": "page",
    "count": 19,
    "times": [
      0.026865764521062374,
      0.03931807167828083,
      0.048840103670954704,
      0.05136978439986706,
      0.04430873412638903,
      0.07407130021601915,
      0.07136380486190319,
      0.07284162659198046,
      0.07025537826120853,
      0.07157653477042913,
      0.0702581238001585,
      0.08638564869761467,
      0.08074443973600864,
      0.07208222709596157,
      0.1417988520115614,
      0.14589254558086395,
      0.1564594144001603,
      0.14878269657492638,
      0.09649284090846777
    ],
    "start_timestamps": [
      "2026-07-23 19:03:57.001319+00:00",
      "2026-07-23 19:03:57.028220+00:00",
      "2026-07-23 19:03:57.067573+00:00",
      "2026-07-23 19:03:57.116446+00:00",
      "2026-07-23 19:03:57.167854+00:00",
      "2026-07-23 19:03:57.212209+00:00",
      "2026-07-23 19:03:57.286325+00:00",
      "2026-07-23 19:03:57.357724+00:00",
      "2026-07-23 19:03:57.430608+00:00",
      "2026-07-23 19:03:57.500904+00:00",
      "2026-07-23 19:03:57.572520+00:00",
      "2026-07-23 19:03:57.642821+00:00",
      "2026-07-23 19:03:57.729247+00:00",
      "2026-07-23 19:03:57.810027+00:00",
      "2026-07-23 19:03:57.882152+00:00",
      "2026-07-23 19:03:58.024024+00:00",
      "2026-07-23 19:03:58.169973+00:00",
      "2026-07-23 19:03:58.326477+00:00",
      "2026-07-23 19:03:58.475307+00:00"
    ]
  },
  "ocr": {
    "scope": "page",
    "count": 19,
    "times": [
      0.1410675859078765,
      0.13374402094632387,
      0.1325373211875558,
      0.1426069624722004,
      0.17423918936401606,
      2.2128806049004197,
      1.6588995903730392,
      1.5214571077376604,
      1.081118168309331,
      0.9250212460756302,
      1.0229097437113523,
      1.0359808653593063,
      1.1241250215098262,
      1.1687924806028605,
      1.3476408142596483,
      1.268229733221233,
      1.1169290281832218,
      1.086690817028284,
      0.9684229427948594
    ],
    "start_timestamps": [
      "2026-07-23 19:03:57.028464+00:00",
      "2026-07-23 19:03:57.169563+00:00",
      "2026-07-23 19:03:57.303318+00:00",
      "2026-07-23 19:03:57.435867+00:00",
      "2026-07-23 19:03:57.578522+00:00",
      "2026-07-23 19:03:57.752774+00:00",
      "2026-07-23 19:03:59.965673+00:00",
      "2026-07-23 19:04:01.624589+00:00",
      "2026-07-23 19:04:03.146061+00:00",
      "2026-07-23 19:04:04.227195+00:00",
      "2026-07-23 19:04:05.152339+00:00",
      "2026-07-23 19:04:06.175264+00:00",
      "2026-07-23 19:04:07.211261+00:00",
      "2026-07-23 19:04:08.335413+00:00",
      "2026-07-23 19:04:09.504222+00:00",
      "2026-07-23 19:04:10.851878+00:00",
      "2026-07-23 19:04:12.120123+00:00",
      "2026-07-23 19:04:13.237068+00:00",
      "2026-07-23 19:04:14.323774+00:00"
    ]
  },
  "layout": {
    "scope": "page",
    "count": 4,
    "times": [
      0.0800541415810585,
      0.09681582823395729,
      0.074443019926548,
      0.09723206236958504
    ],
    "start_timestamps": [
      "2026-07-23 19:03:57.169657+00:00",
      "2026-07-23 19:03:57.578611+00:00",
      "2026-07-23 19:04:05.152443+00:00",
      "2026-07-23 19:04:15.292408+00:00"
    ]
  },
  "table_structure": {
    "scope": "page",
    "count": 19,
    "times": [
      1.3465061783790588e-05,
      1.8514692783355713e-05,
      1.4064698787406087,
      3.4437165688723326,
      0.25243533216416836,
      0.00010556913912296295,
      2.1309591829776764e-05,
      1.862458884716034e-05,
      5.2658841013908386e-05,
      1.7663463950157166e-05,
      2.307351678609848e-05,
      1.0630115866661072e-05,
      8.916482329368591e-06,
      4.6389177441596985e-06,
      7.724389433860779e-06,
      5.110166966915131e-06,
      5.189329385757446e-06,
      4.0065497159957886e-06,
      5.931593477725983e-06
    ],
    "start_timestamps": [
      "2026-07-23 19:03:57.286782+00:00",
      "2026-07-23 19:03:57.810567+00:00",
      "2026-07-23 19:03:57.810590+00:00",
      "2026-07-23 19:03:59.217080+00:00",
      "2026-07-23 19:04:05.244362+00:00",
      "2026-07-23 19:04:05.496885+00:00",
      "2026-07-23 19:04:05.496994+00:00",
      "2026-07-23 19:04:05.497022+00:00",
      "2026-07-23 19:04:05.497673+00:00",
      "2026-07-23 19:04:05.497737+00:00",
      "2026-07-23 19:04:15.410526+00:00",
      "2026-07-23 19:04:15.410554+00:00",
      "2026-07-23 19:04:15.410575+00:00",
      "2026-07-23 19:04:15.410587+00:00",
      "2026-07-23 19:04:15.410635+00:00",
      "2026-07-23 19:04:15.410647+00:00",
      "2026-07-23 19:04:15.410655+00:00",
      "2026-07-23 19:04:15.410664+00:00",
      "2026-07-23 19:04:15.410692+00:00"
    ]
  },
  "page_assemble": {
    "scope": "page",
    "count": 19,
    "times": [
      8.84057953953743e-05,
      0.00022742804139852524,
      0.00017079152166843414,
      2.9034912586212158e-05,
      0.00047105737030506134,
      7.349811494350433e-05,
      2.9715709388256073e-05,
      2.784188836812973e-05,
      2.615898847579956e-05,
      2.498738467693329e-05,
      6.095506250858307e-05,
      4.181917756795883e-05,
      2.997554838657379e-05,
      2.7791596949100494e-05,
      2.5177374482154846e-05,
      2.56979838013649e-05,
      2.4305656552314758e-05,
      2.371426671743393e-05,
      2.339482307434082e-05
    ],
    "start_timestamps": [
      "2026-07-23 19:03:57.286870+00:00",
      "2026-07-23 19:04:02.660951+00:00",
      "2026-07-23 19:04:02.661218+00:00",
      "2026-07-23 19:04:02.661422+00:00",
      "2026-07-23 19:04:05.497908+00:00",
      "2026-07-23 19:04:05.498500+00:00",
      "2026-07-23 19:04:05.498594+00:00",
      "2026-07-23 19:04:05.498642+00:00",
      "2026-07-23 19:04:05.498686+00:00",
      "2026-07-23 19:04:05.498730+00:00",
      "2026-07-23 19:04:15.410773+00:00",
      "2026-07-23 19:04:15.410866+00:00",
      "2026-07-23 19:04:15.410931+00:00",
      "2026-07-23 19:04:15.410981+00:00",
      "2026-07-23 19:04:15.411027+00:00",
      "2026-07-23 19:04:15.411071+00:00",
      "2026-07-23 19:04:15.411115+00:00",
      "2026-07-23 19:04:15.411156+00:00",
      "2026-07-23 19:04:15.411197+00:00"
    ]
  },
  "doc_assemble": {
    "scope": "document",
    "count": 1,
    "times": [
      0.02707555890083313
    ],
    "start_timestamps": [
      "2026-07-23 19:04:15.411421+00:00"
    ]
  },
  "reading_order": {
    "scope": "document",
    "count": 1,
    "times": [
      0.026626394130289555
    ],
    "start_timestamps": [
      "2026-07-23 19:04:15.411480+00:00"
    ]
  },
  "doc_enrich": {
    "scope": "document",
    "count": 1,
    "times": [
      10.951043157838285
    ],
    "start_timestamps": [
      "2026-07-23 19:04:15.438522+00:00"
    ]
  }
}
Function parse_pdf took 59.8600 seconds to execute.
Running: get_tables
Function get_tables took 0.0000 seconds to execute.
Running: get_surrounding_paragraphs
Function get_surrounding_paragraphs took 0.0000 seconds to execute.
