Running: parse_pdf
Raw PDF conversion timings:
{
  "pipeline_total": {
    "scope": "document",
    "count": 1,
    "times": [
      7.937915385700762
    ],
    "start_timestamps": [
      "2026-07-23 16:07:25.850105+00:00"
    ]
  },
  "page_parse": {
    "scope": "page",
    "count": 5,
    "times": [
      0.10146594699472189,
      0.11447094567120075,
      0.13142303749918938,
      0.12716429587453604,
      0.15049545094370842
    ],
    "start_timestamps": [
      "2026-07-23 16:07:25.854268+00:00",
      "2026-07-23 16:07:25.955774+00:00",
      "2026-07-23 16:07:26.070284+00:00",
      "2026-07-23 16:07:26.201749+00:00",
      "2026-07-23 16:07:26.328956+00:00"
    ]
  },
  "ocr": {
    "scope": "page",
    "count": 5,
    "times": [
      0.12485895957797766,
      0.12938264943659306,
      3.1923597045242786,
      2.619461879134178,
      0.12670031283050776
    ],
    "start_timestamps": [
      "2026-07-23 16:07:25.956057+00:00",
      "2026-07-23 16:07:26.080950+00:00",
      "2026-07-23 16:07:26.210365+00:00",
      "2026-07-23 16:07:29.402795+00:00",
      "2026-07-23 16:07:32.022272+00:00"
    ]
  },
  "layout": {
    "scope": "page",
    "count": 4,
    "times": [
      0.1351875700056553,
      0.09753682557493448,
      0.026684493757784367,
      0.05702463537454605
    ],
    "start_timestamps": [
      "2026-07-23 16:07:26.081029+00:00",
      "2026-07-23 16:07:26.245039+00:00",
      "2026-07-23 16:07:29.402857+00:00",
      "2026-07-23 16:07:32.149117+00:00"
    ]
  },
  "table_structure": {
    "scope": "page",
    "count": 5,
    "times": [
      1.4087185263633728e-05,
      2.1710991859436035e-05,
      0.7313605342060328,
      3.100931644439697e-05,
      1.2514181435108185e-05
    ],
    "start_timestamps": [
      "2026-07-23 16:07:26.245172+00:00",
      "2026-07-23 16:07:26.479724+00:00",
      "2026-07-23 16:07:29.448175+00:00",
      "2026-07-23 16:07:32.313283+00:00",
      "2026-07-23 16:07:32.313319+00:00"
    ]
  },
  "page_assemble": {
    "scope": "page",
    "count": 5,
    "times": [
      0.00022711697965860367,
      0.00033990945667028427,
      0.00022161658853292465,
      0.00014601368457078934,
      0.0004251701757311821
    ],
    "start_timestamps": [
      "2026-07-23 16:07:26.245253+00:00",
      "2026-07-23 16:07:26.479788+00:00",
      "2026-07-23 16:07:30.184961+00:00",
      "2026-07-23 16:07:32.313423+00:00",
      "2026-07-23 16:07:32.313604+00:00"
    ]
  },
  "doc_assemble": {
    "scope": "document",
    "count": 1,
    "times": [
      0.02197458315640688
    ],
    "start_timestamps": [
      "2026-07-23 16:07:32.314207+00:00"
    ]
  },
  "reading_order": {
    "scope": "document",
    "count": 1,
    "times": [
      0.021577044390141964
    ],
    "start_timestamps": [
      "2026-07-23 16:07:32.314270+00:00"
    ]
  },
  "doc_enrich": {
    "scope": "document",
    "count": 1,
    "times": [
      1.4518048306927085
    ],
    "start_timestamps": [
      "2026-07-23 16:07:32.336204+00:00"
    ]
  }
}
All hyperlinked elements redacted in-memory.
Clean PDF conversion timings:
{
  "pipeline_total": {
    "scope": "document",
    "count": 1,
    "times": [
      7.591915754601359
    ],
    "start_timestamps": [
      "2026-07-23 16:07:33.813940+00:00"
    ]
  },
  "page_parse": {
    "scope": "page",
    "count": 5,
    "times": [
      0.10166047420352697,
      0.11312045343220234,
      0.13026457838714123,
      0.12781597208231688,
      0.1507470440119505
    ],
    "start_timestamps": [
      "2026-07-23 16:07:33.817998+00:00",
      "2026-07-23 16:07:33.919700+00:00",
      "2026-07-23 16:07:34.032862+00:00",
      "2026-07-23 16:07:34.163168+00:00",
      "2026-07-23 16:07:34.291028+00:00"
    ]
  },
  "ocr": {
    "scope": "page",
    "count": 5,
    "times": [
      0.1243907967582345,
      0.12907269597053528,
      2.954369050450623,
      2.5017382949590683,
      0.12700356356799603
    ],
    "start_timestamps": [
      "2026-07-23 16:07:33.919997+00:00",
      "2026-07-23 16:07:34.044428+00:00",
      "2026-07-23 16:07:34.173533+00:00",
      "2026-07-23 16:07:37.127983+00:00",
      "2026-07-23 16:07:39.629740+00:00"
    ]
  },
  "layout": {
    "scope": "page",
    "count": 4,
    "times": [
      0.1343246167525649,
      0.09659148659557104,
      0.025276685133576393,
      0.05712147802114487
    ],
    "start_timestamps": [
      "2026-07-23 16:07:34.044507+00:00",
      "2026-07-23 16:07:34.207508+00:00",
      "2026-07-23 16:07:37.128055+00:00",
      "2026-07-23 16:07:39.756886+00:00"
    ]
  },
  "table_structure": {
    "scope": "page",
    "count": 5,
    "times": [
      1.7583370208740234e-05,
      2.3404136300086975e-05,
      0.6972419144585729,
      2.7793459594249725e-05,
      1.2021511793136597e-05
    ],
    "start_timestamps": [
      "2026-07-23 16:07:34.207589+00:00",
      "2026-07-23 16:07:34.442074+00:00",
      "2026-07-23 16:07:37.171735+00:00",
      "2026-07-23 16:07:39.922280+00:00",
      "2026-07-23 16:07:39.922312+00:00"
    ]
  },
  "page_assemble": {
    "scope": "page",
    "count": 5,
    "times": [
      0.00021051522344350815,
      0.00028489623218774796,
      0.000256572850048542,
      0.0001212581992149353,
      0.0003500496968626976
    ],
    "start_timestamps": [
      "2026-07-23 16:07:34.207737+00:00",
      "2026-07-23 16:07:34.442138+00:00",
      "2026-07-23 16:07:37.869268+00:00",
      "2026-07-23 16:07:39.922530+00:00",
      "2026-07-23 16:07:39.922680+00:00"
    ]
  },
  "doc_assemble": {
    "scope": "document",
    "count": 1,
    "times": [
      0.022014157846570015
    ],
    "start_timestamps": [
      "2026-07-23 16:07:39.923200+00:00"
    ]
  },
  "reading_order": {
    "scope": "document",
    "count": 1,
    "times": [
      0.021565333008766174
    ],
    "start_timestamps": [
      "2026-07-23 16:07:39.923269+00:00"
    ]
  },
  "doc_enrich": {
    "scope": "document",
    "count": 1,
    "times": [
      1.460597513243556
    ],
    "start_timestamps": [
      "2026-07-23 16:07:39.945245+00:00"
    ]
  }
}
Function parse_pdf took 15.5991 seconds to execute.
Running: get_tables
Function get_tables took 0.0000 seconds to execute.
Running: get_surrounding_paragraphs
Function get_surrounding_paragraphs took 0.0000 seconds to execute.
