Running: parse_pdf
Raw PDF conversion timings:
{
  "pipeline_total": {
    "scope": "document",
    "count": 1,
    "times": [
      53.900841175578535
    ],
    "start_timestamps": [
      "2026-07-23 19:05:57.217099+00:00"
    ]
  },
  "page_parse": {
    "scope": "page",
    "count": 6,
    "times": [
      0.12941978219896555,
      0.10389180667698383,
      0.13456609472632408,
      0.13892249204218388,
      0.14497080259025097,
      0.053638397715985775
    ],
    "start_timestamps": [
      "2026-07-23 19:05:57.226658+00:00",
      "2026-07-23 19:05:57.356120+00:00",
      "2026-07-23 19:05:57.460054+00:00",
      "2026-07-23 19:05:57.594663+00:00",
      "2026-07-23 19:05:57.733633+00:00",
      "2026-07-23 19:05:57.878645+00:00"
    ]
  },
  "ocr": {
    "scope": "page",
    "count": 6,
    "times": [
      1.0399658121168613,
      0.16148000676184893,
      0.6252305386587977,
      1.3613240430131555,
      0.6225300384685397,
      0.1249756095930934
    ],
    "start_timestamps": [
      "2026-07-23 19:05:57.356505+00:00",
      "2026-07-23 19:05:58.396518+00:00",
      "2026-07-23 19:05:58.558007+00:00",
      "2026-07-23 19:05:59.183254+00:00",
      "2026-07-23 19:06:00.544594+00:00",
      "2026-07-23 19:06:01.167138+00:00"
    ]
  },
  "layout": {
    "scope": "page",
    "count": 2,
    "times": [
      0.06941701844334602,
      0.07698352448642254
    ],
    "start_timestamps": [
      "2026-07-23 19:05:58.396597+00:00",
      "2026-07-23 19:06:01.292287+00:00"
    ]
  },
  "table_structure": {
    "scope": "page",
    "count": 6,
    "times": [
      1.8355436623096466e-05,
      3.097858279943466e-05,
      1.0330229997634888e-05,
      0.7165743857622147,
      3.3563002943992615e-05,
      1.9176863133907318e-05
    ],
    "start_timestamps": [
      "2026-07-23 19:05:58.549152+00:00",
      "2026-07-23 19:06:01.729412+00:00",
      "2026-07-23 19:06:01.729449+00:00",
      "2026-07-23 19:06:01.729463+00:00",
      "2026-07-23 19:06:02.446055+00:00",
      "2026-07-23 19:06:02.446412+00:00"
    ]
  },
  "page_assemble": {
    "scope": "page",
    "count": 6,
    "times": [
      0.0030355118215084076,
      0.0011881859973073006,
      0.0019440492615103722,
      0.0013282103464007378,
      0.005287127569317818,
      0.006344747729599476
    ],
    "start_timestamps": [
      "2026-07-23 19:05:58.549238+00:00",
      "2026-07-23 19:06:02.446511+00:00",
      "2026-07-23 19:06:02.447731+00:00",
      "2026-07-23 19:06:02.449698+00:00",
      "2026-07-23 19:06:02.451048+00:00",
      "2026-07-23 19:06:02.456361+00:00"
    ]
  },
  "doc_assemble": {
    "scope": "document",
    "count": 1,
    "times": [
      0.03741855826228857
    ],
    "start_timestamps": [
      "2026-07-23 19:06:02.462868+00:00"
    ]
  },
  "reading_order": {
    "scope": "document",
    "count": 1,
    "times": [
      0.036925770342350006
    ],
    "start_timestamps": [
      "2026-07-23 19:06:02.462993+00:00"
    ]
  },
  "doc_enrich": {
    "scope": "document",
    "count": 1,
    "times": [
      48.61760458070785
    ],
    "start_timestamps": [
      "2026-07-23 19:06:02.500311+00:00"
    ]
  }
}
All hyperlinked elements redacted in-memory.
Clean PDF conversion timings:
{
  "pipeline_total": {
    "scope": "document",
    "count": 1,
    "times": [
      52.82793126348406
    ],
    "start_timestamps": [
      "2026-07-23 19:06:51.472015+00:00"
    ]
  },
  "page_parse": {
    "scope": "page",
    "count": 6,
    "times": [
      0.12100390065461397,
      0.1009715124964714,
      0.12713941279798746,
      0.11646134406328201,
      0.127966970205307,
      0.07388893980532885
    ],
    "start_timestamps": [
      "2026-07-23 19:06:51.480956+00:00",
      "2026-07-23 19:06:51.602004+00:00",
      "2026-07-23 19:06:51.703020+00:00",
      "2026-07-23 19:06:51.830202+00:00",
      "2026-07-23 19:06:51.946713+00:00",
      "2026-07-23 19:06:52.074733+00:00"
    ]
  },
  "ocr": {
    "scope": "page",
    "count": 6,
    "times": [
      1.0083033461123705,
      0.14128834195435047,
      0.6076644165441394,
      1.2898447113111615,
      0.625380165874958,
      0.127635826356709
    ],
    "start_timestamps": [
      "2026-07-23 19:06:51.602338+00:00",
      "2026-07-23 19:06:52.610711+00:00",
      "2026-07-23 19:06:52.752008+00:00",
      "2026-07-23 19:06:53.359689+00:00",
      "2026-07-23 19:06:54.649549+00:00",
      "2026-07-23 19:06:55.274945+00:00"
    ]
  },
  "layout": {
    "scope": "page",
    "count": 2,
    "times": [
      0.06562633626163006,
      0.0778740281239152
    ],
    "start_timestamps": [
      "2026-07-23 19:06:52.610788+00:00",
      "2026-07-23 19:06:55.402751+00:00"
    ]
  },
  "table_structure": {
    "scope": "page",
    "count": 6,
    "times": [
      1.828465610742569e-05,
      3.784056752920151e-05,
      1.0379590094089508e-05,
      0.7084935000166297,
      2.1531246602535248e-05,
      1.0288320481777191e-05
    ],
    "start_timestamps": [
      "2026-07-23 19:06:52.742275+00:00",
      "2026-07-23 19:06:55.829376+00:00",
      "2026-07-23 19:06:55.829419+00:00",
      "2026-07-23 19:06:55.829433+00:00",
      "2026-07-23 19:06:56.537943+00:00",
      "2026-07-23 19:06:56.538143+00:00"
    ]
  },
  "page_assemble": {
    "scope": "page",
    "count": 6,
    "times": [
      0.000784045085310936,
      0.0005726777017116547,
      0.0007579252123832703,
      0.00063273124396801,
      0.0012024212628602982,
      0.00015207752585411072
    ],
    "start_timestamps": [
      "2026-07-23 19:06:52.742362+00:00",
      "2026-07-23 19:06:56.538230+00:00",
      "2026-07-23 19:06:56.538840+00:00",
      "2026-07-23 19:06:56.539620+00:00",
      "2026-07-23 19:06:56.540278+00:00",
      "2026-07-23 19:06:56.541501+00:00"
    ]
  },
  "doc_assemble": {
    "scope": "document",
    "count": 1,
    "times": [
      0.03973963297903538
    ],
    "start_timestamps": [
      "2026-07-23 19:06:56.541822+00:00"
    ]
  },
  "reading_order": {
    "scope": "document",
    "count": 1,
    "times": [
      0.039240555837750435
    ],
    "start_timestamps": [
      "2026-07-23 19:06:56.541928+00:00"
    ]
  },
  "doc_enrich": {
    "scope": "document",
    "count": 1,
    "times": [
      47.718319134786725
    ],
    "start_timestamps": [
      "2026-07-23 19:06:56.581586+00:00"
    ]
  }
}
Function parse_pdf took 107.5015 seconds to execute.
Running: get_tables
Function get_tables took 0.0001 seconds to execute.
Running: get_surrounding_paragraphs
Function get_surrounding_paragraphs took 0.0001 seconds to execute.
