Running: parse_pdf
Raw PDF conversion timings:
{
  "pipeline_total": {
    "scope": "document",
    "count": 1,
    "times": [
      3.9040755527094007
    ],
    "start_timestamps": [
      "2026-07-17 21:34:34.877278+00:00"
    ]
  },
  "page_parse": {
    "scope": "page",
    "count": 5,
    "times": [
      0.14803918357938528,
      0.09855363424867392,
      0.17700802627950907,
      0.1273490497842431,
      0.07545725163072348
    ],
    "start_timestamps": [
      "2026-07-17 21:34:34.882912+00:00",
      "2026-07-17 21:34:35.030995+00:00",
      "2026-07-17 21:34:35.129589+00:00",
      "2026-07-17 21:34:35.306645+00:00",
      "2026-07-17 21:34:35.434037+00:00"
    ]
  },
  "ocr": {
    "scope": "page",
    "count": 5,
    "times": [
      1.6636921186000109,
      0.1424040300771594,
      1.0895380191504955,
      0.1292425123974681,
      0.13048159517347813
    ],
    "start_timestamps": [
      "2026-07-17 21:34:35.031328+00:00",
      "2026-07-17 21:34:36.695083+00:00",
      "2026-07-17 21:34:36.837497+00:00",
      "2026-07-17 21:34:37.927052+00:00",
      "2026-07-17 21:34:38.056304+00:00"
    ]
  },
  "layout": {
    "scope": "page",
    "count": 2,
    "times": [
      0.07540934160351753,
      0.07324895728379488
    ],
    "start_timestamps": [
      "2026-07-17 21:34:36.695307+00:00",
      "2026-07-17 21:34:38.186908+00:00"
    ]
  },
  "table_structure": {
    "scope": "page",
    "count": 5,
    "times": [
      2.133939415216446e-05,
      3.173947334289551e-05,
      1.4546327292919159e-05,
      1.416727900505066e-05,
      1.488812267780304e-05
    ],
    "start_timestamps": [
      "2026-07-17 21:34:36.827149+00:00",
      "2026-07-17 21:34:38.503532+00:00",
      "2026-07-17 21:34:38.503569+00:00",
      "2026-07-17 21:34:38.503587+00:00",
      "2026-07-17 21:34:38.503606+00:00"
    ]
  },
  "page_assemble": {
    "scope": "page",
    "count": 5,
    "times": [
      0.0017071627080440521,
      0.0011094165965914726,
      0.0008381670340895653,
      0.007543325424194336,
      0.01746317185461521
    ],
    "start_timestamps": [
      "2026-07-17 21:34:36.827222+00:00",
      "2026-07-17 21:34:38.503731+00:00",
      "2026-07-17 21:34:38.504868+00:00",
      "2026-07-17 21:34:38.505726+00:00",
      "2026-07-17 21:34:38.513297+00:00"
    ]
  },
  "doc_assemble": {
    "scope": "document",
    "count": 1,
    "times": [
      0.24644537083804607
    ],
    "start_timestamps": [
      "2026-07-17 21:34:38.530942+00:00"
    ]
  },
  "reading_order": {
    "scope": "document",
    "count": 1,
    "times": [
      0.24586666282266378
    ],
    "start_timestamps": [
      "2026-07-17 21:34:38.531073+00:00"
    ]
  },
  "doc_enrich": {
    "scope": "document",
    "count": 1,
    "times": [
      0.003927241079509258
    ],
    "start_timestamps": [
      "2026-07-17 21:34:38.777421+00:00"
    ]
  }
}
All hyperlinked elements redacted in-memory.
Clean PDF conversion timings:
{
  "pipeline_total": {
    "scope": "document",
    "count": 1,
    "times": [
      3.8230984015390277
    ],
    "start_timestamps": [
      "2026-07-17 21:34:38.934084+00:00"
    ]
  },
  "page_parse": {
    "scope": "page",
    "count": 5,
    "times": [
      0.15007414482533932,
      0.09882601629942656,
      0.1740964176133275,
      0.11596654076129198,
      0.07690013851970434
    ],
    "start_timestamps": [
      "2026-07-17 21:34:38.939451+00:00",
      "2026-07-17 21:34:39.089569+00:00",
      "2026-07-17 21:34:39.188445+00:00",
      "2026-07-17 21:34:39.362582+00:00",
      "2026-07-17 21:34:39.478595+00:00"
    ]
  },
  "ocr": {
    "scope": "page",
    "count": 5,
    "times": [
      1.6079362500458956,
      0.14039595052599907,
      1.1168089359998703,
      0.12606125697493553,
      0.12902644649147987
    ],
    "start_timestamps": [
      "2026-07-17 21:34:39.089899+00:00",
      "2026-07-17 21:34:40.697895+00:00",
      "2026-07-17 21:34:40.838312+00:00",
      "2026-07-17 21:34:41.955137+00:00",
      "2026-07-17 21:34:42.081218+00:00"
    ]
  },
  "layout": {
    "scope": "page",
    "count": 2,
    "times": [
      0.07128533162176609,
      0.07202675752341747
    ],
    "start_timestamps": [
      "2026-07-17 21:34:40.698071+00:00",
      "2026-07-17 21:34:42.210458+00:00"
    ]
  },
  "table_structure": {
    "scope": "page",
    "count": 5,
    "times": [
      2.565886825323105e-05,
      2.958625555038452e-05,
      1.3635493814945221e-05,
      1.3626180589199066e-05,
      1.527741551399231e-05
    ],
    "start_timestamps": [
      "2026-07-17 21:34:40.830194+00:00",
      "2026-07-17 21:34:42.488990+00:00",
      "2026-07-17 21:34:42.489024+00:00",
      "2026-07-17 21:34:42.489042+00:00",
      "2026-07-17 21:34:42.489059+00:00"
    ]
  },
  "page_assemble": {
    "scope": "page",
    "count": 5,
    "times": [
      0.0004508979618549347,
      0.0005656043067574501,
      0.00043644197285175323,
      0.0004040999338030815,
      0.0009684432297945023
    ],
    "start_timestamps": [
      "2026-07-17 21:34:40.830271+00:00",
      "2026-07-17 21:34:42.489174+00:00",
      "2026-07-17 21:34:42.489774+00:00",
      "2026-07-17 21:34:42.490229+00:00",
      "2026-07-17 21:34:42.490652+00:00"
    ]
  },
  "doc_assemble": {
    "scope": "document",
    "count": 1,
    "times": [
      0.26107263658195734
    ],
    "start_timestamps": [
      "2026-07-17 21:34:42.491778+00:00"
    ]
  },
  "reading_order": {
    "scope": "document",
    "count": 1,
    "times": [
      0.2604983141645789
    ],
    "start_timestamps": [
      "2026-07-17 21:34:42.491883+00:00"
    ]
  },
  "doc_enrich": {
    "scope": "document",
    "count": 1,
    "times": [
      0.004301984794437885
    ],
    "start_timestamps": [
      "2026-07-17 21:34:42.752876+00:00"
    ]
  }
}
Function parse_pdf took 8.0400 seconds to execute.
Running: get_tables
Function get_tables took 0.0001 seconds to execute.
Running: get_surrounding_paragraphs
Function get_surrounding_paragraphs took 0.0001 seconds to execute.
