Running: parse_pdf
Raw PDF conversion timings:
{
  "pipeline_total": {
    "scope": "document",
    "count": 1,
    "times": [
      112.85809127893299
    ],
    "start_timestamps": [
      "2026-07-17 18:13:14.522371+00:00"
    ]
  },
  "page_parse": {
    "scope": "page",
    "count": 7,
    "times": [
      0.12993947882205248,
      0.15566683560609818,
      0.1499820202589035,
      0.2287067547440529,
      0.2679129745811224,
      0.17720034159719944,
      0.14397178124636412
    ],
    "start_timestamps": [
      "2026-07-17 18:13:14.527381+00:00",
      "2026-07-17 18:13:14.657365+00:00",
      "2026-07-17 18:13:14.813073+00:00",
      "2026-07-17 18:13:14.963103+00:00",
      "2026-07-17 18:13:15.191859+00:00",
      "2026-07-17 18:13:15.459820+00:00",
      "2026-07-17 18:13:15.637072+00:00"
    ]
  },
  "ocr": {
    "scope": "page",
    "count": 7,
    "times": [
      0.15799387358129025,
      0.1558544496074319,
      0.2290351828560233,
      1.0074541326612234,
      1.1542985485866666,
      0.13175125792622566,
      0.1191373635083437
    ],
    "start_timestamps": [
      "2026-07-17 18:13:14.657707+00:00",
      "2026-07-17 18:13:14.815745+00:00",
      "2026-07-17 18:13:14.971645+00:00",
      "2026-07-17 18:13:15.200711+00:00",
      "2026-07-17 18:13:16.208227+00:00",
      "2026-07-17 18:13:17.362541+00:00",
      "2026-07-17 18:13:17.494303+00:00"
    ]
  },
  "layout": {
    "scope": "page",
    "count": 5,
    "times": [
      0.1822992954403162,
      0.03246564604341984,
      0.15202951151877642,
      0.0427378723397851,
      0.06529964506626129
    ],
    "start_timestamps": [
      "2026-07-17 18:13:14.815821+00:00",
      "2026-07-17 18:13:15.192483+00:00",
      "2026-07-17 18:13:15.642023+00:00",
      "2026-07-17 18:13:16.208314+00:00",
      "2026-07-17 18:13:17.613633+00:00"
    ]
  },
  "table_structure": {
    "scope": "page",
    "count": 7,
    "times": [
      1.6461126506328583e-05,
      2.1619722247123718e-05,
      1.0534210819751024,
      0.6751477988436818,
      2.6810914278030396e-05,
      7.834285497665405e-06,
      0.7358702709898353
    ],
    "start_timestamps": [
      "2026-07-17 18:13:15.192605+00:00",
      "2026-07-17 18:13:15.642099+00:00",
      "2026-07-17 18:13:15.859150+00:00",
      "2026-07-17 18:13:16.912925+00:00",
      "2026-07-17 18:13:17.891744+00:00",
      "2026-07-17 18:13:17.891774+00:00",
      "2026-07-17 18:13:17.891786+00:00"
    ]
  },
  "page_assemble": {
    "scope": "page",
    "count": 7,
    "times": [
      0.000393119640648365,
      0.0004657767713069916,
      0.00038383156061172485,
      0.0004081679508090019,
      0.0006902292370796204,
      0.0005833068862557411,
      0.00028600823134183884
    ],
    "start_timestamps": [
      "2026-07-17 18:13:15.192716+00:00",
      "2026-07-17 18:13:15.642161+00:00",
      "2026-07-17 18:13:16.913811+00:00",
      "2026-07-17 18:13:17.588325+00:00",
      "2026-07-17 18:13:18.627949+00:00",
      "2026-07-17 18:13:18.628673+00:00",
      "2026-07-17 18:13:18.629279+00:00"
    ]
  },
  "doc_assemble": {
    "scope": "document",
    "count": 1,
    "times": [
      0.03247201815247536
    ],
    "start_timestamps": [
      "2026-07-17 18:13:18.629810+00:00"
    ]
  },
  "reading_order": {
    "scope": "document",
    "count": 1,
    "times": [
      0.03176842350512743
    ],
    "start_timestamps": [
      "2026-07-17 18:13:18.630106+00:00"
    ]
  },
  "doc_enrich": {
    "scope": "document",
    "count": 1,
    "times": [
      108.718066977337
    ],
    "start_timestamps": [
      "2026-07-17 18:13:18.662306+00:00"
    ]
  }
}
All hyperlinked elements redacted in-memory.
Clean PDF conversion timings:
{
  "pipeline_total": {
    "scope": "document",
    "count": 1,
    "times": [
      113.09017283283174
    ],
    "start_timestamps": [
      "2026-07-17 18:15:07.450685+00:00"
    ]
  },
  "page_parse": {
    "scope": "page",
    "count": 7,
    "times": [
      0.13382363505661488,
      0.15725680626928806,
      0.13118174485862255,
      0.1969685349613428,
      0.22765436209738255,
      0.1132036978378892,
      0.48178352881222963
    ],
    "start_timestamps": [
      "2026-07-17 18:15:07.456129+00:00",
      "2026-07-17 18:15:07.589994+00:00",
      "2026-07-17 18:15:07.747294+00:00",
      "2026-07-17 18:15:07.878516+00:00",
      "2026-07-17 18:15:08.075527+00:00",
      "2026-07-17 18:15:08.303227+00:00",
      "2026-07-17 18:15:08.416475+00:00"
    ]
  },
  "ocr": {
    "scope": "page",
    "count": 7,
    "times": [
      0.1593080349266529,
      0.13619650900363922,
      0.19646586943417788,
      1.225771876052022,
      1.321611481718719,
      0.12519074231386185,
      0.11994117498397827
    ],
    "start_timestamps": [
      "2026-07-17 18:15:07.590418+00:00",
      "2026-07-17 18:15:07.749768+00:00",
      "2026-07-17 18:15:07.885996+00:00",
      "2026-07-17 18:15:08.082497+00:00",
      "2026-07-17 18:15:09.308340+00:00",
      "2026-07-17 18:15:10.629969+00:00",
      "2026-07-17 18:15:10.755179+00:00"
    ]
  },
  "layout": {
    "scope": "page",
    "count": 4,
    "times": [
      0.3419399857521057,
      0.7764836996793747,
      0.0554791372269392,
      0.06661038100719452
    ],
    "start_timestamps": [
      "2026-07-17 18:15:07.749874+00:00",
      "2026-07-17 18:15:08.126336+00:00",
      "2026-07-17 18:15:09.308399+00:00",
      "2026-07-17 18:15:10.875326+00:00"
    ]
  },
  "table_structure": {
    "scope": "page",
    "count": 7,
    "times": [
      2.7340836822986603e-05,
      2.7290545403957367e-05,
      1.0023654056712985,
      0.48886030353605747,
      2.5939196348190308e-05,
      9.267590939998627e-06,
      0.7380229150876403
    ],
    "start_timestamps": [
      "2026-07-17 18:15:08.126510+00:00",
      "2026-07-17 18:15:09.202015+00:00",
      "2026-07-17 18:15:09.202047+00:00",
      "2026-07-17 18:15:10.204720+00:00",
      "2026-07-17 18:15:11.155782+00:00",
      "2026-07-17 18:15:11.155812+00:00",
      "2026-07-17 18:15:11.155826+00:00"
    ]
  },
  "page_assemble": {
    "scope": "page",
    "count": 7,
    "times": [
      0.00028909463435411453,
      0.0005348669365048409,
      0.00026063062250614166,
      0.000380687415599823,
      0.000473962165415287,
      0.0005294866859912872,
      0.00024124328047037125
    ],
    "start_timestamps": [
      "2026-07-17 18:15:08.126614+00:00",
      "2026-07-17 18:15:10.205491+00:00",
      "2026-07-17 18:15:10.206064+00:00",
      "2026-07-17 18:15:10.693897+00:00",
      "2026-07-17 18:15:11.894089+00:00",
      "2026-07-17 18:15:11.894599+00:00",
      "2026-07-17 18:15:11.895148+00:00"
    ]
  },
  "doc_assemble": {
    "scope": "document",
    "count": 1,
    "times": [
      0.03273926116526127
    ],
    "start_timestamps": [
      "2026-07-17 18:15:11.895634+00:00"
    ]
  },
  "reading_order": {
    "scope": "document",
    "count": 1,
    "times": [
      0.03206196520477533
    ],
    "start_timestamps": [
      "2026-07-17 18:15:11.895906+00:00"
    ]
  },
  "doc_enrich": {
    "scope": "document",
    "count": 1,
    "times": [
      108.61238423828036
    ],
    "start_timestamps": [
      "2026-07-17 18:15:11.928411+00:00"
    ]
  }
}
Function parse_pdf took 226.1712 seconds to execute.
Running: get_tables
Function get_tables took 0.0001 seconds to execute.
Running: get_surrounding_paragraphs
Function get_surrounding_paragraphs took 0.0001 seconds to execute.
