Running: parse_pdf
Raw PDF conversion timings:
{
  "pipeline_total": {
    "scope": "document",
    "count": 1,
    "times": [
      5.345733000896871
    ],
    "start_timestamps": [
      "2026-07-23 17:39:42.622132+00:00"
    ]
  },
  "page_parse": {
    "scope": "page",
    "count": 4,
    "times": [
      0.1105942614376545,
      0.11195635329931974,
      0.11189538892358541,
      0.1286745984107256
    ],
    "start_timestamps": [
      "2026-07-23 17:39:42.634262+00:00",
      "2026-07-23 17:39:42.744900+00:00",
      "2026-07-23 17:39:42.856900+00:00",
      "2026-07-23 17:39:42.968837+00:00"
    ]
  },
  "ocr": {
    "scope": "page",
    "count": 4,
    "times": [
      0.13293599896132946,
      2.6723067834973335,
      1.6951715918257833,
      0.12437585834413767
    ],
    "start_timestamps": [
      "2026-07-23 17:39:42.745255+00:00",
      "2026-07-23 17:39:42.878233+00:00",
      "2026-07-23 17:39:45.550631+00:00",
      "2026-07-23 17:39:47.245818+00:00"
    ]
  },
  "layout": {
    "scope": "page",
    "count": 3,
    "times": [
      0.2508967528119683,
      0.026656007394194603,
      0.058011408895254135
    ],
    "start_timestamps": [
      "2026-07-23 17:39:42.878361+00:00",
      "2026-07-23 17:39:45.550691+00:00",
      "2026-07-23 17:39:47.370343+00:00"
    ]
  },
  "table_structure": {
    "scope": "page",
    "count": 4,
    "times": [
      4.007481038570404e-05,
      2.642069011926651e-05,
      3.257114440202713e-05,
      0.29394209664314985
    ],
    "start_timestamps": [
      "2026-07-23 17:39:43.184681+00:00",
      "2026-07-23 17:39:45.628467+00:00",
      "2026-07-23 17:39:47.647913+00:00",
      "2026-07-23 17:39:47.647955+00:00"
    ]
  },
  "page_assemble": {
    "scope": "page",
    "count": 4,
    "times": [
      0.0003464920446276665,
      0.00029898248612880707,
      0.0004716562107205391,
      0.0005700327455997467
    ],
    "start_timestamps": [
      "2026-07-23 17:39:43.184781+00:00",
      "2026-07-23 17:39:45.628534+00:00",
      "2026-07-23 17:39:47.942090+00:00",
      "2026-07-23 17:39:47.942594+00:00"
    ]
  },
  "doc_assemble": {
    "scope": "document",
    "count": 1,
    "times": [
      0.022877024486660957
    ],
    "start_timestamps": [
      "2026-07-23 17:39:47.943341+00:00"
    ]
  },
  "reading_order": {
    "scope": "document",
    "count": 1,
    "times": [
      0.022480329498648643
    ],
    "start_timestamps": [
      "2026-07-23 17:39:47.943397+00:00"
    ]
  },
  "doc_enrich": {
    "scope": "document",
    "count": 1,
    "times": [
      0.0016201790422201157
    ],
    "start_timestamps": [
      "2026-07-23 17:39:47.966239+00:00"
    ]
  }
}
All hyperlinked elements redacted in-memory.
Clean PDF conversion timings:
{
  "pipeline_total": {
    "scope": "document",
    "count": 1,
    "times": [
      4.582967698574066
    ],
    "start_timestamps": [
      "2026-07-23 17:39:48.058226+00:00"
    ]
  },
  "page_parse": {
    "scope": "page",
    "count": 4,
    "times": [
      0.10649245139211416,
      0.10926679242402315,
      0.10948880109935999,
      0.1261465596035123
    ],
    "start_timestamps": [
      "2026-07-23 17:39:48.068416+00:00",
      "2026-07-23 17:39:48.174952+00:00",
      "2026-07-23 17:39:48.284258+00:00",
      "2026-07-23 17:39:48.393788+00:00"
    ]
  },
  "ocr": {
    "scope": "page",
    "count": 4,
    "times": [
      0.1333663985133171,
      2.275808393023908,
      1.361707584001124,
      0.12293731141835451
    ],
    "start_timestamps": [
      "2026-07-23 17:39:48.175239+00:00",
      "2026-07-23 17:39:48.308645+00:00",
      "2026-07-23 17:39:50.584536+00:00",
      "2026-07-23 17:39:51.946259+00:00"
    ]
  },
  "layout": {
    "scope": "page",
    "count": 3,
    "times": [
      0.2452092505991459,
      0.025928297080099583,
      0.05681098997592926
    ],
    "start_timestamps": [
      "2026-07-23 17:39:48.308721+00:00",
      "2026-07-23 17:39:50.584596+00:00",
      "2026-07-23 17:39:52.069369+00:00"
    ]
  },
  "table_structure": {
    "scope": "page",
    "count": 4,
    "times": [
      2.4194829165935516e-05,
      2.382509410381317e-05,
      2.7681700885295868e-05,
      0.29077289160341024
    ],
    "start_timestamps": [
      "2026-07-23 17:39:48.656300+00:00",
      "2026-07-23 17:39:50.665026+00:00",
      "2026-07-23 17:39:52.324604+00:00",
      "2026-07-23 17:39:52.324636+00:00"
    ]
  },
  "page_assemble": {
    "scope": "page",
    "count": 4,
    "times": [
      0.00045623909682035446,
      0.0003633638843894005,
      0.0004317229613661766,
      0.0006076833233237267
    ],
    "start_timestamps": [
      "2026-07-23 17:39:48.656390+00:00",
      "2026-07-23 17:39:50.665091+00:00",
      "2026-07-23 17:39:52.615603+00:00",
      "2026-07-23 17:39:52.616071+00:00"
    ]
  },
  "doc_assemble": {
    "scope": "document",
    "count": 1,
    "times": [
      0.022779551334679127
    ],
    "start_timestamps": [
      "2026-07-23 17:39:52.616851+00:00"
    ]
  },
  "reading_order": {
    "scope": "document",
    "count": 1,
    "times": [
      0.02236971165984869
    ],
    "start_timestamps": [
      "2026-07-23 17:39:52.616907+00:00"
    ]
  },
  "doc_enrich": {
    "scope": "document",
    "count": 1,
    "times": [
      0.001534298062324524
    ],
    "start_timestamps": [
      "2026-07-23 17:39:52.639654+00:00"
    ]
  }
}
Function parse_pdf took 10.1460 seconds to execute.
Running: get_tables
Function get_tables took 0.0000 seconds to execute.
Running: get_surrounding_paragraphs
Function get_surrounding_paragraphs took 0.0000 seconds to execute.
