Running: parse_pdf
Raw PDF conversion timings:
{
  "pipeline_total": {
    "scope": "document",
    "count": 1,
    "times": [
      2.8683419693261385
    ],
    "start_timestamps": [
      "2026-07-23 17:04:20.790476+00:00"
    ]
  },
  "page_parse": {
    "scope": "page",
    "count": 5,
    "times": [
      0.0994382044300437,
      0.11014724150300026,
      0.11876568756997585,
      0.0979717755690217,
      0.10992485377937555
    ],
    "start_timestamps": [
      "2026-07-23 17:04:20.796064+00:00",
      "2026-07-23 17:04:20.895545+00:00",
      "2026-07-23 17:04:21.005730+00:00",
      "2026-07-23 17:04:21.124539+00:00",
      "2026-07-23 17:04:21.222551+00:00"
    ]
  },
  "ocr": {
    "scope": "page",
    "count": 5,
    "times": [
      0.11815492808818817,
      0.13082835264503956,
      1.0449483003467321,
      1.1950437519699335,
      0.11799892503768206
    ],
    "start_timestamps": [
      "2026-07-23 17:04:20.895807+00:00",
      "2026-07-23 17:04:21.013997+00:00",
      "2026-07-23 17:04:21.144866+00:00",
      "2026-07-23 17:04:22.189901+00:00",
      "2026-07-23 17:04:23.384961+00:00"
    ]
  },
  "layout": {
    "scope": "page",
    "count": 4,
    "times": [
      0.2186845662072301,
      0.028691280633211136,
      0.026966925710439682,
      0.05721332225948572
    ],
    "start_timestamps": [
      "2026-07-23 17:04:21.014078+00:00",
      "2026-07-23 17:04:21.333926+00:00",
      "2026-07-23 17:04:22.189962+00:00",
      "2026-07-23 17:04:23.503091+00:00"
    ]
  },
  "table_structure": {
    "scope": "page",
    "count": 5,
    "times": [
      2.1039508283138275e-05,
      2.30325385928154e-05,
      2.3082830011844635e-05,
      2.2662803530693054e-05,
      1.7822720110416412e-05
    ],
    "start_timestamps": [
      "2026-07-23 17:04:21.334054+00:00",
      "2026-07-23 17:04:21.407882+00:00",
      "2026-07-23 17:04:22.240565+00:00",
      "2026-07-23 17:04:23.636517+00:00",
      "2026-07-23 17:04:23.636544+00:00"
    ]
  },
  "page_assemble": {
    "scope": "page",
    "count": 5,
    "times": [
      0.0009337160736322403,
      0.0003446880728006363,
      0.00027582980692386627,
      0.00020852312445640564,
      0.000230373814702034
    ],
    "start_timestamps": [
      "2026-07-23 17:04:21.334145+00:00",
      "2026-07-23 17:04:21.407945+00:00",
      "2026-07-23 17:04:22.240628+00:00",
      "2026-07-23 17:04:23.636635+00:00",
      "2026-07-23 17:04:23.636871+00:00"
    ]
  },
  "doc_assemble": {
    "scope": "document",
    "count": 1,
    "times": [
      0.02017148118466139
    ],
    "start_timestamps": [
      "2026-07-23 17:04:23.637254+00:00"
    ]
  },
  "reading_order": {
    "scope": "document",
    "count": 1,
    "times": [
      0.019776747561991215
    ],
    "start_timestamps": [
      "2026-07-23 17:04:23.637303+00:00"
    ]
  },
  "doc_enrich": {
    "scope": "document",
    "count": 1,
    "times": [
      0.0013645170256495476
    ],
    "start_timestamps": [
      "2026-07-23 17:04:23.657448+00:00"
    ]
  }
}
All hyperlinked elements redacted in-memory.
Clean PDF conversion timings:
{
  "pipeline_total": {
    "scope": "document",
    "count": 1,
    "times": [
      2.848626165650785
    ],
    "start_timestamps": [
      "2026-07-23 17:04:23.720868+00:00"
    ]
  },
  "page_parse": {
    "scope": "page",
    "count": 5,
    "times": [
      0.09434038307517767,
      0.11021881736814976,
      0.11617885064333677,
      0.0977704469114542,
      0.10622432269155979
    ],
    "start_timestamps": [
      "2026-07-23 17:04:23.725566+00:00",
      "2026-07-23 17:04:23.819949+00:00",
      "2026-07-23 17:04:23.930211+00:00",
      "2026-07-23 17:04:24.046442+00:00",
      "2026-07-23 17:04:24.144252+00:00"
    ]
  },
  "ocr": {
    "scope": "page",
    "count": 5,
    "times": [
      0.1196642778813839,
      0.12740204483270645,
      1.0527993012219667,
      1.177348549477756,
      0.1193581921979785
    ],
    "start_timestamps": [
      "2026-07-23 17:04:23.820276+00:00",
      "2026-07-23 17:04:23.939979+00:00",
      "2026-07-23 17:04:24.067431+00:00",
      "2026-07-23 17:04:25.120330+00:00",
      "2026-07-23 17:04:26.297694+00:00"
    ]
  },
  "layout": {
    "scope": "page",
    "count": 4,
    "times": [
      0.21610004268586636,
      0.039620582945644855,
      0.025874990969896317,
      0.057121810503304005
    ],
    "start_timestamps": [
      "2026-07-23 17:04:23.940066+00:00",
      "2026-07-23 17:04:24.252583+00:00",
      "2026-07-23 17:04:25.120390+00:00",
      "2026-07-23 17:04:26.417170+00:00"
    ]
  },
  "table_structure": {
    "scope": "page",
    "count": 5,
    "times": [
      1.650117337703705e-05,
      2.198200672864914e-05,
      1.909583806991577e-05,
      2.570822834968567e-05,
      1.2152828276157379e-05
    ],
    "start_timestamps": [
      "2026-07-23 17:04:24.252690+00:00",
      "2026-07-23 17:04:24.374658+00:00",
      "2026-07-23 17:04:25.168008+00:00",
      "2026-07-23 17:04:26.547607+00:00",
      "2026-07-23 17:04:26.547637+00:00"
    ]
  },
  "page_assemble": {
    "scope": "page",
    "count": 5,
    "times": [
      0.0002755187451839447,
      0.00032681506127119064,
      0.0002457117661833763,
      0.00021455436944961548,
      0.00022909045219421387
    ],
    "start_timestamps": [
      "2026-07-23 17:04:24.252768+00:00",
      "2026-07-23 17:04:24.374723+00:00",
      "2026-07-23 17:04:25.168067+00:00",
      "2026-07-23 17:04:26.547721+00:00",
      "2026-07-23 17:04:26.547964+00:00"
    ]
  },
  "doc_assemble": {
    "scope": "document",
    "count": 1,
    "times": [
      0.019775045104324818
    ],
    "start_timestamps": [
      "2026-07-23 17:04:26.548361+00:00"
    ]
  },
  "reading_order": {
    "scope": "document",
    "count": 1,
    "times": [
      0.01937697734683752
    ],
    "start_timestamps": [
      "2026-07-23 17:04:26.548424+00:00"
    ]
  },
  "doc_enrich": {
    "scope": "document",
    "count": 1,
    "times": [
      0.0013305330649018288
    ],
    "start_timestamps": [
      "2026-07-23 17:04:26.568159+00:00"
    ]
  }
}
Function parse_pdf took 5.8414 seconds to execute.
Running: get_tables
Function get_tables took 0.0000 seconds to execute.
Running: get_surrounding_paragraphs
Function get_surrounding_paragraphs took 0.0000 seconds to execute.
