Running: parse_pdf
Raw PDF conversion timings:
{
  "pipeline_total": {
    "scope": "document",
    "count": 1,
    "times": [
      14.030719196423888
    ],
    "start_timestamps": [
      "2026-07-17 19:43:14.201207+00:00"
    ]
  },
  "page_parse": {
    "scope": "page",
    "count": 9,
    "times": [
      0.1106873843818903,
      0.10837678704410791,
      0.15982747077941895,
      0.13615386374294758,
      0.13873217441141605,
      0.13964312803000212,
      0.1957389898598194,
      0.1186283528804779,
      0.06267661228775978
    ],
    "start_timestamps": [
      "2026-07-17 19:43:14.206915+00:00",
      "2026-07-17 19:43:14.317647+00:00",
      "2026-07-17 19:43:14.426065+00:00",
      "2026-07-17 19:43:14.585940+00:00",
      "2026-07-17 19:43:14.722140+00:00",
      "2026-07-17 19:43:14.860917+00:00",
      "2026-07-17 19:43:15.000603+00:00",
      "2026-07-17 19:43:15.196386+00:00",
      "2026-07-17 19:43:15.315058+00:00"
    ]
  },
  "ocr": {
    "scope": "page",
    "count": 9,
    "times": [
      1.0026277443394065,
      0.17478173319250345,
      1.2021952671930194,
      0.8065401893109083,
      0.7630040347576141,
      1.5926769226789474,
      1.5481835287064314,
      0.13467352837324142,
      0.30506259854882956
    ],
    "start_timestamps": [
      "2026-07-17 19:43:14.318009+00:00",
      "2026-07-17 19:43:15.320705+00:00",
      "2026-07-17 19:43:15.495509+00:00",
      "2026-07-17 19:43:16.697720+00:00",
      "2026-07-17 19:43:17.504277+00:00",
      "2026-07-17 19:43:18.267298+00:00",
      "2026-07-17 19:43:19.859992+00:00",
      "2026-07-17 19:43:21.408201+00:00",
      "2026-07-17 19:43:21.542939+00:00"
    ]
  },
  "layout": {
    "scope": "page",
    "count": 3,
    "times": [
      0.10114032309502363,
      0.09236020501703024,
      0.029029161669313908
    ],
    "start_timestamps": [
      "2026-07-17 19:43:15.320772+00:00",
      "2026-07-17 19:43:21.543025+00:00",
      "2026-07-17 19:43:22.017636+00:00"
    ]
  },
  "table_structure": {
    "scope": "page",
    "count": 9,
    "times": [
      1.9616447389125824e-05,
      1.967698335647583e-05,
      0.800435564480722,
      0.30185528472065926,
      2.2984109818935394e-05,
      1.661013811826706e-05,
      9.397976100444794e-06,
      2.1059997379779816e-05,
      1.6772188246250153e-05
    ],
    "start_timestamps": [
      "2026-07-17 19:43:15.487487+00:00",
      "2026-07-17 19:43:22.017720+00:00",
      "2026-07-17 19:43:22.017744+00:00",
      "2026-07-17 19:43:22.818198+00:00",
      "2026-07-17 19:43:23.120070+00:00",
      "2026-07-17 19:43:23.120232+00:00",
      "2026-07-17 19:43:23.120253+00:00",
      "2026-07-17 19:43:23.120266+00:00",
      "2026-07-17 19:43:23.120291+00:00"
    ]
  },
  "page_assemble": {
    "scope": "page",
    "count": 9,
    "times": [
      0.00048328936100006104,
      0.0007097544148564339,
      0.0003750259056687355,
      0.0002271076664328575,
      0.00023476220667362213,
      0.0002186223864555359,
      5.710683763027191e-05,
      0.0013443194329738617,
      0.00031230784952640533
    ],
    "start_timestamps": [
      "2026-07-17 19:43:15.487556+00:00",
      "2026-07-17 19:43:23.120380+00:00",
      "2026-07-17 19:43:23.121130+00:00",
      "2026-07-17 19:43:23.121533+00:00",
      "2026-07-17 19:43:23.121781+00:00",
      "2026-07-17 19:43:23.122034+00:00",
      "2026-07-17 19:43:23.122271+00:00",
      "2026-07-17 19:43:23.122345+00:00",
      "2026-07-17 19:43:23.123710+00:00"
    ]
  },
  "doc_assemble": {
    "scope": "document",
    "count": 1,
    "times": [
      0.04712080769240856
    ],
    "start_timestamps": [
      "2026-07-17 19:43:23.124245+00:00"
    ]
  },
  "reading_order": {
    "scope": "document",
    "count": 1,
    "times": [
      0.04662472475320101
    ],
    "start_timestamps": [
      "2026-07-17 19:43:23.124332+00:00"
    ]
  },
  "doc_enrich": {
    "scope": "document",
    "count": 1,
    "times": [
      5.060516152530909
    ],
    "start_timestamps": [
      "2026-07-17 19:43:23.171391+00:00"
    ]
  }
}
All hyperlinked elements redacted in-memory.
Clean PDF conversion timings:
{
  "pipeline_total": {
    "scope": "document",
    "count": 1,
    "times": [
      14.521049565635622
    ],
    "start_timestamps": [
      "2026-07-17 19:43:28.431811+00:00"
    ]
  },
  "page_parse": {
    "scope": "page",
    "count": 9,
    "times": [
      0.10869232006371021,
      0.10602588392794132,
      0.1621935022994876,
      0.31421972438693047,
      0.1666138069704175,
      0.1954958327114582,
      0.15334067679941654,
      0.11974470317363739,
      0.08613517414778471
    ],
    "start_timestamps": [
      "2026-07-17 19:43:28.437225+00:00",
      "2026-07-17 19:43:28.545963+00:00",
      "2026-07-17 19:43:28.652028+00:00",
      "2026-07-17 19:43:28.814275+00:00",
      "2026-07-17 19:43:29.128539+00:00",
      "2026-07-17 19:43:29.295195+00:00",
      "2026-07-17 19:43:29.490725+00:00",
      "2026-07-17 19:43:29.644116+00:00",
      "2026-07-17 19:43:29.763908+00:00"
    ]
  },
  "ocr": {
    "scope": "page",
    "count": 9,
    "times": [
      0.9318279596045613,
      0.17876108083873987,
      1.111661408096552,
      1.12441024184227,
      0.7685210732743144,
      2.6746223866939545,
      1.9036864191293716,
      0.13461406622081995,
      0.1325726555660367
    ],
    "start_timestamps": [
      "2026-07-17 19:43:28.546306+00:00",
      "2026-07-17 19:43:29.478186+00:00",
      "2026-07-17 19:43:29.656965+00:00",
      "2026-07-17 19:43:30.768652+00:00",
      "2026-07-17 19:43:31.893080+00:00",
      "2026-07-17 19:43:32.661679+00:00",
      "2026-07-17 19:43:35.336320+00:00",
      "2026-07-17 19:43:37.240024+00:00",
      "2026-07-17 19:43:37.374647+00:00"
    ]
  },
  "layout": {
    "scope": "page",
    "count": 3,
    "times": [
      0.30095955915749073,
      0.07077750377357006,
      0.05385023821145296
    ],
    "start_timestamps": [
      "2026-07-17 19:43:29.478270+00:00",
      "2026-07-17 19:43:32.661753+00:00",
      "2026-07-17 19:43:37.507467+00:00"
    ]
  },
  "table_structure": {
    "scope": "page",
    "count": 9,
    "times": [
      1.734308898448944e-05,
      3.387313336133957e-05,
      1.3145492859184742,
      0.39088032580912113,
      2.2773630917072296e-05,
      2.706144005060196e-05,
      7.964670658111572e-06,
      1.1300668120384216e-05,
      8.264556527137756e-06
    ],
    "start_timestamps": [
      "2026-07-17 19:43:29.875897+00:00",
      "2026-07-17 19:43:32.948601+00:00",
      "2026-07-17 19:43:32.948640+00:00",
      "2026-07-17 19:43:34.263208+00:00",
      "2026-07-17 19:43:34.654106+00:00",
      "2026-07-17 19:43:37.805099+00:00",
      "2026-07-17 19:43:37.805132+00:00",
      "2026-07-17 19:43:37.805144+00:00",
      "2026-07-17 19:43:37.805159+00:00"
    ]
  },
  "page_assemble": {
    "scope": "page",
    "count": 9,
    "times": [
      0.0002790549769997597,
      0.0005662348121404648,
      0.00032268743962049484,
      0.00021157879382371902,
      0.00025722384452819824,
      0.0005770949646830559,
      9.493716061115265e-05,
      0.0007013091817498207,
      0.0002916082739830017
    ],
    "start_timestamps": [
      "2026-07-17 19:43:29.875963+00:00",
      "2026-07-17 19:43:34.654270+00:00",
      "2026-07-17 19:43:34.654878+00:00",
      "2026-07-17 19:43:34.655223+00:00",
      "2026-07-17 19:43:34.655454+00:00",
      "2026-07-17 19:43:37.805370+00:00",
      "2026-07-17 19:43:37.806025+00:00",
      "2026-07-17 19:43:37.806140+00:00",
      "2026-07-17 19:43:37.806888+00:00"
    ]
  },
  "doc_assemble": {
    "scope": "document",
    "count": 1,
    "times": [
      0.04774369951337576
    ],
    "start_timestamps": [
      "2026-07-17 19:43:37.807378+00:00"
    ]
  },
  "reading_order": {
    "scope": "document",
    "count": 1,
    "times": [
      0.04720659740269184
    ],
    "start_timestamps": [
      "2026-07-17 19:43:37.807511+00:00"
    ]
  },
  "doc_enrich": {
    "scope": "document",
    "count": 1,
    "times": [
      5.097694255411625
    ],
    "start_timestamps": [
      "2026-07-17 19:43:37.855147+00:00"
    ]
  }
}
Function parse_pdf took 29.0159 seconds to execute.
Running: get_tables
Function get_tables took 0.0001 seconds to execute.
Running: get_surrounding_paragraphs
Function get_surrounding_paragraphs took 0.0001 seconds to execute.
