Running: parse_pdf
Raw PDF conversion timings:
{
  "pipeline_total": {
    "scope": "document",
    "count": 1,
    "times": [
      6.819476447999477
    ],
    "start_timestamps": [
      "2026-07-23 18:38:40.183864+00:00"
    ]
  },
  "page_parse": {
    "scope": "page",
    "count": 10,
    "times": [
      0.033737894147634506,
      0.09229079075157642,
      0.10629997588694096,
      0.07567581068724394,
      0.06994045712053776,
      0.13703075051307678,
      0.1308715594932437,
      0.059145390056073666,
      0.049998858012259007,
      0.053639309480786324
    ],
    "start_timestamps": [
      "2026-07-23 18:38:40.186453+00:00",
      "2026-07-23 18:38:40.220224+00:00",
      "2026-07-23 18:38:40.312557+00:00",
      "2026-07-23 18:38:40.418895+00:00",
      "2026-07-23 18:38:40.494614+00:00",
      "2026-07-23 18:38:40.564604+00:00",
      "2026-07-23 18:38:40.701690+00:00",
      "2026-07-23 18:38:40.832617+00:00",
      "2026-07-23 18:38:40.891805+00:00",
      "2026-07-23 18:38:40.941841+00:00"
    ]
  },
  "ocr": {
    "scope": "page",
    "count": 10,
    "times": [
      0.8168716933578253,
      0.12840609811246395,
      0.7900391649454832,
      0.629189807921648,
      0.1264330167323351,
      0.7445936379954219,
      0.6523958723992109,
      0.1272710533812642,
      0.12504578474909067,
      0.12680472526699305
    ],
    "start_timestamps": [
      "2026-07-23 18:38:40.220456+00:00",
      "2026-07-23 18:38:41.037434+00:00",
      "2026-07-23 18:38:41.165849+00:00",
      "2026-07-23 18:38:41.955903+00:00",
      "2026-07-23 18:38:42.585107+00:00",
      "2026-07-23 18:38:42.711549+00:00",
      "2026-07-23 18:38:43.456158+00:00",
      "2026-07-23 18:38:44.108569+00:00",
      "2026-07-23 18:38:44.235850+00:00",
      "2026-07-23 18:38:44.360904+00:00"
    ]
  },
  "layout": {
    "scope": "page",
    "count": 2,
    "times": [
      0.06853623408824205,
      0.10205556731671095
    ],
    "start_timestamps": [
      "2026-07-23 18:38:41.037515+00:00",
      "2026-07-23 18:38:44.487901+00:00"
    ]
  },
  "table_structure": {
    "scope": "page",
    "count": 10,
    "times": [
      1.7171725630760193e-05,
      0.2294329982250929,
      3.121979534626007e-05,
      0.19773018453270197,
      0.1700958674773574,
      2.3363158106803894e-05,
      0.25902622286230326,
      2.1389685571193695e-05,
      0.1276305988430977,
      0.20146311167627573
    ],
    "start_timestamps": [
      "2026-07-23 18:38:41.107097+00:00",
      "2026-07-23 18:38:44.652933+00:00",
      "2026-07-23 18:38:44.882382+00:00",
      "2026-07-23 18:38:44.882416+00:00",
      "2026-07-23 18:38:45.080161+00:00",
      "2026-07-23 18:38:45.250338+00:00",
      "2026-07-23 18:38:45.250363+00:00",
      "2026-07-23 18:38:45.509413+00:00",
      "2026-07-23 18:38:45.509437+00:00",
      "2026-07-23 18:38:45.637153+00:00"
    ]
  },
  "page_assemble": {
    "scope": "page",
    "count": 10,
    "times": [
      7.844716310501099e-05,
      0.00015274807810783386,
      0.00014733709394931793,
      0.00011662952601909637,
      0.00010109134018421173,
      0.00010893493890762329,
      7.704459130764008e-05,
      4.7548674046993256e-05,
      7.971841841936111e-05,
      0.00011268351227045059
    ],
    "start_timestamps": [
      "2026-07-23 18:38:41.107175+00:00",
      "2026-07-23 18:38:45.250434+00:00",
      "2026-07-23 18:38:45.250625+00:00",
      "2026-07-23 18:38:45.250797+00:00",
      "2026-07-23 18:38:45.250937+00:00",
      "2026-07-23 18:38:45.638078+00:00",
      "2026-07-23 18:38:45.638218+00:00",
      "2026-07-23 18:38:45.638316+00:00",
      "2026-07-23 18:38:45.638381+00:00",
      "2026-07-23 18:38:45.838773+00:00"
    ]
  },
  "doc_assemble": {
    "scope": "document",
    "count": 1,
    "times": [
      0.02210119366645813
    ],
    "start_timestamps": [
      "2026-07-23 18:38:45.839115+00:00"
    ]
  },
  "reading_order": {
    "scope": "document",
    "count": 1,
    "times": [
      0.021674801595509052
    ],
    "start_timestamps": [
      "2026-07-23 18:38:45.839180+00:00"
    ]
  },
  "doc_enrich": {
    "scope": "document",
    "count": 1,
    "times": [
      1.1420849859714508
    ],
    "start_timestamps": [
      "2026-07-23 18:38:45.861238+00:00"
    ]
  }
}
All hyperlinked elements redacted in-memory.
Clean PDF conversion timings:
{
  "pipeline_total": {
    "scope": "document",
    "count": 1,
    "times": [
      6.4528140835464
    ],
    "start_timestamps": [
      "2026-07-23 18:38:47.061811+00:00"
    ]
  },
  "page_parse": {
    "scope": "page",
    "count": 10,
    "times": [
      0.03452360350638628,
      0.05640029441565275,
      0.10551265347748995,
      0.07544196117669344,
      0.06978131737560034,
      0.17246393393725157,
      0.1286721294745803,
      0.14141286723315716,
      0.06175482086837292,
      0.03757942467927933
    ],
    "start_timestamps": [
      "2026-07-23 18:38:47.064257+00:00",
      "2026-07-23 18:38:47.098815+00:00",
      "2026-07-23 18:38:47.155249+00:00",
      "2026-07-23 18:38:47.260798+00:00",
      "2026-07-23 18:38:47.336279+00:00",
      "2026-07-23 18:38:47.406107+00:00",
      "2026-07-23 18:38:47.578628+00:00",
      "2026-07-23 18:38:47.707516+00:00",
      "2026-07-23 18:38:47.848963+00:00",
      "2026-07-23 18:38:47.910755+00:00"
    ]
  },
  "ocr": {
    "scope": "page",
    "count": 10,
    "times": [
      0.8046919470652938,
      0.12443586718291044,
      0.8013024879619479,
      0.6399244675412774,
      0.1255379794165492,
      0.7849569069221616,
      0.7034769421443343,
      0.12791557516902685,
      0.13516437634825706,
      0.13748300075531006
    ],
    "start_timestamps": [
      "2026-07-23 18:38:47.099043+00:00",
      "2026-07-23 18:38:47.903793+00:00",
      "2026-07-23 18:38:48.028238+00:00",
      "2026-07-23 18:38:48.829557+00:00",
      "2026-07-23 18:38:49.469497+00:00",
      "2026-07-23 18:38:49.595044+00:00",
      "2026-07-23 18:38:50.380017+00:00",
      "2026-07-23 18:38:51.083511+00:00",
      "2026-07-23 18:38:51.211480+00:00",
      "2026-07-23 18:38:51.346657+00:00"
    ]
  },
  "layout": {
    "scope": "page",
    "count": 3,
    "times": [
      0.07221638970077038,
      0.08451394364237785,
      0.07293558400124311
    ],
    "start_timestamps": [
      "2026-07-23 18:38:47.910570+00:00",
      "2026-07-23 18:38:51.211575+00:00",
      "2026-07-23 18:38:51.484255+00:00"
    ]
  },
  "table_structure": {
    "scope": "page",
    "count": 10,
    "times": [
      1.790374517440796e-05,
      1.93864107131958e-05,
      9.12696123123169e-06,
      0.23749288823455572,
      0.1732708029448986,
      2.1630898118019104e-05,
      0.2594468854367733,
      2.1389685571193695e-05,
      0.1272751186043024,
      0.20260726287961006
    ],
    "start_timestamps": [
      "2026-07-23 18:38:47.983901+00:00",
      "2026-07-23 18:38:51.348787+00:00",
      "2026-07-23 18:38:51.348812+00:00",
      "2026-07-23 18:38:51.348826+00:00",
      "2026-07-23 18:38:51.586332+00:00",
      "2026-07-23 18:38:51.759677+00:00",
      "2026-07-23 18:38:51.759702+00:00",
      "2026-07-23 18:38:52.019165+00:00",
      "2026-07-23 18:38:52.019189+00:00",
      "2026-07-23 18:38:52.146549+00:00"
    ]
  },
  "page_assemble": {
    "scope": "page",
    "count": 10,
    "times": [
      7.197633385658264e-05,
      0.00017954781651496887,
      0.0001375572755932808,
      0.00011523719877004623,
      9.704288095235825e-05,
      0.00011794175952672958,
      8.919741958379745e-05,
      5.396176129579544e-05,
      8.132308721542358e-05,
      9.250454604625702e-05
    ],
    "start_timestamps": [
      "2026-07-23 18:38:47.984028+00:00",
      "2026-07-23 18:38:51.759762+00:00",
      "2026-07-23 18:38:51.759977+00:00",
      "2026-07-23 18:38:51.760140+00:00",
      "2026-07-23 18:38:51.760278+00:00",
      "2026-07-23 18:38:52.146617+00:00",
      "2026-07-23 18:38:52.146767+00:00",
      "2026-07-23 18:38:52.146881+00:00",
      "2026-07-23 18:38:52.146955+00:00",
      "2026-07-23 18:38:52.349297+00:00"
    ]
  },
  "doc_assemble": {
    "scope": "document",
    "count": 1,
    "times": [
      0.021638442762196064
    ],
    "start_timestamps": [
      "2026-07-23 18:38:52.349605+00:00"
    ]
  },
  "reading_order": {
    "scope": "document",
    "count": 1,
    "times": [
      0.021212240681052208
    ],
    "start_timestamps": [
      "2026-07-23 18:38:52.349672+00:00"
    ]
  },
  "doc_enrich": {
    "scope": "document",
    "count": 1,
    "times": [
      1.143343074247241
    ],
    "start_timestamps": [
      "2026-07-23 18:38:52.371267+00:00"
    ]
  }
}
Function parse_pdf took 13.5909 seconds to execute.
Running: get_tables
Function get_tables took 0.0000 seconds to execute.
Running: get_surrounding_paragraphs
Function get_surrounding_paragraphs took 0.0001 seconds to execute.
