Running: parse_pdf
Raw PDF conversion timings:
{
  "pipeline_total": {
    "scope": "document",
    "count": 1,
    "times": [
      27.793801987543702
    ],
    "start_timestamps": [
      "2026-07-23 20:13:42.560555+00:00"
    ]
  },
  "page_parse": {
    "scope": "page",
    "count": 14,
    "times": [
      0.054631054401397705,
      0.04966110177338123,
      0.0550749097019434,
      0.05723615735769272,
      0.05008871480822563,
      0.05773348268121481,
      0.059677992947399616,
      0.05570245999842882,
      0.04389030020684004,
      0.057369837537407875,
      0.0559621499851346,
      0.0511418879032135,
      0.03210901841521263,
      0.01791267190128565
    ],
    "start_timestamps": [
      "2026-07-23 20:13:42.563756+00:00",
      "2026-07-23 20:13:42.618433+00:00",
      "2026-07-23 20:13:42.668129+00:00",
      "2026-07-23 20:13:42.723237+00:00",
      "2026-07-23 20:13:42.780513+00:00",
      "2026-07-23 20:13:42.830642+00:00",
      "2026-07-23 20:13:42.888422+00:00",
      "2026-07-23 20:13:42.948140+00:00",
      "2026-07-23 20:13:43.003873+00:00",
      "2026-07-23 20:13:43.047797+00:00",
      "2026-07-23 20:13:43.105203+00:00",
      "2026-07-23 20:13:43.161202+00:00",
      "2026-07-23 20:13:43.212381+00:00",
      "2026-07-23 20:13:43.244523+00:00"
    ]
  },
  "ocr": {
    "scope": "page",
    "count": 14,
    "times": [
      0.1641179658472538,
      0.1665431596338749,
      0.15937577094882727,
      0.14160814322531223,
      0.12208744511008263,
      0.12604362983256578,
      0.12454917933791876,
      0.12164748646318913,
      0.1239967280998826,
      0.12277004029601812,
      0.12585889268666506,
      0.12287353537976742,
      0.12196927331387997,
      0.1506854658946395
    ],
    "start_timestamps": [
      "2026-07-23 20:13:42.618681+00:00",
      "2026-07-23 20:13:42.782833+00:00",
      "2026-07-23 20:13:42.949387+00:00",
      "2026-07-23 20:13:43.108776+00:00",
      "2026-07-23 20:13:43.250437+00:00",
      "2026-07-23 20:13:43.372534+00:00",
      "2026-07-23 20:13:43.498587+00:00",
      "2026-07-23 20:13:43.623145+00:00",
      "2026-07-23 20:13:43.744801+00:00",
      "2026-07-23 20:13:43.868807+00:00",
      "2026-07-23 20:13:43.991586+00:00",
      "2026-07-23 20:13:44.117453+00:00",
      "2026-07-23 20:13:44.240336+00:00",
      "2026-07-23 20:13:44.362351+00:00"
    ]
  },
  "layout": {
    "scope": "page",
    "count": 4,
    "times": [
      0.17392249684780836,
      0.06576072983443737,
      0.1008067661896348,
      0.024819820187985897
    ],
    "start_timestamps": [
      "2026-07-23 20:13:42.782913+00:00",
      "2026-07-23 20:13:43.250511+00:00",
      "2026-07-23 20:13:44.362461+00:00",
      "2026-07-23 20:13:44.603283+00:00"
    ]
  },
  "table_structure": {
    "scope": "page",
    "count": 14,
    "times": [
      1.5309080481529236e-05,
      2.2642314434051514e-05,
      9.51811671257019e-06,
      6.771646440029144e-06,
      2.0858831703662872e-05,
      8.636154234409332e-06,
      6.192363798618317e-06,
      1.4366582036018372e-05,
      8.585862815380096e-06,
      6.5034255385398865e-06,
      6.511807441711426e-06,
      5.550682544708252e-06,
      5.659647285938263e-06,
      1.3805925846099854e-05
    ],
    "start_timestamps": [
      "2026-07-23 20:13:42.962793+00:00",
      "2026-07-23 20:13:43.367457+00:00",
      "2026-07-23 20:13:43.367484+00:00",
      "2026-07-23 20:13:43.367498+00:00",
      "2026-07-23 20:13:44.603347+00:00",
      "2026-07-23 20:13:44.603373+00:00",
      "2026-07-23 20:13:44.603386+00:00",
      "2026-07-23 20:13:44.603395+00:00",
      "2026-07-23 20:13:44.603445+00:00",
      "2026-07-23 20:13:44.603458+00:00",
      "2026-07-23 20:13:44.603469+00:00",
      "2026-07-23 20:13:44.603478+00:00",
      "2026-07-23 20:13:44.603507+00:00",
      "2026-07-23 20:13:44.628723+00:00"
    ]
  },
  "page_assemble": {
    "scope": "page",
    "count": 14,
    "times": [
      0.00013299938291311264,
      0.00012497510761022568,
      0.00014322996139526367,
      0.00013756845146417618,
      0.00015722587704658508,
      0.00021629687398672104,
      0.0001777149736881256,
      0.00010002776980400085,
      0.0001320885494351387,
      0.0001486595720052719,
      0.00015360862016677856,
      0.00022650603204965591,
      3.653764724731445e-05,
      2.6129186153411865e-05
    ],
    "start_timestamps": [
      "2026-07-23 20:13:42.962874+00:00",
      "2026-07-23 20:13:43.367554+00:00",
      "2026-07-23 20:13:43.367712+00:00",
      "2026-07-23 20:13:43.367873+00:00",
      "2026-07-23 20:13:44.603550+00:00",
      "2026-07-23 20:13:44.603744+00:00",
      "2026-07-23 20:13:44.603984+00:00",
      "2026-07-23 20:13:44.604179+00:00",
      "2026-07-23 20:13:44.604297+00:00",
      "2026-07-23 20:13:44.604447+00:00",
      "2026-07-23 20:13:44.604613+00:00",
      "2026-07-23 20:13:44.604784+00:00",
      "2026-07-23 20:13:44.605029+00:00",
      "2026-07-23 20:13:44.628808+00:00"
    ]
  },
  "doc_assemble": {
    "scope": "document",
    "count": 1,
    "times": [
      0.031169719994068146
    ],
    "start_timestamps": [
      "2026-07-23 20:13:44.629031+00:00"
    ]
  },
  "reading_order": {
    "scope": "document",
    "count": 1,
    "times": [
      0.03070966526865959
    ],
    "start_timestamps": [
      "2026-07-23 20:13:44.629105+00:00"
    ]
  },
  "doc_enrich": {
    "scope": "document",
    "count": 1,
    "times": [
      25.694108051247895
    ],
    "start_timestamps": [
      "2026-07-23 20:13:44.660225+00:00"
    ]
  }
}
All hyperlinked elements redacted in-memory.
Clean PDF conversion timings:
{
  "pipeline_total": {
    "scope": "document",
    "count": 1,
    "times": [
      27.864366821944714
    ],
    "start_timestamps": [
      "2026-07-23 20:14:10.396898+00:00"
    ]
  },
  "page_parse": {
    "scope": "page",
    "count": 14,
    "times": [
      0.04936851002275944,
      0.0474215866997838,
      0.054433112032711506,
      0.05439405795186758,
      0.04875893145799637,
      0.05803621280938387,
      0.05951248109340668,
      0.05760572291910648,
      0.044032356701791286,
      0.05708133429288864,
      0.055856140330433846,
      0.0511651411652565,
      0.029172342270612717,
      0.01821246463805437
    ],
    "start_timestamps": [
      "2026-07-23 20:14:10.400669+00:00",
      "2026-07-23 20:14:10.450071+00:00",
      "2026-07-23 20:14:10.497528+00:00",
      "2026-07-23 20:14:10.551996+00:00",
      "2026-07-23 20:14:10.606433+00:00",
      "2026-07-23 20:14:10.655233+00:00",
      "2026-07-23 20:14:10.713307+00:00",
      "2026-07-23 20:14:10.772858+00:00",
      "2026-07-23 20:14:10.830492+00:00",
      "2026-07-23 20:14:10.874556+00:00",
      "2026-07-23 20:14:10.931672+00:00",
      "2026-07-23 20:14:10.987562+00:00",
      "2026-07-23 20:14:11.038763+00:00",
      "2026-07-23 20:14:11.067970+00:00"
    ]
  },
  "ocr": {
    "scope": "page",
    "count": 14,
    "times": [
      0.15987437963485718,
      0.16450846008956432,
      0.1612226665019989,
      0.13780235033482313,
      0.12222709786146879,
      0.1262301616370678,
      0.1227962700650096,
      0.12481230311095715,
      0.1236626198515296,
      0.12403029203414917,
      0.12273019552230835,
      0.12333867978304625,
      0.12761813309043646,
      0.1488809185102582
    ],
    "start_timestamps": [
      "2026-07-23 20:14:10.450315+00:00",
      "2026-07-23 20:14:10.610227+00:00",
      "2026-07-23 20:14:10.774747+00:00",
      "2026-07-23 20:14:10.935982+00:00",
      "2026-07-23 20:14:11.073833+00:00",
      "2026-07-23 20:14:11.196070+00:00",
      "2026-07-23 20:14:11.322309+00:00",
      "2026-07-23 20:14:11.445115+00:00",
      "2026-07-23 20:14:11.569935+00:00",
      "2026-07-23 20:14:11.693607+00:00",
      "2026-07-23 20:14:11.817646+00:00",
      "2026-07-23 20:14:11.940385+00:00",
      "2026-07-23 20:14:12.063733+00:00",
      "2026-07-23 20:14:12.191397+00:00"
    ]
  },
  "layout": {
    "scope": "page",
    "count": 4,
    "times": [
      0.17334283702075481,
      0.06473764404654503,
      0.09881485719233751,
      0.024728418327867985
    ],
    "start_timestamps": [
      "2026-07-23 20:14:10.610414+00:00",
      "2026-07-23 20:14:11.073904+00:00",
      "2026-07-23 20:14:12.191503+00:00",
      "2026-07-23 20:14:12.430429+00:00"
    ]
  },
  "table_structure": {
    "scope": "page",
    "count": 14,
    "times": [
      1.703202724456787e-05,
      2.3264437913894653e-05,
      8.687376976013184e-06,
      6.7427754402160645e-06,
      2.1891668438911438e-05,
      9.258277714252472e-06,
      6.292015314102173e-06,
      5.05056232213974e-06,
      9.056180715560913e-06,
      6.532296538352966e-06,
      6.692484021186829e-06,
      5.631707608699799e-06,
      5.389563739299774e-06,
      1.350603997707367e-05
    ],
    "start_timestamps": [
      "2026-07-23 20:14:10.789736+00:00",
      "2026-07-23 20:14:11.189812+00:00",
      "2026-07-23 20:14:11.189840+00:00",
      "2026-07-23 20:14:11.189852+00:00",
      "2026-07-23 20:14:12.430506+00:00",
      "2026-07-23 20:14:12.430534+00:00",
      "2026-07-23 20:14:12.430548+00:00",
      "2026-07-23 20:14:12.430558+00:00",
      "2026-07-23 20:14:12.430600+00:00",
      "2026-07-23 20:14:12.430613+00:00",
      "2026-07-23 20:14:12.430623+00:00",
      "2026-07-23 20:14:12.430634+00:00",
      "2026-07-23 20:14:12.430662+00:00",
      "2026-07-23 20:14:12.455788+00:00"
    ]
  },
  "page_assemble": {
    "scope": "page",
    "count": 14,
    "times": [
      0.00012233015149831772,
      0.00015839841216802597,
      0.00018210243433713913,
      0.0002482868731021881,
      0.00015083327889442444,
      0.00020084809511899948,
      0.0001765117049217224,
      0.00013295933604240417,
      0.00014338921755552292,
      0.000165451318025589,
      0.00014098640531301498,
      0.0003133295103907585,
      3.5025179386138916e-05,
      3.0317343771457672e-05
    ],
    "start_timestamps": [
      "2026-07-23 20:14:10.789814+00:00",
      "2026-07-23 20:14:11.189910+00:00",
      "2026-07-23 20:14:11.190104+00:00",
      "2026-07-23 20:14:11.190309+00:00",
      "2026-07-23 20:14:12.430705+00:00",
      "2026-07-23 20:14:12.430891+00:00",
      "2026-07-23 20:14:12.431114+00:00",
      "2026-07-23 20:14:12.431312+00:00",
      "2026-07-23 20:14:12.431468+00:00",
      "2026-07-23 20:14:12.431632+00:00",
      "2026-07-23 20:14:12.431815+00:00",
      "2026-07-23 20:14:12.431971+00:00",
      "2026-07-23 20:14:12.432299+00:00",
      "2026-07-23 20:14:12.455871+00:00"
    ]
  },
  "doc_assemble": {
    "scope": "document",
    "count": 1,
    "times": [
      0.03187853377312422
    ],
    "start_timestamps": [
      "2026-07-23 20:14:12.456115+00:00"
    ]
  },
  "reading_order": {
    "scope": "document",
    "count": 1,
    "times": [
      0.031400253996253014
    ],
    "start_timestamps": [
      "2026-07-23 20:14:12.456206+00:00"
    ]
  },
  "doc_enrich": {
    "scope": "document",
    "count": 1,
    "times": [
      25.773224448785186
    ],
    "start_timestamps": [
      "2026-07-23 20:14:12.488017+00:00"
    ]
  }
}
Function parse_pdf took 55.7504 seconds to execute.
Running: get_tables
Function get_tables took 0.0001 seconds to execute.
Running: get_surrounding_paragraphs
Function get_surrounding_paragraphs took 0.0001 seconds to execute.
