Running: parse_pdf
--- Logging error ---
Traceback (most recent call last):
  File "/mnt/iusers01/fatpou01/chem02/b07755hv/.local/lib/python3.12/site-packages/rapidocr/main.py", line 130, in run_ocr_steps
    cropped_img_list, det_res = self.detect_and_crop(img, op_record)
                                ^^^^^^^^^^^^^^^^^^^^^^^^^^^^^^^^^^^^
  File "/mnt/iusers01/fatpou01/chem02/b07755hv/.local/lib/python3.12/site-packages/rapidocr/main.py", line 298, in detect_and_crop
    raise RapidOCRError("The text detection result is empty")
rapidocr.main.RapidOCRError: The text detection result is empty

During handling of the above exception, another exception occurred:

Traceback (most recent call last):
  File "/mnt/iusers01/fatpou01/chem02/b07755hv/.conda/envs/env/lib/python3.12/logging/__init__.py", line 1163, in emit
    stream.write(msg + self.terminator)
  File "/mnt/iusers01/fatpou01/chem02/b07755hv/ChemistryExtract/src/chemstractor/lib/extractor.py", line 298, in write
    self.file.write(data)
ValueError: I/O operation on closed file.
Call stack:
  File "/mnt/iusers01/fatpou01/chem02/b07755hv/.conda/envs/env/lib/python3.12/threading.py", line 1030, in _bootstrap
    self._bootstrap_inner()
  File "/mnt/iusers01/fatpou01/chem02/b07755hv/.conda/envs/env/lib/python3.12/threading.py", line 1073, in _bootstrap_inner
    self.run()
  File "/mnt/iusers01/fatpou01/chem02/b07755hv/.conda/envs/env/lib/python3.12/threading.py", line 1010, in run
    self._target(*self._args, **self._kwargs)
  File "/mnt/iusers01/fatpou01/chem02/b07755hv/.local/lib/python3.12/site-packages/docling/pipeline/standard_pdf_pipeline.py", line 279, in _run
    processed = self._process_batch(batch)
  File "/mnt/iusers01/fatpou01/chem02/b07755hv/.local/lib/python3.12/site-packages/docling/pipeline/standard_pdf_pipeline.py", line 344, in _process_batch
    processed_pages = list(self.model(good[0].conv_res, pages))  # type: ignore[arg-type]
  File "/mnt/iusers01/fatpou01/chem02/b07755hv/.local/lib/python3.12/site-packages/docling/models/stages/ocr/rapid_ocr_model.py", line 491, in __call__
    result = self.reader(
  File "/mnt/iusers01/fatpou01/chem02/b07755hv/.local/lib/python3.12/site-packages/rapidocr/main.py", line 120, in __call__
    det_res, cls_res, rec_res, cropped_img_list = self.run_ocr_steps(img, op_record)
  File "/mnt/iusers01/fatpou01/chem02/b07755hv/.local/lib/python3.12/site-packages/rapidocr/main.py", line 132, in run_ocr_steps
    logger.warning(e)
Message: RapidOCRError('The text detection result is empty')
Arguments: ()
RapidOCR returned empty result!
Raw PDF conversion timings:
{
  "pipeline_total": {
    "scope": "document",
    "count": 1,
    "times": [
      52.52225847821683
    ],
    "start_timestamps": [
      "2026-07-17 22:00:33.669913+00:00"
    ]
  },
  "page_parse": {
    "scope": "page",
    "count": 7,
    "times": [
      0.12314661499112844,
      0.13226525578647852,
      0.4096211325377226,
      0.12993480917066336,
      0.13503033854067326,
      2.470859077759087,
      0.1500124428421259
    ],
    "start_timestamps": [
      "2026-07-17 22:00:33.676295+00:00",
      "2026-07-17 22:00:33.799483+00:00",
      "2026-07-17 22:00:33.931791+00:00",
      "2026-07-17 22:00:34.341462+00:00",
      "2026-07-17 22:00:34.471451+00:00",
      "2026-07-17 22:00:34.606528+00:00",
      "2026-07-17 22:00:37.077439+00:00"
    ]
  },
  "ocr": {
    "scope": "page",
    "count": 7,
    "times": [
      3.658139992505312,
      0.1313860211521387,
      0.12552140560001135,
      0.13236660603433847,
      0.12892219424247742,
      0.5369732519611716,
      0.12644484359771013
    ],
    "start_timestamps": [
      "2026-07-17 22:00:33.799612+00:00",
      "2026-07-17 22:00:37.457798+00:00",
      "2026-07-17 22:00:37.589192+00:00",
      "2026-07-17 22:00:37.714724+00:00",
      "2026-07-17 22:00:37.847099+00:00",
      "2026-07-17 22:00:37.976031+00:00",
      "2026-07-17 22:00:38.513022+00:00"
    ]
  },
  "layout": {
    "scope": "page",
    "count": 2,
    "times": [
      0.05699749197810888,
      0.08550431858748198
    ],
    "start_timestamps": [
      "2026-07-17 22:00:37.457886+00:00",
      "2026-07-17 22:00:38.639624+00:00"
    ]
  },
  "table_structure": {
    "scope": "page",
    "count": 7,
    "times": [
      1.6330741345882416e-05,
      2.545863389968872e-05,
      0.3293573074042797,
      1.9466504454612732e-05,
      1.087971031665802e-05,
      0.4358348725363612,
      3.36943194270134e-05
    ],
    "start_timestamps": [
      "2026-07-17 22:00:37.575794+00:00",
      "2026-07-17 22:00:39.202709+00:00",
      "2026-07-17 22:00:39.202738+00:00",
      "2026-07-17 22:00:39.532110+00:00",
      "2026-07-17 22:00:39.532133+00:00",
      "2026-07-17 22:00:39.532232+00:00",
      "2026-07-17 22:00:39.968083+00:00"
    ]
  },
  "page_assemble": {
    "scope": "page",
    "count": 7,
    "times": [
      0.0021394463256001472,
      0.0008824309334158897,
      0.0006943866610527039,
      0.0010848622769117355,
      0.0013007177039980888,
      0.0016284240409731865,
      0.015149850398302078
    ],
    "start_timestamps": [
      "2026-07-17 22:00:37.575858+00:00",
      "2026-07-17 22:00:39.532292+00:00",
      "2026-07-17 22:00:39.533206+00:00",
      "2026-07-17 22:00:39.533923+00:00",
      "2026-07-17 22:00:39.535028+00:00",
      "2026-07-17 22:00:39.968355+00:00",
      "2026-07-17 22:00:39.970017+00:00"
    ]
  },
  "doc_assemble": {
    "scope": "document",
    "count": 1,
    "times": [
      0.035775925032794476
    ],
    "start_timestamps": [
      "2026-07-17 22:00:39.985366+00:00"
    ]
  },
  "reading_order": {
    "scope": "document",
    "count": 1,
    "times": [
      0.03520740568637848
    ],
    "start_timestamps": [
      "2026-07-17 22:00:39.985561+00:00"
    ]
  },
  "doc_enrich": {
    "scope": "document",
    "count": 1,
    "times": [
      46.170987732708454
    ],
    "start_timestamps": [
      "2026-07-17 22:00:40.021165+00:00"
    ]
  }
}
All hyperlinked elements redacted in-memory.
--- Logging error ---
Traceback (most recent call last):
  File "/mnt/iusers01/fatpou01/chem02/b07755hv/.local/lib/python3.12/site-packages/rapidocr/main.py", line 130, in run_ocr_steps
    cropped_img_list, det_res = self.detect_and_crop(img, op_record)
                                ^^^^^^^^^^^^^^^^^^^^^^^^^^^^^^^^^^^^
  File "/mnt/iusers01/fatpou01/chem02/b07755hv/.local/lib/python3.12/site-packages/rapidocr/main.py", line 298, in detect_and_crop
    raise RapidOCRError("The text detection result is empty")
rapidocr.main.RapidOCRError: The text detection result is empty

During handling of the above exception, another exception occurred:

Traceback (most recent call last):
  File "/mnt/iusers01/fatpou01/chem02/b07755hv/.conda/envs/env/lib/python3.12/logging/__init__.py", line 1163, in emit
    stream.write(msg + self.terminator)
  File "/mnt/iusers01/fatpou01/chem02/b07755hv/ChemistryExtract/src/chemstractor/lib/extractor.py", line 298, in write
    self.file.write(data)
ValueError: I/O operation on closed file.
Call stack:
  File "/mnt/iusers01/fatpou01/chem02/b07755hv/.conda/envs/env/lib/python3.12/threading.py", line 1030, in _bootstrap
    self._bootstrap_inner()
  File "/mnt/iusers01/fatpou01/chem02/b07755hv/.conda/envs/env/lib/python3.12/threading.py", line 1073, in _bootstrap_inner
    self.run()
  File "/mnt/iusers01/fatpou01/chem02/b07755hv/.conda/envs/env/lib/python3.12/threading.py", line 1010, in run
    self._target(*self._args, **self._kwargs)
  File "/mnt/iusers01/fatpou01/chem02/b07755hv/.local/lib/python3.12/site-packages/docling/pipeline/standard_pdf_pipeline.py", line 279, in _run
    processed = self._process_batch(batch)
  File "/mnt/iusers01/fatpou01/chem02/b07755hv/.local/lib/python3.12/site-packages/docling/pipeline/standard_pdf_pipeline.py", line 344, in _process_batch
    processed_pages = list(self.model(good[0].conv_res, pages))  # type: ignore[arg-type]
  File "/mnt/iusers01/fatpou01/chem02/b07755hv/.local/lib/python3.12/site-packages/docling/models/stages/ocr/rapid_ocr_model.py", line 491, in __call__
    result = self.reader(
  File "/mnt/iusers01/fatpou01/chem02/b07755hv/.local/lib/python3.12/site-packages/rapidocr/main.py", line 120, in __call__
    det_res, cls_res, rec_res, cropped_img_list = self.run_ocr_steps(img, op_record)
  File "/mnt/iusers01/fatpou01/chem02/b07755hv/.local/lib/python3.12/site-packages/rapidocr/main.py", line 132, in run_ocr_steps
    logger.warning(e)
Message: RapidOCRError('The text detection result is empty')
Arguments: ()
RapidOCR returned empty result!
Clean PDF conversion timings:
{
  "pipeline_total": {
    "scope": "document",
    "count": 1,
    "times": [
      52.39636864885688
    ],
    "start_timestamps": [
      "2026-07-17 22:01:27.702884+00:00"
    ]
  },
  "page_parse": {
    "scope": "page",
    "count": 7,
    "times": [
      0.13228673953562975,
      0.3542906166985631,
      0.1913720527663827,
      0.244641219265759,
      0.17788816709071398,
      2.218754711560905,
      0.39332497399300337
    ],
    "start_timestamps": [
      "2026-07-17 22:01:27.708675+00:00",
      "2026-07-17 22:01:27.841012+00:00",
      "2026-07-17 22:01:28.195342+00:00",
      "2026-07-17 22:01:28.386755+00:00",
      "2026-07-17 22:01:28.631450+00:00",
      "2026-07-17 22:01:28.809379+00:00",
      "2026-07-17 22:01:31.028174+00:00"
    ]
  },
  "ocr": {
    "scope": "page",
    "count": 7,
    "times": [
      3.7073512515053153,
      0.13356743846088648,
      0.12547975964844227,
      0.12767071183770895,
      0.1293020322918892,
      0.49976132810115814,
      0.12313120905309916
    ],
    "start_timestamps": [
      "2026-07-17 22:01:27.841069+00:00",
      "2026-07-17 22:01:31.548477+00:00",
      "2026-07-17 22:01:31.682055+00:00",
      "2026-07-17 22:01:31.807543+00:00",
      "2026-07-17 22:01:31.935223+00:00",
      "2026-07-17 22:01:32.064534+00:00",
      "2026-07-17 22:01:32.564314+00:00"
    ]
  },
  "layout": {
    "scope": "page",
    "count": 2,
    "times": [
      0.06163798552006483,
      0.08921896014362574
    ],
    "start_timestamps": [
      "2026-07-17 22:01:31.548565+00:00",
      "2026-07-17 22:01:32.687604+00:00"
    ]
  },
  "table_structure": {
    "scope": "page",
    "count": 7,
    "times": [
      1.4306977391242981e-05,
      2.619996666908264e-05,
      0.328492377884686,
      2.2641383111476898e-05,
      1.2503936886787415e-05,
      0.4365827925503254,
      3.2541342079639435e-05
    ],
    "start_timestamps": [
      "2026-07-17 22:01:31.658020+00:00",
      "2026-07-17 22:01:33.185469+00:00",
      "2026-07-17 22:01:33.185500+00:00",
      "2026-07-17 22:01:33.514008+00:00",
      "2026-07-17 22:01:33.514033+00:00",
      "2026-07-17 22:01:33.514138+00:00",
      "2026-07-17 22:01:33.950735+00:00"
    ]
  },
  "page_assemble": {
    "scope": "page",
    "count": 7,
    "times": [
      0.00043658167123794556,
      0.0005375808104872704,
      0.0004345085471868515,
      0.0007216678932309151,
      0.0007003583014011383,
      0.0007535582408308983,
      0.000908910296857357
    ],
    "start_timestamps": [
      "2026-07-17 22:01:31.658131+00:00",
      "2026-07-17 22:01:33.515019+00:00",
      "2026-07-17 22:01:33.515589+00:00",
      "2026-07-17 22:01:33.516046+00:00",
      "2026-07-17 22:01:33.516787+00:00",
      "2026-07-17 22:01:33.950907+00:00",
      "2026-07-17 22:01:33.951690+00:00"
    ]
  },
  "doc_assemble": {
    "scope": "document",
    "count": 1,
    "times": [
      0.034941296093165874
    ],
    "start_timestamps": [
      "2026-07-17 22:01:33.952772+00:00"
    ]
  },
  "reading_order": {
    "scope": "document",
    "count": 1,
    "times": [
      0.03442061599344015
    ],
    "start_timestamps": [
      "2026-07-17 22:01:33.952889+00:00"
    ]
  },
  "doc_enrich": {
    "scope": "document",
    "count": 1,
    "times": [
      46.111479545012116
    ],
    "start_timestamps": [
      "2026-07-17 22:01:33.987738+00:00"
    ]
  }
}
Function parse_pdf took 106.6188 seconds to execute.
Running: get_tables
Function get_tables took 0.0001 seconds to execute.
Running: get_surrounding_paragraphs
Function get_surrounding_paragraphs took 0.0001 seconds to execute.
