Running: parse_pdf
Raw PDF conversion timings:
{
  "pipeline_total": {
    "scope": "document",
    "count": 1,
    "times": [
      8.59306001663208
    ],
    "start_timestamps": [
      "2026-07-17 20:54:10.165130+00:00"
    ]
  },
  "page_parse": {
    "scope": "page",
    "count": 9,
    "times": [
      0.12645798921585083,
      0.12017938401550055,
      0.13765494991093874,
      0.22368289716541767,
      0.15445170644670725,
      0.21792155504226685,
      0.16339401621371508,
      0.1638923231512308,
      0.13848840817809105
    ],
    "start_timestamps": [
      "2026-07-17 20:54:10.171559+00:00",
      "2026-07-17 20:54:10.298063+00:00",
      "2026-07-17 20:54:10.418283+00:00",
      "2026-07-17 20:54:10.555984+00:00",
      "2026-07-17 20:54:10.779706+00:00",
      "2026-07-17 20:54:10.946494+00:00",
      "2026-07-17 20:54:11.164462+00:00",
      "2026-07-17 20:54:11.327895+00:00",
      "2026-07-17 20:54:11.491829+00:00"
    ]
  },
  "ocr": {
    "scope": "page",
    "count": 9,
    "times": [
      1.317817062139511,
      1.072785571217537,
      0.49283178243786097,
      0.4012942463159561,
      1.03001232072711,
      0.9791610278189182,
      0.8016844922676682,
      0.13335418701171875,
      0.1691541038453579
    ],
    "start_timestamps": [
      "2026-07-17 20:54:10.298486+00:00",
      "2026-07-17 20:54:11.616374+00:00",
      "2026-07-17 20:54:12.689176+00:00",
      "2026-07-17 20:54:13.182025+00:00",
      "2026-07-17 20:54:13.583338+00:00",
      "2026-07-17 20:54:14.613369+00:00",
      "2026-07-17 20:54:15.592546+00:00",
      "2026-07-17 20:54:16.394249+00:00",
      "2026-07-17 20:54:16.527670+00:00"
    ]
  },
  "layout": {
    "scope": "page",
    "count": 3,
    "times": [
      0.06876307912170887,
      0.09633482340723276,
      0.031226382590830326
    ],
    "start_timestamps": [
      "2026-07-17 20:54:11.616593+00:00",
      "2026-07-17 20:54:16.527864+00:00",
      "2026-07-17 20:54:17.134978+00:00"
    ]
  },
  "table_structure": {
    "scope": "page",
    "count": 9,
    "times": [
      2.341531217098236e-05,
      0.5291654653847218,
      2.041831612586975e-05,
      1.3696029782295227e-05,
      0.4217645386233926,
      2.264324575662613e-05,
      1.1993572115898132e-05,
      1.3626180589199066e-05,
      1.2813135981559753e-05
    ],
    "start_timestamps": [
      "2026-07-17 20:54:11.755418+00:00",
      "2026-07-17 20:54:17.135046+00:00",
      "2026-07-17 20:54:17.664228+00:00",
      "2026-07-17 20:54:17.664251+00:00",
      "2026-07-17 20:54:17.664268+00:00",
      "2026-07-17 20:54:18.086182+00:00",
      "2026-07-17 20:54:18.086208+00:00",
      "2026-07-17 20:54:18.086223+00:00",
      "2026-07-17 20:54:18.086240+00:00"
    ]
  },
  "page_assemble": {
    "scope": "page",
    "count": 9,
    "times": [
      0.0005892384797334671,
      0.0006668651476502419,
      0.0009155534207820892,
      0.002124057151377201,
      0.0004922952502965927,
      0.0010537924244999886,
      0.0008373558521270752,
      0.002147570252418518,
      0.0006967708468437195
    ],
    "start_timestamps": [
      "2026-07-17 20:54:11.755497+00:00",
      "2026-07-17 20:54:18.086353+00:00",
      "2026-07-17 20:54:18.087060+00:00",
      "2026-07-17 20:54:18.088001+00:00",
      "2026-07-17 20:54:18.090145+00:00",
      "2026-07-17 20:54:18.090658+00:00",
      "2026-07-17 20:54:18.091731+00:00",
      "2026-07-17 20:54:18.092597+00:00",
      "2026-07-17 20:54:18.094765+00:00"
    ]
  },
  "doc_assemble": {
    "scope": "document",
    "count": 1,
    "times": [
      0.03830433078110218
    ],
    "start_timestamps": [
      "2026-07-17 20:54:18.095886+00:00"
    ]
  },
  "reading_order": {
    "scope": "document",
    "count": 1,
    "times": [
      0.0377550283446908
    ],
    "start_timestamps": [
      "2026-07-17 20:54:18.096022+00:00"
    ]
  },
  "doc_enrich": {
    "scope": "document",
    "count": 1,
    "times": [
      0.6239616526290774
    ],
    "start_timestamps": [
      "2026-07-17 20:54:18.134214+00:00"
    ]
  }
}
All hyperlinked elements redacted in-memory.
Clean PDF conversion timings:
{
  "pipeline_total": {
    "scope": "document",
    "count": 1,
    "times": [
      9.730338151566684
    ],
    "start_timestamps": [
      "2026-07-17 20:54:19.050948+00:00"
    ]
  },
  "page_parse": {
    "scope": "page",
    "count": 9,
    "times": [
      0.12552041467279196,
      0.11836049146950245,
      0.1360093830153346,
      0.25516283605247736,
      0.43917934875935316,
      0.16709830611944199,
      0.19730769377201796,
      0.18806548230350018,
      0.14425059035420418
    ],
    "start_timestamps": [
      "2026-07-17 20:54:19.058186+00:00",
      "2026-07-17 20:54:19.183757+00:00",
      "2026-07-17 20:54:19.302165+00:00",
      "2026-07-17 20:54:19.438227+00:00",
      "2026-07-17 20:54:19.693445+00:00",
      "2026-07-17 20:54:20.132668+00:00",
      "2026-07-17 20:54:20.299819+00:00",
      "2026-07-17 20:54:20.497168+00:00",
      "2026-07-17 20:54:20.685277+00:00"
    ]
  },
  "ocr": {
    "scope": "page",
    "count": 9,
    "times": [
      1.6500232182443142,
      1.044153411872685,
      0.5169401299208403,
      0.5690157348290086,
      1.0290251830592752,
      1.0469196271151304,
      0.7240258045494556,
      0.13302911538630724,
      0.13244076818227768
    ],
    "start_timestamps": [
      "2026-07-17 20:54:19.183908+00:00",
      "2026-07-17 20:54:20.833982+00:00",
      "2026-07-17 20:54:21.878153+00:00",
      "2026-07-17 20:54:22.395112+00:00",
      "2026-07-17 20:54:22.964147+00:00",
      "2026-07-17 20:54:23.993191+00:00",
      "2026-07-17 20:54:25.040128+00:00",
      "2026-07-17 20:54:25.764171+00:00",
      "2026-07-17 20:54:25.897209+00:00"
    ]
  },
  "layout": {
    "scope": "page",
    "count": 2,
    "times": [
      0.05606850981712341,
      0.09943982679396868
    ],
    "start_timestamps": [
      "2026-07-17 20:54:20.834178+00:00",
      "2026-07-17 20:54:26.029929+00:00"
    ]
  },
  "table_structure": {
    "scope": "page",
    "count": 9,
    "times": [
      2.0577572286128998e-05,
      0.48047586996108294,
      1.7233192920684814e-05,
      7.543712854385376e-06,
      0.415971115231514,
      2.1589919924736023e-05,
      1.2493692338466644e-05,
      1.6139820218086243e-05,
      1.2803822755813599e-05
    ],
    "start_timestamps": [
      "2026-07-17 20:54:20.946199+00:00",
      "2026-07-17 20:54:26.698208+00:00",
      "2026-07-17 20:54:27.178700+00:00",
      "2026-07-17 20:54:27.178719+00:00",
      "2026-07-17 20:54:27.178731+00:00",
      "2026-07-17 20:54:27.594863+00:00",
      "2026-07-17 20:54:27.594887+00:00",
      "2026-07-17 20:54:27.594903+00:00",
      "2026-07-17 20:54:27.594923+00:00"
    ]
  },
  "page_assemble": {
    "scope": "page",
    "count": 9,
    "times": [
      0.0002849157899618149,
      0.00038611702620983124,
      0.00047325994819402695,
      0.0004418715834617615,
      0.0002841949462890625,
      0.0003198618069291115,
      0.00034171249717473984,
      0.00044661015272140503,
      0.0004415316507220268
    ],
    "start_timestamps": [
      "2026-07-17 20:54:20.946286+00:00",
      "2026-07-17 20:54:27.595007+00:00",
      "2026-07-17 20:54:27.595446+00:00",
      "2026-07-17 20:54:27.595940+00:00",
      "2026-07-17 20:54:27.596411+00:00",
      "2026-07-17 20:54:27.596715+00:00",
      "2026-07-17 20:54:27.597053+00:00",
      "2026-07-17 20:54:27.597421+00:00",
      "2026-07-17 20:54:27.597886+00:00"
    ]
  },
  "doc_assemble": {
    "scope": "document",
    "count": 1,
    "times": [
      0.03594447113573551
    ],
    "start_timestamps": [
      "2026-07-17 20:54:27.598711+00:00"
    ]
  },
  "reading_order": {
    "scope": "document",
    "count": 1,
    "times": [
      0.03543810825794935
    ],
    "start_timestamps": [
      "2026-07-17 20:54:27.598810+00:00"
    ]
  },
  "doc_enrich": {
    "scope": "document",
    "count": 1,
    "times": [
      1.1465921206399798
    ],
    "start_timestamps": [
      "2026-07-17 20:54:27.634678+00:00"
    ]
  }
}
Function parse_pdf took 19.2750 seconds to execute.
Running: get_tables
Function get_tables took 0.0001 seconds to execute.
Running: get_surrounding_paragraphs
Function get_surrounding_paragraphs took 0.0001 seconds to execute.
