Running: parse_pdf
Raw PDF conversion timings:
{
  "pipeline_total": {
    "scope": "document",
    "count": 1,
    "times": [
      84.1087343711406
    ],
    "start_timestamps": [
      "2026-07-23 17:49:06.606201+00:00"
    ]
  },
  "page_parse": {
    "scope": "page",
    "count": 5,
    "times": [
      0.08084047120064497,
      0.099592006765306,
      0.1109597384929657,
      0.2939895438030362,
      0.06995832454413176
    ],
    "start_timestamps": [
      "2026-07-23 17:49:06.610052+00:00",
      "2026-07-23 17:49:06.690933+00:00",
      "2026-07-23 17:49:06.790563+00:00",
      "2026-07-23 17:49:06.901568+00:00",
      "2026-07-23 17:49:07.195612+00:00"
    ]
  },
  "ocr": {
    "scope": "page",
    "count": 5,
    "times": [
      1.2571241613477468,
      0.12813911493867636,
      0.12020456325262785,
      0.1228526784107089,
      0.11996388249099255
    ],
    "start_timestamps": [
      "2026-07-23 17:49:06.691194+00:00",
      "2026-07-23 17:49:07.948416+00:00",
      "2026-07-23 17:49:08.076564+00:00",
      "2026-07-23 17:49:08.196779+00:00",
      "2026-07-23 17:49:08.319640+00:00"
    ]
  },
  "layout": {
    "scope": "page",
    "count": 2,
    "times": [
      0.07194880861788988,
      0.06816548015922308
    ],
    "start_timestamps": [
      "2026-07-23 17:49:07.948495+00:00",
      "2026-07-23 17:49:08.439727+00:00"
    ]
  },
  "table_structure": {
    "scope": "page",
    "count": 5,
    "times": [
      2.0178034901618958e-05,
      2.6520341634750366e-05,
      8.696690201759338e-06,
      0.3172197975218296,
      2.1921470761299133e-05
    ],
    "start_timestamps": [
      "2026-07-23 17:49:08.056220+00:00",
      "2026-07-23 17:49:08.728220+00:00",
      "2026-07-23 17:49:08.728254+00:00",
      "2026-07-23 17:49:08.728266+00:00",
      "2026-07-23 17:49:09.045503+00:00"
    ]
  },
  "page_assemble": {
    "scope": "page",
    "count": 5,
    "times": [
      0.0014987196773290634,
      0.0006238343194127083,
      0.0002722525969147682,
      0.011916984803974628,
      0.005743667483329773
    ],
    "start_timestamps": [
      "2026-07-23 17:49:08.056310+00:00",
      "2026-07-23 17:49:09.045807+00:00",
      "2026-07-23 17:49:09.046463+00:00",
      "2026-07-23 17:49:09.046755+00:00",
      "2026-07-23 17:49:09.058702+00:00"
    ]
  },
  "doc_assemble": {
    "scope": "document",
    "count": 1,
    "times": [
      0.02780887857079506
    ],
    "start_timestamps": [
      "2026-07-23 17:49:09.064600+00:00"
    ]
  },
  "reading_order": {
    "scope": "document",
    "count": 1,
    "times": [
      0.027391674928367138
    ],
    "start_timestamps": [
      "2026-07-23 17:49:09.064659+00:00"
    ]
  },
  "doc_enrich": {
    "scope": "document",
    "count": 1,
    "times": [
      81.62247338239104
    ],
    "start_timestamps": [
      "2026-07-23 17:49:09.092433+00:00"
    ]
  }
}
All hyperlinked elements redacted in-memory.
RapidOCR returned empty result!
Clean PDF conversion timings:
{
  "pipeline_total": {
    "scope": "document",
    "count": 1,
    "times": [
      83.4906624108553
    ],
    "start_timestamps": [
      "2026-07-23 17:50:31.204612+00:00"
    ]
  },
  "page_parse": {
    "scope": "page",
    "count": 5,
    "times": [
      0.08062485791742802,
      0.09959042817354202,
      0.11224858835339546,
      0.10373793356120586,
      0.05066519137471914
    ],
    "start_timestamps": [
      "2026-07-23 17:50:31.208758+00:00",
      "2026-07-23 17:50:31.289432+00:00",
      "2026-07-23 17:50:31.389061+00:00",
      "2026-07-23 17:50:31.501388+00:00",
      "2026-07-23 17:50:31.605174+00:00"
    ]
  },
  "ocr": {
    "scope": "page",
    "count": 5,
    "times": [
      1.244269309565425,
      0.13024945091456175,
      0.12189775612205267,
      0.1218548845499754,
      0.1215929314494133
    ],
    "start_timestamps": [
      "2026-07-23 17:50:31.289682+00:00",
      "2026-07-23 17:50:32.534046+00:00",
      "2026-07-23 17:50:32.664304+00:00",
      "2026-07-23 17:50:32.786211+00:00",
      "2026-07-23 17:50:32.908074+00:00"
    ]
  },
  "layout": {
    "scope": "page",
    "count": 2,
    "times": [
      0.07298715598881245,
      0.0669021150097251
    ],
    "start_timestamps": [
      "2026-07-23 17:50:32.534129+00:00",
      "2026-07-23 17:50:33.029794+00:00"
    ]
  },
  "table_structure": {
    "scope": "page",
    "count": 5,
    "times": [
      2.2822991013526917e-05,
      2.6951543986797333e-05,
      8.786097168922424e-06,
      0.31439831014722586,
      0.416886942461133
    ],
    "start_timestamps": [
      "2026-07-23 17:50:32.637324+00:00",
      "2026-07-23 17:50:33.310135+00:00",
      "2026-07-23 17:50:33.310166+00:00",
      "2026-07-23 17:50:33.310179+00:00",
      "2026-07-23 17:50:33.624594+00:00"
    ]
  },
  "page_assemble": {
    "scope": "page",
    "count": 5,
    "times": [
      0.0003284178674221039,
      0.0006272606551647186,
      0.00038946326822042465,
      0.00042126327753067017,
      5.585514008998871e-05
    ],
    "start_timestamps": [
      "2026-07-23 17:50:32.637422+00:00",
      "2026-07-23 17:50:34.041675+00:00",
      "2026-07-23 17:50:34.042334+00:00",
      "2026-07-23 17:50:34.042745+00:00",
      "2026-07-23 17:50:34.043187+00:00"
    ]
  },
  "doc_assemble": {
    "scope": "document",
    "count": 1,
    "times": [
      0.03847845830023289
    ],
    "start_timestamps": [
      "2026-07-23 17:50:34.043423+00:00"
    ]
  },
  "reading_order": {
    "scope": "document",
    "count": 1,
    "times": [
      0.03797575179487467
    ],
    "start_timestamps": [
      "2026-07-23 17:50:34.043529+00:00"
    ]
  },
  "doc_enrich": {
    "scope": "document",
    "count": 1,
    "times": [
      80.61330959387124
    ],
    "start_timestamps": [
      "2026-07-23 17:50:34.081933+00:00"
    ]
  }
}
Function parse_pdf took 168.2048 seconds to execute.
Running: get_tables
Function get_tables took 0.0001 seconds to execute.
Running: get_surrounding_paragraphs
Function get_surrounding_paragraphs took 0.0001 seconds to execute.
