Running: parse_pdf
Raw PDF conversion timings:
{
  "pipeline_total": {
    "scope": "document",
    "count": 1,
    "times": [
      3.2625018330290914
    ],
    "start_timestamps": [
      "2026-07-17 19:42:42.980867+00:00"
    ]
  },
  "page_parse": {
    "scope": "page",
    "count": 6,
    "times": [
      0.1984558692201972,
      0.1253229258581996,
      0.1860363632440567,
      0.182935681194067,
      0.15180630795657635,
      0.0401449128985405
    ],
    "start_timestamps": [
      "2026-07-17 19:42:42.991559+00:00",
      "2026-07-17 19:42:43.190055+00:00",
      "2026-07-17 19:42:43.315429+00:00",
      "2026-07-17 19:42:43.501522+00:00",
      "2026-07-17 19:42:43.684508+00:00",
      "2026-07-17 19:42:43.836360+00:00"
    ]
  },
  "ocr": {
    "scope": "page",
    "count": 6,
    "times": [
      1.265613696537912,
      0.9456477155908942,
      0.12861831579357386,
      0.12684206292033195,
      0.12923362292349339,
      0.12579371221363544
    ],
    "start_timestamps": [
      "2026-07-17 19:42:43.190319+00:00",
      "2026-07-17 19:42:44.456005+00:00",
      "2026-07-17 19:42:45.401668+00:00",
      "2026-07-17 19:42:45.530294+00:00",
      "2026-07-17 19:42:45.657146+00:00",
      "2026-07-17 19:42:45.786389+00:00"
    ]
  },
  "layout": {
    "scope": "page",
    "count": 2,
    "times": [
      0.07169680017977953,
      0.08083689585328102
    ],
    "start_timestamps": [
      "2026-07-17 19:42:44.456080+00:00",
      "2026-07-17 19:42:45.912477+00:00"
    ]
  },
  "table_structure": {
    "scope": "page",
    "count": 6,
    "times": [
      2.5257468223571777e-05,
      2.684071660041809e-05,
      9.017065167427063e-06,
      6.78282231092453e-06,
      1.2463890016078949e-05,
      8.706934750080109e-06
    ],
    "start_timestamps": [
      "2026-07-17 19:42:44.532511+00:00",
      "2026-07-17 19:42:46.192509+00:00",
      "2026-07-17 19:42:46.192541+00:00",
      "2026-07-17 19:42:46.192554+00:00",
      "2026-07-17 19:42:46.192565+00:00",
      "2026-07-17 19:42:46.192612+00:00"
    ]
  },
  "page_assemble": {
    "scope": "page",
    "count": 6,
    "times": [
      0.00046404357999563217,
      0.0005999188870191574,
      0.00022756773978471756,
      0.00016623269766569138,
      0.00036150962114334106,
      0.00032695475965738297
    ],
    "start_timestamps": [
      "2026-07-17 19:42:44.532596+00:00",
      "2026-07-17 19:42:46.192731+00:00",
      "2026-07-17 19:42:46.193365+00:00",
      "2026-07-17 19:42:46.193613+00:00",
      "2026-07-17 19:42:46.193797+00:00",
      "2026-07-17 19:42:46.194177+00:00"
    ]
  },
  "doc_assemble": {
    "scope": "document",
    "count": 1,
    "times": [
      0.046751231886446476
    ],
    "start_timestamps": [
      "2026-07-17 19:42:46.194703+00:00"
    ]
  },
  "reading_order": {
    "scope": "document",
    "count": 1,
    "times": [
      0.04629161674529314
    ],
    "start_timestamps": [
      "2026-07-17 19:42:46.194778+00:00"
    ]
  },
  "doc_enrich": {
    "scope": "document",
    "count": 1,
    "times": [
      0.00188466627150774
    ],
    "start_timestamps": [
      "2026-07-17 19:42:46.241478+00:00"
    ]
  }
}
All hyperlinked elements redacted in-memory.
Clean PDF conversion timings:
{
  "pipeline_total": {
    "scope": "document",
    "count": 1,
    "times": [
      1.84486601408571
    ],
    "start_timestamps": [
      "2026-07-17 19:42:46.346701+00:00"
    ]
  },
  "page_parse": {
    "scope": "page",
    "count": 6,
    "times": [
      0.1991152986884117,
      0.11508799158036709,
      0.18041903618723154,
      0.15513544157147408,
      0.14971859008073807,
      0.06145282927900553
    ],
    "start_timestamps": [
      "2026-07-17 19:42:46.356798+00:00",
      "2026-07-17 19:42:46.555956+00:00",
      "2026-07-17 19:42:46.671083+00:00",
      "2026-07-17 19:42:46.851545+00:00",
      "2026-07-17 19:42:47.006724+00:00",
      "2026-07-17 19:42:47.156484+00:00"
    ]
  },
  "ocr": {
    "scope": "page",
    "count": 6,
    "times": [
      0.6766009461134672,
      0.12277255766093731,
      0.13026411179453135,
      0.1276050191372633,
      0.12842810805886984,
      0.12470064498484135
    ],
    "start_timestamps": [
      "2026-07-17 19:42:46.556338+00:00",
      "2026-07-17 19:42:47.233005+00:00",
      "2026-07-17 19:42:47.355785+00:00",
      "2026-07-17 19:42:47.486059+00:00",
      "2026-07-17 19:42:47.613673+00:00",
      "2026-07-17 19:42:47.742111+00:00"
    ]
  },
  "layout": {
    "scope": "page",
    "count": 2,
    "times": [
      0.07331719901412725,
      0.08008004073053598
    ],
    "start_timestamps": [
      "2026-07-17 19:42:47.233119+00:00",
      "2026-07-17 19:42:47.866945+00:00"
    ]
  },
  "table_structure": {
    "scope": "page",
    "count": 6,
    "times": [
      1.417752355337143e-05,
      2.7632340788841248e-05,
      9.56747680902481e-06,
      6.3925981521606445e-06,
      1.2423843145370483e-05,
      9.107403457164764e-06
    ],
    "start_timestamps": [
      "2026-07-17 19:42:47.310954+00:00",
      "2026-07-17 19:42:48.141875+00:00",
      "2026-07-17 19:42:48.141907+00:00",
      "2026-07-17 19:42:48.141920+00:00",
      "2026-07-17 19:42:48.141930+00:00",
      "2026-07-17 19:42:48.141982+00:00"
    ]
  },
  "page_assemble": {
    "scope": "page",
    "count": 6,
    "times": [
      0.00012740958482027054,
      0.00024434924125671387,
      0.00024944916367530823,
      0.00018984638154506683,
      0.00040028244256973267,
      0.00021336041390895844
    ],
    "start_timestamps": [
      "2026-07-17 19:42:47.311024+00:00",
      "2026-07-17 19:42:48.142073+00:00",
      "2026-07-17 19:42:48.142352+00:00",
      "2026-07-17 19:42:48.142625+00:00",
      "2026-07-17 19:42:48.142837+00:00",
      "2026-07-17 19:42:48.143255+00:00"
    ]
  },
  "doc_assemble": {
    "scope": "document",
    "count": 1,
    "times": [
      0.04610970430076122
    ],
    "start_timestamps": [
      "2026-07-17 19:42:48.143630+00:00"
    ]
  },
  "reading_order": {
    "scope": "document",
    "count": 1,
    "times": [
      0.04561127629131079
    ],
    "start_timestamps": [
      "2026-07-17 19:42:48.143749+00:00"
    ]
  },
  "doc_enrich": {
    "scope": "document",
    "count": 1,
    "times": [
      0.0017977617681026459
    ],
    "start_timestamps": [
      "2026-07-17 19:42:48.189764+00:00"
    ]
  }
}
Function parse_pdf took 5.3740 seconds to execute.
Running: get_tables
Function get_tables took 0.0000 seconds to execute.
Running: get_surrounding_paragraphs
Function get_surrounding_paragraphs took 0.0000 seconds to execute.
