Running: parse_pdf
Raw PDF conversion timings:
{
  "pipeline_total": {
    "scope": "document",
    "count": 1,
    "times": [
      33.21488264016807
    ],
    "start_timestamps": [
      "2026-07-17 17:15:55.009073+00:00"
    ]
  },
  "page_parse": {
    "scope": "page",
    "count": 6,
    "times": [
      0.22864998504519463,
      0.2595038991421461,
      0.35829030349850655,
      0.24861968867480755,
      0.3184313764795661,
      0.4214243860915303
    ],
    "start_timestamps": [
      "2026-07-17 17:15:55.013709+00:00",
      "2026-07-17 17:15:55.242407+00:00",
      "2026-07-17 17:15:55.501952+00:00",
      "2026-07-17 17:15:55.860294+00:00",
      "2026-07-17 17:15:56.108965+00:00",
      "2026-07-17 17:15:56.427469+00:00"
    ]
  },
  "ocr": {
    "scope": "page",
    "count": 6,
    "times": [
      4.5556074464693666,
      4.059251842088997,
      3.8471639892086387,
      3.9644781472161412,
      4.051305520348251,
      3.743961613625288
    ],
    "start_timestamps": [
      "2026-07-17 17:15:55.242875+00:00",
      "2026-07-17 17:15:59.798613+00:00",
      "2026-07-17 17:16:03.857904+00:00",
      "2026-07-17 17:16:07.705086+00:00",
      "2026-07-17 17:16:11.669583+00:00",
      "2026-07-17 17:16:15.720939+00:00"
    ]
  },
  "layout": {
    "scope": "page",
    "count": 2,
    "times": [
      0.06733974441885948,
      0.09271947387605906
    ],
    "start_timestamps": [
      "2026-07-17 17:15:59.798742+00:00",
      "2026-07-17 17:16:19.465148+00:00"
    ]
  },
  "table_structure": {
    "scope": "page",
    "count": 6,
    "times": [
      2.0237639546394348e-05,
      9.65222716331482e-05,
      0.28543098270893097,
      0.4532438153401017,
      3.412365913391113e-05,
      3.293156623840332e-05
    ],
    "start_timestamps": [
      "2026-07-17 17:15:59.893755+00:00",
      "2026-07-17 17:16:19.818674+00:00",
      "2026-07-17 17:16:19.818780+00:00",
      "2026-07-17 17:16:20.104233+00:00",
      "2026-07-17 17:16:20.557497+00:00",
      "2026-07-17 17:16:20.557689+00:00"
    ]
  },
  "page_assemble": {
    "scope": "page",
    "count": 6,
    "times": [
      0.00022682640701532364,
      0.00047613587230443954,
      0.0004741428419947624,
      0.0003066565841436386,
      0.0003299405798316002,
      0.0004317723214626312
    ],
    "start_timestamps": [
      "2026-07-17 17:15:59.893831+00:00",
      "2026-07-17 17:16:20.557822+00:00",
      "2026-07-17 17:16:20.558347+00:00",
      "2026-07-17 17:16:20.558848+00:00",
      "2026-07-17 17:16:20.559175+00:00",
      "2026-07-17 17:16:20.559525+00:00"
    ]
  },
  "doc_assemble": {
    "scope": "document",
    "count": 1,
    "times": [
      0.04864408541470766
    ],
    "start_timestamps": [
      "2026-07-17 17:16:20.560355+00:00"
    ]
  },
  "reading_order": {
    "scope": "document",
    "count": 1,
    "times": [
      0.04758971091359854
    ],
    "start_timestamps": [
      "2026-07-17 17:16:20.560752+00:00"
    ]
  },
  "doc_enrich": {
    "scope": "document",
    "count": 1,
    "times": [
      7.614859345369041
    ],
    "start_timestamps": [
      "2026-07-17 17:16:20.609038+00:00"
    ]
  }
}
All hyperlinked elements redacted in-memory.
Clean PDF conversion timings:
{
  "pipeline_total": {
    "scope": "document",
    "count": 1,
    "times": [
      32.57109571993351
    ],
    "start_timestamps": [
      "2026-07-17 17:16:28.287489+00:00"
    ]
  },
  "page_parse": {
    "scope": "page",
    "count": 6,
    "times": [
      0.23329895548522472,
      0.2600620510056615,
      0.3627944430336356,
      0.2470700666308403,
      0.2591222822666168,
      0.24596270266920328
    ],
    "start_timestamps": [
      "2026-07-17 17:16:28.292424+00:00",
      "2026-07-17 17:16:28.525770+00:00",
      "2026-07-17 17:16:28.785879+00:00",
      "2026-07-17 17:16:29.148727+00:00",
      "2026-07-17 17:16:29.395854+00:00",
      "2026-07-17 17:16:29.655025+00:00"
    ]
  },
  "ocr": {
    "scope": "page",
    "count": 6,
    "times": [
      4.469642836600542,
      3.968687300570309,
      3.7388901244848967,
      3.841435944661498,
      3.9581044306978583,
      3.63769559469074
    ],
    "start_timestamps": [
      "2026-07-17 17:16:28.526107+00:00",
      "2026-07-17 17:16:32.995882+00:00",
      "2026-07-17 17:16:36.964586+00:00",
      "2026-07-17 17:16:40.703495+00:00",
      "2026-07-17 17:16:44.544955+00:00",
      "2026-07-17 17:16:48.503082+00:00"
    ]
  },
  "layout": {
    "scope": "page",
    "count": 2,
    "times": [
      0.06444503366947174,
      0.08219037391245365
    ],
    "start_timestamps": [
      "2026-07-17 17:16:32.995997+00:00",
      "2026-07-17 17:16:52.141075+00:00"
    ]
  },
  "table_structure": {
    "scope": "page",
    "count": 6,
    "times": [
      4.780106246471405e-05,
      3.205984830856323e-05,
      0.28253663796931505,
      0.44897463358938694,
      2.802349627017975e-05,
      2.3184344172477722e-05
    ],
    "start_timestamps": [
      "2026-07-17 17:16:33.088462+00:00",
      "2026-07-17 17:16:52.484499+00:00",
      "2026-07-17 17:16:52.484537+00:00",
      "2026-07-17 17:16:52.767091+00:00",
      "2026-07-17 17:16:53.216082+00:00",
      "2026-07-17 17:16:53.216280+00:00"
    ]
  },
  "page_assemble": {
    "scope": "page",
    "count": 6,
    "times": [
      0.0003735627979040146,
      0.0004325844347476959,
      0.000417185015976429,
      0.0002714209258556366,
      0.0002674032002687454,
      0.0003738235682249069
    ],
    "start_timestamps": [
      "2026-07-17 17:16:33.088622+00:00",
      "2026-07-17 17:16:53.216426+00:00",
      "2026-07-17 17:16:53.216897+00:00",
      "2026-07-17 17:16:53.217339+00:00",
      "2026-07-17 17:16:53.217634+00:00",
      "2026-07-17 17:16:53.217923+00:00"
    ]
  },
  "doc_assemble": {
    "scope": "document",
    "count": 1,
    "times": [
      0.046943665482103825
    ],
    "start_timestamps": [
      "2026-07-17 17:16:53.218670+00:00"
    ]
  },
  "reading_order": {
    "scope": "document",
    "count": 1,
    "times": [
      0.04605626594275236
    ],
    "start_timestamps": [
      "2026-07-17 17:16:53.218857+00:00"
    ]
  },
  "doc_enrich": {
    "scope": "document",
    "count": 1,
    "times": [
      7.592913975007832
    ],
    "start_timestamps": [
      "2026-07-17 17:16:53.265649+00:00"
    ]
  }
}
Function parse_pdf took 66.1315 seconds to execute.
Running: get_tables
Function get_tables took 0.0001 seconds to execute.
Running: get_surrounding_paragraphs
Function get_surrounding_paragraphs took 0.0001 seconds to execute.
