Running: parse_pdf
Raw PDF conversion timings:
{
  "pipeline_total": {
    "scope": "document",
    "count": 1,
    "times": [
      93.62384339049459
    ],
    "start_timestamps": [
      "2026-07-23 18:56:01.071629+00:00"
    ]
  },
  "page_parse": {
    "scope": "page",
    "count": 10,
    "times": [
      0.0820304462686181,
      0.12069622334092855,
      0.21625293511897326,
      0.19536505546420813,
      0.20700729545205832,
      0.2835551956668496,
      0.15931574255228043,
      0.28276940528303385,
      0.15682233031839132,
      0.15038686897605658
    ],
    "start_timestamps": [
      "2026-07-23 18:56:01.075297+00:00",
      "2026-07-23 18:56:01.157368+00:00",
      "2026-07-23 18:56:01.278106+00:00",
      "2026-07-23 18:56:01.494417+00:00",
      "2026-07-23 18:56:01.689821+00:00",
      "2026-07-23 18:56:01.896878+00:00",
      "2026-07-23 18:56:02.180477+00:00",
      "2026-07-23 18:56:02.339847+00:00",
      "2026-07-23 18:56:02.622668+00:00",
      "2026-07-23 18:56:02.779531+00:00"
    ]
  },
  "ocr": {
    "scope": "page",
    "count": 10,
    "times": [
      0.12873241771012545,
      0.21919214725494385,
      3.0265296921133995,
      1.1483320137485862,
      2.553583755157888,
      1.827866217121482,
      1.5163273299112916,
      0.11813720781356096,
      0.11834819428622723,
      0.1239860039204359
    ],
    "start_timestamps": [
      "2026-07-23 18:56:01.157729+00:00",
      "2026-07-23 18:56:01.286497+00:00",
      "2026-07-23 18:56:01.505717+00:00",
      "2026-07-23 18:56:04.532369+00:00",
      "2026-07-23 18:56:05.680716+00:00",
      "2026-07-23 18:56:08.234315+00:00",
      "2026-07-23 18:56:10.062197+00:00",
      "2026-07-23 18:56:11.578540+00:00",
      "2026-07-23 18:56:11.696688+00:00",
      "2026-07-23 18:56:11.815047+00:00"
    ]
  },
  "layout": {
    "scope": "page",
    "count": 4,
    "times": [
      0.05672813858836889,
      0.02708196546882391,
      0.026785780675709248,
      0.09110757987946272
    ],
    "start_timestamps": [
      "2026-07-23 18:56:01.286615+00:00",
      "2026-07-23 18:56:01.505769+00:00",
      "2026-07-23 18:56:04.532439+00:00",
      "2026-07-23 18:56:11.939233+00:00"
    ]
  },
  "table_structure": {
    "scope": "page",
    "count": 10,
    "times": [
      1.554936170578003e-05,
      1.8374063074588776e-05,
      2.621859312057495e-05,
      3.6017969250679016e-05,
      1.5718862414360046e-05,
      6.872229278087616e-06,
      7.144175469875336e-06,
      9.797513484954834e-06,
      1.1171214282512665e-05,
      1.126062124967575e-05
    ],
    "start_timestamps": [
      "2026-07-23 18:56:01.502160+00:00",
      "2026-07-23 18:56:01.690037+00:00",
      "2026-07-23 18:56:04.585095+00:00",
      "2026-07-23 18:56:12.500376+00:00",
      "2026-07-23 18:56:12.500417+00:00",
      "2026-07-23 18:56:12.500438+00:00",
      "2026-07-23 18:56:12.500448+00:00",
      "2026-07-23 18:56:12.500493+00:00",
      "2026-07-23 18:56:12.500507+00:00",
      "2026-07-23 18:56:12.500522+00:00"
    ]
  },
  "page_assemble": {
    "scope": "page",
    "count": 10,
    "times": [
      0.00036929547786712646,
      0.00042008981108665466,
      0.00032163504511117935,
      0.0003799647092819214,
      0.000254007987678051,
      0.00013886112719774246,
      0.0002818293869495392,
      0.00032593216747045517,
      0.00039574503898620605,
      0.00036629941314458847
    ],
    "start_timestamps": [
      "2026-07-23 18:56:01.502235+00:00",
      "2026-07-23 18:56:01.690091+00:00",
      "2026-07-23 18:56:04.585166+00:00",
      "2026-07-23 18:56:12.500592+00:00",
      "2026-07-23 18:56:12.501001+00:00",
      "2026-07-23 18:56:12.501275+00:00",
      "2026-07-23 18:56:12.501433+00:00",
      "2026-07-23 18:56:12.501733+00:00",
      "2026-07-23 18:56:12.502078+00:00",
      "2026-07-23 18:56:12.502493+00:00"
    ]
  },
  "doc_assemble": {
    "scope": "document",
    "count": 1,
    "times": [
      0.075836680829525
    ],
    "start_timestamps": [
      "2026-07-23 18:56:12.503021+00:00"
    ]
  },
  "reading_order": {
    "scope": "document",
    "count": 1,
    "times": [
      0.07523874472826719
    ],
    "start_timestamps": [
      "2026-07-23 18:56:12.503144+00:00"
    ]
  },
  "doc_enrich": {
    "scope": "document",
    "count": 1,
    "times": [
      82.11655327118933
    ],
    "start_timestamps": [
      "2026-07-23 18:56:12.578883+00:00"
    ]
  }
}
All hyperlinked elements redacted in-memory.
Clean PDF conversion timings:
{
  "pipeline_total": {
    "scope": "document",
    "count": 1,
    "times": [
      93.64964592922479
    ],
    "start_timestamps": [
      "2026-07-23 18:57:34.791701+00:00"
    ]
  },
  "page_parse": {
    "scope": "page",
    "count": 10,
    "times": [
      0.08414752036333084,
      0.12285508494824171,
      0.199364366941154,
      0.15134693030267954,
      0.1861716266721487,
      0.20779087860137224,
      0.6145003046840429,
      0.14576175902038813,
      0.13671405892819166,
      0.1066973814740777
    ],
    "start_timestamps": [
      "2026-07-23 18:57:34.795630+00:00",
      "2026-07-23 18:57:34.879818+00:00",
      "2026-07-23 18:57:35.002718+00:00",
      "2026-07-23 18:57:35.202131+00:00",
      "2026-07-23 18:57:35.353522+00:00",
      "2026-07-23 18:57:35.539754+00:00",
      "2026-07-23 18:57:35.747595+00:00",
      "2026-07-23 18:57:36.362133+00:00",
      "2026-07-23 18:57:36.507951+00:00",
      "2026-07-23 18:57:36.644715+00:00"
    ]
  },
  "ocr": {
    "scope": "page",
    "count": 10,
    "times": [
      0.12939861975610256,
      0.21953335870057344,
      3.2506817607209086,
      1.1410627961158752,
      2.392648776061833,
      1.7967282915487885,
      1.4779203291982412,
      0.1178531302139163,
      0.12214571889489889,
      0.12369910255074501
    ],
    "start_timestamps": [
      "2026-07-23 18:57:34.880124+00:00",
      "2026-07-23 18:57:35.009558+00:00",
      "2026-07-23 18:57:35.229118+00:00",
      "2026-07-23 18:57:38.479907+00:00",
      "2026-07-23 18:57:39.620985+00:00",
      "2026-07-23 18:57:42.013650+00:00",
      "2026-07-23 18:57:43.810395+00:00",
      "2026-07-23 18:57:45.288331+00:00",
      "2026-07-23 18:57:45.406193+00:00",
      "2026-07-23 18:57:45.528349+00:00"
    ]
  },
  "layout": {
    "scope": "page",
    "count": 4,
    "times": [
      0.058373067528009415,
      0.13414232898503542,
      0.02838116977363825,
      0.09243872575461864
    ],
    "start_timestamps": [
      "2026-07-23 18:57:35.009691+00:00",
      "2026-07-23 18:57:35.229172+00:00",
      "2026-07-23 18:57:38.479987+00:00",
      "2026-07-23 18:57:45.652253+00:00"
    ]
  },
  "table_structure": {
    "scope": "page",
    "count": 10,
    "times": [
      1.7092563211917877e-05,
      2.3002736270427704e-05,
      3.0246563255786896e-05,
      3.1118281185626984e-05,
      1.0279007256031036e-05,
      7.0426613092422485e-06,
      7.45430588722229e-06,
      9.647570550441742e-06,
      1.1801719665527344e-05,
      1.1742115020751953e-05
    ],
    "start_timestamps": [
      "2026-07-23 18:57:35.226040+00:00",
      "2026-07-23 18:57:35.412318+00:00",
      "2026-07-23 18:57:38.534217+00:00",
      "2026-07-23 18:57:46.207774+00:00",
      "2026-07-23 18:57:46.207811+00:00",
      "2026-07-23 18:57:46.207826+00:00",
      "2026-07-23 18:57:46.207837+00:00",
      "2026-07-23 18:57:46.207881+00:00",
      "2026-07-23 18:57:46.207895+00:00",
      "2026-07-23 18:57:46.207911+00:00"
    ]
  },
  "page_assemble": {
    "scope": "page",
    "count": 10,
    "times": [
      0.0002838652580976486,
      0.0004133880138397217,
      0.00035580992698669434,
      0.00039158668369054794,
      0.0002540573477745056,
      0.00012640748172998428,
      0.0002786954864859581,
      0.0003451099619269371,
      0.00041268765926361084,
      0.00038905348628759384
    ],
    "start_timestamps": [
      "2026-07-23 18:57:35.226115+00:00",
      "2026-07-23 18:57:35.412379+00:00",
      "2026-07-23 18:57:38.534291+00:00",
      "2026-07-23 18:57:46.207987+00:00",
      "2026-07-23 18:57:46.208419+00:00",
      "2026-07-23 18:57:46.208696+00:00",
      "2026-07-23 18:57:46.208840+00:00",
      "2026-07-23 18:57:46.209137+00:00",
      "2026-07-23 18:57:46.209502+00:00",
      "2026-07-23 18:57:46.209933+00:00"
    ]
  },
  "doc_assemble": {
    "scope": "document",
    "count": 1,
    "times": [
      0.07246622443199158
    ],
    "start_timestamps": [
      "2026-07-23 18:57:46.210553+00:00"
    ]
  },
  "reading_order": {
    "scope": "document",
    "count": 1,
    "times": [
      0.07179754506796598
    ],
    "start_timestamps": [
      "2026-07-23 18:57:46.210699+00:00"
    ]
  },
  "doc_enrich": {
    "scope": "document",
    "count": 1,
    "times": [
      82.15827118139714
    ],
    "start_timestamps": [
      "2026-07-23 18:57:46.283053+00:00"
    ]
  }
}
Function parse_pdf took 187.7229 seconds to execute.
Running: get_tables
Function get_tables took 0.0001 seconds to execute.
Running: get_surrounding_paragraphs
Function get_surrounding_paragraphs took 0.0001 seconds to execute.
