Running: parse_pdf
Raw PDF conversion timings:
{
  "pipeline_total": {
    "scope": "document",
    "count": 1,
    "times": [
      32.36112843826413
    ],
    "start_timestamps": [
      "2026-07-17 16:28:37.585467+00:00"
    ]
  },
  "page_parse": {
    "scope": "page",
    "count": 6,
    "times": [
      0.18133515398949385,
      0.17432322073727846,
      0.28962783236056566,
      0.14660707488656044,
      0.41244184132665396,
      0.2349870577454567
    ],
    "start_timestamps": [
      "2026-07-17 16:28:37.589347+00:00",
      "2026-07-17 16:28:37.770740+00:00",
      "2026-07-17 16:28:37.945107+00:00",
      "2026-07-17 16:28:38.234778+00:00",
      "2026-07-17 16:28:38.381446+00:00",
      "2026-07-17 16:28:38.793939+00:00"
    ]
  },
  "ocr": {
    "scope": "page",
    "count": 6,
    "times": [
      3.7237446773797274,
      3.1404141085222363,
      3.3924824027344584,
      3.096368543803692,
      4.0400586649775505,
      2.9999294374138117
    ],
    "start_timestamps": [
      "2026-07-17 16:28:37.770843+00:00",
      "2026-07-17 16:28:41.494774+00:00",
      "2026-07-17 16:28:44.635204+00:00",
      "2026-07-17 16:28:48.027718+00:00",
      "2026-07-17 16:28:51.124106+00:00",
      "2026-07-17 16:28:55.164184+00:00"
    ]
  },
  "layout": {
    "scope": "page",
    "count": 2,
    "times": [
      0.06300902739167213,
      0.0903561906889081
    ],
    "start_timestamps": [
      "2026-07-17 16:28:41.494869+00:00",
      "2026-07-17 16:28:58.164372+00:00"
    ]
  },
  "table_structure": {
    "scope": "page",
    "count": 6,
    "times": [
      2.112891525030136e-05,
      3.6257319152355194e-05,
      1.5067867934703827e-05,
      0.9759100032970309,
      2.7662143111228943e-05,
      2.5017186999320984e-05
    ],
    "start_timestamps": [
      "2026-07-17 16:28:41.612825+00:00",
      "2026-07-17 16:28:58.521060+00:00",
      "2026-07-17 16:28:58.521101+00:00",
      "2026-07-17 16:28:58.521121+00:00",
      "2026-07-17 16:28:59.497054+00:00",
      "2026-07-17 16:28:59.497500+00:00"
    ]
  },
  "page_assemble": {
    "scope": "page",
    "count": 6,
    "times": [
      0.0005199182778596878,
      0.00041353795677423477,
      0.00032782740890979767,
      0.00016860663890838623,
      0.00032684579491615295,
      0.000345790758728981
    ],
    "start_timestamps": [
      "2026-07-17 16:28:41.612891+00:00",
      "2026-07-17 16:28:59.497616+00:00",
      "2026-07-17 16:28:59.498066+00:00",
      "2026-07-17 16:28:59.498429+00:00",
      "2026-07-17 16:28:59.498624+00:00",
      "2026-07-17 16:28:59.498977+00:00"
    ]
  },
  "doc_assemble": {
    "scope": "document",
    "count": 1,
    "times": [
      0.031858871690928936
    ],
    "start_timestamps": [
      "2026-07-17 16:28:59.499588+00:00"
    ]
  },
  "reading_order": {
    "scope": "document",
    "count": 1,
    "times": [
      0.03116770088672638
    ],
    "start_timestamps": [
      "2026-07-17 16:28:59.499668+00:00"
    ]
  },
  "doc_enrich": {
    "scope": "document",
    "count": 1,
    "times": [
      10.415041003376245
    ],
    "start_timestamps": [
      "2026-07-17 16:28:59.531490+00:00"
    ]
  }
}
All hyperlinked elements redacted in-memory.
Clean PDF conversion timings:
{
  "pipeline_total": {
    "scope": "document",
    "count": 1,
    "times": [
      32.039590030908585
    ],
    "start_timestamps": [
      "2026-07-17 16:29:09.999266+00:00"
    ]
  },
  "page_parse": {
    "scope": "page",
    "count": 6,
    "times": [
      0.17494491953402758,
      0.17309237271547318,
      0.2989886710420251,
      0.14379900973290205,
      0.28228223882615566,
      0.27194824535399675
    ],
    "start_timestamps": [
      "2026-07-17 16:29:10.002566+00:00",
      "2026-07-17 16:29:10.177560+00:00",
      "2026-07-17 16:29:10.350699+00:00",
      "2026-07-17 16:29:10.649768+00:00",
      "2026-07-17 16:29:10.793647+00:00",
      "2026-07-17 16:29:11.075988+00:00"
    ]
  },
  "ocr": {
    "scope": "page",
    "count": 6,
    "times": [
      3.6832166658714414,
      3.061978259123862,
      3.4324734658002853,
      3.1927321664988995,
      4.016973121091723,
      3.02047604508698
    ],
    "start_timestamps": [
      "2026-07-17 16:29:10.177916+00:00",
      "2026-07-17 16:29:13.861280+00:00",
      "2026-07-17 16:29:16.923275+00:00",
      "2026-07-17 16:29:20.355766+00:00",
      "2026-07-17 16:29:23.548514+00:00",
      "2026-07-17 16:29:27.565507+00:00"
    ]
  },
  "layout": {
    "scope": "page",
    "count": 2,
    "times": [
      0.06249435059726238,
      0.08225170150399208
    ],
    "start_timestamps": [
      "2026-07-17 16:29:13.861429+00:00",
      "2026-07-17 16:29:30.586218+00:00"
    ]
  },
  "table_structure": {
    "scope": "page",
    "count": 6,
    "times": [
      2.644956111907959e-05,
      3.7651509046554565e-05,
      6.160605698823929e-05,
      0.9768376182764769,
      2.3663975298404694e-05,
      2.104043960571289e-05
    ],
    "start_timestamps": [
      "2026-07-17 16:29:13.980077+00:00",
      "2026-07-17 16:29:30.933341+00:00",
      "2026-07-17 16:29:30.933385+00:00",
      "2026-07-17 16:29:30.933453+00:00",
      "2026-07-17 16:29:31.910309+00:00",
      "2026-07-17 16:29:31.910671+00:00"
    ]
  },
  "page_assemble": {
    "scope": "page",
    "count": 6,
    "times": [
      0.00037769973278045654,
      0.0004032989963889122,
      0.00033809617161750793,
      0.00015798769891262054,
      0.0003098025918006897,
      0.0003250120207667351
    ],
    "start_timestamps": [
      "2026-07-17 16:29:13.980165+00:00",
      "2026-07-17 16:29:31.910758+00:00",
      "2026-07-17 16:29:31.911195+00:00",
      "2026-07-17 16:29:31.911555+00:00",
      "2026-07-17 16:29:31.911732+00:00",
      "2026-07-17 16:29:31.912060+00:00"
    ]
  },
  "doc_assemble": {
    "scope": "document",
    "count": 1,
    "times": [
      0.03045482002198696
    ],
    "start_timestamps": [
      "2026-07-17 16:29:31.912653+00:00"
    ]
  },
  "reading_order": {
    "scope": "document",
    "count": 1,
    "times": [
      0.029923067428171635
    ],
    "start_timestamps": [
      "2026-07-17 16:29:31.912732+00:00"
    ]
  },
  "doc_enrich": {
    "scope": "document",
    "count": 1,
    "times": [
      10.09565756097436
    ],
    "start_timestamps": [
      "2026-07-17 16:29:31.943142+00:00"
    ]
  }
}
Function parse_pdf took 64.5712 seconds to execute.
Running: get_tables
Function get_tables took 0.0001 seconds to execute.
Running: get_surrounding_paragraphs
Function get_surrounding_paragraphs took 0.0001 seconds to execute.
